Command line invocation:
    /Applications/Xcode.app/Contents/Developer/usr/bin/xcodebuild test-without-building -project /Users/jojolim/Developer/products/speaklocal/app-family/.worktrees/city-listings-production-ready/native-ios/SpeakLocalNative.xcodeproj -scheme SpeakLocalNative -destination "platform=iOS Simulator,id=7C386DD3-4BF1-4A34-A918-768C43CD1258" -derivedDataPath /Users/jojolim/Library/Developer/XcodeBuildMCP/workspaces/orchestrator-309442864093/DerivedData/SpeakLocalNative-8f3e721625a0 "-only-testing:SpeakLocalNativeUITests/CityAppDetailV22RenderProofUITests/testCaptureCityAppDetailV22RenderProofBatch"

2026-06-01 03:57:42.157805+0700 SpeakLocalNativeUITests-Runner[86398:7365289] [Default] Running tests...
    t =      nans Interface orientation changed to Portrait
Test Suite 'Selected tests' started at 2026-06-01 03:57:42.577.
Test Suite 'SpeakLocalNativeUITests.xctest' started at 2026-06-01 03:57:42.578.
Test Suite 'CityAppDetailV22RenderProofUITests' started at 2026-06-01 03:57:42.578.
Test Case '-[SpeakLocalNativeUITests.CityAppDetailV22RenderProofUITests testCaptureCityAppDetailV22RenderProofBatch]' started.
    t =     0.00s Start Test at 2026-06-01 03:57:42.578
    t =     0.02s Set Up
    t =     0.02s Open app.speaklocal.vietnam.native
    t =     0.02s     Launch app.speaklocal.vietnam.native
objc[86398]: Class UIAccessibilityLoaderWebShared is implemented in both /Library/Developer/CoreSimulator/Volumes/iOS_23F77/Library/Developer/CoreSimulator/Profiles/Runtimes/iOS 26.5.simruntime/Contents/Resources/RuntimeRoot/System/Library/AccessibilityBundles/WebCore.axbundle/WebCore (0x10b204310) and /Library/Developer/CoreSimulator/Volumes/iOS_23F77/Library/Developer/CoreSimulator/Profiles/Runtimes/iOS 26.5.simruntime/Contents/Resources/RuntimeRoot/System/Library/AccessibilityBundles/WebKit.axbundle/WebKit (0x10a698398). This may cause spurious casting failures and mysterious crashes. One of the duplicates must be removed or renamed.
    t =     1.89s         Setting up automation session
    t =     2.31s         Wait for app.speaklocal.vietnam.native to idle
    t =     3.82s Checking existence of `"Làng Trà Nhiêu" StaticText`
    t =     3.99s Waiting 8.0s for "Làng Trà Nhiêu" StaticText to exist
    t =     5.05s     Checking `Expect predicate `existsNoRetry == 1` for object "Làng Trà Nhiêu" StaticText`
    t =     5.05s         Checking existence of `"Làng Trà Nhiêu" StaticText`
    t =     5.22s Swipe up Target Application 'app.speaklocal.vietnam.native'
    t =     5.22s     Wait for app.speaklocal.vietnam.native to idle
    t =     5.22s     Find the Target Application 'app.speaklocal.vietnam.native'
    t =     5.23s     Check for interrupting elements affecting "SpeakLocal Vietnam" Application
    t =     5.25s     Synthesize event
    t =     5.67s     Wait for app.speaklocal.vietnam.native to idle
    t =     7.78s Swipe up Target Application 'app.speaklocal.vietnam.native'
    t =     7.78s     Wait for app.speaklocal.vietnam.native to idle
    t =     7.78s     Find the Target Application 'app.speaklocal.vietnam.native'
    t =     7.82s     Check for interrupting elements affecting "SpeakLocal Vietnam" Application
    t =     7.84s     Synthesize event
    t =     8.26s     Wait for app.speaklocal.vietnam.native to idle
    t =     8.98s Terminate app.speaklocal.vietnam.native:86484
    t =    10.07s Open app.speaklocal.vietnam.native
    t =    10.07s     Launch app.speaklocal.vietnam.native
    t =    10.29s         Setting up automation session
    t =    10.78s         Wait for app.speaklocal.vietnam.native to idle
    t =    12.27s Waiting 4.0s for TabBar (First Match) to exist
    t =    13.34s     Checking `Expect predicate `existsNoRetry == 1` for object TabBar (First Match)`
    t =    13.34s         Checking existence of `TabBar (First Match)`
    t =    13.41s Checking existence of `"PhraseArticle.BottomSentinel.viet-family-city-hoian-place-tra-nhieu-village" Other`
    t =    13.50s Checking existence of `"PhraseArticle.BottomSentinel.viet-phrase-city-hoian-place-tra-nhieu-village" Other`
    t =    13.52s Find the "PhraseArticle.BottomSentinel.viet-phrase-city-hoian-place-tra-nhieu-village" Other
    t =    13.54s Checking existence of `TabBar (First Match)`
    t =    13.55s Find the TabBar (First Match)
    t =    13.56s Find the Target Application 'app.speaklocal.vietnam.native'
    t =    13.65s Terminate app.speaklocal.vietnam.native:86570
    t =    14.74s Tear Down
Test Case '-[SpeakLocalNativeUITests.CityAppDetailV22RenderProofUITests testCaptureCityAppDetailV22RenderProofBatch]' passed (14.777 seconds).
Test Suite 'CityAppDetailV22RenderProofUITests' passed at 2026-06-01 03:57:57.356.
	 Executed 1 test, with 0 failures (0 unexpected) in 14.777 (14.778) seconds
Test Suite 'SpeakLocalNativeUITests.xctest' passed at 2026-06-01 03:57:57.356.
	 Executed 1 test, with 0 failures (0 unexpected) in 14.777 (14.778) seconds
Test Suite 'Selected tests' passed at 2026-06-01 03:57:57.356.
	 Executed 1 test, with 0 failures (0 unexpected) in 14.777 (14.779) seconds

Test session results, code coverage, and logs:
	/Users/jojolim/Library/Developer/XcodeBuildMCP/workspaces/orchestrator-309442864093/DerivedData/SpeakLocalNative-8f3e721625a0/Logs/Test/Test-SpeakLocalNative-2026.06.01_03-57-41-+0700.xcresult

** TEST EXECUTE SUCCEEDED **

Testing started

2026-06-01 03:57:42.628 xcodebuild[86394:7365055] [MT] IDELaunchParametersSnapshot: The operation couldn’t be completed. (DebuggerLLDB.DebuggerVersionStore.StoreError error 0.)
2026-06-01 03:57:42.628 xcodebuild[86394:7365055] [MT] IDELaunchParametersSnapshot: no debugger version
2026-06-01 03:57:52.652 xcodebuild[86394:7365055] [MT] IDELaunchParametersSnapshot: The operation couldn’t be completed. (DebuggerLLDB.DebuggerVersionStore.StoreError error 0.)
2026-06-01 03:57:52.652 xcodebuild[86394:7365055] [MT] IDELaunchParametersSnapshot: no debugger version
2026-06-01 03:57:57.663 xcodebuild[86394:7365055] [MT] IDETestOperationsObserverDebug: 16.303 elapsed -- Testing started completed.
2026-06-01 03:57:57.663 xcodebuild[86394:7365055] [MT] IDETestOperationsObserverDebug: 0.000 sec, +0.000 sec -- start
2026-06-01 03:57:57.663 xcodebuild[86394:7365055] [MT] IDETestOperationsObserverDebug: 16.303 sec, +16.303 sec -- end
