Command line invocation:
    /Applications/Xcode.app/Contents/Developer/usr/bin/xcodebuild test-without-building -project /Users/jojolim/Developer/products/speaklocal/app-family/.worktrees/city-listings-production-ready/native-ios/SpeakLocalNative.xcodeproj -scheme SpeakLocalNative -destination "platform=iOS Simulator,id=7C386DD3-4BF1-4A34-A918-768C43CD1258" -derivedDataPath /Users/jojolim/Library/Developer/XcodeBuildMCP/workspaces/orchestrator-309442864093/DerivedData/SpeakLocalNative-8f3e721625a0 "-only-testing:SpeakLocalNativeUITests/CityAppDetailV22RenderProofUITests/testCaptureCityAppDetailV22RenderProofBatch"

2026-06-01 06:42:05.505097+0700 SpeakLocalNativeUITests-Runner[11316:8076211] [Default] Running tests...
    t =      nans Interface orientation changed to Portrait
Test Suite 'Selected tests' started at 2026-06-01 06:42:05.878.
Test Suite 'SpeakLocalNativeUITests.xctest' started at 2026-06-01 06:42:05.878.
Test Suite 'CityAppDetailV22RenderProofUITests' started at 2026-06-01 06:42:05.878.
Test Case '-[SpeakLocalNativeUITests.CityAppDetailV22RenderProofUITests testCaptureCityAppDetailV22RenderProofBatch]' started.
    t =     0.00s Start Test at 2026-06-01 06:42:05.879
    t =     0.02s Set Up
    t =     0.02s Open app.speaklocal.vietnam.native
    t =     0.02s     Launch app.speaklocal.vietnam.native
objc[11316]: Class UIAccessibilityLoaderWebShared is implemented in both /Library/Developer/CoreSimulator/Volumes/iOS_23F77/Library/Developer/CoreSimulator/Profiles/Runtimes/iOS 26.5.simruntime/Contents/Resources/RuntimeRoot/System/Library/AccessibilityBundles/WebCore.axbundle/WebCore (0x1068dc310) and /Library/Developer/CoreSimulator/Volumes/iOS_23F77/Library/Developer/CoreSimulator/Profiles/Runtimes/iOS 26.5.simruntime/Contents/Resources/RuntimeRoot/System/Library/AccessibilityBundles/WebKit.axbundle/WebKit (0x10612c398). This may cause spurious casting failures and mysterious crashes. One of the duplicates must be removed or renamed.
    t =     1.88s         Setting up automation session
    t =     2.40s         Wait for app.speaklocal.vietnam.native to idle
    t =     3.90s Checking existence of `"Long Triều" StaticText`
    t =     4.05s Waiting 8.0s for "Long Triều" StaticText to exist
    t =     5.11s     Checking `Expect predicate `existsNoRetry == 1` for object "Long Triều" StaticText`
    t =     5.11s         Checking existence of `"Long Triều" StaticText`
    t =     5.27s Swipe up Target Application 'app.speaklocal.vietnam.native'
    t =     5.27s     Wait for app.speaklocal.vietnam.native to idle
    t =     5.27s     Find the Target Application 'app.speaklocal.vietnam.native'
    t =     5.28s     Check for interrupting elements affecting "SpeakLocal Vietnam" Application
    t =     5.30s     Synthesize event
    t =     5.73s     Wait for app.speaklocal.vietnam.native to idle
    t =     7.83s Swipe up Target Application 'app.speaklocal.vietnam.native'
    t =     7.83s     Wait for app.speaklocal.vietnam.native to idle
    t =     8.01s     Find the Target Application 'app.speaklocal.vietnam.native'
    t =     8.03s     Check for interrupting elements affecting "SpeakLocal Vietnam" Application
    t =     8.05s     Synthesize event
    t =     8.47s     Wait for app.speaklocal.vietnam.native to idle
    t =     9.09s Terminate app.speaklocal.vietnam.native:11373
    t =    10.14s Open app.speaklocal.vietnam.native
    t =    10.14s     Launch app.speaklocal.vietnam.native
    t =    10.35s         Setting up automation session
    t =    10.81s         Wait for app.speaklocal.vietnam.native to idle
    t =    12.26s Waiting 4.0s for TabBar (First Match) to exist
    t =    13.30s     Checking `Expect predicate `existsNoRetry == 1` for object TabBar (First Match)`
    t =    13.31s         Checking existence of `TabBar (First Match)`
    t =    13.36s Checking existence of `"PhraseArticle.BottomSentinel.viet-family-city-hcmc-place-long-trieu" Other`
    t =    13.44s Checking existence of `"PhraseArticle.BottomSentinel.viet-phrase-city-hcmc-place-long-trieu" Other`
    t =    13.46s Find the "PhraseArticle.BottomSentinel.viet-phrase-city-hcmc-place-long-trieu" Other
    t =    13.48s Checking existence of `TabBar (First Match)`
    t =    13.49s Find the TabBar (First Match)
    t =    13.50s Find the Target Application 'app.speaklocal.vietnam.native'
    t =    13.59s Terminate app.speaklocal.vietnam.native:11484
    t =    14.64s Tear Down
Test Case '-[SpeakLocalNativeUITests.CityAppDetailV22RenderProofUITests testCaptureCityAppDetailV22RenderProofBatch]' passed (14.708 seconds).
Test Suite 'CityAppDetailV22RenderProofUITests' passed at 2026-06-01 06:42:20.587.
	 Executed 1 test, with 0 failures (0 unexpected) in 14.708 (14.709) seconds
Test Suite 'SpeakLocalNativeUITests.xctest' passed at 2026-06-01 06:42:20.588.
	 Executed 1 test, with 0 failures (0 unexpected) in 14.708 (14.710) seconds
Test Suite 'Selected tests' passed at 2026-06-01 06:42:20.589.
	 Executed 1 test, with 0 failures (0 unexpected) in 14.708 (14.711) seconds

Test session results, code coverage, and logs:
	/Users/jojolim/Library/Developer/XcodeBuildMCP/workspaces/orchestrator-309442864093/DerivedData/SpeakLocalNative-8f3e721625a0/Logs/Test/Test-SpeakLocalNative-2026.06.01_06-42-04-+0700.xcresult

** TEST EXECUTE SUCCEEDED **

Testing started

2026-06-01 06:42:05.932 xcodebuild[11309:8076019] [MT] IDELaunchParametersSnapshot: The operation couldn’t be completed. (DebuggerLLDB.DebuggerVersionStore.StoreError error 0.)
2026-06-01 06:42:05.932 xcodebuild[11309:8076019] [MT] IDELaunchParametersSnapshot: no debugger version
2026-06-01 06:42:16.025 xcodebuild[11309:8076019] [MT] IDELaunchParametersSnapshot: The operation couldn’t be completed. (DebuggerLLDB.DebuggerVersionStore.StoreError error 0.)
2026-06-01 06:42:16.025 xcodebuild[11309:8076019] [MT] IDELaunchParametersSnapshot: no debugger version
2026-06-01 06:42:20.896 xcodebuild[11309:8076019] [MT] IDETestOperationsObserverDebug: 16.222 elapsed -- Testing started completed.
2026-06-01 06:42:20.896 xcodebuild[11309:8076019] [MT] IDETestOperationsObserverDebug: 0.000 sec, +0.000 sec -- start
2026-06-01 06:42:20.896 xcodebuild[11309:8076019] [MT] IDETestOperationsObserverDebug: 16.222 sec, +16.222 sec -- end
