Command line invocation:
    /Applications/Xcode.app/Contents/Developer/usr/bin/xcodebuild test-without-building -project /Users/jojolim/Developer/products/speaklocal/app-family/.worktrees/city-listings-production-ready/native-ios/SpeakLocalNative.xcodeproj -scheme SpeakLocalNative -destination "platform=iOS Simulator,id=7C386DD3-4BF1-4A34-A918-768C43CD1258" -derivedDataPath /Users/jojolim/Library/Developer/XcodeBuildMCP/workspaces/orchestrator-309442864093/DerivedData/SpeakLocalNative-8f3e721625a0 "-only-testing:SpeakLocalNativeUITests/CityAppDetailV22RenderProofUITests/testCaptureCityAppDetailV22RenderProofBatch"

2026-06-01 08:53:09.668155+0700 SpeakLocalNativeUITests-Runner[53582:8590764] [Default] Running tests...
    t =      nans Interface orientation changed to Portrait
Test Suite 'Selected tests' started at 2026-06-01 08:53:10.036.
Test Suite 'SpeakLocalNativeUITests.xctest' started at 2026-06-01 08:53:10.036.
Test Suite 'CityAppDetailV22RenderProofUITests' started at 2026-06-01 08:53:10.036.
Test Case '-[SpeakLocalNativeUITests.CityAppDetailV22RenderProofUITests testCaptureCityAppDetailV22RenderProofBatch]' started.
    t =     0.00s Start Test at 2026-06-01 08:53:10.036
    t =     0.02s Set Up
    t =     0.02s Open app.speaklocal.vietnam.native
    t =     0.02s     Launch app.speaklocal.vietnam.native
objc[53582]: Class UIAccessibilityLoaderWebShared is implemented in both /Library/Developer/CoreSimulator/Volumes/iOS_23F77/Library/Developer/CoreSimulator/Profiles/Runtimes/iOS 26.5.simruntime/Contents/Resources/RuntimeRoot/System/Library/AccessibilityBundles/WebCore.axbundle/WebCore (0x10918c310) and /Library/Developer/CoreSimulator/Volumes/iOS_23F77/Library/Developer/CoreSimulator/Profiles/Runtimes/iOS 26.5.simruntime/Contents/Resources/RuntimeRoot/System/Library/AccessibilityBundles/WebKit.axbundle/WebKit (0x1089ac398). This may cause spurious casting failures and mysterious crashes. One of the duplicates must be removed or renamed.
    t =     1.89s         Setting up automation session
    t =     2.30s         Wait for app.speaklocal.vietnam.native to idle
    t =     3.77s Checking existence of `"Bún thịt nướng ở Huế" StaticText`
    t =     3.90s Waiting 8.0s for "Bún thịt nướng ở Huế" StaticText to exist
    t =     4.96s     Checking `Expect predicate `existsNoRetry == 1` for object "Bún thịt nướng ở Huế" StaticText`
    t =     4.96s         Checking existence of `"Bún thịt nướng ở Huế" StaticText`
    t =     5.12s Swipe up Target Application 'app.speaklocal.vietnam.native'
    t =     5.12s     Wait for app.speaklocal.vietnam.native to idle
    t =     5.12s     Find the Target Application 'app.speaklocal.vietnam.native'
    t =     5.14s     Check for interrupting elements affecting "SpeakLocal Vietnam" Application
    t =     5.15s     Synthesize event
    t =     5.58s     Wait for app.speaklocal.vietnam.native to idle
    t =     7.69s Swipe up Target Application 'app.speaklocal.vietnam.native'
    t =     7.69s     Wait for app.speaklocal.vietnam.native to idle
    t =     7.70s     Find the Target Application 'app.speaklocal.vietnam.native'
    t =     7.72s     Check for interrupting elements affecting "SpeakLocal Vietnam" Application
    t =     7.74s     Synthesize event
    t =     8.17s     Wait for app.speaklocal.vietnam.native to idle
    t =     8.89s Terminate app.speaklocal.vietnam.native:53586
    t =     9.96s Open app.speaklocal.vietnam.native
    t =     9.96s     Launch app.speaklocal.vietnam.native
    t =    10.17s         Setting up automation session
    t =    10.64s         Wait for app.speaklocal.vietnam.native to idle
    t =    12.10s Waiting 4.0s for TabBar (First Match) to exist
    t =    13.13s     Checking `Expect predicate `existsNoRetry == 1` for object TabBar (First Match)`
    t =    13.13s         Checking existence of `TabBar (First Match)`
    t =    13.17s Checking existence of `"PhraseArticle.BottomSentinel.viet-family-city-hue-place-bun-thit-nuong" Other`
    t =    13.25s Checking existence of `"PhraseArticle.BottomSentinel.viet-phrase-city-hue-place-bun-thit-nuong" Other`
    t =    13.27s Find the "PhraseArticle.BottomSentinel.viet-phrase-city-hue-place-bun-thit-nuong" Other
    t =    13.30s Checking existence of `TabBar (First Match)`
    t =    13.30s Find the TabBar (First Match)
    t =    13.31s Find the Target Application 'app.speaklocal.vietnam.native'
    t =    13.40s Terminate app.speaklocal.vietnam.native:53608
    t =    14.45s Tear Down
Test Case '-[SpeakLocalNativeUITests.CityAppDetailV22RenderProofUITests testCaptureCityAppDetailV22RenderProofBatch]' passed (14.498 seconds).
Test Suite 'CityAppDetailV22RenderProofUITests' passed at 2026-06-01 08:53:24.535.
	 Executed 1 test, with 0 failures (0 unexpected) in 14.498 (14.499) seconds
Test Suite 'SpeakLocalNativeUITests.xctest' passed at 2026-06-01 08:53:24.536.
	 Executed 1 test, with 0 failures (0 unexpected) in 14.498 (14.500) seconds
Test Suite 'Selected tests' passed at 2026-06-01 08:53:24.536.
	 Executed 1 test, with 0 failures (0 unexpected) in 14.498 (14.501) seconds

Test session results, code coverage, and logs:
	/Users/jojolim/Library/Developer/XcodeBuildMCP/workspaces/orchestrator-309442864093/DerivedData/SpeakLocalNative-8f3e721625a0/Logs/Test/Test-SpeakLocalNative-2026.06.01_08-53-08-+0700.xcresult

** TEST EXECUTE SUCCEEDED **

Testing started

2026-06-01 08:53:10.102 xcodebuild[53577:8590601] [MT] IDELaunchParametersSnapshot: The operation couldn’t be completed. (DebuggerLLDB.DebuggerVersionStore.StoreError error 0.)
2026-06-01 08:53:10.102 xcodebuild[53577:8590601] [MT] IDELaunchParametersSnapshot: no debugger version
2026-06-01 08:53:19.997 xcodebuild[53577:8590601] [MT] IDELaunchParametersSnapshot: The operation couldn’t be completed. (DebuggerLLDB.DebuggerVersionStore.StoreError error 0.)
2026-06-01 08:53:19.997 xcodebuild[53577:8590601] [MT] IDELaunchParametersSnapshot: no debugger version
2026-06-01 08:53:24.840 xcodebuild[53577:8590601] [MT] IDETestOperationsObserverDebug: 15.977 elapsed -- Testing started completed.
2026-06-01 08:53:24.840 xcodebuild[53577:8590601] [MT] IDETestOperationsObserverDebug: 0.000 sec, +0.000 sec -- start
2026-06-01 08:53:24.840 xcodebuild[53577:8590601] [MT] IDETestOperationsObserverDebug: 15.977 sec, +15.977 sec -- end
