Command line invocation:
    /Applications/Xcode.app/Contents/Developer/usr/bin/xcodebuild test-without-building -project /Users/jojolim/Developer/products/speaklocal/app-family/.worktrees/city-listings-production-ready/native-ios/SpeakLocalNative.xcodeproj -scheme SpeakLocalNative -destination "platform=iOS Simulator,id=7C386DD3-4BF1-4A34-A918-768C43CD1258" -derivedDataPath /Users/jojolim/Library/Developer/XcodeBuildMCP/workspaces/orchestrator-309442864093/DerivedData/SpeakLocalNative-8f3e721625a0 "-only-testing:SpeakLocalNativeUITests/CityAppDetailV22RenderProofUITests/testCaptureCityAppDetailV22RenderProofBatch"

2026-06-01 08:59:22.972056+0700 SpeakLocalNativeUITests-Runner[56568:8612744] [Default] Running tests...
    t =      nans Interface orientation changed to Portrait
Test Suite 'Selected tests' started at 2026-06-01 08:59:23.344.
Test Suite 'SpeakLocalNativeUITests.xctest' started at 2026-06-01 08:59:23.344.
Test Suite 'CityAppDetailV22RenderProofUITests' started at 2026-06-01 08:59:23.344.
Test Case '-[SpeakLocalNativeUITests.CityAppDetailV22RenderProofUITests testCaptureCityAppDetailV22RenderProofBatch]' started.
    t =     0.00s Start Test at 2026-06-01 08:59:23.345
    t =     0.02s Set Up
    t =     0.02s Open app.speaklocal.vietnam.native
    t =     0.02s     Launch app.speaklocal.vietnam.native
objc[56568]: Class UIAccessibilityLoaderWebShared is implemented in both /Library/Developer/CoreSimulator/Volumes/iOS_23F77/Library/Developer/CoreSimulator/Profiles/Runtimes/iOS 26.5.simruntime/Contents/Resources/RuntimeRoot/System/Library/AccessibilityBundles/WebCore.axbundle/WebCore (0x1077bc310) and /Library/Developer/CoreSimulator/Volumes/iOS_23F77/Library/Developer/CoreSimulator/Profiles/Runtimes/iOS 26.5.simruntime/Contents/Resources/RuntimeRoot/System/Library/AccessibilityBundles/WebKit.axbundle/WebKit (0x107c48398). This may cause spurious casting failures and mysterious crashes. One of the duplicates must be removed or renamed.
    t =     1.89s         Setting up automation session
    t =     2.34s         Wait for app.speaklocal.vietnam.native to idle
    t =     3.82s Checking existence of `"Lăng Minh Mạng" StaticText`
    t =     3.93s Waiting 8.0s for "Lăng Minh Mạng" StaticText to exist
    t =     4.98s     Checking `Expect predicate `existsNoRetry == 1` for object "Lăng Minh Mạng" StaticText`
    t =     4.98s         Checking existence of `"Lăng Minh Mạng" StaticText`
    t =     5.15s Swipe up Target Application 'app.speaklocal.vietnam.native'
    t =     5.15s     Wait for app.speaklocal.vietnam.native to idle
    t =     5.15s     Find the Target Application 'app.speaklocal.vietnam.native'
    t =     5.16s     Check for interrupting elements affecting "SpeakLocal Vietnam" Application
    t =     5.18s     Synthesize event
    t =     5.61s     Wait for app.speaklocal.vietnam.native to idle
    t =     7.75s Swipe up Target Application 'app.speaklocal.vietnam.native'
    t =     7.75s     Wait for app.speaklocal.vietnam.native to idle
    t =     7.75s     Find the Target Application 'app.speaklocal.vietnam.native'
    t =     7.78s     Check for interrupting elements affecting "SpeakLocal Vietnam" Application
    t =     7.80s     Synthesize event
    t =     8.23s     Wait for app.speaklocal.vietnam.native to idle
    t =     9.07s Terminate app.speaklocal.vietnam.native:56580
    t =    10.14s Open app.speaklocal.vietnam.native
    t =    10.14s     Launch app.speaklocal.vietnam.native
    t =    10.35s         Setting up automation session
    t =    10.82s         Wait for app.speaklocal.vietnam.native to idle
    t =    12.34s Waiting 4.0s for TabBar (First Match) to exist
    t =    13.40s     Checking `Expect predicate `existsNoRetry == 1` for object TabBar (First Match)`
    t =    13.40s         Checking existence of `TabBar (First Match)`
    t =    13.46s Checking existence of `"PhraseArticle.BottomSentinel.viet-family-city-hue-place-minh-mang-tomb" Other`
    t =    13.54s Checking existence of `"PhraseArticle.BottomSentinel.viet-phrase-city-hue-place-minh-mang-tomb" Other`
    t =    13.56s Find the "PhraseArticle.BottomSentinel.viet-phrase-city-hue-place-minh-mang-tomb" Other
    t =    13.58s Checking existence of `TabBar (First Match)`
    t =    13.59s Find the TabBar (First Match)
    t =    13.60s Find the Target Application 'app.speaklocal.vietnam.native'
    t =    13.69s Terminate app.speaklocal.vietnam.native:56614
    t =    14.75s Tear Down
Test Case '-[SpeakLocalNativeUITests.CityAppDetailV22RenderProofUITests testCaptureCityAppDetailV22RenderProofBatch]' passed (14.847 seconds).
Test Suite 'CityAppDetailV22RenderProofUITests' passed at 2026-06-01 08:59:38.192.
	 Executed 1 test, with 0 failures (0 unexpected) in 14.847 (14.848) seconds
Test Suite 'SpeakLocalNativeUITests.xctest' passed at 2026-06-01 08:59:38.193.
	 Executed 1 test, with 0 failures (0 unexpected) in 14.847 (14.849) seconds
Test Suite 'Selected tests' passed at 2026-06-01 08:59:38.194.
	 Executed 1 test, with 0 failures (0 unexpected) in 14.847 (14.850) seconds

Test session results, code coverage, and logs:
	/Users/jojolim/Library/Developer/XcodeBuildMCP/workspaces/orchestrator-309442864093/DerivedData/SpeakLocalNative-8f3e721625a0/Logs/Test/Test-SpeakLocalNative-2026.06.01_08-59-22-+0700.xcresult

** TEST EXECUTE SUCCEEDED **

Testing started

2026-06-01 08:59:23.403 xcodebuild[56561:8612543] [MT] IDELaunchParametersSnapshot: The operation couldn’t be completed. (DebuggerLLDB.DebuggerVersionStore.StoreError error 0.)
2026-06-01 08:59:23.403 xcodebuild[56561:8612543] [MT] IDELaunchParametersSnapshot: no debugger version
2026-06-01 08:59:33.483 xcodebuild[56561:8612543] [MT] IDELaunchParametersSnapshot: The operation couldn’t be completed. (DebuggerLLDB.DebuggerVersionStore.StoreError error 0.)
2026-06-01 08:59:33.483 xcodebuild[56561:8612543] [MT] IDELaunchParametersSnapshot: no debugger version
2026-06-01 08:59:38.497 xcodebuild[56561:8612543] [MT] IDETestOperationsObserverDebug: 16.322 elapsed -- Testing started completed.
2026-06-01 08:59:38.497 xcodebuild[56561:8612543] [MT] IDETestOperationsObserverDebug: 0.000 sec, +0.000 sec -- start
2026-06-01 08:59:38.497 xcodebuild[56561:8612543] [MT] IDETestOperationsObserverDebug: 16.322 sec, +16.322 sec -- end
