Command line invocation:
    /Applications/Xcode.app/Contents/Developer/usr/bin/xcodebuild test-without-building -project /Users/jojolim/Developer/products/speaklocal/app-family/.worktrees/city-listings-production-ready/native-ios/SpeakLocalNative.xcodeproj -scheme SpeakLocalNative -destination "platform=iOS Simulator,id=7C386DD3-4BF1-4A34-A918-768C43CD1258" -derivedDataPath /Users/jojolim/Library/Developer/XcodeBuildMCP/workspaces/orchestrator-309442864093/DerivedData/SpeakLocalNative-8f3e721625a0 "-only-testing:SpeakLocalNativeUITests/CityAppDetailV22RenderProofUITests/testCaptureCityAppDetailV22RenderProofBatch"

2026-06-01 08:08:05.643821+0700 SpeakLocalNativeUITests-Runner[9300:8432837] [Default] Running tests...
    t =      nans Interface orientation changed to Portrait
Test Suite 'Selected tests' started at 2026-06-01 08:08:06.011.
Test Suite 'SpeakLocalNativeUITests.xctest' started at 2026-06-01 08:08:06.011.
Test Suite 'CityAppDetailV22RenderProofUITests' started at 2026-06-01 08:08:06.011.
Test Case '-[SpeakLocalNativeUITests.CityAppDetailV22RenderProofUITests testCaptureCityAppDetailV22RenderProofBatch]' started.
    t =     0.00s Start Test at 2026-06-01 08:08:06.011
    t =     0.02s Set Up
    t =     0.02s Open app.speaklocal.vietnam.native
    t =     0.02s     Launch app.speaklocal.vietnam.native
objc[9300]: Class UIAccessibilityLoaderWebShared is implemented in both /Library/Developer/CoreSimulator/Volumes/iOS_23F77/Library/Developer/CoreSimulator/Profiles/Runtimes/iOS 26.5.simruntime/Contents/Resources/RuntimeRoot/System/Library/AccessibilityBundles/WebCore.axbundle/WebCore (0x106cb8310) and /Library/Developer/CoreSimulator/Volumes/iOS_23F77/Library/Developer/CoreSimulator/Profiles/Runtimes/iOS 26.5.simruntime/Contents/Resources/RuntimeRoot/System/Library/AccessibilityBundles/WebKit.axbundle/WebKit (0x106548398). This may cause spurious casting failures and mysterious crashes. One of the duplicates must be removed or renamed.
    t =     1.90s         Setting up automation session
    t =     2.31s         Wait for app.speaklocal.vietnam.native to idle
    t =     3.80s Checking existence of `"Cẩm Châu" StaticText`
    t =     3.94s Waiting 8.0s for "Cẩm Châu" StaticText to exist
    t =     5.01s     Checking `Expect predicate `existsNoRetry == 1` for object "Cẩm Châu" StaticText`
    t =     5.01s         Checking existence of `"Cẩm Châu" StaticText`
    t =     5.19s Swipe up Target Application 'app.speaklocal.vietnam.native'
    t =     5.19s     Wait for app.speaklocal.vietnam.native to idle
    t =     5.19s     Find the Target Application 'app.speaklocal.vietnam.native'
    t =     5.20s     Check for interrupting elements affecting "SpeakLocal Vietnam" Application
    t =     5.22s     Synthesize event
    t =     5.65s     Wait for app.speaklocal.vietnam.native to idle
    t =     7.76s Swipe up Target Application 'app.speaklocal.vietnam.native'
    t =     7.76s     Wait for app.speaklocal.vietnam.native to idle
    t =     7.77s     Find the Target Application 'app.speaklocal.vietnam.native'
    t =     7.79s     Check for interrupting elements affecting "SpeakLocal Vietnam" Application
    t =     7.82s     Synthesize event
    t =     8.24s     Wait for app.speaklocal.vietnam.native to idle
    t =     9.05s Terminate app.speaklocal.vietnam.native:9306
    t =    10.12s Open app.speaklocal.vietnam.native
    t =    10.13s     Launch app.speaklocal.vietnam.native
    t =    10.34s         Setting up automation session
    t =    10.82s         Wait for app.speaklocal.vietnam.native to idle
    t =    12.30s Waiting 4.0s for TabBar (First Match) to exist
    t =    13.34s     Checking `Expect predicate `existsNoRetry == 1` for object TabBar (First Match)`
    t =    13.34s         Checking existence of `TabBar (First Match)`
    t =    13.40s Checking existence of `"PhraseArticle.BottomSentinel.viet-family-city-hoian-place-cam-chau" Other`
    t =    13.48s Checking existence of `"PhraseArticle.BottomSentinel.viet-phrase-city-hoian-place-cam-chau" Other`
    t =    13.50s Find the "PhraseArticle.BottomSentinel.viet-phrase-city-hoian-place-cam-chau" Other
    t =    13.52s Checking existence of `TabBar (First Match)`
    t =    13.53s Find the TabBar (First Match)
    t =    13.54s Find the Target Application 'app.speaklocal.vietnam.native'
    t =    13.63s Terminate app.speaklocal.vietnam.native:9326
    t =    14.64s Tear Down
Test Case '-[SpeakLocalNativeUITests.CityAppDetailV22RenderProofUITests testCaptureCityAppDetailV22RenderProofBatch]' passed (14.694 seconds).
Test Suite 'CityAppDetailV22RenderProofUITests' passed at 2026-06-01 08:08:20.707.
	 Executed 1 test, with 0 failures (0 unexpected) in 14.694 (14.696) seconds
Test Suite 'SpeakLocalNativeUITests.xctest' passed at 2026-06-01 08:08:20.708.
	 Executed 1 test, with 0 failures (0 unexpected) in 14.694 (14.697) seconds
Test Suite 'Selected tests' passed at 2026-06-01 08:08:20.709.
	 Executed 1 test, with 0 failures (0 unexpected) in 14.694 (14.698) seconds

Test session results, code coverage, and logs:
	/Users/jojolim/Library/Developer/XcodeBuildMCP/workspaces/orchestrator-309442864093/DerivedData/SpeakLocalNative-8f3e721625a0/Logs/Test/Test-SpeakLocalNative-2026.06.01_08-08-04-+0700.xcresult

** TEST EXECUTE SUCCEEDED **

Testing started

2026-06-01 08:08:06.077 xcodebuild[9298:8432671] [MT] IDELaunchParametersSnapshot: The operation couldn’t be completed. (DebuggerLLDB.DebuggerVersionStore.StoreError error 0.)
2026-06-01 08:08:06.077 xcodebuild[9298:8432671] [MT] IDELaunchParametersSnapshot: no debugger version
2026-06-01 08:08:16.139 xcodebuild[9298:8432671] [MT] IDELaunchParametersSnapshot: The operation couldn’t be completed. (DebuggerLLDB.DebuggerVersionStore.StoreError error 0.)
2026-06-01 08:08:16.139 xcodebuild[9298:8432671] [MT] IDELaunchParametersSnapshot: no debugger version
2026-06-01 08:08:21.012 xcodebuild[9298:8432671] [MT] IDETestOperationsObserverDebug: 16.196 elapsed -- Testing started completed.
2026-06-01 08:08:21.012 xcodebuild[9298:8432671] [MT] IDETestOperationsObserverDebug: 0.000 sec, +0.000 sec -- start
2026-06-01 08:08:21.012 xcodebuild[9298:8432671] [MT] IDETestOperationsObserverDebug: 16.196 sec, +16.196 sec -- end
