Command line invocation:
    /Applications/Xcode.app/Contents/Developer/usr/bin/xcodebuild test-without-building -project /Users/jojolim/Developer/products/speaklocal/app-family/.worktrees/city-listings-production-ready/native-ios/SpeakLocalNative.xcodeproj -scheme SpeakLocalNative -destination "platform=iOS Simulator,id=7C386DD3-4BF1-4A34-A918-768C43CD1258" -derivedDataPath /Users/jojolim/Library/Developer/XcodeBuildMCP/workspaces/orchestrator-309442864093/DerivedData/SpeakLocalNative-8f3e721625a0 "-only-testing:SpeakLocalNativeUITests/CityAppDetailV22RenderProofUITests/testCaptureCityAppDetailV22RenderProofBatch"

2026-06-01 04:17:59.955215+0700 SpeakLocalNativeUITests-Runner[11431:7452822] [Default] Running tests...
    t =      nans Interface orientation changed to Portrait
Test Suite 'Selected tests' started at 2026-06-01 04:18:00.354.
Test Suite 'SpeakLocalNativeUITests.xctest' started at 2026-06-01 04:18:00.355.
Test Suite 'CityAppDetailV22RenderProofUITests' started at 2026-06-01 04:18:00.355.
Test Case '-[SpeakLocalNativeUITests.CityAppDetailV22RenderProofUITests testCaptureCityAppDetailV22RenderProofBatch]' started.
    t =     0.00s Start Test at 2026-06-01 04:18:00.355
    t =     0.01s Set Up
    t =     0.02s Open app.speaklocal.vietnam.native
    t =     0.02s     Launch app.speaklocal.vietnam.native
objc[11431]: Class UIAccessibilityLoaderWebShared is implemented in both /Library/Developer/CoreSimulator/Volumes/iOS_23F77/Library/Developer/CoreSimulator/Profiles/Runtimes/iOS 26.5.simruntime/Contents/Resources/RuntimeRoot/System/Library/AccessibilityBundles/WebCore.axbundle/WebCore (0x10a950310) and /Library/Developer/CoreSimulator/Volumes/iOS_23F77/Library/Developer/CoreSimulator/Profiles/Runtimes/iOS 26.5.simruntime/Contents/Resources/RuntimeRoot/System/Library/AccessibilityBundles/WebKit.axbundle/WebKit (0x10a1b0398). This may cause spurious casting failures and mysterious crashes. One of the duplicates must be removed or renamed.
    t =     2.10s         Setting up automation session
    t =     2.55s         Wait for app.speaklocal.vietnam.native to idle
    t =     4.07s Checking existence of `"Bánh khoái ở Huế" StaticText`
    t =     4.23s Waiting 8.0s for "Bánh khoái ở Huế" StaticText to exist
    t =     5.30s     Checking `Expect predicate `existsNoRetry == 1` for object "Bánh khoái ở Huế" StaticText`
    t =     5.30s         Checking existence of `"Bánh khoái ở Huế" StaticText`
    t =     5.46s Swipe up Target Application 'app.speaklocal.vietnam.native'
    t =     5.46s     Wait for app.speaklocal.vietnam.native to idle
    t =     5.46s     Find the Target Application 'app.speaklocal.vietnam.native'
    t =     5.48s     Check for interrupting elements affecting "SpeakLocal Vietnam" Application
    t =     5.50s     Synthesize event
    t =     5.92s     Wait for app.speaklocal.vietnam.native to idle
    t =     8.03s Swipe up Target Application 'app.speaklocal.vietnam.native'
    t =     8.03s     Wait for app.speaklocal.vietnam.native to idle
    t =     8.03s     Find the Target Application 'app.speaklocal.vietnam.native'
    t =     8.06s     Check for interrupting elements affecting "SpeakLocal Vietnam" Application
    t =     8.09s     Synthesize event
    t =     8.51s     Wait for app.speaklocal.vietnam.native to idle
    t =     9.81s Terminate app.speaklocal.vietnam.native:11531
    t =    10.90s Open app.speaklocal.vietnam.native
    t =    10.90s     Launch app.speaklocal.vietnam.native
    t =    11.12s         Setting up automation session
    t =    11.63s         Wait for app.speaklocal.vietnam.native to idle
    t =    13.13s Waiting 4.0s for TabBar (First Match) to exist
    t =    14.20s     Checking `Expect predicate `existsNoRetry == 1` for object TabBar (First Match)`
    t =    14.20s         Checking existence of `TabBar (First Match)`
    t =    14.26s Checking existence of `"PhraseArticle.BottomSentinel.viet-family-city-hue-place-banh-khoai" Other`
    t =    14.35s Checking existence of `"PhraseArticle.BottomSentinel.viet-phrase-city-hue-place-banh-khoai" Other`
    t =    14.38s Find the "PhraseArticle.BottomSentinel.viet-phrase-city-hue-place-banh-khoai" Other
    t =    14.40s Checking existence of `TabBar (First Match)`
    t =    14.41s Find the TabBar (First Match)
    t =    14.41s Find the Target Application 'app.speaklocal.vietnam.native'
    t =    14.51s Terminate app.speaklocal.vietnam.native:11619
    t =    15.60s Tear Down
Test Case '-[SpeakLocalNativeUITests.CityAppDetailV22RenderProofUITests testCaptureCityAppDetailV22RenderProofBatch]' passed (15.707 seconds).
Test Suite 'CityAppDetailV22RenderProofUITests' passed at 2026-06-01 04:18:16.063.
	 Executed 1 test, with 0 failures (0 unexpected) in 15.707 (15.709) seconds
Test Suite 'SpeakLocalNativeUITests.xctest' passed at 2026-06-01 04:18:16.065.
	 Executed 1 test, with 0 failures (0 unexpected) in 15.707 (15.710) seconds
Test Suite 'Selected tests' passed at 2026-06-01 04:18:16.066.
	 Executed 1 test, with 0 failures (0 unexpected) in 15.707 (15.712) seconds

Test session results, code coverage, and logs:
	/Users/jojolim/Library/Developer/XcodeBuildMCP/workspaces/orchestrator-309442864093/DerivedData/SpeakLocalNative-8f3e721625a0/Logs/Test/Test-SpeakLocalNative-2026.06.01_04-17-58-+0700.xcresult

** TEST EXECUTE SUCCEEDED **

Testing started

2026-06-01 04:18:00.408 xcodebuild[11426:7452621] [MT] IDELaunchParametersSnapshot: The operation couldn’t be completed. (DebuggerLLDB.DebuggerVersionStore.StoreError error 0.)
2026-06-01 04:18:00.408 xcodebuild[11426:7452621] [MT] IDELaunchParametersSnapshot: no debugger version
2026-06-01 04:18:11.262 xcodebuild[11426:7452621] [MT] IDELaunchParametersSnapshot: The operation couldn’t be completed. (DebuggerLLDB.DebuggerVersionStore.StoreError error 0.)
2026-06-01 04:18:11.262 xcodebuild[11426:7452621] [MT] IDELaunchParametersSnapshot: no debugger version
2026-06-01 04:18:16.376 xcodebuild[11426:7452621] [MT] IDETestOperationsObserverDebug: 17.267 elapsed -- Testing started completed.
2026-06-01 04:18:16.376 xcodebuild[11426:7452621] [MT] IDETestOperationsObserverDebug: 0.000 sec, +0.000 sec -- start
2026-06-01 04:18:16.376 xcodebuild[11426:7452621] [MT] IDETestOperationsObserverDebug: 17.267 sec, +17.267 sec -- end
