Command line invocation:
    /Applications/Xcode.app/Contents/Developer/usr/bin/xcodebuild test-without-building -project /Users/jojolim/Developer/products/speaklocal/app-family/.worktrees/city-listings-production-ready/native-ios/SpeakLocalNative.xcodeproj -scheme SpeakLocalNative -destination "platform=iOS Simulator,id=7C386DD3-4BF1-4A34-A918-768C43CD1258" -derivedDataPath /Users/jojolim/Library/Developer/XcodeBuildMCP/workspaces/orchestrator-309442864093/DerivedData/SpeakLocalNative-8f3e721625a0 "-only-testing:SpeakLocalNativeUITests/CityAppDetailV22RenderProofUITests/testCaptureCityAppDetailV22RenderProofBatch"

2026-06-01 05:41:18.965475+0700 SpeakLocalNativeUITests-Runner[23273:7803128] [Default] Running tests...
    t =      nans Interface orientation changed to Portrait
Test Suite 'Selected tests' started at 2026-06-01 05:41:19.335.
Test Suite 'SpeakLocalNativeUITests.xctest' started at 2026-06-01 05:41:19.336.
Test Suite 'CityAppDetailV22RenderProofUITests' started at 2026-06-01 05:41:19.336.
Test Case '-[SpeakLocalNativeUITests.CityAppDetailV22RenderProofUITests testCaptureCityAppDetailV22RenderProofBatch]' started.
    t =     0.00s Start Test at 2026-06-01 05:41:19.336
    t =     0.02s Set Up
    t =     0.02s Open app.speaklocal.vietnam.native
    t =     0.02s     Launch app.speaklocal.vietnam.native
objc[23273]: Class UIAccessibilityLoaderWebShared is implemented in both /Library/Developer/CoreSimulator/Volumes/iOS_23F77/Library/Developer/CoreSimulator/Profiles/Runtimes/iOS 26.5.simruntime/Contents/Resources/RuntimeRoot/System/Library/AccessibilityBundles/WebCore.axbundle/WebCore (0x10658c310) and /Library/Developer/CoreSimulator/Volumes/iOS_23F77/Library/Developer/CoreSimulator/Profiles/Runtimes/iOS 26.5.simruntime/Contents/Resources/RuntimeRoot/System/Library/AccessibilityBundles/WebKit.axbundle/WebKit (0x105e30398). This may cause spurious casting failures and mysterious crashes. One of the duplicates must be removed or renamed.
    t =     1.90s         Setting up automation session
    t =     2.32s         Wait for app.speaklocal.vietnam.native to idle
    t =     3.78s Checking existence of `"Sông Hàn" StaticText`
    t =     3.91s Waiting 8.0s for "Sông Hàn" StaticText to exist
    t =     4.98s     Checking `Expect predicate `existsNoRetry == 1` for object "Sông Hàn" StaticText`
    t =     4.98s         Checking existence of `"Sông Hàn" StaticText`
    t =     5.15s Swipe up Target Application 'app.speaklocal.vietnam.native'
    t =     5.15s     Wait for app.speaklocal.vietnam.native to idle
    t =     5.16s     Find the Target Application 'app.speaklocal.vietnam.native'
    t =     5.17s     Check for interrupting elements affecting "SpeakLocal Vietnam" Application
    t =     5.19s     Synthesize event
    t =     5.61s     Wait for app.speaklocal.vietnam.native to idle
    t =     7.72s Swipe up Target Application 'app.speaklocal.vietnam.native'
    t =     7.72s     Wait for app.speaklocal.vietnam.native to idle
    t =     7.73s     Find the Target Application 'app.speaklocal.vietnam.native'
    t =     7.76s     Check for interrupting elements affecting "SpeakLocal Vietnam" Application
    t =     7.78s     Synthesize event
    t =     8.20s     Wait for app.speaklocal.vietnam.native to idle
    t =     9.13s Terminate app.speaklocal.vietnam.native:23357
    t =    10.22s Open app.speaklocal.vietnam.native
    t =    10.22s     Launch app.speaklocal.vietnam.native
    t =    10.44s         Setting up automation session
    t =    10.94s         Wait for app.speaklocal.vietnam.native to idle
    t =    12.51s Waiting 4.0s for TabBar (First Match) to exist
    t =    13.58s     Checking `Expect predicate `existsNoRetry == 1` for object TabBar (First Match)`
    t =    13.58s         Checking existence of `TabBar (First Match)`
    t =    13.62s Checking existence of `"PhraseArticle.BottomSentinel.viet-family-city-danang-place-han-river" Other`
    t =    13.71s Checking existence of `"PhraseArticle.BottomSentinel.viet-phrase-city-danang-place-han-river" Other`
    t =    13.73s Find the "PhraseArticle.BottomSentinel.viet-phrase-city-danang-place-han-river" Other
    t =    13.76s Checking existence of `TabBar (First Match)`
    t =    13.77s Find the TabBar (First Match)
    t =    13.78s Find the Target Application 'app.speaklocal.vietnam.native'
    t =    13.90s Terminate app.speaklocal.vietnam.native:23447
    t =    14.99s Tear Down
Test Case '-[SpeakLocalNativeUITests.CityAppDetailV22RenderProofUITests testCaptureCityAppDetailV22RenderProofBatch]' passed (15.034 seconds).
Test Suite 'CityAppDetailV22RenderProofUITests' passed at 2026-06-01 05:41:34.371.
	 Executed 1 test, with 0 failures (0 unexpected) in 15.034 (15.035) seconds
Test Suite 'SpeakLocalNativeUITests.xctest' passed at 2026-06-01 05:41:34.372.
	 Executed 1 test, with 0 failures (0 unexpected) in 15.034 (15.036) seconds
Test Suite 'Selected tests' passed at 2026-06-01 05:41:34.372.
	 Executed 1 test, with 0 failures (0 unexpected) in 15.034 (15.037) seconds

Test session results, code coverage, and logs:
	/Users/jojolim/Library/Developer/XcodeBuildMCP/workspaces/orchestrator-309442864093/DerivedData/SpeakLocalNative-8f3e721625a0/Logs/Test/Test-SpeakLocalNative-2026.06.01_05-41-18-+0700.xcresult

** TEST EXECUTE SUCCEEDED **

Testing started

2026-06-01 05:41:19.394 xcodebuild[23266:7802938] [MT] IDELaunchParametersSnapshot: The operation couldn’t be completed. (DebuggerLLDB.DebuggerVersionStore.StoreError error 0.)
2026-06-01 05:41:19.394 xcodebuild[23266:7802938] [MT] IDELaunchParametersSnapshot: no debugger version
2026-06-01 05:41:29.561 xcodebuild[23266:7802938] [MT] IDELaunchParametersSnapshot: The operation couldn’t be completed. (DebuggerLLDB.DebuggerVersionStore.StoreError error 0.)
2026-06-01 05:41:29.561 xcodebuild[23266:7802938] [MT] IDELaunchParametersSnapshot: no debugger version
2026-06-01 05:41:34.675 xcodebuild[23266:7802938] [MT] IDETestOperationsObserverDebug: 16.505 elapsed -- Testing started completed.
2026-06-01 05:41:34.675 xcodebuild[23266:7802938] [MT] IDETestOperationsObserverDebug: 0.000 sec, +0.000 sec -- start
2026-06-01 05:41:34.675 xcodebuild[23266:7802938] [MT] IDETestOperationsObserverDebug: 16.505 sec, +16.505 sec -- end
