Command line invocation:
    /Applications/Xcode.app/Contents/Developer/usr/bin/xcodebuild test-without-building -project /Users/jojolim/Developer/products/speaklocal/app-family/.worktrees/city-listings-production-ready/native-ios/SpeakLocalNative.xcodeproj -scheme SpeakLocalNative -destination "platform=iOS Simulator,id=7C386DD3-4BF1-4A34-A918-768C43CD1258" -derivedDataPath /Users/jojolim/Library/Developer/XcodeBuildMCP/workspaces/orchestrator-309442864093/DerivedData/SpeakLocalNative-8f3e721625a0 "-only-testing:SpeakLocalNativeUITests/CityAppDetailV22RenderProofUITests/testCaptureCityAppDetailV22RenderProofBatch"

2026-06-01 03:53:57.064677+0700 SpeakLocalNativeUITests-Runner[82422:7346789] [Default] Running tests...
    t =      nans Interface orientation changed to Portrait
Test Suite 'Selected tests' started at 2026-06-01 03:53:57.437.
Test Suite 'SpeakLocalNativeUITests.xctest' started at 2026-06-01 03:53:57.437.
Test Suite 'CityAppDetailV22RenderProofUITests' started at 2026-06-01 03:53:57.437.
Test Case '-[SpeakLocalNativeUITests.CityAppDetailV22RenderProofUITests testCaptureCityAppDetailV22RenderProofBatch]' started.
    t =     0.00s Start Test at 2026-06-01 03:53:57.438
    t =     0.02s Set Up
    t =     0.02s Open app.speaklocal.vietnam.native
    t =     0.02s     Launch app.speaklocal.vietnam.native
objc[82422]: Class UIAccessibilityLoaderWebShared is implemented in both /Library/Developer/CoreSimulator/Volumes/iOS_23F77/Library/Developer/CoreSimulator/Profiles/Runtimes/iOS 26.5.simruntime/Contents/Resources/RuntimeRoot/System/Library/AccessibilityBundles/WebCore.axbundle/WebCore (0x1084a0310) and /Library/Developer/CoreSimulator/Volumes/iOS_23F77/Library/Developer/CoreSimulator/Profiles/Runtimes/iOS 26.5.simruntime/Contents/Resources/RuntimeRoot/System/Library/AccessibilityBundles/WebKit.axbundle/WebKit (0x107d30398). This may cause spurious casting failures and mysterious crashes. One of the duplicates must be removed or renamed.
    t =     2.10s         Setting up automation session
    t =     2.51s         Wait for app.speaklocal.vietnam.native to idle
    t =     4.03s Checking existence of `"Bến tàu thủy Bạch Đằng" StaticText`
    t =     4.21s Waiting 8.0s for "Bến tàu thủy Bạch Đằng" StaticText to exist
    t =     5.24s     Checking `Expect predicate `existsNoRetry == 1` for object "Bến tàu thủy Bạch Đằng" StaticText`
    t =     5.24s         Checking existence of `"Bến tàu thủy Bạch Đằng" StaticText`
    t =     5.39s Swipe up Target Application 'app.speaklocal.vietnam.native'
    t =     5.39s     Wait for app.speaklocal.vietnam.native to idle
    t =     5.40s     Find the Target Application 'app.speaklocal.vietnam.native'
    t =     5.41s     Check for interrupting elements affecting "SpeakLocal Vietnam" Application
    t =     5.43s     Synthesize event
    t =     5.85s     Wait for app.speaklocal.vietnam.native to idle
    t =     7.96s Swipe up Target Application 'app.speaklocal.vietnam.native'
    t =     7.96s     Wait for app.speaklocal.vietnam.native to idle
    t =     7.96s     Find the Target Application 'app.speaklocal.vietnam.native'
    t =     7.99s     Check for interrupting elements affecting "SpeakLocal Vietnam" Application
    t =     8.01s     Synthesize event
    t =     8.43s     Wait for app.speaklocal.vietnam.native to idle
    t =     9.26s Terminate app.speaklocal.vietnam.native:82507
    t =    10.31s Open app.speaklocal.vietnam.native
    t =    10.31s     Launch app.speaklocal.vietnam.native
    t =    10.52s         Setting up automation session
    t =    11.07s         Wait for app.speaklocal.vietnam.native to idle
    t =    12.56s Waiting 4.0s for TabBar (First Match) to exist
    t =    13.59s     Checking `Expect predicate `existsNoRetry == 1` for object TabBar (First Match)`
    t =    13.59s         Checking existence of `TabBar (First Match)`
    t =    13.65s Checking existence of `"PhraseArticle.BottomSentinel.viet-family-city-hcmc-place-bach-dang-waterbus-station" Other`
    t =    13.74s Checking existence of `"PhraseArticle.BottomSentinel.viet-phrase-city-hcmc-place-bach-dang-waterbus-station" Other`
    t =    13.77s Find the "PhraseArticle.BottomSentinel.viet-phrase-city-hcmc-place-bach-dang-waterbus-station" Other
    t =    13.79s Checking existence of `TabBar (First Match)`
    t =    13.79s Find the TabBar (First Match)
    t =    13.80s Find the Target Application 'app.speaklocal.vietnam.native'
    t =    13.90s Terminate app.speaklocal.vietnam.native:82611
    t =    14.94s Tear Down
Test Case '-[SpeakLocalNativeUITests.CityAppDetailV22RenderProofUITests testCaptureCityAppDetailV22RenderProofBatch]' passed (15.001 seconds).
Test Suite 'CityAppDetailV22RenderProofUITests' passed at 2026-06-01 03:54:12.439.
	 Executed 1 test, with 0 failures (0 unexpected) in 15.001 (15.002) seconds
Test Suite 'SpeakLocalNativeUITests.xctest' passed at 2026-06-01 03:54:12.440.
	 Executed 1 test, with 0 failures (0 unexpected) in 15.001 (15.003) seconds
Test Suite 'Selected tests' passed at 2026-06-01 03:54:12.441.
	 Executed 1 test, with 0 failures (0 unexpected) in 15.001 (15.004) seconds

Test session results, code coverage, and logs:
	/Users/jojolim/Library/Developer/XcodeBuildMCP/workspaces/orchestrator-309442864093/DerivedData/SpeakLocalNative-8f3e721625a0/Logs/Test/Test-SpeakLocalNative-2026.06.01_03-53-56-+0700.xcresult

** TEST EXECUTE SUCCEEDED **

Testing started

2026-06-01 03:53:57.503 xcodebuild[82420:7346633] [MT] IDELaunchParametersSnapshot: The operation couldn’t be completed. (DebuggerLLDB.DebuggerVersionStore.StoreError error 0.)
2026-06-01 03:53:57.503 xcodebuild[82420:7346633] [MT] IDELaunchParametersSnapshot: no debugger version
2026-06-01 03:54:07.750 xcodebuild[82420:7346633] [MT] IDELaunchParametersSnapshot: The operation couldn’t be completed. (DebuggerLLDB.DebuggerVersionStore.StoreError error 0.)
2026-06-01 03:54:07.750 xcodebuild[82420:7346633] [MT] IDELaunchParametersSnapshot: no debugger version
2026-06-01 03:54:12.740 xcodebuild[82420:7346633] [MT] IDETestOperationsObserverDebug: 16.487 elapsed -- Testing started completed.
2026-06-01 03:54:12.740 xcodebuild[82420:7346633] [MT] IDETestOperationsObserverDebug: 0.000 sec, +0.000 sec -- start
2026-06-01 03:54:12.740 xcodebuild[82420:7346633] [MT] IDETestOperationsObserverDebug: 16.487 sec, +16.487 sec -- end
