Command line invocation:
    /Applications/Xcode.app/Contents/Developer/usr/bin/xcodebuild test-without-building -project /Users/jojolim/Developer/products/speaklocal/app-family/.worktrees/city-listings-production-ready/native-ios/SpeakLocalNative.xcodeproj -scheme SpeakLocalNative -destination "platform=iOS Simulator,id=7C386DD3-4BF1-4A34-A918-768C43CD1258" -derivedDataPath /Users/jojolim/Library/Developer/XcodeBuildMCP/workspaces/orchestrator-309442864093/DerivedData/SpeakLocalNative-8f3e721625a0 "-only-testing:SpeakLocalNativeUITests/CityAppDetailV22RenderProofUITests/testCaptureCityAppDetailV22RenderProofBatch"

2026-06-01 07:10:13.586396+0700 SpeakLocalNativeUITests-Runner[44125:8200315] [Default] Running tests...
    t =      nans Interface orientation changed to Portrait
Test Suite 'Selected tests' started at 2026-06-01 07:10:13.957.
Test Suite 'SpeakLocalNativeUITests.xctest' started at 2026-06-01 07:10:13.957.
Test Suite 'CityAppDetailV22RenderProofUITests' started at 2026-06-01 07:10:13.957.
Test Case '-[SpeakLocalNativeUITests.CityAppDetailV22RenderProofUITests testCaptureCityAppDetailV22RenderProofBatch]' started.
    t =     0.00s Start Test at 2026-06-01 07:10:13.958
    t =     0.02s Set Up
    t =     0.02s Open app.speaklocal.vietnam.native
    t =     0.02s     Launch app.speaklocal.vietnam.native
objc[44125]: Class UIAccessibilityLoaderWebShared is implemented in both /Library/Developer/CoreSimulator/Volumes/iOS_23F77/Library/Developer/CoreSimulator/Profiles/Runtimes/iOS 26.5.simruntime/Contents/Resources/RuntimeRoot/System/Library/AccessibilityBundles/WebCore.axbundle/WebCore (0x106d20310) and /Library/Developer/CoreSimulator/Volumes/iOS_23F77/Library/Developer/CoreSimulator/Profiles/Runtimes/iOS 26.5.simruntime/Contents/Resources/RuntimeRoot/System/Library/AccessibilityBundles/WebKit.axbundle/WebKit (0x1065b0398). This may cause spurious casting failures and mysterious crashes. One of the duplicates must be removed or renamed.
    t =     1.91s         Setting up automation session
    t =     2.40s         Wait for app.speaklocal.vietnam.native to idle
    t =     3.86s Checking existence of `"Tầm Vị" StaticText`
    t =     4.01s Waiting 8.0s for "Tầm Vị" StaticText to exist
    t =     5.04s     Checking `Expect predicate `existsNoRetry == 1` for object "Tầm Vị" StaticText`
    t =     5.04s         Checking existence of `"Tầm Vị" StaticText`
    t =     5.21s Swipe up Target Application 'app.speaklocal.vietnam.native'
    t =     5.21s     Wait for app.speaklocal.vietnam.native to idle
    t =     5.21s     Find the Target Application 'app.speaklocal.vietnam.native'
    t =     5.23s     Check for interrupting elements affecting "SpeakLocal Vietnam" Application
    t =     5.25s     Synthesize event
    t =     5.67s     Wait for app.speaklocal.vietnam.native to idle
    t =     7.78s Swipe up Target Application 'app.speaklocal.vietnam.native'
    t =     7.78s     Wait for app.speaklocal.vietnam.native to idle
    t =     7.78s     Find the Target Application 'app.speaklocal.vietnam.native'
    t =     7.81s     Check for interrupting elements affecting "SpeakLocal Vietnam" Application
    t =     7.84s     Synthesize event
    t =     8.26s     Wait for app.speaklocal.vietnam.native to idle
    t =     9.53s Terminate app.speaklocal.vietnam.native:44193
    t =    10.57s Open app.speaklocal.vietnam.native
    t =    10.57s     Launch app.speaklocal.vietnam.native
    t =    10.79s         Setting up automation session
    t =    11.26s         Wait for app.speaklocal.vietnam.native to idle
    t =    12.81s Waiting 4.0s for TabBar (First Match) to exist
    t =    13.85s     Checking `Expect predicate `existsNoRetry == 1` for object TabBar (First Match)`
    t =    13.85s         Checking existence of `TabBar (First Match)`
    t =    13.91s Checking existence of `"PhraseArticle.BottomSentinel.viet-family-city-hanoi-place-tam-vi" Other`
    t =    13.99s Checking existence of `"PhraseArticle.BottomSentinel.viet-phrase-city-hanoi-place-tam-vi" Other`
    t =    14.02s Find the "PhraseArticle.BottomSentinel.viet-phrase-city-hanoi-place-tam-vi" Other
    t =    14.04s Checking existence of `TabBar (First Match)`
    t =    14.05s Find the TabBar (First Match)
    t =    14.06s Find the Target Application 'app.speaklocal.vietnam.native'
    t =    14.16s Terminate app.speaklocal.vietnam.native:44300
    t =    15.24s Tear Down
Test Case '-[SpeakLocalNativeUITests.CityAppDetailV22RenderProofUITests testCaptureCityAppDetailV22RenderProofBatch]' passed (15.329 seconds).
Test Suite 'CityAppDetailV22RenderProofUITests' passed at 2026-06-01 07:10:29.287.
	 Executed 1 test, with 0 failures (0 unexpected) in 15.329 (15.330) seconds
Test Suite 'SpeakLocalNativeUITests.xctest' passed at 2026-06-01 07:10:29.288.
	 Executed 1 test, with 0 failures (0 unexpected) in 15.329 (15.330) seconds
Test Suite 'Selected tests' passed at 2026-06-01 07:10:29.288.
	 Executed 1 test, with 0 failures (0 unexpected) in 15.329 (15.331) seconds

Test session results, code coverage, and logs:
	/Users/jojolim/Library/Developer/XcodeBuildMCP/workspaces/orchestrator-309442864093/DerivedData/SpeakLocalNative-8f3e721625a0/Logs/Test/Test-SpeakLocalNative-2026.06.01_07-10-12-+0700.xcresult

** TEST EXECUTE SUCCEEDED **

Testing started

2026-06-01 07:10:14.019 xcodebuild[44122:8200160] [MT] IDELaunchParametersSnapshot: The operation couldn’t be completed. (DebuggerLLDB.DebuggerVersionStore.StoreError error 0.)
2026-06-01 07:10:14.019 xcodebuild[44122:8200160] [MT] IDELaunchParametersSnapshot: no debugger version
2026-06-01 07:10:24.535 xcodebuild[44122:8200160] [MT] IDELaunchParametersSnapshot: The operation couldn’t be completed. (DebuggerLLDB.DebuggerVersionStore.StoreError error 0.)
2026-06-01 07:10:24.535 xcodebuild[44122:8200160] [MT] IDELaunchParametersSnapshot: no debugger version
2026-06-01 07:10:29.572 xcodebuild[44122:8200160] [MT] IDETestOperationsObserverDebug: 16.796 elapsed -- Testing started completed.
2026-06-01 07:10:29.572 xcodebuild[44122:8200160] [MT] IDETestOperationsObserverDebug: 0.000 sec, +0.000 sec -- start
2026-06-01 07:10:29.572 xcodebuild[44122:8200160] [MT] IDETestOperationsObserverDebug: 16.796 sec, +16.796 sec -- end
