Command line invocation:
    /Applications/Xcode.app/Contents/Developer/usr/bin/xcodebuild test-without-building -project /Users/jojolim/Developer/products/speaklocal/app-family/.worktrees/city-listings-production-ready/native-ios/SpeakLocalNative.xcodeproj -scheme SpeakLocalNative -destination "platform=iOS Simulator,id=7C386DD3-4BF1-4A34-A918-768C43CD1258" -derivedDataPath /Users/jojolim/Library/Developer/XcodeBuildMCP/workspaces/orchestrator-309442864093/DerivedData/SpeakLocalNative-8f3e721625a0 "-only-testing:SpeakLocalNativeUITests/CityAppDetailV22RenderProofUITests/testCaptureCityAppDetailV22RenderProofBatch"

2026-06-01 09:15:30.679622+0700 SpeakLocalNativeUITests-Runner[66741:8663593] [Default] Running tests...
    t =      nans Interface orientation changed to Portrait
Test Suite 'Selected tests' started at 2026-06-01 09:15:31.050.
Test Suite 'SpeakLocalNativeUITests.xctest' started at 2026-06-01 09:15:31.050.
Test Suite 'CityAppDetailV22RenderProofUITests' started at 2026-06-01 09:15:31.050.
Test Case '-[SpeakLocalNativeUITests.CityAppDetailV22RenderProofUITests testCaptureCityAppDetailV22RenderProofBatch]' started.
    t =     0.00s Start Test at 2026-06-01 09:15:31.051
    t =     0.02s Set Up
    t =     0.02s Open app.speaklocal.vietnam.native
    t =     0.02s     Launch app.speaklocal.vietnam.native
objc[66741]: Class UIAccessibilityLoaderWebShared is implemented in both /Library/Developer/CoreSimulator/Volumes/iOS_23F77/Library/Developer/CoreSimulator/Profiles/Runtimes/iOS 26.5.simruntime/Contents/Resources/RuntimeRoot/System/Library/AccessibilityBundles/WebCore.axbundle/WebCore (0x109050310) and /Library/Developer/CoreSimulator/Volumes/iOS_23F77/Library/Developer/CoreSimulator/Profiles/Runtimes/iOS 26.5.simruntime/Contents/Resources/RuntimeRoot/System/Library/AccessibilityBundles/WebKit.axbundle/WebKit (0x1088d0398). This may cause spurious casting failures and mysterious crashes. One of the duplicates must be removed or renamed.
    t =     1.89s         Setting up automation session
    t =     2.37s         Wait for app.speaklocal.vietnam.native to idle
    t =     3.84s Checking existence of `"Tịnh Gia Viên" StaticText`
    t =     3.99s Waiting 8.0s for "Tịnh Gia Viên" StaticText to exist
    t =     5.04s     Checking `Expect predicate `existsNoRetry == 1` for object "Tịnh Gia Viên" StaticText`
    t =     5.04s         Checking existence of `"Tịnh Gia Viên" StaticText`
    t =     5.19s Swipe up Target Application 'app.speaklocal.vietnam.native'
    t =     5.19s     Wait for app.speaklocal.vietnam.native to idle
    t =     5.19s     Find the Target Application 'app.speaklocal.vietnam.native'
    t =     5.20s     Check for interrupting elements affecting "SpeakLocal Vietnam" Application
    t =     5.22s     Synthesize event
    t =     5.64s     Wait for app.speaklocal.vietnam.native to idle
    t =     7.81s Swipe up Target Application 'app.speaklocal.vietnam.native'
    t =     7.81s     Wait for app.speaklocal.vietnam.native to idle
    t =     7.81s     Find the Target Application 'app.speaklocal.vietnam.native'
    t =     7.83s     Check for interrupting elements affecting "SpeakLocal Vietnam" Application
    t =     7.85s     Synthesize event
    t =     8.27s     Wait for app.speaklocal.vietnam.native to idle
    t =     8.92s Terminate app.speaklocal.vietnam.native:66752
    t =     9.99s Open app.speaklocal.vietnam.native
    t =     9.99s     Launch app.speaklocal.vietnam.native
    t =    10.21s         Setting up automation session
    t =    10.69s         Wait for app.speaklocal.vietnam.native to idle
    t =    12.16s Waiting 4.0s for TabBar (First Match) to exist
    t =    13.20s     Checking `Expect predicate `existsNoRetry == 1` for object TabBar (First Match)`
    t =    13.21s         Checking existence of `TabBar (First Match)`
    t =    13.26s Checking existence of `"PhraseArticle.BottomSentinel.viet-family-city-hue-place-tinh-gia-vien" Other`
    t =    13.34s Checking existence of `"PhraseArticle.BottomSentinel.viet-phrase-city-hue-place-tinh-gia-vien" Other`
    t =    13.36s Find the "PhraseArticle.BottomSentinel.viet-phrase-city-hue-place-tinh-gia-vien" Other
    t =    13.38s Checking existence of `TabBar (First Match)`
    t =    13.39s Find the TabBar (First Match)
    t =    13.40s Find the Target Application 'app.speaklocal.vietnam.native'
    t =    13.49s Terminate app.speaklocal.vietnam.native:66766
    t =    14.52s Tear Down
Test Case '-[SpeakLocalNativeUITests.CityAppDetailV22RenderProofUITests testCaptureCityAppDetailV22RenderProofBatch]' passed (14.580 seconds).
Test Suite 'CityAppDetailV22RenderProofUITests' passed at 2026-06-01 09:15:45.631.
	 Executed 1 test, with 0 failures (0 unexpected) in 14.580 (14.581) seconds
Test Suite 'SpeakLocalNativeUITests.xctest' passed at 2026-06-01 09:15:45.632.
	 Executed 1 test, with 0 failures (0 unexpected) in 14.580 (14.582) seconds
Test Suite 'Selected tests' passed at 2026-06-01 09:15:45.633.
	 Executed 1 test, with 0 failures (0 unexpected) in 14.580 (14.583) seconds

Test session results, code coverage, and logs:
	/Users/jojolim/Library/Developer/XcodeBuildMCP/workspaces/orchestrator-309442864093/DerivedData/SpeakLocalNative-8f3e721625a0/Logs/Test/Test-SpeakLocalNative-2026.06.01_09-15-29-+0700.xcresult

** TEST EXECUTE SUCCEEDED **

Testing started

2026-06-01 09:15:31.115 xcodebuild[66736:8663421] [MT] IDELaunchParametersSnapshot: The operation couldn’t be completed. (DebuggerLLDB.DebuggerVersionStore.StoreError error 0.)
2026-06-01 09:15:31.115 xcodebuild[66736:8663421] [MT] IDELaunchParametersSnapshot: no debugger version
2026-06-01 09:15:41.045 xcodebuild[66736:8663421] [MT] IDELaunchParametersSnapshot: The operation couldn’t be completed. (DebuggerLLDB.DebuggerVersionStore.StoreError error 0.)
2026-06-01 09:15:41.045 xcodebuild[66736:8663421] [MT] IDELaunchParametersSnapshot: no debugger version
2026-06-01 09:15:45.933 xcodebuild[66736:8663421] [MT] IDETestOperationsObserverDebug: 16.090 elapsed -- Testing started completed.
2026-06-01 09:15:45.933 xcodebuild[66736:8663421] [MT] IDETestOperationsObserverDebug: 0.000 sec, +0.000 sec -- start
2026-06-01 09:15:45.933 xcodebuild[66736:8663421] [MT] IDETestOperationsObserverDebug: 16.090 sec, +16.090 sec -- end
