Command line invocation:
    /Applications/Xcode.app/Contents/Developer/usr/bin/xcodebuild test-without-building -project /Users/jojolim/Developer/products/speaklocal/app-family/.worktrees/city-listings-production-ready/native-ios/SpeakLocalNative.xcodeproj -scheme SpeakLocalNative -destination "platform=iOS Simulator,id=7C386DD3-4BF1-4A34-A918-768C43CD1258" -derivedDataPath /Users/jojolim/Library/Developer/XcodeBuildMCP/workspaces/orchestrator-309442864093/DerivedData/SpeakLocalNative-8f3e721625a0 "-only-testing:SpeakLocalNativeUITests/CityAppDetailV22RenderProofUITests/testCaptureCityAppDetailV22RenderProofBatch"

2026-06-01 03:57:24.757384+0700 SpeakLocalNativeUITests-Runner[86108:7363961] [Default] Running tests...
    t =      nans Interface orientation changed to Portrait
Test Suite 'Selected tests' started at 2026-06-01 03:57:25.129.
Test Suite 'SpeakLocalNativeUITests.xctest' started at 2026-06-01 03:57:25.129.
Test Suite 'CityAppDetailV22RenderProofUITests' started at 2026-06-01 03:57:25.129.
Test Case '-[SpeakLocalNativeUITests.CityAppDetailV22RenderProofUITests testCaptureCityAppDetailV22RenderProofBatch]' started.
    t =     0.00s Start Test at 2026-06-01 03:57:25.130
    t =     0.02s Set Up
    t =     0.02s Open app.speaklocal.vietnam.native
    t =     0.02s     Launch app.speaklocal.vietnam.native
objc[86108]: Class UIAccessibilityLoaderWebShared is implemented in both /Library/Developer/CoreSimulator/Volumes/iOS_23F77/Library/Developer/CoreSimulator/Profiles/Runtimes/iOS 26.5.simruntime/Contents/Resources/RuntimeRoot/System/Library/AccessibilityBundles/WebCore.axbundle/WebCore (0x1092a4310) and /Library/Developer/CoreSimulator/Volumes/iOS_23F77/Library/Developer/CoreSimulator/Profiles/Runtimes/iOS 26.5.simruntime/Contents/Resources/RuntimeRoot/System/Library/AccessibilityBundles/WebKit.axbundle/WebKit (0x108ab0398). This may cause spurious casting failures and mysterious crashes. One of the duplicates must be removed or renamed.
    t =     1.91s         Setting up automation session
    t =     2.41s         Wait for app.speaklocal.vietnam.native to idle
    t =     3.95s Checking existence of `"Làng gốm Thanh Hà" StaticText`
    t =     4.10s Waiting 8.0s for "Làng gốm Thanh Hà" StaticText to exist
    t =     5.16s     Checking `Expect predicate `existsNoRetry == 1` for object "Làng gốm Thanh Hà" StaticText`
    t =     5.16s         Checking existence of `"Làng gốm Thanh Hà" StaticText`
    t =     5.33s Swipe up Target Application 'app.speaklocal.vietnam.native'
    t =     5.33s     Wait for app.speaklocal.vietnam.native to idle
    t =     5.33s     Find the Target Application 'app.speaklocal.vietnam.native'
    t =     5.35s     Check for interrupting elements affecting "SpeakLocal Vietnam" Application
    t =     5.37s     Synthesize event
    t =     5.78s     Wait for app.speaklocal.vietnam.native to idle
    t =     7.90s Swipe up Target Application 'app.speaklocal.vietnam.native'
    t =     7.90s     Wait for app.speaklocal.vietnam.native to idle
    t =     7.90s     Find the Target Application 'app.speaklocal.vietnam.native'
    t =     7.93s     Check for interrupting elements affecting "SpeakLocal Vietnam" Application
    t =     7.95s     Synthesize event
    t =     8.38s     Wait for app.speaklocal.vietnam.native to idle
    t =     9.24s Terminate app.speaklocal.vietnam.native:86188
    t =    10.33s Open app.speaklocal.vietnam.native
    t =    10.33s     Launch app.speaklocal.vietnam.native
    t =    10.55s         Setting up automation session
    t =    11.05s         Wait for app.speaklocal.vietnam.native to idle
    t =    12.55s Waiting 4.0s for TabBar (First Match) to exist
    t =    13.63s     Checking `Expect predicate `existsNoRetry == 1` for object TabBar (First Match)`
    t =    13.63s         Checking existence of `TabBar (First Match)`
    t =    13.69s Checking existence of `"PhraseArticle.BottomSentinel.viet-family-city-hoian-place-thanh-ha" Other`
    t =    13.78s Checking existence of `"PhraseArticle.BottomSentinel.viet-phrase-city-hoian-place-thanh-ha" Other`
    t =    13.81s Find the "PhraseArticle.BottomSentinel.viet-phrase-city-hoian-place-thanh-ha" Other
    t =    13.83s Checking existence of `TabBar (First Match)`
    t =    13.83s Find the TabBar (First Match)
    t =    13.84s Find the Target Application 'app.speaklocal.vietnam.native'
    t =    13.94s Terminate app.speaklocal.vietnam.native:86292
    t =    15.03s Tear Down
Test Case '-[SpeakLocalNativeUITests.CityAppDetailV22RenderProofUITests testCaptureCityAppDetailV22RenderProofBatch]' passed (15.092 seconds).
Test Suite 'CityAppDetailV22RenderProofUITests' passed at 2026-06-01 03:57:40.222.
	 Executed 1 test, with 0 failures (0 unexpected) in 15.092 (15.093) seconds
Test Suite 'SpeakLocalNativeUITests.xctest' passed at 2026-06-01 03:57:40.223.
	 Executed 1 test, with 0 failures (0 unexpected) in 15.092 (15.094) seconds
Test Suite 'Selected tests' passed at 2026-06-01 03:57:40.224.
	 Executed 1 test, with 0 failures (0 unexpected) in 15.092 (15.095) seconds

Test session results, code coverage, and logs:
	/Users/jojolim/Library/Developer/XcodeBuildMCP/workspaces/orchestrator-309442864093/DerivedData/SpeakLocalNative-8f3e721625a0/Logs/Test/Test-SpeakLocalNative-2026.06.01_03-57-23-+0700.xcresult

** TEST EXECUTE SUCCEEDED **

Testing started

2026-06-01 03:57:25.194 xcodebuild[86106:7363796] [MT] IDELaunchParametersSnapshot: The operation couldn’t be completed. (DebuggerLLDB.DebuggerVersionStore.StoreError error 0.)
2026-06-01 03:57:25.194 xcodebuild[86106:7363796] [MT] IDELaunchParametersSnapshot: no debugger version
2026-06-01 03:57:35.463 xcodebuild[86106:7363796] [MT] IDELaunchParametersSnapshot: The operation couldn’t be completed. (DebuggerLLDB.DebuggerVersionStore.StoreError error 0.)
2026-06-01 03:57:35.463 xcodebuild[86106:7363796] [MT] IDELaunchParametersSnapshot: no debugger version
2026-06-01 03:57:40.535 xcodebuild[86106:7363796] [MT] IDETestOperationsObserverDebug: 16.622 elapsed -- Testing started completed.
2026-06-01 03:57:40.535 xcodebuild[86106:7363796] [MT] IDETestOperationsObserverDebug: 0.000 sec, +0.000 sec -- start
2026-06-01 03:57:40.535 xcodebuild[86106:7363796] [MT] IDETestOperationsObserverDebug: 16.622 sec, +16.622 sec -- end
