Command line invocation:
    /Applications/Xcode.app/Contents/Developer/usr/bin/xcodebuild test-without-building -project /Users/jojolim/Developer/products/speaklocal/app-family/.worktrees/city-listings-production-ready/native-ios/SpeakLocalNative.xcodeproj -scheme SpeakLocalNative -destination "platform=iOS Simulator,id=7C386DD3-4BF1-4A34-A918-768C43CD1258" -derivedDataPath /Users/jojolim/Library/Developer/XcodeBuildMCP/workspaces/orchestrator-309442864093/DerivedData/SpeakLocalNative-8f3e721625a0 "-only-testing:SpeakLocalNativeUITests/CityAppDetailV22RenderProofUITests/testCaptureCityAppDetailV22RenderProofBatch"

2026-06-01 07:36:29.909835+0700 SpeakLocalNativeUITests-Runner[71300:8307890] [Default] Running tests...
    t =      nans Interface orientation changed to Portrait
Test Suite 'Selected tests' started at 2026-06-01 07:36:30.291.
Test Suite 'SpeakLocalNativeUITests.xctest' started at 2026-06-01 07:36:30.291.
Test Suite 'CityAppDetailV22RenderProofUITests' started at 2026-06-01 07:36:30.291.
Test Case '-[SpeakLocalNativeUITests.CityAppDetailV22RenderProofUITests testCaptureCityAppDetailV22RenderProofBatch]' started.
    t =     0.00s Start Test at 2026-06-01 07:36:30.292
    t =     0.02s Set Up
    t =     0.02s Open app.speaklocal.vietnam.native
    t =     0.02s     Launch app.speaklocal.vietnam.native
objc[71300]: Class UIAccessibilityLoaderWebShared is implemented in both /Library/Developer/CoreSimulator/Volumes/iOS_23F77/Library/Developer/CoreSimulator/Profiles/Runtimes/iOS 26.5.simruntime/Contents/Resources/RuntimeRoot/System/Library/AccessibilityBundles/WebCore.axbundle/WebCore (0x10ab88310) and /Library/Developer/CoreSimulator/Volumes/iOS_23F77/Library/Developer/CoreSimulator/Profiles/Runtimes/iOS 26.5.simruntime/Contents/Resources/RuntimeRoot/System/Library/AccessibilityBundles/WebKit.axbundle/WebKit (0x10a364398). This may cause spurious casting failures and mysterious crashes. One of the duplicates must be removed or renamed.
    t =     1.89s         Setting up automation session
    t =     2.38s         Wait for app.speaklocal.vietnam.native to idle
    t =     3.82s Checking existence of `"Bún thịt nướng ở Thành phố Hồ Chí Minh" StaticText`
    t =     3.97s Waiting 8.0s for "Bún thịt nướng ở Thành phố Hồ Chí Minh" StaticText to exist
    t =     5.03s     Checking `Expect predicate `existsNoRetry == 1` for object "Bún thịt nướng ở Thành phố Hồ Chí Minh" StaticText`
    t =     5.04s         Checking existence of `"Bún thịt nướng ở Thành phố Hồ Chí Minh" StaticText`
    t =     5.19s Swipe up Target Application 'app.speaklocal.vietnam.native'
    t =     5.19s     Wait for app.speaklocal.vietnam.native to idle
    t =     5.19s     Find the Target Application 'app.speaklocal.vietnam.native'
    t =     5.20s     Check for interrupting elements affecting "SpeakLocal Vietnam" Application
    t =     5.22s     Synthesize event
    t =     5.64s     Wait for app.speaklocal.vietnam.native to idle
    t =     7.75s Swipe up Target Application 'app.speaklocal.vietnam.native'
    t =     7.75s     Wait for app.speaklocal.vietnam.native to idle
    t =     7.76s     Find the Target Application 'app.speaklocal.vietnam.native'
    t =     7.78s     Check for interrupting elements affecting "SpeakLocal Vietnam" Application
    t =     7.80s     Synthesize event
    t =     8.22s     Wait for app.speaklocal.vietnam.native to idle
    t =     8.91s Terminate app.speaklocal.vietnam.native:71382
    t =     9.97s Open app.speaklocal.vietnam.native
    t =     9.97s     Launch app.speaklocal.vietnam.native
    t =    10.18s         Setting up automation session
    t =    10.66s         Wait for app.speaklocal.vietnam.native to idle
    t =    12.15s Waiting 4.0s for TabBar (First Match) to exist
    t =    13.18s     Checking `Expect predicate `existsNoRetry == 1` for object TabBar (First Match)`
    t =    13.18s         Checking existence of `TabBar (First Match)`
    t =    13.23s Checking existence of `"PhraseArticle.BottomSentinel.viet-family-city-hcmc-place-bun-thit-nuong" Other`
    t =    13.30s Checking existence of `"PhraseArticle.BottomSentinel.viet-phrase-city-hcmc-place-bun-thit-nuong" Other`
    t =    13.32s Find the "PhraseArticle.BottomSentinel.viet-phrase-city-hcmc-place-bun-thit-nuong" Other
    t =    13.35s Checking existence of `TabBar (First Match)`
    t =    13.35s Find the TabBar (First Match)
    t =    13.36s Find the Target Application 'app.speaklocal.vietnam.native'
    t =    13.45s Terminate app.speaklocal.vietnam.native:71470
    t =    14.51s Tear Down
Test Case '-[SpeakLocalNativeUITests.CityAppDetailV22RenderProofUITests testCaptureCityAppDetailV22RenderProofBatch]' passed (14.559 seconds).
Test Suite 'CityAppDetailV22RenderProofUITests' passed at 2026-06-01 07:36:44.852.
	 Executed 1 test, with 0 failures (0 unexpected) in 14.559 (14.561) seconds
Test Suite 'SpeakLocalNativeUITests.xctest' passed at 2026-06-01 07:36:44.853.
	 Executed 1 test, with 0 failures (0 unexpected) in 14.559 (14.562) seconds
Test Suite 'Selected tests' passed at 2026-06-01 07:36:44.854.
	 Executed 1 test, with 0 failures (0 unexpected) in 14.559 (14.563) seconds

Test session results, code coverage, and logs:
	/Users/jojolim/Library/Developer/XcodeBuildMCP/workspaces/orchestrator-309442864093/DerivedData/SpeakLocalNative-8f3e721625a0/Logs/Test/Test-SpeakLocalNative-2026.06.01_07-36-28-+0700.xcresult

** TEST EXECUTE SUCCEEDED **

Testing started

2026-06-01 07:36:30.352 xcodebuild[71296:8307707] [MT] IDELaunchParametersSnapshot: The operation couldn’t be completed. (DebuggerLLDB.DebuggerVersionStore.StoreError error 0.)
2026-06-01 07:36:30.352 xcodebuild[71296:8307707] [MT] IDELaunchParametersSnapshot: no debugger version
2026-06-01 07:36:40.264 xcodebuild[71296:8307707] [MT] IDELaunchParametersSnapshot: The operation couldn’t be completed. (DebuggerLLDB.DebuggerVersionStore.StoreError error 0.)
2026-06-01 07:36:40.264 xcodebuild[71296:8307707] [MT] IDELaunchParametersSnapshot: no debugger version
2026-06-01 07:36:45.150 xcodebuild[71296:8307707] [MT] IDETestOperationsObserverDebug: 16.041 elapsed -- Testing started completed.
2026-06-01 07:36:45.150 xcodebuild[71296:8307707] [MT] IDETestOperationsObserverDebug: 0.000 sec, +0.000 sec -- start
2026-06-01 07:36:45.150 xcodebuild[71296:8307707] [MT] IDETestOperationsObserverDebug: 16.041 sec, +16.041 sec -- end
