Command line invocation:
    /Applications/Xcode.app/Contents/Developer/usr/bin/xcodebuild test-without-building -project /Users/jojolim/Developer/products/speaklocal/app-family/.worktrees/city-listings-production-ready/native-ios/SpeakLocalNative.xcodeproj -scheme SpeakLocalNative -destination "platform=iOS Simulator,id=7C386DD3-4BF1-4A34-A918-768C43CD1258" -derivedDataPath /Users/jojolim/Library/Developer/XcodeBuildMCP/workspaces/orchestrator-309442864093/DerivedData/SpeakLocalNative-8f3e721625a0 "-only-testing:SpeakLocalNativeUITests/CityAppDetailV22RenderProofUITests/testCaptureCityAppDetailV22RenderProofBatch"

2026-06-01 08:20:42.874586+0700 SpeakLocalNativeUITests-Runner[27110:8479563] [Default] Running tests...
    t =      nans Interface orientation changed to Portrait
Test Suite 'Selected tests' started at 2026-06-01 08:20:43.246.
Test Suite 'SpeakLocalNativeUITests.xctest' started at 2026-06-01 08:20:43.246.
Test Suite 'CityAppDetailV22RenderProofUITests' started at 2026-06-01 08:20:43.246.
Test Case '-[SpeakLocalNativeUITests.CityAppDetailV22RenderProofUITests testCaptureCityAppDetailV22RenderProofBatch]' started.
    t =     0.00s Start Test at 2026-06-01 08:20:43.247
    t =     0.02s Set Up
    t =     0.02s Open app.speaklocal.vietnam.native
    t =     0.02s     Launch app.speaklocal.vietnam.native
objc[27110]: Class UIAccessibilityLoaderWebShared is implemented in both /Library/Developer/CoreSimulator/Volumes/iOS_23F77/Library/Developer/CoreSimulator/Profiles/Runtimes/iOS 26.5.simruntime/Contents/Resources/RuntimeRoot/System/Library/AccessibilityBundles/WebCore.axbundle/WebCore (0x105bc0310) and /Library/Developer/CoreSimulator/Volumes/iOS_23F77/Library/Developer/CoreSimulator/Profiles/Runtimes/iOS 26.5.simruntime/Contents/Resources/RuntimeRoot/System/Library/AccessibilityBundles/WebKit.axbundle/WebKit (0x105a20398). This may cause spurious casting failures and mysterious crashes. One of the duplicates must be removed or renamed.
    t =     2.10s         Setting up automation session
    t =     2.55s         Wait for app.speaklocal.vietnam.native to idle
    t =     3.99s Checking existence of `"Cẩm Thanh" StaticText`
    t =     4.13s Waiting 8.0s for "Cẩm Thanh" StaticText to exist
    t =     5.17s     Checking `Expect predicate `existsNoRetry == 1` for object "Cẩm Thanh" StaticText`
    t =     5.17s         Checking existence of `"Cẩm Thanh" StaticText`
    t =     5.32s Swipe up Target Application 'app.speaklocal.vietnam.native'
    t =     5.32s     Wait for app.speaklocal.vietnam.native to idle
    t =     5.32s     Find the Target Application 'app.speaklocal.vietnam.native'
    t =     5.34s     Check for interrupting elements affecting "SpeakLocal Vietnam" Application
    t =     5.35s     Synthesize event
    t =     5.77s     Wait for app.speaklocal.vietnam.native to idle
    t =     7.90s Swipe up Target Application 'app.speaklocal.vietnam.native'
    t =     7.90s     Wait for app.speaklocal.vietnam.native to idle
    t =     8.14s     Find the Target Application 'app.speaklocal.vietnam.native'
    t =     8.16s     Check for interrupting elements affecting "SpeakLocal Vietnam" Application
    t =     8.18s     Synthesize event
    t =     8.60s     Wait for app.speaklocal.vietnam.native to idle
    t =     9.34s Terminate app.speaklocal.vietnam.native:27198
    t =    10.42s Open app.speaklocal.vietnam.native
    t =    10.42s     Launch app.speaklocal.vietnam.native
    t =    10.64s         Setting up automation session
    t =    11.13s         Wait for app.speaklocal.vietnam.native to idle
    t =    12.62s Waiting 4.0s for TabBar (First Match) to exist
    t =    13.66s     Checking `Expect predicate `existsNoRetry == 1` for object TabBar (First Match)`
    t =    13.67s         Checking existence of `TabBar (First Match)`
    t =    13.72s Checking existence of `"PhraseArticle.BottomSentinel.viet-family-city-hoian-place-cam-thanh" Other`
    t =    13.81s Checking existence of `"PhraseArticle.BottomSentinel.viet-phrase-city-hoian-place-cam-thanh" Other`
    t =    13.83s Find the "PhraseArticle.BottomSentinel.viet-phrase-city-hoian-place-cam-thanh" Other
    t =    13.85s Checking existence of `TabBar (First Match)`
    t =    13.85s Find the TabBar (First Match)
    t =    13.86s Find the Target Application 'app.speaklocal.vietnam.native'
    t =    13.95s Terminate app.speaklocal.vietnam.native:27278
    t =    15.02s Tear Down
Test Case '-[SpeakLocalNativeUITests.CityAppDetailV22RenderProofUITests testCaptureCityAppDetailV22RenderProofBatch]' passed (15.078 seconds).
Test Suite 'CityAppDetailV22RenderProofUITests' passed at 2026-06-01 08:20:58.325.
	 Executed 1 test, with 0 failures (0 unexpected) in 15.078 (15.079) seconds
Test Suite 'SpeakLocalNativeUITests.xctest' passed at 2026-06-01 08:20:58.326.
	 Executed 1 test, with 0 failures (0 unexpected) in 15.078 (15.080) seconds
Test Suite 'Selected tests' passed at 2026-06-01 08:20:58.326.
	 Executed 1 test, with 0 failures (0 unexpected) in 15.078 (15.081) seconds

Test session results, code coverage, and logs:
	/Users/jojolim/Library/Developer/XcodeBuildMCP/workspaces/orchestrator-309442864093/DerivedData/SpeakLocalNative-8f3e721625a0/Logs/Test/Test-SpeakLocalNative-2026.06.01_08-20-41-+0700.xcresult

** TEST EXECUTE SUCCEEDED **

Testing started

2026-06-01 08:20:43.311 xcodebuild[27108:8479393] [MT] IDELaunchParametersSnapshot: The operation couldn’t be completed. (DebuggerLLDB.DebuggerVersionStore.StoreError error 0.)
2026-06-01 08:20:43.311 xcodebuild[27108:8479393] [MT] IDELaunchParametersSnapshot: no debugger version
2026-06-01 08:20:53.670 xcodebuild[27108:8479393] [MT] IDELaunchParametersSnapshot: The operation couldn’t be completed. (DebuggerLLDB.DebuggerVersionStore.StoreError error 0.)
2026-06-01 08:20:53.670 xcodebuild[27108:8479393] [MT] IDELaunchParametersSnapshot: no debugger version
2026-06-01 08:20:58.625 xcodebuild[27108:8479393] [MT] IDETestOperationsObserverDebug: 16.565 elapsed -- Testing started completed.
2026-06-01 08:20:58.625 xcodebuild[27108:8479393] [MT] IDETestOperationsObserverDebug: 0.000 sec, +0.000 sec -- start
2026-06-01 08:20:58.625 xcodebuild[27108:8479393] [MT] IDETestOperationsObserverDebug: 16.565 sec, +16.565 sec -- end
