Command line invocation:
    /Applications/Xcode.app/Contents/Developer/usr/bin/xcodebuild test-without-building -project /Users/jojolim/Developer/products/speaklocal/app-family/.worktrees/city-listings-production-ready/native-ios/SpeakLocalNative.xcodeproj -scheme SpeakLocalNative -destination "platform=iOS Simulator,id=7C386DD3-4BF1-4A34-A918-768C43CD1258" -derivedDataPath /Users/jojolim/Library/Developer/XcodeBuildMCP/workspaces/orchestrator-309442864093/DerivedData/SpeakLocalNative-8f3e721625a0 "-only-testing:SpeakLocalNativeUITests/CityAppDetailV22RenderProofUITests/testCaptureCityAppDetailV22RenderProofBatch"

2026-06-01 05:44:42.738066+0700 SpeakLocalNativeUITests-Runner[26066:7816947] [Default] Running tests...
    t =      nans Interface orientation changed to Portrait
Test Suite 'Selected tests' started at 2026-06-01 05:44:43.112.
Test Suite 'SpeakLocalNativeUITests.xctest' started at 2026-06-01 05:44:43.112.
Test Suite 'CityAppDetailV22RenderProofUITests' started at 2026-06-01 05:44:43.112.
Test Case '-[SpeakLocalNativeUITests.CityAppDetailV22RenderProofUITests testCaptureCityAppDetailV22RenderProofBatch]' started.
    t =     0.00s Start Test at 2026-06-01 05:44:43.113
    t =     0.02s Set Up
    t =     0.02s Open app.speaklocal.vietnam.native
    t =     0.02s     Launch app.speaklocal.vietnam.native
objc[26066]: Class UIAccessibilityLoaderWebShared is implemented in both /Library/Developer/CoreSimulator/Volumes/iOS_23F77/Library/Developer/CoreSimulator/Profiles/Runtimes/iOS 26.5.simruntime/Contents/Resources/RuntimeRoot/System/Library/AccessibilityBundles/WebCore.axbundle/WebCore (0x107bbc310) and /Library/Developer/CoreSimulator/Volumes/iOS_23F77/Library/Developer/CoreSimulator/Profiles/Runtimes/iOS 26.5.simruntime/Contents/Resources/RuntimeRoot/System/Library/AccessibilityBundles/WebKit.axbundle/WebKit (0x107a80398). This may cause spurious casting failures and mysterious crashes. One of the duplicates must be removed or renamed.
    t =     1.69s         Setting up automation session
    t =     2.21s         Wait for app.speaklocal.vietnam.native to idle
    t =     3.67s Checking existence of `"Phố Tràng Tiền" StaticText`
    t =     3.80s Waiting 8.0s for "Phố Tràng Tiền" StaticText to exist
    t =     4.86s     Checking `Expect predicate `existsNoRetry == 1` for object "Phố Tràng Tiền" StaticText`
    t =     4.86s         Checking existence of `"Phố Tràng Tiền" StaticText`
    t =     5.01s Swipe up Target Application 'app.speaklocal.vietnam.native'
    t =     5.01s     Wait for app.speaklocal.vietnam.native to idle
    t =     5.01s     Find the Target Application 'app.speaklocal.vietnam.native'
    t =     5.03s     Check for interrupting elements affecting "SpeakLocal Vietnam" Application
    t =     5.04s     Synthesize event
    t =     5.46s     Wait for app.speaklocal.vietnam.native to idle
    t =     7.56s Swipe up Target Application 'app.speaklocal.vietnam.native'
    t =     7.56s     Wait for app.speaklocal.vietnam.native to idle
    t =     7.56s     Find the Target Application 'app.speaklocal.vietnam.native'
    t =     7.59s     Check for interrupting elements affecting "SpeakLocal Vietnam" Application
    t =     7.62s     Synthesize event
    t =     8.04s     Wait for app.speaklocal.vietnam.native to idle
    t =     8.84s Terminate app.speaklocal.vietnam.native:26078
    t =     9.94s Open app.speaklocal.vietnam.native
    t =     9.94s     Launch app.speaklocal.vietnam.native
    t =    10.15s         Setting up automation session
    t =    10.60s         Wait for app.speaklocal.vietnam.native to idle
    t =    12.06s Waiting 4.0s for TabBar (First Match) to exist
    t =    13.14s     Checking `Expect predicate `existsNoRetry == 1` for object TabBar (First Match)`
    t =    13.14s         Checking existence of `TabBar (First Match)`
    t =    13.20s Checking existence of `"PhraseArticle.BottomSentinel.viet-family-city-hanoi-place-trang-tien-street" Other`
    t =    13.28s Checking existence of `"PhraseArticle.BottomSentinel.viet-phrase-city-hanoi-place-trang-tien-street" Other`
    t =    13.30s Find the "PhraseArticle.BottomSentinel.viet-phrase-city-hanoi-place-trang-tien-street" Other
    t =    13.32s Checking existence of `TabBar (First Match)`
    t =    13.32s Find the TabBar (First Match)
    t =    13.33s Find the Target Application 'app.speaklocal.vietnam.native'
    t =    13.42s Terminate app.speaklocal.vietnam.native:26093
    t =    14.51s Tear Down
Test Case '-[SpeakLocalNativeUITests.CityAppDetailV22RenderProofUITests testCaptureCityAppDetailV22RenderProofBatch]' passed (14.570 seconds).
Test Suite 'CityAppDetailV22RenderProofUITests' passed at 2026-06-01 05:44:57.684.
	 Executed 1 test, with 0 failures (0 unexpected) in 14.570 (14.571) seconds
Test Suite 'SpeakLocalNativeUITests.xctest' passed at 2026-06-01 05:44:57.685.
	 Executed 1 test, with 0 failures (0 unexpected) in 14.570 (14.572) seconds
Test Suite 'Selected tests' passed at 2026-06-01 05:44:57.685.
	 Executed 1 test, with 0 failures (0 unexpected) in 14.570 (14.573) seconds

Test session results, code coverage, and logs:
	/Users/jojolim/Library/Developer/XcodeBuildMCP/workspaces/orchestrator-309442864093/DerivedData/SpeakLocalNative-8f3e721625a0/Logs/Test/Test-SpeakLocalNative-2026.06.01_05-44-41-+0700.xcresult

** TEST EXECUTE SUCCEEDED **

Testing started

2026-06-01 05:44:43.171 xcodebuild[26060:7816751] [MT] IDELaunchParametersSnapshot: The operation couldn’t be completed. (DebuggerLLDB.DebuggerVersionStore.StoreError error 0.)
2026-06-01 05:44:43.171 xcodebuild[26060:7816751] [MT] IDELaunchParametersSnapshot: no debugger version
2026-06-01 05:44:53.056 xcodebuild[26060:7816751] [MT] IDELaunchParametersSnapshot: The operation couldn’t be completed. (DebuggerLLDB.DebuggerVersionStore.StoreError error 0.)
2026-06-01 05:44:53.056 xcodebuild[26060:7816751] [MT] IDELaunchParametersSnapshot: no debugger version
2026-06-01 05:44:57.992 xcodebuild[26060:7816751] [MT] IDETestOperationsObserverDebug: 16.051 elapsed -- Testing started completed.
2026-06-01 05:44:57.992 xcodebuild[26060:7816751] [MT] IDETestOperationsObserverDebug: 0.000 sec, +0.000 sec -- start
2026-06-01 05:44:57.992 xcodebuild[26060:7816751] [MT] IDETestOperationsObserverDebug: 16.051 sec, +16.051 sec -- end
