Command line invocation:
    /Applications/Xcode.app/Contents/Developer/usr/bin/xcodebuild test-without-building -project /Users/jojolim/Developer/products/speaklocal/app-family/.worktrees/city-listings-production-ready/native-ios/SpeakLocalNative.xcodeproj -scheme SpeakLocalNative -destination "platform=iOS Simulator,id=7C386DD3-4BF1-4A34-A918-768C43CD1258" -derivedDataPath /Users/jojolim/Library/Developer/XcodeBuildMCP/workspaces/orchestrator-309442864093/DerivedData/SpeakLocalNative-8f3e721625a0 "-only-testing:SpeakLocalNativeUITests/CityAppDetailV22RenderProofUITests/testCaptureCityAppDetailV22RenderProofBatch"

2026-06-01 04:18:53.008917+0700 SpeakLocalNativeUITests-Runner[12542:7458220] [Default] Running tests...
    t =      nans Interface orientation changed to Portrait
Test Suite 'Selected tests' started at 2026-06-01 04:18:53.379.
Test Suite 'SpeakLocalNativeUITests.xctest' started at 2026-06-01 04:18:53.380.
Test Suite 'CityAppDetailV22RenderProofUITests' started at 2026-06-01 04:18:53.380.
Test Case '-[SpeakLocalNativeUITests.CityAppDetailV22RenderProofUITests testCaptureCityAppDetailV22RenderProofBatch]' started.
    t =     0.00s Start Test at 2026-06-01 04:18:53.380
    t =     0.02s Set Up
    t =     0.02s Open app.speaklocal.vietnam.native
    t =     0.02s     Launch app.speaklocal.vietnam.native
objc[12542]: Class UIAccessibilityLoaderWebShared is implemented in both /Library/Developer/CoreSimulator/Volumes/iOS_23F77/Library/Developer/CoreSimulator/Profiles/Runtimes/iOS 26.5.simruntime/Contents/Resources/RuntimeRoot/System/Library/AccessibilityBundles/WebCore.axbundle/WebCore (0x108c38310) and /Library/Developer/CoreSimulator/Volumes/iOS_23F77/Library/Developer/CoreSimulator/Profiles/Runtimes/iOS 26.5.simruntime/Contents/Resources/RuntimeRoot/System/Library/AccessibilityBundles/WebKit.axbundle/WebKit (0x108974398). This may cause spurious casting failures and mysterious crashes. One of the duplicates must be removed or renamed.
    t =     1.90s         Setting up automation session
    t =     2.28s         Wait for app.speaklocal.vietnam.native to idle
    t =     3.80s Checking existence of `"Bến Trắng Cafe & Bistro" StaticText`
    t =     3.97s Waiting 8.0s for "Bến Trắng Cafe & Bistro" StaticText to exist
    t =     5.04s     Checking `Expect predicate `existsNoRetry == 1` for object "Bến Trắng Cafe & Bistro" StaticText`
    t =     5.04s         Checking existence of `"Bến Trắng Cafe & Bistro" StaticText`
    t =     5.17s Swipe up Target Application 'app.speaklocal.vietnam.native'
    t =     5.17s     Wait for app.speaklocal.vietnam.native to idle
    t =     5.18s     Find the Target Application 'app.speaklocal.vietnam.native'
    t =     5.19s     Check for interrupting elements affecting "SpeakLocal Vietnam" Application
    t =     5.21s     Synthesize event
    t =     5.63s     Wait for app.speaklocal.vietnam.native to idle
    t =     7.73s Swipe up Target Application 'app.speaklocal.vietnam.native'
    t =     7.73s     Wait for app.speaklocal.vietnam.native to idle
    t =     7.73s     Find the Target Application 'app.speaklocal.vietnam.native'
    t =     7.76s     Check for interrupting elements affecting "SpeakLocal Vietnam" Application
    t =     7.80s     Synthesize event
    t =     8.22s     Wait for app.speaklocal.vietnam.native to idle
    t =     8.99s Terminate app.speaklocal.vietnam.native:12620
    t =    10.08s Open app.speaklocal.vietnam.native
    t =    10.08s     Launch app.speaklocal.vietnam.native
    t =    10.29s         Setting up automation session
    t =    10.79s         Wait for app.speaklocal.vietnam.native to idle
    t =    12.29s Waiting 4.0s for TabBar (First Match) to exist
    t =    13.36s     Checking `Expect predicate `existsNoRetry == 1` for object TabBar (First Match)`
    t =    13.37s         Checking existence of `TabBar (First Match)`
    t =    13.43s Checking existence of `"PhraseArticle.BottomSentinel.viet-family-city-hue-place-ben-trang-cafe-bistro" Other`
    t =    13.51s Checking existence of `"PhraseArticle.BottomSentinel.viet-phrase-city-hue-place-ben-trang-cafe-bistro" Other`
    t =    13.54s Find the "PhraseArticle.BottomSentinel.viet-phrase-city-hue-place-ben-trang-cafe-bistro" Other
    t =    13.56s Checking existence of `TabBar (First Match)`
    t =    13.56s Find the TabBar (First Match)
    t =    13.57s Find the Target Application 'app.speaklocal.vietnam.native'
    t =    13.66s Terminate app.speaklocal.vietnam.native:12731
    t =    14.75s Tear Down
Test Case '-[SpeakLocalNativeUITests.CityAppDetailV22RenderProofUITests testCaptureCityAppDetailV22RenderProofBatch]' passed (14.825 seconds).
Test Suite 'CityAppDetailV22RenderProofUITests' passed at 2026-06-01 04:19:08.206.
	 Executed 1 test, with 0 failures (0 unexpected) in 14.825 (14.826) seconds
Test Suite 'SpeakLocalNativeUITests.xctest' passed at 2026-06-01 04:19:08.207.
	 Executed 1 test, with 0 failures (0 unexpected) in 14.825 (14.827) seconds
Test Suite 'Selected tests' passed at 2026-06-01 04:19:08.208.
	 Executed 1 test, with 0 failures (0 unexpected) in 14.825 (14.828) seconds

Test session results, code coverage, and logs:
	/Users/jojolim/Library/Developer/XcodeBuildMCP/workspaces/orchestrator-309442864093/DerivedData/SpeakLocalNative-8f3e721625a0/Logs/Test/Test-SpeakLocalNative-2026.06.01_04-18-52-+0700.xcresult

** TEST EXECUTE SUCCEEDED **

Testing started

2026-06-01 04:18:53.440 xcodebuild[12537:7458053] [MT] IDELaunchParametersSnapshot: The operation couldn’t be completed. (DebuggerLLDB.DebuggerVersionStore.StoreError error 0.)
2026-06-01 04:18:53.440 xcodebuild[12537:7458053] [MT] IDELaunchParametersSnapshot: no debugger version
2026-06-01 04:19:03.459 xcodebuild[12537:7458053] [MT] IDELaunchParametersSnapshot: The operation couldn’t be completed. (DebuggerLLDB.DebuggerVersionStore.StoreError error 0.)
2026-06-01 04:19:03.459 xcodebuild[12537:7458053] [MT] IDELaunchParametersSnapshot: no debugger version
2026-06-01 04:19:08.521 xcodebuild[12537:7458053] [MT] IDETestOperationsObserverDebug: 16.330 elapsed -- Testing started completed.
2026-06-01 04:19:08.521 xcodebuild[12537:7458053] [MT] IDETestOperationsObserverDebug: 0.000 sec, +0.000 sec -- start
2026-06-01 04:19:08.521 xcodebuild[12537:7458053] [MT] IDETestOperationsObserverDebug: 16.330 sec, +16.330 sec -- end
