Command line invocation:
    /Applications/Xcode.app/Contents/Developer/usr/bin/xcodebuild test-without-building -project /Users/jojolim/Developer/products/speaklocal/app-family/.worktrees/city-listings-production-ready/native-ios/SpeakLocalNative.xcodeproj -scheme SpeakLocalNative -destination "platform=iOS Simulator,id=7C386DD3-4BF1-4A34-A918-768C43CD1258" -derivedDataPath /Users/jojolim/Library/Developer/XcodeBuildMCP/workspaces/orchestrator-309442864093/DerivedData/SpeakLocalNative-8f3e721625a0 "-only-testing:SpeakLocalNativeUITests/CityAppDetailV22RenderProofUITests/testCaptureCityAppDetailV22RenderProofBatch"

2026-06-01 07:22:39.046659+0700 SpeakLocalNativeUITests-Runner[56158:8252450] [Default] Running tests...
    t =      nans Interface orientation changed to Portrait
Test Suite 'Selected tests' started at 2026-06-01 07:22:39.413.
Test Suite 'SpeakLocalNativeUITests.xctest' started at 2026-06-01 07:22:39.413.
Test Suite 'CityAppDetailV22RenderProofUITests' started at 2026-06-01 07:22:39.413.
Test Case '-[SpeakLocalNativeUITests.CityAppDetailV22RenderProofUITests testCaptureCityAppDetailV22RenderProofBatch]' started.
    t =     0.00s Start Test at 2026-06-01 07:22:39.414
    t =     0.02s Set Up
    t =     0.02s Open app.speaklocal.vietnam.native
    t =     0.02s     Launch app.speaklocal.vietnam.native
objc[56158]: Class UIAccessibilityLoaderWebShared is implemented in both /Library/Developer/CoreSimulator/Volumes/iOS_23F77/Library/Developer/CoreSimulator/Profiles/Runtimes/iOS 26.5.simruntime/Contents/Resources/RuntimeRoot/System/Library/AccessibilityBundles/WebCore.axbundle/WebCore (0x10a564310) and /Library/Developer/CoreSimulator/Volumes/iOS_23F77/Library/Developer/CoreSimulator/Profiles/Runtimes/iOS 26.5.simruntime/Contents/Resources/RuntimeRoot/System/Library/AccessibilityBundles/WebKit.axbundle/WebKit (0x109d70398). This may cause spurious casting failures and mysterious crashes. One of the duplicates must be removed or renamed.
    t =     2.10s         Setting up automation session
    t =     2.50s         Wait for app.speaklocal.vietnam.native to idle
    t =     3.97s Checking existence of `"Địa đạo Củ Chi" StaticText`
    t =     4.11s Waiting 8.0s for "Địa đạo Củ Chi" StaticText to exist
    t =     5.15s     Checking `Expect predicate `existsNoRetry == 1` for object "Địa đạo Củ Chi" StaticText`
    t =     5.15s         Checking existence of `"Địa đạo Củ Chi" StaticText`
    t =     5.32s Swipe up Target Application 'app.speaklocal.vietnam.native'
    t =     5.32s     Wait for app.speaklocal.vietnam.native to idle
    t =     5.32s     Find the Target Application 'app.speaklocal.vietnam.native'
    t =     5.34s     Check for interrupting elements affecting "SpeakLocal Vietnam" Application
    t =     5.35s     Synthesize event
    t =     5.78s     Wait for app.speaklocal.vietnam.native to idle
    t =     7.89s Swipe up Target Application 'app.speaklocal.vietnam.native'
    t =     7.89s     Wait for app.speaklocal.vietnam.native to idle
    t =     7.89s     Find the Target Application 'app.speaklocal.vietnam.native'
    t =     7.91s     Check for interrupting elements affecting "SpeakLocal Vietnam" Application
    t =     7.94s     Synthesize event
    t =     8.36s     Wait for app.speaklocal.vietnam.native to idle
    t =     9.01s Terminate app.speaklocal.vietnam.native:56246
    t =    10.09s Open app.speaklocal.vietnam.native
    t =    10.09s     Launch app.speaklocal.vietnam.native
    t =    10.30s         Setting up automation session
    t =    10.80s         Wait for app.speaklocal.vietnam.native to idle
    t =    12.24s Waiting 4.0s for TabBar (First Match) to exist
    t =    13.28s     Checking `Expect predicate `existsNoRetry == 1` for object TabBar (First Match)`
    t =    13.28s         Checking existence of `TabBar (First Match)`
    t =    13.33s Checking existence of `"PhraseArticle.BottomSentinel.viet-family-city-hcmc-place-cu-chi-tunnels" Other`
    t =    13.41s Checking existence of `"PhraseArticle.BottomSentinel.viet-phrase-city-hcmc-place-cu-chi-tunnels" Other`
    t =    13.44s Find the "PhraseArticle.BottomSentinel.viet-phrase-city-hcmc-place-cu-chi-tunnels" Other
    t =    13.46s Checking existence of `TabBar (First Match)`
    t =    13.46s Find the TabBar (First Match)
    t =    13.47s Find the Target Application 'app.speaklocal.vietnam.native'
    t =    13.56s Terminate app.speaklocal.vietnam.native:56325
    t =    14.61s Tear Down
Test Case '-[SpeakLocalNativeUITests.CityAppDetailV22RenderProofUITests testCaptureCityAppDetailV22RenderProofBatch]' passed (14.692 seconds).
Test Suite 'CityAppDetailV22RenderProofUITests' passed at 2026-06-01 07:22:54.107.
	 Executed 1 test, with 0 failures (0 unexpected) in 14.692 (14.693) seconds
Test Suite 'SpeakLocalNativeUITests.xctest' passed at 2026-06-01 07:22:54.108.
	 Executed 1 test, with 0 failures (0 unexpected) in 14.692 (14.694) seconds
Test Suite 'Selected tests' passed at 2026-06-01 07:22:54.108.
	 Executed 1 test, with 0 failures (0 unexpected) in 14.692 (14.695) seconds

Test session results, code coverage, and logs:
	/Users/jojolim/Library/Developer/XcodeBuildMCP/workspaces/orchestrator-309442864093/DerivedData/SpeakLocalNative-8f3e721625a0/Logs/Test/Test-SpeakLocalNative-2026.06.01_07-22-38-+0700.xcresult

** TEST EXECUTE SUCCEEDED **

Testing started

2026-06-01 07:22:39.471 xcodebuild[56156:8252273] [MT] IDELaunchParametersSnapshot: The operation couldn’t be completed. (DebuggerLLDB.DebuggerVersionStore.StoreError error 0.)
2026-06-01 07:22:39.471 xcodebuild[56156:8252273] [MT] IDELaunchParametersSnapshot: no debugger version
2026-06-01 07:22:49.509 xcodebuild[56156:8252273] [MT] IDELaunchParametersSnapshot: The operation couldn’t be completed. (DebuggerLLDB.DebuggerVersionStore.StoreError error 0.)
2026-06-01 07:22:49.509 xcodebuild[56156:8252273] [MT] IDELaunchParametersSnapshot: no debugger version
2026-06-01 07:22:54.415 xcodebuild[56156:8252273] [MT] IDETestOperationsObserverDebug: 16.159 elapsed -- Testing started completed.
2026-06-01 07:22:54.415 xcodebuild[56156:8252273] [MT] IDETestOperationsObserverDebug: 0.000 sec, +0.000 sec -- start
2026-06-01 07:22:54.415 xcodebuild[56156:8252273] [MT] IDETestOperationsObserverDebug: 16.159 sec, +16.159 sec -- end
