Command line invocation:
    /Applications/Xcode.app/Contents/Developer/usr/bin/xcodebuild test-without-building -project /Users/jojolim/Developer/products/speaklocal/app-family/.worktrees/city-listings-production-ready/native-ios/SpeakLocalNative.xcodeproj -scheme SpeakLocalNative -destination "platform=iOS Simulator,id=7C386DD3-4BF1-4A34-A918-768C43CD1258" -derivedDataPath /Users/jojolim/Library/Developer/XcodeBuildMCP/workspaces/orchestrator-309442864093/DerivedData/SpeakLocalNative-8f3e721625a0 "-only-testing:SpeakLocalNativeUITests/CityAppDetailV22RenderProofUITests/testCaptureCityAppDetailV22RenderProofBatch"

2026-06-01 06:55:47.486222+0700 SpeakLocalNativeUITests-Runner[25875:8132501] [Default] Running tests...
    t =      nans Interface orientation changed to Portrait
Test Suite 'Selected tests' started at 2026-06-01 06:55:47.853.
Test Suite 'SpeakLocalNativeUITests.xctest' started at 2026-06-01 06:55:47.853.
Test Suite 'CityAppDetailV22RenderProofUITests' started at 2026-06-01 06:55:47.853.
Test Case '-[SpeakLocalNativeUITests.CityAppDetailV22RenderProofUITests testCaptureCityAppDetailV22RenderProofBatch]' started.
    t =     0.00s Start Test at 2026-06-01 06:55:47.854
    t =     0.02s Set Up
    t =     0.02s Open app.speaklocal.vietnam.native
    t =     0.02s     Launch app.speaklocal.vietnam.native
objc[25875]: Class UIAccessibilityLoaderWebShared is implemented in both /Library/Developer/CoreSimulator/Volumes/iOS_23F77/Library/Developer/CoreSimulator/Profiles/Runtimes/iOS 26.5.simruntime/Contents/Resources/RuntimeRoot/System/Library/AccessibilityBundles/WebCore.axbundle/WebCore (0x106998310) and /Library/Developer/CoreSimulator/Volumes/iOS_23F77/Library/Developer/CoreSimulator/Profiles/Runtimes/iOS 26.5.simruntime/Contents/Resources/RuntimeRoot/System/Library/AccessibilityBundles/WebKit.axbundle/WebKit (0x1061ec398). This may cause spurious casting failures and mysterious crashes. One of the duplicates must be removed or renamed.
    t =     1.90s         Setting up automation session
    t =     2.46s         Wait for app.speaklocal.vietnam.native to idle
    t =     3.92s Checking existence of `"Đền Ngọc Sơn" StaticText`
    t =     4.07s Waiting 8.0s for "Đền Ngọc Sơn" StaticText to exist
    t =     5.13s     Checking `Expect predicate `existsNoRetry == 1` for object "Đền Ngọc Sơn" StaticText`
    t =     5.13s         Checking existence of `"Đền Ngọc Sơn" StaticText`
    t =     5.29s Swipe up Target Application 'app.speaklocal.vietnam.native'
    t =     5.29s     Wait for app.speaklocal.vietnam.native to idle
    t =     5.29s     Find the Target Application 'app.speaklocal.vietnam.native'
    t =     5.31s     Check for interrupting elements affecting "SpeakLocal Vietnam" Application
    t =     5.33s     Synthesize event
    t =     5.74s     Wait for app.speaklocal.vietnam.native to idle
    t =     7.85s Swipe up Target Application 'app.speaklocal.vietnam.native'
    t =     7.85s     Wait for app.speaklocal.vietnam.native to idle
    t =     7.85s     Find the Target Application 'app.speaklocal.vietnam.native'
    t =     7.87s     Check for interrupting elements affecting "SpeakLocal Vietnam" Application
    t =     7.89s     Synthesize event
    t =     8.31s     Wait for app.speaklocal.vietnam.native to idle
    t =     8.96s Terminate app.speaklocal.vietnam.native:25939
    t =    10.05s Open app.speaklocal.vietnam.native
    t =    10.05s     Launch app.speaklocal.vietnam.native
    t =    10.26s         Setting up automation session
    t =    10.74s         Wait for app.speaklocal.vietnam.native to idle
    t =    12.17s Waiting 4.0s for TabBar (First Match) to exist
    t =    13.21s     Checking `Expect predicate `existsNoRetry == 1` for object TabBar (First Match)`
    t =    13.21s         Checking existence of `TabBar (First Match)`
    t =    13.27s Checking existence of `"PhraseArticle.BottomSentinel.viet-family-city-hanoi-place-ngoc-son-temple" Other`
    t =    13.35s Checking existence of `"PhraseArticle.BottomSentinel.viet-phrase-city-hanoi-place-ngoc-son-temple" Other`
    t =    13.37s Find the "PhraseArticle.BottomSentinel.viet-phrase-city-hanoi-place-ngoc-son-temple" Other
    t =    13.39s Checking existence of `TabBar (First Match)`
    t =    13.40s Find the TabBar (First Match)
    t =    13.41s Find the Target Application 'app.speaklocal.vietnam.native'
    t =    13.50s Terminate app.speaklocal.vietnam.native:26041
    t =    14.56s Tear Down
Test Case '-[SpeakLocalNativeUITests.CityAppDetailV22RenderProofUITests testCaptureCityAppDetailV22RenderProofBatch]' passed (14.657 seconds).
Test Suite 'CityAppDetailV22RenderProofUITests' passed at 2026-06-01 06:56:02.512.
	 Executed 1 test, with 0 failures (0 unexpected) in 14.657 (14.659) seconds
Test Suite 'SpeakLocalNativeUITests.xctest' passed at 2026-06-01 06:56:02.513.
	 Executed 1 test, with 0 failures (0 unexpected) in 14.657 (14.660) seconds
Test Suite 'Selected tests' passed at 2026-06-01 06:56:02.513.
	 Executed 1 test, with 0 failures (0 unexpected) in 14.657 (14.661) seconds

Test session results, code coverage, and logs:
	/Users/jojolim/Library/Developer/XcodeBuildMCP/workspaces/orchestrator-309442864093/DerivedData/SpeakLocalNative-8f3e721625a0/Logs/Test/Test-SpeakLocalNative-2026.06.01_06-55-46-+0700.xcresult

** TEST EXECUTE SUCCEEDED **

Testing started

2026-06-01 06:55:47.911 xcodebuild[25871:8132326] [MT] IDELaunchParametersSnapshot: The operation couldn’t be completed. (DebuggerLLDB.DebuggerVersionStore.StoreError error 0.)
2026-06-01 06:55:47.911 xcodebuild[25871:8132326] [MT] IDELaunchParametersSnapshot: no debugger version
2026-06-01 06:55:57.904 xcodebuild[25871:8132326] [MT] IDELaunchParametersSnapshot: The operation couldn’t be completed. (DebuggerLLDB.DebuggerVersionStore.StoreError error 0.)
2026-06-01 06:55:57.904 xcodebuild[25871:8132326] [MT] IDELaunchParametersSnapshot: no debugger version
2026-06-01 06:56:02.819 xcodebuild[25871:8132326] [MT] IDETestOperationsObserverDebug: 16.152 elapsed -- Testing started completed.
2026-06-01 06:56:02.819 xcodebuild[25871:8132326] [MT] IDETestOperationsObserverDebug: 0.000 sec, +0.000 sec -- start
2026-06-01 06:56:02.819 xcodebuild[25871:8132326] [MT] IDETestOperationsObserverDebug: 16.152 sec, +16.152 sec -- end
