Command line invocation:
    /Applications/Xcode.app/Contents/Developer/usr/bin/xcodebuild test-without-building -project /Users/jojolim/Developer/products/speaklocal/app-family/.worktrees/city-listings-production-ready/native-ios/SpeakLocalNative.xcodeproj -scheme SpeakLocalNative -destination "platform=iOS Simulator,id=7C386DD3-4BF1-4A34-A918-768C43CD1258" -derivedDataPath /Users/jojolim/Library/Developer/XcodeBuildMCP/workspaces/orchestrator-309442864093/DerivedData/SpeakLocalNative-8f3e721625a0 "-only-testing:SpeakLocalNativeUITests/CityAppDetailV22RenderProofUITests/testCaptureCityAppDetailV22RenderProofBatch"

2026-06-01 04:07:02.259779+0700 SpeakLocalNativeUITests-Runner[99444:7405168] [Default] Running tests...
    t =      nans Interface orientation changed to Portrait
Test Suite 'Selected tests' started at 2026-06-01 04:07:02.651.
Test Suite 'SpeakLocalNativeUITests.xctest' started at 2026-06-01 04:07:02.651.
Test Suite 'CityAppDetailV22RenderProofUITests' started at 2026-06-01 04:07:02.651.
Test Case '-[SpeakLocalNativeUITests.CityAppDetailV22RenderProofUITests testCaptureCityAppDetailV22RenderProofBatch]' started.
    t =     0.00s Start Test at 2026-06-01 04:07:02.651
    t =     0.02s Set Up
    t =     0.02s Open app.speaklocal.vietnam.native
    t =     0.02s     Launch app.speaklocal.vietnam.native
objc[99444]: Class UIAccessibilityLoaderWebShared is implemented in both /Library/Developer/CoreSimulator/Volumes/iOS_23F77/Library/Developer/CoreSimulator/Profiles/Runtimes/iOS 26.5.simruntime/Contents/Resources/RuntimeRoot/System/Library/AccessibilityBundles/WebCore.axbundle/WebCore (0x109e74310) and /Library/Developer/CoreSimulator/Volumes/iOS_23F77/Library/Developer/CoreSimulator/Profiles/Runtimes/iOS 26.5.simruntime/Contents/Resources/RuntimeRoot/System/Library/AccessibilityBundles/WebKit.axbundle/WebKit (0x1097a0398). This may cause spurious casting failures and mysterious crashes. One of the duplicates must be removed or renamed.
    t =     1.89s         Setting up automation session
    t =     2.26s         Wait for app.speaklocal.vietnam.native to idle
    t =     3.76s Checking existence of `"Hội quán Triều Châu" StaticText`
    t =     3.91s Waiting 8.0s for "Hội quán Triều Châu" StaticText to exist
    t =     4.94s     Checking `Expect predicate `existsNoRetry == 1` for object "Hội quán Triều Châu" StaticText`
    t =     4.94s         Checking existence of `"Hội quán Triều Châu" StaticText`
    t =     5.11s Swipe up Target Application 'app.speaklocal.vietnam.native'
    t =     5.11s     Wait for app.speaklocal.vietnam.native to idle
    t =     5.11s     Find the Target Application 'app.speaklocal.vietnam.native'
    t =     5.12s     Check for interrupting elements affecting "SpeakLocal Vietnam" Application
    t =     5.14s     Synthesize event
    t =     5.56s     Wait for app.speaklocal.vietnam.native to idle
    t =     7.67s Swipe up Target Application 'app.speaklocal.vietnam.native'
    t =     7.67s     Wait for app.speaklocal.vietnam.native to idle
    t =     7.67s     Find the Target Application 'app.speaklocal.vietnam.native'
    t =     7.70s     Check for interrupting elements affecting "SpeakLocal Vietnam" Application
    t =     7.73s     Synthesize event
    t =     8.15s     Wait for app.speaklocal.vietnam.native to idle
    t =     8.88s Terminate app.speaklocal.vietnam.native:99523
    t =     9.94s Open app.speaklocal.vietnam.native
    t =     9.94s     Launch app.speaklocal.vietnam.native
    t =    10.15s         Setting up automation session
    t =    10.65s         Wait for app.speaklocal.vietnam.native to idle
    t =    12.12s Waiting 4.0s for TabBar (First Match) to exist
    t =    13.15s     Checking `Expect predicate `existsNoRetry == 1` for object TabBar (First Match)`
    t =    13.15s         Checking existence of `TabBar (First Match)`
    t =    13.21s Checking existence of `"PhraseArticle.BottomSentinel.viet-family-city-hoian-place-trieu-chau-assembly-hall" Other`
    t =    13.29s Checking existence of `"PhraseArticle.BottomSentinel.viet-phrase-city-hoian-place-trieu-chau-assembly-hall" Other`
    t =    13.31s Find the "PhraseArticle.BottomSentinel.viet-phrase-city-hoian-place-trieu-chau-assembly-hall" Other
    t =    13.33s Checking existence of `TabBar (First Match)`
    t =    13.34s Find the TabBar (First Match)
    t =    13.35s Find the Target Application 'app.speaklocal.vietnam.native'
    t =    13.45s Terminate app.speaklocal.vietnam.native:99612
    t =    14.50s Tear Down
Test Case '-[SpeakLocalNativeUITests.CityAppDetailV22RenderProofUITests testCaptureCityAppDetailV22RenderProofBatch]' passed (14.589 seconds).
Test Suite 'CityAppDetailV22RenderProofUITests' passed at 2026-06-01 04:07:17.241.
	 Executed 1 test, with 0 failures (0 unexpected) in 14.589 (14.590) seconds
Test Suite 'SpeakLocalNativeUITests.xctest' passed at 2026-06-01 04:07:17.242.
	 Executed 1 test, with 0 failures (0 unexpected) in 14.589 (14.591) seconds
Test Suite 'Selected tests' passed at 2026-06-01 04:07:17.243.
	 Executed 1 test, with 0 failures (0 unexpected) in 14.589 (14.592) seconds

Test session results, code coverage, and logs:
	/Users/jojolim/Library/Developer/XcodeBuildMCP/workspaces/orchestrator-309442864093/DerivedData/SpeakLocalNative-8f3e721625a0/Logs/Test/Test-SpeakLocalNative-2026.06.01_04-07-01-+0700.xcresult

** TEST EXECUTE SUCCEEDED **

Testing started

2026-06-01 04:07:02.712 xcodebuild[99438:7405006] [MT] IDELaunchParametersSnapshot: The operation couldn’t be completed. (DebuggerLLDB.DebuggerVersionStore.StoreError error 0.)
2026-06-01 04:07:02.712 xcodebuild[99438:7405006] [MT] IDELaunchParametersSnapshot: no debugger version
2026-06-01 04:07:12.594 xcodebuild[99438:7405006] [MT] IDELaunchParametersSnapshot: The operation couldn’t be completed. (DebuggerLLDB.DebuggerVersionStore.StoreError error 0.)
2026-06-01 04:07:12.594 xcodebuild[99438:7405006] [MT] IDELaunchParametersSnapshot: no debugger version
2026-06-01 04:07:17.553 xcodebuild[99438:7405006] [MT] IDETestOperationsObserverDebug: 16.106 elapsed -- Testing started completed.
2026-06-01 04:07:17.553 xcodebuild[99438:7405006] [MT] IDETestOperationsObserverDebug: 0.000 sec, +0.000 sec -- start
2026-06-01 04:07:17.553 xcodebuild[99438:7405006] [MT] IDETestOperationsObserverDebug: 16.106 sec, +16.106 sec -- end
