Command line invocation:
    /Applications/Xcode.app/Contents/Developer/usr/bin/xcodebuild test-without-building -project /Users/jojolim/Developer/products/speaklocal/app-family/.worktrees/city-listings-production-ready/native-ios/SpeakLocalNative.xcodeproj -scheme SpeakLocalNative -destination "platform=iOS Simulator,id=7C386DD3-4BF1-4A34-A918-768C43CD1258" -derivedDataPath /Users/jojolim/Library/Developer/XcodeBuildMCP/workspaces/orchestrator-309442864093/DerivedData/SpeakLocalNative-8f3e721625a0 "-only-testing:SpeakLocalNativeUITests/CityAppDetailV22RenderProofUITests/testCaptureCityAppDetailV22RenderProofBatch"

2026-06-01 06:37:00.095162+0700 SpeakLocalNativeUITests-Runner[6213:8052870] [Default] Running tests...
    t =      nans Interface orientation changed to Portrait
Test Suite 'Selected tests' started at 2026-06-01 06:37:00.464.
Test Suite 'SpeakLocalNativeUITests.xctest' started at 2026-06-01 06:37:00.464.
Test Suite 'CityAppDetailV22RenderProofUITests' started at 2026-06-01 06:37:00.464.
Test Case '-[SpeakLocalNativeUITests.CityAppDetailV22RenderProofUITests testCaptureCityAppDetailV22RenderProofBatch]' started.
    t =     0.00s Start Test at 2026-06-01 06:37:00.464
    t =     0.02s Set Up
    t =     0.02s Open app.speaklocal.vietnam.native
    t =     0.02s     Launch app.speaklocal.vietnam.native
objc[6213]: Class UIAccessibilityLoaderWebShared is implemented in both /Library/Developer/CoreSimulator/Volumes/iOS_23F77/Library/Developer/CoreSimulator/Profiles/Runtimes/iOS 26.5.simruntime/Contents/Resources/RuntimeRoot/System/Library/AccessibilityBundles/WebCore.axbundle/WebCore (0x1066d8310) and /Library/Developer/CoreSimulator/Volumes/iOS_23F77/Library/Developer/CoreSimulator/Profiles/Runtimes/iOS 26.5.simruntime/Contents/Resources/RuntimeRoot/System/Library/AccessibilityBundles/WebKit.axbundle/WebKit (0x105afc398). This may cause spurious casting failures and mysterious crashes. One of the duplicates must be removed or renamed.
    t =     1.89s         Setting up automation session
    t =     2.42s         Wait for app.speaklocal.vietnam.native to idle
    t =     3.90s Checking existence of `"Hải sản Năm Đảnh" StaticText`
    t =     4.05s Waiting 8.0s for "Hải sản Năm Đảnh" StaticText to exist
    t =     5.09s     Checking `Expect predicate `existsNoRetry == 1` for object "Hải sản Năm Đảnh" StaticText`
    t =     5.09s         Checking existence of `"Hải sản Năm Đảnh" StaticText`
    t =     5.25s Swipe up Target Application 'app.speaklocal.vietnam.native'
    t =     5.25s     Wait for app.speaklocal.vietnam.native to idle
    t =     5.26s     Find the Target Application 'app.speaklocal.vietnam.native'
    t =     5.27s     Check for interrupting elements affecting "SpeakLocal Vietnam" Application
    t =     5.29s     Synthesize event
    t =     5.71s     Wait for app.speaklocal.vietnam.native to idle
    t =     7.81s Swipe up Target Application 'app.speaklocal.vietnam.native'
    t =     7.81s     Wait for app.speaklocal.vietnam.native to idle
    t =     7.82s     Find the Target Application 'app.speaklocal.vietnam.native'
    t =     7.84s     Check for interrupting elements affecting "SpeakLocal Vietnam" Application
    t =     7.86s     Synthesize event
    t =     8.28s     Wait for app.speaklocal.vietnam.native to idle
    t =     9.37s Terminate app.speaklocal.vietnam.native:6295
    t =    10.41s Open app.speaklocal.vietnam.native
    t =    10.41s     Launch app.speaklocal.vietnam.native
    t =    10.63s         Setting up automation session
    t =    11.11s         Wait for app.speaklocal.vietnam.native to idle
    t =    12.54s Waiting 4.0s for TabBar (First Match) to exist
    t =    13.59s     Checking `Expect predicate `existsNoRetry == 1` for object TabBar (First Match)`
    t =    13.59s         Checking existence of `TabBar (First Match)`
    t =    13.65s Checking existence of `"PhraseArticle.BottomSentinel.viet-family-city-danang-place-nam-danh-seafood" Other`
    t =    13.73s Checking existence of `"PhraseArticle.BottomSentinel.viet-phrase-city-danang-place-nam-danh-seafood" Other`
    t =    13.76s Find the "PhraseArticle.BottomSentinel.viet-phrase-city-danang-place-nam-danh-seafood" Other
    t =    13.78s Checking existence of `TabBar (First Match)`
    t =    13.78s Find the TabBar (First Match)
    t =    13.79s Find the Target Application 'app.speaklocal.vietnam.native'
    t =    13.89s Terminate app.speaklocal.vietnam.native:6383
    t =    14.97s Tear Down
Test Case '-[SpeakLocalNativeUITests.CityAppDetailV22RenderProofUITests testCaptureCityAppDetailV22RenderProofBatch]' passed (15.061 seconds).
Test Suite 'CityAppDetailV22RenderProofUITests' passed at 2026-06-01 06:37:15.527.
	 Executed 1 test, with 0 failures (0 unexpected) in 15.061 (15.063) seconds
Test Suite 'SpeakLocalNativeUITests.xctest' passed at 2026-06-01 06:37:15.527.
	 Executed 1 test, with 0 failures (0 unexpected) in 15.061 (15.064) seconds
Test Suite 'Selected tests' passed at 2026-06-01 06:37:15.528.
	 Executed 1 test, with 0 failures (0 unexpected) in 15.061 (15.065) seconds

Test session results, code coverage, and logs:
	/Users/jojolim/Library/Developer/XcodeBuildMCP/workspaces/orchestrator-309442864093/DerivedData/SpeakLocalNative-8f3e721625a0/Logs/Test/Test-SpeakLocalNative-2026.06.01_06-36-59-+0700.xcresult

** TEST EXECUTE SUCCEEDED **

Testing started

2026-06-01 06:37:00.527 xcodebuild[6206:8052675] [MT] IDELaunchParametersSnapshot: The operation couldn’t be completed. (DebuggerLLDB.DebuggerVersionStore.StoreError error 0.)
2026-06-01 06:37:00.527 xcodebuild[6206:8052675] [MT] IDELaunchParametersSnapshot: no debugger version
2026-06-01 06:37:10.881 xcodebuild[6206:8052675] [MT] IDELaunchParametersSnapshot: The operation couldn’t be completed. (DebuggerLLDB.DebuggerVersionStore.StoreError error 0.)
2026-06-01 06:37:10.881 xcodebuild[6206:8052675] [MT] IDELaunchParametersSnapshot: no debugger version
2026-06-01 06:37:15.830 xcodebuild[6206:8052675] [MT] IDETestOperationsObserverDebug: 16.531 elapsed -- Testing started completed.
2026-06-01 06:37:15.830 xcodebuild[6206:8052675] [MT] IDETestOperationsObserverDebug: 0.000 sec, +0.000 sec -- start
2026-06-01 06:37:15.830 xcodebuild[6206:8052675] [MT] IDETestOperationsObserverDebug: 16.531 sec, +16.531 sec -- end
