Command line invocation:
    /Applications/Xcode.app/Contents/Developer/usr/bin/xcodebuild test-without-building -project /Users/jojolim/Developer/products/speaklocal/app-family/.worktrees/city-listings-production-ready/native-ios/SpeakLocalNative.xcodeproj -scheme SpeakLocalNative -destination "platform=iOS Simulator,id=7C386DD3-4BF1-4A34-A918-768C43CD1258" -derivedDataPath /Users/jojolim/Library/Developer/XcodeBuildMCP/workspaces/orchestrator-309442864093/DerivedData/SpeakLocalNative-8f3e721625a0 "-only-testing:SpeakLocalNativeUITests/CityAppDetailV22RenderProofUITests/testCaptureCityAppDetailV22RenderProofBatch"

2026-06-01 08:24:46.775743+0700 SpeakLocalNativeUITests-Runner[31182:8499706] [Default] Running tests...
    t =      nans Interface orientation changed to Portrait
Test Suite 'Selected tests' started at 2026-06-01 08:24:47.144.
Test Suite 'SpeakLocalNativeUITests.xctest' started at 2026-06-01 08:24:47.145.
Test Suite 'CityAppDetailV22RenderProofUITests' started at 2026-06-01 08:24:47.145.
Test Case '-[SpeakLocalNativeUITests.CityAppDetailV22RenderProofUITests testCaptureCityAppDetailV22RenderProofBatch]' started.
    t =     0.00s Start Test at 2026-06-01 08:24:47.145
    t =     0.02s Set Up
    t =     0.02s Open app.speaklocal.vietnam.native
    t =     0.02s     Launch app.speaklocal.vietnam.native
objc[31182]: Class UIAccessibilityLoaderWebShared is implemented in both /Library/Developer/CoreSimulator/Volumes/iOS_23F77/Library/Developer/CoreSimulator/Profiles/Runtimes/iOS 26.5.simruntime/Contents/Resources/RuntimeRoot/System/Library/AccessibilityBundles/WebCore.axbundle/WebCore (0x10a33c310) and /Library/Developer/CoreSimulator/Volumes/iOS_23F77/Library/Developer/CoreSimulator/Profiles/Runtimes/iOS 26.5.simruntime/Contents/Resources/RuntimeRoot/System/Library/AccessibilityBundles/WebKit.axbundle/WebKit (0x109b88398). This may cause spurious casting failures and mysterious crashes. One of the duplicates must be removed or renamed.
    t =     1.89s         Setting up automation session
    t =     2.33s         Wait for app.speaklocal.vietnam.native to idle
    t =     3.82s Checking existence of `"Xưởng thủ công mỹ nghệ Hội An" StaticText`
    t =     3.96s Waiting 8.0s for "Xưởng thủ công mỹ nghệ Hội An" StaticText to exist
    t =     5.00s     Checking `Expect predicate `existsNoRetry == 1` for object "Xưởng thủ công mỹ nghệ Hội An" StaticText`
    t =     5.00s         Checking existence of `"Xưởng thủ công mỹ nghệ Hội An" StaticText`
    t =     5.17s Swipe up Target Application 'app.speaklocal.vietnam.native'
    t =     5.17s     Wait for app.speaklocal.vietnam.native to idle
    t =     5.17s     Find the Target Application 'app.speaklocal.vietnam.native'
    t =     5.19s     Check for interrupting elements affecting "SpeakLocal Vietnam" Application
    t =     5.20s     Synthesize event
    t =     5.62s     Wait for app.speaklocal.vietnam.native to idle
    t =     7.74s Swipe up Target Application 'app.speaklocal.vietnam.native'
    t =     7.74s     Wait for app.speaklocal.vietnam.native to idle
    t =     7.99s     Find the Target Application 'app.speaklocal.vietnam.native'
    t =     8.01s     Check for interrupting elements affecting "SpeakLocal Vietnam" Application
    t =     8.04s     Synthesize event
    t =     8.46s     Wait for app.speaklocal.vietnam.native to idle
    t =     9.20s Terminate app.speaklocal.vietnam.native:31263
    t =    10.26s Open app.speaklocal.vietnam.native
    t =    10.26s     Launch app.speaklocal.vietnam.native
    t =    10.47s         Setting up automation session
    t =    10.93s         Wait for app.speaklocal.vietnam.native to idle
    t =    12.43s Waiting 4.0s for TabBar (First Match) to exist
    t =    13.47s     Checking `Expect predicate `existsNoRetry == 1` for object TabBar (First Match)`
    t =    13.47s         Checking existence of `TabBar (First Match)`
    t =    13.53s Checking existence of `"PhraseArticle.BottomSentinel.viet-family-city-hoian-place-handicraft-workshop" Other`
    t =    13.61s Checking existence of `"PhraseArticle.BottomSentinel.viet-phrase-city-hoian-place-handicraft-workshop" Other`
    t =    13.63s Find the "PhraseArticle.BottomSentinel.viet-phrase-city-hoian-place-handicraft-workshop" Other
    t =    13.65s Checking existence of `TabBar (First Match)`
    t =    13.65s Find the TabBar (First Match)
    t =    13.66s Find the Target Application 'app.speaklocal.vietnam.native'
    t =    13.75s Terminate app.speaklocal.vietnam.native:31356
    t =    14.81s Tear Down
Test Case '-[SpeakLocalNativeUITests.CityAppDetailV22RenderProofUITests testCaptureCityAppDetailV22RenderProofBatch]' passed (14.899 seconds).
Test Suite 'CityAppDetailV22RenderProofUITests' passed at 2026-06-01 08:25:02.046.
	 Executed 1 test, with 0 failures (0 unexpected) in 14.899 (14.901) seconds
Test Suite 'SpeakLocalNativeUITests.xctest' passed at 2026-06-01 08:25:02.047.
	 Executed 1 test, with 0 failures (0 unexpected) in 14.899 (14.903) seconds
Test Suite 'Selected tests' passed at 2026-06-01 08:25:02.048.
	 Executed 1 test, with 0 failures (0 unexpected) in 14.899 (14.904) seconds

Test session results, code coverage, and logs:
	/Users/jojolim/Library/Developer/XcodeBuildMCP/workspaces/orchestrator-309442864093/DerivedData/SpeakLocalNative-8f3e721625a0/Logs/Test/Test-SpeakLocalNative-2026.06.01_08-24-45-+0700.xcresult

** TEST EXECUTE SUCCEEDED **

Testing started

2026-06-01 08:24:47.205 xcodebuild[31179:8499535] [MT] IDELaunchParametersSnapshot: The operation couldn’t be completed. (DebuggerLLDB.DebuggerVersionStore.StoreError error 0.)
2026-06-01 08:24:47.205 xcodebuild[31179:8499535] [MT] IDELaunchParametersSnapshot: no debugger version
2026-06-01 08:24:57.405 xcodebuild[31179:8499535] [MT] IDELaunchParametersSnapshot: The operation couldn’t be completed. (DebuggerLLDB.DebuggerVersionStore.StoreError error 0.)
2026-06-01 08:24:57.405 xcodebuild[31179:8499535] [MT] IDELaunchParametersSnapshot: no debugger version
2026-06-01 08:25:02.356 xcodebuild[31179:8499535] [MT] IDETestOperationsObserverDebug: 16.389 elapsed -- Testing started completed.
2026-06-01 08:25:02.356 xcodebuild[31179:8499535] [MT] IDETestOperationsObserverDebug: 0.000 sec, +0.000 sec -- start
2026-06-01 08:25:02.356 xcodebuild[31179:8499535] [MT] IDETestOperationsObserverDebug: 16.390 sec, +16.390 sec -- end
