Command line invocation:
    /Applications/Xcode.app/Contents/Developer/usr/bin/xcodebuild test-without-building -project /Users/jojolim/Developer/products/speaklocal/app-family/.worktrees/city-listings-production-ready/native-ios/SpeakLocalNative.xcodeproj -scheme SpeakLocalNative -destination "platform=iOS Simulator,id=7C386DD3-4BF1-4A34-A918-768C43CD1258" -derivedDataPath /Users/jojolim/Library/Developer/XcodeBuildMCP/workspaces/orchestrator-309442864093/DerivedData/SpeakLocalNative-8f3e721625a0 "-only-testing:SpeakLocalNativeUITests/CityAppDetailV22RenderProofUITests/testCaptureCityAppDetailV22RenderProofBatch"

2026-06-01 08:57:24.430960+0700 SpeakLocalNativeUITests-Runner[55191:8604868] [Default] Running tests...
    t =      nans Interface orientation changed to Portrait
Test Suite 'Selected tests' started at 2026-06-01 08:57:24.800.
Test Suite 'SpeakLocalNativeUITests.xctest' started at 2026-06-01 08:57:24.800.
Test Suite 'CityAppDetailV22RenderProofUITests' started at 2026-06-01 08:57:24.800.
Test Case '-[SpeakLocalNativeUITests.CityAppDetailV22RenderProofUITests testCaptureCityAppDetailV22RenderProofBatch]' started.
    t =     0.00s Start Test at 2026-06-01 08:57:24.800
    t =     0.02s Set Up
    t =     0.02s Open app.speaklocal.vietnam.native
    t =     0.02s     Launch app.speaklocal.vietnam.native
objc[55191]: Class UIAccessibilityLoaderWebShared is implemented in both /Library/Developer/CoreSimulator/Volumes/iOS_23F77/Library/Developer/CoreSimulator/Profiles/Runtimes/iOS 26.5.simruntime/Contents/Resources/RuntimeRoot/System/Library/AccessibilityBundles/WebCore.axbundle/WebCore (0x108d50310) and /Library/Developer/CoreSimulator/Volumes/iOS_23F77/Library/Developer/CoreSimulator/Profiles/Runtimes/iOS 26.5.simruntime/Contents/Resources/RuntimeRoot/System/Library/AccessibilityBundles/WebKit.axbundle/WebKit (0x108570398). This may cause spurious casting failures and mysterious crashes. One of the duplicates must be removed or renamed.
    t =     1.89s         Setting up automation session
    t =     2.50s         Wait for app.speaklocal.vietnam.native to idle
    t =     3.99s Checking existence of `"Thuyền hải sản phá Tam Giang" StaticText`
    t =     4.09s Waiting 8.0s for "Thuyền hải sản phá Tam Giang" StaticText to exist
    t =     5.13s     Checking `Expect predicate `existsNoRetry == 1` for object "Thuyền hải sản phá Tam Giang" StaticText`
    t =     5.13s         Checking existence of `"Thuyền hải sản phá Tam Giang" StaticText`
    t =     5.29s Swipe up Target Application 'app.speaklocal.vietnam.native'
    t =     5.29s     Wait for app.speaklocal.vietnam.native to idle
    t =     5.29s     Find the Target Application 'app.speaklocal.vietnam.native'
    t =     5.31s     Check for interrupting elements affecting "SpeakLocal Vietnam" Application
    t =     5.32s     Synthesize event
    t =     5.75s     Wait for app.speaklocal.vietnam.native to idle
    t =     7.90s Swipe up Target Application 'app.speaklocal.vietnam.native'
    t =     7.90s     Wait for app.speaklocal.vietnam.native to idle
    t =     7.90s     Find the Target Application 'app.speaklocal.vietnam.native'
    t =     7.93s     Check for interrupting elements affecting "SpeakLocal Vietnam" Application
    t =     7.95s     Synthesize event
    t =     8.38s     Wait for app.speaklocal.vietnam.native to idle
    t =     9.03s Terminate app.speaklocal.vietnam.native:55252
    t =    10.10s Open app.speaklocal.vietnam.native
    t =    10.10s     Launch app.speaklocal.vietnam.native
    t =    10.31s         Setting up automation session
    t =    10.78s         Wait for app.speaklocal.vietnam.native to idle
    t =    12.24s Waiting 4.0s for TabBar (First Match) to exist
    t =    13.28s     Checking `Expect predicate `existsNoRetry == 1` for object TabBar (First Match)`
    t =    13.28s         Checking existence of `TabBar (First Match)`
    t =    13.34s Checking existence of `"PhraseArticle.BottomSentinel.viet-family-city-hue-place-lagoon-seafood-boat" Other`
    t =    13.42s Checking existence of `"PhraseArticle.BottomSentinel.viet-phrase-city-hue-place-lagoon-seafood-boat" Other`
    t =    13.44s Find the "PhraseArticle.BottomSentinel.viet-phrase-city-hue-place-lagoon-seafood-boat" Other
    t =    13.46s Checking existence of `TabBar (First Match)`
    t =    13.46s Find the TabBar (First Match)
    t =    13.47s Find the Target Application 'app.speaklocal.vietnam.native'
    t =    13.56s Terminate app.speaklocal.vietnam.native:55376
    t =    14.63s Tear Down
Test Case '-[SpeakLocalNativeUITests.CityAppDetailV22RenderProofUITests testCaptureCityAppDetailV22RenderProofBatch]' passed (14.687 seconds).
Test Suite 'CityAppDetailV22RenderProofUITests' passed at 2026-06-01 08:57:39.488.
	 Executed 1 test, with 0 failures (0 unexpected) in 14.687 (14.688) seconds
Test Suite 'SpeakLocalNativeUITests.xctest' passed at 2026-06-01 08:57:39.489.
	 Executed 1 test, with 0 failures (0 unexpected) in 14.687 (14.689) seconds
Test Suite 'Selected tests' passed at 2026-06-01 08:57:39.490.
	 Executed 1 test, with 0 failures (0 unexpected) in 14.687 (14.690) seconds

Test session results, code coverage, and logs:
	/Users/jojolim/Library/Developer/XcodeBuildMCP/workspaces/orchestrator-309442864093/DerivedData/SpeakLocalNative-8f3e721625a0/Logs/Test/Test-SpeakLocalNative-2026.06.01_08-57-23-+0700.xcresult

** TEST EXECUTE SUCCEEDED **

Testing started

2026-06-01 08:57:24.861 xcodebuild[55189:8604681] [MT] IDELaunchParametersSnapshot: The operation couldn’t be completed. (DebuggerLLDB.DebuggerVersionStore.StoreError error 0.)
2026-06-01 08:57:24.861 xcodebuild[55189:8604681] [MT] IDELaunchParametersSnapshot: no debugger version
2026-06-01 08:57:34.901 xcodebuild[55189:8604681] [MT] IDELaunchParametersSnapshot: The operation couldn’t be completed. (DebuggerLLDB.DebuggerVersionStore.StoreError error 0.)
2026-06-01 08:57:34.901 xcodebuild[55189:8604681] [MT] IDELaunchParametersSnapshot: no debugger version
2026-06-01 08:57:39.790 xcodebuild[55189:8604681] [MT] IDETestOperationsObserverDebug: 16.212 elapsed -- Testing started completed.
2026-06-01 08:57:39.790 xcodebuild[55189:8604681] [MT] IDETestOperationsObserverDebug: 0.000 sec, +0.000 sec -- start
2026-06-01 08:57:39.790 xcodebuild[55189:8604681] [MT] IDETestOperationsObserverDebug: 16.212 sec, +16.212 sec -- end
