Command line invocation:
    /Applications/Xcode.app/Contents/Developer/usr/bin/xcodebuild test-without-building -project /Users/jojolim/Developer/products/speaklocal/app-family/.worktrees/city-listings-production-ready/native-ios/SpeakLocalNative.xcodeproj -scheme SpeakLocalNative -destination "platform=iOS Simulator,id=7C386DD3-4BF1-4A34-A918-768C43CD1258" -derivedDataPath /Users/jojolim/Library/Developer/XcodeBuildMCP/workspaces/orchestrator-309442864093/DerivedData/SpeakLocalNative-8f3e721625a0 "-only-testing:SpeakLocalNativeUITests/CityAppDetailV22RenderProofUITests/testCaptureCityAppDetailV22RenderProofBatch"

2026-06-01 04:02:30.257311+0700 SpeakLocalNativeUITests-Runner[93553:7386081] [Default] Running tests...
    t =      nans Interface orientation changed to Portrait
Test Suite 'Selected tests' started at 2026-06-01 04:02:30.629.
Test Suite 'SpeakLocalNativeUITests.xctest' started at 2026-06-01 04:02:30.629.
Test Suite 'CityAppDetailV22RenderProofUITests' started at 2026-06-01 04:02:30.629.
Test Case '-[SpeakLocalNativeUITests.CityAppDetailV22RenderProofUITests testCaptureCityAppDetailV22RenderProofBatch]' started.
    t =     0.00s Start Test at 2026-06-01 04:02:30.630
    t =     0.02s Set Up
    t =     0.02s Open app.speaklocal.vietnam.native
    t =     0.02s     Launch app.speaklocal.vietnam.native
objc[93553]: Class UIAccessibilityLoaderWebShared is implemented in both /Library/Developer/CoreSimulator/Volumes/iOS_23F77/Library/Developer/CoreSimulator/Profiles/Runtimes/iOS 26.5.simruntime/Contents/Resources/RuntimeRoot/System/Library/AccessibilityBundles/WebCore.axbundle/WebCore (0x106bdc310) and /Library/Developer/CoreSimulator/Volumes/iOS_23F77/Library/Developer/CoreSimulator/Profiles/Runtimes/iOS 26.5.simruntime/Contents/Resources/RuntimeRoot/System/Library/AccessibilityBundles/WebKit.axbundle/WebKit (0x106448398). This may cause spurious casting failures and mysterious crashes. One of the duplicates must be removed or renamed.
    t =     1.90s         Setting up automation session
    t =     2.43s         Wait for app.speaklocal.vietnam.native to idle
    t =     3.90s Checking existence of `"Bến thuyền Tòa Khâm" StaticText`
    t =     4.07s Waiting 8.0s for "Bến thuyền Tòa Khâm" StaticText to exist
    t =     5.13s     Checking `Expect predicate `existsNoRetry == 1` for object "Bến thuyền Tòa Khâm" StaticText`
    t =     5.14s         Checking existence of `"Bến thuyền Tòa Khâm" StaticText`
    t =     5.30s Swipe up Target Application 'app.speaklocal.vietnam.native'
    t =     5.30s     Wait for app.speaklocal.vietnam.native to idle
    t =     5.30s     Find the Target Application 'app.speaklocal.vietnam.native'
    t =     5.32s     Check for interrupting elements affecting "SpeakLocal Vietnam" Application
    t =     5.34s     Synthesize event
    t =     5.76s     Wait for app.speaklocal.vietnam.native to idle
    t =     7.86s Swipe up Target Application 'app.speaklocal.vietnam.native'
    t =     7.86s     Wait for app.speaklocal.vietnam.native to idle
    t =     7.87s     Find the Target Application 'app.speaklocal.vietnam.native'
    t =     7.89s     Check for interrupting elements affecting "SpeakLocal Vietnam" Application
    t =     7.92s     Synthesize event
    t =     8.34s     Wait for app.speaklocal.vietnam.native to idle
    t =     9.03s Terminate app.speaklocal.vietnam.native:93632
    t =    10.13s Open app.speaklocal.vietnam.native
    t =    10.13s     Launch app.speaklocal.vietnam.native
    t =    10.35s         Setting up automation session
    t =    10.86s         Wait for app.speaklocal.vietnam.native to idle
    t =    12.35s Waiting 4.0s for TabBar (First Match) to exist
    t =    13.42s     Checking `Expect predicate `existsNoRetry == 1` for object TabBar (First Match)`
    t =    13.43s         Checking existence of `TabBar (First Match)`
    t =    13.46s Checking existence of `"PhraseArticle.BottomSentinel.viet-family-city-hue-place-toa-kham-boat-station" Other`
    t =    13.54s Checking existence of `"PhraseArticle.BottomSentinel.viet-phrase-city-hue-place-toa-kham-boat-station" Other`
    t =    13.56s Find the "PhraseArticle.BottomSentinel.viet-phrase-city-hue-place-toa-kham-boat-station" Other
    t =    13.58s Checking existence of `TabBar (First Match)`
    t =    13.59s Find the TabBar (First Match)
    t =    13.60s Find the Target Application 'app.speaklocal.vietnam.native'
    t =    13.71s Terminate app.speaklocal.vietnam.native:93719
    t =    14.80s Tear Down
Test Case '-[SpeakLocalNativeUITests.CityAppDetailV22RenderProofUITests testCaptureCityAppDetailV22RenderProofBatch]' passed (14.873 seconds).
Test Suite 'CityAppDetailV22RenderProofUITests' passed at 2026-06-01 04:02:45.504.
	 Executed 1 test, with 0 failures (0 unexpected) in 14.873 (14.874) seconds
Test Suite 'SpeakLocalNativeUITests.xctest' passed at 2026-06-01 04:02:45.505.
	 Executed 1 test, with 0 failures (0 unexpected) in 14.873 (14.875) seconds
Test Suite 'Selected tests' passed at 2026-06-01 04:02:45.505.
	 Executed 1 test, with 0 failures (0 unexpected) in 14.873 (14.876) seconds

Test session results, code coverage, and logs:
	/Users/jojolim/Library/Developer/XcodeBuildMCP/workspaces/orchestrator-309442864093/DerivedData/SpeakLocalNative-8f3e721625a0/Logs/Test/Test-SpeakLocalNative-2026.06.01_04-02-29-+0700.xcresult

** TEST EXECUTE SUCCEEDED **

Testing started

2026-06-01 04:02:30.695 xcodebuild[93532:7385891] [MT] IDELaunchParametersSnapshot: The operation couldn’t be completed. (DebuggerLLDB.DebuggerVersionStore.StoreError error 0.)
2026-06-01 04:02:30.695 xcodebuild[93532:7385891] [MT] IDELaunchParametersSnapshot: no debugger version
2026-06-01 04:02:40.766 xcodebuild[93532:7385891] [MT] IDELaunchParametersSnapshot: The operation couldn’t be completed. (DebuggerLLDB.DebuggerVersionStore.StoreError error 0.)
2026-06-01 04:02:40.766 xcodebuild[93532:7385891] [MT] IDELaunchParametersSnapshot: no debugger version
2026-06-01 04:02:45.813 xcodebuild[93532:7385891] [MT] IDETestOperationsObserverDebug: 16.365 elapsed -- Testing started completed.
2026-06-01 04:02:45.813 xcodebuild[93532:7385891] [MT] IDETestOperationsObserverDebug: 0.000 sec, +0.000 sec -- start
2026-06-01 04:02:45.813 xcodebuild[93532:7385891] [MT] IDETestOperationsObserverDebug: 16.365 sec, +16.365 sec -- end
