Command line invocation:
    /Applications/Xcode.app/Contents/Developer/usr/bin/xcodebuild test-without-building -project /Users/jojolim/Developer/products/speaklocal/app-family/.worktrees/city-listings-production-ready/native-ios/SpeakLocalNative.xcodeproj -scheme SpeakLocalNative -destination "platform=iOS Simulator,id=7C386DD3-4BF1-4A34-A918-768C43CD1258" -derivedDataPath /Users/jojolim/Library/Developer/XcodeBuildMCP/workspaces/orchestrator-309442864093/DerivedData/SpeakLocalNative-8f3e721625a0 "-only-testing:SpeakLocalNativeUITests/CityAppDetailV22RenderProofUITests/testCaptureCityAppDetailV22RenderProofBatch"

2026-06-01 23:49:23.991649+0700 SpeakLocalNativeUITests-Runner[26819:10266806] [Default] Running tests...
    t =      nans Interface orientation changed to Portrait
Test Suite 'Selected tests' started at 2026-06-01 23:49:24.366.
Test Suite 'SpeakLocalNativeUITests.xctest' started at 2026-06-01 23:49:24.366.
Test Suite 'CityAppDetailV22RenderProofUITests' started at 2026-06-01 23:49:24.366.
Test Case '-[SpeakLocalNativeUITests.CityAppDetailV22RenderProofUITests testCaptureCityAppDetailV22RenderProofBatch]' started.
    t =     0.00s Start Test at 2026-06-01 23:49:24.366
    t =     0.02s Set Up
    t =     0.02s Open app.speaklocal.vietnam.native
    t =     0.02s     Launch app.speaklocal.vietnam.native
objc[26819]: Class UIAccessibilityLoaderWebShared is implemented in both /Library/Developer/CoreSimulator/Volumes/iOS_23F77/Library/Developer/CoreSimulator/Profiles/Runtimes/iOS 26.5.simruntime/Contents/Resources/RuntimeRoot/System/Library/AccessibilityBundles/WebCore.axbundle/WebCore (0x108894310) and /Library/Developer/CoreSimulator/Volumes/iOS_23F77/Library/Developer/CoreSimulator/Profiles/Runtimes/iOS 26.5.simruntime/Contents/Resources/RuntimeRoot/System/Library/AccessibilityBundles/WebKit.axbundle/WebKit (0x107f98398). This may cause spurious casting failures and mysterious crashes. One of the duplicates must be removed or renamed.
    t =     2.53s         Setting up automation session
    t =     3.31s         Wait for app.speaklocal.vietnam.native to idle
    t =     5.10s Checking existence of `"Cung Diên Thọ" StaticText`
    t =     5.27s Waiting 8.0s for "Cung Diên Thọ" StaticText to exist
    t =     6.31s     Checking `Expect predicate `existsNoRetry == 1` for object "Cung Diên Thọ" StaticText`
    t =     6.31s         Checking existence of `"Cung Diên Thọ" StaticText`
    t =     6.47s Swipe up Target Application 'app.speaklocal.vietnam.native'
    t =     6.47s     Wait for app.speaklocal.vietnam.native to idle
    t =     6.47s     Find the Target Application 'app.speaklocal.vietnam.native'
    t =     6.48s     Check for interrupting elements affecting "SpeakLocal Vietnam" Application
    t =     6.50s     Synthesize event
    t =     6.92s     Wait for app.speaklocal.vietnam.native to idle
    t =     9.03s Swipe up Target Application 'app.speaklocal.vietnam.native'
    t =     9.03s     Wait for app.speaklocal.vietnam.native to idle
    t =     9.25s     Find the Target Application 'app.speaklocal.vietnam.native'
    t =     9.29s     Check for interrupting elements affecting "SpeakLocal Vietnam" Application
    t =     9.31s     Synthesize event
    t =     9.73s     Wait for app.speaklocal.vietnam.native to idle
    t =    10.46s Terminate app.speaklocal.vietnam.native:26899
    t =    11.52s Open app.speaklocal.vietnam.native
    t =    11.52s     Launch app.speaklocal.vietnam.native
    t =    11.72s         Setting up automation session
    t =    12.21s         Wait for app.speaklocal.vietnam.native to idle
    t =    13.69s Waiting 4.0s for TabBar (First Match) to exist
    t =    14.74s     Checking `Expect predicate `existsNoRetry == 1` for object TabBar (First Match)`
    t =    14.74s         Checking existence of `TabBar (First Match)`
    t =    14.80s Checking existence of `"PhraseArticle.BottomSentinel.viet-family-city-hue-place-dien-tho-palace" Other`
    t =    14.90s Checking existence of `"PhraseArticle.BottomSentinel.viet-phrase-city-hue-place-dien-tho-palace" Other`
    t =    14.93s Find the "PhraseArticle.BottomSentinel.viet-phrase-city-hue-place-dien-tho-palace" Other
    t =    14.96s Checking existence of `TabBar (First Match)`
    t =    14.97s Find the TabBar (First Match)
    t =    14.98s Find the Target Application 'app.speaklocal.vietnam.native'
    t =    15.11s Terminate app.speaklocal.vietnam.native:26984
    t =    16.16s Tear Down
Test Case '-[SpeakLocalNativeUITests.CityAppDetailV22RenderProofUITests testCaptureCityAppDetailV22RenderProofBatch]' passed (16.220 seconds).
Test Suite 'CityAppDetailV22RenderProofUITests' passed at 2026-06-01 23:49:40.587.
	 Executed 1 test, with 0 failures (0 unexpected) in 16.220 (16.221) seconds
Test Suite 'SpeakLocalNativeUITests.xctest' passed at 2026-06-01 23:49:40.587.
	 Executed 1 test, with 0 failures (0 unexpected) in 16.220 (16.222) seconds
Test Suite 'Selected tests' passed at 2026-06-01 23:49:40.588.
	 Executed 1 test, with 0 failures (0 unexpected) in 16.220 (16.222) seconds

Test session results, code coverage, and logs:
	/Users/jojolim/Library/Developer/XcodeBuildMCP/workspaces/orchestrator-309442864093/DerivedData/SpeakLocalNative-8f3e721625a0/Logs/Test/Test-SpeakLocalNative-2026.06.01_23-49-23-+0700.xcresult

** TEST EXECUTE SUCCEEDED **

Testing started

2026-06-01 23:49:24.425 xcodebuild[26804:10266631] [MT] IDELaunchParametersSnapshot: The operation couldn’t be completed. (DebuggerLLDB.DebuggerVersionStore.StoreError error 0.)
2026-06-01 23:49:24.425 xcodebuild[26804:10266631] [MT] IDELaunchParametersSnapshot: no debugger version
2026-06-01 23:49:35.883 xcodebuild[26804:10266631] [MT] IDELaunchParametersSnapshot: The operation couldn’t be completed. (DebuggerLLDB.DebuggerVersionStore.StoreError error 0.)
2026-06-01 23:49:35.883 xcodebuild[26804:10266631] [MT] IDELaunchParametersSnapshot: no debugger version
2026-06-01 23:49:40.873 xcodebuild[26804:10266631] [MT] IDETestOperationsObserverDebug: 17.684 elapsed -- Testing started completed.
2026-06-01 23:49:40.873 xcodebuild[26804:10266631] [MT] IDETestOperationsObserverDebug: 0.000 sec, +0.000 sec -- start
2026-06-01 23:49:40.873 xcodebuild[26804:10266631] [MT] IDETestOperationsObserverDebug: 17.684 sec, +17.684 sec -- end
