Command line invocation:
    /Applications/Xcode.app/Contents/Developer/usr/bin/xcodebuild test-without-building -project /Users/jojolim/Developer/products/speaklocal/app-family/.worktrees/city-listings-production-ready/native-ios/SpeakLocalNative.xcodeproj -scheme SpeakLocalNative -destination "platform=iOS Simulator,id=7C386DD3-4BF1-4A34-A918-768C43CD1258" -derivedDataPath /Users/jojolim/Library/Developer/XcodeBuildMCP/workspaces/orchestrator-309442864093/DerivedData/SpeakLocalNative-8f3e721625a0 "-only-testing:SpeakLocalNativeUITests/CityAppDetailV22RenderProofUITests/testCaptureCityAppDetailV22RenderProofBatch"

2026-06-01 07:24:37.391362+0700 SpeakLocalNativeUITests-Runner[58187:8261457] [Default] Running tests...
    t =      nans Interface orientation changed to Portrait
Test Suite 'Selected tests' started at 2026-06-01 07:24:37.762.
Test Suite 'SpeakLocalNativeUITests.xctest' started at 2026-06-01 07:24:37.762.
Test Suite 'CityAppDetailV22RenderProofUITests' started at 2026-06-01 07:24:37.762.
Test Case '-[SpeakLocalNativeUITests.CityAppDetailV22RenderProofUITests testCaptureCityAppDetailV22RenderProofBatch]' started.
    t =     0.00s Start Test at 2026-06-01 07:24:37.763
    t =     0.01s Set Up
    t =     0.02s Open app.speaklocal.vietnam.native
    t =     0.02s     Launch app.speaklocal.vietnam.native
objc[58187]: Class UIAccessibilityLoaderWebShared is implemented in both /Library/Developer/CoreSimulator/Volumes/iOS_23F77/Library/Developer/CoreSimulator/Profiles/Runtimes/iOS 26.5.simruntime/Contents/Resources/RuntimeRoot/System/Library/AccessibilityBundles/WebCore.axbundle/WebCore (0x1088dc310) and /Library/Developer/CoreSimulator/Volumes/iOS_23F77/Library/Developer/CoreSimulator/Profiles/Runtimes/iOS 26.5.simruntime/Contents/Resources/RuntimeRoot/System/Library/AccessibilityBundles/WebKit.axbundle/WebKit (0x1080ac398). This may cause spurious casting failures and mysterious crashes. One of the duplicates must be removed or renamed.
    t =     1.88s         Setting up automation session
    t =     2.39s         Wait for app.speaklocal.vietnam.native to idle
    t =     3.84s Checking existence of `"Gỏi cuốn ở Thành phố Hồ Chí Minh" StaticText`
    t =     3.97s Waiting 8.0s for "Gỏi cuốn ở Thành phố Hồ Chí Minh" StaticText to exist
    t =     5.03s     Checking `Expect predicate `existsNoRetry == 1` for object "Gỏi cuốn ở Thành phố Hồ Chí Minh" StaticText`
    t =     5.03s         Checking existence of `"Gỏi cuốn ở Thành phố Hồ Chí Minh" StaticText`
    t =     5.19s Swipe up Target Application 'app.speaklocal.vietnam.native'
    t =     5.19s     Wait for app.speaklocal.vietnam.native to idle
    t =     5.19s     Find the Target Application 'app.speaklocal.vietnam.native'
    t =     5.20s     Check for interrupting elements affecting "SpeakLocal Vietnam" Application
    t =     5.22s     Synthesize event
    t =     5.65s     Wait for app.speaklocal.vietnam.native to idle
    t =     7.75s Swipe up Target Application 'app.speaklocal.vietnam.native'
    t =     7.75s     Wait for app.speaklocal.vietnam.native to idle
    t =     7.75s     Find the Target Application 'app.speaklocal.vietnam.native'
    t =     7.77s     Check for interrupting elements affecting "SpeakLocal Vietnam" Application
    t =     7.80s     Synthesize event
    t =     8.23s     Wait for app.speaklocal.vietnam.native to idle
    t =     9.14s Terminate app.speaklocal.vietnam.native:58265
    t =    10.20s Open app.speaklocal.vietnam.native
    t =    10.20s     Launch app.speaklocal.vietnam.native
    t =    10.41s         Setting up automation session
    t =    10.89s         Wait for app.speaklocal.vietnam.native to idle
    t =    12.38s Waiting 4.0s for TabBar (First Match) to exist
    t =    13.41s     Checking `Expect predicate `existsNoRetry == 1` for object TabBar (First Match)`
    t =    13.42s         Checking existence of `TabBar (First Match)`
    t =    13.47s Checking existence of `"PhraseArticle.BottomSentinel.viet-family-city-hcmc-place-goi-cuon" Other`
    t =    13.55s Checking existence of `"PhraseArticle.BottomSentinel.viet-phrase-city-hcmc-place-goi-cuon" Other`
    t =    13.57s Find the "PhraseArticle.BottomSentinel.viet-phrase-city-hcmc-place-goi-cuon" Other
    t =    13.59s Checking existence of `TabBar (First Match)`
    t =    13.60s Find the TabBar (First Match)
    t =    13.61s Find the Target Application 'app.speaklocal.vietnam.native'
    t =    13.70s Terminate app.speaklocal.vietnam.native:58355
    t =    14.78s Tear Down
Test Case '-[SpeakLocalNativeUITests.CityAppDetailV22RenderProofUITests testCaptureCityAppDetailV22RenderProofBatch]' passed (14.839 seconds).
Test Suite 'CityAppDetailV22RenderProofUITests' passed at 2026-06-01 07:24:52.603.
	 Executed 1 test, with 0 failures (0 unexpected) in 14.839 (14.841) seconds
Test Suite 'SpeakLocalNativeUITests.xctest' passed at 2026-06-01 07:24:52.604.
	 Executed 1 test, with 0 failures (0 unexpected) in 14.839 (14.842) seconds
Test Suite 'Selected tests' passed at 2026-06-01 07:24:52.605.
	 Executed 1 test, with 0 failures (0 unexpected) in 14.839 (14.843) seconds

Test session results, code coverage, and logs:
	/Users/jojolim/Library/Developer/XcodeBuildMCP/workspaces/orchestrator-309442864093/DerivedData/SpeakLocalNative-8f3e721625a0/Logs/Test/Test-SpeakLocalNative-2026.06.01_07-24-36-+0700.xcresult

** TEST EXECUTE SUCCEEDED **

Testing started

2026-06-01 07:24:37.810 xcodebuild[58184:8261278] [MT] IDELaunchParametersSnapshot: The operation couldn’t be completed. (DebuggerLLDB.DebuggerVersionStore.StoreError error 0.)
2026-06-01 07:24:37.810 xcodebuild[58184:8261278] [MT] IDELaunchParametersSnapshot: no debugger version
2026-06-01 07:24:47.960 xcodebuild[58184:8261278] [MT] IDELaunchParametersSnapshot: The operation couldn’t be completed. (DebuggerLLDB.DebuggerVersionStore.StoreError error 0.)
2026-06-01 07:24:47.960 xcodebuild[58184:8261278] [MT] IDELaunchParametersSnapshot: no debugger version
2026-06-01 07:24:52.902 xcodebuild[58184:8261278] [MT] IDETestOperationsObserverDebug: 16.338 elapsed -- Testing started completed.
2026-06-01 07:24:52.902 xcodebuild[58184:8261278] [MT] IDETestOperationsObserverDebug: 0.000 sec, +0.000 sec -- start
2026-06-01 07:24:52.902 xcodebuild[58184:8261278] [MT] IDETestOperationsObserverDebug: 16.338 sec, +16.338 sec -- end
