Command line invocation:
    /Applications/Xcode.app/Contents/Developer/usr/bin/xcodebuild test-without-building -project /Users/jojolim/Developer/products/speaklocal/app-family/.worktrees/city-listings-production-ready/native-ios/SpeakLocalNative.xcodeproj -scheme SpeakLocalNative -destination "platform=iOS Simulator,id=7C386DD3-4BF1-4A34-A918-768C43CD1258" -derivedDataPath /Users/jojolim/Library/Developer/XcodeBuildMCP/workspaces/orchestrator-309442864093/DerivedData/SpeakLocalNative-8f3e721625a0 "-only-testing:SpeakLocalNativeUITests/CityAppDetailV22RenderProofUITests/testCaptureCityAppDetailV22RenderProofBatch"

2026-06-01 06:42:39.472313+0700 SpeakLocalNativeUITests-Runner[11870:8078718] [Default] Running tests...
    t =      nans Interface orientation changed to Portrait
Test Suite 'Selected tests' started at 2026-06-01 06:42:39.839.
Test Suite 'SpeakLocalNativeUITests.xctest' started at 2026-06-01 06:42:39.839.
Test Suite 'CityAppDetailV22RenderProofUITests' started at 2026-06-01 06:42:39.839.
Test Case '-[SpeakLocalNativeUITests.CityAppDetailV22RenderProofUITests testCaptureCityAppDetailV22RenderProofBatch]' started.
    t =     0.00s Start Test at 2026-06-01 06:42:39.840
    t =     0.02s Set Up
    t =     0.02s Open app.speaklocal.vietnam.native
    t =     0.02s     Launch app.speaklocal.vietnam.native
objc[11870]: Class UIAccessibilityLoaderWebShared is implemented in both /Library/Developer/CoreSimulator/Volumes/iOS_23F77/Library/Developer/CoreSimulator/Profiles/Runtimes/iOS 26.5.simruntime/Contents/Resources/RuntimeRoot/System/Library/AccessibilityBundles/WebCore.axbundle/WebCore (0x10abd0310) and /Library/Developer/CoreSimulator/Volumes/iOS_23F77/Library/Developer/CoreSimulator/Profiles/Runtimes/iOS 26.5.simruntime/Contents/Resources/RuntimeRoot/System/Library/AccessibilityBundles/WebKit.axbundle/WebKit (0x10a450398). This may cause spurious casting failures and mysterious crashes. One of the duplicates must be removed or renamed.
    t =     1.68s         Setting up automation session
    t =     2.28s         Wait for app.speaklocal.vietnam.native to idle
    t =     3.75s Checking existence of `"Hội quán Quảng Đông" StaticText`
    t =     3.88s Waiting 8.0s for "Hội quán Quảng Đông" StaticText to exist
    t =     4.91s     Checking `Expect predicate `existsNoRetry == 1` for object "Hội quán Quảng Đông" StaticText`
    t =     4.91s         Checking existence of `"Hội quán Quảng Đông" StaticText`
    t =     5.08s Swipe up Target Application 'app.speaklocal.vietnam.native'
    t =     5.08s     Wait for app.speaklocal.vietnam.native to idle
    t =     5.08s     Find the Target Application 'app.speaklocal.vietnam.native'
    t =     5.09s     Check for interrupting elements affecting "SpeakLocal Vietnam" Application
    t =     5.11s     Synthesize event
    t =     5.53s     Wait for app.speaklocal.vietnam.native to idle
    t =     7.63s Swipe up Target Application 'app.speaklocal.vietnam.native'
    t =     7.63s     Wait for app.speaklocal.vietnam.native to idle
    t =     7.80s     Find the Target Application 'app.speaklocal.vietnam.native'
    t =     7.82s     Check for interrupting elements affecting "SpeakLocal Vietnam" Application
    t =     7.85s     Synthesize event
    t =     8.27s     Wait for app.speaklocal.vietnam.native to idle
    t =     9.01s Terminate app.speaklocal.vietnam.native:11876
    t =    10.08s Open app.speaklocal.vietnam.native
    t =    10.08s     Launch app.speaklocal.vietnam.native
    t =    10.30s         Setting up automation session
    t =    10.77s         Wait for app.speaklocal.vietnam.native to idle
    t =    12.24s Waiting 4.0s for TabBar (First Match) to exist
    t =    13.28s     Checking `Expect predicate `existsNoRetry == 1` for object TabBar (First Match)`
    t =    13.29s         Checking existence of `TabBar (First Match)`
    t =    13.34s Checking existence of `"PhraseArticle.BottomSentinel.viet-family-city-hoian-place-cantonese-assembly-hall" Other`
    t =    13.42s Checking existence of `"PhraseArticle.BottomSentinel.viet-phrase-city-hoian-place-cantonese-assembly-hall" Other`
    t =    13.44s Find the "PhraseArticle.BottomSentinel.viet-phrase-city-hoian-place-cantonese-assembly-hall" Other
    t =    13.46s Checking existence of `TabBar (First Match)`
    t =    13.46s Find the TabBar (First Match)
    t =    13.47s Find the Target Application 'app.speaklocal.vietnam.native'
    t =    13.56s Terminate app.speaklocal.vietnam.native:12038
    t =    14.65s Tear Down
Test Case '-[SpeakLocalNativeUITests.CityAppDetailV22RenderProofUITests testCaptureCityAppDetailV22RenderProofBatch]' passed (14.695 seconds).
Test Suite 'CityAppDetailV22RenderProofUITests' passed at 2026-06-01 06:42:54.535.
	 Executed 1 test, with 0 failures (0 unexpected) in 14.695 (14.695) seconds
Test Suite 'SpeakLocalNativeUITests.xctest' passed at 2026-06-01 06:42:54.535.
	 Executed 1 test, with 0 failures (0 unexpected) in 14.695 (14.696) seconds
Test Suite 'Selected tests' passed at 2026-06-01 06:42:54.535.
	 Executed 1 test, with 0 failures (0 unexpected) in 14.695 (14.696) seconds

Test session results, code coverage, and logs:
	/Users/jojolim/Library/Developer/XcodeBuildMCP/workspaces/orchestrator-309442864093/DerivedData/SpeakLocalNative-8f3e721625a0/Logs/Test/Test-SpeakLocalNative-2026.06.01_06-42-38-+0700.xcresult

** TEST EXECUTE SUCCEEDED **

Testing started

2026-06-01 06:42:39.898 xcodebuild[11868:8078555] [MT] IDELaunchParametersSnapshot: The operation couldn’t be completed. (DebuggerLLDB.DebuggerVersionStore.StoreError error 0.)
2026-06-01 06:42:39.898 xcodebuild[11868:8078555] [MT] IDELaunchParametersSnapshot: no debugger version
2026-06-01 06:42:49.926 xcodebuild[11868:8078555] [MT] IDELaunchParametersSnapshot: The operation couldn’t be completed. (DebuggerLLDB.DebuggerVersionStore.StoreError error 0.)
2026-06-01 06:42:49.926 xcodebuild[11868:8078555] [MT] IDELaunchParametersSnapshot: no debugger version
2026-06-01 06:42:54.813 xcodebuild[11868:8078555] [MT] IDETestOperationsObserverDebug: 16.129 elapsed -- Testing started completed.
2026-06-01 06:42:54.813 xcodebuild[11868:8078555] [MT] IDETestOperationsObserverDebug: 0.000 sec, +0.000 sec -- start
2026-06-01 06:42:54.813 xcodebuild[11868:8078555] [MT] IDETestOperationsObserverDebug: 16.129 sec, +16.129 sec -- end
