Command line invocation:
    /Applications/Xcode.app/Contents/Developer/usr/bin/xcodebuild test-without-building -project /Users/jojolim/Developer/products/speaklocal/app-family/.worktrees/city-listings-production-ready/native-ios/SpeakLocalNative.xcodeproj -scheme SpeakLocalNative -destination "platform=iOS Simulator,id=7C386DD3-4BF1-4A34-A918-768C43CD1258" -derivedDataPath /Users/jojolim/Library/Developer/XcodeBuildMCP/workspaces/orchestrator-309442864093/DerivedData/SpeakLocalNative-8f3e721625a0 "-only-testing:SpeakLocalNativeUITests/CityAppDetailV22RenderProofUITests/testCaptureCityAppDetailV22RenderProofBatch"

2026-06-01 04:40:57.848950+0700 SpeakLocalNativeUITests-Runner[39640:7548563] [Default] Running tests...
    t =      nans Interface orientation changed to Portrait
Test Suite 'Selected tests' started at 2026-06-01 04:40:58.220.
Test Suite 'SpeakLocalNativeUITests.xctest' started at 2026-06-01 04:40:58.220.
Test Suite 'CityAppDetailV22RenderProofUITests' started at 2026-06-01 04:40:58.221.
Test Case '-[SpeakLocalNativeUITests.CityAppDetailV22RenderProofUITests testCaptureCityAppDetailV22RenderProofBatch]' started.
    t =     0.00s Start Test at 2026-06-01 04:40:58.221
    t =     0.02s Set Up
    t =     0.02s Open app.speaklocal.vietnam.native
    t =     0.02s     Launch app.speaklocal.vietnam.native
objc[39640]: Class UIAccessibilityLoaderWebShared is implemented in both /Library/Developer/CoreSimulator/Volumes/iOS_23F77/Library/Developer/CoreSimulator/Profiles/Runtimes/iOS 26.5.simruntime/Contents/Resources/RuntimeRoot/System/Library/AccessibilityBundles/WebCore.axbundle/WebCore (0x106848310) and /Library/Developer/CoreSimulator/Volumes/iOS_23F77/Library/Developer/CoreSimulator/Profiles/Runtimes/iOS 26.5.simruntime/Contents/Resources/RuntimeRoot/System/Library/AccessibilityBundles/WebKit.axbundle/WebKit (0x106068398). This may cause spurious casting failures and mysterious crashes. One of the duplicates must be removed or renamed.
    t =     1.91s         Setting up automation session
    t =     2.33s         Wait for app.speaklocal.vietnam.native to idle
    t =     3.86s Checking existence of `"Bánh mì Phượng" StaticText`
    t =     4.02s Waiting 8.0s for "Bánh mì Phượng" StaticText to exist
    t =     5.09s     Checking `Expect predicate `existsNoRetry == 1` for object "Bánh mì Phượng" StaticText`
    t =     5.09s         Checking existence of `"Bánh mì Phượng" StaticText`
    t =     5.26s Swipe up Target Application 'app.speaklocal.vietnam.native'
    t =     5.26s     Wait for app.speaklocal.vietnam.native to idle
    t =     5.26s     Find the Target Application 'app.speaklocal.vietnam.native'
    t =     5.28s     Check for interrupting elements affecting "SpeakLocal Vietnam" Application
    t =     5.30s     Synthesize event
    t =     5.73s     Wait for app.speaklocal.vietnam.native to idle
    t =     7.84s Swipe up Target Application 'app.speaklocal.vietnam.native'
    t =     7.84s     Wait for app.speaklocal.vietnam.native to idle
    t =     7.85s     Find the Target Application 'app.speaklocal.vietnam.native'
    t =     7.87s     Check for interrupting elements affecting "SpeakLocal Vietnam" Application
    t =     7.90s     Synthesize event
    t =     8.33s     Wait for app.speaklocal.vietnam.native to idle
    t =    10.55s Terminate app.speaklocal.vietnam.native:39723
    t =    11.65s Open app.speaklocal.vietnam.native
    t =    11.65s     Launch app.speaklocal.vietnam.native
    t =    11.86s         Setting up automation session
    t =    12.37s         Wait for app.speaklocal.vietnam.native to idle
    t =    13.85s Waiting 4.0s for TabBar (First Match) to exist
    t =    14.93s     Checking `Expect predicate `existsNoRetry == 1` for object TabBar (First Match)`
    t =    14.93s         Checking existence of `TabBar (First Match)`
    t =    14.99s Checking existence of `"PhraseArticle.BottomSentinel.viet-family-city-hoian-place-banh-mi-phuong" Other`
    t =    15.08s Checking existence of `"PhraseArticle.BottomSentinel.viet-phrase-city-hoian-place-banh-mi-phuong" Other`
    t =    15.11s Find the "PhraseArticle.BottomSentinel.viet-phrase-city-hoian-place-banh-mi-phuong" Other
    t =    15.14s Checking existence of `TabBar (First Match)`
    t =    15.14s Find the TabBar (First Match)
    t =    15.15s Find the Target Application 'app.speaklocal.vietnam.native'
    t =    15.25s Terminate app.speaklocal.vietnam.native:39816
    t =    16.34s Tear Down
Test Case '-[SpeakLocalNativeUITests.CityAppDetailV22RenderProofUITests testCaptureCityAppDetailV22RenderProofBatch]' passed (16.409 seconds).
Test Suite 'CityAppDetailV22RenderProofUITests' passed at 2026-06-01 04:41:14.630.
	 Executed 1 test, with 0 failures (0 unexpected) in 16.409 (16.409) seconds
Test Suite 'SpeakLocalNativeUITests.xctest' passed at 2026-06-01 04:41:14.630.
	 Executed 1 test, with 0 failures (0 unexpected) in 16.409 (16.410) seconds
Test Suite 'Selected tests' passed at 2026-06-01 04:41:14.630.
	 Executed 1 test, with 0 failures (0 unexpected) in 16.409 (16.410) seconds

Test session results, code coverage, and logs:
	/Users/jojolim/Library/Developer/XcodeBuildMCP/workspaces/orchestrator-309442864093/DerivedData/SpeakLocalNative-8f3e721625a0/Logs/Test/Test-SpeakLocalNative-2026.06.01_04-40-56-+0700.xcresult

** TEST EXECUTE SUCCEEDED **

Testing started

2026-06-01 04:40:58.286 xcodebuild[39637:7548382] [MT] IDELaunchParametersSnapshot: The operation couldn’t be completed. (DebuggerLLDB.DebuggerVersionStore.StoreError error 0.)
2026-06-01 04:40:58.286 xcodebuild[39637:7548382] [MT] IDELaunchParametersSnapshot: no debugger version
2026-06-01 04:41:09.872 xcodebuild[39637:7548382] [MT] IDELaunchParametersSnapshot: The operation couldn’t be completed. (DebuggerLLDB.DebuggerVersionStore.StoreError error 0.)
2026-06-01 04:41:09.872 xcodebuild[39637:7548382] [MT] IDELaunchParametersSnapshot: no debugger version
2026-06-01 04:41:14.921 xcodebuild[39637:7548382] [MT] IDETestOperationsObserverDebug: 17.873 elapsed -- Testing started completed.
2026-06-01 04:41:14.921 xcodebuild[39637:7548382] [MT] IDETestOperationsObserverDebug: 0.000 sec, +0.000 sec -- start
2026-06-01 04:41:14.921 xcodebuild[39637:7548382] [MT] IDETestOperationsObserverDebug: 17.873 sec, +17.873 sec -- end
