Command line invocation:
    /Applications/Xcode.app/Contents/Developer/usr/bin/xcodebuild test-without-building -project /Users/jojolim/Developer/products/speaklocal/app-family/.worktrees/city-listings-production-ready/native-ios/SpeakLocalNative.xcodeproj -scheme SpeakLocalNative -destination "platform=iOS Simulator,id=7C386DD3-4BF1-4A34-A918-768C43CD1258" -derivedDataPath /Users/jojolim/Library/Developer/XcodeBuildMCP/workspaces/orchestrator-309442864093/DerivedData/SpeakLocalNative-8f3e721625a0 "-only-testing:SpeakLocalNativeUITests/CityAppDetailV22RenderProofUITests/testCaptureCityAppDetailV22RenderProofBatch"

2026-06-01 04:26:18.755359+0700 SpeakLocalNativeUITests-Runner[22299:7487475] [Default] Running tests...
    t =      nans Interface orientation changed to Portrait
Test Suite 'Selected tests' started at 2026-06-01 04:26:19.130.
Test Suite 'SpeakLocalNativeUITests.xctest' started at 2026-06-01 04:26:19.130.
Test Suite 'CityAppDetailV22RenderProofUITests' started at 2026-06-01 04:26:19.130.
Test Case '-[SpeakLocalNativeUITests.CityAppDetailV22RenderProofUITests testCaptureCityAppDetailV22RenderProofBatch]' started.
    t =     0.00s Start Test at 2026-06-01 04:26:19.130
    t =     0.02s Set Up
    t =     0.02s Open app.speaklocal.vietnam.native
    t =     0.02s     Launch app.speaklocal.vietnam.native
objc[22299]: Class UIAccessibilityLoaderWebShared is implemented in both /Library/Developer/CoreSimulator/Volumes/iOS_23F77/Library/Developer/CoreSimulator/Profiles/Runtimes/iOS 26.5.simruntime/Contents/Resources/RuntimeRoot/System/Library/AccessibilityBundles/WebCore.axbundle/WebCore (0x10890c310) and /Library/Developer/CoreSimulator/Volumes/iOS_23F77/Library/Developer/CoreSimulator/Profiles/Runtimes/iOS 26.5.simruntime/Contents/Resources/RuntimeRoot/System/Library/AccessibilityBundles/WebKit.axbundle/WebKit (0x1081d0398). This may cause spurious casting failures and mysterious crashes. One of the duplicates must be removed or renamed.
    t =     1.91s         Setting up automation session
    t =     2.33s         Wait for app.speaklocal.vietnam.native to idle
    t =     3.81s Checking existence of `"Chung cư cà phê Nguyễn Huệ" StaticText`
    t =     3.97s Waiting 8.0s for "Chung cư cà phê Nguyễn Huệ" StaticText to exist
    t =     5.04s     Checking `Expect predicate `existsNoRetry == 1` for object "Chung cư cà phê Nguyễn Huệ" StaticText`
    t =     5.05s         Checking existence of `"Chung cư cà phê Nguyễn Huệ" StaticText`
    t =     5.21s Swipe up Target Application 'app.speaklocal.vietnam.native'
    t =     5.21s     Wait for app.speaklocal.vietnam.native to idle
    t =     5.22s     Find the Target Application 'app.speaklocal.vietnam.native'
    t =     5.23s     Check for interrupting elements affecting "SpeakLocal Vietnam" Application
    t =     5.25s     Synthesize event
    t =     5.67s     Wait for app.speaklocal.vietnam.native to idle
    t =     7.77s Swipe up Target Application 'app.speaklocal.vietnam.native'
    t =     7.77s     Wait for app.speaklocal.vietnam.native to idle
    t =     7.77s     Find the Target Application 'app.speaklocal.vietnam.native'
    t =     7.79s     Check for interrupting elements affecting "SpeakLocal Vietnam" Application
    t =     7.81s     Synthesize event
    t =     8.24s     Wait for app.speaklocal.vietnam.native to idle
    t =     9.13s Terminate app.speaklocal.vietnam.native:22382
    t =    10.22s Open app.speaklocal.vietnam.native
    t =    10.22s     Launch app.speaklocal.vietnam.native
    t =    10.44s         Setting up automation session
    t =    10.93s         Wait for app.speaklocal.vietnam.native to idle
    t =    12.42s Waiting 4.0s for TabBar (First Match) to exist
    t =    13.49s     Checking `Expect predicate `existsNoRetry == 1` for object TabBar (First Match)`
    t =    13.49s         Checking existence of `TabBar (First Match)`
    t =    13.53s Checking existence of `"PhraseArticle.BottomSentinel.viet-family-city-hcmc-place-cafe-apartment-nguyen-hue" Other`
    t =    13.60s Checking existence of `"PhraseArticle.BottomSentinel.viet-phrase-city-hcmc-place-cafe-apartment-nguyen-hue" Other`
    t =    13.63s Find the "PhraseArticle.BottomSentinel.viet-phrase-city-hcmc-place-cafe-apartment-nguyen-hue" Other
    t =    13.65s Checking existence of `TabBar (First Match)`
    t =    13.65s Find the TabBar (First Match)
    t =    13.66s Find the Target Application 'app.speaklocal.vietnam.native'
    t =    13.76s Terminate app.speaklocal.vietnam.native:22471
    t =    14.85s Tear Down
Test Case '-[SpeakLocalNativeUITests.CityAppDetailV22RenderProofUITests testCaptureCityAppDetailV22RenderProofBatch]' passed (14.921 seconds).
Test Suite 'CityAppDetailV22RenderProofUITests' passed at 2026-06-01 04:26:34.052.
	 Executed 1 test, with 0 failures (0 unexpected) in 14.921 (14.922) seconds
Test Suite 'SpeakLocalNativeUITests.xctest' passed at 2026-06-01 04:26:34.053.
	 Executed 1 test, with 0 failures (0 unexpected) in 14.921 (14.923) seconds
Test Suite 'Selected tests' passed at 2026-06-01 04:26:34.054.
	 Executed 1 test, with 0 failures (0 unexpected) in 14.921 (14.924) seconds

Test session results, code coverage, and logs:
	/Users/jojolim/Library/Developer/XcodeBuildMCP/workspaces/orchestrator-309442864093/DerivedData/SpeakLocalNative-8f3e721625a0/Logs/Test/Test-SpeakLocalNative-2026.06.01_04-26-17-+0700.xcresult

** TEST EXECUTE SUCCEEDED **

Testing started

2026-06-01 04:26:19.195 xcodebuild[22296:7487285] [MT] IDELaunchParametersSnapshot: The operation couldn’t be completed. (DebuggerLLDB.DebuggerVersionStore.StoreError error 0.)
2026-06-01 04:26:19.195 xcodebuild[22296:7487285] [MT] IDELaunchParametersSnapshot: no debugger version
2026-06-01 04:26:29.357 xcodebuild[22296:7487285] [MT] IDELaunchParametersSnapshot: The operation couldn’t be completed. (DebuggerLLDB.DebuggerVersionStore.StoreError error 0.)
2026-06-01 04:26:29.357 xcodebuild[22296:7487285] [MT] IDELaunchParametersSnapshot: no debugger version
2026-06-01 04:26:34.353 xcodebuild[22296:7487285] [MT] IDETestOperationsObserverDebug: 16.388 elapsed -- Testing started completed.
2026-06-01 04:26:34.353 xcodebuild[22296:7487285] [MT] IDETestOperationsObserverDebug: 0.000 sec, +0.000 sec -- start
2026-06-01 04:26:34.353 xcodebuild[22296:7487285] [MT] IDETestOperationsObserverDebug: 16.388 sec, +16.388 sec -- end
