Command line invocation:
    /Applications/Xcode.app/Contents/Developer/usr/bin/xcodebuild test-without-building -project /Users/jojolim/Developer/products/speaklocal/app-family/.worktrees/city-listings-production-ready/native-ios/SpeakLocalNative.xcodeproj -scheme SpeakLocalNative -destination "platform=iOS Simulator,id=7C386DD3-4BF1-4A34-A918-768C43CD1258" -derivedDataPath /Users/jojolim/Library/Developer/XcodeBuildMCP/workspaces/orchestrator-309442864093/DerivedData/SpeakLocalNative-8f3e721625a0 "-only-testing:SpeakLocalNativeUITests/CityAppDetailV22RenderProofUITests/testCaptureCityAppDetailV22RenderProofBatch"

2026-06-01 07:09:38.377751+0700 SpeakLocalNativeUITests-Runner[43570:8197730] [Default] Running tests...
    t =      nans Interface orientation changed to Portrait
Test Suite 'Selected tests' started at 2026-06-01 07:09:38.744.
Test Suite 'SpeakLocalNativeUITests.xctest' started at 2026-06-01 07:09:38.744.
Test Suite 'CityAppDetailV22RenderProofUITests' started at 2026-06-01 07:09:38.744.
Test Case '-[SpeakLocalNativeUITests.CityAppDetailV22RenderProofUITests testCaptureCityAppDetailV22RenderProofBatch]' started.
    t =     0.00s Start Test at 2026-06-01 07:09:38.745
    t =     0.02s Set Up
    t =     0.02s Open app.speaklocal.vietnam.native
    t =     0.02s     Launch app.speaklocal.vietnam.native
objc[43570]: Class UIAccessibilityLoaderWebShared is implemented in both /Library/Developer/CoreSimulator/Volumes/iOS_23F77/Library/Developer/CoreSimulator/Profiles/Runtimes/iOS 26.5.simruntime/Contents/Resources/RuntimeRoot/System/Library/AccessibilityBundles/WebCore.axbundle/WebCore (0x106f7c310) and /Library/Developer/CoreSimulator/Volumes/iOS_23F77/Library/Developer/CoreSimulator/Profiles/Runtimes/iOS 26.5.simruntime/Contents/Resources/RuntimeRoot/System/Library/AccessibilityBundles/WebKit.axbundle/WebKit (0x1067a8398). This may cause spurious casting failures and mysterious crashes. One of the duplicates must be removed or renamed.
    t =     1.89s         Setting up automation session
    t =     2.36s         Wait for app.speaklocal.vietnam.native to idle
    t =     3.80s Checking existence of `"Phở 10 Lý Quốc Sư" StaticText`
    t =     3.99s Waiting 8.0s for "Phở 10 Lý Quốc Sư" StaticText to exist
    t =     5.05s     Checking `Expect predicate `existsNoRetry == 1` for object "Phở 10 Lý Quốc Sư" StaticText`
    t =     5.05s         Checking existence of `"Phở 10 Lý Quốc Sư" StaticText`
    t =     5.20s Swipe up Target Application 'app.speaklocal.vietnam.native'
    t =     5.20s     Wait for app.speaklocal.vietnam.native to idle
    t =     5.20s     Find the Target Application 'app.speaklocal.vietnam.native'
    t =     5.22s     Check for interrupting elements affecting "SpeakLocal Vietnam" Application
    t =     5.24s     Synthesize event
    t =     5.66s     Wait for app.speaklocal.vietnam.native to idle
    t =     7.80s Swipe up Target Application 'app.speaklocal.vietnam.native'
    t =     7.80s     Wait for app.speaklocal.vietnam.native to idle
    t =     7.81s     Find the Target Application 'app.speaklocal.vietnam.native'
    t =     7.84s     Check for interrupting elements affecting "SpeakLocal Vietnam" Application
    t =     7.88s     Synthesize event
    t =     8.30s     Wait for app.speaklocal.vietnam.native to idle
    t =    10.30s Terminate app.speaklocal.vietnam.native:43650
    t =    11.36s Open app.speaklocal.vietnam.native
    t =    11.36s     Launch app.speaklocal.vietnam.native
    t =    11.57s         Setting up automation session
    t =    12.09s         Wait for app.speaklocal.vietnam.native to idle
    t =    13.52s Waiting 4.0s for TabBar (First Match) to exist
    t =    14.57s     Checking `Expect predicate `existsNoRetry == 1` for object TabBar (First Match)`
    t =    14.57s         Checking existence of `TabBar (First Match)`
    t =    14.60s Checking existence of `"PhraseArticle.BottomSentinel.viet-family-city-hanoi-place-pho-10-ly-quoc-su" Other`
    t =    14.68s Checking existence of `"PhraseArticle.BottomSentinel.viet-phrase-city-hanoi-place-pho-10-ly-quoc-su" Other`
    t =    14.70s Find the "PhraseArticle.BottomSentinel.viet-phrase-city-hanoi-place-pho-10-ly-quoc-su" Other
    t =    14.73s Checking existence of `TabBar (First Match)`
    t =    14.73s Find the TabBar (First Match)
    t =    14.74s Find the Target Application 'app.speaklocal.vietnam.native'
    t =    14.84s Terminate app.speaklocal.vietnam.native:43741
    t =    15.90s Tear Down
Test Case '-[SpeakLocalNativeUITests.CityAppDetailV22RenderProofUITests testCaptureCityAppDetailV22RenderProofBatch]' passed (15.963 seconds).
Test Suite 'CityAppDetailV22RenderProofUITests' passed at 2026-06-01 07:09:54.708.
	 Executed 1 test, with 0 failures (0 unexpected) in 15.963 (15.964) seconds
Test Suite 'SpeakLocalNativeUITests.xctest' passed at 2026-06-01 07:09:54.708.
	 Executed 1 test, with 0 failures (0 unexpected) in 15.963 (15.964) seconds
Test Suite 'Selected tests' passed at 2026-06-01 07:09:54.708.
	 Executed 1 test, with 0 failures (0 unexpected) in 15.963 (15.965) seconds

Test session results, code coverage, and logs:
	/Users/jojolim/Library/Developer/XcodeBuildMCP/workspaces/orchestrator-309442864093/DerivedData/SpeakLocalNative-8f3e721625a0/Logs/Test/Test-SpeakLocalNative-2026.06.01_07-09-37-+0700.xcresult

** TEST EXECUTE SUCCEEDED **

Testing started

2026-06-01 07:09:38.804 xcodebuild[43568:8197560] [MT] IDELaunchParametersSnapshot: The operation couldn’t be completed. (DebuggerLLDB.DebuggerVersionStore.StoreError error 0.)
2026-06-01 07:09:38.804 xcodebuild[43568:8197560] [MT] IDELaunchParametersSnapshot: no debugger version
2026-06-01 07:09:50.111 xcodebuild[43568:8197560] [MT] IDELaunchParametersSnapshot: The operation couldn’t be completed. (DebuggerLLDB.DebuggerVersionStore.StoreError error 0.)
2026-06-01 07:09:50.111 xcodebuild[43568:8197560] [MT] IDELaunchParametersSnapshot: no debugger version
2026-06-01 07:09:54.986 xcodebuild[43568:8197560] [MT] IDETestOperationsObserverDebug: 17.400 elapsed -- Testing started completed.
2026-06-01 07:09:54.986 xcodebuild[43568:8197560] [MT] IDETestOperationsObserverDebug: 0.000 sec, +0.000 sec -- start
2026-06-01 07:09:54.986 xcodebuild[43568:8197560] [MT] IDETestOperationsObserverDebug: 17.400 sec, +17.400 sec -- end
