Command line invocation:
    /Applications/Xcode.app/Contents/Developer/usr/bin/xcodebuild test-without-building -project /Users/jojolim/Developer/products/speaklocal/app-family/.worktrees/city-listings-production-ready/native-ios/SpeakLocalNative.xcodeproj -scheme SpeakLocalNative -destination "platform=iOS Simulator,id=7C386DD3-4BF1-4A34-A918-768C43CD1258" -derivedDataPath /Users/jojolim/Library/Developer/XcodeBuildMCP/workspaces/orchestrator-309442864093/DerivedData/SpeakLocalNative-8f3e721625a0 "-only-testing:SpeakLocalNativeUITests/CityAppDetailV22RenderProofUITests/testCaptureCityAppDetailV22RenderProofBatch"

2026-06-01 03:39:28.269071+0700 SpeakLocalNativeUITests-Runner[65112:7284904] [Default] Running tests...
    t =      nans Interface orientation changed to Portrait
Test Suite 'Selected tests' started at 2026-06-01 03:39:28.638.
Test Suite 'SpeakLocalNativeUITests.xctest' started at 2026-06-01 03:39:28.639.
Test Suite 'CityAppDetailV22RenderProofUITests' started at 2026-06-01 03:39:28.639.
Test Case '-[SpeakLocalNativeUITests.CityAppDetailV22RenderProofUITests testCaptureCityAppDetailV22RenderProofBatch]' started.
    t =     0.00s Start Test at 2026-06-01 03:39:28.639
    t =     0.01s Set Up
    t =     0.02s Open app.speaklocal.vietnam.native
    t =     0.02s     Launch app.speaklocal.vietnam.native
objc[65112]: Class UIAccessibilityLoaderWebShared is implemented in both /Library/Developer/CoreSimulator/Volumes/iOS_23F77/Library/Developer/CoreSimulator/Profiles/Runtimes/iOS 26.5.simruntime/Contents/Resources/RuntimeRoot/System/Library/AccessibilityBundles/WebCore.axbundle/WebCore (0x108a74310) and /Library/Developer/CoreSimulator/Volumes/iOS_23F77/Library/Developer/CoreSimulator/Profiles/Runtimes/iOS 26.5.simruntime/Contents/Resources/RuntimeRoot/System/Library/AccessibilityBundles/WebKit.axbundle/WebKit (0x1083b4398). This may cause spurious casting failures and mysterious crashes. One of the duplicates must be removed or renamed.
    t =     1.89s         Setting up automation session
    t =     2.33s         Wait for app.speaklocal.vietnam.native to idle
    t =     3.78s Checking existence of `"Bảo tàng Dân tộc học" StaticText`
    t =     3.92s Waiting 8.0s for "Bảo tàng Dân tộc học" StaticText to exist
    t =     4.97s     Checking `Expect predicate `existsNoRetry == 1` for object "Bảo tàng Dân tộc học" StaticText`
    t =     4.97s         Checking existence of `"Bảo tàng Dân tộc học" StaticText`
    t =     5.14s Swipe up Target Application 'app.speaklocal.vietnam.native'
    t =     5.14s     Wait for app.speaklocal.vietnam.native to idle
    t =     5.14s     Find the Target Application 'app.speaklocal.vietnam.native'
    t =     5.16s     Check for interrupting elements affecting "SpeakLocal Vietnam" Application
    t =     5.18s     Synthesize event
    t =     5.60s     Wait for app.speaklocal.vietnam.native to idle
    t =     7.70s Swipe up Target Application 'app.speaklocal.vietnam.native'
    t =     7.70s     Wait for app.speaklocal.vietnam.native to idle
    t =     7.70s     Find the Target Application 'app.speaklocal.vietnam.native'
    t =     7.72s     Check for interrupting elements affecting "SpeakLocal Vietnam" Application
    t =     7.75s     Synthesize event
    t =     8.16s     Wait for app.speaklocal.vietnam.native to idle
    t =     9.22s Terminate app.speaklocal.vietnam.native:65120
    t =    10.28s Open app.speaklocal.vietnam.native
    t =    10.28s     Launch app.speaklocal.vietnam.native
    t =    10.50s         Setting up automation session
    t =    10.97s         Wait for app.speaklocal.vietnam.native to idle
    t =    12.43s Waiting 4.0s for TabBar (First Match) to exist
    t =    13.46s     Checking `Expect predicate `existsNoRetry == 1` for object TabBar (First Match)`
    t =    13.46s         Checking existence of `TabBar (First Match)`
    t =    13.52s Checking existence of `"PhraseArticle.BottomSentinel.viet-family-city-hanoi-place-ethnology-museum" Other`
    t =    13.60s Checking existence of `"PhraseArticle.BottomSentinel.viet-phrase-city-hanoi-place-ethnology-museum" Other`
    t =    13.63s Find the "PhraseArticle.BottomSentinel.viet-phrase-city-hanoi-place-ethnology-museum" Other
    t =    13.65s Checking existence of `TabBar (First Match)`
    t =    13.65s Find the TabBar (First Match)
    t =    13.66s Find the Target Application 'app.speaklocal.vietnam.native'
    t =    13.76s Terminate app.speaklocal.vietnam.native:65279
    t =    14.80s Tear Down
Test Case '-[SpeakLocalNativeUITests.CityAppDetailV22RenderProofUITests testCaptureCityAppDetailV22RenderProofBatch]' passed (14.842 seconds).
Test Suite 'CityAppDetailV22RenderProofUITests' passed at 2026-06-01 03:39:43.481.
	 Executed 1 test, with 0 failures (0 unexpected) in 14.842 (14.843) seconds
Test Suite 'SpeakLocalNativeUITests.xctest' passed at 2026-06-01 03:39:43.482.
	 Executed 1 test, with 0 failures (0 unexpected) in 14.842 (14.843) seconds
Test Suite 'Selected tests' passed at 2026-06-01 03:39:43.483.
	 Executed 1 test, with 0 failures (0 unexpected) in 14.842 (14.844) seconds

Test session results, code coverage, and logs:
	/Users/jojolim/Library/Developer/XcodeBuildMCP/workspaces/orchestrator-309442864093/DerivedData/SpeakLocalNative-8f3e721625a0/Logs/Test/Test-SpeakLocalNative-2026.06.01_03-39-27-+0700.xcresult

** TEST EXECUTE SUCCEEDED **

Testing started

2026-06-01 03:39:28.696 xcodebuild[65107:7284762] [MT] IDELaunchParametersSnapshot: The operation couldn’t be completed. (DebuggerLLDB.DebuggerVersionStore.StoreError error 0.)
2026-06-01 03:39:28.696 xcodebuild[65107:7284762] [MT] IDELaunchParametersSnapshot: no debugger version
2026-06-01 03:39:38.925 xcodebuild[65107:7284762] [MT] IDELaunchParametersSnapshot: The operation couldn’t be completed. (DebuggerLLDB.DebuggerVersionStore.StoreError error 0.)
2026-06-01 03:39:38.925 xcodebuild[65107:7284762] [MT] IDELaunchParametersSnapshot: no debugger version
2026-06-01 03:39:43.780 xcodebuild[65107:7284762] [MT] IDETestOperationsObserverDebug: 16.307 elapsed -- Testing started completed.
2026-06-01 03:39:43.780 xcodebuild[65107:7284762] [MT] IDETestOperationsObserverDebug: 0.000 sec, +0.000 sec -- start
2026-06-01 03:39:43.780 xcodebuild[65107:7284762] [MT] IDETestOperationsObserverDebug: 16.307 sec, +16.307 sec -- end
