Command line invocation:
    /Applications/Xcode.app/Contents/Developer/usr/bin/xcodebuild test-without-building -project /Users/jojolim/Developer/products/speaklocal/app-family/.worktrees/city-listings-production-ready/native-ios/SpeakLocalNative.xcodeproj -scheme SpeakLocalNative -destination "platform=iOS Simulator,id=7C386DD3-4BF1-4A34-A918-768C43CD1258" -derivedDataPath /Users/jojolim/Library/Developer/XcodeBuildMCP/workspaces/orchestrator-309442864093/DerivedData/SpeakLocalNative-8f3e721625a0 "-only-testing:SpeakLocalNativeUITests/CityAppDetailV22RenderProofUITests/testCaptureCityAppDetailV22RenderProofBatch"

2026-06-01 06:55:13.752572+0700 SpeakLocalNativeUITests-Runner[25304:8129890] [Default] Running tests...
    t =      nans Interface orientation changed to Portrait
Test Suite 'Selected tests' started at 2026-06-01 06:55:14.118.
Test Suite 'SpeakLocalNativeUITests.xctest' started at 2026-06-01 06:55:14.118.
Test Suite 'CityAppDetailV22RenderProofUITests' started at 2026-06-01 06:55:14.118.
Test Case '-[SpeakLocalNativeUITests.CityAppDetailV22RenderProofUITests testCaptureCityAppDetailV22RenderProofBatch]' started.
    t =     0.00s Start Test at 2026-06-01 06:55:14.119
    t =     0.02s Set Up
    t =     0.02s Open app.speaklocal.vietnam.native
    t =     0.02s     Launch app.speaklocal.vietnam.native
objc[25304]: Class UIAccessibilityLoaderWebShared is implemented in both /Library/Developer/CoreSimulator/Volumes/iOS_23F77/Library/Developer/CoreSimulator/Profiles/Runtimes/iOS 26.5.simruntime/Contents/Resources/RuntimeRoot/System/Library/AccessibilityBundles/WebCore.axbundle/WebCore (0x108dd8310) and /Library/Developer/CoreSimulator/Volumes/iOS_23F77/Library/Developer/CoreSimulator/Profiles/Runtimes/iOS 26.5.simruntime/Contents/Resources/RuntimeRoot/System/Library/AccessibilityBundles/WebKit.axbundle/WebKit (0x10867c398). This may cause spurious casting failures and mysterious crashes. One of the duplicates must be removed or renamed.
    t =     1.88s         Setting up automation session
    t =     2.31s         Wait for app.speaklocal.vietnam.native to idle
    t =     3.78s Checking existence of `"Bảo tàng Lịch sử Quốc gia" StaticText`
    t =     3.93s Waiting 8.0s for "Bảo tàng Lịch sử Quốc gia" StaticText to exist
    t =     4.96s     Checking `Expect predicate `existsNoRetry == 1` for object "Bảo tàng Lịch sử Quốc gia" StaticText`
    t =     4.96s         Checking existence of `"Bảo tàng Lịch sử Quốc gia" StaticText`
    t =     5.12s Swipe up Target Application 'app.speaklocal.vietnam.native'
    t =     5.12s     Wait for app.speaklocal.vietnam.native to idle
    t =     5.13s     Find the Target Application 'app.speaklocal.vietnam.native'
    t =     5.14s     Check for interrupting elements affecting "SpeakLocal Vietnam" Application
    t =     5.16s     Synthesize event
    t =     5.58s     Wait for app.speaklocal.vietnam.native to idle
    t =     7.68s Swipe up Target Application 'app.speaklocal.vietnam.native'
    t =     7.68s     Wait for app.speaklocal.vietnam.native to idle
    t =     7.68s     Find the Target Application 'app.speaklocal.vietnam.native'
    t =     7.71s     Check for interrupting elements affecting "SpeakLocal Vietnam" Application
    t =     7.73s     Synthesize event
    t =     8.16s     Wait for app.speaklocal.vietnam.native to idle
    t =     8.94s Terminate app.speaklocal.vietnam.native:25379
    t =    10.02s Open app.speaklocal.vietnam.native
    t =    10.02s     Launch app.speaklocal.vietnam.native
    t =    10.23s         Setting up automation session
    t =    10.71s         Wait for app.speaklocal.vietnam.native to idle
    t =    12.15s Waiting 4.0s for TabBar (First Match) to exist
    t =    13.20s     Checking `Expect predicate `existsNoRetry == 1` for object TabBar (First Match)`
    t =    13.20s         Checking existence of `TabBar (First Match)`
    t =    13.26s Checking existence of `"PhraseArticle.BottomSentinel.viet-family-city-hanoi-place-national-museum-history" Other`
    t =    13.34s Checking existence of `"PhraseArticle.BottomSentinel.viet-phrase-city-hanoi-place-national-museum-history" Other`
    t =    13.36s Find the "PhraseArticle.BottomSentinel.viet-phrase-city-hanoi-place-national-museum-history" Other
    t =    13.38s Checking existence of `TabBar (First Match)`
    t =    13.39s Find the TabBar (First Match)
    t =    13.39s Find the Target Application 'app.speaklocal.vietnam.native'
    t =    13.48s Terminate app.speaklocal.vietnam.native:25471
    t =    14.53s Tear Down
Test Case '-[SpeakLocalNativeUITests.CityAppDetailV22RenderProofUITests testCaptureCityAppDetailV22RenderProofBatch]' passed (14.600 seconds).
Test Suite 'CityAppDetailV22RenderProofUITests' passed at 2026-06-01 06:55:28.719.
	 Executed 1 test, with 0 failures (0 unexpected) in 14.600 (14.601) seconds
Test Suite 'SpeakLocalNativeUITests.xctest' passed at 2026-06-01 06:55:28.720.
	 Executed 1 test, with 0 failures (0 unexpected) in 14.600 (14.601) seconds
Test Suite 'Selected tests' passed at 2026-06-01 06:55:28.720.
	 Executed 1 test, with 0 failures (0 unexpected) in 14.600 (14.602) seconds

Test session results, code coverage, and logs:
	/Users/jojolim/Library/Developer/XcodeBuildMCP/workspaces/orchestrator-309442864093/DerivedData/SpeakLocalNative-8f3e721625a0/Logs/Test/Test-SpeakLocalNative-2026.06.01_06-55-12-+0700.xcresult

** TEST EXECUTE SUCCEEDED **

Testing started

2026-06-01 06:55:14.183 xcodebuild[25302:8129721] [MT] IDELaunchParametersSnapshot: The operation couldn’t be completed. (DebuggerLLDB.DebuggerVersionStore.StoreError error 0.)
2026-06-01 06:55:14.183 xcodebuild[25302:8129721] [MT] IDELaunchParametersSnapshot: no debugger version
2026-06-01 06:55:24.138 xcodebuild[25302:8129721] [MT] IDELaunchParametersSnapshot: The operation couldn’t be completed. (DebuggerLLDB.DebuggerVersionStore.StoreError error 0.)
2026-06-01 06:55:24.138 xcodebuild[25302:8129721] [MT] IDELaunchParametersSnapshot: no debugger version
2026-06-01 06:55:29.024 xcodebuild[25302:8129721] [MT] IDETestOperationsObserverDebug: 16.059 elapsed -- Testing started completed.
2026-06-01 06:55:29.024 xcodebuild[25302:8129721] [MT] IDETestOperationsObserverDebug: 0.000 sec, +0.000 sec -- start
2026-06-01 06:55:29.024 xcodebuild[25302:8129721] [MT] IDETestOperationsObserverDebug: 16.059 sec, +16.059 sec -- end
