Command line invocation:
    /Applications/Xcode.app/Contents/Developer/usr/bin/xcodebuild test-without-building -project /Users/jojolim/Developer/products/speaklocal/app-family/.worktrees/city-listings-production-ready/native-ios/SpeakLocalNative.xcodeproj -scheme SpeakLocalNative -destination "platform=iOS Simulator,id=7C386DD3-4BF1-4A34-A918-768C43CD1258" -derivedDataPath /Users/jojolim/Library/Developer/XcodeBuildMCP/workspaces/orchestrator-309442864093/DerivedData/SpeakLocalNative-8f3e721625a0 "-only-testing:SpeakLocalNativeUITests/CityAppDetailV22RenderProofUITests/testCaptureCityAppDetailV22RenderProofBatch"

2026-06-01 23:32:18.708600+0700 SpeakLocalNativeUITests-Runner[11617:10194575] [Default] Running tests...
    t =      nans Interface orientation changed to Portrait
Test Suite 'Selected tests' started at 2026-06-01 23:32:19.111.
Test Suite 'SpeakLocalNativeUITests.xctest' started at 2026-06-01 23:32:19.111.
Test Suite 'CityAppDetailV22RenderProofUITests' started at 2026-06-01 23:32:19.111.
Test Case '-[SpeakLocalNativeUITests.CityAppDetailV22RenderProofUITests testCaptureCityAppDetailV22RenderProofBatch]' started.
    t =     0.00s Start Test at 2026-06-01 23:32:19.112
    t =     0.02s Set Up
    t =     0.02s Open app.speaklocal.vietnam.native
    t =     0.02s     Launch app.speaklocal.vietnam.native
objc[11617]: Class UIAccessibilityLoaderWebShared is implemented in both /Library/Developer/CoreSimulator/Volumes/iOS_23F77/Library/Developer/CoreSimulator/Profiles/Runtimes/iOS 26.5.simruntime/Contents/Resources/RuntimeRoot/System/Library/AccessibilityBundles/WebCore.axbundle/WebCore (0x1091c4310) and /Library/Developer/CoreSimulator/Volumes/iOS_23F77/Library/Developer/CoreSimulator/Profiles/Runtimes/iOS 26.5.simruntime/Contents/Resources/RuntimeRoot/System/Library/AccessibilityBundles/WebKit.axbundle/WebKit (0x108618398). This may cause spurious casting failures and mysterious crashes. One of the duplicates must be removed or renamed.
    t =     2.12s         Setting up automation session
    t =     2.90s         Wait for app.speaklocal.vietnam.native to idle
    t =     4.55s Checking existence of `"Cột cờ Hà Nội" StaticText`
    t =     4.75s Waiting 8.0s for "Cột cờ Hà Nội" StaticText to exist
    t =     5.82s     Checking `Expect predicate `existsNoRetry == 1` for object "Cột cờ Hà Nội" StaticText`
    t =     5.83s         Checking existence of `"Cột cờ Hà Nội" StaticText`
    t =     5.99s Swipe up Target Application 'app.speaklocal.vietnam.native'
    t =     6.00s     Wait for app.speaklocal.vietnam.native to idle
    t =     6.00s     Find the Target Application 'app.speaklocal.vietnam.native'
    t =     6.01s     Check for interrupting elements affecting "SpeakLocal Vietnam" Application
    t =     6.03s     Synthesize event
    t =     6.45s     Wait for app.speaklocal.vietnam.native to idle
    t =     8.55s Swipe up Target Application 'app.speaklocal.vietnam.native'
    t =     8.55s     Wait for app.speaklocal.vietnam.native to idle
    t =     8.57s     Find the Target Application 'app.speaklocal.vietnam.native'
    t =     8.59s     Check for interrupting elements affecting "SpeakLocal Vietnam" Application
    t =     8.61s     Synthesize event
    t =     9.03s     Wait for app.speaklocal.vietnam.native to idle
    t =     9.68s Terminate app.speaklocal.vietnam.native:11692
    t =    10.77s Open app.speaklocal.vietnam.native
    t =    10.77s     Launch app.speaklocal.vietnam.native
    t =    10.98s         Setting up automation session
    t =    11.48s         Wait for app.speaklocal.vietnam.native to idle
    t =    12.92s Waiting 4.0s for TabBar (First Match) to exist
    t =    13.98s     Checking `Expect predicate `existsNoRetry == 1` for object TabBar (First Match)`
    t =    13.98s         Checking existence of `TabBar (First Match)`
    t =    14.02s Checking existence of `"PhraseArticle.BottomSentinel.viet-family-city-hanoi-place-hanoi-flag-tower" Other`
    t =    14.08s Checking existence of `"PhraseArticle.BottomSentinel.viet-phrase-city-hanoi-place-hanoi-flag-tower" Other`
    t =    14.10s Find the "PhraseArticle.BottomSentinel.viet-phrase-city-hanoi-place-hanoi-flag-tower" Other
    t =    14.12s Checking existence of `TabBar (First Match)`
    t =    14.13s Find the TabBar (First Match)
    t =    14.14s Find the Target Application 'app.speaklocal.vietnam.native'
    t =    14.23s Terminate app.speaklocal.vietnam.native:11780
    t =    15.32s Tear Down
Test Case '-[SpeakLocalNativeUITests.CityAppDetailV22RenderProofUITests testCaptureCityAppDetailV22RenderProofBatch]' passed (15.365 seconds).
Test Suite 'CityAppDetailV22RenderProofUITests' passed at 2026-06-01 23:32:34.477.
	 Executed 1 test, with 0 failures (0 unexpected) in 15.365 (15.366) seconds
Test Suite 'SpeakLocalNativeUITests.xctest' passed at 2026-06-01 23:32:34.478.
	 Executed 1 test, with 0 failures (0 unexpected) in 15.365 (15.367) seconds
Test Suite 'Selected tests' passed at 2026-06-01 23:32:34.479.
	 Executed 1 test, with 0 failures (0 unexpected) in 15.365 (15.369) seconds

Test session results, code coverage, and logs:
	/Users/jojolim/Library/Developer/XcodeBuildMCP/workspaces/orchestrator-309442864093/DerivedData/SpeakLocalNative-8f3e721625a0/Logs/Test/Test-SpeakLocalNative-2026.06.01_23-32-17-+0700.xcresult

** TEST EXECUTE SUCCEEDED **

Testing started

2026-06-01 23:32:19.173 xcodebuild[11602:10194394] [MT] IDELaunchParametersSnapshot: The operation couldn’t be completed. (DebuggerLLDB.DebuggerVersionStore.StoreError error 0.)
2026-06-01 23:32:19.173 xcodebuild[11602:10194394] [MT] IDELaunchParametersSnapshot: no debugger version
2026-06-01 23:32:29.881 xcodebuild[11602:10194394] [MT] IDELaunchParametersSnapshot: The operation couldn’t be completed. (DebuggerLLDB.DebuggerVersionStore.StoreError error 0.)
2026-06-01 23:32:29.881 xcodebuild[11602:10194394] [MT] IDELaunchParametersSnapshot: no debugger version
2026-06-01 23:32:34.791 xcodebuild[11602:10194394] [MT] IDETestOperationsObserverDebug: 16.875 elapsed -- Testing started completed.
2026-06-01 23:32:34.791 xcodebuild[11602:10194394] [MT] IDETestOperationsObserverDebug: 0.000 sec, +0.000 sec -- start
2026-06-01 23:32:34.791 xcodebuild[11602:10194394] [MT] IDETestOperationsObserverDebug: 16.875 sec, +16.875 sec -- end
