Command line invocation:
    /Applications/Xcode.app/Contents/Developer/usr/bin/xcodebuild test-without-building -project /Users/jojolim/Developer/products/speaklocal/app-family/.worktrees/city-listings-production-ready/native-ios/SpeakLocalNative.xcodeproj -scheme SpeakLocalNative -destination "platform=iOS Simulator,id=7C386DD3-4BF1-4A34-A918-768C43CD1258" -derivedDataPath /Users/jojolim/Library/Developer/XcodeBuildMCP/workspaces/orchestrator-309442864093/DerivedData/SpeakLocalNative-8f3e721625a0 "-only-testing:SpeakLocalNativeUITests/CityAppDetailV22RenderProofUITests/testCaptureCityAppDetailV22RenderProofBatch"

2026-06-01 08:54:00.012380+0700 SpeakLocalNativeUITests-Runner[53784:8593421] [Default] Running tests...
    t =      nans Interface orientation changed to Portrait
Test Suite 'Selected tests' started at 2026-06-01 08:54:00.384.
Test Suite 'SpeakLocalNativeUITests.xctest' started at 2026-06-01 08:54:00.385.
Test Suite 'CityAppDetailV22RenderProofUITests' started at 2026-06-01 08:54:00.385.
Test Case '-[SpeakLocalNativeUITests.CityAppDetailV22RenderProofUITests testCaptureCityAppDetailV22RenderProofBatch]' started.
    t =     0.00s Start Test at 2026-06-01 08:54:00.385
    t =     0.02s Set Up
    t =     0.02s Open app.speaklocal.vietnam.native
    t =     0.02s     Launch app.speaklocal.vietnam.native
objc[53784]: Class UIAccessibilityLoaderWebShared is implemented in both /Library/Developer/CoreSimulator/Volumes/iOS_23F77/Library/Developer/CoreSimulator/Profiles/Runtimes/iOS 26.5.simruntime/Contents/Resources/RuntimeRoot/System/Library/AccessibilityBundles/WebCore.axbundle/WebCore (0x1086dc310) and /Library/Developer/CoreSimulator/Volumes/iOS_23F77/Library/Developer/CoreSimulator/Profiles/Runtimes/iOS 26.5.simruntime/Contents/Resources/RuntimeRoot/System/Library/AccessibilityBundles/WebKit.axbundle/WebKit (0x107f60398). This may cause spurious casting failures and mysterious crashes. One of the duplicates must be removed or renamed.
    t =     1.90s         Setting up automation session
    t =     2.42s         Wait for app.speaklocal.vietnam.native to idle
    t =     3.94s Checking existence of `"Bún bò chợ Đông Ba ở Huế" StaticText`
    t =     4.09s Waiting 8.0s for "Bún bò chợ Đông Ba ở Huế" StaticText to exist
    t =     5.11s     Checking `Expect predicate `existsNoRetry == 1` for object "Bún bò chợ Đông Ba ở Huế" StaticText`
    t =     5.11s         Checking existence of `"Bún bò chợ Đông Ba ở Huế" StaticText`
    t =     5.28s Swipe up Target Application 'app.speaklocal.vietnam.native'
    t =     5.28s     Wait for app.speaklocal.vietnam.native to idle
    t =     5.28s     Find the Target Application 'app.speaklocal.vietnam.native'
    t =     5.30s     Check for interrupting elements affecting "SpeakLocal Vietnam" Application
    t =     5.32s     Synthesize event
    t =     5.74s     Wait for app.speaklocal.vietnam.native to idle
    t =     7.86s Swipe up Target Application 'app.speaklocal.vietnam.native'
    t =     7.86s     Wait for app.speaklocal.vietnam.native to idle
    t =     7.87s     Find the Target Application 'app.speaklocal.vietnam.native'
    t =     7.89s     Check for interrupting elements affecting "SpeakLocal Vietnam" Application
    t =     7.92s     Synthesize event
    t =     8.35s     Wait for app.speaklocal.vietnam.native to idle
    t =     9.53s Terminate app.speaklocal.vietnam.native:53791
    t =    10.58s Open app.speaklocal.vietnam.native
    t =    10.58s     Launch app.speaklocal.vietnam.native
    t =    10.80s         Setting up automation session
    t =    11.27s         Wait for app.speaklocal.vietnam.native to idle
    t =    12.75s Waiting 4.0s for TabBar (First Match) to exist
    t =    13.79s     Checking `Expect predicate `existsNoRetry == 1` for object TabBar (First Match)`
    t =    13.79s         Checking existence of `TabBar (First Match)`
    t =    13.82s Checking existence of `"PhraseArticle.BottomSentinel.viet-family-city-hue-place-dong-ba-bun-bo" Other`
    t =    13.90s Checking existence of `"PhraseArticle.BottomSentinel.viet-phrase-city-hue-place-dong-ba-bun-bo" Other`
    t =    13.92s Find the "PhraseArticle.BottomSentinel.viet-phrase-city-hue-place-dong-ba-bun-bo" Other
    t =    13.94s Checking existence of `TabBar (First Match)`
    t =    13.95s Find the TabBar (First Match)
    t =    13.96s Find the Target Application 'app.speaklocal.vietnam.native'
    t =    14.06s Terminate app.speaklocal.vietnam.native:53813
    t =    15.11s Tear Down
Test Case '-[SpeakLocalNativeUITests.CityAppDetailV22RenderProofUITests testCaptureCityAppDetailV22RenderProofBatch]' passed (15.170 seconds).
Test Suite 'CityAppDetailV22RenderProofUITests' passed at 2026-06-01 08:54:15.555.
	 Executed 1 test, with 0 failures (0 unexpected) in 15.170 (15.171) seconds
Test Suite 'SpeakLocalNativeUITests.xctest' passed at 2026-06-01 08:54:15.557.
	 Executed 1 test, with 0 failures (0 unexpected) in 15.170 (15.172) seconds
Test Suite 'Selected tests' passed at 2026-06-01 08:54:15.557.
	 Executed 1 test, with 0 failures (0 unexpected) in 15.170 (15.173) seconds

Test session results, code coverage, and logs:
	/Users/jojolim/Library/Developer/XcodeBuildMCP/workspaces/orchestrator-309442864093/DerivedData/SpeakLocalNative-8f3e721625a0/Logs/Test/Test-SpeakLocalNative-2026.06.01_08-53-59-+0700.xcresult

** TEST EXECUTE SUCCEEDED **

Testing started

2026-06-01 08:54:00.451 xcodebuild[53780:8593234] [MT] IDELaunchParametersSnapshot: The operation couldn’t be completed. (DebuggerLLDB.DebuggerVersionStore.StoreError error 0.)
2026-06-01 08:54:00.451 xcodebuild[53780:8593234] [MT] IDELaunchParametersSnapshot: no debugger version
2026-06-01 08:54:10.967 xcodebuild[53780:8593234] [MT] IDELaunchParametersSnapshot: The operation couldn’t be completed. (DebuggerLLDB.DebuggerVersionStore.StoreError error 0.)
2026-06-01 08:54:10.967 xcodebuild[53780:8593234] [MT] IDELaunchParametersSnapshot: no debugger version
2026-06-01 08:54:15.856 xcodebuild[53780:8593234] [MT] IDETestOperationsObserverDebug: 16.667 elapsed -- Testing started completed.
2026-06-01 08:54:15.856 xcodebuild[53780:8593234] [MT] IDETestOperationsObserverDebug: 0.000 sec, +0.000 sec -- start
2026-06-01 08:54:15.856 xcodebuild[53780:8593234] [MT] IDETestOperationsObserverDebug: 16.667 sec, +16.667 sec -- end
