Command line invocation:
    /Applications/Xcode.app/Contents/Developer/usr/bin/xcodebuild test-without-building -project /Users/jojolim/Developer/products/speaklocal/app-family/.worktrees/city-listings-production-ready/native-ios/SpeakLocalNative.xcodeproj -scheme SpeakLocalNative -destination "platform=iOS Simulator,id=7C386DD3-4BF1-4A34-A918-768C43CD1258" -derivedDataPath /Users/jojolim/Library/Developer/XcodeBuildMCP/workspaces/orchestrator-309442864093/DerivedData/SpeakLocalNative-8f3e721625a0 "-only-testing:SpeakLocalNativeUITests/CityAppDetailV22RenderProofUITests/testCaptureCityAppDetailV22RenderProofBatch"

2026-06-01 08:50:20.775291+0700 SpeakLocalNativeUITests-Runner[52547:8580935] [Default] Running tests...
    t =      nans Interface orientation changed to Portrait
Test Suite 'Selected tests' started at 2026-06-01 08:50:21.145.
Test Suite 'SpeakLocalNativeUITests.xctest' started at 2026-06-01 08:50:21.145.
Test Suite 'CityAppDetailV22RenderProofUITests' started at 2026-06-01 08:50:21.145.
Test Case '-[SpeakLocalNativeUITests.CityAppDetailV22RenderProofUITests testCaptureCityAppDetailV22RenderProofBatch]' started.
    t =     0.00s Start Test at 2026-06-01 08:50:21.146
    t =     0.02s Set Up
    t =     0.02s Open app.speaklocal.vietnam.native
    t =     0.02s     Launch app.speaklocal.vietnam.native
objc[52547]: Class UIAccessibilityLoaderWebShared is implemented in both /Library/Developer/CoreSimulator/Volumes/iOS_23F77/Library/Developer/CoreSimulator/Profiles/Runtimes/iOS 26.5.simruntime/Contents/Resources/RuntimeRoot/System/Library/AccessibilityBundles/WebCore.axbundle/WebCore (0x1063dc310) and /Library/Developer/CoreSimulator/Volumes/iOS_23F77/Library/Developer/CoreSimulator/Profiles/Runtimes/iOS 26.5.simruntime/Contents/Resources/RuntimeRoot/System/Library/AccessibilityBundles/WebKit.axbundle/WebKit (0x105c0c398). This may cause spurious casting failures and mysterious crashes. One of the duplicates must be removed or renamed.
    t =     1.89s         Setting up automation session
    t =     2.45s         Wait for app.speaklocal.vietnam.native to idle
    t =     3.93s Checking existence of `"Reaching Out Tea House" StaticText`
    t =     4.07s Waiting 8.0s for "Reaching Out Tea House" StaticText to exist
    t =     5.12s     Checking `Expect predicate `existsNoRetry == 1` for object "Reaching Out Tea House" StaticText`
    t =     5.12s         Checking existence of `"Reaching Out Tea House" StaticText`
    t =     5.30s Swipe up Target Application 'app.speaklocal.vietnam.native'
    t =     5.30s     Wait for app.speaklocal.vietnam.native to idle
    t =     5.31s     Find the Target Application 'app.speaklocal.vietnam.native'
    t =     5.32s     Check for interrupting elements affecting "SpeakLocal Vietnam" Application
    t =     5.34s     Synthesize event
    t =     5.77s     Wait for app.speaklocal.vietnam.native to idle
    t =     7.90s Swipe up Target Application 'app.speaklocal.vietnam.native'
    t =     7.90s     Wait for app.speaklocal.vietnam.native to idle
    t =     7.90s     Find the Target Application 'app.speaklocal.vietnam.native'
    t =     7.92s     Check for interrupting elements affecting "SpeakLocal Vietnam" Application
    t =     7.95s     Synthesize event
    t =     8.37s     Wait for app.speaklocal.vietnam.native to idle
    t =     9.24s Terminate app.speaklocal.vietnam.native:52563
    t =    10.30s Open app.speaklocal.vietnam.native
    t =    10.30s     Launch app.speaklocal.vietnam.native
    t =    10.52s         Setting up automation session
    t =    11.03s         Wait for app.speaklocal.vietnam.native to idle
    t =    12.48s Waiting 4.0s for TabBar (First Match) to exist
    t =    13.53s     Checking `Expect predicate `existsNoRetry == 1` for object TabBar (First Match)`
    t =    13.53s         Checking existence of `TabBar (First Match)`
    t =    13.59s Checking existence of `"PhraseArticle.BottomSentinel.viet-family-city-hoian-place-reach-out-tea-house" Other`
    t =    13.68s Checking existence of `"PhraseArticle.BottomSentinel.viet-phrase-city-hoian-place-reach-out-tea-house" Other`
    t =    13.70s Find the "PhraseArticle.BottomSentinel.viet-phrase-city-hoian-place-reach-out-tea-house" Other
    t =    13.72s Checking existence of `TabBar (First Match)`
    t =    13.73s Find the TabBar (First Match)
    t =    13.74s Find the Target Application 'app.speaklocal.vietnam.native'
    t =    13.83s Terminate app.speaklocal.vietnam.native:52574
    t =    14.90s Tear Down
Test Case '-[SpeakLocalNativeUITests.CityAppDetailV22RenderProofUITests testCaptureCityAppDetailV22RenderProofBatch]' passed (14.989 seconds).
Test Suite 'CityAppDetailV22RenderProofUITests' passed at 2026-06-01 08:50:36.136.
	 Executed 1 test, with 0 failures (0 unexpected) in 14.989 (14.991) seconds
Test Suite 'SpeakLocalNativeUITests.xctest' passed at 2026-06-01 08:50:36.137.
	 Executed 1 test, with 0 failures (0 unexpected) in 14.989 (14.992) seconds
Test Suite 'Selected tests' passed at 2026-06-01 08:50:36.138.
	 Executed 1 test, with 0 failures (0 unexpected) in 14.989 (14.993) seconds

Test session results, code coverage, and logs:
	/Users/jojolim/Library/Developer/XcodeBuildMCP/workspaces/orchestrator-309442864093/DerivedData/SpeakLocalNative-8f3e721625a0/Logs/Test/Test-SpeakLocalNative-2026.06.01_08-50-19-+0700.xcresult

** TEST EXECUTE SUCCEEDED **

Testing started

2026-06-01 08:50:21.205 xcodebuild[52543:8580728] [MT] IDELaunchParametersSnapshot: The operation couldn’t be completed. (DebuggerLLDB.DebuggerVersionStore.StoreError error 0.)
2026-06-01 08:50:21.205 xcodebuild[52543:8580728] [MT] IDELaunchParametersSnapshot: no debugger version
2026-06-01 08:50:31.453 xcodebuild[52543:8580728] [MT] IDELaunchParametersSnapshot: The operation couldn’t be completed. (DebuggerLLDB.DebuggerVersionStore.StoreError error 0.)
2026-06-01 08:50:31.453 xcodebuild[52543:8580728] [MT] IDELaunchParametersSnapshot: no debugger version
2026-06-01 08:50:36.438 xcodebuild[52543:8580728] [MT] IDETestOperationsObserverDebug: 16.470 elapsed -- Testing started completed.
2026-06-01 08:50:36.439 xcodebuild[52543:8580728] [MT] IDETestOperationsObserverDebug: 0.000 sec, +0.000 sec -- start
2026-06-01 08:50:36.439 xcodebuild[52543:8580728] [MT] IDETestOperationsObserverDebug: 16.470 sec, +16.470 sec -- end
