Command line invocation:
    /Applications/Xcode.app/Contents/Developer/usr/bin/xcodebuild test-without-building -project /Users/jojolim/Developer/products/speaklocal/app-family/.worktrees/city-listings-production-ready/native-ios/SpeakLocalNative.xcodeproj -scheme SpeakLocalNative -destination "platform=iOS Simulator,id=7C386DD3-4BF1-4A34-A918-768C43CD1258" -derivedDataPath /Users/jojolim/Library/Developer/XcodeBuildMCP/workspaces/orchestrator-309442864093/DerivedData/SpeakLocalNative-8f3e721625a0 "-only-testing:SpeakLocalNativeUITests/CityAppDetailV22RenderProofUITests/testCaptureCityAppDetailV22RenderProofBatch"

2026-06-01 03:54:14.319095+0700 SpeakLocalNativeUITests-Runner[82728:7348076] [Default] Running tests...
    t =      nans Interface orientation changed to Portrait
Test Suite 'Selected tests' started at 2026-06-01 03:54:14.695.
Test Suite 'SpeakLocalNativeUITests.xctest' started at 2026-06-01 03:54:14.695.
Test Suite 'CityAppDetailV22RenderProofUITests' started at 2026-06-01 03:54:14.695.
Test Case '-[SpeakLocalNativeUITests.CityAppDetailV22RenderProofUITests testCaptureCityAppDetailV22RenderProofBatch]' started.
    t =     0.00s Start Test at 2026-06-01 03:54:14.695
    t =     0.02s Set Up
    t =     0.02s Open app.speaklocal.vietnam.native
    t =     0.02s     Launch app.speaklocal.vietnam.native
objc[82728]: Class UIAccessibilityLoaderWebShared is implemented in both /Library/Developer/CoreSimulator/Volumes/iOS_23F77/Library/Developer/CoreSimulator/Profiles/Runtimes/iOS 26.5.simruntime/Contents/Resources/RuntimeRoot/System/Library/AccessibilityBundles/WebCore.axbundle/WebCore (0x10a418310) and /Library/Developer/CoreSimulator/Volumes/iOS_23F77/Library/Developer/CoreSimulator/Profiles/Runtimes/iOS 26.5.simruntime/Contents/Resources/RuntimeRoot/System/Library/AccessibilityBundles/WebKit.axbundle/WebKit (0x109c8c398). This may cause spurious casting failures and mysterious crashes. One of the duplicates must be removed or renamed.
    t =     1.88s         Setting up automation session
    t =     2.32s         Wait for app.speaklocal.vietnam.native to idle
    t =     3.78s Checking existence of `"Cà phê sữa đá Sài Gòn ở Thành phố Hồ Chí Minh" StaticText`
    t =     3.92s Waiting 8.0s for "Cà phê sữa đá Sài Gòn ở Thành phố Hồ Chí Minh" StaticText to exist
    t =     4.93s     Checking `Expect predicate `existsNoRetry == 1` for object "Cà phê sữa đá Sài Gòn ở Thành phố Hồ Chí Minh" StaticText`
    t =     4.93s         Checking existence of `"Cà phê sữa đá Sài Gòn ở Thành phố Hồ Chí Minh" StaticText`
    t =     5.05s Swipe up Target Application 'app.speaklocal.vietnam.native'
    t =     5.05s     Wait for app.speaklocal.vietnam.native to idle
    t =     5.06s     Find the Target Application 'app.speaklocal.vietnam.native'
    t =     5.07s     Check for interrupting elements affecting "SpeakLocal Vietnam" Application
    t =     5.09s     Synthesize event
    t =     5.51s     Wait for app.speaklocal.vietnam.native to idle
    t =     7.62s Swipe up Target Application 'app.speaklocal.vietnam.native'
    t =     7.62s     Wait for app.speaklocal.vietnam.native to idle
    t =     7.62s     Find the Target Application 'app.speaklocal.vietnam.native'
    t =     7.66s     Check for interrupting elements affecting "SpeakLocal Vietnam" Application
    t =     7.68s     Synthesize event
    t =     8.10s     Wait for app.speaklocal.vietnam.native to idle
    t =     8.73s Terminate app.speaklocal.vietnam.native:82811
    t =     9.78s Open app.speaklocal.vietnam.native
    t =     9.78s     Launch app.speaklocal.vietnam.native
    t =     9.99s         Setting up automation session
    t =    10.51s         Wait for app.speaklocal.vietnam.native to idle
    t =    11.98s Waiting 4.0s for TabBar (First Match) to exist
    t =    13.01s     Checking `Expect predicate `existsNoRetry == 1` for object TabBar (First Match)`
    t =    13.02s         Checking existence of `TabBar (First Match)`
    t =    13.06s Checking existence of `"PhraseArticle.BottomSentinel.viet-family-city-hcmc-place-ca-phe-sua-da" Other`
    t =    13.15s Checking existence of `"PhraseArticle.BottomSentinel.viet-phrase-city-hcmc-place-ca-phe-sua-da" Other`
    t =    13.17s Find the "PhraseArticle.BottomSentinel.viet-phrase-city-hcmc-place-ca-phe-sua-da" Other
    t =    13.19s Checking existence of `TabBar (First Match)`
    t =    13.20s Find the TabBar (First Match)
    t =    13.20s Find the Target Application 'app.speaklocal.vietnam.native'
    t =    13.30s Terminate app.speaklocal.vietnam.native:82901
    t =    14.35s Tear Down
Test Case '-[SpeakLocalNativeUITests.CityAppDetailV22RenderProofUITests testCaptureCityAppDetailV22RenderProofBatch]' passed (14.409 seconds).
Test Suite 'CityAppDetailV22RenderProofUITests' passed at 2026-06-01 03:54:29.105.
	 Executed 1 test, with 0 failures (0 unexpected) in 14.409 (14.410) seconds
Test Suite 'SpeakLocalNativeUITests.xctest' passed at 2026-06-01 03:54:29.106.
	 Executed 1 test, with 0 failures (0 unexpected) in 14.409 (14.411) seconds
Test Suite 'Selected tests' passed at 2026-06-01 03:54:29.106.
	 Executed 1 test, with 0 failures (0 unexpected) in 14.409 (14.412) seconds

Test session results, code coverage, and logs:
	/Users/jojolim/Library/Developer/XcodeBuildMCP/workspaces/orchestrator-309442864093/DerivedData/SpeakLocalNative-8f3e721625a0/Logs/Test/Test-SpeakLocalNative-2026.06.01_03-54-13-+0700.xcresult

** TEST EXECUTE SUCCEEDED **

Testing started

2026-06-01 03:54:14.755 xcodebuild[82722:7347903] [MT] IDELaunchParametersSnapshot: The operation couldn’t be completed. (DebuggerLLDB.DebuggerVersionStore.StoreError error 0.)
2026-06-01 03:54:14.755 xcodebuild[82722:7347903] [MT] IDELaunchParametersSnapshot: no debugger version
2026-06-01 03:54:24.477 xcodebuild[82722:7347903] [MT] IDELaunchParametersSnapshot: The operation couldn’t be completed. (DebuggerLLDB.DebuggerVersionStore.StoreError error 0.)
2026-06-01 03:54:24.477 xcodebuild[82722:7347903] [MT] IDELaunchParametersSnapshot: no debugger version
2026-06-01 03:54:29.407 xcodebuild[82722:7347903] [MT] IDETestOperationsObserverDebug: 15.888 elapsed -- Testing started completed.
2026-06-01 03:54:29.407 xcodebuild[82722:7347903] [MT] IDETestOperationsObserverDebug: 0.000 sec, +0.000 sec -- start
2026-06-01 03:54:29.407 xcodebuild[82722:7347903] [MT] IDETestOperationsObserverDebug: 15.888 sec, +15.888 sec -- end
