Command line invocation:
    /Applications/Xcode.app/Contents/Developer/usr/bin/xcodebuild test-without-building -project /Users/jojolim/Developer/products/speaklocal/app-family/.worktrees/city-listings-production-ready/native-ios/SpeakLocalNative.xcodeproj -scheme SpeakLocalNative -destination "platform=iOS Simulator,id=7C386DD3-4BF1-4A34-A918-768C43CD1258" -derivedDataPath /Users/jojolim/Library/Developer/XcodeBuildMCP/workspaces/orchestrator-309442864093/DerivedData/SpeakLocalNative-8f3e721625a0 "-only-testing:SpeakLocalNativeUITests/CityAppDetailV22RenderProofUITests/testCaptureCityAppDetailV22RenderProofBatch"

2026-06-01 05:08:43.250970+0700 SpeakLocalNativeUITests-Runner[71994:7670425] [Default] Running tests...
    t =      nans Interface orientation changed to Portrait
Test Suite 'Selected tests' started at 2026-06-01 05:08:43.620.
Test Suite 'SpeakLocalNativeUITests.xctest' started at 2026-06-01 05:08:43.621.
Test Suite 'CityAppDetailV22RenderProofUITests' started at 2026-06-01 05:08:43.621.
Test Case '-[SpeakLocalNativeUITests.CityAppDetailV22RenderProofUITests testCaptureCityAppDetailV22RenderProofBatch]' started.
    t =     0.00s Start Test at 2026-06-01 05:08:43.621
    t =     0.02s Set Up
    t =     0.02s Open app.speaklocal.vietnam.native
    t =     0.02s     Launch app.speaklocal.vietnam.native
objc[71994]: Class UIAccessibilityLoaderWebShared is implemented in both /Library/Developer/CoreSimulator/Volumes/iOS_23F77/Library/Developer/CoreSimulator/Profiles/Runtimes/iOS 26.5.simruntime/Contents/Resources/RuntimeRoot/System/Library/AccessibilityBundles/WebCore.axbundle/WebCore (0x108ffc310) and /Library/Developer/CoreSimulator/Volumes/iOS_23F77/Library/Developer/CoreSimulator/Profiles/Runtimes/iOS 26.5.simruntime/Contents/Resources/RuntimeRoot/System/Library/AccessibilityBundles/WebKit.axbundle/WebKit (0x1087f0398). This may cause spurious casting failures and mysterious crashes. One of the duplicates must be removed or renamed.
    t =     1.89s         Setting up automation session
    t =     2.39s         Wait for app.speaklocal.vietnam.native to idle
    t =     3.86s Checking existence of `"Bến xe Hội An" StaticText`
    t =     4.02s Waiting 8.0s for "Bến xe Hội An" StaticText to exist
    t =     5.05s     Checking `Expect predicate `existsNoRetry == 1` for object "Bến xe Hội An" StaticText`
    t =     5.05s         Checking existence of `"Bến xe Hội An" StaticText`
    t =     5.22s Swipe up Target Application 'app.speaklocal.vietnam.native'
    t =     5.22s     Wait for app.speaklocal.vietnam.native to idle
    t =     5.22s     Find the Target Application 'app.speaklocal.vietnam.native'
    t =     5.23s     Check for interrupting elements affecting "SpeakLocal Vietnam" Application
    t =     5.25s     Synthesize event
    t =     5.67s     Wait for app.speaklocal.vietnam.native to idle
    t =     7.79s Swipe up Target Application 'app.speaklocal.vietnam.native'
    t =     7.79s     Wait for app.speaklocal.vietnam.native to idle
    t =     7.79s     Find the Target Application 'app.speaklocal.vietnam.native'
    t =     7.81s     Check for interrupting elements affecting "SpeakLocal Vietnam" Application
    t =     7.84s     Synthesize event
    t =     8.25s     Wait for app.speaklocal.vietnam.native to idle
    t =     8.94s Terminate app.speaklocal.vietnam.native:72050
    t =    10.02s Open app.speaklocal.vietnam.native
    t =    10.02s     Launch app.speaklocal.vietnam.native
    t =    10.24s         Setting up automation session
    t =    10.73s         Wait for app.speaklocal.vietnam.native to idle
    t =    12.22s Waiting 4.0s for TabBar (First Match) to exist
    t =    13.27s     Checking `Expect predicate `existsNoRetry == 1` for object TabBar (First Match)`
    t =    13.27s         Checking existence of `TabBar (First Match)`
    t =    13.33s Checking existence of `"PhraseArticle.BottomSentinel.viet-family-city-hoian-place-bus-station" Other`
    t =    13.42s Checking existence of `"PhraseArticle.BottomSentinel.viet-phrase-city-hoian-place-bus-station" Other`
    t =    13.44s Find the "PhraseArticle.BottomSentinel.viet-phrase-city-hoian-place-bus-station" Other
    t =    13.46s Checking existence of `TabBar (First Match)`
    t =    13.46s Find the TabBar (First Match)
    t =    13.47s Find the Target Application 'app.speaklocal.vietnam.native'
    t =    13.56s Terminate app.speaklocal.vietnam.native:72160
    t =    14.61s Tear Down
Test Case '-[SpeakLocalNativeUITests.CityAppDetailV22RenderProofUITests testCaptureCityAppDetailV22RenderProofBatch]' passed (14.675 seconds).
Test Suite 'CityAppDetailV22RenderProofUITests' passed at 2026-06-01 05:08:58.297.
	 Executed 1 test, with 0 failures (0 unexpected) in 14.675 (14.676) seconds
Test Suite 'SpeakLocalNativeUITests.xctest' passed at 2026-06-01 05:08:58.298.
	 Executed 1 test, with 0 failures (0 unexpected) in 14.675 (14.677) seconds
Test Suite 'Selected tests' passed at 2026-06-01 05:08:58.298.
	 Executed 1 test, with 0 failures (0 unexpected) in 14.675 (14.678) seconds

Test session results, code coverage, and logs:
	/Users/jojolim/Library/Developer/XcodeBuildMCP/workspaces/orchestrator-309442864093/DerivedData/SpeakLocalNative-8f3e721625a0/Logs/Test/Test-SpeakLocalNative-2026.06.01_05-08-42-+0700.xcresult

** TEST EXECUTE SUCCEEDED **

Testing started

2026-06-01 05:08:43.684 xcodebuild[71978:7670197] [MT] IDELaunchParametersSnapshot: The operation couldn’t be completed. (DebuggerLLDB.DebuggerVersionStore.StoreError error 0.)
2026-06-01 05:08:43.684 xcodebuild[71978:7670197] [MT] IDELaunchParametersSnapshot: no debugger version
2026-06-01 05:08:53.649 xcodebuild[71978:7670197] [MT] IDELaunchParametersSnapshot: The operation couldn’t be completed. (DebuggerLLDB.DebuggerVersionStore.StoreError error 0.)
2026-06-01 05:08:53.649 xcodebuild[71978:7670197] [MT] IDELaunchParametersSnapshot: no debugger version
2026-06-01 05:08:58.596 xcodebuild[71978:7670197] [MT] IDETestOperationsObserverDebug: 16.137 elapsed -- Testing started completed.
2026-06-01 05:08:58.596 xcodebuild[71978:7670197] [MT] IDETestOperationsObserverDebug: 0.000 sec, +0.000 sec -- start
2026-06-01 05:08:58.596 xcodebuild[71978:7670197] [MT] IDETestOperationsObserverDebug: 16.137 sec, +16.137 sec -- end
