Command line invocation:
    /Applications/Xcode.app/Contents/Developer/usr/bin/xcodebuild test-without-building -project /Users/jojolim/Developer/products/speaklocal/app-family/.worktrees/city-listings-production-ready/native-ios/SpeakLocalNative.xcodeproj -scheme SpeakLocalNative -destination "platform=iOS Simulator,id=7C386DD3-4BF1-4A34-A918-768C43CD1258" -derivedDataPath /Users/jojolim/Library/Developer/XcodeBuildMCP/workspaces/orchestrator-309442864093/DerivedData/SpeakLocalNative-8f3e721625a0 "-only-testing:SpeakLocalNativeUITests/CityAppDetailV22RenderProofUITests/testCaptureCityAppDetailV22RenderProofBatch"

2026-06-01 04:29:09.015732+0700 SpeakLocalNativeUITests-Runner[25092:7500164] [Default] Running tests...
    t =      nans Interface orientation changed to Portrait
Test Suite 'Selected tests' started at 2026-06-01 04:29:09.415.
Test Suite 'SpeakLocalNativeUITests.xctest' started at 2026-06-01 04:29:09.415.
Test Suite 'CityAppDetailV22RenderProofUITests' started at 2026-06-01 04:29:09.415.
Test Case '-[SpeakLocalNativeUITests.CityAppDetailV22RenderProofUITests testCaptureCityAppDetailV22RenderProofBatch]' started.
    t =     0.00s Start Test at 2026-06-01 04:29:09.416
    t =     0.01s Set Up
    t =     0.02s Open app.speaklocal.vietnam.native
    t =     0.02s     Launch app.speaklocal.vietnam.native
objc[25092]: Class UIAccessibilityLoaderWebShared is implemented in both /Library/Developer/CoreSimulator/Volumes/iOS_23F77/Library/Developer/CoreSimulator/Profiles/Runtimes/iOS 26.5.simruntime/Contents/Resources/RuntimeRoot/System/Library/AccessibilityBundles/WebCore.axbundle/WebCore (0x10890c310) and /Library/Developer/CoreSimulator/Volumes/iOS_23F77/Library/Developer/CoreSimulator/Profiles/Runtimes/iOS 26.5.simruntime/Contents/Resources/RuntimeRoot/System/Library/AccessibilityBundles/WebKit.axbundle/WebKit (0x1081b0398). This may cause spurious casting failures and mysterious crashes. One of the duplicates must be removed or renamed.
    t =     1.69s         Setting up automation session
    t =     2.26s         Wait for app.speaklocal.vietnam.native to idle
    t =     3.72s Checking existence of `"Đi cà phê Nguyễn Huệ" StaticText`
    t =     3.87s Waiting 8.0s for "Đi cà phê Nguyễn Huệ" StaticText to exist
    t =     4.93s     Checking `Expect predicate `existsNoRetry == 1` for object "Đi cà phê Nguyễn Huệ" StaticText`
    t =     4.93s         Checking existence of `"Đi cà phê Nguyễn Huệ" StaticText`
    t =     5.10s Swipe up Target Application 'app.speaklocal.vietnam.native'
    t =     5.10s     Wait for app.speaklocal.vietnam.native to idle
    t =     5.10s     Find the Target Application 'app.speaklocal.vietnam.native'
    t =     5.11s     Check for interrupting elements affecting "SpeakLocal Vietnam" Application
    t =     5.13s     Synthesize event
    t =     5.56s     Wait for app.speaklocal.vietnam.native to idle
    t =     7.67s Swipe up Target Application 'app.speaklocal.vietnam.native'
    t =     7.67s     Wait for app.speaklocal.vietnam.native to idle
    t =     7.75s     Find the Target Application 'app.speaklocal.vietnam.native'
    t =     7.78s     Check for interrupting elements affecting "SpeakLocal Vietnam" Application
    t =     7.81s     Synthesize event
    t =     8.23s     Wait for app.speaklocal.vietnam.native to idle
    t =     9.02s Terminate app.speaklocal.vietnam.native:25175
    t =    10.11s Open app.speaklocal.vietnam.native
    t =    10.12s     Launch app.speaklocal.vietnam.native
    t =    10.32s         Setting up automation session
    t =    10.77s         Wait for app.speaklocal.vietnam.native to idle
    t =    12.22s Waiting 4.0s for TabBar (First Match) to exist
    t =    13.29s     Checking `Expect predicate `existsNoRetry == 1` for object TabBar (First Match)`
    t =    13.29s         Checking existence of `TabBar (First Match)`
    t =    13.35s Checking existence of `"PhraseArticle.BottomSentinel.viet-family-city-hcmc-place-cafe-hop-nguyen-hue" Other`
    t =    13.42s Checking existence of `"PhraseArticle.BottomSentinel.viet-phrase-city-hcmc-place-cafe-hop-nguyen-hue" Other`
    t =    13.44s Find the "PhraseArticle.BottomSentinel.viet-phrase-city-hcmc-place-cafe-hop-nguyen-hue" Other
    t =    13.47s Checking existence of `TabBar (First Match)`
    t =    13.47s Find the TabBar (First Match)
    t =    13.48s Find the Target Application 'app.speaklocal.vietnam.native'
    t =    13.57s Terminate app.speaklocal.vietnam.native:25267
    t =    14.66s Tear Down
Test Case '-[SpeakLocalNativeUITests.CityAppDetailV22RenderProofUITests testCaptureCityAppDetailV22RenderProofBatch]' passed (14.716 seconds).
Test Suite 'CityAppDetailV22RenderProofUITests' passed at 2026-06-01 04:29:24.132.
	 Executed 1 test, with 0 failures (0 unexpected) in 14.716 (14.717) seconds
Test Suite 'SpeakLocalNativeUITests.xctest' passed at 2026-06-01 04:29:24.134.
	 Executed 1 test, with 0 failures (0 unexpected) in 14.716 (14.719) seconds
Test Suite 'Selected tests' passed at 2026-06-01 04:29:24.134.
	 Executed 1 test, with 0 failures (0 unexpected) in 14.716 (14.720) seconds

Test session results, code coverage, and logs:
	/Users/jojolim/Library/Developer/XcodeBuildMCP/workspaces/orchestrator-309442864093/DerivedData/SpeakLocalNative-8f3e721625a0/Logs/Test/Test-SpeakLocalNative-2026.06.01_04-29-08-+0700.xcresult

** TEST EXECUTE SUCCEEDED **

Testing started

2026-06-01 04:29:09.473 xcodebuild[25090:7500000] [MT] IDELaunchParametersSnapshot: The operation couldn’t be completed. (DebuggerLLDB.DebuggerVersionStore.StoreError error 0.)
2026-06-01 04:29:09.473 xcodebuild[25090:7500000] [MT] IDELaunchParametersSnapshot: no debugger version
2026-06-01 04:29:19.532 xcodebuild[25090:7500000] [MT] IDELaunchParametersSnapshot: The operation couldn’t be completed. (DebuggerLLDB.DebuggerVersionStore.StoreError error 0.)
2026-06-01 04:29:19.532 xcodebuild[25090:7500000] [MT] IDELaunchParametersSnapshot: no debugger version
2026-06-01 04:29:24.441 xcodebuild[25090:7500000] [MT] IDETestOperationsObserverDebug: 16.226 elapsed -- Testing started completed.
2026-06-01 04:29:24.441 xcodebuild[25090:7500000] [MT] IDETestOperationsObserverDebug: 0.000 sec, +0.000 sec -- start
2026-06-01 04:29:24.441 xcodebuild[25090:7500000] [MT] IDETestOperationsObserverDebug: 16.226 sec, +16.226 sec -- end
