Command line invocation:
    /Applications/Xcode.app/Contents/Developer/usr/bin/xcodebuild test-without-building -project /Users/jojolim/Developer/products/speaklocal/app-family/.worktrees/city-listings-production-ready/native-ios/SpeakLocalNative.xcodeproj -scheme SpeakLocalNative -destination "platform=iOS Simulator,id=7C386DD3-4BF1-4A34-A918-768C43CD1258" -derivedDataPath /Users/jojolim/Library/Developer/XcodeBuildMCP/workspaces/orchestrator-309442864093/DerivedData/SpeakLocalNative-8f3e721625a0 "-only-testing:SpeakLocalNativeUITests/CityAppDetailV22RenderProofUITests/testCaptureCityAppDetailV22RenderProofBatch"

2026-06-01 04:51:29.559285+0700 SpeakLocalNativeUITests-Runner[51610:7596519] [Default] Running tests...
    t =      nans Interface orientation changed to Portrait
Test Suite 'Selected tests' started at 2026-06-01 04:51:29.937.
Test Suite 'SpeakLocalNativeUITests.xctest' started at 2026-06-01 04:51:29.937.
Test Suite 'CityAppDetailV22RenderProofUITests' started at 2026-06-01 04:51:29.937.
Test Case '-[SpeakLocalNativeUITests.CityAppDetailV22RenderProofUITests testCaptureCityAppDetailV22RenderProofBatch]' started.
    t =     0.00s Start Test at 2026-06-01 04:51:29.937
    t =     0.02s Set Up
    t =     0.02s Open app.speaklocal.vietnam.native
    t =     0.02s     Launch app.speaklocal.vietnam.native
objc[51610]: Class UIAccessibilityLoaderWebShared is implemented in both /Library/Developer/CoreSimulator/Volumes/iOS_23F77/Library/Developer/CoreSimulator/Profiles/Runtimes/iOS 26.5.simruntime/Contents/Resources/RuntimeRoot/System/Library/AccessibilityBundles/WebCore.axbundle/WebCore (0x108914310) and /Library/Developer/CoreSimulator/Volumes/iOS_23F77/Library/Developer/CoreSimulator/Profiles/Runtimes/iOS 26.5.simruntime/Contents/Resources/RuntimeRoot/System/Library/AccessibilityBundles/WebKit.axbundle/WebKit (0x1081b8398). This may cause spurious casting failures and mysterious crashes. One of the duplicates must be removed or renamed.
    t =     1.90s         Setting up automation session
    t =     2.27s         Wait for app.speaklocal.vietnam.native to idle
    t =     3.77s Checking existence of `"Les Jardins de la Carambole" StaticText`
    t =     3.94s Waiting 8.0s for "Les Jardins de la Carambole" StaticText to exist
    t =     5.00s     Checking `Expect predicate `existsNoRetry == 1` for object "Les Jardins de la Carambole" StaticText`
    t =     5.00s         Checking existence of `"Les Jardins de la Carambole" StaticText`
    t =     5.17s Swipe up Target Application 'app.speaklocal.vietnam.native'
    t =     5.17s     Wait for app.speaklocal.vietnam.native to idle
    t =     5.17s     Find the Target Application 'app.speaklocal.vietnam.native'
    t =     5.19s     Check for interrupting elements affecting "SpeakLocal Vietnam" Application
    t =     5.21s     Synthesize event
    t =     5.62s     Wait for app.speaklocal.vietnam.native to idle
    t =     7.73s Swipe up Target Application 'app.speaklocal.vietnam.native'
    t =     7.73s     Wait for app.speaklocal.vietnam.native to idle
    t =     7.74s     Find the Target Application 'app.speaklocal.vietnam.native'
    t =     7.76s     Check for interrupting elements affecting "SpeakLocal Vietnam" Application
    t =     7.78s     Synthesize event
    t =     8.20s     Wait for app.speaklocal.vietnam.native to idle
    t =     9.03s Terminate app.speaklocal.vietnam.native:51621
    t =    10.12s Open app.speaklocal.vietnam.native
    t =    10.12s     Launch app.speaklocal.vietnam.native
    t =    10.33s         Setting up automation session
    t =    10.79s         Wait for app.speaklocal.vietnam.native to idle
    t =    12.25s Waiting 4.0s for TabBar (First Match) to exist
    t =    13.32s     Checking `Expect predicate `existsNoRetry == 1` for object TabBar (First Match)`
    t =    13.32s         Checking existence of `TabBar (First Match)`
    t =    13.36s Checking existence of `"PhraseArticle.BottomSentinel.viet-family-city-hue-place-les-jardins" Other`
    t =    13.45s Checking existence of `"PhraseArticle.BottomSentinel.viet-phrase-city-hue-place-les-jardins" Other`
    t =    13.47s Find the "PhraseArticle.BottomSentinel.viet-phrase-city-hue-place-les-jardins" Other
    t =    13.50s Checking existence of `TabBar (First Match)`
    t =    13.51s Find the TabBar (First Match)
    t =    13.52s Find the Target Application 'app.speaklocal.vietnam.native'
    t =    13.62s Terminate app.speaklocal.vietnam.native:51657
    t =    14.70s Tear Down
Test Case '-[SpeakLocalNativeUITests.CityAppDetailV22RenderProofUITests testCaptureCityAppDetailV22RenderProofBatch]' passed (14.752 seconds).
Test Suite 'CityAppDetailV22RenderProofUITests' passed at 2026-06-01 04:51:44.689.
	 Executed 1 test, with 0 failures (0 unexpected) in 14.752 (14.752) seconds
Test Suite 'SpeakLocalNativeUITests.xctest' passed at 2026-06-01 04:51:44.690.
	 Executed 1 test, with 0 failures (0 unexpected) in 14.752 (14.753) seconds
Test Suite 'Selected tests' passed at 2026-06-01 04:51:44.690.
	 Executed 1 test, with 0 failures (0 unexpected) in 14.752 (14.753) seconds

Test session results, code coverage, and logs:
	/Users/jojolim/Library/Developer/XcodeBuildMCP/workspaces/orchestrator-309442864093/DerivedData/SpeakLocalNative-8f3e721625a0/Logs/Test/Test-SpeakLocalNative-2026.06.01_04-51-28-+0700.xcresult

** TEST EXECUTE SUCCEEDED **

Testing started

2026-06-01 04:51:30.001 xcodebuild[51602:7596335] [MT] IDELaunchParametersSnapshot: The operation couldn’t be completed. (DebuggerLLDB.DebuggerVersionStore.StoreError error 0.)
2026-06-01 04:51:30.001 xcodebuild[51602:7596335] [MT] IDELaunchParametersSnapshot: no debugger version
2026-06-01 04:51:40.061 xcodebuild[51602:7596335] [MT] IDELaunchParametersSnapshot: The operation couldn’t be completed. (DebuggerLLDB.DebuggerVersionStore.StoreError error 0.)
2026-06-01 04:51:40.061 xcodebuild[51602:7596335] [MT] IDELaunchParametersSnapshot: no debugger version
2026-06-01 04:51:44.984 xcodebuild[51602:7596335] [MT] IDETestOperationsObserverDebug: 16.253 elapsed -- Testing started completed.
2026-06-01 04:51:44.984 xcodebuild[51602:7596335] [MT] IDETestOperationsObserverDebug: 0.000 sec, +0.000 sec -- start
2026-06-01 04:51:44.984 xcodebuild[51602:7596335] [MT] IDETestOperationsObserverDebug: 16.253 sec, +16.253 sec -- end
