Command line invocation:
    /Applications/Xcode.app/Contents/Developer/usr/bin/xcodebuild test-without-building -project /Users/jojolim/Developer/products/speaklocal/app-family/.worktrees/city-listings-production-ready/native-ios/SpeakLocalNative.xcodeproj -scheme SpeakLocalNative -destination "platform=iOS Simulator,id=7C386DD3-4BF1-4A34-A918-768C43CD1258" -derivedDataPath /Users/jojolim/Library/Developer/XcodeBuildMCP/workspaces/orchestrator-309442864093/DerivedData/SpeakLocalNative-8f3e721625a0 "-only-testing:SpeakLocalNativeUITests/CityAppDetailV22RenderProofUITests/testCaptureCityAppDetailV22RenderProofBatch"

2026-06-01 06:34:24.331071+0700 SpeakLocalNativeUITests-Runner[3678:8041299] [Default] Running tests...
    t =      nans Interface orientation changed to Portrait
Test Suite 'Selected tests' started at 2026-06-01 06:34:24.698.
Test Suite 'SpeakLocalNativeUITests.xctest' started at 2026-06-01 06:34:24.698.
Test Suite 'CityAppDetailV22RenderProofUITests' started at 2026-06-01 06:34:24.698.
Test Case '-[SpeakLocalNativeUITests.CityAppDetailV22RenderProofUITests testCaptureCityAppDetailV22RenderProofBatch]' started.
    t =     0.00s Start Test at 2026-06-01 06:34:24.699
    t =     0.02s Set Up
    t =     0.03s Open app.speaklocal.vietnam.native
    t =     0.03s     Launch app.speaklocal.vietnam.native
objc[3678]: Class UIAccessibilityLoaderWebShared is implemented in both /Library/Developer/CoreSimulator/Volumes/iOS_23F77/Library/Developer/CoreSimulator/Profiles/Runtimes/iOS 26.5.simruntime/Contents/Resources/RuntimeRoot/System/Library/AccessibilityBundles/WebCore.axbundle/WebCore (0x10ae54310) and /Library/Developer/CoreSimulator/Volumes/iOS_23F77/Library/Developer/CoreSimulator/Profiles/Runtimes/iOS 26.5.simruntime/Contents/Resources/RuntimeRoot/System/Library/AccessibilityBundles/WebKit.axbundle/WebKit (0x10a6f8398). This may cause spurious casting failures and mysterious crashes. One of the duplicates must be removed or renamed.
    t =     1.89s         Setting up automation session
    t =     2.37s         Wait for app.speaklocal.vietnam.native to idle
    t =     3.83s Checking existence of `"Kem bơ ở Đà Nẵng" StaticText`
    t =     3.97s Waiting 8.0s for "Kem bơ ở Đà Nẵng" StaticText to exist
    t =     5.01s     Checking `Expect predicate `existsNoRetry == 1` for object "Kem bơ ở Đà Nẵng" StaticText`
    t =     5.01s         Checking existence of `"Kem bơ ở Đà Nẵng" StaticText`
    t =     5.17s Swipe up Target Application 'app.speaklocal.vietnam.native'
    t =     5.17s     Wait for app.speaklocal.vietnam.native to idle
    t =     5.17s     Find the Target Application 'app.speaklocal.vietnam.native'
    t =     5.18s     Check for interrupting elements affecting "SpeakLocal Vietnam" Application
    t =     5.20s     Synthesize event
    t =     5.62s     Wait for app.speaklocal.vietnam.native to idle
    t =     7.73s Swipe up Target Application 'app.speaklocal.vietnam.native'
    t =     7.73s     Wait for app.speaklocal.vietnam.native to idle
    t =     7.73s     Find the Target Application 'app.speaklocal.vietnam.native'
    t =     7.75s     Check for interrupting elements affecting "SpeakLocal Vietnam" Application
    t =     7.78s     Synthesize event
    t =     8.19s     Wait for app.speaklocal.vietnam.native to idle
    t =     8.96s Terminate app.speaklocal.vietnam.native:3765
    t =    10.01s Open app.speaklocal.vietnam.native
    t =    10.01s     Launch app.speaklocal.vietnam.native
    t =    10.23s         Setting up automation session
    t =    10.70s         Wait for app.speaklocal.vietnam.native to idle
    t =    12.23s Waiting 4.0s for TabBar (First Match) to exist
    t =    13.27s     Checking `Expect predicate `existsNoRetry == 1` for object TabBar (First Match)`
    t =    13.27s         Checking existence of `TabBar (First Match)`
    t =    13.33s Checking existence of `"PhraseArticle.BottomSentinel.viet-family-city-danang-place-kem-bo" Other`
    t =    13.41s Checking existence of `"PhraseArticle.BottomSentinel.viet-phrase-city-danang-place-kem-bo" Other`
    t =    13.43s Find the "PhraseArticle.BottomSentinel.viet-phrase-city-danang-place-kem-bo" Other
    t =    13.46s Checking existence of `TabBar (First Match)`
    t =    13.46s Find the TabBar (First Match)
    t =    13.47s Find the Target Application 'app.speaklocal.vietnam.native'
    t =    13.56s Terminate app.speaklocal.vietnam.native:3849
    t =    14.63s Tear Down
Test Case '-[SpeakLocalNativeUITests.CityAppDetailV22RenderProofUITests testCaptureCityAppDetailV22RenderProofBatch]' passed (14.684 seconds).
Test Suite 'CityAppDetailV22RenderProofUITests' passed at 2026-06-01 06:34:39.383.
	 Executed 1 test, with 0 failures (0 unexpected) in 14.684 (14.685) seconds
Test Suite 'SpeakLocalNativeUITests.xctest' passed at 2026-06-01 06:34:39.383.
	 Executed 1 test, with 0 failures (0 unexpected) in 14.684 (14.685) seconds
Test Suite 'Selected tests' passed at 2026-06-01 06:34:39.384.
	 Executed 1 test, with 0 failures (0 unexpected) in 14.684 (14.686) seconds

Test session results, code coverage, and logs:
	/Users/jojolim/Library/Developer/XcodeBuildMCP/workspaces/orchestrator-309442864093/DerivedData/SpeakLocalNative-8f3e721625a0/Logs/Test/Test-SpeakLocalNative-2026.06.01_06-34-23-+0700.xcresult

** TEST EXECUTE SUCCEEDED **

Testing started

2026-06-01 06:34:24.763 xcodebuild[3676:8041118] [MT] IDELaunchParametersSnapshot: The operation couldn’t be completed. (DebuggerLLDB.DebuggerVersionStore.StoreError error 0.)
2026-06-01 06:34:24.763 xcodebuild[3676:8041118] [MT] IDELaunchParametersSnapshot: no debugger version
2026-06-01 06:34:34.712 xcodebuild[3676:8041118] [MT] IDELaunchParametersSnapshot: The operation couldn’t be completed. (DebuggerLLDB.DebuggerVersionStore.StoreError error 0.)
2026-06-01 06:34:34.712 xcodebuild[3676:8041118] [MT] IDELaunchParametersSnapshot: no debugger version
2026-06-01 06:34:39.684 xcodebuild[3676:8041118] [MT] IDETestOperationsObserverDebug: 16.170 elapsed -- Testing started completed.
2026-06-01 06:34:39.684 xcodebuild[3676:8041118] [MT] IDETestOperationsObserverDebug: 0.000 sec, +0.000 sec -- start
2026-06-01 06:34:39.684 xcodebuild[3676:8041118] [MT] IDETestOperationsObserverDebug: 16.170 sec, +16.170 sec -- end
