Command line invocation:
    /Applications/Xcode.app/Contents/Developer/usr/bin/xcodebuild test-without-building -project /Users/jojolim/Developer/products/speaklocal/app-family/.worktrees/city-listings-production-ready/native-ios/SpeakLocalNative.xcodeproj -scheme SpeakLocalNative -destination "platform=iOS Simulator,id=7C386DD3-4BF1-4A34-A918-768C43CD1258" -derivedDataPath /Users/jojolim/Library/Developer/XcodeBuildMCP/workspaces/orchestrator-309442864093/DerivedData/SpeakLocalNative-8f3e721625a0 "-only-testing:SpeakLocalNativeUITests/CityAppDetailV22RenderProofUITests/testCaptureCityAppDetailV22RenderProofBatch"

2026-06-01 09:14:23.260513+0700 SpeakLocalNativeUITests-Runner[66405:8660135] [Default] Running tests...
    t =      nans Interface orientation changed to Portrait
Test Suite 'Selected tests' started at 2026-06-01 09:14:23.634.
Test Suite 'SpeakLocalNativeUITests.xctest' started at 2026-06-01 09:14:23.634.
Test Suite 'CityAppDetailV22RenderProofUITests' started at 2026-06-01 09:14:23.634.
Test Case '-[SpeakLocalNativeUITests.CityAppDetailV22RenderProofUITests testCaptureCityAppDetailV22RenderProofBatch]' started.
    t =     0.00s Start Test at 2026-06-01 09:14:23.634
    t =     0.02s Set Up
    t =     0.02s Open app.speaklocal.vietnam.native
    t =     0.02s     Launch app.speaklocal.vietnam.native
objc[66405]: Class UIAccessibilityLoaderWebShared is implemented in both /Library/Developer/CoreSimulator/Volumes/iOS_23F77/Library/Developer/CoreSimulator/Profiles/Runtimes/iOS 26.5.simruntime/Contents/Resources/RuntimeRoot/System/Library/AccessibilityBundles/WebCore.axbundle/WebCore (0x10b088310) and /Library/Developer/CoreSimulator/Volumes/iOS_23F77/Library/Developer/CoreSimulator/Profiles/Runtimes/iOS 26.5.simruntime/Contents/Resources/RuntimeRoot/System/Library/AccessibilityBundles/WebKit.axbundle/WebKit (0x10a794398). This may cause spurious casting failures and mysterious crashes. One of the duplicates must be removed or renamed.
    t =     1.89s         Setting up automation session
    t =     2.34s         Wait for app.speaklocal.vietnam.native to idle
    t =     3.82s Checking existence of `"Thành Cafe" StaticText`
    t =     3.97s Waiting 8.0s for "Thành Cafe" StaticText to exist
    t =     4.99s     Checking `Expect predicate `existsNoRetry == 1` for object "Thành Cafe" StaticText`
    t =     4.99s         Checking existence of `"Thành Cafe" StaticText`
    t =     5.13s Swipe up Target Application 'app.speaklocal.vietnam.native'
    t =     5.13s     Wait for app.speaklocal.vietnam.native to idle
    t =     5.13s     Find the Target Application 'app.speaklocal.vietnam.native'
    t =     5.15s     Check for interrupting elements affecting "SpeakLocal Vietnam" Application
    t =     5.16s     Synthesize event
    t =     5.59s     Wait for app.speaklocal.vietnam.native to idle
    t =     7.74s Swipe up Target Application 'app.speaklocal.vietnam.native'
    t =     7.74s     Wait for app.speaklocal.vietnam.native to idle
    t =     7.74s     Find the Target Application 'app.speaklocal.vietnam.native'
    t =     7.76s     Check for interrupting elements affecting "SpeakLocal Vietnam" Application
    t =     7.78s     Synthesize event
    t =     8.21s     Wait for app.speaklocal.vietnam.native to idle
    t =     8.94s Terminate app.speaklocal.vietnam.native:66412
    t =     9.99s Open app.speaklocal.vietnam.native
    t =     9.99s     Launch app.speaklocal.vietnam.native
    t =    10.20s         Setting up automation session
    t =    10.64s         Wait for app.speaklocal.vietnam.native to idle
    t =    12.11s Waiting 4.0s for TabBar (First Match) to exist
    t =    13.15s     Checking `Expect predicate `existsNoRetry == 1` for object TabBar (First Match)`
    t =    13.16s         Checking existence of `TabBar (First Match)`
    t =    13.21s Checking existence of `"PhraseArticle.BottomSentinel.viet-family-city-hue-place-thanh-cafe" Other`
    t =    13.29s Checking existence of `"PhraseArticle.BottomSentinel.viet-phrase-city-hue-place-thanh-cafe" Other`
    t =    13.31s Find the "PhraseArticle.BottomSentinel.viet-phrase-city-hue-place-thanh-cafe" Other
    t =    13.33s Checking existence of `TabBar (First Match)`
    t =    13.34s Find the TabBar (First Match)
    t =    13.35s Find the Target Application 'app.speaklocal.vietnam.native'
    t =    13.44s Terminate app.speaklocal.vietnam.native:66432
    t =    14.49s Tear Down
Test Case '-[SpeakLocalNativeUITests.CityAppDetailV22RenderProofUITests testCaptureCityAppDetailV22RenderProofBatch]' passed (14.548 seconds).
Test Suite 'CityAppDetailV22RenderProofUITests' passed at 2026-06-01 09:14:38.183.
	 Executed 1 test, with 0 failures (0 unexpected) in 14.548 (14.549) seconds
Test Suite 'SpeakLocalNativeUITests.xctest' passed at 2026-06-01 09:14:38.185.
	 Executed 1 test, with 0 failures (0 unexpected) in 14.548 (14.551) seconds
Test Suite 'Selected tests' passed at 2026-06-01 09:14:38.186.
	 Executed 1 test, with 0 failures (0 unexpected) in 14.548 (14.552) seconds

Test session results, code coverage, and logs:
	/Users/jojolim/Library/Developer/XcodeBuildMCP/workspaces/orchestrator-309442864093/DerivedData/SpeakLocalNative-8f3e721625a0/Logs/Test/Test-SpeakLocalNative-2026.06.01_09-14-22-+0700.xcresult

** TEST EXECUTE SUCCEEDED **

Testing started

2026-06-01 09:14:23.695 xcodebuild[66403:8659962] [MT] IDELaunchParametersSnapshot: The operation couldn’t be completed. (DebuggerLLDB.DebuggerVersionStore.StoreError error 0.)
2026-06-01 09:14:23.695 xcodebuild[66403:8659962] [MT] IDELaunchParametersSnapshot: no debugger version
2026-06-01 09:14:33.624 xcodebuild[66403:8659962] [MT] IDELaunchParametersSnapshot: The operation couldn’t be completed. (DebuggerLLDB.DebuggerVersionStore.StoreError error 0.)
2026-06-01 09:14:33.624 xcodebuild[66403:8659962] [MT] IDELaunchParametersSnapshot: no debugger version
2026-06-01 09:14:38.487 xcodebuild[66403:8659962] [MT] IDETestOperationsObserverDebug: 16.035 elapsed -- Testing started completed.
2026-06-01 09:14:38.487 xcodebuild[66403:8659962] [MT] IDETestOperationsObserverDebug: 0.000 sec, +0.000 sec -- start
2026-06-01 09:14:38.487 xcodebuild[66403:8659962] [MT] IDETestOperationsObserverDebug: 16.035 sec, +16.035 sec -- end
