Command line invocation:
    /Applications/Xcode.app/Contents/Developer/usr/bin/xcodebuild test-without-building -project /Users/jojolim/Developer/products/speaklocal/app-family/.worktrees/city-listings-production-ready/native-ios/SpeakLocalNative.xcodeproj -scheme SpeakLocalNative -destination "platform=iOS Simulator,id=7C386DD3-4BF1-4A34-A918-768C43CD1258" -derivedDataPath /Users/jojolim/Library/Developer/XcodeBuildMCP/workspaces/orchestrator-309442864093/DerivedData/SpeakLocalNative-8f3e721625a0 "-only-testing:SpeakLocalNativeUITests/CityAppDetailV22RenderProofUITests/testCaptureCityAppDetailV22RenderProofBatch"

2026-06-01 05:02:04.107306+0700 SpeakLocalNativeUITests-Runner[62311:7638587] [Default] Running tests...
    t =      nans Interface orientation changed to Portrait
Test Suite 'Selected tests' started at 2026-06-01 05:02:04.480.
Test Suite 'SpeakLocalNativeUITests.xctest' started at 2026-06-01 05:02:04.480.
Test Suite 'CityAppDetailV22RenderProofUITests' started at 2026-06-01 05:02:04.480.
Test Case '-[SpeakLocalNativeUITests.CityAppDetailV22RenderProofUITests testCaptureCityAppDetailV22RenderProofBatch]' started.
    t =     0.00s Start Test at 2026-06-01 05:02:04.481
    t =     0.02s Set Up
    t =     0.02s Open app.speaklocal.vietnam.native
    t =     0.02s     Launch app.speaklocal.vietnam.native
objc[62311]: Class UIAccessibilityLoaderWebShared is implemented in both /Library/Developer/CoreSimulator/Volumes/iOS_23F77/Library/Developer/CoreSimulator/Profiles/Runtimes/iOS 26.5.simruntime/Contents/Resources/RuntimeRoot/System/Library/AccessibilityBundles/WebCore.axbundle/WebCore (0x107050310) and /Library/Developer/CoreSimulator/Volumes/iOS_23F77/Library/Developer/CoreSimulator/Profiles/Runtimes/iOS 26.5.simruntime/Contents/Resources/RuntimeRoot/System/Library/AccessibilityBundles/WebKit.axbundle/WebKit (0x1068d0398). This may cause spurious casting failures and mysterious crashes. One of the duplicates must be removed or renamed.
    t =     1.91s         Setting up automation session
    t =     2.37s         Wait for app.speaklocal.vietnam.native to idle
    t =     3.86s Checking existence of `"Đầm Lập An" StaticText`
    t =     4.01s Waiting 8.0s for "Đầm Lập An" StaticText to exist
    t =     5.08s     Checking `Expect predicate `existsNoRetry == 1` for object "Đầm Lập An" StaticText`
    t =     5.08s         Checking existence of `"Đầm Lập An" StaticText`
    t =     5.25s Swipe up Target Application 'app.speaklocal.vietnam.native'
    t =     5.25s     Wait for app.speaklocal.vietnam.native to idle
    t =     5.25s     Find the Target Application 'app.speaklocal.vietnam.native'
    t =     5.26s     Check for interrupting elements affecting "SpeakLocal Vietnam" Application
    t =     5.28s     Synthesize event
    t =     5.70s     Wait for app.speaklocal.vietnam.native to idle
    t =     7.80s Swipe up Target Application 'app.speaklocal.vietnam.native'
    t =     7.80s     Wait for app.speaklocal.vietnam.native to idle
    t =     7.80s     Find the Target Application 'app.speaklocal.vietnam.native'
    t =     7.83s     Check for interrupting elements affecting "SpeakLocal Vietnam" Application
    t =     7.86s     Synthesize event
    t =     8.28s     Wait for app.speaklocal.vietnam.native to idle
    t =     8.89s Terminate app.speaklocal.vietnam.native:62397
    t =     9.98s Open app.speaklocal.vietnam.native
    t =     9.98s     Launch app.speaklocal.vietnam.native
    t =    10.20s         Setting up automation session
    t =    10.66s         Wait for app.speaklocal.vietnam.native to idle
    t =    12.18s Waiting 4.0s for TabBar (First Match) to exist
    t =    13.24s     Checking `Expect predicate `existsNoRetry == 1` for object TabBar (First Match)`
    t =    13.25s         Checking existence of `TabBar (First Match)`
    t =    13.27s Checking existence of `"PhraseArticle.BottomSentinel.viet-family-city-hue-place-lap-an-lagoon" Other`
    t =    13.35s Checking existence of `"PhraseArticle.BottomSentinel.viet-phrase-city-hue-place-lap-an-lagoon" Other`
    t =    13.37s Find the "PhraseArticle.BottomSentinel.viet-phrase-city-hue-place-lap-an-lagoon" Other
    t =    13.39s Checking existence of `TabBar (First Match)`
    t =    13.40s Find the TabBar (First Match)
    t =    13.40s Find the Target Application 'app.speaklocal.vietnam.native'
    t =    13.50s Terminate app.speaklocal.vietnam.native:62478
    t =    14.59s Tear Down
Test Case '-[SpeakLocalNativeUITests.CityAppDetailV22RenderProofUITests testCaptureCityAppDetailV22RenderProofBatch]' passed (14.668 seconds).
Test Suite 'CityAppDetailV22RenderProofUITests' passed at 2026-06-01 05:02:19.149.
	 Executed 1 test, with 0 failures (0 unexpected) in 14.668 (14.669) seconds
Test Suite 'SpeakLocalNativeUITests.xctest' passed at 2026-06-01 05:02:19.151.
	 Executed 1 test, with 0 failures (0 unexpected) in 14.668 (14.670) seconds
Test Suite 'Selected tests' passed at 2026-06-01 05:02:19.151.
	 Executed 1 test, with 0 failures (0 unexpected) in 14.668 (14.671) seconds

Test session results, code coverage, and logs:
	/Users/jojolim/Library/Developer/XcodeBuildMCP/workspaces/orchestrator-309442864093/DerivedData/SpeakLocalNative-8f3e721625a0/Logs/Test/Test-SpeakLocalNative-2026.06.01_05-02-03-+0700.xcresult

** TEST EXECUTE SUCCEEDED **

Testing started

2026-06-01 05:02:04.545 xcodebuild[62307:7638407] [MT] IDELaunchParametersSnapshot: The operation couldn’t be completed. (DebuggerLLDB.DebuggerVersionStore.StoreError error 0.)
2026-06-01 05:02:04.545 xcodebuild[62307:7638407] [MT] IDELaunchParametersSnapshot: no debugger version
2026-06-01 05:02:14.466 xcodebuild[62307:7638407] [MT] IDELaunchParametersSnapshot: The operation couldn’t be completed. (DebuggerLLDB.DebuggerVersionStore.StoreError error 0.)
2026-06-01 05:02:14.466 xcodebuild[62307:7638407] [MT] IDELaunchParametersSnapshot: no debugger version
2026-06-01 05:02:19.456 xcodebuild[62307:7638407] [MT] IDETestOperationsObserverDebug: 16.160 elapsed -- Testing started completed.
2026-06-01 05:02:19.456 xcodebuild[62307:7638407] [MT] IDETestOperationsObserverDebug: 0.000 sec, +0.000 sec -- start
2026-06-01 05:02:19.456 xcodebuild[62307:7638407] [MT] IDETestOperationsObserverDebug: 16.160 sec, +16.160 sec -- end
