Command line invocation:
    /Applications/Xcode.app/Contents/Developer/usr/bin/xcodebuild test-without-building -project /Users/jojolim/Developer/products/speaklocal/app-family/.worktrees/city-listings-production-ready/native-ios/SpeakLocalNative.xcodeproj -scheme SpeakLocalNative -destination "platform=iOS Simulator,id=7C386DD3-4BF1-4A34-A918-768C43CD1258" -derivedDataPath /Users/jojolim/Library/Developer/XcodeBuildMCP/workspaces/orchestrator-309442864093/DerivedData/SpeakLocalNative-8f3e721625a0 "-only-testing:SpeakLocalNativeUITests/CityAppDetailV22RenderProofUITests/testCaptureCityAppDetailV22RenderProofBatch"

2026-06-01 04:16:49.147847+0700 SpeakLocalNativeUITests-Runner[10260:7447711] [Default] Running tests...
    t =      nans Interface orientation changed to Portrait
Test Suite 'Selected tests' started at 2026-06-01 04:16:49.527.
Test Suite 'SpeakLocalNativeUITests.xctest' started at 2026-06-01 04:16:49.528.
Test Suite 'CityAppDetailV22RenderProofUITests' started at 2026-06-01 04:16:49.528.
Test Case '-[SpeakLocalNativeUITests.CityAppDetailV22RenderProofUITests testCaptureCityAppDetailV22RenderProofBatch]' started.
    t =     0.00s Start Test at 2026-06-01 04:16:49.528
    t =     0.01s Set Up
    t =     0.02s Open app.speaklocal.vietnam.native
    t =     0.02s     Launch app.speaklocal.vietnam.native
objc[10260]: Class UIAccessibilityLoaderWebShared is implemented in both /Library/Developer/CoreSimulator/Volumes/iOS_23F77/Library/Developer/CoreSimulator/Profiles/Runtimes/iOS 26.5.simruntime/Contents/Resources/RuntimeRoot/System/Library/AccessibilityBundles/WebCore.axbundle/WebCore (0x108a20310) and /Library/Developer/CoreSimulator/Volumes/iOS_23F77/Library/Developer/CoreSimulator/Profiles/Runtimes/iOS 26.5.simruntime/Contents/Resources/RuntimeRoot/System/Library/AccessibilityBundles/WebKit.axbundle/WebKit (0x1082b0398). This may cause spurious casting failures and mysterious crashes. One of the duplicates must be removed or renamed.
    t =     1.89s         Setting up automation session
    t =     2.36s         Wait for app.speaklocal.vietnam.native to idle
    t =     3.84s Checking existence of `"U Cafe Hội An" StaticText`
    t =     3.99s Waiting 8.0s for "U Cafe Hội An" StaticText to exist
    t =     5.06s     Checking `Expect predicate `existsNoRetry == 1` for object "U Cafe Hội An" StaticText`
    t =     5.06s         Checking existence of `"U Cafe Hội An" StaticText`
    t =     5.23s Swipe up Target Application 'app.speaklocal.vietnam.native'
    t =     5.23s     Wait for app.speaklocal.vietnam.native to idle
    t =     5.23s     Find the Target Application 'app.speaklocal.vietnam.native'
    t =     5.24s     Check for interrupting elements affecting "SpeakLocal Vietnam" Application
    t =     5.26s     Synthesize event
    t =     5.68s     Wait for app.speaklocal.vietnam.native to idle
    t =     7.80s Swipe up Target Application 'app.speaklocal.vietnam.native'
    t =     7.80s     Wait for app.speaklocal.vietnam.native to idle
    t =     7.80s     Find the Target Application 'app.speaklocal.vietnam.native'
    t =     7.83s     Check for interrupting elements affecting "SpeakLocal Vietnam" Application
    t =     7.85s     Synthesize event
    t =     8.28s     Wait for app.speaklocal.vietnam.native to idle
    t =     8.93s Terminate app.speaklocal.vietnam.native:10342
    t =    10.02s Open app.speaklocal.vietnam.native
    t =    10.02s     Launch app.speaklocal.vietnam.native
    t =    10.24s         Setting up automation session
    t =    10.73s         Wait for app.speaklocal.vietnam.native to idle
    t =    12.22s Waiting 4.0s for TabBar (First Match) to exist
    t =    13.29s     Checking `Expect predicate `existsNoRetry == 1` for object TabBar (First Match)`
    t =    13.29s         Checking existence of `TabBar (First Match)`
    t =    13.35s Checking existence of `"PhraseArticle.BottomSentinel.viet-family-city-hoian-place-u-cafe" Other`
    t =    13.43s Checking existence of `"PhraseArticle.BottomSentinel.viet-phrase-city-hoian-place-u-cafe" Other`
    t =    13.46s Find the "PhraseArticle.BottomSentinel.viet-phrase-city-hoian-place-u-cafe" Other
    t =    13.48s Checking existence of `TabBar (First Match)`
    t =    13.49s Find the TabBar (First Match)
    t =    13.49s Find the Target Application 'app.speaklocal.vietnam.native'
    t =    13.58s Terminate app.speaklocal.vietnam.native:10439
    t =    14.67s Tear Down
Test Case '-[SpeakLocalNativeUITests.CityAppDetailV22RenderProofUITests testCaptureCityAppDetailV22RenderProofBatch]' passed (14.738 seconds).
Test Suite 'CityAppDetailV22RenderProofUITests' passed at 2026-06-01 04:17:04.267.
	 Executed 1 test, with 0 failures (0 unexpected) in 14.738 (14.740) seconds
Test Suite 'SpeakLocalNativeUITests.xctest' passed at 2026-06-01 04:17:04.269.
	 Executed 1 test, with 0 failures (0 unexpected) in 14.738 (14.741) seconds
Test Suite 'Selected tests' passed at 2026-06-01 04:17:04.269.
	 Executed 1 test, with 0 failures (0 unexpected) in 14.738 (14.742) seconds

Test session results, code coverage, and logs:
	/Users/jojolim/Library/Developer/XcodeBuildMCP/workspaces/orchestrator-309442864093/DerivedData/SpeakLocalNative-8f3e721625a0/Logs/Test/Test-SpeakLocalNative-2026.06.01_04-16-48-+0700.xcresult

** TEST EXECUTE SUCCEEDED **

Testing started

2026-06-01 04:16:49.576 xcodebuild[10255:7447538] [MT] IDELaunchParametersSnapshot: The operation couldn’t be completed. (DebuggerLLDB.DebuggerVersionStore.StoreError error 0.)
2026-06-01 04:16:49.576 xcodebuild[10255:7447538] [MT] IDELaunchParametersSnapshot: no debugger version
2026-06-01 04:16:59.553 xcodebuild[10255:7447538] [MT] IDELaunchParametersSnapshot: The operation couldn’t be completed. (DebuggerLLDB.DebuggerVersionStore.StoreError error 0.)
2026-06-01 04:16:59.553 xcodebuild[10255:7447538] [MT] IDELaunchParametersSnapshot: no debugger version
2026-06-01 04:17:04.576 xcodebuild[10255:7447538] [MT] IDETestOperationsObserverDebug: 16.242 elapsed -- Testing started completed.
2026-06-01 04:17:04.576 xcodebuild[10255:7447538] [MT] IDETestOperationsObserverDebug: 0.000 sec, +0.000 sec -- start
2026-06-01 04:17:04.576 xcodebuild[10255:7447538] [MT] IDETestOperationsObserverDebug: 16.242 sec, +16.242 sec -- end
