Command line invocation:
    /Applications/Xcode.app/Contents/Developer/usr/bin/xcodebuild test-without-building -project /Users/jojolim/Developer/products/speaklocal/app-family/.worktrees/city-listings-production-ready/native-ios/SpeakLocalNative.xcodeproj -scheme SpeakLocalNative -destination "platform=iOS Simulator,id=7C386DD3-4BF1-4A34-A918-768C43CD1258" -derivedDataPath /Users/jojolim/Library/Developer/XcodeBuildMCP/workspaces/orchestrator-309442864093/DerivedData/SpeakLocalNative-8f3e721625a0 "-only-testing:SpeakLocalNativeUITests/CityAppDetailV22RenderProofUITests/testCaptureCityAppDetailV22RenderProofBatch"

2026-06-01 04:10:12.202963+0700 SpeakLocalNativeUITests-Runner[3261:7420923] [Default] Running tests...
    t =      nans Interface orientation changed to Portrait
Test Suite 'Selected tests' started at 2026-06-01 04:10:12.576.
Test Suite 'SpeakLocalNativeUITests.xctest' started at 2026-06-01 04:10:12.576.
Test Suite 'CityAppDetailV22RenderProofUITests' started at 2026-06-01 04:10:12.577.
Test Case '-[SpeakLocalNativeUITests.CityAppDetailV22RenderProofUITests testCaptureCityAppDetailV22RenderProofBatch]' started.
    t =     0.00s Start Test at 2026-06-01 04:10:12.577
    t =     0.02s Set Up
    t =     0.02s Open app.speaklocal.vietnam.native
    t =     0.02s     Launch app.speaklocal.vietnam.native
objc[3261]: Class UIAccessibilityLoaderWebShared is implemented in both /Library/Developer/CoreSimulator/Volumes/iOS_23F77/Library/Developer/CoreSimulator/Profiles/Runtimes/iOS 26.5.simruntime/Contents/Resources/RuntimeRoot/System/Library/AccessibilityBundles/WebCore.axbundle/WebCore (0x107bc0310) and /Library/Developer/CoreSimulator/Volumes/iOS_23F77/Library/Developer/CoreSimulator/Profiles/Runtimes/iOS 26.5.simruntime/Contents/Resources/RuntimeRoot/System/Library/AccessibilityBundles/WebKit.axbundle/WebKit (0x107a20398). This may cause spurious casting failures and mysterious crashes. One of the duplicates must be removed or renamed.
    t =     1.89s         Setting up automation session
    t =     2.34s         Wait for app.speaklocal.vietnam.native to idle
    t =     3.84s Checking existence of `"Không gian xưa" StaticText`
    t =     4.01s Waiting 8.0s for "Không gian xưa" StaticText to exist
    t =     5.04s     Checking `Expect predicate `existsNoRetry == 1` for object "Không gian xưa" StaticText`
    t =     5.04s         Checking existence of `"Không gian xưa" StaticText`
    t =     5.20s Swipe up Target Application 'app.speaklocal.vietnam.native'
    t =     5.20s     Wait for app.speaklocal.vietnam.native to idle
    t =     5.20s     Find the Target Application 'app.speaklocal.vietnam.native'
    t =     5.21s     Check for interrupting elements affecting "SpeakLocal Vietnam" Application
    t =     5.23s     Synthesize event
    t =     5.65s     Wait for app.speaklocal.vietnam.native to idle
    t =     7.76s Swipe up Target Application 'app.speaklocal.vietnam.native'
    t =     7.76s     Wait for app.speaklocal.vietnam.native to idle
    t =     7.76s     Find the Target Application 'app.speaklocal.vietnam.native'
    t =     7.78s     Check for interrupting elements affecting "SpeakLocal Vietnam" Application
    t =     7.81s     Synthesize event
    t =     8.23s     Wait for app.speaklocal.vietnam.native to idle
    t =     8.96s Terminate app.speaklocal.vietnam.native:3338
    t =     9.99s Open app.speaklocal.vietnam.native
    t =     9.99s     Launch app.speaklocal.vietnam.native
    t =    10.20s         Setting up automation session
    t =    10.71s         Wait for app.speaklocal.vietnam.native to idle
    t =    12.21s Waiting 4.0s for TabBar (First Match) to exist
    t =    13.23s     Checking `Expect predicate `existsNoRetry == 1` for object TabBar (First Match)`
    t =    13.23s         Checking existence of `TabBar (First Match)`
    t =    13.29s Checking existence of `"PhraseArticle.BottomSentinel.viet-family-city-hue-place-ancient-space-restaurant" Other`
    t =    13.37s Checking existence of `"PhraseArticle.BottomSentinel.viet-phrase-city-hue-place-ancient-space-restaurant" Other`
    t =    13.40s Find the "PhraseArticle.BottomSentinel.viet-phrase-city-hue-place-ancient-space-restaurant" Other
    t =    13.42s Checking existence of `TabBar (First Match)`
    t =    13.42s Find the TabBar (First Match)
    t =    13.43s Find the Target Application 'app.speaklocal.vietnam.native'
    t =    13.53s Terminate app.speaklocal.vietnam.native:3428
    t =    14.58s Tear Down
Test Case '-[SpeakLocalNativeUITests.CityAppDetailV22RenderProofUITests testCaptureCityAppDetailV22RenderProofBatch]' passed (14.624 seconds).
Test Suite 'CityAppDetailV22RenderProofUITests' passed at 2026-06-01 04:10:27.202.
	 Executed 1 test, with 0 failures (0 unexpected) in 14.624 (14.625) seconds
Test Suite 'SpeakLocalNativeUITests.xctest' passed at 2026-06-01 04:10:27.203.
	 Executed 1 test, with 0 failures (0 unexpected) in 14.624 (14.627) seconds
Test Suite 'Selected tests' passed at 2026-06-01 04:10:27.204.
	 Executed 1 test, with 0 failures (0 unexpected) in 14.624 (14.628) seconds

Test session results, code coverage, and logs:
	/Users/jojolim/Library/Developer/XcodeBuildMCP/workspaces/orchestrator-309442864093/DerivedData/SpeakLocalNative-8f3e721625a0/Logs/Test/Test-SpeakLocalNative-2026.06.01_04-10-11-+0700.xcresult

** TEST EXECUTE SUCCEEDED **

Testing started

2026-06-01 04:10:12.644 xcodebuild[3257:7420755] [MT] IDELaunchParametersSnapshot: The operation couldn’t be completed. (DebuggerLLDB.DebuggerVersionStore.StoreError error 0.)
2026-06-01 04:10:12.645 xcodebuild[3257:7420755] [MT] IDELaunchParametersSnapshot: no debugger version
2026-06-01 04:10:22.572 xcodebuild[3257:7420755] [MT] IDELaunchParametersSnapshot: The operation couldn’t be completed. (DebuggerLLDB.DebuggerVersionStore.StoreError error 0.)
2026-06-01 04:10:22.572 xcodebuild[3257:7420755] [MT] IDELaunchParametersSnapshot: no debugger version
2026-06-01 04:10:27.505 xcodebuild[3257:7420755] [MT] IDETestOperationsObserverDebug: 16.110 elapsed -- Testing started completed.
2026-06-01 04:10:27.505 xcodebuild[3257:7420755] [MT] IDETestOperationsObserverDebug: 0.000 sec, +0.000 sec -- start
2026-06-01 04:10:27.505 xcodebuild[3257:7420755] [MT] IDETestOperationsObserverDebug: 16.110 sec, +16.110 sec -- end
