Command line invocation:
    /Applications/Xcode.app/Contents/Developer/usr/bin/xcodebuild test-without-building -project /Users/jojolim/Developer/products/speaklocal/app-family/.worktrees/city-listings-production-ready/native-ios/SpeakLocalNative.xcodeproj -scheme SpeakLocalNative -destination "platform=iOS Simulator,id=7C386DD3-4BF1-4A34-A918-768C43CD1258" -derivedDataPath /Users/jojolim/Library/Developer/XcodeBuildMCP/workspaces/orchestrator-309442864093/DerivedData/SpeakLocalNative-8f3e721625a0 "-only-testing:SpeakLocalNativeUITests/CityAppDetailV22RenderProofUITests/testCaptureCityAppDetailV22RenderProofBatch"

2026-06-01 07:38:46.371145+0700 SpeakLocalNativeUITests-Runner[73736:8319843] [Default] Running tests...
    t =      nans Interface orientation changed to Portrait
Test Suite 'Selected tests' started at 2026-06-01 07:38:46.747.
Test Suite 'SpeakLocalNativeUITests.xctest' started at 2026-06-01 07:38:46.747.
Test Suite 'CityAppDetailV22RenderProofUITests' started at 2026-06-01 07:38:46.747.
Test Case '-[SpeakLocalNativeUITests.CityAppDetailV22RenderProofUITests testCaptureCityAppDetailV22RenderProofBatch]' started.
    t =     0.00s Start Test at 2026-06-01 07:38:46.747
    t =     0.02s Set Up
    t =     0.02s Open app.speaklocal.vietnam.native
    t =     0.02s     Launch app.speaklocal.vietnam.native
objc[73736]: Class UIAccessibilityLoaderWebShared is implemented in both /Library/Developer/CoreSimulator/Volumes/iOS_23F77/Library/Developer/CoreSimulator/Profiles/Runtimes/iOS 26.5.simruntime/Contents/Resources/RuntimeRoot/System/Library/AccessibilityBundles/WebCore.axbundle/WebCore (0x1065a0310) and /Library/Developer/CoreSimulator/Volumes/iOS_23F77/Library/Developer/CoreSimulator/Profiles/Runtimes/iOS 26.5.simruntime/Contents/Resources/RuntimeRoot/System/Library/AccessibilityBundles/WebKit.axbundle/WebKit (0x105e30398). This may cause spurious casting failures and mysterious crashes. One of the duplicates must be removed or renamed.
    t =     1.90s         Setting up automation session
    t =     2.49s         Wait for app.speaklocal.vietnam.native to idle
    t =     3.95s Checking existence of `"Bảo tàng Lịch sử Thành phố Hồ Chí Minh" StaticText`
    t =     4.08s Waiting 8.0s for "Bảo tàng Lịch sử Thành phố Hồ Chí Minh" StaticText to exist
    t =     5.13s     Checking `Expect predicate `existsNoRetry == 1` for object "Bảo tàng Lịch sử Thành phố Hồ Chí Minh" StaticText`
    t =     5.13s         Checking existence of `"Bảo tàng Lịch sử Thành phố Hồ Chí Minh" StaticText`
    t =     5.30s Swipe up Target Application 'app.speaklocal.vietnam.native'
    t =     5.30s     Wait for app.speaklocal.vietnam.native to idle
    t =     5.30s     Find the Target Application 'app.speaklocal.vietnam.native'
    t =     5.31s     Check for interrupting elements affecting "SpeakLocal Vietnam" Application
    t =     5.33s     Synthesize event
    t =     5.75s     Wait for app.speaklocal.vietnam.native to idle
    t =     7.86s Swipe up Target Application 'app.speaklocal.vietnam.native'
    t =     7.86s     Wait for app.speaklocal.vietnam.native to idle
    t =     7.89s     Find the Target Application 'app.speaklocal.vietnam.native'
    t =     7.91s     Check for interrupting elements affecting "SpeakLocal Vietnam" Application
    t =     7.93s     Synthesize event
    t =     8.35s     Wait for app.speaklocal.vietnam.native to idle
    t =     9.09s Terminate app.speaklocal.vietnam.native:73817
    t =    10.17s Open app.speaklocal.vietnam.native
    t =    10.17s     Launch app.speaklocal.vietnam.native
    t =    10.38s         Setting up automation session
    t =    10.88s         Wait for app.speaklocal.vietnam.native to idle
    t =    12.35s Waiting 4.0s for TabBar (First Match) to exist
    t =    13.40s     Checking `Expect predicate `existsNoRetry == 1` for object TabBar (First Match)`
    t =    13.40s         Checking existence of `TabBar (First Match)`
    t =    13.46s Checking existence of `"PhraseArticle.BottomSentinel.viet-family-city-hcmc-place-history-museum" Other`
    t =    13.54s Checking existence of `"PhraseArticle.BottomSentinel.viet-phrase-city-hcmc-place-history-museum" Other`
    t =    13.56s Find the "PhraseArticle.BottomSentinel.viet-phrase-city-hcmc-place-history-museum" Other
    t =    13.59s Checking existence of `TabBar (First Match)`
    t =    13.59s Find the TabBar (First Match)
    t =    13.60s Find the Target Application 'app.speaklocal.vietnam.native'
    t =    13.69s Terminate app.speaklocal.vietnam.native:73901
    t =    14.74s Tear Down
Test Case '-[SpeakLocalNativeUITests.CityAppDetailV22RenderProofUITests testCaptureCityAppDetailV22RenderProofBatch]' passed (14.811 seconds).
Test Suite 'CityAppDetailV22RenderProofUITests' passed at 2026-06-01 07:39:01.558.
	 Executed 1 test, with 0 failures (0 unexpected) in 14.811 (14.811) seconds
Test Suite 'SpeakLocalNativeUITests.xctest' passed at 2026-06-01 07:39:01.559.
	 Executed 1 test, with 0 failures (0 unexpected) in 14.811 (14.812) seconds
Test Suite 'Selected tests' passed at 2026-06-01 07:39:01.559.
	 Executed 1 test, with 0 failures (0 unexpected) in 14.811 (14.812) seconds

Test session results, code coverage, and logs:
	/Users/jojolim/Library/Developer/XcodeBuildMCP/workspaces/orchestrator-309442864093/DerivedData/SpeakLocalNative-8f3e721625a0/Logs/Test/Test-SpeakLocalNative-2026.06.01_07-38-45-+0700.xcresult

** TEST EXECUTE SUCCEEDED **

Testing started

2026-06-01 07:38:46.805 xcodebuild[73730:8319677] [MT] IDELaunchParametersSnapshot: The operation couldn’t be completed. (DebuggerLLDB.DebuggerVersionStore.StoreError error 0.)
2026-06-01 07:38:46.805 xcodebuild[73730:8319677] [MT] IDELaunchParametersSnapshot: no debugger version
2026-06-01 07:38:56.918 xcodebuild[73730:8319677] [MT] IDELaunchParametersSnapshot: The operation couldn’t be completed. (DebuggerLLDB.DebuggerVersionStore.StoreError error 0.)
2026-06-01 07:38:56.918 xcodebuild[73730:8319677] [MT] IDELaunchParametersSnapshot: no debugger version
2026-06-01 07:39:01.840 xcodebuild[73730:8319677] [MT] IDETestOperationsObserverDebug: 16.268 elapsed -- Testing started completed.
2026-06-01 07:39:01.840 xcodebuild[73730:8319677] [MT] IDETestOperationsObserverDebug: 0.000 sec, +0.000 sec -- start
2026-06-01 07:39:01.840 xcodebuild[73730:8319677] [MT] IDETestOperationsObserverDebug: 16.268 sec, +16.268 sec -- end
