Command line invocation:
    /Applications/Xcode.app/Contents/Developer/usr/bin/xcodebuild test-without-building -project /Users/jojolim/Developer/products/speaklocal/app-family/.worktrees/city-listings-production-ready/native-ios/SpeakLocalNative.xcodeproj -scheme SpeakLocalNative -destination "platform=iOS Simulator,id=7C386DD3-4BF1-4A34-A918-768C43CD1258" -derivedDataPath /Users/jojolim/Library/Developer/XcodeBuildMCP/workspaces/orchestrator-309442864093/DerivedData/SpeakLocalNative-8f3e721625a0 "-only-testing:SpeakLocalNativeUITests/CityAppDetailV22RenderProofUITests/testCaptureCityAppDetailV22RenderProofBatch"

2026-06-01 08:29:21.718450+0700 SpeakLocalNativeUITests-Runner[34638:8518532] [Default] Running tests...
    t =      nans Interface orientation changed to Portrait
Test Suite 'Selected tests' started at 2026-06-01 08:29:22.088.
Test Suite 'SpeakLocalNativeUITests.xctest' started at 2026-06-01 08:29:22.088.
Test Suite 'CityAppDetailV22RenderProofUITests' started at 2026-06-01 08:29:22.089.
Test Case '-[SpeakLocalNativeUITests.CityAppDetailV22RenderProofUITests testCaptureCityAppDetailV22RenderProofBatch]' started.
    t =     0.00s Start Test at 2026-06-01 08:29:22.089
    t =     0.02s Set Up
    t =     0.02s Open app.speaklocal.vietnam.native
    t =     0.02s     Launch app.speaklocal.vietnam.native
objc[34638]: Class UIAccessibilityLoaderWebShared is implemented in both /Library/Developer/CoreSimulator/Volumes/iOS_23F77/Library/Developer/CoreSimulator/Profiles/Runtimes/iOS 26.5.simruntime/Contents/Resources/RuntimeRoot/System/Library/AccessibilityBundles/WebCore.axbundle/WebCore (0x10887c310) and /Library/Developer/CoreSimulator/Volumes/iOS_23F77/Library/Developer/CoreSimulator/Profiles/Runtimes/iOS 26.5.simruntime/Contents/Resources/RuntimeRoot/System/Library/AccessibilityBundles/WebKit.axbundle/WebKit (0x1085b4398). This may cause spurious casting failures and mysterious crashes. One of the duplicates must be removed or renamed.
    t =     1.88s         Setting up automation session
    t =     2.31s         Wait for app.speaklocal.vietnam.native to idle
    t =     3.81s Checking existence of `"Chợ đêm Nguyễn Hoàng" StaticText`
    t =     3.95s Waiting 8.0s for "Chợ đêm Nguyễn Hoàng" StaticText to exist
    t =     4.99s     Checking `Expect predicate `existsNoRetry == 1` for object "Chợ đêm Nguyễn Hoàng" StaticText`
    t =     4.99s         Checking existence of `"Chợ đêm Nguyễn Hoàng" StaticText`
    t =     5.14s Swipe up Target Application 'app.speaklocal.vietnam.native'
    t =     5.14s     Wait for app.speaklocal.vietnam.native to idle
    t =     5.14s     Find the Target Application 'app.speaklocal.vietnam.native'
    t =     5.16s     Check for interrupting elements affecting "SpeakLocal Vietnam" Application
    t =     5.17s     Synthesize event
    t =     5.60s     Wait for app.speaklocal.vietnam.native to idle
    t =     7.71s Swipe up Target Application 'app.speaklocal.vietnam.native'
    t =     7.71s     Wait for app.speaklocal.vietnam.native to idle
    t =     7.71s     Find the Target Application 'app.speaklocal.vietnam.native'
    t =     7.73s     Check for interrupting elements affecting "SpeakLocal Vietnam" Application
    t =     7.76s     Synthesize event
    t =     8.18s     Wait for app.speaklocal.vietnam.native to idle
    t =     9.09s Terminate app.speaklocal.vietnam.native:34643
    t =    10.16s Open app.speaklocal.vietnam.native
    t =    10.16s     Launch app.speaklocal.vietnam.native
    t =    10.38s         Setting up automation session
    t =    10.86s         Wait for app.speaklocal.vietnam.native to idle
    t =    12.35s Waiting 4.0s for TabBar (First Match) to exist
    t =    13.41s     Checking `Expect predicate `existsNoRetry == 1` for object TabBar (First Match)`
    t =    13.41s         Checking existence of `TabBar (First Match)`
    t =    13.47s Checking existence of `"PhraseArticle.BottomSentinel.viet-family-city-hoian-place-nguyen-hoang-night-market" Other`
    t =    13.55s Checking existence of `"PhraseArticle.BottomSentinel.viet-phrase-city-hoian-place-nguyen-hoang-night-market" Other`
    t =    13.57s Find the "PhraseArticle.BottomSentinel.viet-phrase-city-hoian-place-nguyen-hoang-night-market" Other
    t =    13.60s Checking existence of `TabBar (First Match)`
    t =    13.60s Find the TabBar (First Match)
    t =    13.61s Find the Target Application 'app.speaklocal.vietnam.native'
    t =    13.71s Terminate app.speaklocal.vietnam.native:34823
    t =    14.78s Tear Down
Test Case '-[SpeakLocalNativeUITests.CityAppDetailV22RenderProofUITests testCaptureCityAppDetailV22RenderProofBatch]' passed (14.829 seconds).
Test Suite 'CityAppDetailV22RenderProofUITests' passed at 2026-06-01 08:29:36.919.
	 Executed 1 test, with 0 failures (0 unexpected) in 14.829 (14.830) seconds
Test Suite 'SpeakLocalNativeUITests.xctest' passed at 2026-06-01 08:29:36.920.
	 Executed 1 test, with 0 failures (0 unexpected) in 14.829 (14.831) seconds
Test Suite 'Selected tests' passed at 2026-06-01 08:29:36.920.
	 Executed 1 test, with 0 failures (0 unexpected) in 14.829 (14.832) seconds

Test session results, code coverage, and logs:
	/Users/jojolim/Library/Developer/XcodeBuildMCP/workspaces/orchestrator-309442864093/DerivedData/SpeakLocalNative-8f3e721625a0/Logs/Test/Test-SpeakLocalNative-2026.06.01_08-29-20-+0700.xcresult

** TEST EXECUTE SUCCEEDED **

Testing started

2026-06-01 08:29:22.146 xcodebuild[34636:8518326] [MT] IDELaunchParametersSnapshot: The operation couldn’t be completed. (DebuggerLLDB.DebuggerVersionStore.StoreError error 0.)
2026-06-01 08:29:22.146 xcodebuild[34636:8518326] [MT] IDELaunchParametersSnapshot: no debugger version
2026-06-01 08:29:32.257 xcodebuild[34636:8518326] [MT] IDELaunchParametersSnapshot: The operation couldn’t be completed. (DebuggerLLDB.DebuggerVersionStore.StoreError error 0.)
2026-06-01 08:29:32.257 xcodebuild[34636:8518326] [MT] IDELaunchParametersSnapshot: no debugger version
2026-06-01 08:29:37.218 xcodebuild[34636:8518326] [MT] IDETestOperationsObserverDebug: 16.312 elapsed -- Testing started completed.
2026-06-01 08:29:37.218 xcodebuild[34636:8518326] [MT] IDETestOperationsObserverDebug: 0.000 sec, +0.000 sec -- start
2026-06-01 08:29:37.218 xcodebuild[34636:8518326] [MT] IDETestOperationsObserverDebug: 16.312 sec, +16.312 sec -- end
