Command line invocation:
    /Applications/Xcode.app/Contents/Developer/usr/bin/xcodebuild test-without-building -project /Users/jojolim/Developer/products/speaklocal/app-family/.worktrees/city-listings-production-ready/native-ios/SpeakLocalNative.xcodeproj -scheme SpeakLocalNative -destination "platform=iOS Simulator,id=7C386DD3-4BF1-4A34-A918-768C43CD1258" -derivedDataPath /Users/jojolim/Library/Developer/XcodeBuildMCP/workspaces/orchestrator-309442864093/DerivedData/SpeakLocalNative-8f3e721625a0 "-only-testing:SpeakLocalNativeUITests/CityAppDetailV22RenderProofUITests/testCaptureCityAppDetailV22RenderProofBatch"

2026-06-01 08:57:58.484248+0700 SpeakLocalNativeUITests-Runner[55699:8607434] [Default] Running tests...
    t =      nans Interface orientation changed to Portrait
Test Suite 'Selected tests' started at 2026-06-01 08:57:58.850.
Test Suite 'SpeakLocalNativeUITests.xctest' started at 2026-06-01 08:57:58.850.
Test Suite 'CityAppDetailV22RenderProofUITests' started at 2026-06-01 08:57:58.851.
Test Case '-[SpeakLocalNativeUITests.CityAppDetailV22RenderProofUITests testCaptureCityAppDetailV22RenderProofBatch]' started.
    t =     0.00s Start Test at 2026-06-01 08:57:58.851
    t =     0.02s Set Up
    t =     0.02s Open app.speaklocal.vietnam.native
    t =     0.02s     Launch app.speaklocal.vietnam.native
objc[55699]: Class UIAccessibilityLoaderWebShared is implemented in both /Library/Developer/CoreSimulator/Volumes/iOS_23F77/Library/Developer/CoreSimulator/Profiles/Runtimes/iOS 26.5.simruntime/Contents/Resources/RuntimeRoot/System/Library/AccessibilityBundles/WebCore.axbundle/WebCore (0x10735c310) and /Library/Developer/CoreSimulator/Volumes/iOS_23F77/Library/Developer/CoreSimulator/Profiles/Runtimes/iOS 26.5.simruntime/Contents/Resources/RuntimeRoot/System/Library/AccessibilityBundles/WebKit.axbundle/WebKit (0x10677c398). This may cause spurious casting failures and mysterious crashes. One of the duplicates must be removed or renamed.
    t =     1.90s         Setting up automation session
    t =     2.33s         Wait for app.speaklocal.vietnam.native to idle
    t =     3.80s Checking existence of `"Trung tâm Nghệ thuật Lê Bá Đảng" StaticText`
    t =     3.93s Waiting 8.0s for "Trung tâm Nghệ thuật Lê Bá Đảng" StaticText to exist
    t =     4.98s     Checking `Expect predicate `existsNoRetry == 1` for object "Trung tâm Nghệ thuật Lê Bá Đảng" StaticText`
    t =     4.98s         Checking existence of `"Trung tâm Nghệ thuật Lê Bá Đảng" StaticText`
    t =     5.15s Swipe up Target Application 'app.speaklocal.vietnam.native'
    t =     5.15s     Wait for app.speaklocal.vietnam.native to idle
    t =     5.15s     Find the Target Application 'app.speaklocal.vietnam.native'
    t =     5.16s     Check for interrupting elements affecting "SpeakLocal Vietnam" Application
    t =     5.18s     Synthesize event
    t =     5.60s     Wait for app.speaklocal.vietnam.native to idle
    t =     7.75s Swipe up Target Application 'app.speaklocal.vietnam.native'
    t =     7.75s     Wait for app.speaklocal.vietnam.native to idle
    t =     7.75s     Find the Target Application 'app.speaklocal.vietnam.native'
    t =     7.77s     Check for interrupting elements affecting "SpeakLocal Vietnam" Application
    t =     7.79s     Synthesize event
    t =     8.21s     Wait for app.speaklocal.vietnam.native to idle
    t =     8.97s Terminate app.speaklocal.vietnam.native:55707
    t =    10.04s Open app.speaklocal.vietnam.native
    t =    10.04s     Launch app.speaklocal.vietnam.native
    t =    10.26s         Setting up automation session
    t =    10.75s         Wait for app.speaklocal.vietnam.native to idle
    t =    12.25s Waiting 4.0s for TabBar (First Match) to exist
    t =    13.30s     Checking `Expect predicate `existsNoRetry == 1` for object TabBar (First Match)`
    t =    13.30s         Checking existence of `TabBar (First Match)`
    t =    13.34s Checking existence of `"PhraseArticle.BottomSentinel.viet-family-city-hue-place-le-ba-dang-art-center" Other`
    t =    13.41s Checking existence of `"PhraseArticle.BottomSentinel.viet-phrase-city-hue-place-le-ba-dang-art-center" Other`
    t =    13.43s Find the "PhraseArticle.BottomSentinel.viet-phrase-city-hue-place-le-ba-dang-art-center" Other
    t =    13.46s Checking existence of `TabBar (First Match)`
    t =    13.46s Find the TabBar (First Match)
    t =    13.47s Find the Target Application 'app.speaklocal.vietnam.native'
    t =    13.56s Terminate app.speaklocal.vietnam.native:55726
    t =    14.63s Tear Down
Test Case '-[SpeakLocalNativeUITests.CityAppDetailV22RenderProofUITests testCaptureCityAppDetailV22RenderProofBatch]' passed (14.721 seconds).
Test Suite 'CityAppDetailV22RenderProofUITests' passed at 2026-06-01 08:58:13.572.
	 Executed 1 test, with 0 failures (0 unexpected) in 14.721 (14.722) seconds
Test Suite 'SpeakLocalNativeUITests.xctest' passed at 2026-06-01 08:58:13.573.
	 Executed 1 test, with 0 failures (0 unexpected) in 14.721 (14.722) seconds
Test Suite 'Selected tests' passed at 2026-06-01 08:58:13.574.
	 Executed 1 test, with 0 failures (0 unexpected) in 14.721 (14.723) seconds

Test session results, code coverage, and logs:
	/Users/jojolim/Library/Developer/XcodeBuildMCP/workspaces/orchestrator-309442864093/DerivedData/SpeakLocalNative-8f3e721625a0/Logs/Test/Test-SpeakLocalNative-2026.06.01_08-57-57-+0700.xcresult

** TEST EXECUTE SUCCEEDED **

Testing started

2026-06-01 08:57:58.910 xcodebuild[55692:8607239] [MT] IDELaunchParametersSnapshot: The operation couldn’t be completed. (DebuggerLLDB.DebuggerVersionStore.StoreError error 0.)
2026-06-01 08:57:58.910 xcodebuild[55692:8607239] [MT] IDELaunchParametersSnapshot: no debugger version
2026-06-01 08:58:08.897 xcodebuild[55692:8607239] [MT] IDELaunchParametersSnapshot: The operation couldn’t be completed. (DebuggerLLDB.DebuggerVersionStore.StoreError error 0.)
2026-06-01 08:58:08.897 xcodebuild[55692:8607239] [MT] IDELaunchParametersSnapshot: no debugger version
2026-06-01 08:58:13.873 xcodebuild[55692:8607239] [MT] IDETestOperationsObserverDebug: 16.188 elapsed -- Testing started completed.
2026-06-01 08:58:13.873 xcodebuild[55692:8607239] [MT] IDETestOperationsObserverDebug: 0.000 sec, +0.000 sec -- start
2026-06-01 08:58:13.873 xcodebuild[55692:8607239] [MT] IDETestOperationsObserverDebug: 16.188 sec, +16.188 sec -- end
