Command line invocation:
    /Applications/Xcode.app/Contents/Developer/usr/bin/xcodebuild test-without-building -project /Users/jojolim/Developer/products/speaklocal/app-family/.worktrees/city-listings-production-ready/native-ios/SpeakLocalNative.xcodeproj -scheme SpeakLocalNative -destination "platform=iOS Simulator,id=7C386DD3-4BF1-4A34-A918-768C43CD1258" -derivedDataPath /Users/jojolim/Library/Developer/XcodeBuildMCP/workspaces/orchestrator-309442864093/DerivedData/SpeakLocalNative-8f3e721625a0 "-only-testing:SpeakLocalNativeUITests/CityAppDetailV22RenderProofUITests/testCaptureCityAppDetailV22RenderProofBatch"

2026-06-01 08:02:07.522443+0700 SpeakLocalNativeUITests-Runner[6667:8412197] [Default] Running tests...
    t =      nans Interface orientation changed to Portrait
Test Suite 'Selected tests' started at 2026-06-01 08:02:07.892.
Test Suite 'SpeakLocalNativeUITests.xctest' started at 2026-06-01 08:02:07.892.
Test Suite 'CityAppDetailV22RenderProofUITests' started at 2026-06-01 08:02:07.892.
Test Case '-[SpeakLocalNativeUITests.CityAppDetailV22RenderProofUITests testCaptureCityAppDetailV22RenderProofBatch]' started.
    t =     0.00s Start Test at 2026-06-01 08:02:07.893
    t =     0.02s Set Up
    t =     0.02s Open app.speaklocal.vietnam.native
    t =     0.02s     Launch app.speaklocal.vietnam.native
objc[6667]: Class UIAccessibilityLoaderWebShared is implemented in both /Library/Developer/CoreSimulator/Volumes/iOS_23F77/Library/Developer/CoreSimulator/Profiles/Runtimes/iOS 26.5.simruntime/Contents/Resources/RuntimeRoot/System/Library/AccessibilityBundles/WebCore.axbundle/WebCore (0x107e8c310) and /Library/Developer/CoreSimulator/Volumes/iOS_23F77/Library/Developer/CoreSimulator/Profiles/Runtimes/iOS 26.5.simruntime/Contents/Resources/RuntimeRoot/System/Library/AccessibilityBundles/WebKit.axbundle/WebKit (0x107bc4398). This may cause spurious casting failures and mysterious crashes. One of the duplicates must be removed or renamed.
    t =     1.89s         Setting up automation session
    t =     2.39s         Wait for app.speaklocal.vietnam.native to idle
    t =     3.86s Checking existence of `"Phở Hòa Pasteur" StaticText`
    t =     4.02s Waiting 8.0s for "Phở Hòa Pasteur" StaticText to exist
    t =     5.07s     Checking `Expect predicate `existsNoRetry == 1` for object "Phở Hòa Pasteur" StaticText`
    t =     5.07s         Checking existence of `"Phở Hòa Pasteur" StaticText`
    t =     5.24s Swipe up Target Application 'app.speaklocal.vietnam.native'
    t =     5.24s     Wait for app.speaklocal.vietnam.native to idle
    t =     5.24s     Find the Target Application 'app.speaklocal.vietnam.native'
    t =     5.26s     Check for interrupting elements affecting "SpeakLocal Vietnam" Application
    t =     5.28s     Synthesize event
    t =     5.69s     Wait for app.speaklocal.vietnam.native to idle
    t =     7.81s Swipe up Target Application 'app.speaklocal.vietnam.native'
    t =     7.81s     Wait for app.speaklocal.vietnam.native to idle
    t =     7.81s     Find the Target Application 'app.speaklocal.vietnam.native'
    t =     7.84s     Check for interrupting elements affecting "SpeakLocal Vietnam" Application
    t =     7.87s     Synthesize event
    t =     8.29s     Wait for app.speaklocal.vietnam.native to idle
    t =    10.58s Terminate app.speaklocal.vietnam.native:6671
    t =    11.65s Open app.speaklocal.vietnam.native
    t =    11.66s     Launch app.speaklocal.vietnam.native
    t =    11.87s         Setting up automation session
    t =    12.35s         Wait for app.speaklocal.vietnam.native to idle
    t =    13.83s Waiting 4.0s for TabBar (First Match) to exist
    t =    14.88s     Checking `Expect predicate `existsNoRetry == 1` for object TabBar (First Match)`
    t =    14.89s         Checking existence of `TabBar (First Match)`
    t =    14.92s Checking existence of `"PhraseArticle.BottomSentinel.viet-family-city-hcmc-place-pho-hoa-pasteur" Other`
    t =    15.01s Checking existence of `"PhraseArticle.BottomSentinel.viet-phrase-city-hcmc-place-pho-hoa-pasteur" Other`
    t =    15.04s Find the "PhraseArticle.BottomSentinel.viet-phrase-city-hcmc-place-pho-hoa-pasteur" Other
    t =    15.06s Checking existence of `TabBar (First Match)`
    t =    15.07s Find the TabBar (First Match)
    t =    15.08s Find the Target Application 'app.speaklocal.vietnam.native'
    t =    15.19s Terminate app.speaklocal.vietnam.native:6712
    t =    16.26s Tear Down
Test Case '-[SpeakLocalNativeUITests.CityAppDetailV22RenderProofUITests testCaptureCityAppDetailV22RenderProofBatch]' passed (16.377 seconds).
Test Suite 'CityAppDetailV22RenderProofUITests' passed at 2026-06-01 08:02:24.270.
	 Executed 1 test, with 0 failures (0 unexpected) in 16.377 (16.378) seconds
Test Suite 'SpeakLocalNativeUITests.xctest' passed at 2026-06-01 08:02:24.271.
	 Executed 1 test, with 0 failures (0 unexpected) in 16.377 (16.379) seconds
Test Suite 'Selected tests' passed at 2026-06-01 08:02:24.272.
	 Executed 1 test, with 0 failures (0 unexpected) in 16.377 (16.380) seconds

Test session results, code coverage, and logs:
	/Users/jojolim/Library/Developer/XcodeBuildMCP/workspaces/orchestrator-309442864093/DerivedData/SpeakLocalNative-8f3e721625a0/Logs/Test/Test-SpeakLocalNative-2026.06.01_08-02-06-+0700.xcresult

** TEST EXECUTE SUCCEEDED **

Testing started

2026-06-01 08:02:07.955 xcodebuild[6665:8412022] [MT] IDELaunchParametersSnapshot: The operation couldn’t be completed. (DebuggerLLDB.DebuggerVersionStore.StoreError error 0.)
2026-06-01 08:02:07.955 xcodebuild[6665:8412022] [MT] IDELaunchParametersSnapshot: no debugger version
2026-06-01 08:02:19.551 xcodebuild[6665:8412022] [MT] IDELaunchParametersSnapshot: The operation couldn’t be completed. (DebuggerLLDB.DebuggerVersionStore.StoreError error 0.)
2026-06-01 08:02:19.551 xcodebuild[6665:8412022] [MT] IDELaunchParametersSnapshot: no debugger version
2026-06-01 08:02:24.574 xcodebuild[6665:8412022] [MT] IDETestOperationsObserverDebug: 17.903 elapsed -- Testing started completed.
2026-06-01 08:02:24.574 xcodebuild[6665:8412022] [MT] IDETestOperationsObserverDebug: 0.000 sec, +0.000 sec -- start
2026-06-01 08:02:24.574 xcodebuild[6665:8412022] [MT] IDETestOperationsObserverDebug: 17.903 sec, +17.903 sec -- end
