Command line invocation:
    /Applications/Xcode.app/Contents/Developer/usr/bin/xcodebuild test-without-building -project /Users/jojolim/Developer/products/speaklocal/app-family/.worktrees/city-listings-production-ready/native-ios/SpeakLocalNative.xcodeproj -scheme SpeakLocalNative -destination "platform=iOS Simulator,id=7C386DD3-4BF1-4A34-A918-768C43CD1258" -derivedDataPath /Users/jojolim/Library/Developer/XcodeBuildMCP/workspaces/orchestrator-309442864093/DerivedData/SpeakLocalNative-8f3e721625a0 "-only-testing:SpeakLocalNativeUITests/CityAppDetailV22RenderProofUITests/testCaptureCityAppDetailV22RenderProofBatch"

2026-06-01 03:50:46.122277+0700 SpeakLocalNativeUITests-Runner[79166:7332278] [Default] Running tests...
    t =      nans Interface orientation changed to Portrait
Test Suite 'Selected tests' started at 2026-06-01 03:50:46.538.
Test Suite 'SpeakLocalNativeUITests.xctest' started at 2026-06-01 03:50:46.539.
Test Suite 'CityAppDetailV22RenderProofUITests' started at 2026-06-01 03:50:46.539.
Test Case '-[SpeakLocalNativeUITests.CityAppDetailV22RenderProofUITests testCaptureCityAppDetailV22RenderProofBatch]' started.
    t =     0.00s Start Test at 2026-06-01 03:50:46.539
    t =     0.02s Set Up
    t =     0.02s Open app.speaklocal.vietnam.native
    t =     0.02s     Launch app.speaklocal.vietnam.native
objc[79166]: Class UIAccessibilityLoaderWebShared is implemented in both /Library/Developer/CoreSimulator/Volumes/iOS_23F77/Library/Developer/CoreSimulator/Profiles/Runtimes/iOS 26.5.simruntime/Contents/Resources/RuntimeRoot/System/Library/AccessibilityBundles/WebCore.axbundle/WebCore (0x106878310) and /Library/Developer/CoreSimulator/Volumes/iOS_23F77/Library/Developer/CoreSimulator/Profiles/Runtimes/iOS 26.5.simruntime/Contents/Resources/RuntimeRoot/System/Library/AccessibilityBundles/WebKit.axbundle/WebKit (0x105c8c398). This may cause spurious casting failures and mysterious crashes. One of the duplicates must be removed or renamed.
    t =     2.07s         Setting up automation session
    t =     2.62s         Wait for app.speaklocal.vietnam.native to idle
    t =     4.17s Checking existence of `"Cà phê Đinh" StaticText`
    t =     4.37s Waiting 8.0s for "Cà phê Đinh" StaticText to exist
    t =     5.40s     Checking `Expect predicate `existsNoRetry == 1` for object "Cà phê Đinh" StaticText`
    t =     5.41s         Checking existence of `"Cà phê Đinh" StaticText`
    t =     5.55s Swipe up Target Application 'app.speaklocal.vietnam.native'
    t =     5.55s     Wait for app.speaklocal.vietnam.native to idle
    t =     5.55s     Find the Target Application 'app.speaklocal.vietnam.native'
    t =     5.56s     Check for interrupting elements affecting "SpeakLocal Vietnam" Application
    t =     5.59s     Synthesize event
    t =     6.01s     Wait for app.speaklocal.vietnam.native to idle
    t =     8.11s Swipe up Target Application 'app.speaklocal.vietnam.native'
    t =     8.11s     Wait for app.speaklocal.vietnam.native to idle
    t =     8.11s     Find the Target Application 'app.speaklocal.vietnam.native'
    t =     8.15s     Check for interrupting elements affecting "SpeakLocal Vietnam" Application
    t =     8.18s     Synthesize event
    t =     8.61s     Wait for app.speaklocal.vietnam.native to idle
    t =    10.46s Terminate app.speaklocal.vietnam.native:79290
    t =    11.51s Open app.speaklocal.vietnam.native
    t =    11.51s     Launch app.speaklocal.vietnam.native
    t =    11.72s         Setting up automation session
    t =    12.24s         Wait for app.speaklocal.vietnam.native to idle
    t =    13.79s Waiting 4.0s for TabBar (First Match) to exist
    t =    14.83s     Checking `Expect predicate `existsNoRetry == 1` for object TabBar (First Match)`
    t =    14.83s         Checking existence of `TabBar (First Match)`
    t =    14.90s Checking existence of `"PhraseArticle.BottomSentinel.viet-family-city-hanoi-place-dinh-cafe" Other`
    t =    15.00s Checking existence of `"PhraseArticle.BottomSentinel.viet-phrase-city-hanoi-place-dinh-cafe" Other`
    t =    15.02s Find the "PhraseArticle.BottomSentinel.viet-phrase-city-hanoi-place-dinh-cafe" Other
    t =    15.05s Checking existence of `TabBar (First Match)`
    t =    15.05s Find the TabBar (First Match)
    t =    15.06s Find the Target Application 'app.speaklocal.vietnam.native'
    t =    15.16s Terminate app.speaklocal.vietnam.native:79395
    t =    16.21s Tear Down
Test Case '-[SpeakLocalNativeUITests.CityAppDetailV22RenderProofUITests testCaptureCityAppDetailV22RenderProofBatch]' passed (16.274 seconds).
Test Suite 'CityAppDetailV22RenderProofUITests' passed at 2026-06-01 03:51:02.814.
	 Executed 1 test, with 0 failures (0 unexpected) in 16.274 (16.275) seconds
Test Suite 'SpeakLocalNativeUITests.xctest' passed at 2026-06-01 03:51:02.815.
	 Executed 1 test, with 0 failures (0 unexpected) in 16.274 (16.276) seconds
Test Suite 'Selected tests' passed at 2026-06-01 03:51:02.816.
	 Executed 1 test, with 0 failures (0 unexpected) in 16.274 (16.278) seconds

Test session results, code coverage, and logs:
	/Users/jojolim/Library/Developer/XcodeBuildMCP/workspaces/orchestrator-309442864093/DerivedData/SpeakLocalNative-8f3e721625a0/Logs/Test/Test-SpeakLocalNative-2026.06.01_03-50-45-+0700.xcresult

** TEST EXECUTE SUCCEEDED **

Testing started

2026-06-01 03:50:46.589 xcodebuild[79152:7332014] [MT] IDELaunchParametersSnapshot: The operation couldn’t be completed. (DebuggerLLDB.DebuggerVersionStore.StoreError error 0.)
2026-06-01 03:50:46.589 xcodebuild[79152:7332014] [MT] IDELaunchParametersSnapshot: no debugger version
2026-06-01 03:50:58.053 xcodebuild[79152:7332014] [MT] IDELaunchParametersSnapshot: The operation couldn’t be completed. (DebuggerLLDB.DebuggerVersionStore.StoreError error 0.)
2026-06-01 03:50:58.053 xcodebuild[79152:7332014] [MT] IDELaunchParametersSnapshot: no debugger version
2026-06-01 03:51:03.124 xcodebuild[79152:7332014] [MT] IDETestOperationsObserverDebug: 17.872 elapsed -- Testing started completed.
2026-06-01 03:51:03.124 xcodebuild[79152:7332014] [MT] IDETestOperationsObserverDebug: 0.000 sec, +0.000 sec -- start
2026-06-01 03:51:03.124 xcodebuild[79152:7332014] [MT] IDETestOperationsObserverDebug: 17.872 sec, +17.872 sec -- end
