Command line invocation:
    /Applications/Xcode.app/Contents/Developer/usr/bin/xcodebuild test-without-building -project /Users/jojolim/Developer/products/speaklocal/app-family/.worktrees/city-listings-production-ready/native-ios/SpeakLocalNative.xcodeproj -scheme SpeakLocalNative -destination "platform=iOS Simulator,id=7C386DD3-4BF1-4A34-A918-768C43CD1258" -derivedDataPath /Users/jojolim/Library/Developer/XcodeBuildMCP/workspaces/orchestrator-309442864093/DerivedData/SpeakLocalNative-8f3e721625a0 "-only-testing:SpeakLocalNativeUITests/CityAppDetailV22RenderProofUITests/testCaptureCityAppDetailV22RenderProofBatch"

2026-06-01 04:05:19.358522+0700 SpeakLocalNativeUITests-Runner[97720:7397467] [Default] Running tests...
    t =      nans Interface orientation changed to Portrait
Test Suite 'Selected tests' started at 2026-06-01 04:05:19.732.
Test Suite 'SpeakLocalNativeUITests.xctest' started at 2026-06-01 04:05:19.732.
Test Suite 'CityAppDetailV22RenderProofUITests' started at 2026-06-01 04:05:19.732.
Test Case '-[SpeakLocalNativeUITests.CityAppDetailV22RenderProofUITests testCaptureCityAppDetailV22RenderProofBatch]' started.
    t =     0.00s Start Test at 2026-06-01 04:05:19.732
    t =     0.02s Set Up
    t =     0.02s Open app.speaklocal.vietnam.native
    t =     0.02s     Launch app.speaklocal.vietnam.native
objc[97720]: Class UIAccessibilityLoaderWebShared is implemented in both /Library/Developer/CoreSimulator/Volumes/iOS_23F77/Library/Developer/CoreSimulator/Profiles/Runtimes/iOS 26.5.simruntime/Contents/Resources/RuntimeRoot/System/Library/AccessibilityBundles/WebCore.axbundle/WebCore (0x107110310) and /Library/Developer/CoreSimulator/Volumes/iOS_23F77/Library/Developer/CoreSimulator/Profiles/Runtimes/iOS 26.5.simruntime/Contents/Resources/RuntimeRoot/System/Library/AccessibilityBundles/WebKit.axbundle/WebKit (0x1069b4398). This may cause spurious casting failures and mysterious crashes. One of the duplicates must be removed or renamed.
    t =     1.90s         Setting up automation session
    t =     2.38s         Wait for app.speaklocal.vietnam.native to idle
    t =     3.89s Checking existence of `"Biển Cửa Đại" StaticText`
    t =     4.07s Waiting 8.0s for "Biển Cửa Đại" StaticText to exist
    t =     5.13s     Checking `Expect predicate `existsNoRetry == 1` for object "Biển Cửa Đại" StaticText`
    t =     5.14s         Checking existence of `"Biển Cửa Đại" StaticText`
    t =     5.32s Swipe up Target Application 'app.speaklocal.vietnam.native'
    t =     5.32s     Wait for app.speaklocal.vietnam.native to idle
    t =     5.32s     Find the Target Application 'app.speaklocal.vietnam.native'
    t =     5.34s     Check for interrupting elements affecting "SpeakLocal Vietnam" Application
    t =     5.36s     Synthesize event
    t =     5.78s     Wait for app.speaklocal.vietnam.native to idle
    t =     7.93s Swipe up Target Application 'app.speaklocal.vietnam.native'
    t =     7.93s     Wait for app.speaklocal.vietnam.native to idle
    t =     7.93s     Find the Target Application 'app.speaklocal.vietnam.native'
    t =     7.95s     Check for interrupting elements affecting "SpeakLocal Vietnam" Application
    t =     7.97s     Synthesize event
    t =     8.39s     Wait for app.speaklocal.vietnam.native to idle
    t =     9.23s Terminate app.speaklocal.vietnam.native:97802
    t =    10.33s Open app.speaklocal.vietnam.native
    t =    10.33s     Launch app.speaklocal.vietnam.native
    t =    10.54s         Setting up automation session
    t =    11.00s         Wait for app.speaklocal.vietnam.native to idle
    t =    12.55s Waiting 4.0s for TabBar (First Match) to exist
    t =    13.63s     Checking `Expect predicate `existsNoRetry == 1` for object TabBar (First Match)`
    t =    13.63s         Checking existence of `TabBar (First Match)`
    t =    13.69s Checking existence of `"PhraseArticle.BottomSentinel.viet-family-city-hoian-place-cua-dai-beach" Other`
    t =    13.78s Checking existence of `"PhraseArticle.BottomSentinel.viet-phrase-city-hoian-place-cua-dai-beach" Other`
    t =    13.80s Find the "PhraseArticle.BottomSentinel.viet-phrase-city-hoian-place-cua-dai-beach" Other
    t =    13.83s Checking existence of `TabBar (First Match)`
    t =    13.83s Find the TabBar (First Match)
    t =    13.84s Find the Target Application 'app.speaklocal.vietnam.native'
    t =    13.93s Terminate app.speaklocal.vietnam.native:97907
    t =    15.02s Tear Down
Test Case '-[SpeakLocalNativeUITests.CityAppDetailV22RenderProofUITests testCaptureCityAppDetailV22RenderProofBatch]' passed (15.102 seconds).
Test Suite 'CityAppDetailV22RenderProofUITests' passed at 2026-06-01 04:05:34.835.
	 Executed 1 test, with 0 failures (0 unexpected) in 15.102 (15.103) seconds
Test Suite 'SpeakLocalNativeUITests.xctest' passed at 2026-06-01 04:05:34.836.
	 Executed 1 test, with 0 failures (0 unexpected) in 15.102 (15.104) seconds
Test Suite 'Selected tests' passed at 2026-06-01 04:05:34.837.
	 Executed 1 test, with 0 failures (0 unexpected) in 15.102 (15.105) seconds

Test session results, code coverage, and logs:
	/Users/jojolim/Library/Developer/XcodeBuildMCP/workspaces/orchestrator-309442864093/DerivedData/SpeakLocalNative-8f3e721625a0/Logs/Test/Test-SpeakLocalNative-2026.06.01_04-05-18-+0700.xcresult

** TEST EXECUTE SUCCEEDED **

Testing started

2026-06-01 04:05:19.796 xcodebuild[97717:7397281] [MT] IDELaunchParametersSnapshot: The operation couldn’t be completed. (DebuggerLLDB.DebuggerVersionStore.StoreError error 0.)
2026-06-01 04:05:19.796 xcodebuild[97717:7397281] [MT] IDELaunchParametersSnapshot: no debugger version
2026-06-01 04:05:30.060 xcodebuild[97717:7397281] [MT] IDELaunchParametersSnapshot: The operation couldn’t be completed. (DebuggerLLDB.DebuggerVersionStore.StoreError error 0.)
2026-06-01 04:05:30.060 xcodebuild[97717:7397281] [MT] IDELaunchParametersSnapshot: no debugger version
2026-06-01 04:05:35.149 xcodebuild[97717:7397281] [MT] IDETestOperationsObserverDebug: 16.598 elapsed -- Testing started completed.
2026-06-01 04:05:35.149 xcodebuild[97717:7397281] [MT] IDETestOperationsObserverDebug: 0.000 sec, +0.000 sec -- start
2026-06-01 04:05:35.149 xcodebuild[97717:7397281] [MT] IDETestOperationsObserverDebug: 16.598 sec, +16.598 sec -- end
