Command line invocation:
    /Applications/Xcode.app/Contents/Developer/usr/bin/xcodebuild test-without-building -project /Users/jojolim/Developer/products/speaklocal/app-family/.worktrees/city-listings-production-ready/native-ios/SpeakLocalNative.xcodeproj -scheme SpeakLocalNative -destination "platform=iOS Simulator,id=7C386DD3-4BF1-4A34-A918-768C43CD1258" -derivedDataPath /Users/jojolim/Library/Developer/XcodeBuildMCP/workspaces/orchestrator-309442864093/DerivedData/SpeakLocalNative-8f3e721625a0 "-only-testing:SpeakLocalNativeUITests/CityAppDetailV22RenderProofUITests/testCaptureCityAppDetailV22RenderProofBatch"

2026-06-01 07:33:57.162422+0700 SpeakLocalNativeUITests-Runner[68733:8296258] [Default] Running tests...
    t =      nans Interface orientation changed to Portrait
Test Suite 'Selected tests' started at 2026-06-01 07:33:57.538.
Test Suite 'SpeakLocalNativeUITests.xctest' started at 2026-06-01 07:33:57.539.
Test Suite 'CityAppDetailV22RenderProofUITests' started at 2026-06-01 07:33:57.539.
Test Case '-[SpeakLocalNativeUITests.CityAppDetailV22RenderProofUITests testCaptureCityAppDetailV22RenderProofBatch]' started.
    t =     0.00s Start Test at 2026-06-01 07:33:57.539
    t =     0.02s Set Up
    t =     0.02s Open app.speaklocal.vietnam.native
    t =     0.02s     Launch app.speaklocal.vietnam.native
objc[68733]: Class UIAccessibilityLoaderWebShared is implemented in both /Library/Developer/CoreSimulator/Volumes/iOS_23F77/Library/Developer/CoreSimulator/Profiles/Runtimes/iOS 26.5.simruntime/Contents/Resources/RuntimeRoot/System/Library/AccessibilityBundles/WebCore.axbundle/WebCore (0x106c7c310) and /Library/Developer/CoreSimulator/Volumes/iOS_23F77/Library/Developer/CoreSimulator/Profiles/Runtimes/iOS 26.5.simruntime/Contents/Resources/RuntimeRoot/System/Library/AccessibilityBundles/WebKit.axbundle/WebKit (0x1069b4398). This may cause spurious casting failures and mysterious crashes. One of the duplicates must be removed or renamed.
    t =     1.89s         Setting up automation session
    t =     2.31s         Wait for app.speaklocal.vietnam.native to idle
    t =     3.80s Checking existence of `"Ưu Đàm" StaticText`
    t =     3.96s Waiting 8.0s for "Ưu Đàm" StaticText to exist
    t =     5.01s     Checking `Expect predicate `existsNoRetry == 1` for object "Ưu Đàm" StaticText`
    t =     5.01s         Checking existence of `"Ưu Đàm" StaticText`
    t =     5.18s Swipe up Target Application 'app.speaklocal.vietnam.native'
    t =     5.18s     Wait for app.speaklocal.vietnam.native to idle
    t =     5.18s     Find the Target Application 'app.speaklocal.vietnam.native'
    t =     5.19s     Check for interrupting elements affecting "SpeakLocal Vietnam" Application
    t =     5.21s     Synthesize event
    t =     5.64s     Wait for app.speaklocal.vietnam.native to idle
    t =     7.74s Swipe up Target Application 'app.speaklocal.vietnam.native'
    t =     7.74s     Wait for app.speaklocal.vietnam.native to idle
    t =     7.83s     Find the Target Application 'app.speaklocal.vietnam.native'
    t =     7.85s     Check for interrupting elements affecting "SpeakLocal Vietnam" Application
    t =     7.88s     Synthesize event
    t =     8.30s     Wait for app.speaklocal.vietnam.native to idle
    t =     9.16s Terminate app.speaklocal.vietnam.native:68828
    t =    10.22s Open app.speaklocal.vietnam.native
    t =    10.22s     Launch app.speaklocal.vietnam.native
    t =    10.44s         Setting up automation session
    t =    10.93s         Wait for app.speaklocal.vietnam.native to idle
    t =    12.39s Waiting 4.0s for TabBar (First Match) to exist
    t =    13.44s     Checking `Expect predicate `existsNoRetry == 1` for object TabBar (First Match)`
    t =    13.44s         Checking existence of `TabBar (First Match)`
    t =    13.50s Checking existence of `"PhraseArticle.BottomSentinel.viet-family-city-hanoi-place-udam" Other`
    t =    13.58s Checking existence of `"PhraseArticle.BottomSentinel.viet-phrase-city-hanoi-place-udam" Other`
    t =    13.60s Find the "PhraseArticle.BottomSentinel.viet-phrase-city-hanoi-place-udam" Other
    t =    13.62s Checking existence of `TabBar (First Match)`
    t =    13.63s Find the TabBar (First Match)
    t =    13.64s Find the Target Application 'app.speaklocal.vietnam.native'
    t =    13.74s Terminate app.speaklocal.vietnam.native:68920
    t =    14.80s Tear Down
Test Case '-[SpeakLocalNativeUITests.CityAppDetailV22RenderProofUITests testCaptureCityAppDetailV22RenderProofBatch]' passed (14.854 seconds).
Test Suite 'CityAppDetailV22RenderProofUITests' passed at 2026-06-01 07:34:12.394.
	 Executed 1 test, with 0 failures (0 unexpected) in 14.854 (14.855) seconds
Test Suite 'SpeakLocalNativeUITests.xctest' passed at 2026-06-01 07:34:12.395.
	 Executed 1 test, with 0 failures (0 unexpected) in 14.854 (14.856) seconds
Test Suite 'Selected tests' passed at 2026-06-01 07:34:12.396.
	 Executed 1 test, with 0 failures (0 unexpected) in 14.854 (14.858) seconds

Test session results, code coverage, and logs:
	/Users/jojolim/Library/Developer/XcodeBuildMCP/workspaces/orchestrator-309442864093/DerivedData/SpeakLocalNative-8f3e721625a0/Logs/Test/Test-SpeakLocalNative-2026.06.01_07-33-56-+0700.xcresult

** TEST EXECUTE SUCCEEDED **

Testing started

2026-06-01 07:33:57.597 xcodebuild[68730:8296064] [MT] IDELaunchParametersSnapshot: The operation couldn’t be completed. (DebuggerLLDB.DebuggerVersionStore.StoreError error 0.)
2026-06-01 07:33:57.597 xcodebuild[68730:8296064] [MT] IDELaunchParametersSnapshot: no debugger version
2026-06-01 07:34:07.765 xcodebuild[68730:8296064] [MT] IDELaunchParametersSnapshot: The operation couldn’t be completed. (DebuggerLLDB.DebuggerVersionStore.StoreError error 0.)
2026-06-01 07:34:07.765 xcodebuild[68730:8296064] [MT] IDELaunchParametersSnapshot: no debugger version
2026-06-01 07:34:12.702 xcodebuild[68730:8296064] [MT] IDETestOperationsObserverDebug: 16.331 elapsed -- Testing started completed.
2026-06-01 07:34:12.702 xcodebuild[68730:8296064] [MT] IDETestOperationsObserverDebug: 0.000 sec, +0.000 sec -- start
2026-06-01 07:34:12.702 xcodebuild[68730:8296064] [MT] IDETestOperationsObserverDebug: 16.331 sec, +16.331 sec -- end
