Command line invocation:
    /Applications/Xcode.app/Contents/Developer/usr/bin/xcodebuild test-without-building -project /Users/jojolim/Developer/products/speaklocal/app-family/.worktrees/city-listings-production-ready/native-ios/SpeakLocalNative.xcodeproj -scheme SpeakLocalNative -destination "platform=iOS Simulator,id=7C386DD3-4BF1-4A34-A918-768C43CD1258" -derivedDataPath /Users/jojolim/Library/Developer/XcodeBuildMCP/workspaces/orchestrator-309442864093/DerivedData/SpeakLocalNative-8f3e721625a0 "-only-testing:SpeakLocalNativeUITests/CityAppDetailV22RenderProofUITests/testCaptureCityAppDetailV22RenderProofBatch"

2026-06-01 04:31:08.727447+0700 SpeakLocalNativeUITests-Runner[27039:7509034] [Default] Running tests...
    t =      nans Interface orientation changed to Portrait
Test Suite 'Selected tests' started at 2026-06-01 04:31:09.110.
Test Suite 'SpeakLocalNativeUITests.xctest' started at 2026-06-01 04:31:09.110.
Test Suite 'CityAppDetailV22RenderProofUITests' started at 2026-06-01 04:31:09.111.
Test Case '-[SpeakLocalNativeUITests.CityAppDetailV22RenderProofUITests testCaptureCityAppDetailV22RenderProofBatch]' started.
    t =     0.00s Start Test at 2026-06-01 04:31:09.111
    t =     0.02s Set Up
    t =     0.02s Open app.speaklocal.vietnam.native
    t =     0.02s     Launch app.speaklocal.vietnam.native
objc[27039]: Class UIAccessibilityLoaderWebShared is implemented in both /Library/Developer/CoreSimulator/Volumes/iOS_23F77/Library/Developer/CoreSimulator/Profiles/Runtimes/iOS 26.5.simruntime/Contents/Resources/RuntimeRoot/System/Library/AccessibilityBundles/WebCore.axbundle/WebCore (0x10a8b0310) and /Library/Developer/CoreSimulator/Volumes/iOS_23F77/Library/Developer/CoreSimulator/Profiles/Runtimes/iOS 26.5.simruntime/Contents/Resources/RuntimeRoot/System/Library/AccessibilityBundles/WebKit.axbundle/WebKit (0x10a5c8398). This may cause spurious casting failures and mysterious crashes. One of the duplicates must be removed or renamed.
    t =     1.91s         Setting up automation session
    t =     2.31s         Wait for app.speaklocal.vietnam.native to idle
    t =     3.84s Checking existence of `"Cung Diên Thọ" StaticText`
    t =     4.00s Waiting 8.0s for "Cung Diên Thọ" StaticText to exist
    t =     5.07s     Checking `Expect predicate `existsNoRetry == 1` for object "Cung Diên Thọ" StaticText`
    t =     5.07s         Checking existence of `"Cung Diên Thọ" StaticText`
    t =     5.22s Swipe up Target Application 'app.speaklocal.vietnam.native'
    t =     5.22s     Wait for app.speaklocal.vietnam.native to idle
    t =     5.23s     Find the Target Application 'app.speaklocal.vietnam.native'
    t =     5.24s     Check for interrupting elements affecting "SpeakLocal Vietnam" Application
    t =     5.26s     Synthesize event
    t =     5.68s     Wait for app.speaklocal.vietnam.native to idle
    t =     7.79s Swipe up Target Application 'app.speaklocal.vietnam.native'
    t =     7.79s     Wait for app.speaklocal.vietnam.native to idle
    t =     7.79s     Find the Target Application 'app.speaklocal.vietnam.native'
    t =     7.81s     Check for interrupting elements affecting "SpeakLocal Vietnam" Application
    t =     7.84s     Synthesize event
    t =     8.27s     Wait for app.speaklocal.vietnam.native to idle
    t =     9.05s Terminate app.speaklocal.vietnam.native:27117
    t =    10.14s Open app.speaklocal.vietnam.native
    t =    10.14s     Launch app.speaklocal.vietnam.native
    t =    10.36s         Setting up automation session
    t =    10.83s         Wait for app.speaklocal.vietnam.native to idle
    t =    12.30s Waiting 4.0s for TabBar (First Match) to exist
    t =    13.37s     Checking `Expect predicate `existsNoRetry == 1` for object TabBar (First Match)`
    t =    13.37s         Checking existence of `TabBar (First Match)`
    t =    13.43s Checking existence of `"PhraseArticle.BottomSentinel.viet-family-city-hue-place-dien-tho-palace" Other`
    t =    13.51s Checking existence of `"PhraseArticle.BottomSentinel.viet-phrase-city-hue-place-dien-tho-palace" Other`
    t =    13.53s Find the "PhraseArticle.BottomSentinel.viet-phrase-city-hue-place-dien-tho-palace" Other
    t =    13.55s Checking existence of `TabBar (First Match)`
    t =    13.56s Find the TabBar (First Match)
    t =    13.57s Find the Target Application 'app.speaklocal.vietnam.native'
    t =    13.66s Terminate app.speaklocal.vietnam.native:27210
    t =    14.75s Tear Down
Test Case '-[SpeakLocalNativeUITests.CityAppDetailV22RenderProofUITests testCaptureCityAppDetailV22RenderProofBatch]' passed (14.834 seconds).
Test Suite 'CityAppDetailV22RenderProofUITests' passed at 2026-06-01 04:31:23.945.
	 Executed 1 test, with 0 failures (0 unexpected) in 14.834 (14.835) seconds
Test Suite 'SpeakLocalNativeUITests.xctest' passed at 2026-06-01 04:31:23.946.
	 Executed 1 test, with 0 failures (0 unexpected) in 14.834 (14.836) seconds
Test Suite 'Selected tests' passed at 2026-06-01 04:31:23.947.
	 Executed 1 test, with 0 failures (0 unexpected) in 14.834 (14.837) seconds

Test session results, code coverage, and logs:
	/Users/jojolim/Library/Developer/XcodeBuildMCP/workspaces/orchestrator-309442864093/DerivedData/SpeakLocalNative-8f3e721625a0/Logs/Test/Test-SpeakLocalNative-2026.06.01_04-31-07-+0700.xcresult

** TEST EXECUTE SUCCEEDED **

Testing started

2026-06-01 04:31:09.174 xcodebuild[27037:7508860] [MT] IDELaunchParametersSnapshot: The operation couldn’t be completed. (DebuggerLLDB.DebuggerVersionStore.StoreError error 0.)
2026-06-01 04:31:09.174 xcodebuild[27037:7508860] [MT] IDELaunchParametersSnapshot: no debugger version
2026-06-01 04:31:19.257 xcodebuild[27037:7508860] [MT] IDELaunchParametersSnapshot: The operation couldn’t be completed. (DebuggerLLDB.DebuggerVersionStore.StoreError error 0.)
2026-06-01 04:31:19.257 xcodebuild[27037:7508860] [MT] IDELaunchParametersSnapshot: no debugger version
2026-06-01 04:31:24.251 xcodebuild[27037:7508860] [MT] IDETestOperationsObserverDebug: 16.315 elapsed -- Testing started completed.
2026-06-01 04:31:24.251 xcodebuild[27037:7508860] [MT] IDETestOperationsObserverDebug: 0.000 sec, +0.000 sec -- start
2026-06-01 04:31:24.251 xcodebuild[27037:7508860] [MT] IDETestOperationsObserverDebug: 16.315 sec, +16.315 sec -- end
