Command line invocation:
    /Applications/Xcode.app/Contents/Developer/usr/bin/xcodebuild test-without-building -project /Users/jojolim/Developer/products/speaklocal/app-family/.worktrees/city-listings-production-ready/native-ios/SpeakLocalNative.xcodeproj -scheme SpeakLocalNative -destination "platform=iOS Simulator,id=7C386DD3-4BF1-4A34-A918-768C43CD1258" -derivedDataPath /Users/jojolim/Library/Developer/XcodeBuildMCP/workspaces/orchestrator-309442864093/DerivedData/SpeakLocalNative-8f3e721625a0 "-only-testing:SpeakLocalNativeUITests/CityAppDetailV22RenderProofUITests/testCaptureCityAppDetailV22RenderProofBatch"

2026-06-01 03:22:38.494738+0700 SpeakLocalNativeUITests-Runner[44257:7214101] [Default] Running tests...
    t =      nans Interface orientation changed to Portrait
Test Suite 'Selected tests' started at 2026-06-01 03:22:38.867.
Test Suite 'SpeakLocalNativeUITests.xctest' started at 2026-06-01 03:22:38.867.
Test Suite 'CityAppDetailV22RenderProofUITests' started at 2026-06-01 03:22:38.867.
Test Case '-[SpeakLocalNativeUITests.CityAppDetailV22RenderProofUITests testCaptureCityAppDetailV22RenderProofBatch]' started.
    t =     0.00s Start Test at 2026-06-01 03:22:38.868
    t =     0.02s Set Up
    t =     0.02s Open app.speaklocal.vietnam.native
    t =     0.02s     Launch app.speaklocal.vietnam.native
objc[44257]: Class UIAccessibilityLoaderWebShared is implemented in both /Library/Developer/CoreSimulator/Volumes/iOS_23F77/Library/Developer/CoreSimulator/Profiles/Runtimes/iOS 26.5.simruntime/Contents/Resources/RuntimeRoot/System/Library/AccessibilityBundles/WebCore.axbundle/WebCore (0x108b1c310) and /Library/Developer/CoreSimulator/Volumes/iOS_23F77/Library/Developer/CoreSimulator/Profiles/Runtimes/iOS 26.5.simruntime/Contents/Resources/RuntimeRoot/System/Library/AccessibilityBundles/WebKit.axbundle/WebKit (0x1083bc398). This may cause spurious casting failures and mysterious crashes. One of the duplicates must be removed or renamed.
    t =     1.69s         Setting up automation session
    t =     2.29s         Wait for app.speaklocal.vietnam.native to idle
    t =     3.80s Checking existence of `"Bảo tàng Chứng tích Chiến tranh" StaticText`
    t =     3.99s Waiting 8.0s for "Bảo tàng Chứng tích Chiến tranh" StaticText to exist
    t =     5.05s     Checking `Expect predicate `existsNoRetry == 1` for object "Bảo tàng Chứng tích Chiến tranh" StaticText`
    t =     5.05s         Checking existence of `"Bảo tàng Chứng tích Chiến tranh" StaticText`
    t =     5.23s Swipe up Target Application 'app.speaklocal.vietnam.native'
    t =     5.23s     Wait for app.speaklocal.vietnam.native to idle
    t =     5.23s     Find the Target Application 'app.speaklocal.vietnam.native'
    t =     5.25s     Check for interrupting elements affecting "SpeakLocal Vietnam" Application
    t =     5.27s     Synthesize event
    t =     5.69s     Wait for app.speaklocal.vietnam.native to idle
    t =     7.79s Swipe up Target Application 'app.speaklocal.vietnam.native'
    t =     7.79s     Wait for app.speaklocal.vietnam.native to idle
    t =     7.80s     Find the Target Application 'app.speaklocal.vietnam.native'
    t =     7.83s     Check for interrupting elements affecting "SpeakLocal Vietnam" Application
    t =     7.85s     Synthesize event
    t =     8.27s     Wait for app.speaklocal.vietnam.native to idle
    t =     9.12s Terminate app.speaklocal.vietnam.native:44288
    t =    10.21s Open app.speaklocal.vietnam.native
    t =    10.21s     Launch app.speaklocal.vietnam.native
    t =    10.43s         Setting up automation session
    t =    10.92s         Wait for app.speaklocal.vietnam.native to idle
    t =    12.40s Waiting 4.0s for TabBar (First Match) to exist
    t =    13.48s     Checking `Expect predicate `existsNoRetry == 1` for object TabBar (First Match)`
    t =    13.48s         Checking existence of `TabBar (First Match)`
    t =    13.53s Checking existence of `"PhraseArticle.BottomSentinel.viet-family-city-hcmc-place-war-remnants-museum" Other`
    t =    13.61s Checking existence of `"PhraseArticle.BottomSentinel.viet-phrase-city-hcmc-place-war-remnants-museum" Other`
    t =    13.63s Find the "PhraseArticle.BottomSentinel.viet-phrase-city-hcmc-place-war-remnants-museum" Other
    t =    13.66s Checking existence of `TabBar (First Match)`
    t =    13.66s Find the TabBar (First Match)
    t =    13.67s Find the Target Application 'app.speaklocal.vietnam.native'
    t =    13.76s Terminate app.speaklocal.vietnam.native:44428
    t =    14.85s Tear Down
Test Case '-[SpeakLocalNativeUITests.CityAppDetailV22RenderProofUITests testCaptureCityAppDetailV22RenderProofBatch]' passed (14.928 seconds).
Test Suite 'CityAppDetailV22RenderProofUITests' passed at 2026-06-01 03:22:53.796.
	 Executed 1 test, with 0 failures (0 unexpected) in 14.928 (14.929) seconds
Test Suite 'SpeakLocalNativeUITests.xctest' passed at 2026-06-01 03:22:53.797.
	 Executed 1 test, with 0 failures (0 unexpected) in 14.928 (14.930) seconds
Test Suite 'Selected tests' passed at 2026-06-01 03:22:53.798.
	 Executed 1 test, with 0 failures (0 unexpected) in 14.928 (14.931) seconds

Test session results, code coverage, and logs:
	/Users/jojolim/Library/Developer/XcodeBuildMCP/workspaces/orchestrator-309442864093/DerivedData/SpeakLocalNative-8f3e721625a0/Logs/Test/Test-SpeakLocalNative-2026.06.01_03-22-37-+0700.xcresult

** TEST EXECUTE SUCCEEDED **

Testing started

2026-06-01 03:22:38.932 xcodebuild[44252:7213930] [MT] IDELaunchParametersSnapshot: The operation couldn’t be completed. (DebuggerLLDB.DebuggerVersionStore.StoreError error 0.)
2026-06-01 03:22:38.933 xcodebuild[44252:7213930] [MT] IDELaunchParametersSnapshot: no debugger version
2026-06-01 03:22:49.086 xcodebuild[44252:7213930] [MT] IDELaunchParametersSnapshot: The operation couldn’t be completed. (DebuggerLLDB.DebuggerVersionStore.StoreError error 0.)
2026-06-01 03:22:49.086 xcodebuild[44252:7213930] [MT] IDELaunchParametersSnapshot: no debugger version
2026-06-01 03:22:54.102 xcodebuild[44252:7213930] [MT] IDETestOperationsObserverDebug: 16.394 elapsed -- Testing started completed.
2026-06-01 03:22:54.102 xcodebuild[44252:7213930] [MT] IDETestOperationsObserverDebug: 0.000 sec, +0.000 sec -- start
2026-06-01 03:22:54.102 xcodebuild[44252:7213930] [MT] IDETestOperationsObserverDebug: 16.394 sec, +16.394 sec -- end
