Command line invocation:
    /Applications/Xcode.app/Contents/Developer/usr/bin/xcodebuild test-without-building -project /Users/jojolim/Developer/products/speaklocal/app-family/.worktrees/city-listings-production-ready/native-ios/SpeakLocalNative.xcodeproj -scheme SpeakLocalNative -destination "platform=iOS Simulator,id=7C386DD3-4BF1-4A34-A918-768C43CD1258" -derivedDataPath /Users/jojolim/Library/Developer/XcodeBuildMCP/workspaces/orchestrator-309442864093/DerivedData/SpeakLocalNative-8f3e721625a0 "-only-testing:SpeakLocalNativeUITests/CityAppDetailV22RenderProofUITests/testCaptureCityAppDetailV22RenderProofBatch"

2026-06-01 04:51:12.662201+0700 SpeakLocalNativeUITests-Runner[51457:7595413] [Default] Running tests...
    t =      nans Interface orientation changed to Portrait
Test Suite 'Selected tests' started at 2026-06-01 04:51:13.033.
Test Suite 'SpeakLocalNativeUITests.xctest' started at 2026-06-01 04:51:13.033.
Test Suite 'CityAppDetailV22RenderProofUITests' started at 2026-06-01 04:51:13.033.
Test Case '-[SpeakLocalNativeUITests.CityAppDetailV22RenderProofUITests testCaptureCityAppDetailV22RenderProofBatch]' started.
    t =     0.00s Start Test at 2026-06-01 04:51:13.034
    t =     0.02s Set Up
    t =     0.02s Open app.speaklocal.vietnam.native
    t =     0.02s     Launch app.speaklocal.vietnam.native
objc[51457]: Class UIAccessibilityLoaderWebShared is implemented in both /Library/Developer/CoreSimulator/Volumes/iOS_23F77/Library/Developer/CoreSimulator/Profiles/Runtimes/iOS 26.5.simruntime/Contents/Resources/RuntimeRoot/System/Library/AccessibilityBundles/WebCore.axbundle/WebCore (0x10b198310) and /Library/Developer/CoreSimulator/Volumes/iOS_23F77/Library/Developer/CoreSimulator/Profiles/Runtimes/iOS 26.5.simruntime/Contents/Resources/RuntimeRoot/System/Library/AccessibilityBundles/WebKit.axbundle/WebKit (0x10a9ec398). This may cause spurious casting failures and mysterious crashes. One of the duplicates must be removed or renamed.
    t =     1.89s         Setting up automation session
    t =     2.30s         Wait for app.speaklocal.vietnam.native to idle
    t =     3.76s Checking existence of `"Bánh mì ở Thành phố Hồ Chí Minh" StaticText`
    t =     3.90s Waiting 8.0s for "Bánh mì ở Thành phố Hồ Chí Minh" StaticText to exist
    t =     4.96s     Checking `Expect predicate `existsNoRetry == 1` for object "Bánh mì ở Thành phố Hồ Chí Minh" StaticText`
    t =     4.97s         Checking existence of `"Bánh mì ở Thành phố Hồ Chí Minh" StaticText`
    t =     5.12s Swipe up Target Application 'app.speaklocal.vietnam.native'
    t =     5.12s     Wait for app.speaklocal.vietnam.native to idle
    t =     5.12s     Find the Target Application 'app.speaklocal.vietnam.native'
    t =     5.14s     Check for interrupting elements affecting "SpeakLocal Vietnam" Application
    t =     5.16s     Synthesize event
    t =     5.57s     Wait for app.speaklocal.vietnam.native to idle
    t =     7.69s Swipe up Target Application 'app.speaklocal.vietnam.native'
    t =     7.69s     Wait for app.speaklocal.vietnam.native to idle
    t =     7.69s     Find the Target Application 'app.speaklocal.vietnam.native'
    t =     7.72s     Check for interrupting elements affecting "SpeakLocal Vietnam" Application
    t =     7.75s     Synthesize event
    t =     8.17s     Wait for app.speaklocal.vietnam.native to idle
    t =     8.89s Terminate app.speaklocal.vietnam.native:51476
    t =     9.98s Open app.speaklocal.vietnam.native
    t =     9.98s     Launch app.speaklocal.vietnam.native
    t =    10.19s         Setting up automation session
    t =    10.68s         Wait for app.speaklocal.vietnam.native to idle
    t =    12.15s Waiting 4.0s for TabBar (First Match) to exist
    t =    13.22s     Checking `Expect predicate `existsNoRetry == 1` for object TabBar (First Match)`
    t =    13.22s         Checking existence of `TabBar (First Match)`
    t =    13.28s Checking existence of `"PhraseArticle.BottomSentinel.viet-family-city-hcmc-place-banh-mi" Other`
    t =    13.37s Checking existence of `"PhraseArticle.BottomSentinel.viet-phrase-city-hcmc-place-banh-mi" Other`
    t =    13.39s Find the "PhraseArticle.BottomSentinel.viet-phrase-city-hcmc-place-banh-mi" Other
    t =    13.41s Checking existence of `TabBar (First Match)`
    t =    13.41s Find the TabBar (First Match)
    t =    13.42s Find the Target Application 'app.speaklocal.vietnam.native'
    t =    13.51s Terminate app.speaklocal.vietnam.native:51492
    t =    14.60s Tear Down
Test Case '-[SpeakLocalNativeUITests.CityAppDetailV22RenderProofUITests testCaptureCityAppDetailV22RenderProofBatch]' passed (14.693 seconds).
Test Suite 'CityAppDetailV22RenderProofUITests' passed at 2026-06-01 04:51:27.728.
	 Executed 1 test, with 0 failures (0 unexpected) in 14.693 (14.695) seconds
Test Suite 'SpeakLocalNativeUITests.xctest' passed at 2026-06-01 04:51:27.729.
	 Executed 1 test, with 0 failures (0 unexpected) in 14.693 (14.696) seconds
Test Suite 'Selected tests' passed at 2026-06-01 04:51:27.730.
	 Executed 1 test, with 0 failures (0 unexpected) in 14.693 (14.697) seconds

Test session results, code coverage, and logs:
	/Users/jojolim/Library/Developer/XcodeBuildMCP/workspaces/orchestrator-309442864093/DerivedData/SpeakLocalNative-8f3e721625a0/Logs/Test/Test-SpeakLocalNative-2026.06.01_04-51-11-+0700.xcresult

** TEST EXECUTE SUCCEEDED **

Testing started

2026-06-01 04:51:13.083 xcodebuild[51455:7595246] [MT] IDELaunchParametersSnapshot: The operation couldn’t be completed. (DebuggerLLDB.DebuggerVersionStore.StoreError error 0.)
2026-06-01 04:51:13.083 xcodebuild[51455:7595246] [MT] IDELaunchParametersSnapshot: no debugger version
2026-06-01 04:51:23.014 xcodebuild[51455:7595246] [MT] IDELaunchParametersSnapshot: The operation couldn’t be completed. (DebuggerLLDB.DebuggerVersionStore.StoreError error 0.)
2026-06-01 04:51:23.014 xcodebuild[51455:7595246] [MT] IDELaunchParametersSnapshot: no debugger version
2026-06-01 04:51:28.036 xcodebuild[51455:7595246] [MT] IDETestOperationsObserverDebug: 16.163 elapsed -- Testing started completed.
2026-06-01 04:51:28.036 xcodebuild[51455:7595246] [MT] IDETestOperationsObserverDebug: 0.000 sec, +0.000 sec -- start
2026-06-01 04:51:28.036 xcodebuild[51455:7595246] [MT] IDETestOperationsObserverDebug: 16.163 sec, +16.163 sec -- end
