Command line invocation:
    /Applications/Xcode.app/Contents/Developer/usr/bin/xcodebuild test-without-building -project /Users/jojolim/Developer/products/speaklocal/app-family/.worktrees/city-listings-production-ready/native-ios/SpeakLocalNative.xcodeproj -scheme SpeakLocalNative -destination "platform=iOS Simulator,id=7C386DD3-4BF1-4A34-A918-768C43CD1258" -derivedDataPath /Users/jojolim/Library/Developer/XcodeBuildMCP/workspaces/orchestrator-309442864093/DerivedData/SpeakLocalNative-8f3e721625a0 "-only-testing:SpeakLocalNativeUITests/CityAppDetailV22RenderProofUITests/testCaptureCityAppDetailV22RenderProofBatch"

2026-06-01 06:56:20.926074+0700 SpeakLocalNativeUITests-Runner[26433:8135042] [Default] Running tests...
    t =      nans Interface orientation changed to Portrait
Test Suite 'Selected tests' started at 2026-06-01 06:56:21.295.
Test Suite 'SpeakLocalNativeUITests.xctest' started at 2026-06-01 06:56:21.295.
Test Suite 'CityAppDetailV22RenderProofUITests' started at 2026-06-01 06:56:21.295.
Test Case '-[SpeakLocalNativeUITests.CityAppDetailV22RenderProofUITests testCaptureCityAppDetailV22RenderProofBatch]' started.
    t =     0.00s Start Test at 2026-06-01 06:56:21.296
    t =     0.02s Set Up
    t =     0.02s Open app.speaklocal.vietnam.native
    t =     0.02s     Launch app.speaklocal.vietnam.native
objc[26433]: Class UIAccessibilityLoaderWebShared is implemented in both /Library/Developer/CoreSimulator/Volumes/iOS_23F77/Library/Developer/CoreSimulator/Profiles/Runtimes/iOS 26.5.simruntime/Contents/Resources/RuntimeRoot/System/Library/AccessibilityBundles/WebCore.axbundle/WebCore (0x10683c310) and /Library/Developer/CoreSimulator/Volumes/iOS_23F77/Library/Developer/CoreSimulator/Profiles/Runtimes/iOS 26.5.simruntime/Contents/Resources/RuntimeRoot/System/Library/AccessibilityBundles/WebKit.axbundle/WebKit (0x106058398). This may cause spurious casting failures and mysterious crashes. One of the duplicates must be removed or renamed.
    t =     1.90s         Setting up automation session
    t =     2.37s         Wait for app.speaklocal.vietnam.native to idle
    t =     3.84s Checking existence of `"Bến xe Nước Ngầm" StaticText`
    t =     3.99s Waiting 8.0s for "Bến xe Nước Ngầm" StaticText to exist
    t =     5.05s     Checking `Expect predicate `existsNoRetry == 1` for object "Bến xe Nước Ngầm" StaticText`
    t =     5.05s         Checking existence of `"Bến xe Nước Ngầm" StaticText`
    t =     5.22s Swipe up Target Application 'app.speaklocal.vietnam.native'
    t =     5.22s     Wait for app.speaklocal.vietnam.native to idle
    t =     5.22s     Find the Target Application 'app.speaklocal.vietnam.native'
    t =     5.23s     Check for interrupting elements affecting "SpeakLocal Vietnam" Application
    t =     5.25s     Synthesize event
    t =     5.67s     Wait for app.speaklocal.vietnam.native to idle
    t =     7.77s Swipe up Target Application 'app.speaklocal.vietnam.native'
    t =     7.77s     Wait for app.speaklocal.vietnam.native to idle
    t =     7.78s     Find the Target Application 'app.speaklocal.vietnam.native'
    t =     7.79s     Check for interrupting elements affecting "SpeakLocal Vietnam" Application
    t =     7.82s     Synthesize event
    t =     8.24s     Wait for app.speaklocal.vietnam.native to idle
    t =     8.98s Terminate app.speaklocal.vietnam.native:26512
    t =    10.04s Open app.speaklocal.vietnam.native
    t =    10.04s     Launch app.speaklocal.vietnam.native
    t =    10.26s         Setting up automation session
    t =    10.73s         Wait for app.speaklocal.vietnam.native to idle
    t =    12.18s Waiting 4.0s for TabBar (First Match) to exist
    t =    13.22s     Checking `Expect predicate `existsNoRetry == 1` for object TabBar (First Match)`
    t =    13.22s         Checking existence of `TabBar (First Match)`
    t =    13.28s Checking existence of `"PhraseArticle.BottomSentinel.viet-family-city-hanoi-place-nuoc-ngam-bus-station" Other`
    t =    13.36s Checking existence of `"PhraseArticle.BottomSentinel.viet-phrase-city-hanoi-place-nuoc-ngam-bus-station" Other`
    t =    13.38s Find the "PhraseArticle.BottomSentinel.viet-phrase-city-hanoi-place-nuoc-ngam-bus-station" Other
    t =    13.40s Checking existence of `TabBar (First Match)`
    t =    13.41s Find the TabBar (First Match)
    t =    13.42s Find the Target Application 'app.speaklocal.vietnam.native'
    t =    13.51s Terminate app.speaklocal.vietnam.native:26602
    t =    14.59s Tear Down
Test Case '-[SpeakLocalNativeUITests.CityAppDetailV22RenderProofUITests testCaptureCityAppDetailV22RenderProofBatch]' passed (14.648 seconds).
Test Suite 'CityAppDetailV22RenderProofUITests' passed at 2026-06-01 06:56:35.944.
	 Executed 1 test, with 0 failures (0 unexpected) in 14.648 (14.649) seconds
Test Suite 'SpeakLocalNativeUITests.xctest' passed at 2026-06-01 06:56:35.945.
	 Executed 1 test, with 0 failures (0 unexpected) in 14.648 (14.649) seconds
Test Suite 'Selected tests' passed at 2026-06-01 06:56:35.945.
	 Executed 1 test, with 0 failures (0 unexpected) in 14.648 (14.650) seconds

Test session results, code coverage, and logs:
	/Users/jojolim/Library/Developer/XcodeBuildMCP/workspaces/orchestrator-309442864093/DerivedData/SpeakLocalNative-8f3e721625a0/Logs/Test/Test-SpeakLocalNative-2026.06.01_06-56-19-+0700.xcresult

** TEST EXECUTE SUCCEEDED **

Testing started

2026-06-01 06:56:21.357 xcodebuild[26428:8134867] [MT] IDELaunchParametersSnapshot: The operation couldn’t be completed. (DebuggerLLDB.DebuggerVersionStore.StoreError error 0.)
2026-06-01 06:56:21.357 xcodebuild[26428:8134867] [MT] IDELaunchParametersSnapshot: no debugger version
2026-06-01 06:56:31.338 xcodebuild[26428:8134867] [MT] IDELaunchParametersSnapshot: The operation couldn’t be completed. (DebuggerLLDB.DebuggerVersionStore.StoreError error 0.)
2026-06-01 06:56:31.338 xcodebuild[26428:8134867] [MT] IDELaunchParametersSnapshot: no debugger version
2026-06-01 06:56:36.239 xcodebuild[26428:8134867] [MT] IDETestOperationsObserverDebug: 16.107 elapsed -- Testing started completed.
2026-06-01 06:56:36.239 xcodebuild[26428:8134867] [MT] IDETestOperationsObserverDebug: 0.000 sec, +0.000 sec -- start
2026-06-01 06:56:36.239 xcodebuild[26428:8134867] [MT] IDETestOperationsObserverDebug: 16.107 sec, +16.107 sec -- end
