Command line invocation:
    /Applications/Xcode.app/Contents/Developer/usr/bin/xcodebuild test-without-building -project /Users/jojolim/Developer/products/speaklocal/app-family/.worktrees/city-listings-production-ready/native-ios/SpeakLocalNative.xcodeproj -scheme SpeakLocalNative -destination "platform=iOS Simulator,id=7C386DD3-4BF1-4A34-A918-768C43CD1258" -derivedDataPath /Users/jojolim/Library/Developer/XcodeBuildMCP/workspaces/orchestrator-309442864093/DerivedData/SpeakLocalNative-8f3e721625a0 "-only-testing:SpeakLocalNativeUITests/CityAppDetailV22RenderProofUITests/testCaptureCityAppDetailV22RenderProofBatch"

2026-06-01 07:33:23.352869+0700 SpeakLocalNativeUITests-Runner[68010:8293515] [Default] Running tests...
    t =      nans Interface orientation changed to Portrait
Test Suite 'Selected tests' started at 2026-06-01 07:33:23.724.
Test Suite 'SpeakLocalNativeUITests.xctest' started at 2026-06-01 07:33:23.724.
Test Suite 'CityAppDetailV22RenderProofUITests' started at 2026-06-01 07:33:23.724.
Test Case '-[SpeakLocalNativeUITests.CityAppDetailV22RenderProofUITests testCaptureCityAppDetailV22RenderProofBatch]' started.
    t =     0.00s Start Test at 2026-06-01 07:33:23.725
    t =     0.02s Set Up
    t =     0.02s Open app.speaklocal.vietnam.native
    t =     0.02s     Launch app.speaklocal.vietnam.native
objc[68010]: Class UIAccessibilityLoaderWebShared is implemented in both /Library/Developer/CoreSimulator/Volumes/iOS_23F77/Library/Developer/CoreSimulator/Profiles/Runtimes/iOS 26.5.simruntime/Contents/Resources/RuntimeRoot/System/Library/AccessibilityBundles/WebCore.axbundle/WebCore (0x10a0a8310) and /Library/Developer/CoreSimulator/Volumes/iOS_23F77/Library/Developer/CoreSimulator/Profiles/Runtimes/iOS 26.5.simruntime/Contents/Resources/RuntimeRoot/System/Library/AccessibilityBundles/WebKit.axbundle/WebKit (0x1099dc398). This may cause spurious casting failures and mysterious crashes. One of the duplicates must be removed or renamed.
    t =     1.89s         Setting up automation session
    t =     2.42s         Wait for app.speaklocal.vietnam.native to idle
    t =     3.89s Checking existence of `"Hồ Trúc Bạch" StaticText`
    t =     4.03s Waiting 8.0s for "Hồ Trúc Bạch" StaticText to exist
    t =     5.05s     Checking `Expect predicate `existsNoRetry == 1` for object "Hồ Trúc Bạch" StaticText`
    t =     5.05s         Checking existence of `"Hồ Trúc Bạch" StaticText`
    t =     5.23s Swipe up Target Application 'app.speaklocal.vietnam.native'
    t =     5.23s     Wait for app.speaklocal.vietnam.native to idle
    t =     5.23s     Find the Target Application 'app.speaklocal.vietnam.native'
    t =     5.25s     Check for interrupting elements affecting "SpeakLocal Vietnam" Application
    t =     5.27s     Synthesize event
    t =     5.69s     Wait for app.speaklocal.vietnam.native to idle
    t =     7.79s Swipe up Target Application 'app.speaklocal.vietnam.native'
    t =     7.79s     Wait for app.speaklocal.vietnam.native to idle
    t =     7.79s     Find the Target Application 'app.speaklocal.vietnam.native'
    t =     7.82s     Check for interrupting elements affecting "SpeakLocal Vietnam" Application
    t =     7.86s     Synthesize event
    t =     8.29s     Wait for app.speaklocal.vietnam.native to idle
    t =     9.10s Terminate app.speaklocal.vietnam.native:68091
    t =    10.18s Open app.speaklocal.vietnam.native
    t =    10.18s     Launch app.speaklocal.vietnam.native
    t =    10.39s         Setting up automation session
    t =    10.87s         Wait for app.speaklocal.vietnam.native to idle
    t =    12.36s Waiting 4.0s for TabBar (First Match) to exist
    t =    13.43s     Checking `Expect predicate `existsNoRetry == 1` for object TabBar (First Match)`
    t =    13.43s         Checking existence of `TabBar (First Match)`
    t =    13.48s Checking existence of `"PhraseArticle.BottomSentinel.viet-family-city-hanoi-place-truc-bach-lake" Other`
    t =    13.56s Checking existence of `"PhraseArticle.BottomSentinel.viet-phrase-city-hanoi-place-truc-bach-lake" Other`
    t =    13.59s Find the "PhraseArticle.BottomSentinel.viet-phrase-city-hanoi-place-truc-bach-lake" Other
    t =    13.61s Checking existence of `TabBar (First Match)`
    t =    13.62s Find the TabBar (First Match)
    t =    13.62s Find the Target Application 'app.speaklocal.vietnam.native'
    t =    13.72s Terminate app.speaklocal.vietnam.native:68210
    t =    14.77s Tear Down
Test Case '-[SpeakLocalNativeUITests.CityAppDetailV22RenderProofUITests testCaptureCityAppDetailV22RenderProofBatch]' passed (14.877 seconds).
Test Suite 'CityAppDetailV22RenderProofUITests' passed at 2026-06-01 07:33:38.602.
	 Executed 1 test, with 0 failures (0 unexpected) in 14.877 (14.878) seconds
Test Suite 'SpeakLocalNativeUITests.xctest' passed at 2026-06-01 07:33:38.603.
	 Executed 1 test, with 0 failures (0 unexpected) in 14.877 (14.879) seconds
Test Suite 'Selected tests' passed at 2026-06-01 07:33:38.604.
	 Executed 1 test, with 0 failures (0 unexpected) in 14.877 (14.880) seconds

Test session results, code coverage, and logs:
	/Users/jojolim/Library/Developer/XcodeBuildMCP/workspaces/orchestrator-309442864093/DerivedData/SpeakLocalNative-8f3e721625a0/Logs/Test/Test-SpeakLocalNative-2026.06.01_07-33-22-+0700.xcresult

** TEST EXECUTE SUCCEEDED **

Testing started

2026-06-01 07:33:23.781 xcodebuild[68003:8293299] [MT] IDELaunchParametersSnapshot: The operation couldn’t be completed. (DebuggerLLDB.DebuggerVersionStore.StoreError error 0.)
2026-06-01 07:33:23.781 xcodebuild[68003:8293299] [MT] IDELaunchParametersSnapshot: no debugger version
2026-06-01 07:33:33.904 xcodebuild[68003:8293299] [MT] IDELaunchParametersSnapshot: The operation couldn’t be completed. (DebuggerLLDB.DebuggerVersionStore.StoreError error 0.)
2026-06-01 07:33:33.904 xcodebuild[68003:8293299] [MT] IDELaunchParametersSnapshot: no debugger version
2026-06-01 07:33:38.901 xcodebuild[68003:8293299] [MT] IDETestOperationsObserverDebug: 16.401 elapsed -- Testing started completed.
2026-06-01 07:33:38.902 xcodebuild[68003:8293299] [MT] IDETestOperationsObserverDebug: 0.000 sec, +0.000 sec -- start
2026-06-01 07:33:38.902 xcodebuild[68003:8293299] [MT] IDETestOperationsObserverDebug: 16.401 sec, +16.401 sec -- end
