Command line invocation:
    /Applications/Xcode.app/Contents/Developer/usr/bin/xcodebuild test-without-building -project /Users/jojolim/Developer/products/speaklocal/app-family/.worktrees/city-listings-production-ready/native-ios/SpeakLocalNative.xcodeproj -scheme SpeakLocalNative -destination "platform=iOS Simulator,id=7C386DD3-4BF1-4A34-A918-768C43CD1258" -derivedDataPath /Users/jojolim/Library/Developer/XcodeBuildMCP/workspaces/orchestrator-309442864093/DerivedData/SpeakLocalNative-8f3e721625a0 "-only-testing:SpeakLocalNativeUITests/CityAppDetailV22RenderProofUITests/testCaptureCityAppDetailV22RenderProofBatch"

2026-06-01 23:41:13.965371+0700 SpeakLocalNativeUITests-Runner[19622:10232265] [Default] Running tests...
    t =      nans Interface orientation changed to Portrait
Test Suite 'Selected tests' started at 2026-06-01 23:41:14.342.
Test Suite 'SpeakLocalNativeUITests.xctest' started at 2026-06-01 23:41:14.342.
Test Suite 'CityAppDetailV22RenderProofUITests' started at 2026-06-01 23:41:14.342.
Test Case '-[SpeakLocalNativeUITests.CityAppDetailV22RenderProofUITests testCaptureCityAppDetailV22RenderProofBatch]' started.
    t =     0.00s Start Test at 2026-06-01 23:41:14.343
    t =     0.02s Set Up
    t =     0.03s Open app.speaklocal.vietnam.native
    t =     0.03s     Launch app.speaklocal.vietnam.native
objc[19622]: Class UIAccessibilityLoaderWebShared is implemented in both /Library/Developer/CoreSimulator/Volumes/iOS_23F77/Library/Developer/CoreSimulator/Profiles/Runtimes/iOS 26.5.simruntime/Contents/Resources/RuntimeRoot/System/Library/AccessibilityBundles/WebCore.axbundle/WebCore (0x106e98310) and /Library/Developer/CoreSimulator/Volumes/iOS_23F77/Library/Developer/CoreSimulator/Profiles/Runtimes/iOS 26.5.simruntime/Contents/Resources/RuntimeRoot/System/Library/AccessibilityBundles/WebKit.axbundle/WebKit (0x1062b8398). This may cause spurious casting failures and mysterious crashes. One of the duplicates must be removed or renamed.
    t =     2.12s         Setting up automation session
    t =     2.95s         Wait for app.speaklocal.vietnam.native to idle
    t =     4.82s Checking existence of `"Bánh mì Hội An" StaticText`
    t =     4.99s Waiting 8.0s for "Bánh mì Hội An" StaticText to exist
    t =     6.06s     Checking `Expect predicate `existsNoRetry == 1` for object "Bánh mì Hội An" StaticText`
    t =     6.06s         Checking existence of `"Bánh mì Hội An" StaticText`
    t =     6.20s Swipe up Target Application 'app.speaklocal.vietnam.native'
    t =     6.21s     Wait for app.speaklocal.vietnam.native to idle
    t =     6.21s     Find the Target Application 'app.speaklocal.vietnam.native'
    t =     6.22s     Check for interrupting elements affecting "SpeakLocal Vietnam" Application
    t =     6.24s     Synthesize event
    t =     6.66s     Wait for app.speaklocal.vietnam.native to idle
    t =     8.76s Swipe up Target Application 'app.speaklocal.vietnam.native'
    t =     8.76s     Wait for app.speaklocal.vietnam.native to idle
    t =     8.80s     Find the Target Application 'app.speaklocal.vietnam.native'
    t =     8.83s     Check for interrupting elements affecting "SpeakLocal Vietnam" Application
    t =     8.85s     Synthesize event
    t =     9.27s     Wait for app.speaklocal.vietnam.native to idle
    t =    10.07s Terminate app.speaklocal.vietnam.native:19700
    t =    11.16s Open app.speaklocal.vietnam.native
    t =    11.16s     Launch app.speaklocal.vietnam.native
    t =    11.37s         Setting up automation session
    t =    11.81s         Wait for app.speaklocal.vietnam.native to idle
    t =    13.29s Waiting 4.0s for TabBar (First Match) to exist
    t =    14.37s     Checking `Expect predicate `existsNoRetry == 1` for object TabBar (First Match)`
    t =    14.37s         Checking existence of `TabBar (First Match)`
    t =    14.40s Checking existence of `"PhraseArticle.BottomSentinel.viet-family-city-hoian-place-banh-mi" Other`
    t =    14.46s Checking existence of `"PhraseArticle.BottomSentinel.viet-phrase-city-hoian-place-banh-mi" Other`
    t =    14.48s Find the "PhraseArticle.BottomSentinel.viet-phrase-city-hoian-place-banh-mi" Other
    t =    14.50s Checking existence of `TabBar (First Match)`
    t =    14.50s Find the TabBar (First Match)
    t =    14.51s Find the Target Application 'app.speaklocal.vietnam.native'
    t =    14.60s Terminate app.speaklocal.vietnam.native:19784
    t =    15.69s Tear Down
Test Case '-[SpeakLocalNativeUITests.CityAppDetailV22RenderProofUITests testCaptureCityAppDetailV22RenderProofBatch]' passed (15.749 seconds).
Test Suite 'CityAppDetailV22RenderProofUITests' passed at 2026-06-01 23:41:30.092.
	 Executed 1 test, with 0 failures (0 unexpected) in 15.749 (15.750) seconds
Test Suite 'SpeakLocalNativeUITests.xctest' passed at 2026-06-01 23:41:30.094.
	 Executed 1 test, with 0 failures (0 unexpected) in 15.749 (15.751) seconds
Test Suite 'Selected tests' passed at 2026-06-01 23:41:30.094.
	 Executed 1 test, with 0 failures (0 unexpected) in 15.749 (15.752) seconds

Test session results, code coverage, and logs:
	/Users/jojolim/Library/Developer/XcodeBuildMCP/workspaces/orchestrator-309442864093/DerivedData/SpeakLocalNative-8f3e721625a0/Logs/Test/Test-SpeakLocalNative-2026.06.01_23-41-12-+0700.xcresult

** TEST EXECUTE SUCCEEDED **

Testing started

2026-06-01 23:41:14.411 xcodebuild[19607:10232108] [MT] IDELaunchParametersSnapshot: The operation couldn’t be completed. (DebuggerLLDB.DebuggerVersionStore.StoreError error 0.)
2026-06-01 23:41:14.411 xcodebuild[19607:10232108] [MT] IDELaunchParametersSnapshot: no debugger version
2026-06-01 23:41:25.508 xcodebuild[19607:10232108] [MT] IDELaunchParametersSnapshot: The operation couldn’t be completed. (DebuggerLLDB.DebuggerVersionStore.StoreError error 0.)
2026-06-01 23:41:25.508 xcodebuild[19607:10232108] [MT] IDELaunchParametersSnapshot: no debugger version
2026-06-01 23:41:30.398 xcodebuild[19607:10232108] [MT] IDETestOperationsObserverDebug: 17.254 elapsed -- Testing started completed.
2026-06-01 23:41:30.398 xcodebuild[19607:10232108] [MT] IDETestOperationsObserverDebug: 0.000 sec, +0.000 sec -- start
2026-06-01 23:41:30.398 xcodebuild[19607:10232108] [MT] IDETestOperationsObserverDebug: 17.254 sec, +17.254 sec -- end
