Command line invocation:
    /Applications/Xcode.app/Contents/Developer/usr/bin/xcodebuild test-without-building -project /Users/jojolim/Developer/products/speaklocal/app-family/.worktrees/city-listings-production-ready/native-ios/SpeakLocalNative.xcodeproj -scheme SpeakLocalNative -destination "platform=iOS Simulator,id=7C386DD3-4BF1-4A34-A918-768C43CD1258" -derivedDataPath /Users/jojolim/Library/Developer/XcodeBuildMCP/workspaces/orchestrator-309442864093/DerivedData/SpeakLocalNative-8f3e721625a0 "-only-testing:SpeakLocalNativeUITests/CityAppDetailV22RenderProofUITests/testCaptureCityAppDetailV22RenderProofBatch"

2026-06-01 06:58:19.327383+0700 SpeakLocalNativeUITests-Runner[28376:8143895] [Default] Running tests...
    t =      nans Interface orientation changed to Portrait
Test Suite 'Selected tests' started at 2026-06-01 06:58:19.697.
Test Suite 'SpeakLocalNativeUITests.xctest' started at 2026-06-01 06:58:19.697.
Test Suite 'CityAppDetailV22RenderProofUITests' started at 2026-06-01 06:58:19.697.
Test Case '-[SpeakLocalNativeUITests.CityAppDetailV22RenderProofUITests testCaptureCityAppDetailV22RenderProofBatch]' started.
    t =     0.00s Start Test at 2026-06-01 06:58:19.697
    t =     0.02s Set Up
    t =     0.02s Open app.speaklocal.vietnam.native
    t =     0.02s     Launch app.speaklocal.vietnam.native
objc[28376]: Class UIAccessibilityLoaderWebShared is implemented in both /Library/Developer/CoreSimulator/Volumes/iOS_23F77/Library/Developer/CoreSimulator/Profiles/Runtimes/iOS 26.5.simruntime/Contents/Resources/RuntimeRoot/System/Library/AccessibilityBundles/WebCore.axbundle/WebCore (0x106f30310) and /Library/Developer/CoreSimulator/Volumes/iOS_23F77/Library/Developer/CoreSimulator/Profiles/Runtimes/iOS 26.5.simruntime/Contents/Resources/RuntimeRoot/System/Library/AccessibilityBundles/WebKit.axbundle/WebKit (0x106780398). This may cause spurious casting failures and mysterious crashes. One of the duplicates must be removed or renamed.
    t =     1.90s         Setting up automation session
    t =     2.38s         Wait for app.speaklocal.vietnam.native to idle
    t =     3.90s Checking existence of `"Phở Bò Lâm" StaticText`
    t =     4.03s Waiting 8.0s for "Phở Bò Lâm" StaticText to exist
    t =     5.07s     Checking `Expect predicate `existsNoRetry == 1` for object "Phở Bò Lâm" StaticText`
    t =     5.07s         Checking existence of `"Phở Bò Lâm" StaticText`
    t =     5.24s Swipe up Target Application 'app.speaklocal.vietnam.native'
    t =     5.24s     Wait for app.speaklocal.vietnam.native to idle
    t =     5.24s     Find the Target Application 'app.speaklocal.vietnam.native'
    t =     5.25s     Check for interrupting elements affecting "SpeakLocal Vietnam" Application
    t =     5.27s     Synthesize event
    t =     5.70s     Wait for app.speaklocal.vietnam.native to idle
    t =     7.80s Swipe up Target Application 'app.speaklocal.vietnam.native'
    t =     7.80s     Wait for app.speaklocal.vietnam.native to idle
    t =     7.81s     Find the Target Application 'app.speaklocal.vietnam.native'
    t =     7.83s     Check for interrupting elements affecting "SpeakLocal Vietnam" Application
    t =     7.86s     Synthesize event
    t =     8.28s     Wait for app.speaklocal.vietnam.native to idle
    t =     9.12s Terminate app.speaklocal.vietnam.native:28451
    t =    10.19s Open app.speaklocal.vietnam.native
    t =    10.19s     Launch app.speaklocal.vietnam.native
    t =    10.41s         Setting up automation session
    t =    10.88s         Wait for app.speaklocal.vietnam.native to idle
    t =    12.35s Waiting 4.0s for TabBar (First Match) to exist
    t =    13.40s     Checking `Expect predicate `existsNoRetry == 1` for object TabBar (First Match)`
    t =    13.40s         Checking existence of `TabBar (First Match)`
    t =    13.46s Checking existence of `"PhraseArticle.BottomSentinel.viet-family-city-hanoi-place-pho-bo-lam" Other`
    t =    13.54s Checking existence of `"PhraseArticle.BottomSentinel.viet-phrase-city-hanoi-place-pho-bo-lam" Other`
    t =    13.56s Find the "PhraseArticle.BottomSentinel.viet-phrase-city-hanoi-place-pho-bo-lam" Other
    t =    13.59s Checking existence of `TabBar (First Match)`
    t =    13.59s Find the TabBar (First Match)
    t =    13.60s Find the Target Application 'app.speaklocal.vietnam.native'
    t =    13.70s Terminate app.speaklocal.vietnam.native:28542
    t =    14.76s Tear Down
Test Case '-[SpeakLocalNativeUITests.CityAppDetailV22RenderProofUITests testCaptureCityAppDetailV22RenderProofBatch]' passed (14.817 seconds).
Test Suite 'CityAppDetailV22RenderProofUITests' passed at 2026-06-01 06:58:34.515.
	 Executed 1 test, with 0 failures (0 unexpected) in 14.817 (14.818) seconds
Test Suite 'SpeakLocalNativeUITests.xctest' passed at 2026-06-01 06:58:34.515.
	 Executed 1 test, with 0 failures (0 unexpected) in 14.817 (14.818) seconds
Test Suite 'Selected tests' passed at 2026-06-01 06:58:34.516.
	 Executed 1 test, with 0 failures (0 unexpected) in 14.817 (14.819) seconds

Test session results, code coverage, and logs:
	/Users/jojolim/Library/Developer/XcodeBuildMCP/workspaces/orchestrator-309442864093/DerivedData/SpeakLocalNative-8f3e721625a0/Logs/Test/Test-SpeakLocalNative-2026.06.01_06-58-18-+0700.xcresult

** TEST EXECUTE SUCCEEDED **

Testing started

2026-06-01 06:58:19.757 xcodebuild[28372:8143704] [MT] IDELaunchParametersSnapshot: The operation couldn’t be completed. (DebuggerLLDB.DebuggerVersionStore.StoreError error 0.)
2026-06-01 06:58:19.757 xcodebuild[28372:8143704] [MT] IDELaunchParametersSnapshot: no debugger version
2026-06-01 06:58:29.890 xcodebuild[28372:8143704] [MT] IDELaunchParametersSnapshot: The operation couldn’t be completed. (DebuggerLLDB.DebuggerVersionStore.StoreError error 0.)
2026-06-01 06:58:29.890 xcodebuild[28372:8143704] [MT] IDELaunchParametersSnapshot: no debugger version
2026-06-01 06:58:34.811 xcodebuild[28372:8143704] [MT] IDETestOperationsObserverDebug: 16.277 elapsed -- Testing started completed.
2026-06-01 06:58:34.811 xcodebuild[28372:8143704] [MT] IDETestOperationsObserverDebug: 0.000 sec, +0.000 sec -- start
2026-06-01 06:58:34.811 xcodebuild[28372:8143704] [MT] IDETestOperationsObserverDebug: 16.277 sec, +16.277 sec -- end
