Command line invocation:
    /Applications/Xcode.app/Contents/Developer/usr/bin/xcodebuild test-without-building -project /Users/jojolim/Developer/products/speaklocal/app-family/.worktrees/city-listings-production-ready/native-ios/SpeakLocalNative.xcodeproj -scheme SpeakLocalNative -destination "platform=iOS Simulator,id=7C386DD3-4BF1-4A34-A918-768C43CD1258" -derivedDataPath /Users/jojolim/Library/Developer/XcodeBuildMCP/workspaces/orchestrator-309442864093/DerivedData/SpeakLocalNative-8f3e721625a0 "-only-testing:SpeakLocalNativeUITests/CityAppDetailV22RenderProofUITests/testCaptureCityAppDetailV22RenderProofBatch"

2026-06-02 11:44:05.480185+0700 SpeakLocalNativeUITests-Runner[80394:11500266] [Default] Running tests...
    t =      nans Interface orientation changed to Portrait
Test Suite 'Selected tests' started at 2026-06-02 11:44:06.226.
Test Suite 'SpeakLocalNativeUITests.xctest' started at 2026-06-02 11:44:06.226.
Test Suite 'CityAppDetailV22RenderProofUITests' started at 2026-06-02 11:44:06.227.
Test Case '-[SpeakLocalNativeUITests.CityAppDetailV22RenderProofUITests testCaptureCityAppDetailV22RenderProofBatch]' started.
    t =     0.00s Start Test at 2026-06-02 11:44:06.227
    t =     0.02s Set Up
    t =     0.03s Open app.speaklocal.vietnam.native
    t =     0.03s     Launch app.speaklocal.vietnam.native
objc[80394]: Class UIAccessibilityLoaderWebShared is implemented in both /Library/Developer/CoreSimulator/Volumes/iOS_23F77/Library/Developer/CoreSimulator/Profiles/Runtimes/iOS 26.5.simruntime/Contents/Resources/RuntimeRoot/System/Library/AccessibilityBundles/WebCore.axbundle/WebCore (0x108e40310) and /Library/Developer/CoreSimulator/Volumes/iOS_23F77/Library/Developer/CoreSimulator/Profiles/Runtimes/iOS 26.5.simruntime/Contents/Resources/RuntimeRoot/System/Library/AccessibilityBundles/WebKit.axbundle/WebKit (0x108694398). This may cause spurious casting failures and mysterious crashes. One of the duplicates must be removed or renamed.
    t =     2.53s         Setting up automation session
    t =     2.98s         Wait for app.speaklocal.vietnam.native to idle
    t =     4.57s Checking existence of `"Hải sản Năm Đảnh" StaticText`
    t =     4.73s Waiting 8.0s for "Hải sản Năm Đảnh" StaticText to exist
    t =     5.81s     Checking `Expect predicate `existsNoRetry == 1` for object "Hải sản Năm Đảnh" StaticText`
    t =     5.81s         Checking existence of `"Hải sản Năm Đảnh" StaticText`
    t =     5.98s Swipe up Target Application 'app.speaklocal.vietnam.native'
    t =     5.98s     Wait for app.speaklocal.vietnam.native to idle
    t =     5.98s     Find the Target Application 'app.speaklocal.vietnam.native'
    t =     5.99s     Check for interrupting elements affecting "SpeakLocal Vietnam" Application
    t =     6.01s     Synthesize event
    t =     6.43s     Wait for app.speaklocal.vietnam.native to idle
    t =     8.53s Swipe up Target Application 'app.speaklocal.vietnam.native'
    t =     8.53s     Wait for app.speaklocal.vietnam.native to idle
    t =     8.54s     Find the Target Application 'app.speaklocal.vietnam.native'
    t =     8.56s     Check for interrupting elements affecting "SpeakLocal Vietnam" Application
    t =     8.59s     Synthesize event
    t =     9.01s     Wait for app.speaklocal.vietnam.native to idle
    t =    10.24s Terminate app.speaklocal.vietnam.native:80404
    t =    11.33s Open app.speaklocal.vietnam.native
    t =    11.33s     Launch app.speaklocal.vietnam.native
    t =    11.54s         Setting up automation session
    t =    12.05s         Wait for app.speaklocal.vietnam.native to idle
    t =    13.57s Waiting 4.0s for TabBar (First Match) to exist
    t =    14.65s     Checking `Expect predicate `existsNoRetry == 1` for object TabBar (First Match)`
    t =    14.65s         Checking existence of `TabBar (First Match)`
    t =    14.72s Checking existence of `"PhraseArticle.BottomSentinel.viet-family-city-danang-place-nam-danh-seafood" Other`
    t =    14.80s Checking existence of `"PhraseArticle.BottomSentinel.viet-phrase-city-danang-place-nam-danh-seafood" Other`
    t =    14.82s Find the "PhraseArticle.BottomSentinel.viet-phrase-city-danang-place-nam-danh-seafood" Other
    t =    14.84s Checking existence of `TabBar (First Match)`
    t =    14.85s Find the TabBar (First Match)
    t =    14.86s Find the Target Application 'app.speaklocal.vietnam.native'
    t =    14.97s Terminate app.speaklocal.vietnam.native:80443
    t =    16.06s Tear Down
Test Case '-[SpeakLocalNativeUITests.CityAppDetailV22RenderProofUITests testCaptureCityAppDetailV22RenderProofBatch]' passed (16.130 seconds).
Test Suite 'CityAppDetailV22RenderProofUITests' passed at 2026-06-02 11:44:22.358.
	 Executed 1 test, with 0 failures (0 unexpected) in 16.130 (16.131) seconds
Test Suite 'SpeakLocalNativeUITests.xctest' passed at 2026-06-02 11:44:22.359.
	 Executed 1 test, with 0 failures (0 unexpected) in 16.130 (16.132) seconds
Test Suite 'Selected tests' passed at 2026-06-02 11:44:22.359.
	 Executed 1 test, with 0 failures (0 unexpected) in 16.130 (16.133) seconds

Test session results, code coverage, and logs:
	/Users/jojolim/Library/Developer/XcodeBuildMCP/workspaces/orchestrator-309442864093/DerivedData/SpeakLocalNative-8f3e721625a0/Logs/Test/Test-SpeakLocalNative-2026.06.02_11-44-03-+0700.xcresult

** TEST EXECUTE SUCCEEDED **

Testing started

2026-06-02 11:44:06.304 xcodebuild[80371:11499967] [MT] IDELaunchParametersSnapshot: The operation couldn’t be completed. (DebuggerLLDB.DebuggerVersionStore.StoreError error 0.)
2026-06-02 11:44:06.304 xcodebuild[80371:11499967] [MT] IDELaunchParametersSnapshot: no debugger version
2026-06-02 11:44:17.557 xcodebuild[80371:11499967] [MT] IDELaunchParametersSnapshot: The operation couldn’t be completed. (DebuggerLLDB.DebuggerVersionStore.StoreError error 0.)
2026-06-02 11:44:17.557 xcodebuild[80371:11499967] [MT] IDELaunchParametersSnapshot: no debugger version
2026-06-02 11:44:22.668 xcodebuild[80371:11499967] [MT] IDETestOperationsObserverDebug: 18.212 elapsed -- Testing started completed.
2026-06-02 11:44:22.669 xcodebuild[80371:11499967] [MT] IDETestOperationsObserverDebug: 0.000 sec, +0.000 sec -- start
2026-06-02 11:44:22.669 xcodebuild[80371:11499967] [MT] IDETestOperationsObserverDebug: 18.212 sec, +18.212 sec -- end
