Command line invocation:
    /Applications/Xcode.app/Contents/Developer/usr/bin/xcodebuild test-without-building -project /Users/jojolim/Developer/products/speaklocal/app-family/.worktrees/city-listings-production-ready/native-ios/SpeakLocalNative.xcodeproj -scheme SpeakLocalNative -destination "platform=iOS Simulator,id=7C386DD3-4BF1-4A34-A918-768C43CD1258" -derivedDataPath /Users/jojolim/Library/Developer/XcodeBuildMCP/workspaces/orchestrator-309442864093/DerivedData/SpeakLocalNative-8f3e721625a0 "-only-testing:SpeakLocalNativeUITests/CityAppDetailV22RenderProofUITests/testCaptureCityAppDetailV22RenderProofBatch"

2026-06-01 23:48:27.956851+0700 SpeakLocalNativeUITests-Runner[26027:10263047] [Default] Running tests...
    t =      nans Interface orientation changed to Portrait
Test Suite 'Selected tests' started at 2026-06-01 23:48:28.380.
Test Suite 'SpeakLocalNativeUITests.xctest' started at 2026-06-01 23:48:28.381.
Test Suite 'CityAppDetailV22RenderProofUITests' started at 2026-06-01 23:48:28.381.
Test Case '-[SpeakLocalNativeUITests.CityAppDetailV22RenderProofUITests testCaptureCityAppDetailV22RenderProofBatch]' started.
    t =     0.00s Start Test at 2026-06-01 23:48:28.381
    t =     0.02s Set Up
    t =     0.02s Open app.speaklocal.vietnam.native
    t =     0.02s     Launch app.speaklocal.vietnam.native
objc[26027]: Class UIAccessibilityLoaderWebShared is implemented in both /Library/Developer/CoreSimulator/Volumes/iOS_23F77/Library/Developer/CoreSimulator/Profiles/Runtimes/iOS 26.5.simruntime/Contents/Resources/RuntimeRoot/System/Library/AccessibilityBundles/WebCore.axbundle/WebCore (0x10910c310) and /Library/Developer/CoreSimulator/Volumes/iOS_23F77/Library/Developer/CoreSimulator/Profiles/Runtimes/iOS 26.5.simruntime/Contents/Resources/RuntimeRoot/System/Library/AccessibilityBundles/WebKit.axbundle/WebKit (0x1089ac398). This may cause spurious casting failures and mysterious crashes. One of the duplicates must be removed or renamed.
    t =     2.92s         Setting up automation session
    t =     3.52s         Wait for app.speaklocal.vietnam.native to idle
    t =     5.13s Checking existence of `"Chùa Báo Quốc" StaticText`
    t =     5.34s Waiting 8.0s for "Chùa Báo Quốc" StaticText to exist
    t =     6.38s     Checking `Expect predicate `existsNoRetry == 1` for object "Chùa Báo Quốc" StaticText`
    t =     6.38s         Checking existence of `"Chùa Báo Quốc" StaticText`
    t =     6.54s Swipe up Target Application 'app.speaklocal.vietnam.native'
    t =     6.54s     Wait for app.speaklocal.vietnam.native to idle
    t =     6.54s     Find the Target Application 'app.speaklocal.vietnam.native'
    t =     6.56s     Check for interrupting elements affecting "SpeakLocal Vietnam" Application
    t =     6.57s     Synthesize event
    t =     6.99s     Wait for app.speaklocal.vietnam.native to idle
    t =     9.10s Swipe up Target Application 'app.speaklocal.vietnam.native'
    t =     9.10s     Wait for app.speaklocal.vietnam.native to idle
    t =     9.10s     Find the Target Application 'app.speaklocal.vietnam.native'
    t =     9.13s     Check for interrupting elements affecting "SpeakLocal Vietnam" Application
    t =     9.15s     Synthesize event
    t =     9.57s     Wait for app.speaklocal.vietnam.native to idle
    t =    10.33s Terminate app.speaklocal.vietnam.native:26107
    t =    11.40s Open app.speaklocal.vietnam.native
    t =    11.40s     Launch app.speaklocal.vietnam.native
    t =    11.60s         Setting up automation session
    t =    12.21s         Wait for app.speaklocal.vietnam.native to idle
    t =    13.78s Waiting 4.0s for TabBar (First Match) to exist
    t =    14.82s     Checking `Expect predicate `existsNoRetry == 1` for object TabBar (First Match)`
    t =    14.82s         Checking existence of `TabBar (First Match)`
    t =    14.88s Checking existence of `"PhraseArticle.BottomSentinel.viet-family-city-hue-place-bao-quoc-pagoda" Other`
    t =    14.98s Checking existence of `"PhraseArticle.BottomSentinel.viet-phrase-city-hue-place-bao-quoc-pagoda" Other`
    t =    15.00s Find the "PhraseArticle.BottomSentinel.viet-phrase-city-hue-place-bao-quoc-pagoda" Other
    t =    15.02s Checking existence of `TabBar (First Match)`
    t =    15.03s Find the TabBar (First Match)
    t =    15.04s Find the Target Application 'app.speaklocal.vietnam.native'
    t =    15.15s Terminate app.speaklocal.vietnam.native:26195
    t =    16.22s Tear Down
Test Case '-[SpeakLocalNativeUITests.CityAppDetailV22RenderProofUITests testCaptureCityAppDetailV22RenderProofBatch]' passed (16.275 seconds).
Test Suite 'CityAppDetailV22RenderProofUITests' passed at 2026-06-01 23:48:44.657.
	 Executed 1 test, with 0 failures (0 unexpected) in 16.275 (16.276) seconds
Test Suite 'SpeakLocalNativeUITests.xctest' passed at 2026-06-01 23:48:44.657.
	 Executed 1 test, with 0 failures (0 unexpected) in 16.275 (16.277) seconds
Test Suite 'Selected tests' passed at 2026-06-01 23:48:44.658.
	 Executed 1 test, with 0 failures (0 unexpected) in 16.275 (16.277) seconds

Test session results, code coverage, and logs:
	/Users/jojolim/Library/Developer/XcodeBuildMCP/workspaces/orchestrator-309442864093/DerivedData/SpeakLocalNative-8f3e721625a0/Logs/Test/Test-SpeakLocalNative-2026.06.01_23-48-26-+0700.xcresult

** TEST EXECUTE SUCCEEDED **

Testing started

2026-06-01 23:48:28.437 xcodebuild[26012:10262881] [MT] IDELaunchParametersSnapshot: The operation couldn’t be completed. (DebuggerLLDB.DebuggerVersionStore.StoreError error 0.)
2026-06-01 23:48:28.437 xcodebuild[26012:10262881] [MT] IDELaunchParametersSnapshot: no debugger version
2026-06-01 23:48:39.777 xcodebuild[26012:10262881] [MT] IDELaunchParametersSnapshot: The operation couldn’t be completed. (DebuggerLLDB.DebuggerVersionStore.StoreError error 0.)
2026-06-01 23:48:39.777 xcodebuild[26012:10262881] [MT] IDELaunchParametersSnapshot: no debugger version
2026-06-01 23:48:44.958 xcodebuild[26012:10262881] [MT] IDETestOperationsObserverDebug: 17.823 elapsed -- Testing started completed.
2026-06-01 23:48:44.958 xcodebuild[26012:10262881] [MT] IDETestOperationsObserverDebug: 0.000 sec, +0.000 sec -- start
2026-06-01 23:48:44.958 xcodebuild[26012:10262881] [MT] IDETestOperationsObserverDebug: 17.823 sec, +17.823 sec -- end
