Command line invocation:
    /Applications/Xcode.app/Contents/Developer/usr/bin/xcodebuild test-without-building -project /Users/jojolim/Developer/products/speaklocal/app-family/.worktrees/city-listings-production-ready/native-ios/SpeakLocalNative.xcodeproj -scheme SpeakLocalNative -destination "platform=iOS Simulator,id=7C386DD3-4BF1-4A34-A918-768C43CD1258" -derivedDataPath /Users/jojolim/Library/Developer/XcodeBuildMCP/workspaces/orchestrator-309442864093/DerivedData/SpeakLocalNative-8f3e721625a0 "-only-testing:SpeakLocalNativeUITests/CityAppDetailV22RenderProofUITests/testCaptureCityAppDetailV22RenderProofBatch"

2026-06-01 07:35:22.352036+0700 SpeakLocalNativeUITests-Runner[70153:8302849] [Default] Running tests...
    t =      nans Interface orientation changed to Portrait
Test Suite 'Selected tests' started at 2026-06-01 07:35:22.721.
Test Suite 'SpeakLocalNativeUITests.xctest' started at 2026-06-01 07:35:22.721.
Test Suite 'CityAppDetailV22RenderProofUITests' started at 2026-06-01 07:35:22.721.
Test Case '-[SpeakLocalNativeUITests.CityAppDetailV22RenderProofUITests testCaptureCityAppDetailV22RenderProofBatch]' started.
    t =     0.00s Start Test at 2026-06-01 07:35:22.722
    t =     0.02s Set Up
    t =     0.02s Open app.speaklocal.vietnam.native
    t =     0.02s     Launch app.speaklocal.vietnam.native
objc[70153]: Class UIAccessibilityLoaderWebShared is implemented in both /Library/Developer/CoreSimulator/Volumes/iOS_23F77/Library/Developer/CoreSimulator/Profiles/Runtimes/iOS 26.5.simruntime/Contents/Resources/RuntimeRoot/System/Library/AccessibilityBundles/WebCore.axbundle/WebCore (0x108b8c310) and /Library/Developer/CoreSimulator/Volumes/iOS_23F77/Library/Developer/CoreSimulator/Profiles/Runtimes/iOS 26.5.simruntime/Contents/Resources/RuntimeRoot/System/Library/AccessibilityBundles/WebKit.axbundle/WebKit (0x10840c398). This may cause spurious casting failures and mysterious crashes. One of the duplicates must be removed or renamed.
    t =     1.90s         Setting up automation session
    t =     2.40s         Wait for app.speaklocal.vietnam.native to idle
    t =     3.87s Checking existence of `"Công viên Yên Sở" StaticText`
    t =     4.01s Waiting 8.0s for "Công viên Yên Sở" StaticText to exist
    t =     5.05s     Checking `Expect predicate `existsNoRetry == 1` for object "Công viên Yên Sở" StaticText`
    t =     5.05s         Checking existence of `"Công viên Yên Sở" StaticText`
    t =     5.22s Swipe up Target Application 'app.speaklocal.vietnam.native'
    t =     5.22s     Wait for app.speaklocal.vietnam.native to idle
    t =     5.22s     Find the Target Application 'app.speaklocal.vietnam.native'
    t =     5.23s     Check for interrupting elements affecting "SpeakLocal Vietnam" Application
    t =     5.25s     Synthesize event
    t =     5.67s     Wait for app.speaklocal.vietnam.native to idle
    t =     7.77s Swipe up Target Application 'app.speaklocal.vietnam.native'
    t =     7.77s     Wait for app.speaklocal.vietnam.native to idle
    t =     7.77s     Find the Target Application 'app.speaklocal.vietnam.native'
    t =     7.80s     Check for interrupting elements affecting "SpeakLocal Vietnam" Application
    t =     7.82s     Synthesize event
    t =     8.26s     Wait for app.speaklocal.vietnam.native to idle
    t =     9.03s Terminate app.speaklocal.vietnam.native:70231
    t =    10.11s Open app.speaklocal.vietnam.native
    t =    10.11s     Launch app.speaklocal.vietnam.native
    t =    10.32s         Setting up automation session
    t =    10.81s         Wait for app.speaklocal.vietnam.native to idle
    t =    12.28s Waiting 4.0s for TabBar (First Match) to exist
    t =    13.34s     Checking `Expect predicate `existsNoRetry == 1` for object TabBar (First Match)`
    t =    13.34s         Checking existence of `TabBar (First Match)`
    t =    13.40s Checking existence of `"PhraseArticle.BottomSentinel.viet-family-city-hanoi-place-yen-so-park" Other`
    t =    13.47s Checking existence of `"PhraseArticle.BottomSentinel.viet-phrase-city-hanoi-place-yen-so-park" Other`
    t =    13.49s Find the "PhraseArticle.BottomSentinel.viet-phrase-city-hanoi-place-yen-so-park" Other
    t =    13.51s Checking existence of `TabBar (First Match)`
    t =    13.52s Find the TabBar (First Match)
    t =    13.53s Find the Target Application 'app.speaklocal.vietnam.native'
    t =    13.62s Terminate app.speaklocal.vietnam.native:70319
    t =    14.67s Tear Down
Test Case '-[SpeakLocalNativeUITests.CityAppDetailV22RenderProofUITests testCaptureCityAppDetailV22RenderProofBatch]' passed (14.778 seconds).
Test Suite 'CityAppDetailV22RenderProofUITests' passed at 2026-06-01 07:35:37.500.
	 Executed 1 test, with 0 failures (0 unexpected) in 14.778 (14.779) seconds
Test Suite 'SpeakLocalNativeUITests.xctest' passed at 2026-06-01 07:35:37.501.
	 Executed 1 test, with 0 failures (0 unexpected) in 14.778 (14.780) seconds
Test Suite 'Selected tests' passed at 2026-06-01 07:35:37.502.
	 Executed 1 test, with 0 failures (0 unexpected) in 14.778 (14.781) seconds

Test session results, code coverage, and logs:
	/Users/jojolim/Library/Developer/XcodeBuildMCP/workspaces/orchestrator-309442864093/DerivedData/SpeakLocalNative-8f3e721625a0/Logs/Test/Test-SpeakLocalNative-2026.06.01_07-35-21-+0700.xcresult

** TEST EXECUTE SUCCEEDED **

Testing started

2026-06-01 07:35:22.782 xcodebuild[70151:8302670] [MT] IDELaunchParametersSnapshot: The operation couldn’t be completed. (DebuggerLLDB.DebuggerVersionStore.StoreError error 0.)
2026-06-01 07:35:22.782 xcodebuild[70151:8302670] [MT] IDELaunchParametersSnapshot: no debugger version
2026-06-01 07:35:32.832 xcodebuild[70151:8302670] [MT] IDELaunchParametersSnapshot: The operation couldn’t be completed. (DebuggerLLDB.DebuggerVersionStore.StoreError error 0.)
2026-06-01 07:35:32.832 xcodebuild[70151:8302670] [MT] IDELaunchParametersSnapshot: no debugger version
2026-06-01 07:35:37.804 xcodebuild[70151:8302670] [MT] IDETestOperationsObserverDebug: 16.261 elapsed -- Testing started completed.
2026-06-01 07:35:37.804 xcodebuild[70151:8302670] [MT] IDETestOperationsObserverDebug: 0.000 sec, +0.000 sec -- start
2026-06-01 07:35:37.804 xcodebuild[70151:8302670] [MT] IDETestOperationsObserverDebug: 16.261 sec, +16.261 sec -- end
