Command line invocation:
    /Applications/Xcode.app/Contents/Developer/usr/bin/xcodebuild test-without-building -project /Users/jojolim/Developer/products/speaklocal/app-family/.worktrees/city-listings-production-ready/native-ios/SpeakLocalNative.xcodeproj -scheme SpeakLocalNative -destination "platform=iOS Simulator,id=7C386DD3-4BF1-4A34-A918-768C43CD1258" -derivedDataPath /Users/jojolim/Library/Developer/XcodeBuildMCP/workspaces/orchestrator-309442864093/DerivedData/SpeakLocalNative-8f3e721625a0 "-only-testing:SpeakLocalNativeUITests/CityAppDetailV22RenderProofUITests/testCaptureCityAppDetailV22RenderProofBatch"

2026-06-01 06:27:59.711134+0700 SpeakLocalNativeUITests-Runner[97808:8014795] [Default] Running tests...
    t =      nans Interface orientation changed to Portrait
Test Suite 'Selected tests' started at 2026-06-01 06:28:00.089.
Test Suite 'SpeakLocalNativeUITests.xctest' started at 2026-06-01 06:28:00.090.
Test Suite 'CityAppDetailV22RenderProofUITests' started at 2026-06-01 06:28:00.090.
Test Case '-[SpeakLocalNativeUITests.CityAppDetailV22RenderProofUITests testCaptureCityAppDetailV22RenderProofBatch]' started.
    t =     0.00s Start Test at 2026-06-01 06:28:00.090
    t =     0.02s Set Up
    t =     0.02s Open app.speaklocal.vietnam.native
    t =     0.02s     Launch app.speaklocal.vietnam.native
objc[97808]: Class UIAccessibilityLoaderWebShared is implemented in both /Library/Developer/CoreSimulator/Volumes/iOS_23F77/Library/Developer/CoreSimulator/Profiles/Runtimes/iOS 26.5.simruntime/Contents/Resources/RuntimeRoot/System/Library/AccessibilityBundles/WebCore.axbundle/WebCore (0x107ebc310) and /Library/Developer/CoreSimulator/Volumes/iOS_23F77/Library/Developer/CoreSimulator/Profiles/Runtimes/iOS 26.5.simruntime/Contents/Resources/RuntimeRoot/System/Library/AccessibilityBundles/WebKit.axbundle/WebKit (0x107f84398). This may cause spurious casting failures and mysterious crashes. One of the duplicates must be removed or renamed.
    t =     1.90s         Setting up automation session
    t =     2.29s         Wait for app.speaklocal.vietnam.native to idle
    t =     3.77s Checking existence of `"Công viên Châu Á" StaticText`
    t =     3.92s Waiting 8.0s for "Công viên Châu Á" StaticText to exist
    t =     4.96s     Checking `Expect predicate `existsNoRetry == 1` for object "Công viên Châu Á" StaticText`
    t =     4.96s         Checking existence of `"Công viên Châu Á" StaticText`
    t =     5.14s Swipe up Target Application 'app.speaklocal.vietnam.native'
    t =     5.14s     Wait for app.speaklocal.vietnam.native to idle
    t =     5.14s     Find the Target Application 'app.speaklocal.vietnam.native'
    t =     5.16s     Check for interrupting elements affecting "SpeakLocal Vietnam" Application
    t =     5.18s     Synthesize event
    t =     5.60s     Wait for app.speaklocal.vietnam.native to idle
    t =     7.69s Swipe up Target Application 'app.speaklocal.vietnam.native'
    t =     7.70s     Wait for app.speaklocal.vietnam.native to idle
    t =     7.70s     Find the Target Application 'app.speaklocal.vietnam.native'
    t =     7.73s     Check for interrupting elements affecting "SpeakLocal Vietnam" Application
    t =     7.75s     Synthesize event
    t =     8.18s     Wait for app.speaklocal.vietnam.native to idle
    t =     9.14s Terminate app.speaklocal.vietnam.native:97881
    t =    10.21s Open app.speaklocal.vietnam.native
    t =    10.21s     Launch app.speaklocal.vietnam.native
    t =    10.41s         Setting up automation session
    t =    10.86s         Wait for app.speaklocal.vietnam.native to idle
    t =    12.33s Waiting 4.0s for TabBar (First Match) to exist
    t =    13.38s     Checking `Expect predicate `existsNoRetry == 1` for object TabBar (First Match)`
    t =    13.38s         Checking existence of `TabBar (First Match)`
    t =    13.44s Checking existence of `"PhraseArticle.BottomSentinel.viet-family-city-danang-place-asia-park" Other`
    t =    13.52s Checking existence of `"PhraseArticle.BottomSentinel.viet-phrase-city-danang-place-asia-park" Other`
    t =    13.55s Find the "PhraseArticle.BottomSentinel.viet-phrase-city-danang-place-asia-park" Other
    t =    13.57s Checking existence of `TabBar (First Match)`
    t =    13.58s Find the TabBar (First Match)
    t =    13.58s Find the Target Application 'app.speaklocal.vietnam.native'
    t =    13.68s Terminate app.speaklocal.vietnam.native:97999
    t =    14.75s Tear Down
Test Case '-[SpeakLocalNativeUITests.CityAppDetailV22RenderProofUITests testCaptureCityAppDetailV22RenderProofBatch]' passed (14.803 seconds).
Test Suite 'CityAppDetailV22RenderProofUITests' passed at 2026-06-01 06:28:14.894.
	 Executed 1 test, with 0 failures (0 unexpected) in 14.803 (14.804) seconds
Test Suite 'SpeakLocalNativeUITests.xctest' passed at 2026-06-01 06:28:14.895.
	 Executed 1 test, with 0 failures (0 unexpected) in 14.803 (14.805) seconds
Test Suite 'Selected tests' passed at 2026-06-01 06:28:14.895.
	 Executed 1 test, with 0 failures (0 unexpected) in 14.803 (14.806) seconds

Test session results, code coverage, and logs:
	/Users/jojolim/Library/Developer/XcodeBuildMCP/workspaces/orchestrator-309442864093/DerivedData/SpeakLocalNative-8f3e721625a0/Logs/Test/Test-SpeakLocalNative-2026.06.01_06-27-58-+0700.xcresult

** TEST EXECUTE SUCCEEDED **

Testing started

2026-06-01 06:28:00.156 xcodebuild[97802:8014585] [MT] IDELaunchParametersSnapshot: The operation couldn’t be completed. (DebuggerLLDB.DebuggerVersionStore.StoreError error 0.)
2026-06-01 06:28:00.156 xcodebuild[97802:8014585] [MT] IDELaunchParametersSnapshot: no debugger version
2026-06-01 06:28:10.300 xcodebuild[97802:8014585] [MT] IDELaunchParametersSnapshot: The operation couldn’t be completed. (DebuggerLLDB.DebuggerVersionStore.StoreError error 0.)
2026-06-01 06:28:10.300 xcodebuild[97802:8014585] [MT] IDELaunchParametersSnapshot: no debugger version
2026-06-01 06:28:15.194 xcodebuild[97802:8014585] [MT] IDETestOperationsObserverDebug: 16.308 elapsed -- Testing started completed.
2026-06-01 06:28:15.194 xcodebuild[97802:8014585] [MT] IDETestOperationsObserverDebug: 0.000 sec, +0.000 sec -- start
2026-06-01 06:28:15.194 xcodebuild[97802:8014585] [MT] IDETestOperationsObserverDebug: 16.308 sec, +16.308 sec -- end
