Command line invocation:
    /Applications/Xcode.app/Contents/Developer/usr/bin/xcodebuild test-without-building -project /Users/jojolim/Developer/products/speaklocal/app-family/.worktrees/city-listings-production-ready/native-ios/SpeakLocalNative.xcodeproj -scheme SpeakLocalNative -destination "platform=iOS Simulator,id=7C386DD3-4BF1-4A34-A918-768C43CD1258" -derivedDataPath /Users/jojolim/Library/Developer/XcodeBuildMCP/workspaces/orchestrator-309442864093/DerivedData/SpeakLocalNative-8f3e721625a0 "-only-testing:SpeakLocalNativeUITests/CityAppDetailV22RenderProofUITests/testCaptureCityAppDetailV22RenderProofBatch"

2026-06-01 23:35:04.380342+0700 SpeakLocalNativeUITests-Runner[14031:10205887] [Default] Running tests...
    t =      nans Interface orientation changed to Portrait
Test Suite 'Selected tests' started at 2026-06-01 23:35:04.754.
Test Suite 'SpeakLocalNativeUITests.xctest' started at 2026-06-01 23:35:04.755.
Test Suite 'CityAppDetailV22RenderProofUITests' started at 2026-06-01 23:35:04.755.
Test Case '-[SpeakLocalNativeUITests.CityAppDetailV22RenderProofUITests testCaptureCityAppDetailV22RenderProofBatch]' started.
    t =     0.00s Start Test at 2026-06-01 23:35:04.755
    t =     0.02s Set Up
    t =     0.02s Open app.speaklocal.vietnam.native
    t =     0.02s     Launch app.speaklocal.vietnam.native
objc[14031]: Class UIAccessibilityLoaderWebShared is implemented in both /Library/Developer/CoreSimulator/Volumes/iOS_23F77/Library/Developer/CoreSimulator/Profiles/Runtimes/iOS 26.5.simruntime/Contents/Resources/RuntimeRoot/System/Library/AccessibilityBundles/WebCore.axbundle/WebCore (0x106320310) and /Library/Developer/CoreSimulator/Volumes/iOS_23F77/Library/Developer/CoreSimulator/Profiles/Runtimes/iOS 26.5.simruntime/Contents/Resources/RuntimeRoot/System/Library/AccessibilityBundles/WebKit.axbundle/WebKit (0x10605c398). This may cause spurious casting failures and mysterious crashes. One of the duplicates must be removed or renamed.
    t =     2.12s         Setting up automation session
    t =     3.13s         Wait for app.speaklocal.vietnam.native to idle
    t =     4.92s Checking existence of `"Phố Phan Đình Phùng" StaticText`
    t =     5.10s Waiting 8.0s for "Phố Phan Đình Phùng" StaticText to exist
    t =     6.18s     Checking `Expect predicate `existsNoRetry == 1` for object "Phố Phan Đình Phùng" StaticText`
    t =     6.18s         Checking existence of `"Phố Phan Đình Phùng" StaticText`
    t =     6.35s Swipe up Target Application 'app.speaklocal.vietnam.native'
    t =     6.35s     Wait for app.speaklocal.vietnam.native to idle
    t =     6.35s     Find the Target Application 'app.speaklocal.vietnam.native'
    t =     6.36s     Check for interrupting elements affecting "SpeakLocal Vietnam" Application
    t =     6.38s     Synthesize event
    t =     6.80s     Wait for app.speaklocal.vietnam.native to idle
    t =     8.93s Swipe up Target Application 'app.speaklocal.vietnam.native'
    t =     8.93s     Wait for app.speaklocal.vietnam.native to idle
    t =     8.94s     Find the Target Application 'app.speaklocal.vietnam.native'
    t =     8.97s     Check for interrupting elements affecting "SpeakLocal Vietnam" Application
    t =     8.99s     Synthesize event
    t =     9.41s     Wait for app.speaklocal.vietnam.native to idle
    t =    10.25s Terminate app.speaklocal.vietnam.native:14155
    t =    11.34s Open app.speaklocal.vietnam.native
    t =    11.34s     Launch app.speaklocal.vietnam.native
    t =    11.56s         Setting up automation session
    t =    12.09s         Wait for app.speaklocal.vietnam.native to idle
    t =    13.64s Waiting 4.0s for TabBar (First Match) to exist
    t =    14.72s     Checking `Expect predicate `existsNoRetry == 1` for object TabBar (First Match)`
    t =    14.72s         Checking existence of `TabBar (First Match)`
    t =    14.77s Checking existence of `"PhraseArticle.BottomSentinel.viet-family-city-hanoi-place-phan-dinh-phung-street" Other`
    t =    14.85s Checking existence of `"PhraseArticle.BottomSentinel.viet-phrase-city-hanoi-place-phan-dinh-phung-street" Other`
    t =    14.87s Find the "PhraseArticle.BottomSentinel.viet-phrase-city-hanoi-place-phan-dinh-phung-street" Other
    t =    14.89s Checking existence of `TabBar (First Match)`
    t =    14.90s Find the TabBar (First Match)
    t =    14.91s Find the Target Application 'app.speaklocal.vietnam.native'
    t =    15.02s Terminate app.speaklocal.vietnam.native:14269
    t =    16.11s Tear Down
Test Case '-[SpeakLocalNativeUITests.CityAppDetailV22RenderProofUITests testCaptureCityAppDetailV22RenderProofBatch]' passed (16.199 seconds).
Test Suite 'CityAppDetailV22RenderProofUITests' passed at 2026-06-01 23:35:20.955.
	 Executed 1 test, with 0 failures (0 unexpected) in 16.199 (16.200) seconds
Test Suite 'SpeakLocalNativeUITests.xctest' passed at 2026-06-01 23:35:20.956.
	 Executed 1 test, with 0 failures (0 unexpected) in 16.199 (16.201) seconds
Test Suite 'Selected tests' passed at 2026-06-01 23:35:20.957.
	 Executed 1 test, with 0 failures (0 unexpected) in 16.199 (16.202) seconds

Test session results, code coverage, and logs:
	/Users/jojolim/Library/Developer/XcodeBuildMCP/workspaces/orchestrator-309442864093/DerivedData/SpeakLocalNative-8f3e721625a0/Logs/Test/Test-SpeakLocalNative-2026.06.01_23-35-03-+0700.xcresult

** TEST EXECUTE SUCCEEDED **

Testing started

2026-06-01 23:35:04.819 xcodebuild[14016:10205724] [MT] IDELaunchParametersSnapshot: The operation couldn’t be completed. (DebuggerLLDB.DebuggerVersionStore.StoreError error 0.)
2026-06-01 23:35:04.819 xcodebuild[14016:10205724] [MT] IDELaunchParametersSnapshot: no debugger version
2026-06-01 23:35:16.100 xcodebuild[14016:10205724] [MT] IDELaunchParametersSnapshot: The operation couldn’t be completed. (DebuggerLLDB.DebuggerVersionStore.StoreError error 0.)
2026-06-01 23:35:16.100 xcodebuild[14016:10205724] [MT] IDELaunchParametersSnapshot: no debugger version
2026-06-01 23:35:21.262 xcodebuild[14016:10205724] [MT] IDETestOperationsObserverDebug: 17.677 elapsed -- Testing started completed.
2026-06-01 23:35:21.262 xcodebuild[14016:10205724] [MT] IDETestOperationsObserverDebug: 0.000 sec, +0.000 sec -- start
2026-06-01 23:35:21.262 xcodebuild[14016:10205724] [MT] IDETestOperationsObserverDebug: 17.677 sec, +17.677 sec -- end
