Command line invocation:
    /Applications/Xcode.app/Contents/Developer/usr/bin/xcodebuild test-without-building -project /Users/jojolim/Developer/products/speaklocal/app-family/.worktrees/city-listings-production-ready/native-ios/SpeakLocalNative.xcodeproj -scheme SpeakLocalNative -destination "platform=iOS Simulator,id=7C386DD3-4BF1-4A34-A918-768C43CD1258" -derivedDataPath /Users/jojolim/Library/Developer/XcodeBuildMCP/workspaces/orchestrator-309442864093/DerivedData/SpeakLocalNative-8f3e721625a0 "-only-testing:SpeakLocalNativeUITests/CityAppDetailV22RenderProofUITests/testCaptureCityAppDetailV22RenderProofBatch"

2026-06-01 08:55:25.162620+0700 SpeakLocalNativeUITests-Runner[54422:8598149] [Default] Running tests...
    t =      nans Interface orientation changed to Portrait
Test Suite 'Selected tests' started at 2026-06-01 08:55:25.535.
Test Suite 'SpeakLocalNativeUITests.xctest' started at 2026-06-01 08:55:25.536.
Test Suite 'CityAppDetailV22RenderProofUITests' started at 2026-06-01 08:55:25.536.
Test Case '-[SpeakLocalNativeUITests.CityAppDetailV22RenderProofUITests testCaptureCityAppDetailV22RenderProofBatch]' started.
    t =     0.00s Start Test at 2026-06-01 08:55:25.536
    t =     0.02s Set Up
    t =     0.02s Open app.speaklocal.vietnam.native
    t =     0.02s     Launch app.speaklocal.vietnam.native
objc[54422]: Class UIAccessibilityLoaderWebShared is implemented in both /Library/Developer/CoreSimulator/Volumes/iOS_23F77/Library/Developer/CoreSimulator/Profiles/Runtimes/iOS 26.5.simruntime/Contents/Resources/RuntimeRoot/System/Library/AccessibilityBundles/WebCore.axbundle/WebCore (0x108a54310) and /Library/Developer/CoreSimulator/Volumes/iOS_23F77/Library/Developer/CoreSimulator/Profiles/Runtimes/iOS 26.5.simruntime/Contents/Resources/RuntimeRoot/System/Library/AccessibilityBundles/WebKit.axbundle/WebKit (0x1082d8398). This may cause spurious casting failures and mysterious crashes. One of the duplicates must be removed or renamed.
    t =     1.88s         Setting up automation session
    t =     2.30s         Wait for app.speaklocal.vietnam.native to idle
    t =     3.81s Checking existence of `"Cồn Hến" StaticText`
    t =     3.96s Waiting 8.0s for "Cồn Hến" StaticText to exist
    t =     5.01s     Checking `Expect predicate `existsNoRetry == 1` for object "Cồn Hến" StaticText`
    t =     5.01s         Checking existence of `"Cồn Hến" StaticText`
    t =     5.19s Swipe up Target Application 'app.speaklocal.vietnam.native'
    t =     5.19s     Wait for app.speaklocal.vietnam.native to idle
    t =     5.19s     Find the Target Application 'app.speaklocal.vietnam.native'
    t =     5.21s     Check for interrupting elements affecting "SpeakLocal Vietnam" Application
    t =     5.23s     Synthesize event
    t =     5.66s     Wait for app.speaklocal.vietnam.native to idle
    t =     7.81s Swipe up Target Application 'app.speaklocal.vietnam.native'
    t =     7.81s     Wait for app.speaklocal.vietnam.native to idle
    t =     7.81s     Find the Target Application 'app.speaklocal.vietnam.native'
    t =     7.84s     Check for interrupting elements affecting "SpeakLocal Vietnam" Application
    t =     7.87s     Synthesize event
    t =     8.30s     Wait for app.speaklocal.vietnam.native to idle
    t =     9.09s Terminate app.speaklocal.vietnam.native:54429
    t =    10.18s Open app.speaklocal.vietnam.native
    t =    10.18s     Launch app.speaklocal.vietnam.native
    t =    10.39s         Setting up automation session
    t =    10.87s         Wait for app.speaklocal.vietnam.native to idle
    t =    12.31s Waiting 4.0s for TabBar (First Match) to exist
    t =    13.36s     Checking `Expect predicate `existsNoRetry == 1` for object TabBar (First Match)`
    t =    13.36s         Checking existence of `TabBar (First Match)`
    t =    13.39s Checking existence of `"PhraseArticle.BottomSentinel.viet-family-city-hue-place-hen-island" Other`
    t =    13.47s Checking existence of `"PhraseArticle.BottomSentinel.viet-phrase-city-hue-place-hen-island" Other`
    t =    13.49s Find the "PhraseArticle.BottomSentinel.viet-phrase-city-hue-place-hen-island" Other
    t =    13.52s Checking existence of `TabBar (First Match)`
    t =    13.52s Find the TabBar (First Match)
    t =    13.53s Find the Target Application 'app.speaklocal.vietnam.native'
    t =    13.63s Terminate app.speaklocal.vietnam.native:54451
    t =    14.69s Tear Down
Test Case '-[SpeakLocalNativeUITests.CityAppDetailV22RenderProofUITests testCaptureCityAppDetailV22RenderProofBatch]' passed (14.760 seconds).
Test Suite 'CityAppDetailV22RenderProofUITests' passed at 2026-06-01 08:55:40.297.
	 Executed 1 test, with 0 failures (0 unexpected) in 14.760 (14.761) seconds
Test Suite 'SpeakLocalNativeUITests.xctest' passed at 2026-06-01 08:55:40.298.
	 Executed 1 test, with 0 failures (0 unexpected) in 14.760 (14.762) seconds
Test Suite 'Selected tests' passed at 2026-06-01 08:55:40.298.
	 Executed 1 test, with 0 failures (0 unexpected) in 14.760 (14.763) seconds

Test session results, code coverage, and logs:
	/Users/jojolim/Library/Developer/XcodeBuildMCP/workspaces/orchestrator-309442864093/DerivedData/SpeakLocalNative-8f3e721625a0/Logs/Test/Test-SpeakLocalNative-2026.06.01_08-55-24-+0700.xcresult

** TEST EXECUTE SUCCEEDED **

Testing started

2026-06-01 08:55:25.593 xcodebuild[54416:8597946] [MT] IDELaunchParametersSnapshot: The operation couldn’t be completed. (DebuggerLLDB.DebuggerVersionStore.StoreError error 0.)
2026-06-01 08:55:25.593 xcodebuild[54416:8597946] [MT] IDELaunchParametersSnapshot: no debugger version
2026-06-01 08:55:35.718 xcodebuild[54416:8597946] [MT] IDELaunchParametersSnapshot: The operation couldn’t be completed. (DebuggerLLDB.DebuggerVersionStore.StoreError error 0.)
2026-06-01 08:55:35.718 xcodebuild[54416:8597946] [MT] IDELaunchParametersSnapshot: no debugger version
2026-06-01 08:55:40.599 xcodebuild[54416:8597946] [MT] IDETestOperationsObserverDebug: 16.251 elapsed -- Testing started completed.
2026-06-01 08:55:40.599 xcodebuild[54416:8597946] [MT] IDETestOperationsObserverDebug: 0.000 sec, +0.000 sec -- start
2026-06-01 08:55:40.599 xcodebuild[54416:8597946] [MT] IDETestOperationsObserverDebug: 16.251 sec, +16.251 sec -- end
