Command line invocation:
    /Applications/Xcode.app/Contents/Developer/usr/bin/xcodebuild test-without-building -project /Users/jojolim/Developer/products/speaklocal/app-family/.worktrees/city-listings-production-ready/native-ios/SpeakLocalNative.xcodeproj -scheme SpeakLocalNative -destination "platform=iOS Simulator,id=7C386DD3-4BF1-4A34-A918-768C43CD1258" -derivedDataPath /Users/jojolim/Library/Developer/XcodeBuildMCP/workspaces/orchestrator-309442864093/DerivedData/SpeakLocalNative-8f3e721625a0 "-only-testing:SpeakLocalNativeUITests/CityAppDetailV22RenderProofUITests/testCaptureCityAppDetailV22RenderProofBatch"

2026-06-01 04:08:46.385706+0700 SpeakLocalNativeUITests-Runner[1825:7414419] [Default] Running tests...
    t =      nans Interface orientation changed to Portrait
Test Suite 'Selected tests' started at 2026-06-01 04:08:46.758.
Test Suite 'SpeakLocalNativeUITests.xctest' started at 2026-06-01 04:08:46.758.
Test Suite 'CityAppDetailV22RenderProofUITests' started at 2026-06-01 04:08:46.758.
Test Case '-[SpeakLocalNativeUITests.CityAppDetailV22RenderProofUITests testCaptureCityAppDetailV22RenderProofBatch]' started.
    t =     0.00s Start Test at 2026-06-01 04:08:46.759
    t =     0.02s Set Up
    t =     0.02s Open app.speaklocal.vietnam.native
    t =     0.02s     Launch app.speaklocal.vietnam.native
objc[1825]: Class UIAccessibilityLoaderWebShared is implemented in both /Library/Developer/CoreSimulator/Volumes/iOS_23F77/Library/Developer/CoreSimulator/Profiles/Runtimes/iOS 26.5.simruntime/Contents/Resources/RuntimeRoot/System/Library/AccessibilityBundles/WebCore.axbundle/WebCore (0x1060cc310) and /Library/Developer/CoreSimulator/Volumes/iOS_23F77/Library/Developer/CoreSimulator/Profiles/Runtimes/iOS 26.5.simruntime/Contents/Resources/RuntimeRoot/System/Library/AccessibilityBundles/WebKit.axbundle/WebKit (0x10594c398). This may cause spurious casting failures and mysterious crashes. One of the duplicates must be removed or renamed.
    t =     2.09s         Setting up automation session
    t =     2.50s         Wait for app.speaklocal.vietnam.native to idle
    t =     4.00s Checking existence of `"Yaly Couture" StaticText`
    t =     4.16s Waiting 8.0s for "Yaly Couture" StaticText to exist
    t =     5.19s     Checking `Expect predicate `existsNoRetry == 1` for object "Yaly Couture" StaticText`
    t =     5.19s         Checking existence of `"Yaly Couture" StaticText`
    t =     5.35s Swipe up Target Application 'app.speaklocal.vietnam.native'
    t =     5.35s     Wait for app.speaklocal.vietnam.native to idle
    t =     5.35s     Find the Target Application 'app.speaklocal.vietnam.native'
    t =     5.37s     Check for interrupting elements affecting "SpeakLocal Vietnam" Application
    t =     5.38s     Synthesize event
    t =     5.80s     Wait for app.speaklocal.vietnam.native to idle
    t =     7.91s Swipe up Target Application 'app.speaklocal.vietnam.native'
    t =     7.91s     Wait for app.speaklocal.vietnam.native to idle
    t =     7.91s     Find the Target Application 'app.speaklocal.vietnam.native'
    t =     7.93s     Check for interrupting elements affecting "SpeakLocal Vietnam" Application
    t =     7.97s     Synthesize event
    t =     8.39s     Wait for app.speaklocal.vietnam.native to idle
    t =     9.08s Terminate app.speaklocal.vietnam.native:1904
    t =    10.13s Open app.speaklocal.vietnam.native
    t =    10.13s     Launch app.speaklocal.vietnam.native
    t =    10.34s         Setting up automation session
    t =    10.85s         Wait for app.speaklocal.vietnam.native to idle
    t =    12.33s Waiting 4.0s for TabBar (First Match) to exist
    t =    13.36s     Checking `Expect predicate `existsNoRetry == 1` for object TabBar (First Match)`
    t =    13.36s         Checking existence of `TabBar (First Match)`
    t =    13.40s Checking existence of `"PhraseArticle.BottomSentinel.viet-family-city-hoian-place-yaly-couture" Other`
    t =    13.48s Checking existence of `"PhraseArticle.BottomSentinel.viet-phrase-city-hoian-place-yaly-couture" Other`
    t =    13.51s Find the "PhraseArticle.BottomSentinel.viet-phrase-city-hoian-place-yaly-couture" Other
    t =    13.53s Checking existence of `TabBar (First Match)`
    t =    13.53s Find the TabBar (First Match)
    t =    13.54s Find the Target Application 'app.speaklocal.vietnam.native'
    t =    13.63s Terminate app.speaklocal.vietnam.native:1990
    t =    14.69s Tear Down
Test Case '-[SpeakLocalNativeUITests.CityAppDetailV22RenderProofUITests testCaptureCityAppDetailV22RenderProofBatch]' passed (14.752 seconds).
Test Suite 'CityAppDetailV22RenderProofUITests' passed at 2026-06-01 04:09:01.511.
	 Executed 1 test, with 0 failures (0 unexpected) in 14.752 (14.753) seconds
Test Suite 'SpeakLocalNativeUITests.xctest' passed at 2026-06-01 04:09:01.512.
	 Executed 1 test, with 0 failures (0 unexpected) in 14.752 (14.754) seconds
Test Suite 'Selected tests' passed at 2026-06-01 04:09:01.513.
	 Executed 1 test, with 0 failures (0 unexpected) in 14.752 (14.755) seconds

Test session results, code coverage, and logs:
	/Users/jojolim/Library/Developer/XcodeBuildMCP/workspaces/orchestrator-309442864093/DerivedData/SpeakLocalNative-8f3e721625a0/Logs/Test/Test-SpeakLocalNative-2026.06.01_04-08-45-+0700.xcresult

** TEST EXECUTE SUCCEEDED **

Testing started

2026-06-01 04:08:46.823 xcodebuild[1822:7414217] [MT] IDELaunchParametersSnapshot: The operation couldn’t be completed. (DebuggerLLDB.DebuggerVersionStore.StoreError error 0.)
2026-06-01 04:08:46.823 xcodebuild[1822:7414217] [MT] IDELaunchParametersSnapshot: no debugger version
2026-06-01 04:08:56.893 xcodebuild[1822:7414217] [MT] IDELaunchParametersSnapshot: The operation couldn’t be completed. (DebuggerLLDB.DebuggerVersionStore.StoreError error 0.)
2026-06-01 04:08:56.893 xcodebuild[1822:7414217] [MT] IDELaunchParametersSnapshot: no debugger version
2026-06-01 04:09:01.822 xcodebuild[1822:7414217] [MT] IDETestOperationsObserverDebug: 16.247 elapsed -- Testing started completed.
2026-06-01 04:09:01.822 xcodebuild[1822:7414217] [MT] IDETestOperationsObserverDebug: 0.000 sec, +0.000 sec -- start
2026-06-01 04:09:01.822 xcodebuild[1822:7414217] [MT] IDETestOperationsObserverDebug: 16.247 sec, +16.247 sec -- end
