Command line invocation:
    /Applications/Xcode.app/Contents/Developer/usr/bin/xcodebuild test-without-building -project /Users/jojolim/Developer/products/speaklocal/app-family/.worktrees/city-listings-production-ready/native-ios/SpeakLocalNative.xcodeproj -scheme SpeakLocalNative -destination "platform=iOS Simulator,id=7C386DD3-4BF1-4A34-A918-768C43CD1258" -derivedDataPath /Users/jojolim/Library/Developer/XcodeBuildMCP/workspaces/orchestrator-309442864093/DerivedData/SpeakLocalNative-8f3e721625a0 "-only-testing:SpeakLocalNativeUITests/CityAppDetailV22RenderProofUITests/testCaptureCityAppDetailV22RenderProofBatch"

2026-06-01 09:00:47.800625+0700 SpeakLocalNativeUITests-Runner[57067:8617398] [Default] Running tests...
    t =      nans Interface orientation changed to Portrait
Test Suite 'Selected tests' started at 2026-06-01 09:00:48.203.
Test Suite 'SpeakLocalNativeUITests.xctest' started at 2026-06-01 09:00:48.204.
Test Suite 'CityAppDetailV22RenderProofUITests' started at 2026-06-01 09:00:48.204.
Test Case '-[SpeakLocalNativeUITests.CityAppDetailV22RenderProofUITests testCaptureCityAppDetailV22RenderProofBatch]' started.
    t =     0.00s Start Test at 2026-06-01 09:00:48.204
    t =     0.02s Set Up
    t =     0.02s Open app.speaklocal.vietnam.native
    t =     0.02s     Launch app.speaklocal.vietnam.native
objc[57067]: Class UIAccessibilityLoaderWebShared is implemented in both /Library/Developer/CoreSimulator/Volumes/iOS_23F77/Library/Developer/CoreSimulator/Profiles/Runtimes/iOS 26.5.simruntime/Contents/Resources/RuntimeRoot/System/Library/AccessibilityBundles/WebCore.axbundle/WebCore (0x106d50310) and /Library/Developer/CoreSimulator/Volumes/iOS_23F77/Library/Developer/CoreSimulator/Profiles/Runtimes/iOS 26.5.simruntime/Contents/Resources/RuntimeRoot/System/Library/AccessibilityBundles/WebKit.axbundle/WebKit (0x1065f4398). This may cause spurious casting failures and mysterious crashes. One of the duplicates must be removed or renamed.
    t =     2.10s         Setting up automation session
    t =     2.62s         Wait for app.speaklocal.vietnam.native to idle
    t =     4.23s Checking existence of `"Phố đi bộ Nguyễn Đình Chiểu" StaticText`
    t =     4.43s Waiting 8.0s for "Phố đi bộ Nguyễn Đình Chiểu" StaticText to exist
    t =     5.48s     Checking `Expect predicate `existsNoRetry == 1` for object "Phố đi bộ Nguyễn Đình Chiểu" StaticText`
    t =     5.48s         Checking existence of `"Phố đi bộ Nguyễn Đình Chiểu" StaticText`
    t =     5.65s Swipe up Target Application 'app.speaklocal.vietnam.native'
    t =     5.65s     Wait for app.speaklocal.vietnam.native to idle
    t =     5.66s     Find the Target Application 'app.speaklocal.vietnam.native'
    t =     5.67s     Check for interrupting elements affecting "SpeakLocal Vietnam" Application
    t =     5.69s     Synthesize event
    t =     6.11s     Wait for app.speaklocal.vietnam.native to idle
    t =     8.26s Swipe up Target Application 'app.speaklocal.vietnam.native'
    t =     8.26s     Wait for app.speaklocal.vietnam.native to idle
    t =     8.26s     Find the Target Application 'app.speaklocal.vietnam.native'
    t =     8.29s     Check for interrupting elements affecting "SpeakLocal Vietnam" Application
    t =     8.32s     Synthesize event
    t =     8.74s     Wait for app.speaklocal.vietnam.native to idle
    t =     9.66s Terminate app.speaklocal.vietnam.native:57102
    t =    10.75s Open app.speaklocal.vietnam.native
    t =    10.75s     Launch app.speaklocal.vietnam.native
    t =    10.96s         Setting up automation session
    t =    11.52s         Wait for app.speaklocal.vietnam.native to idle
    t =    13.01s Waiting 4.0s for TabBar (First Match) to exist
    t =    14.06s     Checking `Expect predicate `existsNoRetry == 1` for object TabBar (First Match)`
    t =    14.06s         Checking existence of `TabBar (First Match)`
    t =    14.11s Checking existence of `"PhraseArticle.BottomSentinel.viet-family-city-hue-place-nguyen-dinh-chieu-street" Other`
    t =    14.21s Checking existence of `"PhraseArticle.BottomSentinel.viet-phrase-city-hue-place-nguyen-dinh-chieu-street" Other`
    t =    14.24s Find the "PhraseArticle.BottomSentinel.viet-phrase-city-hue-place-nguyen-dinh-chieu-street" Other
    t =    14.26s Checking existence of `TabBar (First Match)`
    t =    14.27s Find the TabBar (First Match)
    t =    14.28s Find the Target Application 'app.speaklocal.vietnam.native'
    t =    14.40s Terminate app.speaklocal.vietnam.native:57288
    t =    15.46s Tear Down
Test Case '-[SpeakLocalNativeUITests.CityAppDetailV22RenderProofUITests testCaptureCityAppDetailV22RenderProofBatch]' passed (15.515 seconds).
Test Suite 'CityAppDetailV22RenderProofUITests' passed at 2026-06-01 09:01:03.720.
	 Executed 1 test, with 0 failures (0 unexpected) in 15.515 (15.516) seconds
Test Suite 'SpeakLocalNativeUITests.xctest' passed at 2026-06-01 09:01:03.720.
	 Executed 1 test, with 0 failures (0 unexpected) in 15.515 (15.516) seconds
Test Suite 'Selected tests' passed at 2026-06-01 09:01:03.721.
	 Executed 1 test, with 0 failures (0 unexpected) in 15.515 (15.517) seconds

Test session results, code coverage, and logs:
	/Users/jojolim/Library/Developer/XcodeBuildMCP/workspaces/orchestrator-309442864093/DerivedData/SpeakLocalNative-8f3e721625a0/Logs/Test/Test-SpeakLocalNative-2026.06.01_09-00-46-+0700.xcresult

** TEST EXECUTE SUCCEEDED **

Testing started

2026-06-01 09:00:48.252 xcodebuild[57065:8617223] [MT] IDELaunchParametersSnapshot: The operation couldn’t be completed. (DebuggerLLDB.DebuggerVersionStore.StoreError error 0.)
2026-06-01 09:00:48.252 xcodebuild[57065:8617223] [MT] IDELaunchParametersSnapshot: no debugger version
2026-06-01 09:00:58.956 xcodebuild[57065:8617223] [MT] IDELaunchParametersSnapshot: The operation couldn’t be completed. (DebuggerLLDB.DebuggerVersionStore.StoreError error 0.)
2026-06-01 09:00:58.956 xcodebuild[57065:8617223] [MT] IDELaunchParametersSnapshot: no debugger version
2026-06-01 09:01:04.027 xcodebuild[57065:8617223] [MT] IDETestOperationsObserverDebug: 17.062 elapsed -- Testing started completed.
2026-06-01 09:01:04.028 xcodebuild[57065:8617223] [MT] IDETestOperationsObserverDebug: 0.000 sec, +0.000 sec -- start
2026-06-01 09:01:04.028 xcodebuild[57065:8617223] [MT] IDETestOperationsObserverDebug: 17.062 sec, +17.062 sec -- end
