Command line invocation:
    /Applications/Xcode.app/Contents/Developer/usr/bin/xcodebuild test-without-building -project /Users/jojolim/Developer/products/speaklocal/app-family/.worktrees/city-listings-production-ready/native-ios/SpeakLocalNative.xcodeproj -scheme SpeakLocalNative -destination "platform=iOS Simulator,id=7C386DD3-4BF1-4A34-A918-768C43CD1258" -derivedDataPath /Users/jojolim/Library/Developer/XcodeBuildMCP/workspaces/orchestrator-309442864093/DerivedData/SpeakLocalNative-8f3e721625a0 "-only-testing:SpeakLocalNativeUITests/CityAppDetailV22RenderProofUITests/testCaptureCityAppDetailV22RenderProofBatch"

2026-06-01 05:39:53.948596+0700 SpeakLocalNativeUITests-Runner[21865:7796647] [Default] Running tests...
    t =      nans Interface orientation changed to Portrait
Test Suite 'Selected tests' started at 2026-06-01 05:39:54.316.
Test Suite 'SpeakLocalNativeUITests.xctest' started at 2026-06-01 05:39:54.316.
Test Suite 'CityAppDetailV22RenderProofUITests' started at 2026-06-01 05:39:54.316.
Test Case '-[SpeakLocalNativeUITests.CityAppDetailV22RenderProofUITests testCaptureCityAppDetailV22RenderProofBatch]' started.
    t =     0.00s Start Test at 2026-06-01 05:39:54.317
    t =     0.02s Set Up
    t =     0.02s Open app.speaklocal.vietnam.native
    t =     0.02s     Launch app.speaklocal.vietnam.native
objc[21865]: Class UIAccessibilityLoaderWebShared is implemented in both /Library/Developer/CoreSimulator/Volumes/iOS_23F77/Library/Developer/CoreSimulator/Profiles/Runtimes/iOS 26.5.simruntime/Contents/Resources/RuntimeRoot/System/Library/AccessibilityBundles/WebCore.axbundle/WebCore (0x1088a0310) and /Library/Developer/CoreSimulator/Volumes/iOS_23F77/Library/Developer/CoreSimulator/Profiles/Runtimes/iOS 26.5.simruntime/Contents/Resources/RuntimeRoot/System/Library/AccessibilityBundles/WebKit.axbundle/WebKit (0x1080ac398). This may cause spurious casting failures and mysterious crashes. One of the duplicates must be removed or renamed.
    t =     1.90s         Setting up automation session
    t =     2.30s         Wait for app.speaklocal.vietnam.native to idle
    t =     3.76s Checking existence of `"Nhã nhạc cung đình Huế" StaticText`
    t =     3.89s Waiting 8.0s for "Nhã nhạc cung đình Huế" StaticText to exist
    t =     4.96s     Checking `Expect predicate `existsNoRetry == 1` for object "Nhã nhạc cung đình Huế" StaticText`
    t =     4.96s         Checking existence of `"Nhã nhạc cung đình Huế" StaticText`
    t =     5.07s Swipe up Target Application 'app.speaklocal.vietnam.native'
    t =     5.07s     Wait for app.speaklocal.vietnam.native to idle
    t =     5.07s     Find the Target Application 'app.speaklocal.vietnam.native'
    t =     5.09s     Check for interrupting elements affecting "SpeakLocal Vietnam" Application
    t =     5.11s     Synthesize event
    t =     5.52s     Wait for app.speaklocal.vietnam.native to idle
    t =     7.63s Swipe up Target Application 'app.speaklocal.vietnam.native'
    t =     7.63s     Wait for app.speaklocal.vietnam.native to idle
    t =     7.63s     Find the Target Application 'app.speaklocal.vietnam.native'
    t =     7.66s     Check for interrupting elements affecting "SpeakLocal Vietnam" Application
    t =     7.69s     Synthesize event
    t =     8.11s     Wait for app.speaklocal.vietnam.native to idle
    t =     8.92s Terminate app.speaklocal.vietnam.native:21940
    t =    10.01s Open app.speaklocal.vietnam.native
    t =    10.01s     Launch app.speaklocal.vietnam.native
    t =    10.23s         Setting up automation session
    t =    10.69s         Wait for app.speaklocal.vietnam.native to idle
    t =    12.16s Waiting 4.0s for TabBar (First Match) to exist
    t =    13.23s     Checking `Expect predicate `existsNoRetry == 1` for object TabBar (First Match)`
    t =    13.23s         Checking existence of `TabBar (First Match)`
    t =    13.29s Checking existence of `"PhraseArticle.BottomSentinel.viet-family-city-hue-place-nha-nhac-royal-court-music" Other`
    t =    13.37s Checking existence of `"PhraseArticle.BottomSentinel.viet-phrase-city-hue-place-nha-nhac-royal-court-music" Other`
    t =    13.39s Find the "PhraseArticle.BottomSentinel.viet-phrase-city-hue-place-nha-nhac-royal-court-music" Other
    t =    13.41s Checking existence of `TabBar (First Match)`
    t =    13.42s Find the TabBar (First Match)
    t =    13.42s Find the Target Application 'app.speaklocal.vietnam.native'
    t =    13.52s Terminate app.speaklocal.vietnam.native:22033
    t =    14.60s Tear Down
Test Case '-[SpeakLocalNativeUITests.CityAppDetailV22RenderProofUITests testCaptureCityAppDetailV22RenderProofBatch]' passed (14.687 seconds).
Test Suite 'CityAppDetailV22RenderProofUITests' passed at 2026-06-01 05:40:09.004.
	 Executed 1 test, with 0 failures (0 unexpected) in 14.687 (14.688) seconds
Test Suite 'SpeakLocalNativeUITests.xctest' passed at 2026-06-01 05:40:09.005.
	 Executed 1 test, with 0 failures (0 unexpected) in 14.687 (14.689) seconds
Test Suite 'Selected tests' passed at 2026-06-01 05:40:09.006.
	 Executed 1 test, with 0 failures (0 unexpected) in 14.687 (14.690) seconds

Test session results, code coverage, and logs:
	/Users/jojolim/Library/Developer/XcodeBuildMCP/workspaces/orchestrator-309442864093/DerivedData/SpeakLocalNative-8f3e721625a0/Logs/Test/Test-SpeakLocalNative-2026.06.01_05-39-52-+0700.xcresult

** TEST EXECUTE SUCCEEDED **

Testing started

2026-06-01 05:39:54.375 xcodebuild[21863:7796495] [MT] IDELaunchParametersSnapshot: The operation couldn’t be completed. (DebuggerLLDB.DebuggerVersionStore.StoreError error 0.)
2026-06-01 05:39:54.375 xcodebuild[21863:7796495] [MT] IDELaunchParametersSnapshot: no debugger version
2026-06-01 05:40:04.330 xcodebuild[21863:7796495] [MT] IDELaunchParametersSnapshot: The operation couldn’t be completed. (DebuggerLLDB.DebuggerVersionStore.StoreError error 0.)
2026-06-01 05:40:04.330 xcodebuild[21863:7796495] [MT] IDELaunchParametersSnapshot: no debugger version
2026-06-01 05:40:09.308 xcodebuild[21863:7796495] [MT] IDETestOperationsObserverDebug: 16.156 elapsed -- Testing started completed.
2026-06-01 05:40:09.308 xcodebuild[21863:7796495] [MT] IDETestOperationsObserverDebug: 0.000 sec, +0.000 sec -- start
2026-06-01 05:40:09.308 xcodebuild[21863:7796495] [MT] IDETestOperationsObserverDebug: 16.156 sec, +16.156 sec -- end
