Command line invocation:
    /Applications/Xcode.app/Contents/Developer/usr/bin/xcodebuild test-without-building -project /Users/jojolim/Developer/products/speaklocal/app-family/.worktrees/city-listings-production-ready/native-ios/SpeakLocalNative.xcodeproj -scheme SpeakLocalNative -destination "platform=iOS Simulator,id=7C386DD3-4BF1-4A34-A918-768C43CD1258" -derivedDataPath /Users/jojolim/Library/Developer/XcodeBuildMCP/workspaces/orchestrator-309442864093/DerivedData/SpeakLocalNative-8f3e721625a0 "-only-testing:SpeakLocalNativeUITests/CityAppDetailV22RenderProofUITests/testCaptureCityAppDetailV22RenderProofBatch"

2026-06-01 03:53:23.197736+0700 SpeakLocalNativeUITests-Runner[81850:7343888] [Default] Running tests...
    t =      nans Interface orientation changed to Portrait
Test Suite 'Selected tests' started at 2026-06-01 03:53:23.568.
Test Suite 'SpeakLocalNativeUITests.xctest' started at 2026-06-01 03:53:23.568.
Test Suite 'CityAppDetailV22RenderProofUITests' started at 2026-06-01 03:53:23.568.
Test Case '-[SpeakLocalNativeUITests.CityAppDetailV22RenderProofUITests testCaptureCityAppDetailV22RenderProofBatch]' started.
    t =     0.00s Start Test at 2026-06-01 03:53:23.569
    t =     0.02s Set Up
    t =     0.02s Open app.speaklocal.vietnam.native
    t =     0.02s     Launch app.speaklocal.vietnam.native
objc[81850]: Class UIAccessibilityLoaderWebShared is implemented in both /Library/Developer/CoreSimulator/Volumes/iOS_23F77/Library/Developer/CoreSimulator/Profiles/Runtimes/iOS 26.5.simruntime/Contents/Resources/RuntimeRoot/System/Library/AccessibilityBundles/WebCore.axbundle/WebCore (0x106ad8310) and /Library/Developer/CoreSimulator/Volumes/iOS_23F77/Library/Developer/CoreSimulator/Profiles/Runtimes/iOS 26.5.simruntime/Contents/Resources/RuntimeRoot/System/Library/AccessibilityBundles/WebKit.axbundle/WebKit (0x105f80398). This may cause spurious casting failures and mysterious crashes. One of the duplicates must be removed or renamed.
    t =     1.88s         Setting up automation session
    t =     2.32s         Wait for app.speaklocal.vietnam.native to idle
    t =     3.81s Checking existence of `"Sông Hồng" StaticText`
    t =     4.00s Waiting 8.0s for "Sông Hồng" StaticText to exist
    t =     5.04s     Checking `Expect predicate `existsNoRetry == 1` for object "Sông Hồng" StaticText`
    t =     5.04s         Checking existence of `"Sông Hồng" StaticText`
    t =     5.16s Swipe up Target Application 'app.speaklocal.vietnam.native'
    t =     5.16s     Wait for app.speaklocal.vietnam.native to idle
    t =     5.16s     Find the Target Application 'app.speaklocal.vietnam.native'
    t =     5.17s     Check for interrupting elements affecting "SpeakLocal Vietnam" Application
    t =     5.19s     Synthesize event
    t =     5.61s     Wait for app.speaklocal.vietnam.native to idle
    t =     7.71s Swipe up Target Application 'app.speaklocal.vietnam.native'
    t =     7.71s     Wait for app.speaklocal.vietnam.native to idle
    t =     7.71s     Find the Target Application 'app.speaklocal.vietnam.native'
    t =     7.75s     Check for interrupting elements affecting "SpeakLocal Vietnam" Application
    t =     7.77s     Synthesize event
    t =     8.19s     Wait for app.speaklocal.vietnam.native to idle
    t =     8.78s Terminate app.speaklocal.vietnam.native:81927
    t =     9.83s Open app.speaklocal.vietnam.native
    t =     9.83s     Launch app.speaklocal.vietnam.native
    t =    10.04s         Setting up automation session
    t =    10.53s         Wait for app.speaklocal.vietnam.native to idle
    t =    12.02s Waiting 4.0s for TabBar (First Match) to exist
    t =    13.04s     Checking `Expect predicate `existsNoRetry == 1` for object TabBar (First Match)`
    t =    13.04s         Checking existence of `TabBar (First Match)`
    t =    13.10s Checking existence of `"PhraseArticle.BottomSentinel.viet-family-city-hanoi-place-red-river" Other`
    t =    13.19s Checking existence of `"PhraseArticle.BottomSentinel.viet-phrase-city-hanoi-place-red-river" Other`
    t =    13.21s Find the "PhraseArticle.BottomSentinel.viet-phrase-city-hanoi-place-red-river" Other
    t =    13.24s Checking existence of `TabBar (First Match)`
    t =    13.24s Find the TabBar (First Match)
    t =    13.25s Find the Target Application 'app.speaklocal.vietnam.native'
    t =    13.34s Terminate app.speaklocal.vietnam.native:82040
    t =    14.38s Tear Down
Test Case '-[SpeakLocalNativeUITests.CityAppDetailV22RenderProofUITests testCaptureCityAppDetailV22RenderProofBatch]' passed (14.469 seconds).
Test Suite 'CityAppDetailV22RenderProofUITests' passed at 2026-06-01 03:53:38.038.
	 Executed 1 test, with 0 failures (0 unexpected) in 14.469 (14.470) seconds
Test Suite 'SpeakLocalNativeUITests.xctest' passed at 2026-06-01 03:53:38.039.
	 Executed 1 test, with 0 failures (0 unexpected) in 14.469 (14.470) seconds
Test Suite 'Selected tests' passed at 2026-06-01 03:53:38.039.
	 Executed 1 test, with 0 failures (0 unexpected) in 14.469 (14.471) seconds

Test session results, code coverage, and logs:
	/Users/jojolim/Library/Developer/XcodeBuildMCP/workspaces/orchestrator-309442864093/DerivedData/SpeakLocalNative-8f3e721625a0/Logs/Test/Test-SpeakLocalNative-2026.06.01_03-53-22-+0700.xcresult

** TEST EXECUTE SUCCEEDED **

Testing started

2026-06-01 03:53:23.631 xcodebuild[81843:7343720] [MT] IDELaunchParametersSnapshot: The operation couldn’t be completed. (DebuggerLLDB.DebuggerVersionStore.StoreError error 0.)
2026-06-01 03:53:23.631 xcodebuild[81843:7343720] [MT] IDELaunchParametersSnapshot: no debugger version
2026-06-01 03:53:33.400 xcodebuild[81843:7343720] [MT] IDELaunchParametersSnapshot: The operation couldn’t be completed. (DebuggerLLDB.DebuggerVersionStore.StoreError error 0.)
2026-06-01 03:53:33.400 xcodebuild[81843:7343720] [MT] IDELaunchParametersSnapshot: no debugger version
2026-06-01 03:53:38.334 xcodebuild[81843:7343720] [MT] IDETestOperationsObserverDebug: 15.953 elapsed -- Testing started completed.
2026-06-01 03:53:38.334 xcodebuild[81843:7343720] [MT] IDETestOperationsObserverDebug: 0.000 sec, +0.000 sec -- start
2026-06-01 03:53:38.334 xcodebuild[81843:7343720] [MT] IDETestOperationsObserverDebug: 15.953 sec, +15.953 sec -- end
