Command line invocation:
    /Applications/Xcode.app/Contents/Developer/usr/bin/xcodebuild test-without-building -project /Users/jojolim/Developer/products/speaklocal/app-family/.worktrees/city-listings-production-ready/native-ios/SpeakLocalNative.xcodeproj -scheme SpeakLocalNative -destination "platform=iOS Simulator,id=7C386DD3-4BF1-4A34-A918-768C43CD1258" -derivedDataPath /Users/jojolim/Library/Developer/XcodeBuildMCP/workspaces/orchestrator-309442864093/DerivedData/SpeakLocalNative-8f3e721625a0 "-only-testing:SpeakLocalNativeUITests/CityAppDetailV22RenderProofUITests/testCaptureCityAppDetailV22RenderProofBatch"

2026-06-01 09:10:41.023092+0700 SpeakLocalNativeUITests-Runner[64607:8646558] [Default] Running tests...
    t =      nans Interface orientation changed to Portrait
Test Suite 'Selected tests' started at 2026-06-01 09:10:41.393.
Test Suite 'SpeakLocalNativeUITests.xctest' started at 2026-06-01 09:10:41.393.
Test Suite 'CityAppDetailV22RenderProofUITests' started at 2026-06-01 09:10:41.393.
Test Case '-[SpeakLocalNativeUITests.CityAppDetailV22RenderProofUITests testCaptureCityAppDetailV22RenderProofBatch]' started.
    t =     0.00s Start Test at 2026-06-01 09:10:41.393
    t =     0.02s Set Up
    t =     0.02s Open app.speaklocal.vietnam.native
    t =     0.02s     Launch app.speaklocal.vietnam.native
objc[64607]: Class UIAccessibilityLoaderWebShared is implemented in both /Library/Developer/CoreSimulator/Volumes/iOS_23F77/Library/Developer/CoreSimulator/Profiles/Runtimes/iOS 26.5.simruntime/Contents/Resources/RuntimeRoot/System/Library/AccessibilityBundles/WebCore.axbundle/WebCore (0x10a644310) and /Library/Developer/CoreSimulator/Volumes/iOS_23F77/Library/Developer/CoreSimulator/Profiles/Runtimes/iOS 26.5.simruntime/Contents/Resources/RuntimeRoot/System/Library/AccessibilityBundles/WebKit.axbundle/WebKit (0x109adc398). This may cause spurious casting failures and mysterious crashes. One of the duplicates must be removed or renamed.
    t =     1.89s         Setting up automation session
    t =     2.46s         Wait for app.speaklocal.vietnam.native to idle
    t =     3.95s Checking existence of `"Đường Phạm Ngũ Lão" StaticText`
    t =     4.09s Waiting 8.0s for "Đường Phạm Ngũ Lão" StaticText to exist
    t =     5.11s     Checking `Expect predicate `existsNoRetry == 1` for object "Đường Phạm Ngũ Lão" StaticText`
    t =     5.11s         Checking existence of `"Đường Phạm Ngũ Lão" StaticText`
    t =     5.22s Swipe up Target Application 'app.speaklocal.vietnam.native'
    t =     5.22s     Wait for app.speaklocal.vietnam.native to idle
    t =     5.23s     Find the Target Application 'app.speaklocal.vietnam.native'
    t =     5.24s     Check for interrupting elements affecting "SpeakLocal Vietnam" Application
    t =     5.26s     Synthesize event
    t =     5.68s     Wait for app.speaklocal.vietnam.native to idle
    t =     7.81s Swipe up Target Application 'app.speaklocal.vietnam.native'
    t =     7.81s     Wait for app.speaklocal.vietnam.native to idle
    t =     7.98s     Find the Target Application 'app.speaklocal.vietnam.native'
    t =     8.01s     Check for interrupting elements affecting "SpeakLocal Vietnam" Application
    t =     8.03s     Synthesize event
    t =     8.57s     Wait for app.speaklocal.vietnam.native to idle
    t =     9.31s Terminate app.speaklocal.vietnam.native:64687
    t =    10.38s Open app.speaklocal.vietnam.native
    t =    10.38s     Launch app.speaklocal.vietnam.native
    t =    10.60s         Setting up automation session
    t =    11.09s         Wait for app.speaklocal.vietnam.native to idle
    t =    12.58s Waiting 4.0s for TabBar (First Match) to exist
    t =    13.61s     Checking `Expect predicate `existsNoRetry == 1` for object TabBar (First Match)`
    t =    13.61s         Checking existence of `TabBar (First Match)`
    t =    13.67s Checking existence of `"PhraseArticle.BottomSentinel.viet-family-city-hue-place-pham-ngu-lao-street" Other`
    t =    13.74s Checking existence of `"PhraseArticle.BottomSentinel.viet-phrase-city-hue-place-pham-ngu-lao-street" Other`
    t =    13.76s Find the "PhraseArticle.BottomSentinel.viet-phrase-city-hue-place-pham-ngu-lao-street" Other
    t =    13.79s Checking existence of `TabBar (First Match)`
    t =    13.79s Find the TabBar (First Match)
    t =    13.80s Find the Target Application 'app.speaklocal.vietnam.native'
    t =    13.89s Terminate app.speaklocal.vietnam.native:64779
    t =    14.96s Tear Down
Test Case '-[SpeakLocalNativeUITests.CityAppDetailV22RenderProofUITests testCaptureCityAppDetailV22RenderProofBatch]' passed (15.023 seconds).
Test Suite 'CityAppDetailV22RenderProofUITests' passed at 2026-06-01 09:10:56.418.
	 Executed 1 test, with 0 failures (0 unexpected) in 15.023 (15.025) seconds
Test Suite 'SpeakLocalNativeUITests.xctest' passed at 2026-06-01 09:10:56.418.
	 Executed 1 test, with 0 failures (0 unexpected) in 15.023 (15.026) seconds
Test Suite 'Selected tests' passed at 2026-06-01 09:10:56.419.
	 Executed 1 test, with 0 failures (0 unexpected) in 15.023 (15.027) seconds

Test session results, code coverage, and logs:
	/Users/jojolim/Library/Developer/XcodeBuildMCP/workspaces/orchestrator-309442864093/DerivedData/SpeakLocalNative-8f3e721625a0/Logs/Test/Test-SpeakLocalNative-2026.06.01_09-10-40-+0700.xcresult

** TEST EXECUTE SUCCEEDED **

Testing started

2026-06-01 09:10:41.454 xcodebuild[64604:8646389] [MT] IDELaunchParametersSnapshot: The operation couldn’t be completed. (DebuggerLLDB.DebuggerVersionStore.StoreError error 0.)
2026-06-01 09:10:41.454 xcodebuild[64604:8646389] [MT] IDELaunchParametersSnapshot: no debugger version
2026-06-01 09:10:51.775 xcodebuild[64604:8646389] [MT] IDELaunchParametersSnapshot: The operation couldn’t be completed. (DebuggerLLDB.DebuggerVersionStore.StoreError error 0.)
2026-06-01 09:10:51.775 xcodebuild[64604:8646389] [MT] IDELaunchParametersSnapshot: no debugger version
2026-06-01 09:10:56.711 xcodebuild[64604:8646389] [MT] IDETestOperationsObserverDebug: 16.520 elapsed -- Testing started completed.
2026-06-01 09:10:56.711 xcodebuild[64604:8646389] [MT] IDETestOperationsObserverDebug: 0.000 sec, +0.000 sec -- start
2026-06-01 09:10:56.711 xcodebuild[64604:8646389] [MT] IDETestOperationsObserverDebug: 16.520 sec, +16.520 sec -- end
