Command line invocation:
    /Applications/Xcode.app/Contents/Developer/usr/bin/xcodebuild test-without-building -project /Users/jojolim/Developer/products/speaklocal/app-family/.worktrees/city-listings-production-ready/native-ios/SpeakLocalNative.xcodeproj -scheme SpeakLocalNative -destination "platform=iOS Simulator,id=7C386DD3-4BF1-4A34-A918-768C43CD1258" -derivedDataPath /Users/jojolim/Library/Developer/XcodeBuildMCP/workspaces/orchestrator-309442864093/DerivedData/SpeakLocalNative-8f3e721625a0 "-only-testing:SpeakLocalNativeUITests/CityAppDetailV22RenderProofUITests/testCaptureCityAppDetailV22RenderProofBatch"

2026-06-01 03:21:13.844449+0700 SpeakLocalNativeUITests-Runner[42822:7207468] [Default] Running tests...
    t =      nans Interface orientation changed to Portrait
Test Suite 'Selected tests' started at 2026-06-01 03:21:14.216.
Test Suite 'SpeakLocalNativeUITests.xctest' started at 2026-06-01 03:21:14.217.
Test Suite 'CityAppDetailV22RenderProofUITests' started at 2026-06-01 03:21:14.217.
Test Case '-[SpeakLocalNativeUITests.CityAppDetailV22RenderProofUITests testCaptureCityAppDetailV22RenderProofBatch]' started.
    t =     0.00s Start Test at 2026-06-01 03:21:14.217
    t =     0.02s Set Up
    t =     0.02s Open app.speaklocal.vietnam.native
    t =     0.02s     Launch app.speaklocal.vietnam.native
objc[42822]: Class UIAccessibilityLoaderWebShared is implemented in both /Library/Developer/CoreSimulator/Volumes/iOS_23F77/Library/Developer/CoreSimulator/Profiles/Runtimes/iOS 26.5.simruntime/Contents/Resources/RuntimeRoot/System/Library/AccessibilityBundles/WebCore.axbundle/WebCore (0x10a778310) and /Library/Developer/CoreSimulator/Volumes/iOS_23F77/Library/Developer/CoreSimulator/Profiles/Runtimes/iOS 26.5.simruntime/Contents/Resources/RuntimeRoot/System/Library/AccessibilityBundles/WebKit.axbundle/WebKit (0x109fe8398). This may cause spurious casting failures and mysterious crashes. One of the duplicates must be removed or renamed.
    t =     1.91s         Setting up automation session
    t =     2.31s         Wait for app.speaklocal.vietnam.native to idle
    t =     3.76s Checking existence of `"Phá lấu ở Thành phố Hồ Chí Minh" StaticText`
    t =     3.91s Waiting 8.0s for "Phá lấu ở Thành phố Hồ Chí Minh" StaticText to exist
    t =     4.97s     Checking `Expect predicate `existsNoRetry == 1` for object "Phá lấu ở Thành phố Hồ Chí Minh" StaticText`
    t =     4.97s         Checking existence of `"Phá lấu ở Thành phố Hồ Chí Minh" StaticText`
    t =     5.13s Swipe up Target Application 'app.speaklocal.vietnam.native'
    t =     5.13s     Wait for app.speaklocal.vietnam.native to idle
    t =     5.13s     Find the Target Application 'app.speaklocal.vietnam.native'
    t =     5.15s     Check for interrupting elements affecting "SpeakLocal Vietnam" Application
    t =     5.16s     Synthesize event
    t =     5.58s     Wait for app.speaklocal.vietnam.native to idle
    t =     7.68s Swipe up Target Application 'app.speaklocal.vietnam.native'
    t =     7.68s     Wait for app.speaklocal.vietnam.native to idle
    t =     7.68s     Find the Target Application 'app.speaklocal.vietnam.native'
    t =     7.71s     Check for interrupting elements affecting "SpeakLocal Vietnam" Application
    t =     7.73s     Synthesize event
    t =     8.15s     Wait for app.speaklocal.vietnam.native to idle
    t =     8.75s Terminate app.speaklocal.vietnam.native:42904
    t =     9.84s Open app.speaklocal.vietnam.native
    t =     9.84s     Launch app.speaklocal.vietnam.native
    t =    10.05s         Setting up automation session
    t =    10.50s         Wait for app.speaklocal.vietnam.native to idle
    t =    11.96s Waiting 4.0s for TabBar (First Match) to exist
    t =    13.02s     Checking `Expect predicate `existsNoRetry == 1` for object TabBar (First Match)`
    t =    13.02s         Checking existence of `TabBar (First Match)`
    t =    13.08s Checking existence of `"PhraseArticle.BottomSentinel.viet-family-city-hcmc-place-pha-lau" Other`
    t =    13.16s Checking existence of `"PhraseArticle.BottomSentinel.viet-phrase-city-hcmc-place-pha-lau" Other`
    t =    13.18s Find the "PhraseArticle.BottomSentinel.viet-phrase-city-hcmc-place-pha-lau" Other
    t =    13.20s Checking existence of `TabBar (First Match)`
    t =    13.21s Find the TabBar (First Match)
    t =    13.21s Find the Target Application 'app.speaklocal.vietnam.native'
    t =    13.31s Terminate app.speaklocal.vietnam.native:42998
    t =    14.40s Tear Down
Test Case '-[SpeakLocalNativeUITests.CityAppDetailV22RenderProofUITests testCaptureCityAppDetailV22RenderProofBatch]' passed (14.457 seconds).
Test Suite 'CityAppDetailV22RenderProofUITests' passed at 2026-06-01 03:21:28.675.
	 Executed 1 test, with 0 failures (0 unexpected) in 14.457 (14.458) seconds
Test Suite 'SpeakLocalNativeUITests.xctest' passed at 2026-06-01 03:21:28.676.
	 Executed 1 test, with 0 failures (0 unexpected) in 14.457 (14.459) seconds
Test Suite 'Selected tests' passed at 2026-06-01 03:21:28.677.
	 Executed 1 test, with 0 failures (0 unexpected) in 14.457 (14.461) seconds

Test session results, code coverage, and logs:
	/Users/jojolim/Library/Developer/XcodeBuildMCP/workspaces/orchestrator-309442864093/DerivedData/SpeakLocalNative-8f3e721625a0/Logs/Test/Test-SpeakLocalNative-2026.06.01_03-21-12-+0700.xcresult

** TEST EXECUTE SUCCEEDED **

Testing started

2026-06-01 03:21:14.281 xcodebuild[42814:7207283] [MT] IDELaunchParametersSnapshot: The operation couldn’t be completed. (DebuggerLLDB.DebuggerVersionStore.StoreError error 0.)
2026-06-01 03:21:14.281 xcodebuild[42814:7207283] [MT] IDELaunchParametersSnapshot: no debugger version
2026-06-01 03:21:24.056 xcodebuild[42814:7207283] [MT] IDELaunchParametersSnapshot: The operation couldn’t be completed. (DebuggerLLDB.DebuggerVersionStore.StoreError error 0.)
2026-06-01 03:21:24.056 xcodebuild[42814:7207283] [MT] IDELaunchParametersSnapshot: no debugger version
2026-06-01 03:21:28.982 xcodebuild[42814:7207283] [MT] IDETestOperationsObserverDebug: 15.924 elapsed -- Testing started completed.
2026-06-01 03:21:28.982 xcodebuild[42814:7207283] [MT] IDETestOperationsObserverDebug: 0.000 sec, +0.000 sec -- start
2026-06-01 03:21:28.982 xcodebuild[42814:7207283] [MT] IDETestOperationsObserverDebug: 15.924 sec, +15.924 sec -- end
