Command line invocation:
    /Applications/Xcode.app/Contents/Developer/usr/bin/xcodebuild test-without-building -project /Users/jojolim/Developer/products/speaklocal/app-family/.worktrees/city-listings-production-ready/native-ios/SpeakLocalNative.xcodeproj -scheme SpeakLocalNative -destination "platform=iOS Simulator,id=7C386DD3-4BF1-4A34-A918-768C43CD1258" -derivedDataPath /Users/jojolim/Library/Developer/XcodeBuildMCP/workspaces/orchestrator-309442864093/DerivedData/SpeakLocalNative-8f3e721625a0 "-only-testing:SpeakLocalNativeUITests/CityAppDetailV22RenderProofUITests/testCaptureCityAppDetailV22RenderProofBatch"

2026-06-01 08:59:06.019378+0700 SpeakLocalNativeUITests-Runner[56496:8611814] [Default] Running tests...
    t =      nans Interface orientation changed to Portrait
Test Suite 'Selected tests' started at 2026-06-01 08:59:06.389.
Test Suite 'SpeakLocalNativeUITests.xctest' started at 2026-06-01 08:59:06.389.
Test Suite 'CityAppDetailV22RenderProofUITests' started at 2026-06-01 08:59:06.389.
Test Case '-[SpeakLocalNativeUITests.CityAppDetailV22RenderProofUITests testCaptureCityAppDetailV22RenderProofBatch]' started.
    t =     0.00s Start Test at 2026-06-01 08:59:06.390
    t =     0.02s Set Up
    t =     0.02s Open app.speaklocal.vietnam.native
    t =     0.02s     Launch app.speaklocal.vietnam.native
objc[56496]: Class UIAccessibilityLoaderWebShared is implemented in both /Library/Developer/CoreSimulator/Volumes/iOS_23F77/Library/Developer/CoreSimulator/Profiles/Runtimes/iOS 26.5.simruntime/Contents/Resources/RuntimeRoot/System/Library/AccessibilityBundles/WebCore.axbundle/WebCore (0x1090d0310) and /Library/Developer/CoreSimulator/Volumes/iOS_23F77/Library/Developer/CoreSimulator/Profiles/Runtimes/iOS 26.5.simruntime/Contents/Resources/RuntimeRoot/System/Library/AccessibilityBundles/WebKit.axbundle/WebKit (0x108970398). This may cause spurious casting failures and mysterious crashes. One of the duplicates must be removed or renamed.
    t =     1.91s         Setting up automation session
    t =     2.47s         Wait for app.speaklocal.vietnam.native to idle
    t =     3.94s Checking existence of `"Mandarin Coffee & Restaurant" StaticText`
    t =     4.07s Waiting 8.0s for "Mandarin Coffee & Restaurant" StaticText to exist
    t =     5.12s     Checking `Expect predicate `existsNoRetry == 1` for object "Mandarin Coffee & Restaurant" StaticText`
    t =     5.12s         Checking existence of `"Mandarin Coffee & Restaurant" StaticText`
    t =     5.29s Swipe up Target Application 'app.speaklocal.vietnam.native'
    t =     5.29s     Wait for app.speaklocal.vietnam.native to idle
    t =     5.29s     Find the Target Application 'app.speaklocal.vietnam.native'
    t =     5.30s     Check for interrupting elements affecting "SpeakLocal Vietnam" Application
    t =     5.32s     Synthesize event
    t =     5.74s     Wait for app.speaklocal.vietnam.native to idle
    t =     7.89s Swipe up Target Application 'app.speaklocal.vietnam.native'
    t =     7.89s     Wait for app.speaklocal.vietnam.native to idle
    t =     7.89s     Find the Target Application 'app.speaklocal.vietnam.native'
    t =     7.92s     Check for interrupting elements affecting "SpeakLocal Vietnam" Application
    t =     7.94s     Synthesize event
    t =     8.37s     Wait for app.speaklocal.vietnam.native to idle
    t =     9.13s Terminate app.speaklocal.vietnam.native:56501
    t =    10.19s Open app.speaklocal.vietnam.native
    t =    10.19s     Launch app.speaklocal.vietnam.native
    t =    10.41s         Setting up automation session
    t =    10.89s         Wait for app.speaklocal.vietnam.native to idle
    t =    12.36s Waiting 4.0s for TabBar (First Match) to exist
    t =    13.40s     Checking `Expect predicate `existsNoRetry == 1` for object TabBar (First Match)`
    t =    13.41s         Checking existence of `TabBar (First Match)`
    t =    13.46s Checking existence of `"PhraseArticle.BottomSentinel.viet-family-city-hue-place-mandarin-coffee-restaurant" Other`
    t =    13.54s Checking existence of `"PhraseArticle.BottomSentinel.viet-phrase-city-hue-place-mandarin-coffee-restaurant" Other`
    t =    13.56s Find the "PhraseArticle.BottomSentinel.viet-phrase-city-hue-place-mandarin-coffee-restaurant" Other
    t =    13.58s Checking existence of `TabBar (First Match)`
    t =    13.59s Find the TabBar (First Match)
    t =    13.60s Find the Target Application 'app.speaklocal.vietnam.native'
    t =    13.69s Terminate app.speaklocal.vietnam.native:56529
    t =    14.74s Tear Down
Test Case '-[SpeakLocalNativeUITests.CityAppDetailV22RenderProofUITests testCaptureCityAppDetailV22RenderProofBatch]' passed (14.791 seconds).
Test Suite 'CityAppDetailV22RenderProofUITests' passed at 2026-06-01 08:59:21.182.
	 Executed 1 test, with 0 failures (0 unexpected) in 14.791 (14.793) seconds
Test Suite 'SpeakLocalNativeUITests.xctest' passed at 2026-06-01 08:59:21.183.
	 Executed 1 test, with 0 failures (0 unexpected) in 14.791 (14.794) seconds
Test Suite 'Selected tests' passed at 2026-06-01 08:59:21.184.
	 Executed 1 test, with 0 failures (0 unexpected) in 14.791 (14.795) seconds

Test session results, code coverage, and logs:
	/Users/jojolim/Library/Developer/XcodeBuildMCP/workspaces/orchestrator-309442864093/DerivedData/SpeakLocalNative-8f3e721625a0/Logs/Test/Test-SpeakLocalNative-2026.06.01_08-59-05-+0700.xcresult

** TEST EXECUTE SUCCEEDED **

Testing started

2026-06-01 08:59:06.455 xcodebuild[56494:8611640] [MT] IDELaunchParametersSnapshot: The operation couldn’t be completed. (DebuggerLLDB.DebuggerVersionStore.StoreError error 0.)
2026-06-01 08:59:06.455 xcodebuild[56494:8611640] [MT] IDELaunchParametersSnapshot: no debugger version
2026-06-01 08:59:16.585 xcodebuild[56494:8611640] [MT] IDELaunchParametersSnapshot: The operation couldn’t be completed. (DebuggerLLDB.DebuggerVersionStore.StoreError error 0.)
2026-06-01 08:59:16.585 xcodebuild[56494:8611640] [MT] IDELaunchParametersSnapshot: no debugger version
2026-06-01 08:59:21.488 xcodebuild[56494:8611640] [MT] IDETestOperationsObserverDebug: 16.304 elapsed -- Testing started completed.
2026-06-01 08:59:21.488 xcodebuild[56494:8611640] [MT] IDETestOperationsObserverDebug: 0.000 sec, +0.000 sec -- start
2026-06-01 08:59:21.488 xcodebuild[56494:8611640] [MT] IDETestOperationsObserverDebug: 16.304 sec, +16.304 sec -- end
