Command line invocation:
    /Applications/Xcode.app/Contents/Developer/usr/bin/xcodebuild test-without-building -project /Users/jojolim/Developer/products/speaklocal/app-family/.worktrees/city-listings-production-ready/native-ios/SpeakLocalNative.xcodeproj -scheme SpeakLocalNative -destination "platform=iOS Simulator,id=7C386DD3-4BF1-4A34-A918-768C43CD1258" -derivedDataPath /Users/jojolim/Library/Developer/XcodeBuildMCP/workspaces/orchestrator-309442864093/DerivedData/SpeakLocalNative-8f3e721625a0 "-only-testing:SpeakLocalNativeUITests/CityAppDetailV22RenderProofUITests/testCaptureCityAppDetailV22RenderProofBatch"

2026-06-01 04:52:04.212338+0700 SpeakLocalNativeUITests-Runner[51958:7598825] [Default] Running tests...
    t =      nans Interface orientation changed to Portrait
Test Suite 'Selected tests' started at 2026-06-01 04:52:04.610.
Test Suite 'SpeakLocalNativeUITests.xctest' started at 2026-06-01 04:52:04.610.
Test Suite 'CityAppDetailV22RenderProofUITests' started at 2026-06-01 04:52:04.610.
Test Case '-[SpeakLocalNativeUITests.CityAppDetailV22RenderProofUITests testCaptureCityAppDetailV22RenderProofBatch]' started.
    t =     0.00s Start Test at 2026-06-01 04:52:04.611
    t =     0.01s Set Up
    t =     0.02s Open app.speaklocal.vietnam.native
    t =     0.02s     Launch app.speaklocal.vietnam.native
objc[51958]: Class UIAccessibilityLoaderWebShared is implemented in both /Library/Developer/CoreSimulator/Volumes/iOS_23F77/Library/Developer/CoreSimulator/Profiles/Runtimes/iOS 26.5.simruntime/Contents/Resources/RuntimeRoot/System/Library/AccessibilityBundles/WebCore.axbundle/WebCore (0x10aab0310) and /Library/Developer/CoreSimulator/Volumes/iOS_23F77/Library/Developer/CoreSimulator/Profiles/Runtimes/iOS 26.5.simruntime/Contents/Resources/RuntimeRoot/System/Library/AccessibilityBundles/WebKit.axbundle/WebKit (0x10a398398). This may cause spurious casting failures and mysterious crashes. One of the duplicates must be removed or renamed.
    t =     1.90s         Setting up automation session
    t =     2.27s         Wait for app.speaklocal.vietnam.native to idle
    t =     3.73s Checking existence of `"Mỳ Quảng Bà Mua" StaticText`
    t =     3.88s Waiting 8.0s for "Mỳ Quảng Bà Mua" StaticText to exist
    t =     4.95s     Checking `Expect predicate `existsNoRetry == 1` for object "Mỳ Quảng Bà Mua" StaticText`
    t =     4.95s         Checking existence of `"Mỳ Quảng Bà Mua" StaticText`
    t =     5.11s Swipe up Target Application 'app.speaklocal.vietnam.native'
    t =     5.11s     Wait for app.speaklocal.vietnam.native to idle
    t =     5.12s     Find the Target Application 'app.speaklocal.vietnam.native'
    t =     5.13s     Check for interrupting elements affecting "SpeakLocal Vietnam" Application
    t =     5.15s     Synthesize event
    t =     5.56s     Wait for app.speaklocal.vietnam.native to idle
    t =     7.68s Swipe up Target Application 'app.speaklocal.vietnam.native'
    t =     7.68s     Wait for app.speaklocal.vietnam.native to idle
    t =     7.68s     Find the Target Application 'app.speaklocal.vietnam.native'
    t =     7.70s     Check for interrupting elements affecting "SpeakLocal Vietnam" Application
    t =     7.73s     Synthesize event
    t =     8.15s     Wait for app.speaklocal.vietnam.native to idle
    t =     9.94s Terminate app.speaklocal.vietnam.native:51977
    t =    11.03s Open app.speaklocal.vietnam.native
    t =    11.03s     Launch app.speaklocal.vietnam.native
    t =    11.25s         Setting up automation session
    t =    11.71s         Wait for app.speaklocal.vietnam.native to idle
    t =    13.18s Waiting 4.0s for TabBar (First Match) to exist
    t =    14.26s     Checking `Expect predicate `existsNoRetry == 1` for object TabBar (First Match)`
    t =    14.26s         Checking existence of `TabBar (First Match)`
    t =    14.32s Checking existence of `"PhraseArticle.BottomSentinel.viet-family-city-danang-place-my-quang-ba-mua" Other`
    t =    14.40s Checking existence of `"PhraseArticle.BottomSentinel.viet-phrase-city-danang-place-my-quang-ba-mua" Other`
    t =    14.43s Find the "PhraseArticle.BottomSentinel.viet-phrase-city-danang-place-my-quang-ba-mua" Other
    t =    14.45s Checking existence of `TabBar (First Match)`
    t =    14.46s Find the TabBar (First Match)
    t =    14.46s Find the Target Application 'app.speaklocal.vietnam.native'
    t =    14.57s Terminate app.speaklocal.vietnam.native:52080
    t =    15.66s Tear Down
Test Case '-[SpeakLocalNativeUITests.CityAppDetailV22RenderProofUITests testCaptureCityAppDetailV22RenderProofBatch]' passed (15.753 seconds).
Test Suite 'CityAppDetailV22RenderProofUITests' passed at 2026-06-01 04:52:20.364.
	 Executed 1 test, with 0 failures (0 unexpected) in 15.753 (15.754) seconds
Test Suite 'SpeakLocalNativeUITests.xctest' passed at 2026-06-01 04:52:20.365.
	 Executed 1 test, with 0 failures (0 unexpected) in 15.753 (15.755) seconds
Test Suite 'Selected tests' passed at 2026-06-01 04:52:20.366.
	 Executed 1 test, with 0 failures (0 unexpected) in 15.753 (15.756) seconds

Test session results, code coverage, and logs:
	/Users/jojolim/Library/Developer/XcodeBuildMCP/workspaces/orchestrator-309442864093/DerivedData/SpeakLocalNative-8f3e721625a0/Logs/Test/Test-SpeakLocalNative-2026.06.01_04-52-03-+0700.xcresult

** TEST EXECUTE SUCCEEDED **

Testing started

2026-06-01 04:52:04.662 xcodebuild[51955:7598635] [MT] IDELaunchParametersSnapshot: The operation couldn’t be completed. (DebuggerLLDB.DebuggerVersionStore.StoreError error 0.)
2026-06-01 04:52:04.662 xcodebuild[51955:7598635] [MT] IDELaunchParametersSnapshot: no debugger version
2026-06-01 04:52:15.646 xcodebuild[51955:7598635] [MT] IDELaunchParametersSnapshot: The operation couldn’t be completed. (DebuggerLLDB.DebuggerVersionStore.StoreError error 0.)
2026-06-01 04:52:15.646 xcodebuild[51955:7598635] [MT] IDELaunchParametersSnapshot: no debugger version
2026-06-01 04:52:20.669 xcodebuild[51955:7598635] [MT] IDETestOperationsObserverDebug: 17.265 elapsed -- Testing started completed.
2026-06-01 04:52:20.669 xcodebuild[51955:7598635] [MT] IDETestOperationsObserverDebug: 0.000 sec, +0.000 sec -- start
2026-06-01 04:52:20.669 xcodebuild[51955:7598635] [MT] IDETestOperationsObserverDebug: 17.265 sec, +17.265 sec -- end
