Command line invocation:
    /Applications/Xcode.app/Contents/Developer/usr/bin/xcodebuild test-without-building -project /Users/jojolim/Developer/products/speaklocal/app-family/.worktrees/city-listings-production-ready/native-ios/SpeakLocalNative.xcodeproj -scheme SpeakLocalNative -destination "platform=iOS Simulator,id=7C386DD3-4BF1-4A34-A918-768C43CD1258" -derivedDataPath /Users/jojolim/Library/Developer/XcodeBuildMCP/workspaces/orchestrator-309442864093/DerivedData/SpeakLocalNative-8f3e721625a0 "-only-testing:SpeakLocalNativeUITests/CityAppDetailV22RenderProofUITests/testCaptureCityAppDetailV22RenderProofBatch"

2026-06-01 07:58:07.747064+0700 SpeakLocalNativeUITests-Runner[4467:8397172] [Default] Running tests...
    t =      nans Interface orientation changed to Portrait
Test Suite 'Selected tests' started at 2026-06-01 07:58:08.132.
Test Suite 'SpeakLocalNativeUITests.xctest' started at 2026-06-01 07:58:08.132.
Test Suite 'CityAppDetailV22RenderProofUITests' started at 2026-06-01 07:58:08.132.
Test Case '-[SpeakLocalNativeUITests.CityAppDetailV22RenderProofUITests testCaptureCityAppDetailV22RenderProofBatch]' started.
    t =     0.00s Start Test at 2026-06-01 07:58:08.133
    t =     0.02s Set Up
    t =     0.02s Open app.speaklocal.vietnam.native
    t =     0.02s     Launch app.speaklocal.vietnam.native
objc[4467]: Class UIAccessibilityLoaderWebShared is implemented in both /Library/Developer/CoreSimulator/Volumes/iOS_23F77/Library/Developer/CoreSimulator/Profiles/Runtimes/iOS 26.5.simruntime/Contents/Resources/RuntimeRoot/System/Library/AccessibilityBundles/WebCore.axbundle/WebCore (0x106660310) and /Library/Developer/CoreSimulator/Volumes/iOS_23F77/Library/Developer/CoreSimulator/Profiles/Runtimes/iOS 26.5.simruntime/Contents/Resources/RuntimeRoot/System/Library/AccessibilityBundles/WebKit.axbundle/WebKit (0x105eb0398). This may cause spurious casting failures and mysterious crashes. One of the duplicates must be removed or renamed.
    t =     1.89s         Setting up automation session
    t =     2.36s         Wait for app.speaklocal.vietnam.native to idle
    t =     3.83s Checking existence of `"Landmark 81" StaticText`
    t =     3.98s Waiting 8.0s for "Landmark 81" StaticText to exist
    t =     5.02s     Checking `Expect predicate `existsNoRetry == 1` for object "Landmark 81" StaticText`
    t =     5.02s         Checking existence of `"Landmark 81" StaticText`
    t =     5.19s Swipe up Target Application 'app.speaklocal.vietnam.native'
    t =     5.19s     Wait for app.speaklocal.vietnam.native to idle
    t =     5.19s     Find the Target Application 'app.speaklocal.vietnam.native'
    t =     5.20s     Check for interrupting elements affecting "SpeakLocal Vietnam" Application
    t =     5.22s     Synthesize event
    t =     5.65s     Wait for app.speaklocal.vietnam.native to idle
    t =     7.76s Swipe up Target Application 'app.speaklocal.vietnam.native'
    t =     7.76s     Wait for app.speaklocal.vietnam.native to idle
    t =     7.77s     Find the Target Application 'app.speaklocal.vietnam.native'
    t =     7.79s     Check for interrupting elements affecting "SpeakLocal Vietnam" Application
    t =     7.82s     Synthesize event
    t =     8.24s     Wait for app.speaklocal.vietnam.native to idle
    t =     9.15s Terminate app.speaklocal.vietnam.native:4547
    t =    10.21s Open app.speaklocal.vietnam.native
    t =    10.22s     Launch app.speaklocal.vietnam.native
    t =    10.43s         Setting up automation session
    t =    10.92s         Wait for app.speaklocal.vietnam.native to idle
    t =    12.43s Waiting 4.0s for TabBar (First Match) to exist
    t =    13.48s     Checking `Expect predicate `existsNoRetry == 1` for object TabBar (First Match)`
    t =    13.48s         Checking existence of `TabBar (First Match)`
    t =    13.52s Checking existence of `"PhraseArticle.BottomSentinel.viet-family-city-hcmc-place-landmark-81" Other`
    t =    13.61s Checking existence of `"PhraseArticle.BottomSentinel.viet-phrase-city-hcmc-place-landmark-81" Other`
    t =    13.64s Find the "PhraseArticle.BottomSentinel.viet-phrase-city-hcmc-place-landmark-81" Other
    t =    13.66s Checking existence of `TabBar (First Match)`
    t =    13.67s Find the TabBar (First Match)
    t =    13.67s Find the Target Application 'app.speaklocal.vietnam.native'
    t =    13.77s Terminate app.speaklocal.vietnam.native:4639
    t =    14.83s Tear Down
Test Case '-[SpeakLocalNativeUITests.CityAppDetailV22RenderProofUITests testCaptureCityAppDetailV22RenderProofBatch]' passed (14.896 seconds).
Test Suite 'CityAppDetailV22RenderProofUITests' passed at 2026-06-01 07:58:23.029.
	 Executed 1 test, with 0 failures (0 unexpected) in 14.896 (14.897) seconds
Test Suite 'SpeakLocalNativeUITests.xctest' passed at 2026-06-01 07:58:23.030.
	 Executed 1 test, with 0 failures (0 unexpected) in 14.896 (14.898) seconds
Test Suite 'Selected tests' passed at 2026-06-01 07:58:23.031.
	 Executed 1 test, with 0 failures (0 unexpected) in 14.896 (14.899) seconds

Test session results, code coverage, and logs:
	/Users/jojolim/Library/Developer/XcodeBuildMCP/workspaces/orchestrator-309442864093/DerivedData/SpeakLocalNative-8f3e721625a0/Logs/Test/Test-SpeakLocalNative-2026.06.01_07-58-06-+0700.xcresult

** TEST EXECUTE SUCCEEDED **

Testing started

2026-06-01 07:58:08.196 xcodebuild[4458:8396975] [MT] IDELaunchParametersSnapshot: The operation couldn’t be completed. (DebuggerLLDB.DebuggerVersionStore.StoreError error 0.)
2026-06-01 07:58:08.196 xcodebuild[4458:8396975] [MT] IDELaunchParametersSnapshot: no debugger version
2026-06-01 07:58:18.350 xcodebuild[4458:8396975] [MT] IDELaunchParametersSnapshot: The operation couldn’t be completed. (DebuggerLLDB.DebuggerVersionStore.StoreError error 0.)
2026-06-01 07:58:18.350 xcodebuild[4458:8396975] [MT] IDELaunchParametersSnapshot: no debugger version
2026-06-01 07:58:23.338 xcodebuild[4458:8396975] [MT] IDETestOperationsObserverDebug: 16.444 elapsed -- Testing started completed.
2026-06-01 07:58:23.338 xcodebuild[4458:8396975] [MT] IDETestOperationsObserverDebug: 0.000 sec, +0.000 sec -- start
2026-06-01 07:58:23.338 xcodebuild[4458:8396975] [MT] IDETestOperationsObserverDebug: 16.444 sec, +16.444 sec -- end
