Command line invocation:
    /Applications/Xcode.app/Contents/Developer/usr/bin/xcodebuild test-without-building -project /Users/jojolim/Developer/products/speaklocal/app-family/.worktrees/city-listings-production-ready/native-ios/SpeakLocalNative.xcodeproj -scheme SpeakLocalNative -destination "platform=iOS Simulator,id=7C386DD3-4BF1-4A34-A918-768C43CD1258" -derivedDataPath /Users/jojolim/Library/Developer/XcodeBuildMCP/workspaces/orchestrator-309442864093/DerivedData/SpeakLocalNative-8f3e721625a0 "-only-testing:SpeakLocalNativeUITests/CityAppDetailV22RenderProofUITests/testCaptureCityAppDetailV22RenderProofBatch"

2026-06-01 08:00:42.097600+0700 SpeakLocalNativeUITests-Runner[6320:8407772] [Default] Running tests...
    t =      nans Interface orientation changed to Portrait
Test Suite 'Selected tests' started at 2026-06-01 08:00:42.464.
Test Suite 'SpeakLocalNativeUITests.xctest' started at 2026-06-01 08:00:42.464.
Test Suite 'CityAppDetailV22RenderProofUITests' started at 2026-06-01 08:00:42.465.
Test Case '-[SpeakLocalNativeUITests.CityAppDetailV22RenderProofUITests testCaptureCityAppDetailV22RenderProofBatch]' started.
    t =     0.00s Start Test at 2026-06-01 08:00:42.465
    t =     0.02s Set Up
    t =     0.02s Open app.speaklocal.vietnam.native
    t =     0.02s     Launch app.speaklocal.vietnam.native
objc[6320]: Class UIAccessibilityLoaderWebShared is implemented in both /Library/Developer/CoreSimulator/Volumes/iOS_23F77/Library/Developer/CoreSimulator/Profiles/Runtimes/iOS 26.5.simruntime/Contents/Resources/RuntimeRoot/System/Library/AccessibilityBundles/WebCore.axbundle/WebCore (0x1086b8310) and /Library/Developer/CoreSimulator/Volumes/iOS_23F77/Library/Developer/CoreSimulator/Profiles/Runtimes/iOS 26.5.simruntime/Contents/Resources/RuntimeRoot/System/Library/AccessibilityBundles/WebKit.axbundle/WebKit (0x1083f0398). This may cause spurious casting failures and mysterious crashes. One of the duplicates must be removed or renamed.
    t =     1.88s         Setting up automation session
    t =     2.27s         Wait for app.speaklocal.vietnam.native to idle
    t =     3.75s Checking existence of `"Nhà thờ Đức Bà Sài Gòn" StaticText`
    t =     3.90s Waiting 8.0s for "Nhà thờ Đức Bà Sài Gòn" StaticText to exist
    t =     4.94s     Checking `Expect predicate `existsNoRetry == 1` for object "Nhà thờ Đức Bà Sài Gòn" StaticText`
    t =     4.94s         Checking existence of `"Nhà thờ Đức Bà Sài Gòn" StaticText`
    t =     5.11s Swipe up Target Application 'app.speaklocal.vietnam.native'
    t =     5.11s     Wait for app.speaklocal.vietnam.native to idle
    t =     5.11s     Find the Target Application 'app.speaklocal.vietnam.native'
    t =     5.13s     Check for interrupting elements affecting "SpeakLocal Vietnam" Application
    t =     5.15s     Synthesize event
    t =     5.56s     Wait for app.speaklocal.vietnam.native to idle
    t =     7.68s Swipe up Target Application 'app.speaklocal.vietnam.native'
    t =     7.68s     Wait for app.speaklocal.vietnam.native to idle
    t =     7.68s     Find the Target Application 'app.speaklocal.vietnam.native'
    t =     7.70s     Check for interrupting elements affecting "SpeakLocal Vietnam" Application
    t =     7.72s     Synthesize event
    t =     8.15s     Wait for app.speaklocal.vietnam.native to idle
    t =     9.15s Terminate app.speaklocal.vietnam.native:6327
    t =    10.22s Open app.speaklocal.vietnam.native
    t =    10.22s     Launch app.speaklocal.vietnam.native
    t =    10.43s         Setting up automation session
    t =    10.91s         Wait for app.speaklocal.vietnam.native to idle
    t =    12.38s Waiting 4.0s for TabBar (First Match) to exist
    t =    13.43s     Checking `Expect predicate `existsNoRetry == 1` for object TabBar (First Match)`
    t =    13.43s         Checking existence of `TabBar (First Match)`
    t =    13.49s Checking existence of `"PhraseArticle.BottomSentinel.viet-family-city-hcmc-place-notre-dame" Other`
    t =    13.57s Checking existence of `"PhraseArticle.BottomSentinel.viet-phrase-city-hcmc-place-notre-dame" Other`
    t =    13.59s Find the "PhraseArticle.BottomSentinel.viet-phrase-city-hcmc-place-notre-dame" Other
    t =    13.61s Checking existence of `TabBar (First Match)`
    t =    13.62s Find the TabBar (First Match)
    t =    13.63s Find the Target Application 'app.speaklocal.vietnam.native'
    t =    13.72s Terminate app.speaklocal.vietnam.native:6347
    t =    14.78s Tear Down
Test Case '-[SpeakLocalNativeUITests.CityAppDetailV22RenderProofUITests testCaptureCityAppDetailV22RenderProofBatch]' passed (14.873 seconds).
Test Suite 'CityAppDetailV22RenderProofUITests' passed at 2026-06-01 08:00:57.339.
	 Executed 1 test, with 0 failures (0 unexpected) in 14.873 (14.875) seconds
Test Suite 'SpeakLocalNativeUITests.xctest' passed at 2026-06-01 08:00:57.340.
	 Executed 1 test, with 0 failures (0 unexpected) in 14.873 (14.876) seconds
Test Suite 'Selected tests' passed at 2026-06-01 08:00:57.341.
	 Executed 1 test, with 0 failures (0 unexpected) in 14.873 (14.877) seconds

Test session results, code coverage, and logs:
	/Users/jojolim/Library/Developer/XcodeBuildMCP/workspaces/orchestrator-309442864093/DerivedData/SpeakLocalNative-8f3e721625a0/Logs/Test/Test-SpeakLocalNative-2026.06.01_08-00-41-+0700.xcresult

** TEST EXECUTE SUCCEEDED **

Testing started

2026-06-01 08:00:42.523 xcodebuild[6312:8407567] [MT] IDELaunchParametersSnapshot: The operation couldn’t be completed. (DebuggerLLDB.DebuggerVersionStore.StoreError error 0.)
2026-06-01 08:00:42.523 xcodebuild[6312:8407567] [MT] IDELaunchParametersSnapshot: no debugger version
2026-06-01 08:00:52.684 xcodebuild[6312:8407567] [MT] IDELaunchParametersSnapshot: The operation couldn’t be completed. (DebuggerLLDB.DebuggerVersionStore.StoreError error 0.)
2026-06-01 08:00:52.684 xcodebuild[6312:8407567] [MT] IDELaunchParametersSnapshot: no debugger version
2026-06-01 08:00:57.645 xcodebuild[6312:8407567] [MT] IDETestOperationsObserverDebug: 16.335 elapsed -- Testing started completed.
2026-06-01 08:00:57.645 xcodebuild[6312:8407567] [MT] IDETestOperationsObserverDebug: 0.000 sec, +0.000 sec -- start
2026-06-01 08:00:57.645 xcodebuild[6312:8407567] [MT] IDETestOperationsObserverDebug: 16.335 sec, +16.335 sec -- end
