Command line invocation:
    /Applications/Xcode.app/Contents/Developer/usr/bin/xcodebuild test-without-building -project /Users/jojolim/Developer/products/speaklocal/app-family/.worktrees/city-listings-production-ready/native-ios/SpeakLocalNative.xcodeproj -scheme SpeakLocalNative -destination "platform=iOS Simulator,id=7C386DD3-4BF1-4A34-A918-768C43CD1258" -derivedDataPath /Users/jojolim/Library/Developer/XcodeBuildMCP/workspaces/orchestrator-309442864093/DerivedData/SpeakLocalNative-8f3e721625a0 "-only-testing:SpeakLocalNativeUITests/CityAppDetailV22RenderProofUITests/testCaptureCityAppDetailV22RenderProofBatch"

2026-06-01 03:56:32.427382+0700 SpeakLocalNativeUITests-Runner[85015:7358468] [Default] Running tests...
    t =      nans Interface orientation changed to Portrait
Test Suite 'Selected tests' started at 2026-06-01 03:56:32.801.
Test Suite 'SpeakLocalNativeUITests.xctest' started at 2026-06-01 03:56:32.802.
Test Suite 'CityAppDetailV22RenderProofUITests' started at 2026-06-01 03:56:32.802.
Test Case '-[SpeakLocalNativeUITests.CityAppDetailV22RenderProofUITests testCaptureCityAppDetailV22RenderProofBatch]' started.
    t =     0.00s Start Test at 2026-06-01 03:56:32.802
    t =     0.02s Set Up
    t =     0.02s Open app.speaklocal.vietnam.native
    t =     0.02s     Launch app.speaklocal.vietnam.native
objc[85015]: Class UIAccessibilityLoaderWebShared is implemented in both /Library/Developer/CoreSimulator/Volumes/iOS_23F77/Library/Developer/CoreSimulator/Profiles/Runtimes/iOS 26.5.simruntime/Contents/Resources/RuntimeRoot/System/Library/AccessibilityBundles/WebCore.axbundle/WebCore (0x106520310) and /Library/Developer/CoreSimulator/Volumes/iOS_23F77/Library/Developer/CoreSimulator/Profiles/Runtimes/iOS 26.5.simruntime/Contents/Resources/RuntimeRoot/System/Library/AccessibilityBundles/WebKit.axbundle/WebKit (0x105d70398). This may cause spurious casting failures and mysterious crashes. One of the duplicates must be removed or renamed.
    t =     1.90s         Setting up automation session
    t =     2.48s         Wait for app.speaklocal.vietnam.native to idle
    t =     3.98s Checking existence of `"Chè bắp Cẩm Nam ở Hội An" StaticText`
    t =     4.15s Waiting 8.0s for "Chè bắp Cẩm Nam ở Hội An" StaticText to exist
    t =     5.21s     Checking `Expect predicate `existsNoRetry == 1` for object "Chè bắp Cẩm Nam ở Hội An" StaticText`
    t =     5.21s         Checking existence of `"Chè bắp Cẩm Nam ở Hội An" StaticText`
    t =     5.35s Swipe up Target Application 'app.speaklocal.vietnam.native'
    t =     5.35s     Wait for app.speaklocal.vietnam.native to idle
    t =     5.35s     Find the Target Application 'app.speaklocal.vietnam.native'
    t =     5.36s     Check for interrupting elements affecting "SpeakLocal Vietnam" Application
    t =     5.38s     Synthesize event
    t =     5.81s     Wait for app.speaklocal.vietnam.native to idle
    t =     7.91s Swipe up Target Application 'app.speaklocal.vietnam.native'
    t =     7.91s     Wait for app.speaklocal.vietnam.native to idle
    t =     7.91s     Find the Target Application 'app.speaklocal.vietnam.native'
    t =     7.93s     Check for interrupting elements affecting "SpeakLocal Vietnam" Application
    t =     7.96s     Synthesize event
    t =     8.38s     Wait for app.speaklocal.vietnam.native to idle
    t =     9.43s Terminate app.speaklocal.vietnam.native:85091
    t =    10.52s Open app.speaklocal.vietnam.native
    t =    10.53s     Launch app.speaklocal.vietnam.native
    t =    10.74s         Setting up automation session
    t =    11.26s         Wait for app.speaklocal.vietnam.native to idle
    t =    12.75s Waiting 4.0s for TabBar (First Match) to exist
    t =    13.82s     Checking `Expect predicate `existsNoRetry == 1` for object TabBar (First Match)`
    t =    13.82s         Checking existence of `TabBar (First Match)`
    t =    13.88s Checking existence of `"PhraseArticle.BottomSentinel.viet-family-city-hoian-place-che-bap-cam-nam" Other`
    t =    13.96s Checking existence of `"PhraseArticle.BottomSentinel.viet-phrase-city-hoian-place-che-bap-cam-nam" Other`
    t =    13.98s Find the "PhraseArticle.BottomSentinel.viet-phrase-city-hoian-place-che-bap-cam-nam" Other
    t =    14.00s Checking existence of `TabBar (First Match)`
    t =    14.01s Find the TabBar (First Match)
    t =    14.02s Find the Target Application 'app.speaklocal.vietnam.native'
    t =    14.11s Terminate app.speaklocal.vietnam.native:85182
    t =    15.20s Tear Down
Test Case '-[SpeakLocalNativeUITests.CityAppDetailV22RenderProofUITests testCaptureCityAppDetailV22RenderProofBatch]' passed (15.281 seconds).
Test Suite 'CityAppDetailV22RenderProofUITests' passed at 2026-06-01 03:56:48.083.
	 Executed 1 test, with 0 failures (0 unexpected) in 15.281 (15.282) seconds
Test Suite 'SpeakLocalNativeUITests.xctest' passed at 2026-06-01 03:56:48.085.
	 Executed 1 test, with 0 failures (0 unexpected) in 15.281 (15.283) seconds
Test Suite 'Selected tests' passed at 2026-06-01 03:56:48.086.
	 Executed 1 test, with 0 failures (0 unexpected) in 15.281 (15.284) seconds

Test session results, code coverage, and logs:
	/Users/jojolim/Library/Developer/XcodeBuildMCP/workspaces/orchestrator-309442864093/DerivedData/SpeakLocalNative-8f3e721625a0/Logs/Test/Test-SpeakLocalNative-2026.06.01_03-56-31-+0700.xcresult

** TEST EXECUTE SUCCEEDED **

Testing started

2026-06-01 03:56:32.870 xcodebuild[85007:7358273] [MT] IDELaunchParametersSnapshot: The operation couldn’t be completed. (DebuggerLLDB.DebuggerVersionStore.StoreError error 0.)
2026-06-01 03:56:32.870 xcodebuild[85007:7358273] [MT] IDELaunchParametersSnapshot: no debugger version
2026-06-01 03:56:43.331 xcodebuild[85007:7358273] [MT] IDELaunchParametersSnapshot: The operation couldn’t be completed. (DebuggerLLDB.DebuggerVersionStore.StoreError error 0.)
2026-06-01 03:56:43.331 xcodebuild[85007:7358273] [MT] IDELaunchParametersSnapshot: no debugger version
2026-06-01 03:56:48.386 xcodebuild[85007:7358273] [MT] IDETestOperationsObserverDebug: 16.767 elapsed -- Testing started completed.
2026-06-01 03:56:48.386 xcodebuild[85007:7358273] [MT] IDETestOperationsObserverDebug: 0.000 sec, +0.000 sec -- start
2026-06-01 03:56:48.386 xcodebuild[85007:7358273] [MT] IDETestOperationsObserverDebug: 16.767 sec, +16.767 sec -- end
