Command line invocation:
    /Applications/Xcode.app/Contents/Developer/usr/bin/xcodebuild test-without-building -project /Users/jojolim/Developer/products/speaklocal/app-family/.worktrees/city-listings-production-ready/native-ios/SpeakLocalNative.xcodeproj -scheme SpeakLocalNative -destination "platform=iOS Simulator,id=7C386DD3-4BF1-4A34-A918-768C43CD1258" -derivedDataPath /Users/jojolim/Library/Developer/XcodeBuildMCP/workspaces/orchestrator-309442864093/DerivedData/SpeakLocalNative-8f3e721625a0 "-only-testing:SpeakLocalNativeUITests/CityAppDetailV22RenderProofUITests/testCaptureCityAppDetailV22RenderProofBatch"

2026-06-01 06:38:42.536936+0700 SpeakLocalNativeUITests-Runner[7908:8060704] [Default] Running tests...
    t =      nans Interface orientation changed to Portrait
Test Suite 'Selected tests' started at 2026-06-01 06:38:42.907.
Test Suite 'SpeakLocalNativeUITests.xctest' started at 2026-06-01 06:38:42.907.
Test Suite 'CityAppDetailV22RenderProofUITests' started at 2026-06-01 06:38:42.907.
Test Case '-[SpeakLocalNativeUITests.CityAppDetailV22RenderProofUITests testCaptureCityAppDetailV22RenderProofBatch]' started.
    t =     0.00s Start Test at 2026-06-01 06:38:42.908
    t =     0.01s Set Up
    t =     0.02s Open app.speaklocal.vietnam.native
    t =     0.02s     Launch app.speaklocal.vietnam.native
objc[7908]: Class UIAccessibilityLoaderWebShared is implemented in both /Library/Developer/CoreSimulator/Volumes/iOS_23F77/Library/Developer/CoreSimulator/Profiles/Runtimes/iOS 26.5.simruntime/Contents/Resources/RuntimeRoot/System/Library/AccessibilityBundles/WebCore.axbundle/WebCore (0x10a660310) and /Library/Developer/CoreSimulator/Volumes/iOS_23F77/Library/Developer/CoreSimulator/Profiles/Runtimes/iOS 26.5.simruntime/Contents/Resources/RuntimeRoot/System/Library/AccessibilityBundles/WebKit.axbundle/WebKit (0x109eb0398). This may cause spurious casting failures and mysterious crashes. One of the duplicates must be removed or renamed.
    t =     1.88s         Setting up automation session
    t =     2.31s         Wait for app.speaklocal.vietnam.native to idle
    t =     3.76s Checking existence of `"The Temptation" StaticText`
    t =     3.90s Waiting 8.0s for "The Temptation" StaticText to exist
    t =     4.97s     Checking `Expect predicate `existsNoRetry == 1` for object "The Temptation" StaticText`
    t =     4.97s         Checking existence of `"The Temptation" StaticText`
    t =     5.10s Swipe up Target Application 'app.speaklocal.vietnam.native'
    t =     5.10s     Wait for app.speaklocal.vietnam.native to idle
    t =     5.10s     Find the Target Application 'app.speaklocal.vietnam.native'
    t =     5.11s     Check for interrupting elements affecting "SpeakLocal Vietnam" Application
    t =     5.13s     Synthesize event
    t =     5.55s     Wait for app.speaklocal.vietnam.native to idle
    t =     7.66s Swipe up Target Application 'app.speaklocal.vietnam.native'
    t =     7.66s     Wait for app.speaklocal.vietnam.native to idle
    t =     7.99s     Find the Target Application 'app.speaklocal.vietnam.native'
    t =     8.02s     Check for interrupting elements affecting "SpeakLocal Vietnam" Application
    t =     8.04s     Synthesize event
    t =     8.47s     Wait for app.speaklocal.vietnam.native to idle
    t =     9.18s Terminate app.speaklocal.vietnam.native:7946
    t =    10.25s Open app.speaklocal.vietnam.native
    t =    10.25s     Launch app.speaklocal.vietnam.native
    t =    10.46s         Setting up automation session
    t =    10.91s         Wait for app.speaklocal.vietnam.native to idle
    t =    12.38s Waiting 4.0s for TabBar (First Match) to exist
    t =    13.43s     Checking `Expect predicate `existsNoRetry == 1` for object TabBar (First Match)`
    t =    13.44s         Checking existence of `TabBar (First Match)`
    t =    13.49s Checking existence of `"PhraseArticle.BottomSentinel.viet-family-city-danang-place-the-temptation" Other`
    t =    13.57s Checking existence of `"PhraseArticle.BottomSentinel.viet-phrase-city-danang-place-the-temptation" Other`
    t =    13.59s Find the "PhraseArticle.BottomSentinel.viet-phrase-city-danang-place-the-temptation" Other
    t =    13.61s Checking existence of `TabBar (First Match)`
    t =    13.62s Find the TabBar (First Match)
    t =    13.63s Find the Target Application 'app.speaklocal.vietnam.native'
    t =    13.72s Terminate app.speaklocal.vietnam.native:8077
    t =    14.76s Tear Down
Test Case '-[SpeakLocalNativeUITests.CityAppDetailV22RenderProofUITests testCaptureCityAppDetailV22RenderProofBatch]' passed (14.811 seconds).
Test Suite 'CityAppDetailV22RenderProofUITests' passed at 2026-06-01 06:38:57.720.
	 Executed 1 test, with 0 failures (0 unexpected) in 14.811 (14.812) seconds
Test Suite 'SpeakLocalNativeUITests.xctest' passed at 2026-06-01 06:38:57.720.
	 Executed 1 test, with 0 failures (0 unexpected) in 14.811 (14.813) seconds
Test Suite 'Selected tests' passed at 2026-06-01 06:38:57.721.
	 Executed 1 test, with 0 failures (0 unexpected) in 14.811 (14.814) seconds

Test session results, code coverage, and logs:
	/Users/jojolim/Library/Developer/XcodeBuildMCP/workspaces/orchestrator-309442864093/DerivedData/SpeakLocalNative-8f3e721625a0/Logs/Test/Test-SpeakLocalNative-2026.06.01_06-38-41-+0700.xcresult

** TEST EXECUTE SUCCEEDED **

Testing started

2026-06-01 06:38:42.957 xcodebuild[7900:8060498] [MT] IDELaunchParametersSnapshot: The operation couldn’t be completed. (DebuggerLLDB.DebuggerVersionStore.StoreError error 0.)
2026-06-01 06:38:42.957 xcodebuild[7900:8060498] [MT] IDELaunchParametersSnapshot: no debugger version
2026-06-01 06:38:53.164 xcodebuild[7900:8060498] [MT] IDELaunchParametersSnapshot: The operation couldn’t be completed. (DebuggerLLDB.DebuggerVersionStore.StoreError error 0.)
2026-06-01 06:38:53.164 xcodebuild[7900:8060498] [MT] IDELaunchParametersSnapshot: no debugger version
2026-06-01 06:38:58.022 xcodebuild[7900:8060498] [MT] IDETestOperationsObserverDebug: 16.267 elapsed -- Testing started completed.
2026-06-01 06:38:58.022 xcodebuild[7900:8060498] [MT] IDETestOperationsObserverDebug: 0.000 sec, +0.000 sec -- start
2026-06-01 06:38:58.022 xcodebuild[7900:8060498] [MT] IDETestOperationsObserverDebug: 16.267 sec, +16.267 sec -- end
