Command line invocation:
    /Applications/Xcode.app/Contents/Developer/usr/bin/xcodebuild test-without-building -project /Users/jojolim/Developer/products/speaklocal/app-family/.worktrees/city-listings-production-ready/native-ios/SpeakLocalNative.xcodeproj -scheme SpeakLocalNative -destination "platform=iOS Simulator,id=7C386DD3-4BF1-4A34-A918-768C43CD1258" -derivedDataPath /Users/jojolim/Library/Developer/XcodeBuildMCP/workspaces/orchestrator-309442864093/DerivedData/SpeakLocalNative-8f3e721625a0 "-only-testing:SpeakLocalNativeUITests/CityAppDetailV22RenderProofUITests/testCaptureCityAppDetailV22RenderProofBatch"

2026-06-01 05:58:14.093480+0700 SpeakLocalNativeUITests-Runner[39545:7871432] [Default] Running tests...
    t =      nans Interface orientation changed to Portrait
Test Suite 'Selected tests' started at 2026-06-01 05:58:14.463.
Test Suite 'SpeakLocalNativeUITests.xctest' started at 2026-06-01 05:58:14.463.
Test Suite 'CityAppDetailV22RenderProofUITests' started at 2026-06-01 05:58:14.463.
Test Case '-[SpeakLocalNativeUITests.CityAppDetailV22RenderProofUITests testCaptureCityAppDetailV22RenderProofBatch]' started.
    t =     0.00s Start Test at 2026-06-01 05:58:14.464
    t =     0.02s Set Up
    t =     0.02s Open app.speaklocal.vietnam.native
    t =     0.02s     Launch app.speaklocal.vietnam.native
objc[39545]: Class UIAccessibilityLoaderWebShared is implemented in both /Library/Developer/CoreSimulator/Volumes/iOS_23F77/Library/Developer/CoreSimulator/Profiles/Runtimes/iOS 26.5.simruntime/Contents/Resources/RuntimeRoot/System/Library/AccessibilityBundles/WebCore.axbundle/WebCore (0x10ac38310) and /Library/Developer/CoreSimulator/Volumes/iOS_23F77/Library/Developer/CoreSimulator/Profiles/Runtimes/iOS 26.5.simruntime/Contents/Resources/RuntimeRoot/System/Library/AccessibilityBundles/WebKit.axbundle/WebKit (0x10a974398). This may cause spurious casting failures and mysterious crashes. One of the duplicates must be removed or renamed.
    t =     1.90s         Setting up automation session
    t =     2.37s         Wait for app.speaklocal.vietnam.native to idle
    t =     3.84s Checking existence of `"Đường Võ Nguyên Giáp" StaticText`
    t =     3.99s Waiting 8.0s for "Đường Võ Nguyên Giáp" StaticText to exist
    t =     5.05s     Checking `Expect predicate `existsNoRetry == 1` for object "Đường Võ Nguyên Giáp" StaticText`
    t =     5.05s         Checking existence of `"Đường Võ Nguyên Giáp" StaticText`
    t =     5.22s Swipe up Target Application 'app.speaklocal.vietnam.native'
    t =     5.22s     Wait for app.speaklocal.vietnam.native to idle
    t =     5.22s     Find the Target Application 'app.speaklocal.vietnam.native'
    t =     5.24s     Check for interrupting elements affecting "SpeakLocal Vietnam" Application
    t =     5.25s     Synthesize event
    t =     5.67s     Wait for app.speaklocal.vietnam.native to idle
    t =     7.78s Swipe up Target Application 'app.speaklocal.vietnam.native'
    t =     7.78s     Wait for app.speaklocal.vietnam.native to idle
    t =     7.79s     Find the Target Application 'app.speaklocal.vietnam.native'
    t =     7.82s     Check for interrupting elements affecting "SpeakLocal Vietnam" Application
    t =     7.86s     Synthesize event
    t =     8.28s     Wait for app.speaklocal.vietnam.native to idle
    t =     9.43s Terminate app.speaklocal.vietnam.native:39627
    t =    10.51s Open app.speaklocal.vietnam.native
    t =    10.51s     Launch app.speaklocal.vietnam.native
    t =    10.73s         Setting up automation session
    t =    11.20s         Wait for app.speaklocal.vietnam.native to idle
    t =    12.70s Waiting 4.0s for TabBar (First Match) to exist
    t =    13.78s     Checking `Expect predicate `existsNoRetry == 1` for object TabBar (First Match)`
    t =    13.78s         Checking existence of `TabBar (First Match)`
    t =    13.83s Checking existence of `"PhraseArticle.BottomSentinel.viet-family-city-danang-place-vo-nguyen-giap-street" Other`
    t =    13.92s Checking existence of `"PhraseArticle.BottomSentinel.viet-phrase-city-danang-place-vo-nguyen-giap-street" Other`
    t =    13.94s Find the "PhraseArticle.BottomSentinel.viet-phrase-city-danang-place-vo-nguyen-giap-street" Other
    t =    13.96s Checking existence of `TabBar (First Match)`
    t =    13.97s Find the TabBar (First Match)
    t =    13.98s Find the Target Application 'app.speaklocal.vietnam.native'
    t =    14.07s Terminate app.speaklocal.vietnam.native:39712
    t =    15.15s Tear Down
Test Case '-[SpeakLocalNativeUITests.CityAppDetailV22RenderProofUITests testCaptureCityAppDetailV22RenderProofBatch]' passed (15.242 seconds).
Test Suite 'CityAppDetailV22RenderProofUITests' passed at 2026-06-01 05:58:29.706.
	 Executed 1 test, with 0 failures (0 unexpected) in 15.242 (15.243) seconds
Test Suite 'SpeakLocalNativeUITests.xctest' passed at 2026-06-01 05:58:29.707.
	 Executed 1 test, with 0 failures (0 unexpected) in 15.242 (15.244) seconds
Test Suite 'Selected tests' passed at 2026-06-01 05:58:29.708.
	 Executed 1 test, with 0 failures (0 unexpected) in 15.242 (15.245) seconds

Test session results, code coverage, and logs:
	/Users/jojolim/Library/Developer/XcodeBuildMCP/workspaces/orchestrator-309442864093/DerivedData/SpeakLocalNative-8f3e721625a0/Logs/Test/Test-SpeakLocalNative-2026.06.01_05-58-13-+0700.xcresult

** TEST EXECUTE SUCCEEDED **

Testing started

2026-06-01 05:58:14.522 xcodebuild[39542:7871272] [MT] IDELaunchParametersSnapshot: The operation couldn’t be completed. (DebuggerLLDB.DebuggerVersionStore.StoreError error 0.)
2026-06-01 05:58:14.522 xcodebuild[39542:7871272] [MT] IDELaunchParametersSnapshot: no debugger version
2026-06-01 05:58:24.979 xcodebuild[39542:7871272] [MT] IDELaunchParametersSnapshot: The operation couldn’t be completed. (DebuggerLLDB.DebuggerVersionStore.StoreError error 0.)
2026-06-01 05:58:24.979 xcodebuild[39542:7871272] [MT] IDELaunchParametersSnapshot: no debugger version
2026-06-01 05:58:30.016 xcodebuild[39542:7871272] [MT] IDETestOperationsObserverDebug: 16.708 elapsed -- Testing started completed.
2026-06-01 05:58:30.016 xcodebuild[39542:7871272] [MT] IDETestOperationsObserverDebug: 0.000 sec, +0.000 sec -- start
2026-06-01 05:58:30.016 xcodebuild[39542:7871272] [MT] IDETestOperationsObserverDebug: 16.708 sec, +16.708 sec -- end
