Command line invocation:
    /Applications/Xcode.app/Contents/Developer/usr/bin/xcodebuild test-without-building -project /Users/jojolim/Developer/products/speaklocal/app-family/.worktrees/city-listings-production-ready/native-ios/SpeakLocalNative.xcodeproj -scheme SpeakLocalNative -destination "platform=iOS Simulator,id=7C386DD3-4BF1-4A34-A918-768C43CD1258" -derivedDataPath /Users/jojolim/Library/Developer/XcodeBuildMCP/workspaces/orchestrator-309442864093/DerivedData/SpeakLocalNative-8f3e721625a0 "-only-testing:SpeakLocalNativeUITests/CityAppDetailV22RenderProofUITests/testCaptureCityAppDetailV22RenderProofBatch"

2026-06-01 06:59:45.654673+0700 SpeakLocalNativeUITests-Runner[29796:8150328] [Default] Running tests...
    t =      nans Interface orientation changed to Portrait
Test Suite 'Selected tests' started at 2026-06-01 06:59:46.018.
Test Suite 'SpeakLocalNativeUITests.xctest' started at 2026-06-01 06:59:46.019.
Test Suite 'CityAppDetailV22RenderProofUITests' started at 2026-06-01 06:59:46.019.
Test Case '-[SpeakLocalNativeUITests.CityAppDetailV22RenderProofUITests testCaptureCityAppDetailV22RenderProofBatch]' started.
    t =     0.00s Start Test at 2026-06-01 06:59:46.019
    t =     0.02s Set Up
    t =     0.02s Open app.speaklocal.vietnam.native
    t =     0.02s     Launch app.speaklocal.vietnam.native
objc[29796]: Class UIAccessibilityLoaderWebShared is implemented in both /Library/Developer/CoreSimulator/Volumes/iOS_23F77/Library/Developer/CoreSimulator/Profiles/Runtimes/iOS 26.5.simruntime/Contents/Resources/RuntimeRoot/System/Library/AccessibilityBundles/WebCore.axbundle/WebCore (0x10aeb8310) and /Library/Developer/CoreSimulator/Volumes/iOS_23F77/Library/Developer/CoreSimulator/Profiles/Runtimes/iOS 26.5.simruntime/Contents/Resources/RuntimeRoot/System/Library/AccessibilityBundles/WebKit.axbundle/WebKit (0x10a7b8398). This may cause spurious casting failures and mysterious crashes. One of the duplicates must be removed or renamed.
    t =     1.89s         Setting up automation session
    t =     2.34s         Wait for app.speaklocal.vietnam.native to idle
    t =     3.80s Checking existence of `"Đền Quán Thánh" StaticText`
    t =     3.94s Waiting 8.0s for "Đền Quán Thánh" StaticText to exist
    t =     4.98s     Checking `Expect predicate `existsNoRetry == 1` for object "Đền Quán Thánh" StaticText`
    t =     4.98s         Checking existence of `"Đền Quán Thánh" StaticText`
    t =     5.16s Swipe up Target Application 'app.speaklocal.vietnam.native'
    t =     5.16s     Wait for app.speaklocal.vietnam.native to idle
    t =     5.16s     Find the Target Application 'app.speaklocal.vietnam.native'
    t =     5.17s     Check for interrupting elements affecting "SpeakLocal Vietnam" Application
    t =     5.19s     Synthesize event
    t =     5.62s     Wait for app.speaklocal.vietnam.native to idle
    t =     7.72s Swipe up Target Application 'app.speaklocal.vietnam.native'
    t =     7.72s     Wait for app.speaklocal.vietnam.native to idle
    t =     7.72s     Find the Target Application 'app.speaklocal.vietnam.native'
    t =     7.74s     Check for interrupting elements affecting "SpeakLocal Vietnam" Application
    t =     7.77s     Synthesize event
    t =     8.20s     Wait for app.speaklocal.vietnam.native to idle
    t =     9.07s Terminate app.speaklocal.vietnam.native:29850
    t =    10.14s Open app.speaklocal.vietnam.native
    t =    10.14s     Launch app.speaklocal.vietnam.native
    t =    10.36s         Setting up automation session
    t =    10.86s         Wait for app.speaklocal.vietnam.native to idle
    t =    12.35s Waiting 4.0s for TabBar (First Match) to exist
    t =    13.38s     Checking `Expect predicate `existsNoRetry == 1` for object TabBar (First Match)`
    t =    13.38s         Checking existence of `TabBar (First Match)`
    t =    13.44s Checking existence of `"PhraseArticle.BottomSentinel.viet-family-city-hanoi-place-quan-thanh-temple" Other`
    t =    13.52s Checking existence of `"PhraseArticle.BottomSentinel.viet-phrase-city-hanoi-place-quan-thanh-temple" Other`
    t =    13.54s Find the "PhraseArticle.BottomSentinel.viet-phrase-city-hanoi-place-quan-thanh-temple" Other
    t =    13.57s Checking existence of `TabBar (First Match)`
    t =    13.57s Find the TabBar (First Match)
    t =    13.58s Find the Target Application 'app.speaklocal.vietnam.native'
    t =    13.67s Terminate app.speaklocal.vietnam.native:29961
    t =    14.72s Tear Down
Test Case '-[SpeakLocalNativeUITests.CityAppDetailV22RenderProofUITests testCaptureCityAppDetailV22RenderProofBatch]' passed (14.779 seconds).
Test Suite 'CityAppDetailV22RenderProofUITests' passed at 2026-06-01 07:00:00.799.
	 Executed 1 test, with 0 failures (0 unexpected) in 14.779 (14.780) seconds
Test Suite 'SpeakLocalNativeUITests.xctest' passed at 2026-06-01 07:00:00.800.
	 Executed 1 test, with 0 failures (0 unexpected) in 14.779 (14.781) seconds
Test Suite 'Selected tests' passed at 2026-06-01 07:00:00.801.
	 Executed 1 test, with 0 failures (0 unexpected) in 14.779 (14.782) seconds

Test session results, code coverage, and logs:
	/Users/jojolim/Library/Developer/XcodeBuildMCP/workspaces/orchestrator-309442864093/DerivedData/SpeakLocalNative-8f3e721625a0/Logs/Test/Test-SpeakLocalNative-2026.06.01_06-59-44-+0700.xcresult

** TEST EXECUTE SUCCEEDED **

Testing started

2026-06-01 06:59:46.077 xcodebuild[29791:8150170] [MT] IDELaunchParametersSnapshot: The operation couldn’t be completed. (DebuggerLLDB.DebuggerVersionStore.StoreError error 0.)
2026-06-01 06:59:46.077 xcodebuild[29791:8150170] [MT] IDELaunchParametersSnapshot: no debugger version
2026-06-01 06:59:56.165 xcodebuild[29791:8150170] [MT] IDELaunchParametersSnapshot: The operation couldn’t be completed. (DebuggerLLDB.DebuggerVersionStore.StoreError error 0.)
2026-06-01 06:59:56.165 xcodebuild[29791:8150170] [MT] IDELaunchParametersSnapshot: no debugger version
2026-06-01 07:00:01.099 xcodebuild[29791:8150170] [MT] IDETestOperationsObserverDebug: 16.233 elapsed -- Testing started completed.
2026-06-01 07:00:01.099 xcodebuild[29791:8150170] [MT] IDETestOperationsObserverDebug: 0.000 sec, +0.000 sec -- start
2026-06-01 07:00:01.099 xcodebuild[29791:8150170] [MT] IDETestOperationsObserverDebug: 16.233 sec, +16.233 sec -- end
