Command line invocation:
    /Applications/Xcode.app/Contents/Developer/usr/bin/xcodebuild test-without-building -project /Users/jojolim/Developer/products/speaklocal/app-family/.worktrees/city-listings-production-ready/native-ios/SpeakLocalNative.xcodeproj -scheme SpeakLocalNative -destination "platform=iOS Simulator,id=7C386DD3-4BF1-4A34-A918-768C43CD1258" -derivedDataPath /Users/jojolim/Library/Developer/XcodeBuildMCP/workspaces/orchestrator-309442864093/DerivedData/SpeakLocalNative-8f3e721625a0 "-only-testing:SpeakLocalNativeUITests/CityAppDetailV22RenderProofUITests/testCaptureCityAppDetailV22RenderProofBatch"

2026-06-01 08:56:16.191249+0700 SpeakLocalNativeUITests-Runner[54764:8600979] [Default] Running tests...
    t =      nans Interface orientation changed to Portrait
Test Suite 'Selected tests' started at 2026-06-01 08:56:16.558.
Test Suite 'SpeakLocalNativeUITests.xctest' started at 2026-06-01 08:56:16.558.
Test Suite 'CityAppDetailV22RenderProofUITests' started at 2026-06-01 08:56:16.559.
Test Case '-[SpeakLocalNativeUITests.CityAppDetailV22RenderProofUITests testCaptureCityAppDetailV22RenderProofBatch]' started.
    t =     0.00s Start Test at 2026-06-01 08:56:16.559
    t =     0.02s Set Up
    t =     0.02s Open app.speaklocal.vietnam.native
    t =     0.02s     Launch app.speaklocal.vietnam.native
objc[54764]: Class UIAccessibilityLoaderWebShared is implemented in both /Library/Developer/CoreSimulator/Volumes/iOS_23F77/Library/Developer/CoreSimulator/Profiles/Runtimes/iOS 26.5.simruntime/Contents/Resources/RuntimeRoot/System/Library/AccessibilityBundles/WebCore.axbundle/WebCore (0x108c8c310) and /Library/Developer/CoreSimulator/Volumes/iOS_23F77/Library/Developer/CoreSimulator/Profiles/Runtimes/iOS 26.5.simruntime/Contents/Resources/RuntimeRoot/System/Library/AccessibilityBundles/WebKit.axbundle/WebKit (0x10852c398). This may cause spurious casting failures and mysterious crashes. One of the duplicates must be removed or renamed.
    t =     1.90s         Setting up automation session
    t =     2.33s         Wait for app.speaklocal.vietnam.native to idle
    t =     3.82s Checking existence of `"Kinh thành Huế" StaticText`
    t =     3.97s Waiting 8.0s for "Kinh thành Huế" StaticText to exist
    t =     5.02s     Checking `Expect predicate `existsNoRetry == 1` for object "Kinh thành Huế" StaticText`
    t =     5.02s         Checking existence of `"Kinh thành Huế" StaticText`
    t =     5.20s Swipe up Target Application 'app.speaklocal.vietnam.native'
    t =     5.20s     Wait for app.speaklocal.vietnam.native to idle
    t =     5.20s     Find the Target Application 'app.speaklocal.vietnam.native'
    t =     5.21s     Check for interrupting elements affecting "SpeakLocal Vietnam" Application
    t =     5.23s     Synthesize event
    t =     5.65s     Wait for app.speaklocal.vietnam.native to idle
    t =     7.80s Swipe up Target Application 'app.speaklocal.vietnam.native'
    t =     7.80s     Wait for app.speaklocal.vietnam.native to idle
    t =     7.81s     Find the Target Application 'app.speaklocal.vietnam.native'
    t =     7.83s     Check for interrupting elements affecting "SpeakLocal Vietnam" Application
    t =     7.86s     Synthesize event
    t =     8.29s     Wait for app.speaklocal.vietnam.native to idle
    t =     9.15s Terminate app.speaklocal.vietnam.native:54770
    t =    10.22s Open app.speaklocal.vietnam.native
    t =    10.22s     Launch app.speaklocal.vietnam.native
    t =    10.44s         Setting up automation session
    t =    10.92s         Wait for app.speaklocal.vietnam.native to idle
    t =    12.40s Waiting 4.0s for TabBar (First Match) to exist
    t =    13.45s     Checking `Expect predicate `existsNoRetry == 1` for object TabBar (First Match)`
    t =    13.45s         Checking existence of `TabBar (First Match)`
    t =    13.50s Checking existence of `"PhraseArticle.BottomSentinel.viet-family-city-hue-place-imperial-city" Other`
    t =    13.59s Checking existence of `"PhraseArticle.BottomSentinel.viet-phrase-city-hue-place-imperial-city" Other`
    t =    13.61s Find the "PhraseArticle.BottomSentinel.viet-phrase-city-hue-place-imperial-city" Other
    t =    13.63s Checking existence of `TabBar (First Match)`
    t =    13.64s Find the TabBar (First Match)
    t =    13.65s Find the Target Application 'app.speaklocal.vietnam.native'
    t =    13.74s Terminate app.speaklocal.vietnam.native:54791
    t =    14.77s Tear Down
Test Case '-[SpeakLocalNativeUITests.CityAppDetailV22RenderProofUITests testCaptureCityAppDetailV22RenderProofBatch]' passed (14.845 seconds).
Test Suite 'CityAppDetailV22RenderProofUITests' passed at 2026-06-01 08:56:31.404.
	 Executed 1 test, with 0 failures (0 unexpected) in 14.845 (14.845) seconds
Test Suite 'SpeakLocalNativeUITests.xctest' passed at 2026-06-01 08:56:31.404.
	 Executed 1 test, with 0 failures (0 unexpected) in 14.845 (14.846) seconds
Test Suite 'Selected tests' passed at 2026-06-01 08:56:31.405.
	 Executed 1 test, with 0 failures (0 unexpected) in 14.845 (14.847) seconds

Test session results, code coverage, and logs:
	/Users/jojolim/Library/Developer/XcodeBuildMCP/workspaces/orchestrator-309442864093/DerivedData/SpeakLocalNative-8f3e721625a0/Logs/Test/Test-SpeakLocalNative-2026.06.01_08-56-15-+0700.xcresult

** TEST EXECUTE SUCCEEDED **

Testing started

2026-06-01 08:56:16.624 xcodebuild[54755:8600783] [MT] IDELaunchParametersSnapshot: The operation couldn’t be completed. (DebuggerLLDB.DebuggerVersionStore.StoreError error 0.)
2026-06-01 08:56:16.624 xcodebuild[54755:8600783] [MT] IDELaunchParametersSnapshot: no debugger version
2026-06-01 08:56:26.785 xcodebuild[54755:8600783] [MT] IDELaunchParametersSnapshot: The operation couldn’t be completed. (DebuggerLLDB.DebuggerVersionStore.StoreError error 0.)
2026-06-01 08:56:26.785 xcodebuild[54755:8600783] [MT] IDELaunchParametersSnapshot: no debugger version
2026-06-01 08:56:31.700 xcodebuild[54755:8600783] [MT] IDETestOperationsObserverDebug: 16.332 elapsed -- Testing started completed.
2026-06-01 08:56:31.700 xcodebuild[54755:8600783] [MT] IDETestOperationsObserverDebug: 0.000 sec, +0.000 sec -- start
2026-06-01 08:56:31.700 xcodebuild[54755:8600783] [MT] IDETestOperationsObserverDebug: 16.332 sec, +16.332 sec -- end
