Command line invocation:
    /Applications/Xcode.app/Contents/Developer/usr/bin/xcodebuild test-without-building -project /Users/jojolim/Developer/products/speaklocal/app-family/.worktrees/city-listings-production-ready/native-ios/SpeakLocalNative.xcodeproj -scheme SpeakLocalNative -destination "platform=iOS Simulator,id=7C386DD3-4BF1-4A34-A918-768C43CD1258" -derivedDataPath /Users/jojolim/Library/Developer/XcodeBuildMCP/workspaces/orchestrator-309442864093/DerivedData/SpeakLocalNative-8f3e721625a0 "-only-testing:SpeakLocalNativeUITests/CityAppDetailV22RenderProofUITests/testCaptureCityAppDetailV22RenderProofBatch"

2026-06-01 04:09:54.714641+0700 SpeakLocalNativeUITests-Runner[2960:7419647] [Default] Running tests...
    t =      nans Interface orientation changed to Portrait
Test Suite 'Selected tests' started at 2026-06-01 04:09:55.086.
Test Suite 'SpeakLocalNativeUITests.xctest' started at 2026-06-01 04:09:55.087.
Test Suite 'CityAppDetailV22RenderProofUITests' started at 2026-06-01 04:09:55.087.
Test Case '-[SpeakLocalNativeUITests.CityAppDetailV22RenderProofUITests testCaptureCityAppDetailV22RenderProofBatch]' started.
    t =     0.00s Start Test at 2026-06-01 04:09:55.087
    t =     0.02s Set Up
    t =     0.02s Open app.speaklocal.vietnam.native
    t =     0.02s     Launch app.speaklocal.vietnam.native
objc[2960]: Class UIAccessibilityLoaderWebShared is implemented in both /Library/Developer/CoreSimulator/Volumes/iOS_23F77/Library/Developer/CoreSimulator/Profiles/Runtimes/iOS 26.5.simruntime/Contents/Resources/RuntimeRoot/System/Library/AccessibilityBundles/WebCore.axbundle/WebCore (0x10ac38310) and /Library/Developer/CoreSimulator/Volumes/iOS_23F77/Library/Developer/CoreSimulator/Profiles/Runtimes/iOS 26.5.simruntime/Contents/Resources/RuntimeRoot/System/Library/AccessibilityBundles/WebKit.axbundle/WebKit (0x10a96c398). This may cause spurious casting failures and mysterious crashes. One of the duplicates must be removed or renamed.
    t =     1.89s         Setting up automation session
    t =     2.47s         Wait for app.speaklocal.vietnam.native to idle
    t =     3.97s Checking existence of `"Ancient Hue Restaurant" StaticText`
    t =     4.12s Waiting 8.0s for "Ancient Hue Restaurant" StaticText to exist
    t =     5.15s     Checking `Expect predicate `existsNoRetry == 1` for object "Ancient Hue Restaurant" StaticText`
    t =     5.15s         Checking existence of `"Ancient Hue Restaurant" StaticText`
    t =     5.34s Swipe up Target Application 'app.speaklocal.vietnam.native'
    t =     5.34s     Wait for app.speaklocal.vietnam.native to idle
    t =     5.34s     Find the Target Application 'app.speaklocal.vietnam.native'
    t =     5.35s     Check for interrupting elements affecting "SpeakLocal Vietnam" Application
    t =     5.37s     Synthesize event
    t =     5.79s     Wait for app.speaklocal.vietnam.native to idle
    t =     7.90s Swipe up Target Application 'app.speaklocal.vietnam.native'
    t =     7.90s     Wait for app.speaklocal.vietnam.native to idle
    t =     8.29s     Find the Target Application 'app.speaklocal.vietnam.native'
    t =     8.31s     Check for interrupting elements affecting "SpeakLocal Vietnam" Application
    t =     8.34s     Synthesize event
    t =     8.76s     Wait for app.speaklocal.vietnam.native to idle
    t =     9.50s Terminate app.speaklocal.vietnam.native:3040
    t =    10.54s Open app.speaklocal.vietnam.native
    t =    10.54s     Launch app.speaklocal.vietnam.native
    t =    10.75s         Setting up automation session
    t =    11.27s         Wait for app.speaklocal.vietnam.native to idle
    t =    12.77s Waiting 4.0s for TabBar (First Match) to exist
    t =    13.80s     Checking `Expect predicate `existsNoRetry == 1` for object TabBar (First Match)`
    t =    13.80s         Checking existence of `TabBar (First Match)`
    t =    13.86s Checking existence of `"PhraseArticle.BottomSentinel.viet-family-city-hue-place-ancient-hue-restaurant" Other`
    t =    13.95s Checking existence of `"PhraseArticle.BottomSentinel.viet-phrase-city-hue-place-ancient-hue-restaurant" Other`
    t =    13.97s Find the "PhraseArticle.BottomSentinel.viet-phrase-city-hue-place-ancient-hue-restaurant" Other
    t =    13.99s Checking existence of `TabBar (First Match)`
    t =    14.00s Find the TabBar (First Match)
    t =    14.01s Find the Target Application 'app.speaklocal.vietnam.native'
    t =    14.11s Terminate app.speaklocal.vietnam.native:3148
    t =    15.15s Tear Down
Test Case '-[SpeakLocalNativeUITests.CityAppDetailV22RenderProofUITests testCaptureCityAppDetailV22RenderProofBatch]' passed (15.211 seconds).
Test Suite 'CityAppDetailV22RenderProofUITests' passed at 2026-06-01 04:10:10.299.
	 Executed 1 test, with 0 failures (0 unexpected) in 15.211 (15.212) seconds
Test Suite 'SpeakLocalNativeUITests.xctest' passed at 2026-06-01 04:10:10.300.
	 Executed 1 test, with 0 failures (0 unexpected) in 15.211 (15.213) seconds
Test Suite 'Selected tests' passed at 2026-06-01 04:10:10.300.
	 Executed 1 test, with 0 failures (0 unexpected) in 15.211 (15.214) seconds

Test session results, code coverage, and logs:
	/Users/jojolim/Library/Developer/XcodeBuildMCP/workspaces/orchestrator-309442864093/DerivedData/SpeakLocalNative-8f3e721625a0/Logs/Test/Test-SpeakLocalNative-2026.06.01_04-09-53-+0700.xcresult

** TEST EXECUTE SUCCEEDED **

Testing started

2026-06-01 04:09:55.152 xcodebuild[2954:7419466] [MT] IDELaunchParametersSnapshot: The operation couldn’t be completed. (DebuggerLLDB.DebuggerVersionStore.StoreError error 0.)
2026-06-01 04:09:55.152 xcodebuild[2954:7419466] [MT] IDELaunchParametersSnapshot: no debugger version
2026-06-01 04:10:05.630 xcodebuild[2954:7419466] [MT] IDELaunchParametersSnapshot: The operation couldn’t be completed. (DebuggerLLDB.DebuggerVersionStore.StoreError error 0.)
2026-06-01 04:10:05.630 xcodebuild[2954:7419466] [MT] IDELaunchParametersSnapshot: no debugger version
2026-06-01 04:10:10.598 xcodebuild[2954:7419466] [MT] IDETestOperationsObserverDebug: 16.690 elapsed -- Testing started completed.
2026-06-01 04:10:10.598 xcodebuild[2954:7419466] [MT] IDETestOperationsObserverDebug: 0.000 sec, +0.000 sec -- start
2026-06-01 04:10:10.598 xcodebuild[2954:7419466] [MT] IDETestOperationsObserverDebug: 16.690 sec, +16.690 sec -- end
