Command line invocation:
    /Applications/Xcode.app/Contents/Developer/usr/bin/xcodebuild test-without-building -project /Users/jojolim/Developer/products/speaklocal/app-family/.worktrees/city-listings-production-ready/native-ios/SpeakLocalNative.xcodeproj -scheme SpeakLocalNative -destination "platform=iOS Simulator,id=7C386DD3-4BF1-4A34-A918-768C43CD1258" -derivedDataPath /Users/jojolim/Library/Developer/XcodeBuildMCP/workspaces/orchestrator-309442864093/DerivedData/SpeakLocalNative-8f3e721625a0 "-only-testing:SpeakLocalNativeUITests/CityAppDetailV22RenderProofUITests/testCaptureCityAppDetailV22RenderProofBatch"

2026-06-01 04:51:46.528081+0700 SpeakLocalNativeUITests-Runner[51735:7597634] [Default] Running tests...
    t =      nans Interface orientation changed to Portrait
Test Suite 'Selected tests' started at 2026-06-01 04:51:46.903.
Test Suite 'SpeakLocalNativeUITests.xctest' started at 2026-06-01 04:51:46.903.
Test Suite 'CityAppDetailV22RenderProofUITests' started at 2026-06-01 04:51:46.903.
Test Case '-[SpeakLocalNativeUITests.CityAppDetailV22RenderProofUITests testCaptureCityAppDetailV22RenderProofBatch]' started.
    t =     0.00s Start Test at 2026-06-01 04:51:46.904
    t =     0.02s Set Up
    t =     0.02s Open app.speaklocal.vietnam.native
    t =     0.02s     Launch app.speaklocal.vietnam.native
objc[51735]: Class UIAccessibilityLoaderWebShared is implemented in both /Library/Developer/CoreSimulator/Volumes/iOS_23F77/Library/Developer/CoreSimulator/Profiles/Runtimes/iOS 26.5.simruntime/Contents/Resources/RuntimeRoot/System/Library/AccessibilityBundles/WebCore.axbundle/WebCore (0x108604310) and /Library/Developer/CoreSimulator/Volumes/iOS_23F77/Library/Developer/CoreSimulator/Profiles/Runtimes/iOS 26.5.simruntime/Contents/Resources/RuntimeRoot/System/Library/AccessibilityBundles/WebKit.axbundle/WebKit (0x107adc398). This may cause spurious casting failures and mysterious crashes. One of the duplicates must be removed or renamed.
    t =     1.70s         Setting up automation session
    t =     2.22s         Wait for app.speaklocal.vietnam.native to idle
    t =     3.67s Checking existence of `"Mỳ Quảng Sứa Hồng Vân" StaticText`
    t =     3.83s Waiting 8.0s for "Mỳ Quảng Sứa Hồng Vân" StaticText to exist
    t =     4.89s     Checking `Expect predicate `existsNoRetry == 1` for object "Mỳ Quảng Sứa Hồng Vân" StaticText`
    t =     4.89s         Checking existence of `"Mỳ Quảng Sứa Hồng Vân" StaticText`
    t =     5.04s Swipe up Target Application 'app.speaklocal.vietnam.native'
    t =     5.04s     Wait for app.speaklocal.vietnam.native to idle
    t =     5.04s     Find the Target Application 'app.speaklocal.vietnam.native'
    t =     5.06s     Check for interrupting elements affecting "SpeakLocal Vietnam" Application
    t =     5.07s     Synthesize event
    t =     5.49s     Wait for app.speaklocal.vietnam.native to idle
    t =     7.60s Swipe up Target Application 'app.speaklocal.vietnam.native'
    t =     7.60s     Wait for app.speaklocal.vietnam.native to idle
    t =     7.60s     Find the Target Application 'app.speaklocal.vietnam.native'
    t =     7.62s     Check for interrupting elements affecting "SpeakLocal Vietnam" Application
    t =     7.64s     Synthesize event
    t =     8.06s     Wait for app.speaklocal.vietnam.native to idle
    t =     9.65s Terminate app.speaklocal.vietnam.native:51750
    t =    10.74s Open app.speaklocal.vietnam.native
    t =    10.74s     Launch app.speaklocal.vietnam.native
    t =    10.95s         Setting up automation session
    t =    11.40s         Wait for app.speaklocal.vietnam.native to idle
    t =    12.86s Waiting 4.0s for TabBar (First Match) to exist
    t =    13.94s     Checking `Expect predicate `existsNoRetry == 1` for object TabBar (First Match)`
    t =    13.94s         Checking existence of `TabBar (First Match)`
    t =    13.99s Checking existence of `"PhraseArticle.BottomSentinel.viet-family-city-danang-place-my-quang-sua-hong-van" Other`
    t =    14.08s Checking existence of `"PhraseArticle.BottomSentinel.viet-phrase-city-danang-place-my-quang-sua-hong-van" Other`
    t =    14.10s Find the "PhraseArticle.BottomSentinel.viet-phrase-city-danang-place-my-quang-sua-hong-van" Other
    t =    14.12s Checking existence of `TabBar (First Match)`
    t =    14.13s Find the TabBar (First Match)
    t =    14.14s Find the Target Application 'app.speaklocal.vietnam.native'
    t =    14.24s Terminate app.speaklocal.vietnam.native:51850
    t =    15.33s Tear Down
Test Case '-[SpeakLocalNativeUITests.CityAppDetailV22RenderProofUITests testCaptureCityAppDetailV22RenderProofBatch]' passed (15.435 seconds).
Test Suite 'CityAppDetailV22RenderProofUITests' passed at 2026-06-01 04:52:02.340.
	 Executed 1 test, with 0 failures (0 unexpected) in 15.435 (15.436) seconds
Test Suite 'SpeakLocalNativeUITests.xctest' passed at 2026-06-01 04:52:02.341.
	 Executed 1 test, with 0 failures (0 unexpected) in 15.435 (15.438) seconds
Test Suite 'Selected tests' passed at 2026-06-01 04:52:02.341.
	 Executed 1 test, with 0 failures (0 unexpected) in 15.435 (15.439) seconds

Test session results, code coverage, and logs:
	/Users/jojolim/Library/Developer/XcodeBuildMCP/workspaces/orchestrator-309442864093/DerivedData/SpeakLocalNative-8f3e721625a0/Logs/Test/Test-SpeakLocalNative-2026.06.01_04-51-45-+0700.xcresult

** TEST EXECUTE SUCCEEDED **

Testing started

2026-06-01 04:51:46.963 xcodebuild[51728:7597464] [MT] IDELaunchParametersSnapshot: The operation couldn’t be completed. (DebuggerLLDB.DebuggerVersionStore.StoreError error 0.)
2026-06-01 04:51:46.963 xcodebuild[51728:7597464] [MT] IDELaunchParametersSnapshot: no debugger version
2026-06-01 04:51:57.651 xcodebuild[51728:7597464] [MT] IDELaunchParametersSnapshot: The operation couldn’t be completed. (DebuggerLLDB.DebuggerVersionStore.StoreError error 0.)
2026-06-01 04:51:57.651 xcodebuild[51728:7597464] [MT] IDELaunchParametersSnapshot: no debugger version
2026-06-01 04:52:02.651 xcodebuild[51728:7597464] [MT] IDETestOperationsObserverDebug: 16.921 elapsed -- Testing started completed.
2026-06-01 04:52:02.651 xcodebuild[51728:7597464] [MT] IDETestOperationsObserverDebug: 0.000 sec, +0.000 sec -- start
2026-06-01 04:52:02.651 xcodebuild[51728:7597464] [MT] IDETestOperationsObserverDebug: 16.921 sec, +16.921 sec -- end
