Command line invocation:
    /Applications/Xcode.app/Contents/Developer/usr/bin/xcodebuild test-without-building -project /Users/jojolim/Developer/products/speaklocal/app-family/.worktrees/city-listings-production-ready/native-ios/SpeakLocalNative.xcodeproj -scheme SpeakLocalNative -destination "platform=iOS Simulator,id=7C386DD3-4BF1-4A34-A918-768C43CD1258" -derivedDataPath /Users/jojolim/Library/Developer/XcodeBuildMCP/workspaces/orchestrator-309442864093/DerivedData/SpeakLocalNative-8f3e721625a0 "-only-testing:SpeakLocalNativeUITests/CityAppDetailV22RenderProofUITests/testCaptureCityAppDetailV22RenderProofBatch"

2026-06-01 08:29:04.502367+0700 SpeakLocalNativeUITests-Runner[34354:8517220] [Default] Running tests...
    t =      nans Interface orientation changed to Portrait
Test Suite 'Selected tests' started at 2026-06-01 08:29:04.870.
Test Suite 'SpeakLocalNativeUITests.xctest' started at 2026-06-01 08:29:04.870.
Test Suite 'CityAppDetailV22RenderProofUITests' started at 2026-06-01 08:29:04.870.
Test Case '-[SpeakLocalNativeUITests.CityAppDetailV22RenderProofUITests testCaptureCityAppDetailV22RenderProofBatch]' started.
    t =     0.00s Start Test at 2026-06-01 08:29:04.870
    t =     0.02s Set Up
    t =     0.02s Open app.speaklocal.vietnam.native
    t =     0.02s     Launch app.speaklocal.vietnam.native
objc[34354]: Class UIAccessibilityLoaderWebShared is implemented in both /Library/Developer/CoreSimulator/Volumes/iOS_23F77/Library/Developer/CoreSimulator/Profiles/Runtimes/iOS 26.5.simruntime/Contents/Resources/RuntimeRoot/System/Library/AccessibilityBundles/WebCore.axbundle/WebCore (0x1068dc310) and /Library/Developer/CoreSimulator/Volumes/iOS_23F77/Library/Developer/CoreSimulator/Profiles/Runtimes/iOS 26.5.simruntime/Contents/Resources/RuntimeRoot/System/Library/AccessibilityBundles/WebKit.axbundle/WebKit (0x1060e8398). This may cause spurious casting failures and mysterious crashes. One of the duplicates must be removed or renamed.
    t =     1.95s         Setting up automation session
    t =     2.55s         Wait for app.speaklocal.vietnam.native to idle
    t =     4.04s Checking existence of `"Thánh địa Mỹ Sơn" StaticText`
    t =     4.17s Waiting 8.0s for "Thánh địa Mỹ Sơn" StaticText to exist
    t =     5.21s     Checking `Expect predicate `existsNoRetry == 1` for object "Thánh địa Mỹ Sơn" StaticText`
    t =     5.21s         Checking existence of `"Thánh địa Mỹ Sơn" StaticText`
    t =     5.38s Swipe up Target Application 'app.speaklocal.vietnam.native'
    t =     5.38s     Wait for app.speaklocal.vietnam.native to idle
    t =     5.38s     Find the Target Application 'app.speaklocal.vietnam.native'
    t =     5.40s     Check for interrupting elements affecting "SpeakLocal Vietnam" Application
    t =     5.42s     Synthesize event
    t =     5.84s     Wait for app.speaklocal.vietnam.native to idle
    t =     7.95s Swipe up Target Application 'app.speaklocal.vietnam.native'
    t =     7.95s     Wait for app.speaklocal.vietnam.native to idle
    t =     7.95s     Find the Target Application 'app.speaklocal.vietnam.native'
    t =     7.98s     Check for interrupting elements affecting "SpeakLocal Vietnam" Application
    t =     8.01s     Synthesize event
    t =     8.43s     Wait for app.speaklocal.vietnam.native to idle
    t =     9.31s Terminate app.speaklocal.vietnam.native:34363
    t =    10.38s Open app.speaklocal.vietnam.native
    t =    10.38s     Launch app.speaklocal.vietnam.native
    t =    10.60s         Setting up automation session
    t =    11.08s         Wait for app.speaklocal.vietnam.native to idle
    t =    12.53s Waiting 4.0s for TabBar (First Match) to exist
    t =    13.60s     Checking `Expect predicate `existsNoRetry == 1` for object TabBar (First Match)`
    t =    13.60s         Checking existence of `TabBar (First Match)`
    t =    13.65s Checking existence of `"PhraseArticle.BottomSentinel.viet-family-city-hoian-place-my-son-sanctuary" Other`
    t =    13.73s Checking existence of `"PhraseArticle.BottomSentinel.viet-phrase-city-hoian-place-my-son-sanctuary" Other`
    t =    13.76s Find the "PhraseArticle.BottomSentinel.viet-phrase-city-hoian-place-my-son-sanctuary" Other
    t =    13.78s Checking existence of `TabBar (First Match)`
    t =    13.78s Find the TabBar (First Match)
    t =    13.79s Find the Target Application 'app.speaklocal.vietnam.native'
    t =    13.89s Terminate app.speaklocal.vietnam.native:34522
    t =    14.97s Tear Down
Test Case '-[SpeakLocalNativeUITests.CityAppDetailV22RenderProofUITests testCaptureCityAppDetailV22RenderProofBatch]' passed (15.024 seconds).
Test Suite 'CityAppDetailV22RenderProofUITests' passed at 2026-06-01 08:29:19.895.
	 Executed 1 test, with 0 failures (0 unexpected) in 15.024 (15.025) seconds
Test Suite 'SpeakLocalNativeUITests.xctest' passed at 2026-06-01 08:29:19.896.
	 Executed 1 test, with 0 failures (0 unexpected) in 15.024 (15.026) seconds
Test Suite 'Selected tests' passed at 2026-06-01 08:29:19.896.
	 Executed 1 test, with 0 failures (0 unexpected) in 15.024 (15.027) seconds

Test session results, code coverage, and logs:
	/Users/jojolim/Library/Developer/XcodeBuildMCP/workspaces/orchestrator-309442864093/DerivedData/SpeakLocalNative-8f3e721625a0/Logs/Test/Test-SpeakLocalNative-2026.06.01_08-29-03-+0700.xcresult

** TEST EXECUTE SUCCEEDED **

Testing started

2026-06-01 08:29:04.930 xcodebuild[34351:8517022] [MT] IDELaunchParametersSnapshot: The operation couldn’t be completed. (DebuggerLLDB.DebuggerVersionStore.StoreError error 0.)
2026-06-01 08:29:04.930 xcodebuild[34351:8517022] [MT] IDELaunchParametersSnapshot: no debugger version
2026-06-01 08:29:15.257 xcodebuild[34351:8517022] [MT] IDELaunchParametersSnapshot: The operation couldn’t be completed. (DebuggerLLDB.DebuggerVersionStore.StoreError error 0.)
2026-06-01 08:29:15.257 xcodebuild[34351:8517022] [MT] IDELaunchParametersSnapshot: no debugger version
2026-06-01 08:29:20.194 xcodebuild[34351:8517022] [MT] IDETestOperationsObserverDebug: 16.530 elapsed -- Testing started completed.
2026-06-01 08:29:20.194 xcodebuild[34351:8517022] [MT] IDETestOperationsObserverDebug: 0.000 sec, +0.000 sec -- start
2026-06-01 08:29:20.194 xcodebuild[34351:8517022] [MT] IDETestOperationsObserverDebug: 16.530 sec, +16.530 sec -- end
