Command line invocation:
    /Applications/Xcode.app/Contents/Developer/usr/bin/xcodebuild test-without-building -project /Users/jojolim/Developer/products/speaklocal/app-family/.worktrees/city-listings-production-ready/native-ios/SpeakLocalNative.xcodeproj -scheme SpeakLocalNative -destination "platform=iOS Simulator,id=7C386DD3-4BF1-4A34-A918-768C43CD1258" -derivedDataPath /Users/jojolim/Library/Developer/XcodeBuildMCP/workspaces/orchestrator-309442864093/DerivedData/SpeakLocalNative-8f3e721625a0 "-only-testing:SpeakLocalNativeUITests/CityAppDetailV22RenderProofUITests/testCaptureCityAppDetailV22RenderProofBatch"

2026-06-01 04:36:52.301342+0700 SpeakLocalNativeUITests-Runner[34425:7533183] [Default] Running tests...
    t =      nans Interface orientation changed to Portrait
Test Suite 'Selected tests' started at 2026-06-01 04:36:52.672.
Test Suite 'SpeakLocalNativeUITests.xctest' started at 2026-06-01 04:36:52.672.
Test Suite 'CityAppDetailV22RenderProofUITests' started at 2026-06-01 04:36:52.672.
Test Case '-[SpeakLocalNativeUITests.CityAppDetailV22RenderProofUITests testCaptureCityAppDetailV22RenderProofBatch]' started.
    t =     0.00s Start Test at 2026-06-01 04:36:52.672
    t =     0.02s Set Up
    t =     0.02s Open app.speaklocal.vietnam.native
    t =     0.02s     Launch app.speaklocal.vietnam.native
objc[34425]: Class UIAccessibilityLoaderWebShared is implemented in both /Library/Developer/CoreSimulator/Volumes/iOS_23F77/Library/Developer/CoreSimulator/Profiles/Runtimes/iOS 26.5.simruntime/Contents/Resources/RuntimeRoot/System/Library/AccessibilityBundles/WebCore.axbundle/WebCore (0x106aa4310) and /Library/Developer/CoreSimulator/Volumes/iOS_23F77/Library/Developer/CoreSimulator/Profiles/Runtimes/iOS 26.5.simruntime/Contents/Resources/RuntimeRoot/System/Library/AccessibilityBundles/WebKit.axbundle/WebKit (0x106274398). This may cause spurious casting failures and mysterious crashes. One of the duplicates must be removed or renamed.
    t =     1.69s         Setting up automation session
    t =     2.23s         Wait for app.speaklocal.vietnam.native to idle
    t =     3.71s Checking existence of `"De Po Cafe" StaticText`
    t =     3.87s Waiting 8.0s for "De Po Cafe" StaticText to exist
    t =     4.95s     Checking `Expect predicate `existsNoRetry == 1` for object "De Po Cafe" StaticText`
    t =     4.95s         Checking existence of `"De Po Cafe" StaticText`
    t =     5.10s Swipe up Target Application 'app.speaklocal.vietnam.native'
    t =     5.10s     Wait for app.speaklocal.vietnam.native to idle
    t =     5.10s     Find the Target Application 'app.speaklocal.vietnam.native'
    t =     5.12s     Check for interrupting elements affecting "SpeakLocal Vietnam" Application
    t =     5.14s     Synthesize event
    t =     5.56s     Wait for app.speaklocal.vietnam.native to idle
    t =     7.67s Swipe up Target Application 'app.speaklocal.vietnam.native'
    t =     7.67s     Wait for app.speaklocal.vietnam.native to idle
    t =     7.67s     Find the Target Application 'app.speaklocal.vietnam.native'
    t =     7.70s     Check for interrupting elements affecting "SpeakLocal Vietnam" Application
    t =     7.73s     Synthesize event
    t =     8.16s     Wait for app.speaklocal.vietnam.native to idle
    t =     8.89s Terminate app.speaklocal.vietnam.native:34432
    t =     9.99s Open app.speaklocal.vietnam.native
    t =     9.99s     Launch app.speaklocal.vietnam.native
    t =    10.20s         Setting up automation session
    t =    10.69s         Wait for app.speaklocal.vietnam.native to idle
    t =    12.15s Waiting 4.0s for TabBar (First Match) to exist
    t =    13.22s     Checking `Expect predicate `existsNoRetry == 1` for object TabBar (First Match)`
    t =    13.22s         Checking existence of `TabBar (First Match)`
    t =    13.28s Checking existence of `"PhraseArticle.BottomSentinel.viet-family-city-hue-place-de-po-cafe" Other`
    t =    13.36s Checking existence of `"PhraseArticle.BottomSentinel.viet-phrase-city-hue-place-de-po-cafe" Other`
    t =    13.38s Find the "PhraseArticle.BottomSentinel.viet-phrase-city-hue-place-de-po-cafe" Other
    t =    13.40s Checking existence of `TabBar (First Match)`
    t =    13.41s Find the TabBar (First Match)
    t =    13.42s Find the Target Application 'app.speaklocal.vietnam.native'
    t =    13.51s Terminate app.speaklocal.vietnam.native:34594
    t =    14.60s Tear Down
Test Case '-[SpeakLocalNativeUITests.CityAppDetailV22RenderProofUITests testCaptureCityAppDetailV22RenderProofBatch]' passed (14.647 seconds).
Test Suite 'CityAppDetailV22RenderProofUITests' passed at 2026-06-01 04:37:07.321.
	 Executed 1 test, with 0 failures (0 unexpected) in 14.647 (14.649) seconds
Test Suite 'SpeakLocalNativeUITests.xctest' passed at 2026-06-01 04:37:07.321.
	 Executed 1 test, with 0 failures (0 unexpected) in 14.647 (14.650) seconds
Test Suite 'Selected tests' passed at 2026-06-01 04:37:07.322.
	 Executed 1 test, with 0 failures (0 unexpected) in 14.647 (14.650) seconds

Test session results, code coverage, and logs:
	/Users/jojolim/Library/Developer/XcodeBuildMCP/workspaces/orchestrator-309442864093/DerivedData/SpeakLocalNative-8f3e721625a0/Logs/Test/Test-SpeakLocalNative-2026.06.01_04-36-51-+0700.xcresult

** TEST EXECUTE SUCCEEDED **

Testing started

2026-06-01 04:36:52.726 xcodebuild[34423:7533013] [MT] IDELaunchParametersSnapshot: The operation couldn’t be completed. (DebuggerLLDB.DebuggerVersionStore.StoreError error 0.)
2026-06-01 04:36:52.726 xcodebuild[34423:7533013] [MT] IDELaunchParametersSnapshot: no debugger version
2026-06-01 04:37:02.662 xcodebuild[34423:7533013] [MT] IDELaunchParametersSnapshot: The operation couldn’t be completed. (DebuggerLLDB.DebuggerVersionStore.StoreError error 0.)
2026-06-01 04:37:02.662 xcodebuild[34423:7533013] [MT] IDELaunchParametersSnapshot: no debugger version
2026-06-01 04:37:07.630 xcodebuild[34423:7533013] [MT] IDETestOperationsObserverDebug: 16.121 elapsed -- Testing started completed.
2026-06-01 04:37:07.630 xcodebuild[34423:7533013] [MT] IDETestOperationsObserverDebug: 0.000 sec, +0.000 sec -- start
2026-06-01 04:37:07.630 xcodebuild[34423:7533013] [MT] IDETestOperationsObserverDebug: 16.121 sec, +16.121 sec -- end
