Command line invocation:
    /Applications/Xcode.app/Contents/Developer/usr/bin/xcodebuild test-without-building -project /Users/jojolim/Developer/products/speaklocal/app-family/.worktrees/city-listings-production-ready/native-ios/SpeakLocalNative.xcodeproj -scheme SpeakLocalNative -destination "platform=iOS Simulator,id=7C386DD3-4BF1-4A34-A918-768C43CD1258" -derivedDataPath /Users/jojolim/Library/Developer/XcodeBuildMCP/workspaces/orchestrator-309442864093/DerivedData/SpeakLocalNative-8f3e721625a0 "-only-testing:SpeakLocalNativeUITests/CityAppDetailV22RenderProofUITests/testCaptureCityAppDetailV22RenderProofBatch"

2026-06-01 08:53:43.268650+0700 SpeakLocalNativeUITests-Runner[53713:8592460] [Default] Running tests...
    t =      nans Interface orientation changed to Portrait
Test Suite 'Selected tests' started at 2026-06-01 08:53:43.646.
Test Suite 'SpeakLocalNativeUITests.xctest' started at 2026-06-01 08:53:43.646.
Test Suite 'CityAppDetailV22RenderProofUITests' started at 2026-06-01 08:53:43.646.
Test Case '-[SpeakLocalNativeUITests.CityAppDetailV22RenderProofUITests testCaptureCityAppDetailV22RenderProofBatch]' started.
    t =     0.00s Start Test at 2026-06-01 08:53:43.646
    t =     0.01s Set Up
    t =     0.02s Open app.speaklocal.vietnam.native
    t =     0.02s     Launch app.speaklocal.vietnam.native
objc[53713]: Class UIAccessibilityLoaderWebShared is implemented in both /Library/Developer/CoreSimulator/Volumes/iOS_23F77/Library/Developer/CoreSimulator/Profiles/Runtimes/iOS 26.5.simruntime/Contents/Resources/RuntimeRoot/System/Library/AccessibilityBundles/WebCore.axbundle/WebCore (0x108550310) and /Library/Developer/CoreSimulator/Volumes/iOS_23F77/Library/Developer/CoreSimulator/Profiles/Runtimes/iOS 26.5.simruntime/Contents/Resources/RuntimeRoot/System/Library/AccessibilityBundles/WebKit.axbundle/WebKit (0x107db0398). This may cause spurious casting failures and mysterious crashes. One of the duplicates must be removed or renamed.
    t =     1.88s         Setting up automation session
    t =     2.27s         Wait for app.speaklocal.vietnam.native to idle
    t =     3.77s Checking existence of `"Cơm hến ở Huế" StaticText`
    t =     3.88s Waiting 8.0s for "Cơm hến ở Huế" StaticText to exist
    t =     4.91s     Checking `Expect predicate `existsNoRetry == 1` for object "Cơm hến ở Huế" StaticText`
    t =     4.92s         Checking existence of `"Cơm hến ở Huế" StaticText`
    t =     5.05s Swipe up Target Application 'app.speaklocal.vietnam.native'
    t =     5.05s     Wait for app.speaklocal.vietnam.native to idle
    t =     5.05s     Find the Target Application 'app.speaklocal.vietnam.native'
    t =     5.06s     Check for interrupting elements affecting "SpeakLocal Vietnam" Application
    t =     5.08s     Synthesize event
    t =     5.50s     Wait for app.speaklocal.vietnam.native to idle
    t =     7.65s Swipe up Target Application 'app.speaklocal.vietnam.native'
    t =     7.65s     Wait for app.speaklocal.vietnam.native to idle
    t =     7.66s     Find the Target Application 'app.speaklocal.vietnam.native'
    t =     7.68s     Check for interrupting elements affecting "SpeakLocal Vietnam" Application
    t =     7.70s     Synthesize event
    t =     8.13s     Wait for app.speaklocal.vietnam.native to idle
    t =     8.79s Terminate app.speaklocal.vietnam.native:53720
    t =     9.88s Open app.speaklocal.vietnam.native
    t =     9.89s     Launch app.speaklocal.vietnam.native
    t =    10.10s         Setting up automation session
    t =    10.57s         Wait for app.speaklocal.vietnam.native to idle
    t =    12.06s Waiting 4.0s for TabBar (First Match) to exist
    t =    13.10s     Checking `Expect predicate `existsNoRetry == 1` for object TabBar (First Match)`
    t =    13.10s         Checking existence of `TabBar (First Match)`
    t =    13.13s Checking existence of `"PhraseArticle.BottomSentinel.viet-family-city-hue-place-com-hen" Other`
    t =    13.21s Checking existence of `"PhraseArticle.BottomSentinel.viet-phrase-city-hue-place-com-hen" Other`
    t =    13.23s Find the "PhraseArticle.BottomSentinel.viet-phrase-city-hue-place-com-hen" Other
    t =    13.25s Checking existence of `TabBar (First Match)`
    t =    13.26s Find the TabBar (First Match)
    t =    13.26s Find the Target Application 'app.speaklocal.vietnam.native'
    t =    13.35s Terminate app.speaklocal.vietnam.native:53739
    t =    14.43s Tear Down
Test Case '-[SpeakLocalNativeUITests.CityAppDetailV22RenderProofUITests testCaptureCityAppDetailV22RenderProofBatch]' passed (14.497 seconds).
Test Suite 'CityAppDetailV22RenderProofUITests' passed at 2026-06-01 08:53:58.144.
	 Executed 1 test, with 0 failures (0 unexpected) in 14.497 (14.498) seconds
Test Suite 'SpeakLocalNativeUITests.xctest' passed at 2026-06-01 08:53:58.144.
	 Executed 1 test, with 0 failures (0 unexpected) in 14.497 (14.498) seconds
Test Suite 'Selected tests' passed at 2026-06-01 08:53:58.145.
	 Executed 1 test, with 0 failures (0 unexpected) in 14.497 (14.499) seconds

Test session results, code coverage, and logs:
	/Users/jojolim/Library/Developer/XcodeBuildMCP/workspaces/orchestrator-309442864093/DerivedData/SpeakLocalNative-8f3e721625a0/Logs/Test/Test-SpeakLocalNative-2026.06.01_08-53-42-+0700.xcresult

** TEST EXECUTE SUCCEEDED **

Testing started

2026-06-01 08:53:43.701 xcodebuild[53707:8592288] [MT] IDELaunchParametersSnapshot: The operation couldn’t be completed. (DebuggerLLDB.DebuggerVersionStore.StoreError error 0.)
2026-06-01 08:53:43.702 xcodebuild[53707:8592288] [MT] IDELaunchParametersSnapshot: no debugger version
2026-06-01 08:53:53.535 xcodebuild[53707:8592288] [MT] IDELaunchParametersSnapshot: The operation couldn’t be completed. (DebuggerLLDB.DebuggerVersionStore.StoreError error 0.)
2026-06-01 08:53:53.535 xcodebuild[53707:8592288] [MT] IDELaunchParametersSnapshot: no debugger version
2026-06-01 08:53:58.446 xcodebuild[53707:8592288] [MT] IDETestOperationsObserverDebug: 15.991 elapsed -- Testing started completed.
2026-06-01 08:53:58.446 xcodebuild[53707:8592288] [MT] IDETestOperationsObserverDebug: 0.000 sec, +0.000 sec -- start
2026-06-01 08:53:58.446 xcodebuild[53707:8592288] [MT] IDETestOperationsObserverDebug: 15.991 sec, +15.991 sec -- end
