Command line invocation:
    /Applications/Xcode.app/Contents/Developer/usr/bin/xcodebuild test-without-building -project /Users/jojolim/Developer/products/speaklocal/app-family/.worktrees/city-listings-production-ready/native-ios/SpeakLocalNative.xcodeproj -scheme SpeakLocalNative -destination "platform=iOS Simulator,id=7C386DD3-4BF1-4A34-A918-768C43CD1258" -derivedDataPath /Users/jojolim/Library/Developer/XcodeBuildMCP/workspaces/orchestrator-309442864093/DerivedData/SpeakLocalNative-8f3e721625a0 "-only-testing:SpeakLocalNativeUITests/CityAppDetailV22RenderProofUITests/testCaptureCityAppDetailV22RenderProofBatch"

2026-06-01 06:31:26.368925+0700 SpeakLocalNativeUITests-Runner[1545:8030284] [Default] Running tests...
    t =      nans Interface orientation changed to Portrait
Test Suite 'Selected tests' started at 2026-06-01 06:31:26.737.
Test Suite 'SpeakLocalNativeUITests.xctest' started at 2026-06-01 06:31:26.738.
Test Suite 'CityAppDetailV22RenderProofUITests' started at 2026-06-01 06:31:26.738.
Test Case '-[SpeakLocalNativeUITests.CityAppDetailV22RenderProofUITests testCaptureCityAppDetailV22RenderProofBatch]' started.
    t =     0.00s Start Test at 2026-06-01 06:31:26.738
    t =     0.02s Set Up
    t =     0.02s Open app.speaklocal.vietnam.native
    t =     0.02s     Launch app.speaklocal.vietnam.native
objc[1545]: Class UIAccessibilityLoaderWebShared is implemented in both /Library/Developer/CoreSimulator/Volumes/iOS_23F77/Library/Developer/CoreSimulator/Profiles/Runtimes/iOS 26.5.simruntime/Contents/Resources/RuntimeRoot/System/Library/AccessibilityBundles/WebCore.axbundle/WebCore (0x106dd0310) and /Library/Developer/CoreSimulator/Volumes/iOS_23F77/Library/Developer/CoreSimulator/Profiles/Runtimes/iOS 26.5.simruntime/Contents/Resources/RuntimeRoot/System/Library/AccessibilityBundles/WebKit.axbundle/WebKit (0x10666c398). This may cause spurious casting failures and mysterious crashes. One of the duplicates must be removed or renamed.
    t =     1.70s         Setting up automation session
    t =     2.27s         Wait for app.speaklocal.vietnam.native to idle
    t =     3.72s Checking existence of `"Cô Chủ Nhỏ" StaticText`
    t =     3.87s Waiting 8.0s for "Cô Chủ Nhỏ" StaticText to exist
    t =     4.91s     Checking `Expect predicate `existsNoRetry == 1` for object "Cô Chủ Nhỏ" StaticText`
    t =     4.92s         Checking existence of `"Cô Chủ Nhỏ" StaticText`
    t =     5.05s Swipe up Target Application 'app.speaklocal.vietnam.native'
    t =     5.05s     Wait for app.speaklocal.vietnam.native to idle
    t =     5.05s     Find the Target Application 'app.speaklocal.vietnam.native'
    t =     5.06s     Check for interrupting elements affecting "SpeakLocal Vietnam" Application
    t =     5.08s     Synthesize event
    t =     5.50s     Wait for app.speaklocal.vietnam.native to idle
    t =     7.60s Swipe up Target Application 'app.speaklocal.vietnam.native'
    t =     7.60s     Wait for app.speaklocal.vietnam.native to idle
    t =     7.91s     Find the Target Application 'app.speaklocal.vietnam.native'
    t =     7.92s     Check for interrupting elements affecting "SpeakLocal Vietnam" Application
    t =     7.94s     Synthesize event
    t =     8.36s     Wait for app.speaklocal.vietnam.native to idle
    t =     9.03s Terminate app.speaklocal.vietnam.native:1627
    t =    10.09s Open app.speaklocal.vietnam.native
    t =    10.09s     Launch app.speaklocal.vietnam.native
    t =    10.30s         Setting up automation session
    t =    10.81s         Wait for app.speaklocal.vietnam.native to idle
    t =    12.29s Waiting 4.0s for TabBar (First Match) to exist
    t =    13.33s     Checking `Expect predicate `existsNoRetry == 1` for object TabBar (First Match)`
    t =    13.33s         Checking existence of `TabBar (First Match)`
    t =    13.39s Checking existence of `"PhraseArticle.BottomSentinel.viet-family-city-danang-place-co-chu-nho" Other`
    t =    13.47s Checking existence of `"PhraseArticle.BottomSentinel.viet-phrase-city-danang-place-co-chu-nho" Other`
    t =    13.49s Find the "PhraseArticle.BottomSentinel.viet-phrase-city-danang-place-co-chu-nho" Other
    t =    13.51s Checking existence of `TabBar (First Match)`
    t =    13.52s Find the TabBar (First Match)
    t =    13.52s Find the Target Application 'app.speaklocal.vietnam.native'
    t =    13.61s Terminate app.speaklocal.vietnam.native:1746
    t =    14.67s Tear Down
Test Case '-[SpeakLocalNativeUITests.CityAppDetailV22RenderProofUITests testCaptureCityAppDetailV22RenderProofBatch]' passed (14.753 seconds).
Test Suite 'CityAppDetailV22RenderProofUITests' passed at 2026-06-01 06:31:41.492.
	 Executed 1 test, with 0 failures (0 unexpected) in 14.753 (14.754) seconds
Test Suite 'SpeakLocalNativeUITests.xctest' passed at 2026-06-01 06:31:41.493.
	 Executed 1 test, with 0 failures (0 unexpected) in 14.753 (14.755) seconds
Test Suite 'Selected tests' passed at 2026-06-01 06:31:41.494.
	 Executed 1 test, with 0 failures (0 unexpected) in 14.753 (14.756) seconds

Test session results, code coverage, and logs:
	/Users/jojolim/Library/Developer/XcodeBuildMCP/workspaces/orchestrator-309442864093/DerivedData/SpeakLocalNative-8f3e721625a0/Logs/Test/Test-SpeakLocalNative-2026.06.01_06-31-25-+0700.xcresult

** TEST EXECUTE SUCCEEDED **

Testing started

2026-06-01 06:31:26.802 xcodebuild[1543:8030116] [MT] IDELaunchParametersSnapshot: The operation couldn’t be completed. (DebuggerLLDB.DebuggerVersionStore.StoreError error 0.)
2026-06-01 06:31:26.802 xcodebuild[1543:8030116] [MT] IDELaunchParametersSnapshot: no debugger version
2026-06-01 06:31:36.831 xcodebuild[1543:8030116] [MT] IDELaunchParametersSnapshot: The operation couldn’t be completed. (DebuggerLLDB.DebuggerVersionStore.StoreError error 0.)
2026-06-01 06:31:36.831 xcodebuild[1543:8030116] [MT] IDELaunchParametersSnapshot: no debugger version
2026-06-01 06:31:41.797 xcodebuild[1543:8030116] [MT] IDETestOperationsObserverDebug: 16.232 elapsed -- Testing started completed.
2026-06-01 06:31:41.797 xcodebuild[1543:8030116] [MT] IDETestOperationsObserverDebug: 0.000 sec, +0.000 sec -- start
2026-06-01 06:31:41.797 xcodebuild[1543:8030116] [MT] IDETestOperationsObserverDebug: 16.232 sec, +16.232 sec -- end
