Command line invocation:
    /Applications/Xcode.app/Contents/Developer/usr/bin/xcodebuild test-without-building -project /Users/jojolim/Developer/products/speaklocal/app-family/.worktrees/city-listings-production-ready/native-ios/SpeakLocalNative.xcodeproj -scheme SpeakLocalNative -destination "platform=iOS Simulator,id=7C386DD3-4BF1-4A34-A918-768C43CD1258" -derivedDataPath /Users/jojolim/Library/Developer/XcodeBuildMCP/workspaces/orchestrator-309442864093/DerivedData/SpeakLocalNative-8f3e721625a0 "-only-testing:SpeakLocalNativeUITests/CityAppDetailV22RenderProofUITests/testCaptureCityAppDetailV22RenderProofBatch"

2026-06-01 05:56:13.937421+0700 SpeakLocalNativeUITests-Runner[37599:7862753] [Default] Running tests...
    t =      nans Interface orientation changed to Portrait
Test Suite 'Selected tests' started at 2026-06-01 05:56:14.308.
Test Suite 'SpeakLocalNativeUITests.xctest' started at 2026-06-01 05:56:14.308.
Test Suite 'CityAppDetailV22RenderProofUITests' started at 2026-06-01 05:56:14.308.
Test Case '-[SpeakLocalNativeUITests.CityAppDetailV22RenderProofUITests testCaptureCityAppDetailV22RenderProofBatch]' started.
    t =     0.00s Start Test at 2026-06-01 05:56:14.308
    t =     0.02s Set Up
    t =     0.02s Open app.speaklocal.vietnam.native
    t =     0.02s     Launch app.speaklocal.vietnam.native
objc[37599]: Class UIAccessibilityLoaderWebShared is implemented in both /Library/Developer/CoreSimulator/Volumes/iOS_23F77/Library/Developer/CoreSimulator/Profiles/Runtimes/iOS 26.5.simruntime/Contents/Resources/RuntimeRoot/System/Library/AccessibilityBundles/WebCore.axbundle/WebCore (0x108550310) and /Library/Developer/CoreSimulator/Volumes/iOS_23F77/Library/Developer/CoreSimulator/Profiles/Runtimes/iOS 26.5.simruntime/Contents/Resources/RuntimeRoot/System/Library/AccessibilityBundles/WebKit.axbundle/WebKit (0x107df0398). This may cause spurious casting failures and mysterious crashes. One of the duplicates must be removed or renamed.
    t =     1.90s         Setting up automation session
    t =     2.29s         Wait for app.speaklocal.vietnam.native to idle
    t =     3.81s Checking existence of `"Chợ đêm Sơn Trà" StaticText`
    t =     3.96s Waiting 8.0s for "Chợ đêm Sơn Trà" StaticText to exist
    t =     5.03s     Checking `Expect predicate `existsNoRetry == 1` for object "Chợ đêm Sơn Trà" StaticText`
    t =     5.03s         Checking existence of `"Chợ đêm Sơn Trà" StaticText`
    t =     5.19s Swipe up Target Application 'app.speaklocal.vietnam.native'
    t =     5.19s     Wait for app.speaklocal.vietnam.native to idle
    t =     5.20s     Find the Target Application 'app.speaklocal.vietnam.native'
    t =     5.21s     Check for interrupting elements affecting "SpeakLocal Vietnam" Application
    t =     5.23s     Synthesize event
    t =     5.65s     Wait for app.speaklocal.vietnam.native to idle
    t =     7.75s Swipe up Target Application 'app.speaklocal.vietnam.native'
    t =     7.75s     Wait for app.speaklocal.vietnam.native to idle
    t =     7.76s     Find the Target Application 'app.speaklocal.vietnam.native'
    t =     7.78s     Check for interrupting elements affecting "SpeakLocal Vietnam" Application
    t =     7.81s     Synthesize event
    t =     8.24s     Wait for app.speaklocal.vietnam.native to idle
    t =    10.50s Terminate app.speaklocal.vietnam.native:37679
    t =    11.59s Open app.speaklocal.vietnam.native
    t =    11.59s     Launch app.speaklocal.vietnam.native
    t =    11.80s         Setting up automation session
    t =    12.27s         Wait for app.speaklocal.vietnam.native to idle
    t =    13.80s Waiting 4.0s for TabBar (First Match) to exist
    t =    14.87s     Checking `Expect predicate `existsNoRetry == 1` for object TabBar (First Match)`
    t =    14.87s         Checking existence of `TabBar (First Match)`
    t =    14.93s Checking existence of `"PhraseArticle.BottomSentinel.viet-family-city-danang-place-son-tra-night-market" Other`
    t =    15.02s Checking existence of `"PhraseArticle.BottomSentinel.viet-phrase-city-danang-place-son-tra-night-market" Other`
    t =    15.04s Find the "PhraseArticle.BottomSentinel.viet-phrase-city-danang-place-son-tra-night-market" Other
    t =    15.07s Checking existence of `TabBar (First Match)`
    t =    15.07s Find the TabBar (First Match)
    t =    15.08s Find the Target Application 'app.speaklocal.vietnam.native'
    t =    15.19s Terminate app.speaklocal.vietnam.native:37770
    t =    16.28s Tear Down
Test Case '-[SpeakLocalNativeUITests.CityAppDetailV22RenderProofUITests testCaptureCityAppDetailV22RenderProofBatch]' passed (16.330 seconds).
Test Suite 'CityAppDetailV22RenderProofUITests' passed at 2026-06-01 05:56:30.638.
	 Executed 1 test, with 0 failures (0 unexpected) in 16.330 (16.330) seconds
Test Suite 'SpeakLocalNativeUITests.xctest' passed at 2026-06-01 05:56:30.639.
	 Executed 1 test, with 0 failures (0 unexpected) in 16.330 (16.331) seconds
Test Suite 'Selected tests' passed at 2026-06-01 05:56:30.639.
	 Executed 1 test, with 0 failures (0 unexpected) in 16.330 (16.332) seconds

Test session results, code coverage, and logs:
	/Users/jojolim/Library/Developer/XcodeBuildMCP/workspaces/orchestrator-309442864093/DerivedData/SpeakLocalNative-8f3e721625a0/Logs/Test/Test-SpeakLocalNative-2026.06.01_05-56-12-+0700.xcresult

** TEST EXECUTE SUCCEEDED **

Testing started

2026-06-01 05:56:14.368 xcodebuild[37591:7862566] [MT] IDELaunchParametersSnapshot: The operation couldn’t be completed. (DebuggerLLDB.DebuggerVersionStore.StoreError error 0.)
2026-06-01 05:56:14.368 xcodebuild[37591:7862566] [MT] IDELaunchParametersSnapshot: no debugger version
2026-06-01 05:56:25.900 xcodebuild[37591:7862566] [MT] IDELaunchParametersSnapshot: The operation couldn’t be completed. (DebuggerLLDB.DebuggerVersionStore.StoreError error 0.)
2026-06-01 05:56:25.900 xcodebuild[37591:7862566] [MT] IDELaunchParametersSnapshot: no debugger version
2026-06-01 05:56:30.938 xcodebuild[37591:7862566] [MT] IDETestOperationsObserverDebug: 17.824 elapsed -- Testing started completed.
2026-06-01 05:56:30.938 xcodebuild[37591:7862566] [MT] IDETestOperationsObserverDebug: 0.000 sec, +0.000 sec -- start
2026-06-01 05:56:30.938 xcodebuild[37591:7862566] [MT] IDETestOperationsObserverDebug: 17.824 sec, +17.824 sec -- end
