Command line invocation:
    /Applications/Xcode.app/Contents/Developer/usr/bin/xcodebuild test-without-building -project /Users/jojolim/Developer/products/speaklocal/app-family/.worktrees/city-listings-production-ready/native-ios/SpeakLocalNative.xcodeproj -scheme SpeakLocalNative -destination "platform=iOS Simulator,id=7C386DD3-4BF1-4A34-A918-768C43CD1258" -derivedDataPath /Users/jojolim/Library/Developer/XcodeBuildMCP/workspaces/orchestrator-309442864093/DerivedData/SpeakLocalNative-8f3e721625a0 "-only-testing:SpeakLocalNativeUITests/CityAppDetailV22RenderProofUITests/testCaptureCityAppDetailV22RenderProofBatch"

2026-06-01 04:44:42.091181+0700 SpeakLocalNativeUITests-Runner[43326:7565310] [Default] Running tests...
    t =      nans Interface orientation changed to Portrait
Test Suite 'Selected tests' started at 2026-06-01 04:44:42.462.
Test Suite 'SpeakLocalNativeUITests.xctest' started at 2026-06-01 04:44:42.462.
Test Suite 'CityAppDetailV22RenderProofUITests' started at 2026-06-01 04:44:42.462.
Test Case '-[SpeakLocalNativeUITests.CityAppDetailV22RenderProofUITests testCaptureCityAppDetailV22RenderProofBatch]' started.
    t =     0.00s Start Test at 2026-06-01 04:44:42.463
    t =     0.02s Set Up
    t =     0.02s Open app.speaklocal.vietnam.native
    t =     0.02s     Launch app.speaklocal.vietnam.native
objc[43326]: Class UIAccessibilityLoaderWebShared is implemented in both /Library/Developer/CoreSimulator/Volumes/iOS_23F77/Library/Developer/CoreSimulator/Profiles/Runtimes/iOS 26.5.simruntime/Contents/Resources/RuntimeRoot/System/Library/AccessibilityBundles/WebCore.axbundle/WebCore (0x10a9c4310) and /Library/Developer/CoreSimulator/Volumes/iOS_23F77/Library/Developer/CoreSimulator/Profiles/Runtimes/iOS 26.5.simruntime/Contents/Resources/RuntimeRoot/System/Library/AccessibilityBundles/WebKit.axbundle/WebKit (0x109e3c398). This may cause spurious casting failures and mysterious crashes. One of the duplicates must be removed or renamed.
    t =     2.11s         Setting up automation session
    t =     2.48s         Wait for app.speaklocal.vietnam.native to idle
    t =     3.97s Checking existence of `"Chợ Hôm" StaticText`
    t =     4.11s Waiting 8.0s for "Chợ Hôm" StaticText to exist
    t =     5.18s     Checking `Expect predicate `existsNoRetry == 1` for object "Chợ Hôm" StaticText`
    t =     5.18s         Checking existence of `"Chợ Hôm" StaticText`
    t =     5.33s Swipe up Target Application 'app.speaklocal.vietnam.native'
    t =     5.33s     Wait for app.speaklocal.vietnam.native to idle
    t =     5.34s     Find the Target Application 'app.speaklocal.vietnam.native'
    t =     5.35s     Check for interrupting elements affecting "SpeakLocal Vietnam" Application
    t =     5.37s     Synthesize event
    t =     5.79s     Wait for app.speaklocal.vietnam.native to idle
    t =     7.92s Swipe up Target Application 'app.speaklocal.vietnam.native'
    t =     7.92s     Wait for app.speaklocal.vietnam.native to idle
    t =     7.96s     Find the Target Application 'app.speaklocal.vietnam.native'
    t =     7.99s     Check for interrupting elements affecting "SpeakLocal Vietnam" Application
    t =     8.01s     Synthesize event
    t =     8.43s     Wait for app.speaklocal.vietnam.native to idle
    t =     9.05s Terminate app.speaklocal.vietnam.native:43405
    t =    10.13s Open app.speaklocal.vietnam.native
    t =    10.14s     Launch app.speaklocal.vietnam.native
    t =    10.35s         Setting up automation session
    t =    10.86s         Wait for app.speaklocal.vietnam.native to idle
    t =    12.34s Waiting 4.0s for TabBar (First Match) to exist
    t =    13.40s     Checking `Expect predicate `existsNoRetry == 1` for object TabBar (First Match)`
    t =    13.40s         Checking existence of `TabBar (First Match)`
    t =    13.44s Checking existence of `"PhraseArticle.BottomSentinel.viet-family-city-hanoi-place-hom-market" Other`
    t =    13.53s Checking existence of `"PhraseArticle.BottomSentinel.viet-phrase-city-hanoi-place-hom-market" Other`
    t =    13.55s Find the "PhraseArticle.BottomSentinel.viet-phrase-city-hanoi-place-hom-market" Other
    t =    13.57s Checking existence of `TabBar (First Match)`
    t =    13.57s Find the TabBar (First Match)
    t =    13.58s Find the Target Application 'app.speaklocal.vietnam.native'
    t =    13.67s Terminate app.speaklocal.vietnam.native:43493
    t =    14.76s Tear Down
Test Case '-[SpeakLocalNativeUITests.CityAppDetailV22RenderProofUITests testCaptureCityAppDetailV22RenderProofBatch]' passed (14.823 seconds).
Test Suite 'CityAppDetailV22RenderProofUITests' passed at 2026-06-01 04:44:57.287.
	 Executed 1 test, with 0 failures (0 unexpected) in 14.823 (14.825) seconds
Test Suite 'SpeakLocalNativeUITests.xctest' passed at 2026-06-01 04:44:57.288.
	 Executed 1 test, with 0 failures (0 unexpected) in 14.823 (14.826) seconds
Test Suite 'Selected tests' passed at 2026-06-01 04:44:57.289.
	 Executed 1 test, with 0 failures (0 unexpected) in 14.823 (14.827) seconds

Test session results, code coverage, and logs:
	/Users/jojolim/Library/Developer/XcodeBuildMCP/workspaces/orchestrator-309442864093/DerivedData/SpeakLocalNative-8f3e721625a0/Logs/Test/Test-SpeakLocalNative-2026.06.01_04-44-41-+0700.xcresult

** TEST EXECUTE SUCCEEDED **

Testing started

2026-06-01 04:44:42.526 xcodebuild[43323:7565121] [MT] IDELaunchParametersSnapshot: The operation couldn’t be completed. (DebuggerLLDB.DebuggerVersionStore.StoreError error 0.)
2026-06-01 04:44:42.526 xcodebuild[43323:7565121] [MT] IDELaunchParametersSnapshot: no debugger version
2026-06-01 04:44:52.602 xcodebuild[43323:7565121] [MT] IDELaunchParametersSnapshot: The operation couldn’t be completed. (DebuggerLLDB.DebuggerVersionStore.StoreError error 0.)
2026-06-01 04:44:52.602 xcodebuild[43323:7565121] [MT] IDELaunchParametersSnapshot: no debugger version
2026-06-01 04:44:57.599 xcodebuild[43323:7565121] [MT] IDETestOperationsObserverDebug: 16.303 elapsed -- Testing started completed.
2026-06-01 04:44:57.599 xcodebuild[43323:7565121] [MT] IDETestOperationsObserverDebug: 0.000 sec, +0.000 sec -- start
2026-06-01 04:44:57.599 xcodebuild[43323:7565121] [MT] IDETestOperationsObserverDebug: 16.303 sec, +16.303 sec -- end
