Command line invocation:
    /Applications/Xcode.app/Contents/Developer/usr/bin/xcodebuild test-without-building -project /Users/jojolim/Developer/products/speaklocal/app-family/.worktrees/city-listings-production-ready/native-ios/SpeakLocalNative.xcodeproj -scheme SpeakLocalNative -destination "platform=iOS Simulator,id=7C386DD3-4BF1-4A34-A918-768C43CD1258" -derivedDataPath /Users/jojolim/Library/Developer/XcodeBuildMCP/workspaces/orchestrator-309442864093/DerivedData/SpeakLocalNative-8f3e721625a0 "-only-testing:SpeakLocalNativeUITests/CityAppDetailV22RenderProofUITests/testCaptureCityAppDetailV22RenderProofBatch"

2026-06-01 08:58:15.386651+0700 SpeakLocalNativeUITests-Runner[55836:8608405] [Default] Running tests...
    t =      nans Interface orientation changed to Portrait
Test Suite 'Selected tests' started at 2026-06-01 08:58:15.752.
Test Suite 'SpeakLocalNativeUITests.xctest' started at 2026-06-01 08:58:15.753.
Test Suite 'CityAppDetailV22RenderProofUITests' started at 2026-06-01 08:58:15.753.
Test Case '-[SpeakLocalNativeUITests.CityAppDetailV22RenderProofUITests testCaptureCityAppDetailV22RenderProofBatch]' started.
    t =     0.00s Start Test at 2026-06-01 08:58:15.753
    t =     0.02s Set Up
    t =     0.02s Open app.speaklocal.vietnam.native
    t =     0.02s     Launch app.speaklocal.vietnam.native
objc[55836]: Class UIAccessibilityLoaderWebShared is implemented in both /Library/Developer/CoreSimulator/Volumes/iOS_23F77/Library/Developer/CoreSimulator/Profiles/Runtimes/iOS 26.5.simruntime/Contents/Resources/RuntimeRoot/System/Library/AccessibilityBundles/WebCore.axbundle/WebCore (0x10a8d0310) and /Library/Developer/CoreSimulator/Volumes/iOS_23F77/Library/Developer/CoreSimulator/Profiles/Runtimes/iOS 26.5.simruntime/Contents/Resources/RuntimeRoot/System/Library/AccessibilityBundles/WebKit.axbundle/WebKit (0x10a170398). This may cause spurious casting failures and mysterious crashes. One of the duplicates must be removed or renamed.
    t =     1.90s         Setting up automation session
    t =     2.34s         Wait for app.speaklocal.vietnam.native to idle
    t =     3.79s Checking existence of `"Không gian lưu niệm Lê Bá Đảng" StaticText`
    t =     3.94s Waiting 8.0s for "Không gian lưu niệm Lê Bá Đảng" StaticText to exist
    t =     4.99s     Checking `Expect predicate `existsNoRetry == 1` for object "Không gian lưu niệm Lê Bá Đảng" StaticText`
    t =     4.99s         Checking existence of `"Không gian lưu niệm Lê Bá Đảng" StaticText`
    t =     5.16s Swipe up Target Application 'app.speaklocal.vietnam.native'
    t =     5.16s     Wait for app.speaklocal.vietnam.native to idle
    t =     5.16s     Find the Target Application 'app.speaklocal.vietnam.native'
    t =     5.17s     Check for interrupting elements affecting "SpeakLocal Vietnam" Application
    t =     5.19s     Synthesize event
    t =     5.61s     Wait for app.speaklocal.vietnam.native to idle
    t =     7.75s Swipe up Target Application 'app.speaklocal.vietnam.native'
    t =     7.75s     Wait for app.speaklocal.vietnam.native to idle
    t =     7.75s     Find the Target Application 'app.speaklocal.vietnam.native'
    t =     7.78s     Check for interrupting elements affecting "SpeakLocal Vietnam" Application
    t =     7.80s     Synthesize event
    t =     8.23s     Wait for app.speaklocal.vietnam.native to idle
    t =     9.03s Terminate app.speaklocal.vietnam.native:55842
    t =    10.09s Open app.speaklocal.vietnam.native
    t =    10.10s     Launch app.speaklocal.vietnam.native
    t =    10.31s         Setting up automation session
    t =    10.79s         Wait for app.speaklocal.vietnam.native to idle
    t =    12.26s Waiting 4.0s for TabBar (First Match) to exist
    t =    13.29s     Checking `Expect predicate `existsNoRetry == 1` for object TabBar (First Match)`
    t =    13.29s         Checking existence of `TabBar (First Match)`
    t =    13.35s Checking existence of `"PhraseArticle.BottomSentinel.viet-family-city-hue-place-le-ba-dang-memory-space" Other`
    t =    13.43s Checking existence of `"PhraseArticle.BottomSentinel.viet-phrase-city-hue-place-le-ba-dang-memory-space" Other`
    t =    13.45s Find the "PhraseArticle.BottomSentinel.viet-phrase-city-hue-place-le-ba-dang-memory-space" Other
    t =    13.47s Checking existence of `TabBar (First Match)`
    t =    13.48s Find the TabBar (First Match)
    t =    13.49s Find the Target Application 'app.speaklocal.vietnam.native'
    t =    13.58s Terminate app.speaklocal.vietnam.native:56002
    t =    14.67s Tear Down
Test Case '-[SpeakLocalNativeUITests.CityAppDetailV22RenderProofUITests testCaptureCityAppDetailV22RenderProofBatch]' passed (14.731 seconds).
Test Suite 'CityAppDetailV22RenderProofUITests' passed at 2026-06-01 08:58:30.485.
	 Executed 1 test, with 0 failures (0 unexpected) in 14.731 (14.732) seconds
Test Suite 'SpeakLocalNativeUITests.xctest' passed at 2026-06-01 08:58:30.486.
	 Executed 1 test, with 0 failures (0 unexpected) in 14.731 (14.734) seconds
Test Suite 'Selected tests' passed at 2026-06-01 08:58:30.487.
	 Executed 1 test, with 0 failures (0 unexpected) in 14.731 (14.735) seconds

Test session results, code coverage, and logs:
	/Users/jojolim/Library/Developer/XcodeBuildMCP/workspaces/orchestrator-309442864093/DerivedData/SpeakLocalNative-8f3e721625a0/Logs/Test/Test-SpeakLocalNative-2026.06.01_08-58-14-+0700.xcresult

** TEST EXECUTE SUCCEEDED **

Testing started

2026-06-01 08:58:15.818 xcodebuild[55834:8608236] [MT] IDELaunchParametersSnapshot: The operation couldn’t be completed. (DebuggerLLDB.DebuggerVersionStore.StoreError error 0.)
2026-06-01 08:58:15.818 xcodebuild[55834:8608236] [MT] IDELaunchParametersSnapshot: no debugger version
2026-06-01 08:58:25.851 xcodebuild[55834:8608236] [MT] IDELaunchParametersSnapshot: The operation couldn’t be completed. (DebuggerLLDB.DebuggerVersionStore.StoreError error 0.)
2026-06-01 08:58:25.851 xcodebuild[55834:8608236] [MT] IDELaunchParametersSnapshot: no debugger version
2026-06-01 08:58:30.789 xcodebuild[55834:8608236] [MT] IDETestOperationsObserverDebug: 16.213 elapsed -- Testing started completed.
2026-06-01 08:58:30.789 xcodebuild[55834:8608236] [MT] IDETestOperationsObserverDebug: 0.000 sec, +0.000 sec -- start
2026-06-01 08:58:30.789 xcodebuild[55834:8608236] [MT] IDETestOperationsObserverDebug: 16.213 sec, +16.213 sec -- end
