Command line invocation:
    /Applications/Xcode.app/Contents/Developer/usr/bin/xcodebuild test-without-building -project /Users/jojolim/Developer/products/speaklocal/app-family/.worktrees/city-listings-production-ready/native-ios/SpeakLocalNative.xcodeproj -scheme SpeakLocalNative -destination "platform=iOS Simulator,id=7C386DD3-4BF1-4A34-A918-768C43CD1258" -derivedDataPath /Users/jojolim/Library/Developer/XcodeBuildMCP/workspaces/orchestrator-309442864093/DerivedData/SpeakLocalNative-8f3e721625a0 "-only-testing:SpeakLocalNativeUITests/CityAppDetailV22RenderProofUITests/testCaptureCityAppDetailV22RenderProofBatch"

2026-06-01 06:06:46.108081+0700 SpeakLocalNativeUITests-Runner[52337:7910829] [Default] Running tests...
    t =      nans Interface orientation changed to Portrait
Test Suite 'Selected tests' started at 2026-06-01 06:06:46.496.
Test Suite 'SpeakLocalNativeUITests.xctest' started at 2026-06-01 06:06:46.496.
Test Suite 'CityAppDetailV22RenderProofUITests' started at 2026-06-01 06:06:46.496.
Test Case '-[SpeakLocalNativeUITests.CityAppDetailV22RenderProofUITests testCaptureCityAppDetailV22RenderProofBatch]' started.
    t =     0.00s Start Test at 2026-06-01 06:06:46.497
    t =     0.02s Set Up
    t =     0.02s Open app.speaklocal.vietnam.native
    t =     0.02s     Launch app.speaklocal.vietnam.native
objc[52337]: Class UIAccessibilityLoaderWebShared is implemented in both /Library/Developer/CoreSimulator/Volumes/iOS_23F77/Library/Developer/CoreSimulator/Profiles/Runtimes/iOS 26.5.simruntime/Contents/Resources/RuntimeRoot/System/Library/AccessibilityBundles/WebCore.axbundle/WebCore (0x108ee8310) and /Library/Developer/CoreSimulator/Volumes/iOS_23F77/Library/Developer/CoreSimulator/Profiles/Runtimes/iOS 26.5.simruntime/Contents/Resources/RuntimeRoot/System/Library/AccessibilityBundles/WebKit.axbundle/WebKit (0x108718398). This may cause spurious casting failures and mysterious crashes. One of the duplicates must be removed or renamed.
    t =     1.89s         Setting up automation session
    t =     2.50s         Wait for app.speaklocal.vietnam.native to idle
    t =     3.99s Checking existence of `"Phước Mỹ" StaticText`
    t =     4.16s Waiting 8.0s for "Phước Mỹ" StaticText to exist
    t =     5.23s     Checking `Expect predicate `existsNoRetry == 1` for object "Phước Mỹ" StaticText`
    t =     5.23s         Checking existence of `"Phước Mỹ" StaticText`
    t =     5.38s Swipe up Target Application 'app.speaklocal.vietnam.native'
    t =     5.38s     Wait for app.speaklocal.vietnam.native to idle
    t =     5.39s     Find the Target Application 'app.speaklocal.vietnam.native'
    t =     5.40s     Check for interrupting elements affecting "SpeakLocal Vietnam" Application
    t =     5.42s     Synthesize event
    t =     5.84s     Wait for app.speaklocal.vietnam.native to idle
    t =     7.94s Swipe up Target Application 'app.speaklocal.vietnam.native'
    t =     7.94s     Wait for app.speaklocal.vietnam.native to idle
    t =     8.03s     Find the Target Application 'app.speaklocal.vietnam.native'
    t =     8.05s     Check for interrupting elements affecting "SpeakLocal Vietnam" Application
    t =     8.08s     Synthesize event
    t =     8.50s     Wait for app.speaklocal.vietnam.native to idle
    t =     9.18s Terminate app.speaklocal.vietnam.native:52419
    t =    10.27s Open app.speaklocal.vietnam.native
    t =    10.27s     Launch app.speaklocal.vietnam.native
    t =    10.48s         Setting up automation session
    t =    10.96s         Wait for app.speaklocal.vietnam.native to idle
    t =    12.45s Waiting 4.0s for TabBar (First Match) to exist
    t =    13.53s     Checking `Expect predicate `existsNoRetry == 1` for object TabBar (First Match)`
    t =    13.53s         Checking existence of `TabBar (First Match)`
    t =    13.58s Checking existence of `"PhraseArticle.BottomSentinel.viet-family-city-danang-place-phuoc-my" Other`
    t =    13.66s Checking existence of `"PhraseArticle.BottomSentinel.viet-phrase-city-danang-place-phuoc-my" Other`
    t =    13.68s Find the "PhraseArticle.BottomSentinel.viet-phrase-city-danang-place-phuoc-my" Other
    t =    13.70s Checking existence of `TabBar (First Match)`
    t =    13.71s Find the TabBar (First Match)
    t =    13.72s Find the Target Application 'app.speaklocal.vietnam.native'
    t =    13.81s Terminate app.speaklocal.vietnam.native:52506
    t =    14.89s Tear Down
Test Case '-[SpeakLocalNativeUITests.CityAppDetailV22RenderProofUITests testCaptureCityAppDetailV22RenderProofBatch]' passed (14.954 seconds).
Test Suite 'CityAppDetailV22RenderProofUITests' passed at 2026-06-01 06:07:01.451.
	 Executed 1 test, with 0 failures (0 unexpected) in 14.954 (14.955) seconds
Test Suite 'SpeakLocalNativeUITests.xctest' passed at 2026-06-01 06:07:01.451.
	 Executed 1 test, with 0 failures (0 unexpected) in 14.954 (14.955) seconds
Test Suite 'Selected tests' passed at 2026-06-01 06:07:01.452.
	 Executed 1 test, with 0 failures (0 unexpected) in 14.954 (14.956) seconds

Test session results, code coverage, and logs:
	/Users/jojolim/Library/Developer/XcodeBuildMCP/workspaces/orchestrator-309442864093/DerivedData/SpeakLocalNative-8f3e721625a0/Logs/Test/Test-SpeakLocalNative-2026.06.01_06-06-45-+0700.xcresult

** TEST EXECUTE SUCCEEDED **

Testing started

2026-06-01 06:06:46.550 xcodebuild[52327:7910558] [MT] IDELaunchParametersSnapshot: The operation couldn’t be completed. (DebuggerLLDB.DebuggerVersionStore.StoreError error 0.)
2026-06-01 06:06:46.550 xcodebuild[52327:7910558] [MT] IDELaunchParametersSnapshot: no debugger version
2026-06-01 06:06:56.769 xcodebuild[52327:7910558] [MT] IDELaunchParametersSnapshot: The operation couldn’t be completed. (DebuggerLLDB.DebuggerVersionStore.StoreError error 0.)
2026-06-01 06:06:56.769 xcodebuild[52327:7910558] [MT] IDELaunchParametersSnapshot: no debugger version
2026-06-01 06:07:01.746 xcodebuild[52327:7910558] [MT] IDETestOperationsObserverDebug: 16.464 elapsed -- Testing started completed.
2026-06-01 06:07:01.746 xcodebuild[52327:7910558] [MT] IDETestOperationsObserverDebug: 0.000 sec, +0.000 sec -- start
2026-06-01 06:07:01.746 xcodebuild[52327:7910558] [MT] IDETestOperationsObserverDebug: 16.464 sec, +16.464 sec -- end
