Command line invocation:
    /Applications/Xcode.app/Contents/Developer/usr/bin/xcodebuild test-without-building -project /Users/jojolim/Developer/products/speaklocal/app-family/.worktrees/city-listings-production-ready/native-ios/SpeakLocalNative.xcodeproj -scheme SpeakLocalNative -destination "platform=iOS Simulator,id=7C386DD3-4BF1-4A34-A918-768C43CD1258" -derivedDataPath /Users/jojolim/Library/Developer/XcodeBuildMCP/workspaces/orchestrator-309442864093/DerivedData/SpeakLocalNative-8f3e721625a0 "-only-testing:SpeakLocalNativeUITests/CityAppDetailV22RenderProofUITests/testCaptureCityAppDetailV22RenderProofBatch"

2026-06-01 04:44:07.672576+0700 SpeakLocalNativeUITests-Runner[42760:7562693] [Default] Running tests...
    t =      nans Interface orientation changed to Portrait
Test Suite 'Selected tests' started at 2026-06-01 04:44:08.042.
Test Suite 'SpeakLocalNativeUITests.xctest' started at 2026-06-01 04:44:08.042.
Test Suite 'CityAppDetailV22RenderProofUITests' started at 2026-06-01 04:44:08.042.
Test Case '-[SpeakLocalNativeUITests.CityAppDetailV22RenderProofUITests testCaptureCityAppDetailV22RenderProofBatch]' started.
    t =     0.00s Start Test at 2026-06-01 04:44:08.042
    t =     0.02s Set Up
    t =     0.02s Open app.speaklocal.vietnam.native
    t =     0.02s     Launch app.speaklocal.vietnam.native
objc[42760]: Class UIAccessibilityLoaderWebShared is implemented in both /Library/Developer/CoreSimulator/Volumes/iOS_23F77/Library/Developer/CoreSimulator/Profiles/Runtimes/iOS 26.5.simruntime/Contents/Resources/RuntimeRoot/System/Library/AccessibilityBundles/WebCore.axbundle/WebCore (0x107140310) and /Library/Developer/CoreSimulator/Volumes/iOS_23F77/Library/Developer/CoreSimulator/Profiles/Runtimes/iOS 26.5.simruntime/Contents/Resources/RuntimeRoot/System/Library/AccessibilityBundles/WebKit.axbundle/WebKit (0x1065dc398). This may cause spurious casting failures and mysterious crashes. One of the duplicates must be removed or renamed.
    t =     1.90s         Setting up automation session
    t =     2.39s         Wait for app.speaklocal.vietnam.native to idle
    t =     3.88s Checking existence of `"Không Gian Hoài Cổ Coffee" StaticText`
    t =     4.04s Waiting 8.0s for "Không Gian Hoài Cổ Coffee" StaticText to exist
    t =     5.10s     Checking `Expect predicate `existsNoRetry == 1` for object "Không Gian Hoài Cổ Coffee" StaticText`
    t =     5.10s         Checking existence of `"Không Gian Hoài Cổ Coffee" StaticText`
    t =     5.25s Swipe up Target Application 'app.speaklocal.vietnam.native'
    t =     5.25s     Wait for app.speaklocal.vietnam.native to idle
    t =     5.26s     Find the Target Application 'app.speaklocal.vietnam.native'
    t =     5.27s     Check for interrupting elements affecting "SpeakLocal Vietnam" Application
    t =     5.29s     Synthesize event
    t =     5.70s     Wait for app.speaklocal.vietnam.native to idle
    t =     7.82s Swipe up Target Application 'app.speaklocal.vietnam.native'
    t =     7.82s     Wait for app.speaklocal.vietnam.native to idle
    t =     7.82s     Find the Target Application 'app.speaklocal.vietnam.native'
    t =     7.84s     Check for interrupting elements affecting "SpeakLocal Vietnam" Application
    t =     7.86s     Synthesize event
    t =     8.28s     Wait for app.speaklocal.vietnam.native to idle
    t =     9.05s Terminate app.speaklocal.vietnam.native:42842
    t =    10.14s Open app.speaklocal.vietnam.native
    t =    10.14s     Launch app.speaklocal.vietnam.native
    t =    10.36s         Setting up automation session
    t =    10.85s         Wait for app.speaklocal.vietnam.native to idle
    t =    12.30s Waiting 4.0s for TabBar (First Match) to exist
    t =    13.38s     Checking `Expect predicate `existsNoRetry == 1` for object TabBar (First Match)`
    t =    13.38s         Checking existence of `TabBar (First Match)`
    t =    13.44s Checking existence of `"PhraseArticle.BottomSentinel.viet-family-city-hue-place-khong-gian-hoai-co-coffee" Other`
    t =    13.52s Checking existence of `"PhraseArticle.BottomSentinel.viet-phrase-city-hue-place-khong-gian-hoai-co-coffee" Other`
    t =    13.54s Find the "PhraseArticle.BottomSentinel.viet-phrase-city-hue-place-khong-gian-hoai-co-coffee" Other
    t =    13.56s Checking existence of `TabBar (First Match)`
    t =    13.57s Find the TabBar (First Match)
    t =    13.58s Find the Target Application 'app.speaklocal.vietnam.native'
    t =    13.67s Terminate app.speaklocal.vietnam.native:42933
    t =    14.75s Tear Down
Test Case '-[SpeakLocalNativeUITests.CityAppDetailV22RenderProofUITests testCaptureCityAppDetailV22RenderProofBatch]' passed (14.815 seconds).
Test Suite 'CityAppDetailV22RenderProofUITests' passed at 2026-06-01 04:44:22.858.
	 Executed 1 test, with 0 failures (0 unexpected) in 14.815 (14.816) seconds
Test Suite 'SpeakLocalNativeUITests.xctest' passed at 2026-06-01 04:44:22.859.
	 Executed 1 test, with 0 failures (0 unexpected) in 14.815 (14.817) seconds
Test Suite 'Selected tests' passed at 2026-06-01 04:44:22.859.
	 Executed 1 test, with 0 failures (0 unexpected) in 14.815 (14.818) seconds

Test session results, code coverage, and logs:
	/Users/jojolim/Library/Developer/XcodeBuildMCP/workspaces/orchestrator-309442864093/DerivedData/SpeakLocalNative-8f3e721625a0/Logs/Test/Test-SpeakLocalNative-2026.06.01_04-44-06-+0700.xcresult

** TEST EXECUTE SUCCEEDED **

Testing started

2026-06-01 04:44:08.107 xcodebuild[42756:7562527] [MT] IDELaunchParametersSnapshot: The operation couldn’t be completed. (DebuggerLLDB.DebuggerVersionStore.StoreError error 0.)
2026-06-01 04:44:08.107 xcodebuild[42756:7562527] [MT] IDELaunchParametersSnapshot: no debugger version
2026-06-01 04:44:18.185 xcodebuild[42756:7562527] [MT] IDELaunchParametersSnapshot: The operation couldn’t be completed. (DebuggerLLDB.DebuggerVersionStore.StoreError error 0.)
2026-06-01 04:44:18.185 xcodebuild[42756:7562527] [MT] IDELaunchParametersSnapshot: no debugger version
2026-06-01 04:44:23.158 xcodebuild[42756:7562527] [MT] IDETestOperationsObserverDebug: 16.291 elapsed -- Testing started completed.
2026-06-01 04:44:23.158 xcodebuild[42756:7562527] [MT] IDETestOperationsObserverDebug: 0.000 sec, +0.000 sec -- start
2026-06-01 04:44:23.158 xcodebuild[42756:7562527] [MT] IDETestOperationsObserverDebug: 16.291 sec, +16.291 sec -- end
