Command line invocation:
    /Applications/Xcode.app/Contents/Developer/usr/bin/xcodebuild test-without-building -project /Users/jojolim/Developer/products/speaklocal/app-family/.worktrees/city-listings-production-ready/native-ios/SpeakLocalNative.xcodeproj -scheme SpeakLocalNative -destination "platform=iOS Simulator,id=7C386DD3-4BF1-4A34-A918-768C43CD1258" -derivedDataPath /Users/jojolim/Library/Developer/XcodeBuildMCP/workspaces/orchestrator-309442864093/DerivedData/SpeakLocalNative-8f3e721625a0 "-only-testing:SpeakLocalNativeUITests/CityAppDetailV22RenderProofUITests/testCaptureCityAppDetailV22RenderProofBatch"

2026-06-01 07:35:39.289663+0700 SpeakLocalNativeUITests-Runner[70434:8304190] [Default] Running tests...
    t =      nans Interface orientation changed to Portrait
Test Suite 'Selected tests' started at 2026-06-01 07:35:39.657.
Test Suite 'SpeakLocalNativeUITests.xctest' started at 2026-06-01 07:35:39.658.
Test Suite 'CityAppDetailV22RenderProofUITests' started at 2026-06-01 07:35:39.658.
Test Case '-[SpeakLocalNativeUITests.CityAppDetailV22RenderProofUITests testCaptureCityAppDetailV22RenderProofBatch]' started.
    t =     0.00s Start Test at 2026-06-01 07:35:39.658
    t =     0.02s Set Up
    t =     0.02s Open app.speaklocal.vietnam.native
    t =     0.02s     Launch app.speaklocal.vietnam.native
objc[70434]: Class UIAccessibilityLoaderWebShared is implemented in both /Library/Developer/CoreSimulator/Volumes/iOS_23F77/Library/Developer/CoreSimulator/Profiles/Runtimes/iOS 26.5.simruntime/Contents/Resources/RuntimeRoot/System/Library/AccessibilityBundles/WebCore.axbundle/WebCore (0x108ab8310) and /Library/Developer/CoreSimulator/Volumes/iOS_23F77/Library/Developer/CoreSimulator/Profiles/Runtimes/iOS 26.5.simruntime/Contents/Resources/RuntimeRoot/System/Library/AccessibilityBundles/WebKit.axbundle/WebKit (0x10835c398). This may cause spurious casting failures and mysterious crashes. One of the duplicates must be removed or renamed.
    t =     1.89s         Setting up automation session
    t =     2.33s         Wait for app.speaklocal.vietnam.native to idle
    t =     3.77s Checking existence of `"Bò Kho Gánh" StaticText`
    t =     3.95s Waiting 8.0s for "Bò Kho Gánh" StaticText to exist
    t =     5.00s     Checking `Expect predicate `existsNoRetry == 1` for object "Bò Kho Gánh" StaticText`
    t =     5.00s         Checking existence of `"Bò Kho Gánh" StaticText`
    t =     5.15s Swipe up Target Application 'app.speaklocal.vietnam.native'
    t =     5.15s     Wait for app.speaklocal.vietnam.native to idle
    t =     5.15s     Find the Target Application 'app.speaklocal.vietnam.native'
    t =     5.17s     Check for interrupting elements affecting "SpeakLocal Vietnam" Application
    t =     5.19s     Synthesize event
    t =     5.60s     Wait for app.speaklocal.vietnam.native to idle
    t =     7.72s Swipe up Target Application 'app.speaklocal.vietnam.native'
    t =     7.72s     Wait for app.speaklocal.vietnam.native to idle
    t =     7.73s     Find the Target Application 'app.speaklocal.vietnam.native'
    t =     7.76s     Check for interrupting elements affecting "SpeakLocal Vietnam" Application
    t =     7.78s     Synthesize event
    t =     8.20s     Wait for app.speaklocal.vietnam.native to idle
    t =     8.98s Terminate app.speaklocal.vietnam.native:70511
    t =    10.04s Open app.speaklocal.vietnam.native
    t =    10.04s     Launch app.speaklocal.vietnam.native
    t =    10.25s         Setting up automation session
    t =    10.73s         Wait for app.speaklocal.vietnam.native to idle
    t =    12.18s Waiting 4.0s for TabBar (First Match) to exist
    t =    13.23s     Checking `Expect predicate `existsNoRetry == 1` for object TabBar (First Match)`
    t =    13.23s         Checking existence of `TabBar (First Match)`
    t =    13.29s Checking existence of `"PhraseArticle.BottomSentinel.viet-family-city-hcmc-place-bo-kho-ganh" Other`
    t =    13.37s Checking existence of `"PhraseArticle.BottomSentinel.viet-phrase-city-hcmc-place-bo-kho-ganh" Other`
    t =    13.39s Find the "PhraseArticle.BottomSentinel.viet-phrase-city-hcmc-place-bo-kho-ganh" Other
    t =    13.41s Checking existence of `TabBar (First Match)`
    t =    13.42s Find the TabBar (First Match)
    t =    13.43s Find the Target Application 'app.speaklocal.vietnam.native'
    t =    13.52s Terminate app.speaklocal.vietnam.native:70605
    t =    14.60s Tear Down
Test Case '-[SpeakLocalNativeUITests.CityAppDetailV22RenderProofUITests testCaptureCityAppDetailV22RenderProofBatch]' passed (14.695 seconds).
Test Suite 'CityAppDetailV22RenderProofUITests' passed at 2026-06-01 07:35:54.354.
	 Executed 1 test, with 0 failures (0 unexpected) in 14.695 (14.696) seconds
Test Suite 'SpeakLocalNativeUITests.xctest' passed at 2026-06-01 07:35:54.355.
	 Executed 1 test, with 0 failures (0 unexpected) in 14.695 (14.697) seconds
Test Suite 'Selected tests' passed at 2026-06-01 07:35:54.356.
	 Executed 1 test, with 0 failures (0 unexpected) in 14.695 (14.698) seconds

Test session results, code coverage, and logs:
	/Users/jojolim/Library/Developer/XcodeBuildMCP/workspaces/orchestrator-309442864093/DerivedData/SpeakLocalNative-8f3e721625a0/Logs/Test/Test-SpeakLocalNative-2026.06.01_07-35-38-+0700.xcresult

** TEST EXECUTE SUCCEEDED **

Testing started

2026-06-01 07:35:39.718 xcodebuild[70427:8304007] [MT] IDELaunchParametersSnapshot: The operation couldn’t be completed. (DebuggerLLDB.DebuggerVersionStore.StoreError error 0.)
2026-06-01 07:35:39.718 xcodebuild[70427:8304007] [MT] IDELaunchParametersSnapshot: no debugger version
2026-06-01 07:35:49.697 xcodebuild[70427:8304007] [MT] IDELaunchParametersSnapshot: The operation couldn’t be completed. (DebuggerLLDB.DebuggerVersionStore.StoreError error 0.)
2026-06-01 07:35:49.697 xcodebuild[70427:8304007] [MT] IDELaunchParametersSnapshot: no debugger version
2026-06-01 07:35:54.651 xcodebuild[70427:8304007] [MT] IDETestOperationsObserverDebug: 16.159 elapsed -- Testing started completed.
2026-06-01 07:35:54.651 xcodebuild[70427:8304007] [MT] IDETestOperationsObserverDebug: 0.000 sec, +0.000 sec -- start
2026-06-01 07:35:54.651 xcodebuild[70427:8304007] [MT] IDETestOperationsObserverDebug: 16.159 sec, +16.159 sec -- end
