Command line invocation:
    /Applications/Xcode.app/Contents/Developer/usr/bin/xcodebuild test-without-building -project /Users/jojolim/Developer/products/speaklocal/app-family/.worktrees/city-listings-production-ready/native-ios/SpeakLocalNative.xcodeproj -scheme SpeakLocalNative -destination "platform=iOS Simulator,id=7C386DD3-4BF1-4A34-A918-768C43CD1258" -derivedDataPath /Users/jojolim/Library/Developer/XcodeBuildMCP/workspaces/orchestrator-309442864093/DerivedData/SpeakLocalNative-8f3e721625a0 "-only-testing:SpeakLocalNativeUITests/CityAppDetailV22RenderProofUITests/testCaptureCityAppDetailV22RenderProofBatch"

2026-06-01 07:21:13.066048+0700 SpeakLocalNativeUITests-Runner[54729:8245771] [Default] Running tests...
    t =      nans Interface orientation changed to Portrait
Test Suite 'Selected tests' started at 2026-06-01 07:21:13.435.
Test Suite 'SpeakLocalNativeUITests.xctest' started at 2026-06-01 07:21:13.435.
Test Suite 'CityAppDetailV22RenderProofUITests' started at 2026-06-01 07:21:13.435.
Test Case '-[SpeakLocalNativeUITests.CityAppDetailV22RenderProofUITests testCaptureCityAppDetailV22RenderProofBatch]' started.
    t =     0.00s Start Test at 2026-06-01 07:21:13.435
    t =     0.02s Set Up
    t =     0.02s Open app.speaklocal.vietnam.native
    t =     0.02s     Launch app.speaklocal.vietnam.native
objc[54729]: Class UIAccessibilityLoaderWebShared is implemented in both /Library/Developer/CoreSimulator/Volumes/iOS_23F77/Library/Developer/CoreSimulator/Profiles/Runtimes/iOS 26.5.simruntime/Contents/Resources/RuntimeRoot/System/Library/AccessibilityBundles/WebCore.axbundle/WebCore (0x10a884310) and /Library/Developer/CoreSimulator/Volumes/iOS_23F77/Library/Developer/CoreSimulator/Profiles/Runtimes/iOS 26.5.simruntime/Contents/Resources/RuntimeRoot/System/Library/AccessibilityBundles/WebKit.axbundle/WebKit (0x10a030398). This may cause spurious casting failures and mysterious crashes. One of the duplicates must be removed or renamed.
    t =     1.89s         Setting up automation session
    t =     2.38s         Wait for app.speaklocal.vietnam.native to idle
    t =     3.86s Checking existence of `"Cà phê Cheo Leo" StaticText`
    t =     4.01s Waiting 8.0s for "Cà phê Cheo Leo" StaticText to exist
    t =     5.07s     Checking `Expect predicate `existsNoRetry == 1` for object "Cà phê Cheo Leo" StaticText`
    t =     5.07s         Checking existence of `"Cà phê Cheo Leo" StaticText`
    t =     5.22s Swipe up Target Application 'app.speaklocal.vietnam.native'
    t =     5.22s     Wait for app.speaklocal.vietnam.native to idle
    t =     5.22s     Find the Target Application 'app.speaklocal.vietnam.native'
    t =     5.24s     Check for interrupting elements affecting "SpeakLocal Vietnam" Application
    t =     5.26s     Synthesize event
    t =     5.68s     Wait for app.speaklocal.vietnam.native to idle
    t =     7.82s Swipe up Target Application 'app.speaklocal.vietnam.native'
    t =     7.82s     Wait for app.speaklocal.vietnam.native to idle
    t =     8.01s     Find the Target Application 'app.speaklocal.vietnam.native'
    t =     8.05s     Check for interrupting elements affecting "SpeakLocal Vietnam" Application
    t =     8.08s     Synthesize event
    t =     8.50s     Wait for app.speaklocal.vietnam.native to idle
    t =     9.61s Terminate app.speaklocal.vietnam.native:54809
    t =    10.67s Open app.speaklocal.vietnam.native
    t =    10.67s     Launch app.speaklocal.vietnam.native
    t =    10.89s         Setting up automation session
    t =    11.37s         Wait for app.speaklocal.vietnam.native to idle
    t =    12.86s Waiting 4.0s for TabBar (First Match) to exist
    t =    13.92s     Checking `Expect predicate `existsNoRetry == 1` for object TabBar (First Match)`
    t =    13.92s         Checking existence of `TabBar (First Match)`
    t =    13.98s Checking existence of `"PhraseArticle.BottomSentinel.viet-family-city-hcmc-place-cheo-leo-cafe" Other`
    t =    14.06s Checking existence of `"PhraseArticle.BottomSentinel.viet-phrase-city-hcmc-place-cheo-leo-cafe" Other`
    t =    14.08s Find the "PhraseArticle.BottomSentinel.viet-phrase-city-hcmc-place-cheo-leo-cafe" Other
    t =    14.10s Checking existence of `TabBar (First Match)`
    t =    14.10s Find the TabBar (First Match)
    t =    14.11s Find the Target Application 'app.speaklocal.vietnam.native'
    t =    14.22s Terminate app.speaklocal.vietnam.native:54898
    t =    15.27s Tear Down
Test Case '-[SpeakLocalNativeUITests.CityAppDetailV22RenderProofUITests testCaptureCityAppDetailV22RenderProofBatch]' passed (15.336 seconds).
Test Suite 'CityAppDetailV22RenderProofUITests' passed at 2026-06-01 07:21:28.772.
	 Executed 1 test, with 0 failures (0 unexpected) in 15.336 (15.337) seconds
Test Suite 'SpeakLocalNativeUITests.xctest' passed at 2026-06-01 07:21:28.773.
	 Executed 1 test, with 0 failures (0 unexpected) in 15.336 (15.338) seconds
Test Suite 'Selected tests' passed at 2026-06-01 07:21:28.774.
	 Executed 1 test, with 0 failures (0 unexpected) in 15.336 (15.339) seconds

Test session results, code coverage, and logs:
	/Users/jojolim/Library/Developer/XcodeBuildMCP/workspaces/orchestrator-309442864093/DerivedData/SpeakLocalNative-8f3e721625a0/Logs/Test/Test-SpeakLocalNative-2026.06.01_07-21-12-+0700.xcresult

** TEST EXECUTE SUCCEEDED **

Testing started

2026-06-01 07:21:13.500 xcodebuild[54725:8245586] [MT] IDELaunchParametersSnapshot: The operation couldn’t be completed. (DebuggerLLDB.DebuggerVersionStore.StoreError error 0.)
2026-06-01 07:21:13.500 xcodebuild[54725:8245586] [MT] IDELaunchParametersSnapshot: no debugger version
2026-06-01 07:21:24.112 xcodebuild[54725:8245586] [MT] IDELaunchParametersSnapshot: The operation couldn’t be completed. (DebuggerLLDB.DebuggerVersionStore.StoreError error 0.)
2026-06-01 07:21:24.112 xcodebuild[54725:8245586] [MT] IDELaunchParametersSnapshot: no debugger version
2026-06-01 07:21:29.065 xcodebuild[54725:8245586] [MT] IDETestOperationsObserverDebug: 16.809 elapsed -- Testing started completed.
2026-06-01 07:21:29.065 xcodebuild[54725:8245586] [MT] IDETestOperationsObserverDebug: 0.000 sec, +0.000 sec -- start
2026-06-01 07:21:29.065 xcodebuild[54725:8245586] [MT] IDETestOperationsObserverDebug: 16.809 sec, +16.809 sec -- end
