Command line invocation:
    /Applications/Xcode.app/Contents/Developer/usr/bin/xcodebuild test-without-building -project /Users/jojolim/Developer/products/speaklocal/app-family/.worktrees/city-listings-production-ready/native-ios/SpeakLocalNative.xcodeproj -scheme SpeakLocalNative -destination "platform=iOS Simulator,id=7C386DD3-4BF1-4A34-A918-768C43CD1258" -derivedDataPath /Users/jojolim/Library/Developer/XcodeBuildMCP/workspaces/orchestrator-309442864093/DerivedData/SpeakLocalNative-8f3e721625a0 "-only-testing:SpeakLocalNativeUITests/CityAppDetailV22RenderProofUITests/testCaptureCityAppDetailV22RenderProofBatch"

2026-06-01 04:41:51.010977+0700 SpeakLocalNativeUITests-Runner[40509:7552819] [Default] Running tests...
    t =      nans Interface orientation changed to Portrait
Test Suite 'Selected tests' started at 2026-06-01 04:41:51.383.
Test Suite 'SpeakLocalNativeUITests.xctest' started at 2026-06-01 04:41:51.384.
Test Suite 'CityAppDetailV22RenderProofUITests' started at 2026-06-01 04:41:51.384.
Test Case '-[SpeakLocalNativeUITests.CityAppDetailV22RenderProofUITests testCaptureCityAppDetailV22RenderProofBatch]' started.
    t =     0.00s Start Test at 2026-06-01 04:41:51.384
    t =     0.02s Set Up
    t =     0.02s Open app.speaklocal.vietnam.native
    t =     0.02s     Launch app.speaklocal.vietnam.native
objc[40509]: Class UIAccessibilityLoaderWebShared is implemented in both /Library/Developer/CoreSimulator/Volumes/iOS_23F77/Library/Developer/CoreSimulator/Profiles/Runtimes/iOS 26.5.simruntime/Contents/Resources/RuntimeRoot/System/Library/AccessibilityBundles/WebCore.axbundle/WebCore (0x1070d0310) and /Library/Developer/CoreSimulator/Volumes/iOS_23F77/Library/Developer/CoreSimulator/Profiles/Runtimes/iOS 26.5.simruntime/Contents/Resources/RuntimeRoot/System/Library/AccessibilityBundles/WebKit.axbundle/WebKit (0x106970398). This may cause spurious casting failures and mysterious crashes. One of the duplicates must be removed or renamed.
    t =     1.71s         Setting up automation session
    t =     2.33s         Wait for app.speaklocal.vietnam.native to idle
    t =     3.82s Checking existence of `"Bánh cuốn ở Hà Nội" StaticText`
    t =     3.98s Waiting 8.0s for "Bánh cuốn ở Hà Nội" StaticText to exist
    t =     5.05s     Checking `Expect predicate `existsNoRetry == 1` for object "Bánh cuốn ở Hà Nội" StaticText`
    t =     5.05s         Checking existence of `"Bánh cuốn ở Hà Nội" StaticText`
    t =     5.21s Swipe up Target Application 'app.speaklocal.vietnam.native'
    t =     5.21s     Wait for app.speaklocal.vietnam.native to idle
    t =     5.21s     Find the Target Application 'app.speaklocal.vietnam.native'
    t =     5.23s     Check for interrupting elements affecting "SpeakLocal Vietnam" Application
    t =     5.25s     Synthesize event
    t =     5.66s     Wait for app.speaklocal.vietnam.native to idle
    t =     7.78s Swipe up Target Application 'app.speaklocal.vietnam.native'
    t =     7.78s     Wait for app.speaklocal.vietnam.native to idle
    t =     7.79s     Find the Target Application 'app.speaklocal.vietnam.native'
    t =     7.81s     Check for interrupting elements affecting "SpeakLocal Vietnam" Application
    t =     7.84s     Synthesize event
    t =     8.27s     Wait for app.speaklocal.vietnam.native to idle
    t =     9.51s Terminate app.speaklocal.vietnam.native:40584
    t =    10.61s Open app.speaklocal.vietnam.native
    t =    10.61s     Launch app.speaklocal.vietnam.native
    t =    10.82s         Setting up automation session
    t =    11.30s         Wait for app.speaklocal.vietnam.native to idle
    t =    12.80s Waiting 4.0s for TabBar (First Match) to exist
    t =    13.88s     Checking `Expect predicate `existsNoRetry == 1` for object TabBar (First Match)`
    t =    13.88s         Checking existence of `TabBar (First Match)`
    t =    13.95s Checking existence of `"PhraseArticle.BottomSentinel.viet-family-city-hanoi-place-banh-cuon" Other`
    t =    14.03s Checking existence of `"PhraseArticle.BottomSentinel.viet-phrase-city-hanoi-place-banh-cuon" Other`
    t =    14.05s Find the "PhraseArticle.BottomSentinel.viet-phrase-city-hanoi-place-banh-cuon" Other
    t =    14.08s Checking existence of `TabBar (First Match)`
    t =    14.08s Find the TabBar (First Match)
    t =    14.09s Find the Target Application 'app.speaklocal.vietnam.native'
    t =    14.19s Terminate app.speaklocal.vietnam.native:40706
    t =    15.28s Tear Down
Test Case '-[SpeakLocalNativeUITests.CityAppDetailV22RenderProofUITests testCaptureCityAppDetailV22RenderProofBatch]' passed (15.384 seconds).
Test Suite 'CityAppDetailV22RenderProofUITests' passed at 2026-06-01 04:42:06.769.
	 Executed 1 test, with 0 failures (0 unexpected) in 15.384 (15.385) seconds
Test Suite 'SpeakLocalNativeUITests.xctest' passed at 2026-06-01 04:42:06.770.
	 Executed 1 test, with 0 failures (0 unexpected) in 15.384 (15.386) seconds
Test Suite 'Selected tests' passed at 2026-06-01 04:42:06.770.
	 Executed 1 test, with 0 failures (0 unexpected) in 15.384 (15.387) seconds

Test session results, code coverage, and logs:
	/Users/jojolim/Library/Developer/XcodeBuildMCP/workspaces/orchestrator-309442864093/DerivedData/SpeakLocalNative-8f3e721625a0/Logs/Test/Test-SpeakLocalNative-2026.06.01_04-41-50-+0700.xcresult

** TEST EXECUTE SUCCEEDED **

Testing started

2026-06-01 04:41:51.448 xcodebuild[40503:7552636] [MT] IDELaunchParametersSnapshot: The operation couldn’t be completed. (DebuggerLLDB.DebuggerVersionStore.StoreError error 0.)
2026-06-01 04:41:51.448 xcodebuild[40503:7552636] [MT] IDELaunchParametersSnapshot: no debugger version
2026-06-01 04:42:01.995 xcodebuild[40503:7552636] [MT] IDELaunchParametersSnapshot: The operation couldn’t be completed. (DebuggerLLDB.DebuggerVersionStore.StoreError error 0.)
2026-06-01 04:42:01.995 xcodebuild[40503:7552636] [MT] IDELaunchParametersSnapshot: no debugger version
2026-06-01 04:42:07.077 xcodebuild[40503:7552636] [MT] IDETestOperationsObserverDebug: 16.869 elapsed -- Testing started completed.
2026-06-01 04:42:07.077 xcodebuild[40503:7552636] [MT] IDETestOperationsObserverDebug: 0.000 sec, +0.000 sec -- start
2026-06-01 04:42:07.077 xcodebuild[40503:7552636] [MT] IDETestOperationsObserverDebug: 16.869 sec, +16.869 sec -- end
