Command line invocation:
    /Applications/Xcode.app/Contents/Developer/usr/bin/xcodebuild test-without-building -project /Users/jojolim/Developer/products/speaklocal/app-family/.worktrees/city-listings-production-ready/native-ios/SpeakLocalNative.xcodeproj -scheme SpeakLocalNative -destination "platform=iOS Simulator,id=7C386DD3-4BF1-4A34-A918-768C43CD1258" -derivedDataPath /Users/jojolim/Library/Developer/XcodeBuildMCP/workspaces/orchestrator-309442864093/DerivedData/SpeakLocalNative-8f3e721625a0 "-only-testing:SpeakLocalNativeUITests/CityAppDetailV22RenderProofUITests/testCaptureCityAppDetailV22RenderProofBatch"

2026-06-01 04:59:29.836378+0700 SpeakLocalNativeUITests-Runner[59751:7626983] [Default] Running tests...
    t =      nans Interface orientation changed to Portrait
Test Suite 'Selected tests' started at 2026-06-01 04:59:30.209.
Test Suite 'SpeakLocalNativeUITests.xctest' started at 2026-06-01 04:59:30.209.
Test Suite 'CityAppDetailV22RenderProofUITests' started at 2026-06-01 04:59:30.209.
Test Case '-[SpeakLocalNativeUITests.CityAppDetailV22RenderProofUITests testCaptureCityAppDetailV22RenderProofBatch]' started.
    t =     0.00s Start Test at 2026-06-01 04:59:30.210
    t =     0.02s Set Up
    t =     0.02s Open app.speaklocal.vietnam.native
    t =     0.02s     Launch app.speaklocal.vietnam.native
objc[59751]: Class UIAccessibilityLoaderWebShared is implemented in both /Library/Developer/CoreSimulator/Volumes/iOS_23F77/Library/Developer/CoreSimulator/Profiles/Runtimes/iOS 26.5.simruntime/Contents/Resources/RuntimeRoot/System/Library/AccessibilityBundles/WebCore.axbundle/WebCore (0x10ad50310) and /Library/Developer/CoreSimulator/Volumes/iOS_23F77/Library/Developer/CoreSimulator/Profiles/Runtimes/iOS 26.5.simruntime/Contents/Resources/RuntimeRoot/System/Library/AccessibilityBundles/WebKit.axbundle/WebKit (0x10a56c398). This may cause spurious casting failures and mysterious crashes. One of the duplicates must be removed or renamed.
    t =     1.69s         Setting up automation session
    t =     2.26s         Wait for app.speaklocal.vietnam.native to idle
    t =     3.82s Checking existence of `"Ga Đà Nẵng" StaticText`
    t =     3.96s Waiting 8.0s for "Ga Đà Nẵng" StaticText to exist
    t =     5.03s     Checking `Expect predicate `existsNoRetry == 1` for object "Ga Đà Nẵng" StaticText`
    t =     5.03s         Checking existence of `"Ga Đà Nẵng" StaticText`
    t =     5.17s Swipe up Target Application 'app.speaklocal.vietnam.native'
    t =     5.17s     Wait for app.speaklocal.vietnam.native to idle
    t =     5.17s     Find the Target Application 'app.speaklocal.vietnam.native'
    t =     5.19s     Check for interrupting elements affecting "SpeakLocal Vietnam" Application
    t =     5.21s     Synthesize event
    t =     5.62s     Wait for app.speaklocal.vietnam.native to idle
    t =     7.74s Swipe up Target Application 'app.speaklocal.vietnam.native'
    t =     7.74s     Wait for app.speaklocal.vietnam.native to idle
    t =     7.74s     Find the Target Application 'app.speaklocal.vietnam.native'
    t =     7.77s     Check for interrupting elements affecting "SpeakLocal Vietnam" Application
    t =     7.80s     Synthesize event
    t =     8.22s     Wait for app.speaklocal.vietnam.native to idle
    t =     9.33s Terminate app.speaklocal.vietnam.native:59825
    t =    10.42s Open app.speaklocal.vietnam.native
    t =    10.42s     Launch app.speaklocal.vietnam.native
    t =    10.64s         Setting up automation session
    t =    11.13s         Wait for app.speaklocal.vietnam.native to idle
    t =    12.62s Waiting 4.0s for TabBar (First Match) to exist
    t =    13.69s     Checking `Expect predicate `existsNoRetry == 1` for object TabBar (First Match)`
    t =    13.69s         Checking existence of `TabBar (First Match)`
    t =    13.75s Checking existence of `"PhraseArticle.BottomSentinel.viet-family-city-danang-place-railway-station" Other`
    t =    13.83s Checking existence of `"PhraseArticle.BottomSentinel.viet-phrase-city-danang-place-railway-station" Other`
    t =    13.85s Find the "PhraseArticle.BottomSentinel.viet-phrase-city-danang-place-railway-station" Other
    t =    13.88s Checking existence of `TabBar (First Match)`
    t =    13.89s Find the TabBar (First Match)
    t =    13.89s Find the Target Application 'app.speaklocal.vietnam.native'
    t =    13.99s Terminate app.speaklocal.vietnam.native:59916
    t =    15.08s Tear Down
Test Case '-[SpeakLocalNativeUITests.CityAppDetailV22RenderProofUITests testCaptureCityAppDetailV22RenderProofBatch]' passed (15.128 seconds).
Test Suite 'CityAppDetailV22RenderProofUITests' passed at 2026-06-01 04:59:45.338.
	 Executed 1 test, with 0 failures (0 unexpected) in 15.128 (15.129) seconds
Test Suite 'SpeakLocalNativeUITests.xctest' passed at 2026-06-01 04:59:45.338.
	 Executed 1 test, with 0 failures (0 unexpected) in 15.128 (15.129) seconds
Test Suite 'Selected tests' passed at 2026-06-01 04:59:45.339.
	 Executed 1 test, with 0 failures (0 unexpected) in 15.128 (15.130) seconds

Test session results, code coverage, and logs:
	/Users/jojolim/Library/Developer/XcodeBuildMCP/workspaces/orchestrator-309442864093/DerivedData/SpeakLocalNative-8f3e721625a0/Logs/Test/Test-SpeakLocalNative-2026.06.01_04-59-28-+0700.xcresult

** TEST EXECUTE SUCCEEDED **

Testing started

2026-06-01 04:59:30.272 xcodebuild[59744:7626801] [MT] IDELaunchParametersSnapshot: The operation couldn’t be completed. (DebuggerLLDB.DebuggerVersionStore.StoreError error 0.)
2026-06-01 04:59:30.272 xcodebuild[59744:7626801] [MT] IDELaunchParametersSnapshot: no debugger version
2026-06-01 04:59:40.637 xcodebuild[59744:7626801] [MT] IDELaunchParametersSnapshot: The operation couldn’t be completed. (DebuggerLLDB.DebuggerVersionStore.StoreError error 0.)
2026-06-01 04:59:40.637 xcodebuild[59744:7626801] [MT] IDELaunchParametersSnapshot: no debugger version
2026-06-01 04:59:45.626 xcodebuild[59744:7626801] [MT] IDETestOperationsObserverDebug: 16.599 elapsed -- Testing started completed.
2026-06-01 04:59:45.626 xcodebuild[59744:7626801] [MT] IDETestOperationsObserverDebug: 0.000 sec, +0.000 sec -- start
2026-06-01 04:59:45.626 xcodebuild[59744:7626801] [MT] IDETestOperationsObserverDebug: 16.599 sec, +16.599 sec -- end
