Command line invocation:
    /Applications/Xcode.app/Contents/Developer/usr/bin/xcodebuild test-without-building -project /Users/jojolim/Developer/products/speaklocal/app-family/.worktrees/city-listings-production-ready/native-ios/SpeakLocalNative.xcodeproj -scheme SpeakLocalNative -destination "platform=iOS Simulator,id=7C386DD3-4BF1-4A34-A918-768C43CD1258" -derivedDataPath /Users/jojolim/Library/Developer/XcodeBuildMCP/workspaces/orchestrator-309442864093/DerivedData/SpeakLocalNative-8f3e721625a0 "-only-testing:SpeakLocalNativeUITests/CityAppDetailV22RenderProofUITests/testCaptureCityAppDetailV22RenderProofBatch"

2026-06-01 06:36:06.415523+0700 SpeakLocalNativeUITests-Runner[5367:8048862] [Default] Running tests...
    t =      nans Interface orientation changed to Portrait
Test Suite 'Selected tests' started at 2026-06-01 06:36:06.788.
Test Suite 'SpeakLocalNativeUITests.xctest' started at 2026-06-01 06:36:06.788.
Test Suite 'CityAppDetailV22RenderProofUITests' started at 2026-06-01 06:36:06.788.
Test Case '-[SpeakLocalNativeUITests.CityAppDetailV22RenderProofUITests testCaptureCityAppDetailV22RenderProofBatch]' started.
    t =     0.00s Start Test at 2026-06-01 06:36:06.788
    t =     0.01s Set Up
    t =     0.02s Open app.speaklocal.vietnam.native
    t =     0.02s     Launch app.speaklocal.vietnam.native
objc[5367]: Class UIAccessibilityLoaderWebShared is implemented in both /Library/Developer/CoreSimulator/Volumes/iOS_23F77/Library/Developer/CoreSimulator/Profiles/Runtimes/iOS 26.5.simruntime/Contents/Resources/RuntimeRoot/System/Library/AccessibilityBundles/WebCore.axbundle/WebCore (0x107220310) and /Library/Developer/CoreSimulator/Volumes/iOS_23F77/Library/Developer/CoreSimulator/Profiles/Runtimes/iOS 26.5.simruntime/Contents/Resources/RuntimeRoot/System/Library/AccessibilityBundles/WebKit.axbundle/WebKit (0x106a70398). This may cause spurious casting failures and mysterious crashes. One of the duplicates must be removed or renamed.
    t =     2.10s         Setting up automation session
    t =     2.53s         Wait for app.speaklocal.vietnam.native to idle
    t =     4.03s Checking existence of `"Biển Mỹ An" StaticText`
    t =     4.16s Waiting 8.0s for "Biển Mỹ An" StaticText to exist
    t =     5.22s     Checking `Expect predicate `existsNoRetry == 1` for object "Biển Mỹ An" StaticText`
    t =     5.22s         Checking existence of `"Biển Mỹ An" StaticText`
    t =     5.39s Swipe up Target Application 'app.speaklocal.vietnam.native'
    t =     5.39s     Wait for app.speaklocal.vietnam.native to idle
    t =     5.39s     Find the Target Application 'app.speaklocal.vietnam.native'
    t =     5.40s     Check for interrupting elements affecting "SpeakLocal Vietnam" Application
    t =     5.42s     Synthesize event
    t =     5.84s     Wait for app.speaklocal.vietnam.native to idle
    t =     7.94s Swipe up Target Application 'app.speaklocal.vietnam.native'
    t =     7.94s     Wait for app.speaklocal.vietnam.native to idle
    t =     7.94s     Find the Target Application 'app.speaklocal.vietnam.native'
    t =     7.97s     Check for interrupting elements affecting "SpeakLocal Vietnam" Application
    t =     7.99s     Synthesize event
    t =     8.41s     Wait for app.speaklocal.vietnam.native to idle
    t =     9.09s Terminate app.speaklocal.vietnam.native:5455
    t =    10.16s Open app.speaklocal.vietnam.native
    t =    10.16s     Launch app.speaklocal.vietnam.native
    t =    10.37s         Setting up automation session
    t =    10.88s         Wait for app.speaklocal.vietnam.native to idle
    t =    12.37s Waiting 4.0s for TabBar (First Match) to exist
    t =    13.42s     Checking `Expect predicate `existsNoRetry == 1` for object TabBar (First Match)`
    t =    13.42s         Checking existence of `TabBar (First Match)`
    t =    13.48s Checking existence of `"PhraseArticle.BottomSentinel.viet-family-city-danang-place-my-an-beach" Other`
    t =    13.56s Checking existence of `"PhraseArticle.BottomSentinel.viet-phrase-city-danang-place-my-an-beach" Other`
    t =    13.58s Find the "PhraseArticle.BottomSentinel.viet-phrase-city-danang-place-my-an-beach" Other
    t =    13.60s Checking existence of `TabBar (First Match)`
    t =    13.60s Find the TabBar (First Match)
    t =    13.61s Find the Target Application 'app.speaklocal.vietnam.native'
    t =    13.70s Terminate app.speaklocal.vietnam.native:5537
    t =    14.79s Tear Down
Test Case '-[SpeakLocalNativeUITests.CityAppDetailV22RenderProofUITests testCaptureCityAppDetailV22RenderProofBatch]' passed (14.849 seconds).
Test Suite 'CityAppDetailV22RenderProofUITests' passed at 2026-06-01 06:36:21.638.
	 Executed 1 test, with 0 failures (0 unexpected) in 14.849 (14.850) seconds
Test Suite 'SpeakLocalNativeUITests.xctest' passed at 2026-06-01 06:36:21.640.
	 Executed 1 test, with 0 failures (0 unexpected) in 14.849 (14.852) seconds
Test Suite 'Selected tests' passed at 2026-06-01 06:36:21.640.
	 Executed 1 test, with 0 failures (0 unexpected) in 14.849 (14.853) seconds

Test session results, code coverage, and logs:
	/Users/jojolim/Library/Developer/XcodeBuildMCP/workspaces/orchestrator-309442864093/DerivedData/SpeakLocalNative-8f3e721625a0/Logs/Test/Test-SpeakLocalNative-2026.06.01_06-36-05-+0700.xcresult

** TEST EXECUTE SUCCEEDED **

Testing started

2026-06-01 06:36:06.839 xcodebuild[5364:8048681] [MT] IDELaunchParametersSnapshot: The operation couldn’t be completed. (DebuggerLLDB.DebuggerVersionStore.StoreError error 0.)
2026-06-01 06:36:06.839 xcodebuild[5364:8048681] [MT] IDELaunchParametersSnapshot: no debugger version
2026-06-01 06:36:16.954 xcodebuild[5364:8048681] [MT] IDELaunchParametersSnapshot: The operation couldn’t be completed. (DebuggerLLDB.DebuggerVersionStore.StoreError error 0.)
2026-06-01 06:36:16.954 xcodebuild[5364:8048681] [MT] IDELaunchParametersSnapshot: no debugger version
2026-06-01 06:36:21.948 xcodebuild[5364:8048681] [MT] IDETestOperationsObserverDebug: 16.357 elapsed -- Testing started completed.
2026-06-01 06:36:21.948 xcodebuild[5364:8048681] [MT] IDETestOperationsObserverDebug: 0.000 sec, +0.000 sec -- start
2026-06-01 06:36:21.948 xcodebuild[5364:8048681] [MT] IDETestOperationsObserverDebug: 16.357 sec, +16.357 sec -- end
