Command line invocation:
    /Applications/Xcode.app/Contents/Developer/usr/bin/xcodebuild test-without-building -project /Users/jojolim/Developer/products/speaklocal/app-family/.worktrees/city-listings-production-ready/native-ios/SpeakLocalNative.xcodeproj -scheme SpeakLocalNative -destination "platform=iOS Simulator,id=7C386DD3-4BF1-4A34-A918-768C43CD1258" -derivedDataPath /Users/jojolim/Library/Developer/XcodeBuildMCP/workspaces/orchestrator-309442864093/DerivedData/SpeakLocalNative-8f3e721625a0 "-only-testing:SpeakLocalNativeUITests/CityAppDetailV22RenderProofUITests/testCaptureCityAppDetailV22RenderProofBatch"

2026-06-01 07:05:40.286684+0700 SpeakLocalNativeUITests-Runner[39413:8177292] [Default] Running tests...
    t =      nans Interface orientation changed to Portrait
Test Suite 'Selected tests' started at 2026-06-01 07:05:40.667.
Test Suite 'SpeakLocalNativeUITests.xctest' started at 2026-06-01 07:05:40.667.
Test Suite 'CityAppDetailV22RenderProofUITests' started at 2026-06-01 07:05:40.668.
Test Case '-[SpeakLocalNativeUITests.CityAppDetailV22RenderProofUITests testCaptureCityAppDetailV22RenderProofBatch]' started.
    t =     0.00s Start Test at 2026-06-01 07:05:40.668
    t =     0.02s Set Up
    t =     0.02s Open app.speaklocal.vietnam.native
    t =     0.02s     Launch app.speaklocal.vietnam.native
objc[39413]: Class UIAccessibilityLoaderWebShared is implemented in both /Library/Developer/CoreSimulator/Volumes/iOS_23F77/Library/Developer/CoreSimulator/Profiles/Runtimes/iOS 26.5.simruntime/Contents/Resources/RuntimeRoot/System/Library/AccessibilityBundles/WebCore.axbundle/WebCore (0x106418310) and /Library/Developer/CoreSimulator/Volumes/iOS_23F77/Library/Developer/CoreSimulator/Profiles/Runtimes/iOS 26.5.simruntime/Contents/Resources/RuntimeRoot/System/Library/AccessibilityBundles/WebKit.axbundle/WebKit (0x105c64398). This may cause spurious casting failures and mysterious crashes. One of the duplicates must be removed or renamed.
    t =     1.90s         Setting up automation session
    t =     2.37s         Wait for app.speaklocal.vietnam.native to idle
    t =     3.88s Checking existence of `"Chả cá Thăng Long" StaticText`
    t =     4.02s Waiting 8.0s for "Chả cá Thăng Long" StaticText to exist
    t =     5.07s     Checking `Expect predicate `existsNoRetry == 1` for object "Chả cá Thăng Long" StaticText`
    t =     5.07s         Checking existence of `"Chả cá Thăng Long" StaticText`
    t =     5.22s Swipe up Target Application 'app.speaklocal.vietnam.native'
    t =     5.22s     Wait for app.speaklocal.vietnam.native to idle
    t =     5.22s     Find the Target Application 'app.speaklocal.vietnam.native'
    t =     5.23s     Check for interrupting elements affecting "SpeakLocal Vietnam" Application
    t =     5.25s     Synthesize event
    t =     5.67s     Wait for app.speaklocal.vietnam.native to idle
    t =     7.77s Swipe up Target Application 'app.speaklocal.vietnam.native'
    t =     7.78s     Wait for app.speaklocal.vietnam.native to idle
    t =     7.78s     Find the Target Application 'app.speaklocal.vietnam.native'
    t =     7.81s     Check for interrupting elements affecting "SpeakLocal Vietnam" Application
    t =     7.83s     Synthesize event
    t =     8.25s     Wait for app.speaklocal.vietnam.native to idle
    t =     9.61s Terminate app.speaklocal.vietnam.native:39511
    t =    10.67s Open app.speaklocal.vietnam.native
    t =    10.68s     Launch app.speaklocal.vietnam.native
    t =    10.89s         Setting up automation session
    t =    11.36s         Wait for app.speaklocal.vietnam.native to idle
    t =    12.85s Waiting 4.0s for TabBar (First Match) to exist
    t =    13.91s     Checking `Expect predicate `existsNoRetry == 1` for object TabBar (First Match)`
    t =    13.91s         Checking existence of `TabBar (First Match)`
    t =    13.96s Checking existence of `"PhraseArticle.BottomSentinel.viet-family-city-hanoi-place-cha-ca-thang-long" Other`
    t =    14.04s Checking existence of `"PhraseArticle.BottomSentinel.viet-phrase-city-hanoi-place-cha-ca-thang-long" Other`
    t =    14.07s Find the "PhraseArticle.BottomSentinel.viet-phrase-city-hanoi-place-cha-ca-thang-long" Other
    t =    14.09s Checking existence of `TabBar (First Match)`
    t =    14.10s Find the TabBar (First Match)
    t =    14.10s Find the Target Application 'app.speaklocal.vietnam.native'
    t =    14.20s Terminate app.speaklocal.vietnam.native:39605
    t =    15.27s Tear Down
Test Case '-[SpeakLocalNativeUITests.CityAppDetailV22RenderProofUITests testCaptureCityAppDetailV22RenderProofBatch]' passed (15.340 seconds).
Test Suite 'CityAppDetailV22RenderProofUITests' passed at 2026-06-01 07:05:56.009.
	 Executed 1 test, with 0 failures (0 unexpected) in 15.340 (15.341) seconds
Test Suite 'SpeakLocalNativeUITests.xctest' passed at 2026-06-01 07:05:56.010.
	 Executed 1 test, with 0 failures (0 unexpected) in 15.340 (15.342) seconds
Test Suite 'Selected tests' passed at 2026-06-01 07:05:56.011.
	 Executed 1 test, with 0 failures (0 unexpected) in 15.340 (15.343) seconds

Test session results, code coverage, and logs:
	/Users/jojolim/Library/Developer/XcodeBuildMCP/workspaces/orchestrator-309442864093/DerivedData/SpeakLocalNative-8f3e721625a0/Logs/Test/Test-SpeakLocalNative-2026.06.01_07-05-39-+0700.xcresult

** TEST EXECUTE SUCCEEDED **

Testing started

2026-06-01 07:05:40.726 xcodebuild[39351:8176947] [MT] IDELaunchParametersSnapshot: The operation couldn’t be completed. (DebuggerLLDB.DebuggerVersionStore.StoreError error 0.)
2026-06-01 07:05:40.726 xcodebuild[39351:8176947] [MT] IDELaunchParametersSnapshot: no debugger version
2026-06-01 07:05:51.345 xcodebuild[39351:8176947] [MT] IDELaunchParametersSnapshot: The operation couldn’t be completed. (DebuggerLLDB.DebuggerVersionStore.StoreError error 0.)
2026-06-01 07:05:51.346 xcodebuild[39351:8176947] [MT] IDELaunchParametersSnapshot: no debugger version
2026-06-01 07:05:56.319 xcodebuild[39351:8176947] [MT] IDETestOperationsObserverDebug: 16.907 elapsed -- Testing started completed.
2026-06-01 07:05:56.319 xcodebuild[39351:8176947] [MT] IDETestOperationsObserverDebug: 0.000 sec, +0.000 sec -- start
2026-06-01 07:05:56.319 xcodebuild[39351:8176947] [MT] IDETestOperationsObserverDebug: 16.907 sec, +16.907 sec -- end
