Command line invocation:
    /Applications/Xcode.app/Contents/Developer/usr/bin/xcodebuild test-without-building -project /Users/jojolim/Developer/products/speaklocal/app-family/.worktrees/city-listings-production-ready/native-ios/SpeakLocalNative.xcodeproj -scheme SpeakLocalNative -destination "platform=iOS Simulator,id=7C386DD3-4BF1-4A34-A918-768C43CD1258" -derivedDataPath /Users/jojolim/Library/Developer/XcodeBuildMCP/workspaces/orchestrator-309442864093/DerivedData/SpeakLocalNative-8f3e721625a0 "-only-testing:SpeakLocalNativeUITests/CityAppDetailV22RenderProofUITests/testCaptureCityAppDetailV22RenderProofBatch"

2026-06-02 11:46:28.830029+0700 SpeakLocalNativeUITests-Runner[81310:11507767] [Default] Running tests...
    t =      nans Interface orientation changed to Portrait
Test Suite 'Selected tests' started at 2026-06-02 11:46:29.254.
Test Suite 'SpeakLocalNativeUITests.xctest' started at 2026-06-02 11:46:29.254.
Test Suite 'CityAppDetailV22RenderProofUITests' started at 2026-06-02 11:46:29.254.
Test Case '-[SpeakLocalNativeUITests.CityAppDetailV22RenderProofUITests testCaptureCityAppDetailV22RenderProofBatch]' started.
    t =     0.00s Start Test at 2026-06-02 11:46:29.255
    t =     0.02s Set Up
    t =     0.02s Open app.speaklocal.vietnam.native
    t =     0.02s     Launch app.speaklocal.vietnam.native
objc[81310]: Class UIAccessibilityLoaderWebShared is implemented in both /Library/Developer/CoreSimulator/Volumes/iOS_23F77/Library/Developer/CoreSimulator/Profiles/Runtimes/iOS 26.5.simruntime/Contents/Resources/RuntimeRoot/System/Library/AccessibilityBundles/WebCore.axbundle/WebCore (0x10ad04310) and /Library/Developer/CoreSimulator/Volumes/iOS_23F77/Library/Developer/CoreSimulator/Profiles/Runtimes/iOS 26.5.simruntime/Contents/Resources/RuntimeRoot/System/Library/AccessibilityBundles/WebKit.axbundle/WebKit (0x10a548398). This may cause spurious casting failures and mysterious crashes. One of the duplicates must be removed or renamed.
    t =     3.57s         Setting up automation session
    t =     4.12s         Wait for app.speaklocal.vietnam.native to idle
    t =     5.73s Checking existence of `"Nhà vườn An Hiên" StaticText`
    t =     6.11s Waiting 8.0s for "Nhà vườn An Hiên" StaticText to exist
    t =     7.19s     Checking `Expect predicate `existsNoRetry == 1` for object "Nhà vườn An Hiên" StaticText`
    t =     7.19s         Checking existence of `"Nhà vườn An Hiên" StaticText`
    t =     7.38s Swipe up Target Application 'app.speaklocal.vietnam.native'
    t =     7.38s     Wait for app.speaklocal.vietnam.native to idle
    t =     7.39s     Find the Target Application 'app.speaklocal.vietnam.native'
    t =     7.41s     Check for interrupting elements affecting "SpeakLocal Vietnam" Application
    t =     7.44s     Synthesize event
    t =     7.86s     Wait for app.speaklocal.vietnam.native to idle
    t =     9.94s Swipe up Target Application 'app.speaklocal.vietnam.native'
    t =     9.95s     Wait for app.speaklocal.vietnam.native to idle
    t =    10.19s     Find the Target Application 'app.speaklocal.vietnam.native'
    t =    10.22s     Check for interrupting elements affecting "SpeakLocal Vietnam" Application
    t =    10.24s     Synthesize event
    t =    10.66s     Wait for app.speaklocal.vietnam.native to idle
    t =    11.53s Terminate app.speaklocal.vietnam.native:81318
    t =    12.62s Open app.speaklocal.vietnam.native
    t =    12.62s     Launch app.speaklocal.vietnam.native
    t =    12.84s         Setting up automation session
    t =    13.35s         Wait for app.speaklocal.vietnam.native to idle
    t =    14.93s Waiting 4.0s for TabBar (First Match) to exist
    t =    16.00s     Checking `Expect predicate `existsNoRetry == 1` for object TabBar (First Match)`
    t =    16.00s         Checking existence of `TabBar (First Match)`
    t =    16.08s Checking existence of `"PhraseArticle.BottomSentinel.viet-family-city-hue-place-an-hien-garden-house" Other`
    t =    16.27s Checking existence of `"PhraseArticle.BottomSentinel.viet-phrase-city-hue-place-an-hien-garden-house" Other`
    t =    16.32s Find the "PhraseArticle.BottomSentinel.viet-phrase-city-hue-place-an-hien-garden-house" Other
    t =    16.38s Checking existence of `TabBar (First Match)`
    t =    16.40s Find the TabBar (First Match)
    t =    16.43s Find the Target Application 'app.speaklocal.vietnam.native'
    t =    16.62s Terminate app.speaklocal.vietnam.native:81334
    t =    17.71s Tear Down
Test Case '-[SpeakLocalNativeUITests.CityAppDetailV22RenderProofUITests testCaptureCityAppDetailV22RenderProofBatch]' passed (17.798 seconds).
Test Suite 'CityAppDetailV22RenderProofUITests' passed at 2026-06-02 11:46:47.054.
	 Executed 1 test, with 0 failures (0 unexpected) in 17.798 (17.799) seconds
Test Suite 'SpeakLocalNativeUITests.xctest' passed at 2026-06-02 11:46:47.055.
	 Executed 1 test, with 0 failures (0 unexpected) in 17.798 (17.800) seconds
Test Suite 'Selected tests' passed at 2026-06-02 11:46:47.055.
	 Executed 1 test, with 0 failures (0 unexpected) in 17.798 (17.801) seconds

Test session results, code coverage, and logs:
	/Users/jojolim/Library/Developer/XcodeBuildMCP/workspaces/orchestrator-309442864093/DerivedData/SpeakLocalNative-8f3e721625a0/Logs/Test/Test-SpeakLocalNative-2026.06.02_11-46-27-+0700.xcresult

** TEST EXECUTE SUCCEEDED **

Testing started

2026-06-02 11:46:29.318 xcodebuild[81306:11507572] [MT] IDELaunchParametersSnapshot: The operation couldn’t be completed. (DebuggerLLDB.DebuggerVersionStore.StoreError error 0.)
2026-06-02 11:46:29.318 xcodebuild[81306:11507572] [MT] IDELaunchParametersSnapshot: no debugger version
2026-06-02 11:46:41.877 xcodebuild[81306:11507572] [MT] IDELaunchParametersSnapshot: The operation couldn’t be completed. (DebuggerLLDB.DebuggerVersionStore.StoreError error 0.)
2026-06-02 11:46:41.877 xcodebuild[81306:11507572] [MT] IDELaunchParametersSnapshot: no debugger version
2026-06-02 11:46:47.367 xcodebuild[81306:11507572] [MT] IDETestOperationsObserverDebug: 19.391 elapsed -- Testing started completed.
2026-06-02 11:46:47.367 xcodebuild[81306:11507572] [MT] IDETestOperationsObserverDebug: 0.000 sec, +0.000 sec -- start
2026-06-02 11:46:47.367 xcodebuild[81306:11507572] [MT] IDETestOperationsObserverDebug: 19.391 sec, +19.391 sec -- end
