Command line invocation:
    /Applications/Xcode.app/Contents/Developer/usr/bin/xcodebuild test-without-building -project /Users/jojolim/Developer/products/speaklocal/app-family/.worktrees/city-listings-production-ready/native-ios/SpeakLocalNative.xcodeproj -scheme SpeakLocalNative -destination "platform=iOS Simulator,id=7C386DD3-4BF1-4A34-A918-768C43CD1258" -derivedDataPath /Users/jojolim/Library/Developer/XcodeBuildMCP/workspaces/orchestrator-309442864093/DerivedData/SpeakLocalNative-8f3e721625a0 "-only-testing:SpeakLocalNativeUITests/CityAppDetailV22RenderProofUITests/testCaptureCityAppDetailV22RenderProofBatch"

2026-06-01 04:28:18.276440+0700 SpeakLocalNativeUITests-Runner[24255:7496318] [Default] Running tests...
    t =      nans Interface orientation changed to Portrait
Test Suite 'Selected tests' started at 2026-06-01 04:28:18.682.
Test Suite 'SpeakLocalNativeUITests.xctest' started at 2026-06-01 04:28:18.682.
Test Suite 'CityAppDetailV22RenderProofUITests' started at 2026-06-01 04:28:18.683.
Test Case '-[SpeakLocalNativeUITests.CityAppDetailV22RenderProofUITests testCaptureCityAppDetailV22RenderProofBatch]' started.
    t =     0.00s Start Test at 2026-06-01 04:28:18.683
    t =     0.02s Set Up
    t =     0.02s Open app.speaklocal.vietnam.native
    t =     0.02s     Launch app.speaklocal.vietnam.native
objc[24255]: Class UIAccessibilityLoaderWebShared is implemented in both /Library/Developer/CoreSimulator/Volumes/iOS_23F77/Library/Developer/CoreSimulator/Profiles/Runtimes/iOS 26.5.simruntime/Contents/Resources/RuntimeRoot/System/Library/AccessibilityBundles/WebCore.axbundle/WebCore (0x10a6a4310) and /Library/Developer/CoreSimulator/Volumes/iOS_23F77/Library/Developer/CoreSimulator/Profiles/Runtimes/iOS 26.5.simruntime/Contents/Resources/RuntimeRoot/System/Library/AccessibilityBundles/WebKit.axbundle/WebKit (0x109eb0398). This may cause spurious casting failures and mysterious crashes. One of the duplicates must be removed or renamed.
    t =     1.70s         Setting up automation session
    t =     2.26s         Wait for app.speaklocal.vietnam.native to idle
    t =     3.76s Checking existence of `"Gia Hội" StaticText`
    t =     3.92s Waiting 8.0s for "Gia Hội" StaticText to exist
    t =     4.98s     Checking `Expect predicate `existsNoRetry == 1` for object "Gia Hội" StaticText`
    t =     4.98s         Checking existence of `"Gia Hội" StaticText`
    t =     5.14s Swipe up Target Application 'app.speaklocal.vietnam.native'
    t =     5.14s     Wait for app.speaklocal.vietnam.native to idle
    t =     5.15s     Find the Target Application 'app.speaklocal.vietnam.native'
    t =     5.16s     Check for interrupting elements affecting "SpeakLocal Vietnam" Application
    t =     5.18s     Synthesize event
    t =     5.60s     Wait for app.speaklocal.vietnam.native to idle
    t =     7.70s Swipe up Target Application 'app.speaklocal.vietnam.native'
    t =     7.70s     Wait for app.speaklocal.vietnam.native to idle
    t =     7.72s     Find the Target Application 'app.speaklocal.vietnam.native'
    t =     7.75s     Check for interrupting elements affecting "SpeakLocal Vietnam" Application
    t =     7.78s     Synthesize event
    t =     8.20s     Wait for app.speaklocal.vietnam.native to idle
    t =     8.90s Terminate app.speaklocal.vietnam.native:24281
    t =     9.91s Open app.speaklocal.vietnam.native
    t =     9.91s     Launch app.speaklocal.vietnam.native
    t =    10.12s         Setting up automation session
    t =    10.58s         Wait for app.speaklocal.vietnam.native to idle
    t =    12.05s Waiting 4.0s for TabBar (First Match) to exist
    t =    13.11s     Checking `Expect predicate `existsNoRetry == 1` for object TabBar (First Match)`
    t =    13.12s         Checking existence of `TabBar (First Match)`
    t =    13.17s Checking existence of `"PhraseArticle.BottomSentinel.viet-family-city-hue-place-gia-hoi" Other`
    t =    13.25s Checking existence of `"PhraseArticle.BottomSentinel.viet-phrase-city-hue-place-gia-hoi" Other`
    t =    13.27s Find the "PhraseArticle.BottomSentinel.viet-phrase-city-hue-place-gia-hoi" Other
    t =    13.30s Checking existence of `TabBar (First Match)`
    t =    13.30s Find the TabBar (First Match)
    t =    13.31s Find the Target Application 'app.speaklocal.vietnam.native'
    t =    13.40s Terminate app.speaklocal.vietnam.native:24433
    t =    14.49s Tear Down
Test Case '-[SpeakLocalNativeUITests.CityAppDetailV22RenderProofUITests testCaptureCityAppDetailV22RenderProofBatch]' passed (14.593 seconds).
Test Suite 'CityAppDetailV22RenderProofUITests' passed at 2026-06-01 04:28:33.276.
	 Executed 1 test, with 0 failures (0 unexpected) in 14.593 (14.594) seconds
Test Suite 'SpeakLocalNativeUITests.xctest' passed at 2026-06-01 04:28:33.277.
	 Executed 1 test, with 0 failures (0 unexpected) in 14.593 (14.594) seconds
Test Suite 'Selected tests' passed at 2026-06-01 04:28:33.277.
	 Executed 1 test, with 0 failures (0 unexpected) in 14.593 (14.595) seconds

Test session results, code coverage, and logs:
	/Users/jojolim/Library/Developer/XcodeBuildMCP/workspaces/orchestrator-309442864093/DerivedData/SpeakLocalNative-8f3e721625a0/Logs/Test/Test-SpeakLocalNative-2026.06.01_04-28-17-+0700.xcresult

** TEST EXECUTE SUCCEEDED **

Testing started

2026-06-01 04:28:18.746 xcodebuild[24250:7496141] [MT] IDELaunchParametersSnapshot: The operation couldn’t be completed. (DebuggerLLDB.DebuggerVersionStore.StoreError error 0.)
2026-06-01 04:28:18.746 xcodebuild[24250:7496141] [MT] IDELaunchParametersSnapshot: no debugger version
2026-06-01 04:28:28.591 xcodebuild[24250:7496141] [MT] IDELaunchParametersSnapshot: The operation couldn’t be completed. (DebuggerLLDB.DebuggerVersionStore.StoreError error 0.)
2026-06-01 04:28:28.591 xcodebuild[24250:7496141] [MT] IDELaunchParametersSnapshot: no debugger version
2026-06-01 04:28:33.586 xcodebuild[24250:7496141] [MT] IDETestOperationsObserverDebug: 16.108 elapsed -- Testing started completed.
2026-06-01 04:28:33.586 xcodebuild[24250:7496141] [MT] IDETestOperationsObserverDebug: 0.000 sec, +0.000 sec -- start
2026-06-01 04:28:33.586 xcodebuild[24250:7496141] [MT] IDETestOperationsObserverDebug: 16.108 sec, +16.108 sec -- end
