Command line invocation:
    /Applications/Xcode.app/Contents/Developer/usr/bin/xcodebuild test-without-building -project /Users/jojolim/Developer/products/speaklocal/app-family/.worktrees/city-listings-production-ready/native-ios/SpeakLocalNative.xcodeproj -scheme SpeakLocalNative -destination "platform=iOS Simulator,id=7C386DD3-4BF1-4A34-A918-768C43CD1258" -derivedDataPath /Users/jojolim/Library/Developer/XcodeBuildMCP/workspaces/orchestrator-309442864093/DerivedData/SpeakLocalNative-8f3e721625a0 "-only-testing:SpeakLocalNativeUITests/CityAppDetailV22RenderProofUITests/testCaptureCityAppDetailV22RenderProofBatch"

2026-06-01 03:53:39.949531+0700 SpeakLocalNativeUITests-Runner[82148:7345560] [Default] Running tests...
    t =      nans Interface orientation changed to Portrait
Test Suite 'Selected tests' started at 2026-06-01 03:53:40.322.
Test Suite 'SpeakLocalNativeUITests.xctest' started at 2026-06-01 03:53:40.322.
Test Suite 'CityAppDetailV22RenderProofUITests' started at 2026-06-01 03:53:40.322.
Test Case '-[SpeakLocalNativeUITests.CityAppDetailV22RenderProofUITests testCaptureCityAppDetailV22RenderProofBatch]' started.
    t =     0.00s Start Test at 2026-06-01 03:53:40.323
    t =     0.02s Set Up
    t =     0.02s Open app.speaklocal.vietnam.native
    t =     0.02s     Launch app.speaklocal.vietnam.native
objc[82148]: Class UIAccessibilityLoaderWebShared is implemented in both /Library/Developer/CoreSimulator/Volumes/iOS_23F77/Library/Developer/CoreSimulator/Profiles/Runtimes/iOS 26.5.simruntime/Contents/Resources/RuntimeRoot/System/Library/AccessibilityBundles/WebCore.axbundle/WebCore (0x1083e4310) and /Library/Developer/CoreSimulator/Volumes/iOS_23F77/Library/Developer/CoreSimulator/Profiles/Runtimes/iOS 26.5.simruntime/Contents/Resources/RuntimeRoot/System/Library/AccessibilityBundles/WebKit.axbundle/WebKit (0x107c1c398). This may cause spurious casting failures and mysterious crashes. One of the duplicates must be removed or renamed.
    t =     2.09s         Setting up automation session
    t =     2.47s         Wait for app.speaklocal.vietnam.native to idle
    t =     3.98s Checking existence of `"Hồ Tây" StaticText`
    t =     4.15s Waiting 8.0s for "Hồ Tây" StaticText to exist
    t =     5.18s     Checking `Expect predicate `existsNoRetry == 1` for object "Hồ Tây" StaticText`
    t =     5.18s         Checking existence of `"Hồ Tây" StaticText`
    t =     5.32s Swipe up Target Application 'app.speaklocal.vietnam.native'
    t =     5.32s     Wait for app.speaklocal.vietnam.native to idle
    t =     5.32s     Find the Target Application 'app.speaklocal.vietnam.native'
    t =     5.34s     Check for interrupting elements affecting "SpeakLocal Vietnam" Application
    t =     5.36s     Synthesize event
    t =     5.77s     Wait for app.speaklocal.vietnam.native to idle
    t =     7.89s Swipe up Target Application 'app.speaklocal.vietnam.native'
    t =     7.89s     Wait for app.speaklocal.vietnam.native to idle
    t =     7.89s     Find the Target Application 'app.speaklocal.vietnam.native'
    t =     7.92s     Check for interrupting elements affecting "SpeakLocal Vietnam" Application
    t =     7.94s     Synthesize event
    t =     8.36s     Wait for app.speaklocal.vietnam.native to idle
    t =     9.10s Terminate app.speaklocal.vietnam.native:82226
    t =    10.14s Open app.speaklocal.vietnam.native
    t =    10.14s     Launch app.speaklocal.vietnam.native
    t =    10.35s         Setting up automation session
    t =    10.87s         Wait for app.speaklocal.vietnam.native to idle
    t =    12.35s Waiting 4.0s for TabBar (First Match) to exist
    t =    13.38s     Checking `Expect predicate `existsNoRetry == 1` for object TabBar (First Match)`
    t =    13.38s         Checking existence of `TabBar (First Match)`
    t =    13.43s Checking existence of `"PhraseArticle.BottomSentinel.viet-family-city-hanoi-place-west-lake" Other`
    t =    13.52s Checking existence of `"PhraseArticle.BottomSentinel.viet-phrase-city-hanoi-place-west-lake" Other`
    t =    13.54s Find the "PhraseArticle.BottomSentinel.viet-phrase-city-hanoi-place-west-lake" Other
    t =    13.57s Checking existence of `TabBar (First Match)`
    t =    13.57s Find the TabBar (First Match)
    t =    13.58s Find the Target Application 'app.speaklocal.vietnam.native'
    t =    13.67s Terminate app.speaklocal.vietnam.native:82316
    t =    14.72s Tear Down
Test Case '-[SpeakLocalNativeUITests.CityAppDetailV22RenderProofUITests testCaptureCityAppDetailV22RenderProofBatch]' passed (14.808 seconds).
Test Suite 'CityAppDetailV22RenderProofUITests' passed at 2026-06-01 03:53:55.131.
	 Executed 1 test, with 0 failures (0 unexpected) in 14.808 (14.809) seconds
Test Suite 'SpeakLocalNativeUITests.xctest' passed at 2026-06-01 03:53:55.132.
	 Executed 1 test, with 0 failures (0 unexpected) in 14.808 (14.810) seconds
Test Suite 'Selected tests' passed at 2026-06-01 03:53:55.133.
	 Executed 1 test, with 0 failures (0 unexpected) in 14.808 (14.811) seconds

Test session results, code coverage, and logs:
	/Users/jojolim/Library/Developer/XcodeBuildMCP/workspaces/orchestrator-309442864093/DerivedData/SpeakLocalNative-8f3e721625a0/Logs/Test/Test-SpeakLocalNative-2026.06.01_03-53-38-+0700.xcresult

** TEST EXECUTE SUCCEEDED **

Testing started

2026-06-01 03:53:40.388 xcodebuild[82144:7345395] [MT] IDELaunchParametersSnapshot: The operation couldn’t be completed. (DebuggerLLDB.DebuggerVersionStore.StoreError error 0.)
2026-06-01 03:53:40.388 xcodebuild[82144:7345395] [MT] IDELaunchParametersSnapshot: no debugger version
2026-06-01 03:53:50.468 xcodebuild[82144:7345395] [MT] IDELaunchParametersSnapshot: The operation couldn’t be completed. (DebuggerLLDB.DebuggerVersionStore.StoreError error 0.)
2026-06-01 03:53:50.468 xcodebuild[82144:7345395] [MT] IDELaunchParametersSnapshot: no debugger version
2026-06-01 03:53:55.433 xcodebuild[82144:7345395] [MT] IDETestOperationsObserverDebug: 16.292 elapsed -- Testing started completed.
2026-06-01 03:53:55.433 xcodebuild[82144:7345395] [MT] IDETestOperationsObserverDebug: 0.000 sec, +0.000 sec -- start
2026-06-01 03:53:55.433 xcodebuild[82144:7345395] [MT] IDETestOperationsObserverDebug: 16.292 sec, +16.292 sec -- end
