Command line invocation:
    /Applications/Xcode.app/Contents/Developer/usr/bin/xcodebuild test-without-building -project /Users/jojolim/Developer/products/speaklocal/app-family/.worktrees/city-listings-production-ready/native-ios/SpeakLocalNative.xcodeproj -scheme SpeakLocalNative -destination "platform=iOS Simulator,id=7C386DD3-4BF1-4A34-A918-768C43CD1258" -derivedDataPath /Users/jojolim/Library/Developer/XcodeBuildMCP/workspaces/orchestrator-309442864093/DerivedData/SpeakLocalNative-8f3e721625a0 "-only-testing:SpeakLocalNativeUITests/CityAppDetailV22RenderProofUITests/testCaptureCityAppDetailV22RenderProofBatch"

2026-06-01 06:07:03.394969+0700 SpeakLocalNativeUITests-Runner[52676:7912841] [Default] Running tests...
    t =      nans Interface orientation changed to Portrait
Test Suite 'Selected tests' started at 2026-06-01 06:07:03.767.
Test Suite 'SpeakLocalNativeUITests.xctest' started at 2026-06-01 06:07:03.768.
Test Suite 'CityAppDetailV22RenderProofUITests' started at 2026-06-01 06:07:03.768.
Test Case '-[SpeakLocalNativeUITests.CityAppDetailV22RenderProofUITests testCaptureCityAppDetailV22RenderProofBatch]' started.
    t =     0.00s Start Test at 2026-06-01 06:07:03.768
    t =     0.02s Set Up
    t =     0.02s Open app.speaklocal.vietnam.native
    t =     0.02s     Launch app.speaklocal.vietnam.native
objc[52676]: Class UIAccessibilityLoaderWebShared is implemented in both /Library/Developer/CoreSimulator/Volumes/iOS_23F77/Library/Developer/CoreSimulator/Profiles/Runtimes/iOS 26.5.simruntime/Contents/Resources/RuntimeRoot/System/Library/AccessibilityBundles/WebCore.axbundle/WebCore (0x10a6c8310) and /Library/Developer/CoreSimulator/Volumes/iOS_23F77/Library/Developer/CoreSimulator/Profiles/Runtimes/iOS 26.5.simruntime/Contents/Resources/RuntimeRoot/System/Library/AccessibilityBundles/WebKit.axbundle/WebKit (0x10a774398). This may cause spurious casting failures and mysterious crashes. One of the duplicates must be removed or renamed.
    t =     2.11s         Setting up automation session
    t =     2.58s         Wait for app.speaklocal.vietnam.native to idle
    t =     4.06s Checking existence of `"Reply 1988 Cafe" StaticText`
    t =     4.22s Waiting 8.0s for "Reply 1988 Cafe" StaticText to exist
    t =     5.28s     Checking `Expect predicate `existsNoRetry == 1` for object "Reply 1988 Cafe" StaticText`
    t =     5.28s         Checking existence of `"Reply 1988 Cafe" StaticText`
    t =     5.44s Swipe up Target Application 'app.speaklocal.vietnam.native'
    t =     5.44s     Wait for app.speaklocal.vietnam.native to idle
    t =     5.44s     Find the Target Application 'app.speaklocal.vietnam.native'
    t =     5.46s     Check for interrupting elements affecting "SpeakLocal Vietnam" Application
    t =     5.47s     Synthesize event
    t =     5.89s     Wait for app.speaklocal.vietnam.native to idle
    t =     7.99s Swipe up Target Application 'app.speaklocal.vietnam.native'
    t =     7.99s     Wait for app.speaklocal.vietnam.native to idle
    t =     7.99s     Find the Target Application 'app.speaklocal.vietnam.native'
    t =     8.01s     Check for interrupting elements affecting "SpeakLocal Vietnam" Application
    t =     8.04s     Synthesize event
    t =     8.46s     Wait for app.speaklocal.vietnam.native to idle
    t =     9.09s Terminate app.speaklocal.vietnam.native:52803
    t =    10.18s Open app.speaklocal.vietnam.native
    t =    10.18s     Launch app.speaklocal.vietnam.native
    t =    10.40s         Setting up automation session
    t =    10.86s         Wait for app.speaklocal.vietnam.native to idle
    t =    12.31s Waiting 4.0s for TabBar (First Match) to exist
    t =    13.37s     Checking `Expect predicate `existsNoRetry == 1` for object TabBar (First Match)`
    t =    13.37s         Checking existence of `TabBar (First Match)`
    t =    13.43s Checking existence of `"PhraseArticle.BottomSentinel.viet-family-city-danang-place-reply-1988" Other`
    t =    13.50s Checking existence of `"PhraseArticle.BottomSentinel.viet-phrase-city-danang-place-reply-1988" Other`
    t =    13.53s Find the "PhraseArticle.BottomSentinel.viet-phrase-city-danang-place-reply-1988" Other
    t =    13.55s Checking existence of `TabBar (First Match)`
    t =    13.55s Find the TabBar (First Match)
    t =    13.56s Find the Target Application 'app.speaklocal.vietnam.native'
    t =    13.65s Terminate app.speaklocal.vietnam.native:52984
    t =    14.74s Tear Down
Test Case '-[SpeakLocalNativeUITests.CityAppDetailV22RenderProofUITests testCaptureCityAppDetailV22RenderProofBatch]' passed (14.785 seconds).
Test Suite 'CityAppDetailV22RenderProofUITests' passed at 2026-06-01 06:07:18.553.
	 Executed 1 test, with 0 failures (0 unexpected) in 14.785 (14.786) seconds
Test Suite 'SpeakLocalNativeUITests.xctest' passed at 2026-06-01 06:07:18.554.
	 Executed 1 test, with 0 failures (0 unexpected) in 14.785 (14.786) seconds
Test Suite 'Selected tests' passed at 2026-06-01 06:07:18.554.
	 Executed 1 test, with 0 failures (0 unexpected) in 14.785 (14.787) seconds

Test session results, code coverage, and logs:
	/Users/jojolim/Library/Developer/XcodeBuildMCP/workspaces/orchestrator-309442864093/DerivedData/SpeakLocalNative-8f3e721625a0/Logs/Test/Test-SpeakLocalNative-2026.06.01_06-07-02-+0700.xcresult

** TEST EXECUTE SUCCEEDED **

Testing started

2026-06-01 06:07:03.831 xcodebuild[52654:7912628] [MT] IDELaunchParametersSnapshot: The operation couldn’t be completed. (DebuggerLLDB.DebuggerVersionStore.StoreError error 0.)
2026-06-01 06:07:03.831 xcodebuild[52654:7912628] [MT] IDELaunchParametersSnapshot: no debugger version
2026-06-01 06:07:13.950 xcodebuild[52654:7912628] [MT] IDELaunchParametersSnapshot: The operation couldn’t be completed. (DebuggerLLDB.DebuggerVersionStore.StoreError error 0.)
2026-06-01 06:07:13.950 xcodebuild[52654:7912628] [MT] IDELaunchParametersSnapshot: no debugger version
2026-06-01 06:07:18.849 xcodebuild[52654:7912628] [MT] IDETestOperationsObserverDebug: 16.261 elapsed -- Testing started completed.
2026-06-01 06:07:18.849 xcodebuild[52654:7912628] [MT] IDETestOperationsObserverDebug: 0.000 sec, +0.000 sec -- start
2026-06-01 06:07:18.849 xcodebuild[52654:7912628] [MT] IDETestOperationsObserverDebug: 16.261 sec, +16.261 sec -- end
