Command line invocation:
    /Applications/Xcode.app/Contents/Developer/usr/bin/xcodebuild test-without-building -project /Users/jojolim/Developer/products/speaklocal/app-family/.worktrees/city-listings-production-ready/native-ios/SpeakLocalNative.xcodeproj -scheme SpeakLocalNative -destination "platform=iOS Simulator,id=7C386DD3-4BF1-4A34-A918-768C43CD1258" -derivedDataPath /Users/jojolim/Library/Developer/XcodeBuildMCP/workspaces/orchestrator-309442864093/DerivedData/SpeakLocalNative-8f3e721625a0 "-only-testing:SpeakLocalNativeUITests/CityAppDetailV22RenderProofUITests/testCaptureCityAppDetailV22RenderProofBatch"

2026-06-01 06:46:16.776795+0700 SpeakLocalNativeUITests-Runner[16934:8094743] [Default] Running tests...
    t =      nans Interface orientation changed to Portrait
Test Suite 'Selected tests' started at 2026-06-01 06:46:17.153.
Test Suite 'SpeakLocalNativeUITests.xctest' started at 2026-06-01 06:46:17.153.
Test Suite 'CityAppDetailV22RenderProofUITests' started at 2026-06-01 06:46:17.153.
Test Case '-[SpeakLocalNativeUITests.CityAppDetailV22RenderProofUITests testCaptureCityAppDetailV22RenderProofBatch]' started.
    t =     0.00s Start Test at 2026-06-01 06:46:17.153
    t =     0.02s Set Up
    t =     0.02s Open app.speaklocal.vietnam.native
    t =     0.02s     Launch app.speaklocal.vietnam.native
objc[16934]: Class UIAccessibilityLoaderWebShared is implemented in both /Library/Developer/CoreSimulator/Volumes/iOS_23F77/Library/Developer/CoreSimulator/Profiles/Runtimes/iOS 26.5.simruntime/Contents/Resources/RuntimeRoot/System/Library/AccessibilityBundles/WebCore.axbundle/WebCore (0x109bc8310) and /Library/Developer/CoreSimulator/Volumes/iOS_23F77/Library/Developer/CoreSimulator/Profiles/Runtimes/iOS 26.5.simruntime/Contents/Resources/RuntimeRoot/System/Library/AccessibilityBundles/WebKit.axbundle/WebKit (0x10a088398). This may cause spurious casting failures and mysterious crashes. One of the duplicates must be removed or renamed.
    t =     1.89s         Setting up automation session
    t =     2.31s         Wait for app.speaklocal.vietnam.native to idle
    t =     3.79s Checking existence of `"Nhà cổ Đức An" StaticText`
    t =     3.94s Waiting 8.0s for "Nhà cổ Đức An" StaticText to exist
    t =     4.99s     Checking `Expect predicate `existsNoRetry == 1` for object "Nhà cổ Đức An" StaticText`
    t =     4.99s         Checking existence of `"Nhà cổ Đức An" StaticText`
    t =     5.15s Swipe up Target Application 'app.speaklocal.vietnam.native'
    t =     5.15s     Wait for app.speaklocal.vietnam.native to idle
    t =     5.15s     Find the Target Application 'app.speaklocal.vietnam.native'
    t =     5.17s     Check for interrupting elements affecting "SpeakLocal Vietnam" Application
    t =     5.18s     Synthesize event
    t =     5.60s     Wait for app.speaklocal.vietnam.native to idle
    t =     7.72s Swipe up Target Application 'app.speaklocal.vietnam.native'
    t =     7.72s     Wait for app.speaklocal.vietnam.native to idle
    t =     8.01s     Find the Target Application 'app.speaklocal.vietnam.native'
    t =     8.03s     Check for interrupting elements affecting "SpeakLocal Vietnam" Application
    t =     8.06s     Synthesize event
    t =     8.48s     Wait for app.speaklocal.vietnam.native to idle
    t =     9.16s Terminate app.speaklocal.vietnam.native:17017
    t =    10.23s Open app.speaklocal.vietnam.native
    t =    10.23s     Launch app.speaklocal.vietnam.native
    t =    10.44s         Setting up automation session
    t =    10.95s         Wait for app.speaklocal.vietnam.native to idle
    t =    12.44s Waiting 4.0s for TabBar (First Match) to exist
    t =    13.49s     Checking `Expect predicate `existsNoRetry == 1` for object TabBar (First Match)`
    t =    13.49s         Checking existence of `TabBar (First Match)`
    t =    13.54s Checking existence of `"PhraseArticle.BottomSentinel.viet-family-city-hoian-place-duc-an-old-house" Other`
    t =    13.62s Checking existence of `"PhraseArticle.BottomSentinel.viet-phrase-city-hoian-place-duc-an-old-house" Other`
    t =    13.64s Find the "PhraseArticle.BottomSentinel.viet-phrase-city-hoian-place-duc-an-old-house" Other
    t =    13.66s Checking existence of `TabBar (First Match)`
    t =    13.67s Find the TabBar (First Match)
    t =    13.68s Find the Target Application 'app.speaklocal.vietnam.native'
    t =    13.77s Terminate app.speaklocal.vietnam.native:17102
    t =    14.84s Tear Down
Test Case '-[SpeakLocalNativeUITests.CityAppDetailV22RenderProofUITests testCaptureCityAppDetailV22RenderProofBatch]' passed (14.900 seconds).
Test Suite 'CityAppDetailV22RenderProofUITests' passed at 2026-06-01 06:46:32.054.
	 Executed 1 test, with 0 failures (0 unexpected) in 14.900 (14.901) seconds
Test Suite 'SpeakLocalNativeUITests.xctest' passed at 2026-06-01 06:46:32.055.
	 Executed 1 test, with 0 failures (0 unexpected) in 14.900 (14.902) seconds
Test Suite 'Selected tests' passed at 2026-06-01 06:46:32.056.
	 Executed 1 test, with 0 failures (0 unexpected) in 14.900 (14.903) seconds

Test session results, code coverage, and logs:
	/Users/jojolim/Library/Developer/XcodeBuildMCP/workspaces/orchestrator-309442864093/DerivedData/SpeakLocalNative-8f3e721625a0/Logs/Test/Test-SpeakLocalNative-2026.06.01_06-46-15-+0700.xcresult

** TEST EXECUTE SUCCEEDED **

Testing started

2026-06-01 06:46:17.217 xcodebuild[16913:8094477] [MT] IDELaunchParametersSnapshot: The operation couldn’t be completed. (DebuggerLLDB.DebuggerVersionStore.StoreError error 0.)
2026-06-01 06:46:17.218 xcodebuild[16913:8094477] [MT] IDELaunchParametersSnapshot: no debugger version
2026-06-01 06:46:27.384 xcodebuild[16913:8094477] [MT] IDELaunchParametersSnapshot: The operation couldn’t be completed. (DebuggerLLDB.DebuggerVersionStore.StoreError error 0.)
2026-06-01 06:46:27.384 xcodebuild[16913:8094477] [MT] IDELaunchParametersSnapshot: no debugger version
2026-06-01 06:46:32.353 xcodebuild[16913:8094477] [MT] IDETestOperationsObserverDebug: 16.358 elapsed -- Testing started completed.
2026-06-01 06:46:32.353 xcodebuild[16913:8094477] [MT] IDETestOperationsObserverDebug: 0.000 sec, +0.000 sec -- start
2026-06-01 06:46:32.353 xcodebuild[16913:8094477] [MT] IDETestOperationsObserverDebug: 16.359 sec, +16.359 sec -- end
