Command line invocation:
    /Applications/Xcode.app/Contents/Developer/usr/bin/xcodebuild test-without-building -project /Users/jojolim/Developer/products/speaklocal/app-family/.worktrees/city-listings-production-ready/native-ios/SpeakLocalNative.xcodeproj -scheme SpeakLocalNative -destination "platform=iOS Simulator,id=7C386DD3-4BF1-4A34-A918-768C43CD1258" -derivedDataPath /Users/jojolim/Library/Developer/XcodeBuildMCP/workspaces/orchestrator-309442864093/DerivedData/SpeakLocalNative-8f3e721625a0 "-only-testing:SpeakLocalNativeUITests/CityAppDetailV22RenderProofUITests/testCaptureCityAppDetailV22RenderProofBatch"

2026-06-01 03:46:30.338487+0700 SpeakLocalNativeUITests-Runner[73311:7312819] [Default] Running tests...
    t =      nans Interface orientation changed to Portrait
Test Suite 'Selected tests' started at 2026-06-01 03:46:30.710.
Test Suite 'SpeakLocalNativeUITests.xctest' started at 2026-06-01 03:46:30.711.
Test Suite 'CityAppDetailV22RenderProofUITests' started at 2026-06-01 03:46:30.711.
Test Case '-[SpeakLocalNativeUITests.CityAppDetailV22RenderProofUITests testCaptureCityAppDetailV22RenderProofBatch]' started.
    t =     0.00s Start Test at 2026-06-01 03:46:30.711
    t =     0.01s Set Up
    t =     0.02s Open app.speaklocal.vietnam.native
    t =     0.02s     Launch app.speaklocal.vietnam.native
objc[73311]: Class UIAccessibilityLoaderWebShared is implemented in both /Library/Developer/CoreSimulator/Volumes/iOS_23F77/Library/Developer/CoreSimulator/Profiles/Runtimes/iOS 26.5.simruntime/Contents/Resources/RuntimeRoot/System/Library/AccessibilityBundles/WebCore.axbundle/WebCore (0x10a688310) and /Library/Developer/CoreSimulator/Volumes/iOS_23F77/Library/Developer/CoreSimulator/Profiles/Runtimes/iOS 26.5.simruntime/Contents/Resources/RuntimeRoot/System/Library/AccessibilityBundles/WebKit.axbundle/WebKit (0x109b00398). This may cause spurious casting failures and mysterious crashes. One of the duplicates must be removed or renamed.
    t =     1.69s         Setting up automation session
    t =     2.24s         Wait for app.speaklocal.vietnam.native to idle
    t =     3.82s Checking existence of `"Đường Trần Hưng Đạo" StaticText`
    t =     3.99s Waiting 8.0s for "Đường Trần Hưng Đạo" StaticText to exist
    t =     5.05s     Checking `Expect predicate `existsNoRetry == 1` for object "Đường Trần Hưng Đạo" StaticText`
    t =     5.05s         Checking existence of `"Đường Trần Hưng Đạo" StaticText`
    t =     5.20s Swipe up Target Application 'app.speaklocal.vietnam.native'
    t =     5.20s     Wait for app.speaklocal.vietnam.native to idle
    t =     5.20s     Find the Target Application 'app.speaklocal.vietnam.native'
    t =     5.21s     Check for interrupting elements affecting "SpeakLocal Vietnam" Application
    t =     5.23s     Synthesize event
    t =     5.66s     Wait for app.speaklocal.vietnam.native to idle
    t =     7.76s Swipe up Target Application 'app.speaklocal.vietnam.native'
    t =     7.76s     Wait for app.speaklocal.vietnam.native to idle
    t =     7.76s     Find the Target Application 'app.speaklocal.vietnam.native'
    t =     7.79s     Check for interrupting elements affecting "SpeakLocal Vietnam" Application
    t =     7.82s     Synthesize event
    t =     8.24s     Wait for app.speaklocal.vietnam.native to idle
    t =     9.08s Terminate app.speaklocal.vietnam.native:73319
    t =    10.14s Open app.speaklocal.vietnam.native
    t =    10.14s     Launch app.speaklocal.vietnam.native
    t =    10.35s         Setting up automation session
    t =    10.83s         Wait for app.speaklocal.vietnam.native to idle
    t =    12.31s Waiting 4.0s for TabBar (First Match) to exist
    t =    13.35s     Checking `Expect predicate `existsNoRetry == 1` for object TabBar (First Match)`
    t =    13.35s         Checking existence of `TabBar (First Match)`
    t =    13.41s Checking existence of `"PhraseArticle.BottomSentinel.viet-family-city-danang-place-tran-hung-dao-street" Other`
    t =    13.49s Checking existence of `"PhraseArticle.BottomSentinel.viet-phrase-city-danang-place-tran-hung-dao-street" Other`
    t =    13.51s Find the "PhraseArticle.BottomSentinel.viet-phrase-city-danang-place-tran-hung-dao-street" Other
    t =    13.53s Checking existence of `TabBar (First Match)`
    t =    13.54s Find the TabBar (First Match)
    t =    13.54s Find the Target Application 'app.speaklocal.vietnam.native'
    t =    13.63s Terminate app.speaklocal.vietnam.native:73479
    t =    14.71s Tear Down
Test Case '-[SpeakLocalNativeUITests.CityAppDetailV22RenderProofUITests testCaptureCityAppDetailV22RenderProofBatch]' passed (14.755 seconds).
Test Suite 'CityAppDetailV22RenderProofUITests' passed at 2026-06-01 03:46:45.467.
	 Executed 1 test, with 0 failures (0 unexpected) in 14.755 (14.756) seconds
Test Suite 'SpeakLocalNativeUITests.xctest' passed at 2026-06-01 03:46:45.468.
	 Executed 1 test, with 0 failures (0 unexpected) in 14.755 (14.757) seconds
Test Suite 'Selected tests' passed at 2026-06-01 03:46:45.469.
	 Executed 1 test, with 0 failures (0 unexpected) in 14.755 (14.758) seconds

Test session results, code coverage, and logs:
	/Users/jojolim/Library/Developer/XcodeBuildMCP/workspaces/orchestrator-309442864093/DerivedData/SpeakLocalNative-8f3e721625a0/Logs/Test/Test-SpeakLocalNative-2026.06.01_03-46-29-+0700.xcresult

** TEST EXECUTE SUCCEEDED **

Testing started

2026-06-01 03:46:30.762 xcodebuild[73304:7312631] [MT] IDELaunchParametersSnapshot: The operation couldn’t be completed. (DebuggerLLDB.DebuggerVersionStore.StoreError error 0.)
2026-06-01 03:46:30.762 xcodebuild[73304:7312631] [MT] IDELaunchParametersSnapshot: no debugger version
2026-06-01 03:46:40.855 xcodebuild[73304:7312631] [MT] IDELaunchParametersSnapshot: The operation couldn’t be completed. (DebuggerLLDB.DebuggerVersionStore.StoreError error 0.)
2026-06-01 03:46:40.855 xcodebuild[73304:7312631] [MT] IDELaunchParametersSnapshot: no debugger version
2026-06-01 03:46:45.768 xcodebuild[73304:7312631] [MT] IDETestOperationsObserverDebug: 16.241 elapsed -- Testing started completed.
2026-06-01 03:46:45.768 xcodebuild[73304:7312631] [MT] IDETestOperationsObserverDebug: 0.000 sec, +0.000 sec -- start
2026-06-01 03:46:45.768 xcodebuild[73304:7312631] [MT] IDETestOperationsObserverDebug: 16.241 sec, +16.241 sec -- end
