Command line invocation:
    /Applications/Xcode.app/Contents/Developer/usr/bin/xcodebuild test-without-building -project native-ios/SpeakLocalNative.xcodeproj -scheme SpeakLocalNative -destination "platform=iOS Simulator,id=7C386DD3-4BF1-4A34-A918-768C43CD1258" -derivedDataPath /Users/jojolim/Library/Developer/XcodeBuildMCP/workspaces/orchestrator-309442864093/DerivedData/SpeakLocalNative-8f3e721625a0 "-only-testing:SpeakLocalNativeUITests/CityAppDetailV22RenderProofUITests/testCaptureCityAppDetailV22RenderProofBatch"

2026-06-01 02:04:35.484723+0700 SpeakLocalNativeUITests-Runner[64574:6956420] [Default] Running tests...
    t =      nans Interface orientation changed to Portrait
Test Suite 'Selected tests' started at 2026-06-01 02:04:36.147.
Test Suite 'SpeakLocalNativeUITests.xctest' started at 2026-06-01 02:04:36.148.
Test Suite 'CityAppDetailV22RenderProofUITests' started at 2026-06-01 02:04:36.148.
Test Case '-[SpeakLocalNativeUITests.CityAppDetailV22RenderProofUITests testCaptureCityAppDetailV22RenderProofBatch]' started.
    t =     0.00s Start Test at 2026-06-01 02:04:36.149
    t =     0.02s Set Up
    t =     0.02s Open app.speaklocal.vietnam.native
    t =     0.03s     Launch app.speaklocal.vietnam.native
2026-06-01 02:04:36.219 xcodebuild[64568:6956243] [MT] IDELaunchParametersSnapshot: The operation couldn’t be completed. (DebuggerLLDB.DebuggerVersionStore.StoreError error 0.)
2026-06-01 02:04:36.219 xcodebuild[64568:6956243] [MT] IDELaunchParametersSnapshot: no debugger version
objc[64574]: Class UIAccessibilityLoaderWebShared is implemented in both /Library/Developer/CoreSimulator/Volumes/iOS_23F77/Library/Developer/CoreSimulator/Profiles/Runtimes/iOS 26.5.simruntime/Contents/Resources/RuntimeRoot/System/Library/AccessibilityBundles/WebCore.axbundle/WebCore (0x108d48310) and /Library/Developer/CoreSimulator/Volumes/iOS_23F77/Library/Developer/CoreSimulator/Profiles/Runtimes/iOS 26.5.simruntime/Contents/Resources/RuntimeRoot/System/Library/AccessibilityBundles/WebKit.axbundle/WebKit (0x1085c8398). This may cause spurious casting failures and mysterious crashes. One of the duplicates must be removed or renamed.
    t =     2.54s         Setting up automation session
    t =     3.53s         Wait for app.speaklocal.vietnam.native to idle
    t =     5.39s Checking existence of `"Ancient Hue Gallery Cuisine" StaticText`
    t =     5.63s Waiting 8.0s for "Ancient Hue Gallery Cuisine" StaticText to exist
    t =     6.70s     Checking `Expect predicate `existsNoRetry == 1` for object "Ancient Hue Gallery Cuisine" StaticText`
    t =     6.70s         Checking existence of `"Ancient Hue Gallery Cuisine" StaticText`
    t =     6.86s Swipe up Target Application 'app.speaklocal.vietnam.native'
    t =     6.86s     Wait for app.speaklocal.vietnam.native to idle
    t =     6.86s     Find the Target Application 'app.speaklocal.vietnam.native'
    t =     6.88s     Check for interrupting elements affecting "SpeakLocal Vietnam" Application
    t =     6.90s     Synthesize event
    t =     7.32s     Wait for app.speaklocal.vietnam.native to idle
    t =     9.45s Swipe up Target Application 'app.speaklocal.vietnam.native'
    t =     9.45s     Wait for app.speaklocal.vietnam.native to idle
    t =     9.45s     Find the Target Application 'app.speaklocal.vietnam.native'
    t =     9.48s     Check for interrupting elements affecting "SpeakLocal Vietnam" Application
    t =     9.51s     Synthesize event
    t =     9.94s     Wait for app.speaklocal.vietnam.native to idle
    t =    10.68s Waiting 4.0s for TabBar (First Match) to exist
    t =    11.76s     Checking `Expect predicate `existsNoRetry == 1` for object TabBar (First Match)`
    t =    11.76s         Checking existence of `TabBar (First Match)`
    t =    11.77s Checking existence of `"PhraseArticle.BottomSentinel.viet-family-city-hue-place-ancient-hue-gallery-cuisine" Other`
    t =    11.80s Checking existence of `"PhraseArticle.BottomSentinel.viet-phrase-city-hue-place-ancient-hue-gallery-cuisine" Other`
    t =    11.82s Find the "PhraseArticle.BottomSentinel.viet-phrase-city-hue-place-ancient-hue-gallery-cuisine" Other
    t =    11.85s Checking existence of `TabBar (First Match)`
    t =    11.86s Find the TabBar (First Match)
    t =    11.87s Find the Target Application 'app.speaklocal.vietnam.native'
    t =    11.98s Terminate app.speaklocal.vietnam.native:64659
    t =    13.07s Tear Down
Test Case '-[SpeakLocalNativeUITests.CityAppDetailV22RenderProofUITests testCaptureCityAppDetailV22RenderProofBatch]' passed (13.114 seconds).
Test Suite 'CityAppDetailV22RenderProofUITests' passed at 2026-06-01 02:04:49.263.
	 Executed 1 test, with 0 failures (0 unexpected) in 13.114 (13.115) seconds
Test Suite 'SpeakLocalNativeUITests.xctest' passed at 2026-06-01 02:04:49.264.
	 Executed 1 test, with 0 failures (0 unexpected) in 13.114 (13.116) seconds
Test Suite 'Selected tests' passed at 2026-06-01 02:04:49.264.
	 Executed 1 test, with 0 failures (0 unexpected) in 13.114 (13.116) seconds
2026-06-01 02:04:49.557 xcodebuild[64568:6956243] [MT] IDETestOperationsObserverDebug: 15.273 elapsed -- Testing started completed.
2026-06-01 02:04:49.557 xcodebuild[64568:6956243] [MT] IDETestOperationsObserverDebug: 0.000 sec, +0.000 sec -- start
2026-06-01 02:04:49.557 xcodebuild[64568:6956243] [MT] IDETestOperationsObserverDebug: 15.273 sec, +15.273 sec -- end

Test session results, code coverage, and logs:
	/Users/jojolim/Library/Developer/XcodeBuildMCP/workspaces/orchestrator-309442864093/DerivedData/SpeakLocalNative-8f3e721625a0/Logs/Test/Test-SpeakLocalNative-2026.06.01_02-04-34-+0700.xcresult

** TEST EXECUTE SUCCEEDED **

Testing started
