Command line invocation:
    /Applications/Xcode.app/Contents/Developer/usr/bin/xcodebuild test-without-building -project /Users/jojolim/Developer/products/speaklocal/app-family/.worktrees/city-listings-production-ready/native-ios/SpeakLocalNative.xcodeproj -scheme SpeakLocalNative -destination "platform=iOS Simulator,id=7C386DD3-4BF1-4A34-A918-768C43CD1258" -derivedDataPath /Users/jojolim/Library/Developer/XcodeBuildMCP/workspaces/orchestrator-309442864093/DerivedData/SpeakLocalNative-8f3e721625a0 "-only-testing:SpeakLocalNativeUITests/CityAppDetailV22RenderProofUITests/testCaptureCityAppDetailV22RenderProofBatch"

2026-06-01 06:38:59.529875+0700 SpeakLocalNativeUITests-Runner[8179:8061985] [Default] Running tests...
    t =      nans Interface orientation changed to Portrait
Test Suite 'Selected tests' started at 2026-06-01 06:38:59.902.
Test Suite 'SpeakLocalNativeUITests.xctest' started at 2026-06-01 06:38:59.902.
Test Suite 'CityAppDetailV22RenderProofUITests' started at 2026-06-01 06:38:59.902.
Test Case '-[SpeakLocalNativeUITests.CityAppDetailV22RenderProofUITests testCaptureCityAppDetailV22RenderProofBatch]' started.
    t =     0.00s Start Test at 2026-06-01 06:38:59.903
    t =     0.02s Set Up
    t =     0.02s Open app.speaklocal.vietnam.native
    t =     0.02s     Launch app.speaklocal.vietnam.native
objc[8179]: Class UIAccessibilityLoaderWebShared is implemented in both /Library/Developer/CoreSimulator/Volumes/iOS_23F77/Library/Developer/CoreSimulator/Profiles/Runtimes/iOS 26.5.simruntime/Contents/Resources/RuntimeRoot/System/Library/AccessibilityBundles/WebCore.axbundle/WebCore (0x1090d0310) and /Library/Developer/CoreSimulator/Volumes/iOS_23F77/Library/Developer/CoreSimulator/Profiles/Runtimes/iOS 26.5.simruntime/Contents/Resources/RuntimeRoot/System/Library/AccessibilityBundles/WebKit.axbundle/WebKit (0x108950398). This may cause spurious casting failures and mysterious crashes. One of the duplicates must be removed or renamed.
    t =     1.88s         Setting up automation session
    t =     2.47s         Wait for app.speaklocal.vietnam.native to idle
    t =     3.97s Checking existence of `"Cầu Thuận Phước" StaticText`
    t =     4.11s Waiting 8.0s for "Cầu Thuận Phước" StaticText to exist
    t =     5.14s     Checking `Expect predicate `existsNoRetry == 1` for object "Cầu Thuận Phước" StaticText`
    t =     5.14s         Checking existence of `"Cầu Thuận Phước" StaticText`
    t =     5.30s Swipe up Target Application 'app.speaklocal.vietnam.native'
    t =     5.30s     Wait for app.speaklocal.vietnam.native to idle
    t =     5.30s     Find the Target Application 'app.speaklocal.vietnam.native'
    t =     5.32s     Check for interrupting elements affecting "SpeakLocal Vietnam" Application
    t =     5.34s     Synthesize event
    t =     5.76s     Wait for app.speaklocal.vietnam.native to idle
    t =     7.86s Swipe up Target Application 'app.speaklocal.vietnam.native'
    t =     7.86s     Wait for app.speaklocal.vietnam.native to idle
    t =     7.86s     Find the Target Application 'app.speaklocal.vietnam.native'
    t =     7.89s     Check for interrupting elements affecting "SpeakLocal Vietnam" Application
    t =     7.92s     Synthesize event
    t =     8.34s     Wait for app.speaklocal.vietnam.native to idle
    t =     9.17s Terminate app.speaklocal.vietnam.native:8243
    t =    10.24s Open app.speaklocal.vietnam.native
    t =    10.25s     Launch app.speaklocal.vietnam.native
    t =    10.46s         Setting up automation session
    t =    10.99s         Wait for app.speaklocal.vietnam.native to idle
    t =    12.43s Waiting 4.0s for TabBar (First Match) to exist
    t =    13.49s     Checking `Expect predicate `existsNoRetry == 1` for object TabBar (First Match)`
    t =    13.49s         Checking existence of `TabBar (First Match)`
    t =    13.52s Checking existence of `"PhraseArticle.BottomSentinel.viet-family-city-danang-place-thuan-phuoc-bridge" Other`
    t =    13.60s Checking existence of `"PhraseArticle.BottomSentinel.viet-phrase-city-danang-place-thuan-phuoc-bridge" Other`
    t =    13.62s Find the "PhraseArticle.BottomSentinel.viet-phrase-city-danang-place-thuan-phuoc-bridge" Other
    t =    13.64s Checking existence of `TabBar (First Match)`
    t =    13.65s Find the TabBar (First Match)
    t =    13.65s Find the Target Application 'app.speaklocal.vietnam.native'
    t =    13.74s Terminate app.speaklocal.vietnam.native:8347
    t =    14.78s Tear Down
Test Case '-[SpeakLocalNativeUITests.CityAppDetailV22RenderProofUITests testCaptureCityAppDetailV22RenderProofBatch]' passed (14.881 seconds).
Test Suite 'CityAppDetailV22RenderProofUITests' passed at 2026-06-01 06:39:14.784.
	 Executed 1 test, with 0 failures (0 unexpected) in 14.881 (14.882) seconds
Test Suite 'SpeakLocalNativeUITests.xctest' passed at 2026-06-01 06:39:14.785.
	 Executed 1 test, with 0 failures (0 unexpected) in 14.881 (14.883) seconds
Test Suite 'Selected tests' passed at 2026-06-01 06:39:14.786.
	 Executed 1 test, with 0 failures (0 unexpected) in 14.881 (14.884) seconds

Test session results, code coverage, and logs:
	/Users/jojolim/Library/Developer/XcodeBuildMCP/workspaces/orchestrator-309442864093/DerivedData/SpeakLocalNative-8f3e721625a0/Logs/Test/Test-SpeakLocalNative-2026.06.01_06-38-58-+0700.xcresult

** TEST EXECUTE SUCCEEDED **

Testing started

2026-06-01 06:38:59.955 xcodebuild[8175:8061812] [MT] IDELaunchParametersSnapshot: The operation couldn’t be completed. (DebuggerLLDB.DebuggerVersionStore.StoreError error 0.)
2026-06-01 06:38:59.955 xcodebuild[8175:8061812] [MT] IDELaunchParametersSnapshot: no debugger version
2026-06-01 06:39:10.150 xcodebuild[8175:8061812] [MT] IDELaunchParametersSnapshot: The operation couldn’t be completed. (DebuggerLLDB.DebuggerVersionStore.StoreError error 0.)
2026-06-01 06:39:10.150 xcodebuild[8175:8061812] [MT] IDELaunchParametersSnapshot: no debugger version
2026-06-01 06:39:15.087 xcodebuild[8175:8061812] [MT] IDETestOperationsObserverDebug: 16.367 elapsed -- Testing started completed.
2026-06-01 06:39:15.087 xcodebuild[8175:8061812] [MT] IDETestOperationsObserverDebug: 0.000 sec, +0.000 sec -- start
2026-06-01 06:39:15.087 xcodebuild[8175:8061812] [MT] IDETestOperationsObserverDebug: 16.367 sec, +16.367 sec -- end
