Command line invocation:
    /Applications/Xcode.app/Contents/Developer/usr/bin/xcodebuild test-without-building -project native-ios/SpeakLocalNative.xcodeproj -scheme SpeakLocalNative -destination "platform=iOS Simulator,id=7C386DD3-4BF1-4A34-A918-768C43CD1258" -derivedDataPath /Users/jojolim/Library/Developer/XcodeBuildMCP/workspaces/orchestrator-309442864093/DerivedData/SpeakLocalNative-8f3e721625a0 "-only-testing:SpeakLocalNativeUITests/CityAppDetailV22RenderProofUITests/testCaptureCityAppDetailV22RenderProofBatch"

2026-06-01 02:01:12.902032+0700 SpeakLocalNativeUITests-Runner[61099:6941250] [Default] Running tests...
    t =      nans Interface orientation changed to Portrait
Test Suite 'Selected tests' started at 2026-06-01 02:01:13.432.
Test Suite 'SpeakLocalNativeUITests.xctest' started at 2026-06-01 02:01:13.433.
Test Suite 'CityAppDetailV22RenderProofUITests' started at 2026-06-01 02:01:13.433.
Test Case '-[SpeakLocalNativeUITests.CityAppDetailV22RenderProofUITests testCaptureCityAppDetailV22RenderProofBatch]' started.
    t =     0.00s Start Test at 2026-06-01 02:01:13.434
    t =     0.02s Set Up
    t =     0.03s Open app.speaklocal.vietnam.native
    t =     0.03s     Launch app.speaklocal.vietnam.native
2026-06-01 02:01:13.497 xcodebuild[61074:6941048] [MT] IDELaunchParametersSnapshot: The operation couldn’t be completed. (DebuggerLLDB.DebuggerVersionStore.StoreError error 0.)
2026-06-01 02:01:13.497 xcodebuild[61074:6941048] [MT] IDELaunchParametersSnapshot: no debugger version
objc[61099]: Class UIAccessibilityLoaderWebShared is implemented in both /Library/Developer/CoreSimulator/Volumes/iOS_23F77/Library/Developer/CoreSimulator/Profiles/Runtimes/iOS 26.5.simruntime/Contents/Resources/RuntimeRoot/System/Library/AccessibilityBundles/WebCore.axbundle/WebCore (0x10af20310) and /Library/Developer/CoreSimulator/Volumes/iOS_23F77/Library/Developer/CoreSimulator/Profiles/Runtimes/iOS 26.5.simruntime/Contents/Resources/RuntimeRoot/System/Library/AccessibilityBundles/WebKit.axbundle/WebKit (0x10a77c398). This may cause spurious casting failures and mysterious crashes. One of the duplicates must be removed or renamed.
    t =     2.50s         Setting up automation session
    t =     3.35s         Wait for app.speaklocal.vietnam.native to idle
    t =     5.18s Checking existence of `"Công viên APEC" StaticText`
    t =     5.48s Waiting 8.0s for "Công viên APEC" StaticText to exist
    t =     6.50s     Checking `Expect predicate `existsNoRetry == 1` for object "Công viên APEC" StaticText`
    t =     6.50s         Checking existence of `"Công viên APEC" StaticText`
    t =     6.65s Swipe up Target Application 'app.speaklocal.vietnam.native'
    t =     6.65s     Wait for app.speaklocal.vietnam.native to idle
    t =     6.65s     Find the Target Application 'app.speaklocal.vietnam.native'
    t =     6.67s     Check for interrupting elements affecting "SpeakLocal Vietnam" Application
    t =     6.69s     Synthesize event
    t =     7.11s     Wait for app.speaklocal.vietnam.native to idle
    t =     9.21s Swipe up Target Application 'app.speaklocal.vietnam.native'
    t =     9.21s     Wait for app.speaklocal.vietnam.native to idle
    t =     9.22s     Find the Target Application 'app.speaklocal.vietnam.native'
    t =     9.25s     Check for interrupting elements affecting "SpeakLocal Vietnam" Application
    t =     9.32s     Synthesize event
    t =     9.74s     Wait for app.speaklocal.vietnam.native to idle
    t =    10.73s Waiting 4.0s for TabBar (First Match) to exist
    t =    11.75s     Checking `Expect predicate `existsNoRetry == 1` for object TabBar (First Match)`
    t =    11.75s         Checking existence of `TabBar (First Match)`
    t =    11.77s Checking existence of `"PhraseArticle.BottomSentinel.viet-family-city-danang-place-apec-park" Other`
    t =    11.80s Checking existence of `"PhraseArticle.BottomSentinel.viet-phrase-city-danang-place-apec-park" Other`
    t =    11.82s Find the "PhraseArticle.BottomSentinel.viet-phrase-city-danang-place-apec-park" Other
    t =    11.84s Checking existence of `TabBar (First Match)`
    t =    11.85s Find the TabBar (First Match)
    t =    11.86s Find the Target Application 'app.speaklocal.vietnam.native'
    t =    11.97s Terminate app.speaklocal.vietnam.native:61177
    t =    13.01s Tear Down
Test Case '-[SpeakLocalNativeUITests.CityAppDetailV22RenderProofUITests testCaptureCityAppDetailV22RenderProofBatch]' passed (13.063 seconds).
Test Suite 'CityAppDetailV22RenderProofUITests' passed at 2026-06-01 02:01:26.497.
	 Executed 1 test, with 0 failures (0 unexpected) in 13.063 (13.064) seconds
Test Suite 'SpeakLocalNativeUITests.xctest' passed at 2026-06-01 02:01:26.497.
	 Executed 1 test, with 0 failures (0 unexpected) in 13.063 (13.064) seconds
Test Suite 'Selected tests' passed at 2026-06-01 02:01:26.498.
	 Executed 1 test, with 0 failures (0 unexpected) in 13.063 (13.065) seconds
2026-06-01 02:01:26.787 xcodebuild[61074:6941048] [MT] IDETestOperationsObserverDebug: 15.103 elapsed -- Testing started completed.
2026-06-01 02:01:26.788 xcodebuild[61074:6941048] [MT] IDETestOperationsObserverDebug: 0.000 sec, +0.000 sec -- start
2026-06-01 02:01:26.788 xcodebuild[61074:6941048] [MT] IDETestOperationsObserverDebug: 15.103 sec, +15.103 sec -- end

Test session results, code coverage, and logs:
	/Users/jojolim/Library/Developer/XcodeBuildMCP/workspaces/orchestrator-309442864093/DerivedData/SpeakLocalNative-8f3e721625a0/Logs/Test/Test-SpeakLocalNative-2026.06.01_02-01-11-+0700.xcresult

** TEST EXECUTE SUCCEEDED **

Testing started
