Command line invocation:
    /Applications/Xcode.app/Contents/Developer/usr/bin/xcodebuild test-without-building -project /Users/jojolim/Developer/products/speaklocal/app-family/.worktrees/city-listings-production-ready/native-ios/SpeakLocalNative.xcodeproj -scheme SpeakLocalNative -destination "platform=iOS Simulator,id=7C386DD3-4BF1-4A34-A918-768C43CD1258" -derivedDataPath /Users/jojolim/Library/Developer/XcodeBuildMCP/workspaces/orchestrator-309442864093/DerivedData/SpeakLocalNative-8f3e721625a0 "-only-testing:SpeakLocalNativeUITests/CityAppDetailV22RenderProofUITests/testCaptureCityAppDetailV22RenderProofBatch"

2026-06-01 06:52:41.049545+0700 SpeakLocalNativeUITests-Runner[22779:8118186] [Default] Running tests...
    t =      nans Interface orientation changed to Portrait
Test Suite 'Selected tests' started at 2026-06-01 06:52:41.419.
Test Suite 'SpeakLocalNativeUITests.xctest' started at 2026-06-01 06:52:41.420.
Test Suite 'CityAppDetailV22RenderProofUITests' started at 2026-06-01 06:52:41.420.
Test Case '-[SpeakLocalNativeUITests.CityAppDetailV22RenderProofUITests testCaptureCityAppDetailV22RenderProofBatch]' started.
    t =     0.00s Start Test at 2026-06-01 06:52:41.420
    t =     0.02s Set Up
    t =     0.02s Open app.speaklocal.vietnam.native
    t =     0.02s     Launch app.speaklocal.vietnam.native
objc[22779]: Class UIAccessibilityLoaderWebShared is implemented in both /Library/Developer/CoreSimulator/Volumes/iOS_23F77/Library/Developer/CoreSimulator/Profiles/Runtimes/iOS 26.5.simruntime/Contents/Resources/RuntimeRoot/System/Library/AccessibilityBundles/WebCore.axbundle/WebCore (0x1092b8310) and /Library/Developer/CoreSimulator/Volumes/iOS_23F77/Library/Developer/CoreSimulator/Profiles/Runtimes/iOS 26.5.simruntime/Contents/Resources/RuntimeRoot/System/Library/AccessibilityBundles/WebKit.axbundle/WebKit (0x108b58398). This may cause spurious casting failures and mysterious crashes. One of the duplicates must be removed or renamed.
    t =     1.88s         Setting up automation session
    t =     2.30s         Wait for app.speaklocal.vietnam.native to idle
    t =     3.76s Checking existence of `"Hồ Hoàn Kiếm" StaticText`
    t =     3.91s Waiting 8.0s for "Hồ Hoàn Kiếm" StaticText to exist
    t =     4.95s     Checking `Expect predicate `existsNoRetry == 1` for object "Hồ Hoàn Kiếm" StaticText`
    t =     4.95s         Checking existence of `"Hồ Hoàn Kiếm" StaticText`
    t =     5.08s Swipe up Target Application 'app.speaklocal.vietnam.native'
    t =     5.08s     Wait for app.speaklocal.vietnam.native to idle
    t =     5.08s     Find the Target Application 'app.speaklocal.vietnam.native'
    t =     5.09s     Check for interrupting elements affecting "SpeakLocal Vietnam" Application
    t =     5.11s     Synthesize event
    t =     5.54s     Wait for app.speaklocal.vietnam.native to idle
    t =     7.64s Swipe up Target Application 'app.speaklocal.vietnam.native'
    t =     7.64s     Wait for app.speaklocal.vietnam.native to idle
    t =     7.65s     Find the Target Application 'app.speaklocal.vietnam.native'
    t =     7.67s     Check for interrupting elements affecting "SpeakLocal Vietnam" Application
    t =     7.70s     Synthesize event
    t =     8.11s     Wait for app.speaklocal.vietnam.native to idle
    t =     8.88s Terminate app.speaklocal.vietnam.native:22856
    t =     9.96s Open app.speaklocal.vietnam.native
    t =     9.96s     Launch app.speaklocal.vietnam.native
    t =    10.18s         Setting up automation session
    t =    10.66s         Wait for app.speaklocal.vietnam.native to idle
    t =    12.13s Waiting 4.0s for TabBar (First Match) to exist
    t =    13.17s     Checking `Expect predicate `existsNoRetry == 1` for object TabBar (First Match)`
    t =    13.18s         Checking existence of `TabBar (First Match)`
    t =    13.23s Checking existence of `"PhraseArticle.BottomSentinel.viet-family-city-hanoi-place-hoan-kiem" Other`
    t =    13.31s Checking existence of `"PhraseArticle.BottomSentinel.viet-phrase-city-hanoi-place-hoan-kiem" Other`
    t =    13.33s Find the "PhraseArticle.BottomSentinel.viet-phrase-city-hanoi-place-hoan-kiem" Other
    t =    13.36s Checking existence of `TabBar (First Match)`
    t =    13.36s Find the TabBar (First Match)
    t =    13.37s Find the Target Application 'app.speaklocal.vietnam.native'
    t =    13.47s Terminate app.speaklocal.vietnam.native:22945
    t =    14.53s Tear Down
Test Case '-[SpeakLocalNativeUITests.CityAppDetailV22RenderProofUITests testCaptureCityAppDetailV22RenderProofBatch]' passed (14.596 seconds).
Test Suite 'CityAppDetailV22RenderProofUITests' passed at 2026-06-01 06:52:56.017.
	 Executed 1 test, with 0 failures (0 unexpected) in 14.596 (14.597) seconds
Test Suite 'SpeakLocalNativeUITests.xctest' passed at 2026-06-01 06:52:56.017.
	 Executed 1 test, with 0 failures (0 unexpected) in 14.596 (14.598) seconds
Test Suite 'Selected tests' passed at 2026-06-01 06:52:56.018.
	 Executed 1 test, with 0 failures (0 unexpected) in 14.596 (14.599) seconds

Test session results, code coverage, and logs:
	/Users/jojolim/Library/Developer/XcodeBuildMCP/workspaces/orchestrator-309442864093/DerivedData/SpeakLocalNative-8f3e721625a0/Logs/Test/Test-SpeakLocalNative-2026.06.01_06-52-40-+0700.xcresult

** TEST EXECUTE SUCCEEDED **

Testing started

2026-06-01 06:52:41.479 xcodebuild[22776:8118022] [MT] IDELaunchParametersSnapshot: The operation couldn’t be completed. (DebuggerLLDB.DebuggerVersionStore.StoreError error 0.)
2026-06-01 06:52:41.479 xcodebuild[22776:8118022] [MT] IDELaunchParametersSnapshot: no debugger version
2026-06-01 06:52:51.386 xcodebuild[22776:8118022] [MT] IDELaunchParametersSnapshot: The operation couldn’t be completed. (DebuggerLLDB.DebuggerVersionStore.StoreError error 0.)
2026-06-01 06:52:51.386 xcodebuild[22776:8118022] [MT] IDELaunchParametersSnapshot: no debugger version
2026-06-01 06:52:56.324 xcodebuild[22776:8118022] [MT] IDETestOperationsObserverDebug: 16.108 elapsed -- Testing started completed.
2026-06-01 06:52:56.324 xcodebuild[22776:8118022] [MT] IDETestOperationsObserverDebug: 0.000 sec, +0.000 sec -- start
2026-06-01 06:52:56.324 xcodebuild[22776:8118022] [MT] IDETestOperationsObserverDebug: 16.108 sec, +16.108 sec -- end
