Command line invocation:
    /Applications/Xcode.app/Contents/Developer/usr/bin/xcodebuild test-without-building -project /Users/jojolim/Developer/products/speaklocal/app-family/.worktrees/city-listings-production-ready/native-ios/SpeakLocalNative.xcodeproj -scheme SpeakLocalNative -destination "platform=iOS Simulator,id=7C386DD3-4BF1-4A34-A918-768C43CD1258" -derivedDataPath /Users/jojolim/Library/Developer/XcodeBuildMCP/workspaces/orchestrator-309442864093/DerivedData/SpeakLocalNative-8f3e721625a0 "-only-testing:SpeakLocalNativeUITests/CityAppDetailV22RenderProofUITests/testCaptureCityAppDetailV22RenderProofBatch"

2026-06-01 04:30:34.349532+0700 SpeakLocalNativeUITests-Runner[26485:7506487] [Default] Running tests...
    t =      nans Interface orientation changed to Portrait
Test Suite 'Selected tests' started at 2026-06-01 04:30:34.720.
Test Suite 'SpeakLocalNativeUITests.xctest' started at 2026-06-01 04:30:34.721.
Test Suite 'CityAppDetailV22RenderProofUITests' started at 2026-06-01 04:30:34.721.
Test Case '-[SpeakLocalNativeUITests.CityAppDetailV22RenderProofUITests testCaptureCityAppDetailV22RenderProofBatch]' started.
    t =     0.00s Start Test at 2026-06-01 04:30:34.721
    t =     0.02s Set Up
    t =     0.02s Open app.speaklocal.vietnam.native
    t =     0.02s     Launch app.speaklocal.vietnam.native
objc[26485]: Class UIAccessibilityLoaderWebShared is implemented in both /Library/Developer/CoreSimulator/Volumes/iOS_23F77/Library/Developer/CoreSimulator/Profiles/Runtimes/iOS 26.5.simruntime/Contents/Resources/RuntimeRoot/System/Library/AccessibilityBundles/WebCore.axbundle/WebCore (0x108cac310) and /Library/Developer/CoreSimulator/Volumes/iOS_23F77/Library/Developer/CoreSimulator/Profiles/Runtimes/iOS 26.5.simruntime/Contents/Resources/RuntimeRoot/System/Library/AccessibilityBundles/WebKit.axbundle/WebKit (0x10854c398). This may cause spurious casting failures and mysterious crashes. One of the duplicates must be removed or renamed.
    t =     1.91s         Setting up automation session
    t =     2.40s         Wait for app.speaklocal.vietnam.native to idle
    t =     3.90s Checking existence of `"Bến Bạch Đằng" StaticText`
    t =     4.06s Waiting 8.0s for "Bến Bạch Đằng" StaticText to exist
    t =     5.12s     Checking `Expect predicate `existsNoRetry == 1` for object "Bến Bạch Đằng" StaticText`
    t =     5.12s         Checking existence of `"Bến Bạch Đằng" StaticText`
    t =     5.30s Swipe up Target Application 'app.speaklocal.vietnam.native'
    t =     5.30s     Wait for app.speaklocal.vietnam.native to idle
    t =     5.30s     Find the Target Application 'app.speaklocal.vietnam.native'
    t =     5.32s     Check for interrupting elements affecting "SpeakLocal Vietnam" Application
    t =     5.34s     Synthesize event
    t =     5.76s     Wait for app.speaklocal.vietnam.native to idle
    t =     7.86s Swipe up Target Application 'app.speaklocal.vietnam.native'
    t =     7.86s     Wait for app.speaklocal.vietnam.native to idle
    t =     7.86s     Find the Target Application 'app.speaklocal.vietnam.native'
    t =     7.88s     Check for interrupting elements affecting "SpeakLocal Vietnam" Application
    t =     7.91s     Synthesize event
    t =     8.33s     Wait for app.speaklocal.vietnam.native to idle
    t =     9.26s Terminate app.speaklocal.vietnam.native:26554
    t =    10.35s Open app.speaklocal.vietnam.native
    t =    10.35s     Launch app.speaklocal.vietnam.native
    t =    10.56s         Setting up automation session
    t =    11.05s         Wait for app.speaklocal.vietnam.native to idle
    t =    12.55s Waiting 4.0s for TabBar (First Match) to exist
    t =    13.62s     Checking `Expect predicate `existsNoRetry == 1` for object TabBar (First Match)`
    t =    13.62s         Checking existence of `TabBar (First Match)`
    t =    13.66s Checking existence of `"PhraseArticle.BottomSentinel.viet-family-city-hcmc-place-bach-dang-wharf" Other`
    t =    13.75s Checking existence of `"PhraseArticle.BottomSentinel.viet-phrase-city-hcmc-place-bach-dang-wharf" Other`
    t =    13.77s Find the "PhraseArticle.BottomSentinel.viet-phrase-city-hcmc-place-bach-dang-wharf" Other
    t =    13.79s Checking existence of `TabBar (First Match)`
    t =    13.80s Find the TabBar (First Match)
    t =    13.81s Find the Target Application 'app.speaklocal.vietnam.native'
    t =    13.91s Terminate app.speaklocal.vietnam.native:26657
    t =    14.99s Tear Down
Test Case '-[SpeakLocalNativeUITests.CityAppDetailV22RenderProofUITests testCaptureCityAppDetailV22RenderProofBatch]' passed (15.074 seconds).
Test Suite 'CityAppDetailV22RenderProofUITests' passed at 2026-06-01 04:30:49.796.
	 Executed 1 test, with 0 failures (0 unexpected) in 15.074 (15.075) seconds
Test Suite 'SpeakLocalNativeUITests.xctest' passed at 2026-06-01 04:30:49.797.
	 Executed 1 test, with 0 failures (0 unexpected) in 15.074 (15.076) seconds
Test Suite 'Selected tests' passed at 2026-06-01 04:30:49.798.
	 Executed 1 test, with 0 failures (0 unexpected) in 15.074 (15.077) seconds

Test session results, code coverage, and logs:
	/Users/jojolim/Library/Developer/XcodeBuildMCP/workspaces/orchestrator-309442864093/DerivedData/SpeakLocalNative-8f3e721625a0/Logs/Test/Test-SpeakLocalNative-2026.06.01_04-30-33-+0700.xcresult

** TEST EXECUTE SUCCEEDED **

Testing started

2026-06-01 04:30:34.784 xcodebuild[26483:7506308] [MT] IDELaunchParametersSnapshot: The operation couldn’t be completed. (DebuggerLLDB.DebuggerVersionStore.StoreError error 0.)
2026-06-01 04:30:34.784 xcodebuild[26483:7506308] [MT] IDELaunchParametersSnapshot: no debugger version
2026-06-01 04:30:45.075 xcodebuild[26483:7506308] [MT] IDELaunchParametersSnapshot: The operation couldn’t be completed. (DebuggerLLDB.DebuggerVersionStore.StoreError error 0.)
2026-06-01 04:30:45.075 xcodebuild[26483:7506308] [MT] IDELaunchParametersSnapshot: no debugger version
2026-06-01 04:30:50.105 xcodebuild[26483:7506308] [MT] IDETestOperationsObserverDebug: 16.580 elapsed -- Testing started completed.
2026-06-01 04:30:50.105 xcodebuild[26483:7506308] [MT] IDETestOperationsObserverDebug: 0.000 sec, +0.000 sec -- start
2026-06-01 04:30:50.105 xcodebuild[26483:7506308] [MT] IDETestOperationsObserverDebug: 16.580 sec, +16.580 sec -- end
