Command line invocation:
    /Applications/Xcode.app/Contents/Developer/usr/bin/xcodebuild test-without-building -project /Users/jojolim/Developer/products/speaklocal/app-family/.worktrees/city-listings-production-ready/native-ios/SpeakLocalNative.xcodeproj -scheme SpeakLocalNative -destination "platform=iOS Simulator,id=7C386DD3-4BF1-4A34-A918-768C43CD1258" -derivedDataPath /Users/jojolim/Library/Developer/XcodeBuildMCP/workspaces/orchestrator-309442864093/DerivedData/SpeakLocalNative-8f3e721625a0 "-only-testing:SpeakLocalNativeUITests/CityAppDetailV22RenderProofUITests/testCaptureCityAppDetailV22RenderProofBatch"

2026-06-01 05:39:36.887680+0700 SpeakLocalNativeUITests-Runner[21587:7795413] [Default] Running tests...
    t =      nans Interface orientation changed to Portrait
Test Suite 'Selected tests' started at 2026-06-01 05:39:37.258.
Test Suite 'SpeakLocalNativeUITests.xctest' started at 2026-06-01 05:39:37.258.
Test Suite 'CityAppDetailV22RenderProofUITests' started at 2026-06-01 05:39:37.258.
Test Case '-[SpeakLocalNativeUITests.CityAppDetailV22RenderProofUITests testCaptureCityAppDetailV22RenderProofBatch]' started.
    t =     0.00s Start Test at 2026-06-01 05:39:37.259
    t =     0.02s Set Up
    t =     0.02s Open app.speaklocal.vietnam.native
    t =     0.02s     Launch app.speaklocal.vietnam.native
objc[21587]: Class UIAccessibilityLoaderWebShared is implemented in both /Library/Developer/CoreSimulator/Volumes/iOS_23F77/Library/Developer/CoreSimulator/Profiles/Runtimes/iOS 26.5.simruntime/Contents/Resources/RuntimeRoot/System/Library/AccessibilityBundles/WebCore.axbundle/WebCore (0x10a950310) and /Library/Developer/CoreSimulator/Volumes/iOS_23F77/Library/Developer/CoreSimulator/Profiles/Runtimes/iOS 26.5.simruntime/Contents/Resources/RuntimeRoot/System/Library/AccessibilityBundles/WebKit.axbundle/WebKit (0x10a1b8398). This may cause spurious casting failures and mysterious crashes. One of the duplicates must be removed or renamed.
    t =     1.90s         Setting up automation session
    t =     2.35s         Wait for app.speaklocal.vietnam.native to idle
    t =     3.82s Checking existence of `"À Ố Show" StaticText`
    t =     3.97s Waiting 8.0s for "À Ố Show" StaticText to exist
    t =     5.03s     Checking `Expect predicate `existsNoRetry == 1` for object "À Ố Show" StaticText`
    t =     5.03s         Checking existence of `"À Ố Show" StaticText`
    t =     5.20s Swipe up Target Application 'app.speaklocal.vietnam.native'
    t =     5.20s     Wait for app.speaklocal.vietnam.native to idle
    t =     5.20s     Find the Target Application 'app.speaklocal.vietnam.native'
    t =     5.22s     Check for interrupting elements affecting "SpeakLocal Vietnam" Application
    t =     5.24s     Synthesize event
    t =     5.66s     Wait for app.speaklocal.vietnam.native to idle
    t =     7.78s Swipe up Target Application 'app.speaklocal.vietnam.native'
    t =     7.78s     Wait for app.speaklocal.vietnam.native to idle
    t =     7.79s     Find the Target Application 'app.speaklocal.vietnam.native'
    t =     7.81s     Check for interrupting elements affecting "SpeakLocal Vietnam" Application
    t =     7.84s     Synthesize event
    t =     8.26s     Wait for app.speaklocal.vietnam.native to idle
    t =     9.13s Terminate app.speaklocal.vietnam.native:21670
    t =    10.22s Open app.speaklocal.vietnam.native
    t =    10.22s     Launch app.speaklocal.vietnam.native
    t =    10.43s         Setting up automation session
    t =    10.90s         Wait for app.speaklocal.vietnam.native to idle
    t =    12.38s Waiting 4.0s for TabBar (First Match) to exist
    t =    13.45s     Checking `Expect predicate `existsNoRetry == 1` for object TabBar (First Match)`
    t =    13.45s         Checking existence of `TabBar (First Match)`
    t =    13.50s Checking existence of `"PhraseArticle.BottomSentinel.viet-family-city-hcmc-place-opera-a-o-show" Other`
    t =    13.59s Checking existence of `"PhraseArticle.BottomSentinel.viet-phrase-city-hcmc-place-opera-a-o-show" Other`
    t =    13.61s Find the "PhraseArticle.BottomSentinel.viet-phrase-city-hcmc-place-opera-a-o-show" Other
    t =    13.63s Checking existence of `TabBar (First Match)`
    t =    13.64s Find the TabBar (First Match)
    t =    13.65s Find the Target Application 'app.speaklocal.vietnam.native'
    t =    13.74s Terminate app.speaklocal.vietnam.native:21754
    t =    14.83s Tear Down
Test Case '-[SpeakLocalNativeUITests.CityAppDetailV22RenderProofUITests testCaptureCityAppDetailV22RenderProofBatch]' passed (14.884 seconds).
Test Suite 'CityAppDetailV22RenderProofUITests' passed at 2026-06-01 05:39:52.143.
	 Executed 1 test, with 0 failures (0 unexpected) in 14.884 (14.885) seconds
Test Suite 'SpeakLocalNativeUITests.xctest' passed at 2026-06-01 05:39:52.144.
	 Executed 1 test, with 0 failures (0 unexpected) in 14.884 (14.886) seconds
Test Suite 'Selected tests' passed at 2026-06-01 05:39:52.145.
	 Executed 1 test, with 0 failures (0 unexpected) in 14.884 (14.887) seconds

Test session results, code coverage, and logs:
	/Users/jojolim/Library/Developer/XcodeBuildMCP/workspaces/orchestrator-309442864093/DerivedData/SpeakLocalNative-8f3e721625a0/Logs/Test/Test-SpeakLocalNative-2026.06.01_05-39-35-+0700.xcresult

** TEST EXECUTE SUCCEEDED **

Testing started

2026-06-01 05:39:37.317 xcodebuild[21581:7795237] [MT] IDELaunchParametersSnapshot: The operation couldn’t be completed. (DebuggerLLDB.DebuggerVersionStore.StoreError error 0.)
2026-06-01 05:39:37.317 xcodebuild[21581:7795237] [MT] IDELaunchParametersSnapshot: no debugger version
2026-06-01 05:39:47.477 xcodebuild[21581:7795237] [MT] IDELaunchParametersSnapshot: The operation couldn’t be completed. (DebuggerLLDB.DebuggerVersionStore.StoreError error 0.)
2026-06-01 05:39:47.477 xcodebuild[21581:7795237] [MT] IDELaunchParametersSnapshot: no debugger version
2026-06-01 05:39:52.453 xcodebuild[21581:7795237] [MT] IDETestOperationsObserverDebug: 16.358 elapsed -- Testing started completed.
2026-06-01 05:39:52.453 xcodebuild[21581:7795237] [MT] IDETestOperationsObserverDebug: 0.000 sec, +0.000 sec -- start
2026-06-01 05:39:52.453 xcodebuild[21581:7795237] [MT] IDETestOperationsObserverDebug: 16.358 sec, +16.358 sec -- end
