Command line invocation:
    /Applications/Xcode.app/Contents/Developer/usr/bin/xcodebuild test-without-building -project /Users/jojolim/Developer/products/speaklocal/app-family/.worktrees/city-listings-production-ready/native-ios/SpeakLocalNative.xcodeproj -scheme SpeakLocalNative -destination "platform=iOS Simulator,id=7C386DD3-4BF1-4A34-A918-768C43CD1258" -derivedDataPath /Users/jojolim/Library/Developer/XcodeBuildMCP/workspaces/orchestrator-309442864093/DerivedData/SpeakLocalNative-8f3e721625a0 "-only-testing:SpeakLocalNativeUITests/CityAppDetailV22RenderProofUITests/testCaptureCityAppDetailV22RenderProofBatch"

2026-06-01 08:59:40.030394+0700 SpeakLocalNativeUITests-Runner[56726:8613744] [Default] Running tests...
    t =      nans Interface orientation changed to Portrait
Test Suite 'Selected tests' started at 2026-06-01 08:59:40.400.
Test Suite 'SpeakLocalNativeUITests.xctest' started at 2026-06-01 08:59:40.400.
Test Suite 'CityAppDetailV22RenderProofUITests' started at 2026-06-01 08:59:40.400.
Test Case '-[SpeakLocalNativeUITests.CityAppDetailV22RenderProofUITests testCaptureCityAppDetailV22RenderProofBatch]' started.
    t =     0.00s Start Test at 2026-06-01 08:59:40.400
    t =     0.02s Set Up
    t =     0.02s Open app.speaklocal.vietnam.native
    t =     0.02s     Launch app.speaklocal.vietnam.native
objc[56726]: Class UIAccessibilityLoaderWebShared is implemented in both /Library/Developer/CoreSimulator/Volumes/iOS_23F77/Library/Developer/CoreSimulator/Profiles/Runtimes/iOS 26.5.simruntime/Contents/Resources/RuntimeRoot/System/Library/AccessibilityBundles/WebCore.axbundle/WebCore (0x10aa88310) and /Library/Developer/CoreSimulator/Volumes/iOS_23F77/Library/Developer/CoreSimulator/Profiles/Runtimes/iOS 26.5.simruntime/Contents/Resources/RuntimeRoot/System/Library/AccessibilityBundles/WebKit.axbundle/WebKit (0x109f5c398). This may cause spurious casting failures and mysterious crashes. One of the duplicates must be removed or renamed.
    t =     1.88s         Setting up automation session
    t =     2.31s         Wait for app.speaklocal.vietnam.native to idle
    t =     3.80s Checking existence of `"Bảo tàng Đồ sứ ký kiểu thời Nguyễn" StaticText`
    t =     3.94s Waiting 8.0s for "Bảo tàng Đồ sứ ký kiểu thời Nguyễn" StaticText to exist
    t =     5.00s     Checking `Expect predicate `existsNoRetry == 1` for object "Bảo tàng Đồ sứ ký kiểu thời Nguyễn" StaticText`
    t =     5.00s         Checking existence of `"Bảo tàng Đồ sứ ký kiểu thời Nguyễn" StaticText`
    t =     5.15s Swipe up Target Application 'app.speaklocal.vietnam.native'
    t =     5.15s     Wait for app.speaklocal.vietnam.native to idle
    t =     5.15s     Find the Target Application 'app.speaklocal.vietnam.native'
    t =     5.16s     Check for interrupting elements affecting "SpeakLocal Vietnam" Application
    t =     5.18s     Synthesize event
    t =     5.60s     Wait for app.speaklocal.vietnam.native to idle
    t =     7.77s Swipe up Target Application 'app.speaklocal.vietnam.native'
    t =     7.77s     Wait for app.speaklocal.vietnam.native to idle
    t =     7.77s     Find the Target Application 'app.speaklocal.vietnam.native'
    t =     7.80s     Check for interrupting elements affecting "SpeakLocal Vietnam" Application
    t =     7.83s     Synthesize event
    t =     8.25s     Wait for app.speaklocal.vietnam.native to idle
    t =     9.08s Terminate app.speaklocal.vietnam.native:56730
    t =    10.13s Open app.speaklocal.vietnam.native
    t =    10.13s     Launch app.speaklocal.vietnam.native
    t =    10.35s         Setting up automation session
    t =    10.82s         Wait for app.speaklocal.vietnam.native to idle
    t =    12.30s Waiting 4.0s for TabBar (First Match) to exist
    t =    13.36s     Checking `Expect predicate `existsNoRetry == 1` for object TabBar (First Match)`
    t =    13.36s         Checking existence of `TabBar (First Match)`
    t =    13.41s Checking existence of `"PhraseArticle.BottomSentinel.viet-family-city-hue-place-museum-commissioned-porcelains" Other`
    t =    13.49s Checking existence of `"PhraseArticle.BottomSentinel.viet-phrase-city-hue-place-museum-commissioned-porcelains" Other`
    t =    13.51s Find the "PhraseArticle.BottomSentinel.viet-phrase-city-hue-place-museum-commissioned-porcelains" Other
    t =    13.53s Checking existence of `TabBar (First Match)`
    t =    13.54s Find the TabBar (First Match)
    t =    13.55s Find the Target Application 'app.speaklocal.vietnam.native'
    t =    13.64s Terminate app.speaklocal.vietnam.native:56753
    t =    14.70s Tear Down
Test Case '-[SpeakLocalNativeUITests.CityAppDetailV22RenderProofUITests testCaptureCityAppDetailV22RenderProofBatch]' passed (14.748 seconds).
Test Suite 'CityAppDetailV22RenderProofUITests' passed at 2026-06-01 08:59:55.149.
	 Executed 1 test, with 0 failures (0 unexpected) in 14.748 (14.749) seconds
Test Suite 'SpeakLocalNativeUITests.xctest' passed at 2026-06-01 08:59:55.150.
	 Executed 1 test, with 0 failures (0 unexpected) in 14.748 (14.750) seconds
Test Suite 'Selected tests' passed at 2026-06-01 08:59:55.151.
	 Executed 1 test, with 0 failures (0 unexpected) in 14.748 (14.751) seconds

Test session results, code coverage, and logs:
	/Users/jojolim/Library/Developer/XcodeBuildMCP/workspaces/orchestrator-309442864093/DerivedData/SpeakLocalNative-8f3e721625a0/Logs/Test/Test-SpeakLocalNative-2026.06.01_08-59-39-+0700.xcresult

** TEST EXECUTE SUCCEEDED **

Testing started

2026-06-01 08:59:40.459 xcodebuild[56717:8613536] [MT] IDELaunchParametersSnapshot: The operation couldn’t be completed. (DebuggerLLDB.DebuggerVersionStore.StoreError error 0.)
2026-06-01 08:59:40.459 xcodebuild[56717:8613536] [MT] IDELaunchParametersSnapshot: no debugger version
2026-06-01 08:59:50.534 xcodebuild[56717:8613536] [MT] IDELaunchParametersSnapshot: The operation couldn’t be completed. (DebuggerLLDB.DebuggerVersionStore.StoreError error 0.)
2026-06-01 08:59:50.534 xcodebuild[56717:8613536] [MT] IDELaunchParametersSnapshot: no debugger version
2026-06-01 08:59:55.455 xcodebuild[56717:8613536] [MT] IDETestOperationsObserverDebug: 16.250 elapsed -- Testing started completed.
2026-06-01 08:59:55.455 xcodebuild[56717:8613536] [MT] IDETestOperationsObserverDebug: 0.000 sec, +0.000 sec -- start
2026-06-01 08:59:55.455 xcodebuild[56717:8613536] [MT] IDETestOperationsObserverDebug: 16.250 sec, +16.250 sec -- end
