Command line invocation:
    /Applications/Xcode.app/Contents/Developer/usr/bin/xcodebuild test-without-building -project /Users/jojolim/Developer/products/speaklocal/app-family/.worktrees/city-listings-production-ready/native-ios/SpeakLocalNative.xcodeproj -scheme SpeakLocalNative -destination "platform=iOS Simulator,id=7C386DD3-4BF1-4A34-A918-768C43CD1258" -derivedDataPath /Users/jojolim/Library/Developer/XcodeBuildMCP/workspaces/orchestrator-309442864093/DerivedData/SpeakLocalNative-8f3e721625a0 "-only-testing:SpeakLocalNativeUITests/CityAppDetailV22RenderProofUITests/testCaptureCityAppDetailV22RenderProofBatch"

2026-06-01 06:51:50.249671+0700 SpeakLocalNativeUITests-Runner[21934:8114262] [Default] Running tests...
    t =      nans Interface orientation changed to Portrait
Test Suite 'Selected tests' started at 2026-06-01 06:51:50.620.
Test Suite 'SpeakLocalNativeUITests.xctest' started at 2026-06-01 06:51:50.621.
Test Suite 'CityAppDetailV22RenderProofUITests' started at 2026-06-01 06:51:50.621.
Test Case '-[SpeakLocalNativeUITests.CityAppDetailV22RenderProofUITests testCaptureCityAppDetailV22RenderProofBatch]' started.
    t =     0.00s Start Test at 2026-06-01 06:51:50.621
    t =     0.02s Set Up
    t =     0.02s Open app.speaklocal.vietnam.native
    t =     0.02s     Launch app.speaklocal.vietnam.native
objc[21934]: Class UIAccessibilityLoaderWebShared is implemented in both /Library/Developer/CoreSimulator/Volumes/iOS_23F77/Library/Developer/CoreSimulator/Profiles/Runtimes/iOS 26.5.simruntime/Contents/Resources/RuntimeRoot/System/Library/AccessibilityBundles/WebCore.axbundle/WebCore (0x1064b0310) and /Library/Developer/CoreSimulator/Volumes/iOS_23F77/Library/Developer/CoreSimulator/Profiles/Runtimes/iOS 26.5.simruntime/Contents/Resources/RuntimeRoot/System/Library/AccessibilityBundles/WebKit.axbundle/WebKit (0x1061ec398). This may cause spurious casting failures and mysterious crashes. One of the duplicates must be removed or renamed.
    t =     1.90s         Setting up automation session
    t =     2.44s         Wait for app.speaklocal.vietnam.native to idle
    t =     3.89s Checking existence of `"Bến xe Giáp Bát" StaticText`
    t =     4.03s Waiting 8.0s for "Bến xe Giáp Bát" StaticText to exist
    t =     5.07s     Checking `Expect predicate `existsNoRetry == 1` for object "Bến xe Giáp Bát" StaticText`
    t =     5.07s         Checking existence of `"Bến xe Giáp Bát" StaticText`
    t =     5.24s Swipe up Target Application 'app.speaklocal.vietnam.native'
    t =     5.24s     Wait for app.speaklocal.vietnam.native to idle
    t =     5.24s     Find the Target Application 'app.speaklocal.vietnam.native'
    t =     5.25s     Check for interrupting elements affecting "SpeakLocal Vietnam" Application
    t =     5.27s     Synthesize event
    t =     5.69s     Wait for app.speaklocal.vietnam.native to idle
    t =     7.79s Swipe up Target Application 'app.speaklocal.vietnam.native'
    t =     7.79s     Wait for app.speaklocal.vietnam.native to idle
    t =     7.80s     Find the Target Application 'app.speaklocal.vietnam.native'
    t =     7.82s     Check for interrupting elements affecting "SpeakLocal Vietnam" Application
    t =     7.85s     Synthesize event
    t =     8.27s     Wait for app.speaklocal.vietnam.native to idle
    t =     9.02s Terminate app.speaklocal.vietnam.native:22015
    t =    10.09s Open app.speaklocal.vietnam.native
    t =    10.09s     Launch app.speaklocal.vietnam.native
    t =    10.31s         Setting up automation session
    t =    10.82s         Wait for app.speaklocal.vietnam.native to idle
    t =    12.28s Waiting 4.0s for TabBar (First Match) to exist
    t =    13.32s     Checking `Expect predicate `existsNoRetry == 1` for object TabBar (First Match)`
    t =    13.32s         Checking existence of `TabBar (First Match)`
    t =    13.35s Checking existence of `"PhraseArticle.BottomSentinel.viet-family-city-hanoi-place-giap-bat-bus-station" Other`
    t =    13.43s Checking existence of `"PhraseArticle.BottomSentinel.viet-phrase-city-hanoi-place-giap-bat-bus-station" Other`
    t =    13.45s Find the "PhraseArticle.BottomSentinel.viet-phrase-city-hanoi-place-giap-bat-bus-station" Other
    t =    13.47s Checking existence of `TabBar (First Match)`
    t =    13.48s Find the TabBar (First Match)
    t =    13.49s Find the Target Application 'app.speaklocal.vietnam.native'
    t =    13.58s Terminate app.speaklocal.vietnam.native:22101
    t =    14.63s Tear Down
Test Case '-[SpeakLocalNativeUITests.CityAppDetailV22RenderProofUITests testCaptureCityAppDetailV22RenderProofBatch]' passed (14.719 seconds).
Test Suite 'CityAppDetailV22RenderProofUITests' passed at 2026-06-01 06:52:05.341.
	 Executed 1 test, with 0 failures (0 unexpected) in 14.719 (14.720) seconds
Test Suite 'SpeakLocalNativeUITests.xctest' passed at 2026-06-01 06:52:05.342.
	 Executed 1 test, with 0 failures (0 unexpected) in 14.719 (14.721) seconds
Test Suite 'Selected tests' passed at 2026-06-01 06:52:05.343.
	 Executed 1 test, with 0 failures (0 unexpected) in 14.719 (14.722) seconds

Test session results, code coverage, and logs:
	/Users/jojolim/Library/Developer/XcodeBuildMCP/workspaces/orchestrator-309442864093/DerivedData/SpeakLocalNative-8f3e721625a0/Logs/Test/Test-SpeakLocalNative-2026.06.01_06-51-49-+0700.xcresult

** TEST EXECUTE SUCCEEDED **

Testing started

2026-06-01 06:51:50.683 xcodebuild[21932:8114084] [MT] IDELaunchParametersSnapshot: The operation couldn’t be completed. (DebuggerLLDB.DebuggerVersionStore.StoreError error 0.)
2026-06-01 06:51:50.684 xcodebuild[21932:8114084] [MT] IDELaunchParametersSnapshot: no debugger version
2026-06-01 06:52:00.717 xcodebuild[21932:8114084] [MT] IDELaunchParametersSnapshot: The operation couldn’t be completed. (DebuggerLLDB.DebuggerVersionStore.StoreError error 0.)
2026-06-01 06:52:00.717 xcodebuild[21932:8114084] [MT] IDELaunchParametersSnapshot: no debugger version
2026-06-01 06:52:05.637 xcodebuild[21932:8114084] [MT] IDETestOperationsObserverDebug: 16.196 elapsed -- Testing started completed.
2026-06-01 06:52:05.637 xcodebuild[21932:8114084] [MT] IDETestOperationsObserverDebug: 0.000 sec, +0.000 sec -- start
2026-06-01 06:52:05.637 xcodebuild[21932:8114084] [MT] IDETestOperationsObserverDebug: 16.196 sec, +16.196 sec -- end
