Command line invocation:
    /Applications/Xcode.app/Contents/Developer/usr/bin/xcodebuild test-without-building -project /Users/jojolim/Developer/products/speaklocal/app-family/.worktrees/city-listings-production-ready/native-ios/SpeakLocalNative.xcodeproj -scheme SpeakLocalNative -destination "platform=iOS Simulator,id=7C386DD3-4BF1-4A34-A918-768C43CD1258" -derivedDataPath /Users/jojolim/Library/Developer/XcodeBuildMCP/workspaces/orchestrator-309442864093/DerivedData/SpeakLocalNative-8f3e721625a0 "-only-testing:SpeakLocalNativeUITests/CityAppDetailV22RenderProofUITests/testCaptureCityAppDetailV22RenderProofBatch"

2026-06-01 05:59:42.019767+0700 SpeakLocalNativeUITests-Runner[40967:7878008] [Default] Running tests...
    t =      nans Interface orientation changed to Portrait
Test Suite 'Selected tests' started at 2026-06-01 05:59:42.397.
Test Suite 'SpeakLocalNativeUITests.xctest' started at 2026-06-01 05:59:42.398.
Test Suite 'CityAppDetailV22RenderProofUITests' started at 2026-06-01 05:59:42.398.
Test Case '-[SpeakLocalNativeUITests.CityAppDetailV22RenderProofUITests testCaptureCityAppDetailV22RenderProofBatch]' started.
    t =     0.00s Start Test at 2026-06-01 05:59:42.398
    t =     0.02s Set Up
    t =     0.02s Open app.speaklocal.vietnam.native
    t =     0.02s     Launch app.speaklocal.vietnam.native
objc[40967]: Class UIAccessibilityLoaderWebShared is implemented in both /Library/Developer/CoreSimulator/Volumes/iOS_23F77/Library/Developer/CoreSimulator/Profiles/Runtimes/iOS 26.5.simruntime/Contents/Resources/RuntimeRoot/System/Library/AccessibilityBundles/WebCore.axbundle/WebCore (0x108a94310) and /Library/Developer/CoreSimulator/Volumes/iOS_23F77/Library/Developer/CoreSimulator/Profiles/Runtimes/iOS 26.5.simruntime/Contents/Resources/RuntimeRoot/System/Library/AccessibilityBundles/WebKit.axbundle/WebKit (0x10882c398). This may cause spurious casting failures and mysterious crashes. One of the duplicates must be removed or renamed.
    t =     1.90s         Setting up automation session
    t =     2.27s         Wait for app.speaklocal.vietnam.native to idle
    t =     3.75s Checking existence of `"Tuyết Bún Chả 34" StaticText`
    t =     3.93s Waiting 8.0s for "Tuyết Bún Chả 34" StaticText to exist
    t =     5.00s     Checking `Expect predicate `existsNoRetry == 1` for object "Tuyết Bún Chả 34" StaticText`
    t =     5.00s         Checking existence of `"Tuyết Bún Chả 34" StaticText`
    t =     5.14s Swipe up Target Application 'app.speaklocal.vietnam.native'
    t =     5.14s     Wait for app.speaklocal.vietnam.native to idle
    t =     5.14s     Find the Target Application 'app.speaklocal.vietnam.native'
    t =     5.16s     Check for interrupting elements affecting "SpeakLocal Vietnam" Application
    t =     5.18s     Synthesize event
    t =     5.60s     Wait for app.speaklocal.vietnam.native to idle
    t =     7.71s Swipe up Target Application 'app.speaklocal.vietnam.native'
    t =     7.71s     Wait for app.speaklocal.vietnam.native to idle
    t =     8.23s     Find the Target Application 'app.speaklocal.vietnam.native'
    t =     8.25s     Check for interrupting elements affecting "SpeakLocal Vietnam" Application
    t =     8.28s     Synthesize event
    t =     8.70s     Wait for app.speaklocal.vietnam.native to idle
    t =    10.97s Terminate app.speaklocal.vietnam.native:41044
    t =    12.06s Open app.speaklocal.vietnam.native
    t =    12.06s     Launch app.speaklocal.vietnam.native
    t =    12.27s         Setting up automation session
    t =    12.74s         Wait for app.speaklocal.vietnam.native to idle
    t =    14.19s Waiting 4.0s for TabBar (First Match) to exist
    t =    15.27s     Checking `Expect predicate `existsNoRetry == 1` for object TabBar (First Match)`
    t =    15.27s         Checking existence of `TabBar (First Match)`
    t =    15.31s Checking existence of `"PhraseArticle.BottomSentinel.viet-family-city-hanoi-place-tuyet-bun-cha-34" Other`
    t =    15.40s Checking existence of `"PhraseArticle.BottomSentinel.viet-phrase-city-hanoi-place-tuyet-bun-cha-34" Other`
    t =    15.42s Find the "PhraseArticle.BottomSentinel.viet-phrase-city-hanoi-place-tuyet-bun-cha-34" Other
    t =    15.45s Checking existence of `TabBar (First Match)`
    t =    15.45s Find the TabBar (First Match)
    t =    15.46s Find the Target Application 'app.speaklocal.vietnam.native'
    t =    15.57s Terminate app.speaklocal.vietnam.native:41135
    t =    16.66s Tear Down
Test Case '-[SpeakLocalNativeUITests.CityAppDetailV22RenderProofUITests testCaptureCityAppDetailV22RenderProofBatch]' passed (16.730 seconds).
Test Suite 'CityAppDetailV22RenderProofUITests' passed at 2026-06-01 05:59:59.128.
	 Executed 1 test, with 0 failures (0 unexpected) in 16.730 (16.731) seconds
Test Suite 'SpeakLocalNativeUITests.xctest' passed at 2026-06-01 05:59:59.130.
	 Executed 1 test, with 0 failures (0 unexpected) in 16.730 (16.732) seconds
Test Suite 'Selected tests' passed at 2026-06-01 05:59:59.131.
	 Executed 1 test, with 0 failures (0 unexpected) in 16.730 (16.734) seconds

Test session results, code coverage, and logs:
	/Users/jojolim/Library/Developer/XcodeBuildMCP/workspaces/orchestrator-309442864093/DerivedData/SpeakLocalNative-8f3e721625a0/Logs/Test/Test-SpeakLocalNative-2026.06.01_05-59-41-+0700.xcresult

** TEST EXECUTE SUCCEEDED **

Testing started

2026-06-01 05:59:42.457 xcodebuild[40962:7877815] [MT] IDELaunchParametersSnapshot: The operation couldn’t be completed. (DebuggerLLDB.DebuggerVersionStore.StoreError error 0.)
2026-06-01 05:59:42.457 xcodebuild[40962:7877815] [MT] IDELaunchParametersSnapshot: no debugger version
2026-06-01 05:59:54.461 xcodebuild[40962:7877815] [MT] IDELaunchParametersSnapshot: The operation couldn’t be completed. (DebuggerLLDB.DebuggerVersionStore.StoreError error 0.)
2026-06-01 05:59:54.461 xcodebuild[40962:7877815] [MT] IDELaunchParametersSnapshot: no debugger version
2026-06-01 05:59:59.427 xcodebuild[40962:7877815] [MT] IDETestOperationsObserverDebug: 18.203 elapsed -- Testing started completed.
2026-06-01 05:59:59.427 xcodebuild[40962:7877815] [MT] IDETestOperationsObserverDebug: 0.000 sec, +0.000 sec -- start
2026-06-01 05:59:59.427 xcodebuild[40962:7877815] [MT] IDETestOperationsObserverDebug: 18.203 sec, +18.203 sec -- end
