Command line invocation:
    /Applications/Xcode.app/Contents/Developer/usr/bin/xcodebuild test-without-building -project /Users/jojolim/Developer/products/speaklocal/app-family/.worktrees/city-listings-production-ready/native-ios/SpeakLocalNative.xcodeproj -scheme SpeakLocalNative -destination "platform=iOS Simulator,id=7C386DD3-4BF1-4A34-A918-768C43CD1258" -derivedDataPath /Users/jojolim/Library/Developer/XcodeBuildMCP/workspaces/orchestrator-309442864093/DerivedData/SpeakLocalNative-8f3e721625a0 "-only-testing:SpeakLocalNativeUITests/CityAppDetailV22RenderProofUITests/testCaptureCityAppDetailV22RenderProofBatch"

2026-06-01 05:40:27.905092+0700 SpeakLocalNativeUITests-Runner[22421:7799224] [Default] Running tests...
    t =      nans Interface orientation changed to Portrait
Test Suite 'Selected tests' started at 2026-06-01 05:40:28.275.
Test Suite 'SpeakLocalNativeUITests.xctest' started at 2026-06-01 05:40:28.275.
Test Suite 'CityAppDetailV22RenderProofUITests' started at 2026-06-01 05:40:28.275.
Test Case '-[SpeakLocalNativeUITests.CityAppDetailV22RenderProofUITests testCaptureCityAppDetailV22RenderProofBatch]' started.
    t =     0.00s Start Test at 2026-06-01 05:40:28.276
    t =     0.02s Set Up
    t =     0.02s Open app.speaklocal.vietnam.native
    t =     0.02s     Launch app.speaklocal.vietnam.native
objc[22421]: Class UIAccessibilityLoaderWebShared is implemented in both /Library/Developer/CoreSimulator/Volumes/iOS_23F77/Library/Developer/CoreSimulator/Profiles/Runtimes/iOS 26.5.simruntime/Contents/Resources/RuntimeRoot/System/Library/AccessibilityBundles/WebCore.axbundle/WebCore (0x10b204310) and /Library/Developer/CoreSimulator/Volumes/iOS_23F77/Library/Developer/CoreSimulator/Profiles/Runtimes/iOS 26.5.simruntime/Contents/Resources/RuntimeRoot/System/Library/AccessibilityBundles/WebKit.axbundle/WebKit (0x10a6fc398). This may cause spurious casting failures and mysterious crashes. One of the duplicates must be removed or renamed.
    t =     1.90s         Setting up automation session
    t =     2.32s         Wait for app.speaklocal.vietnam.native to idle
    t =     3.81s Checking existence of `"Sân bay Tân Sơn Nhất" StaticText`
    t =     3.95s Waiting 8.0s for "Sân bay Tân Sơn Nhất" StaticText to exist
    t =     5.01s     Checking `Expect predicate `existsNoRetry == 1` for object "Sân bay Tân Sơn Nhất" StaticText`
    t =     5.02s         Checking existence of `"Sân bay Tân Sơn Nhất" StaticText`
    t =     5.16s Swipe up Target Application 'app.speaklocal.vietnam.native'
    t =     5.16s     Wait for app.speaklocal.vietnam.native to idle
    t =     5.16s     Find the Target Application 'app.speaklocal.vietnam.native'
    t =     5.18s     Check for interrupting elements affecting "SpeakLocal Vietnam" Application
    t =     5.20s     Synthesize event
    t =     5.62s     Wait for app.speaklocal.vietnam.native to idle
    t =     7.72s Swipe up Target Application 'app.speaklocal.vietnam.native'
    t =     7.72s     Wait for app.speaklocal.vietnam.native to idle
    t =     7.72s     Find the Target Application 'app.speaklocal.vietnam.native'
    t =     7.75s     Check for interrupting elements affecting "SpeakLocal Vietnam" Application
    t =     7.78s     Synthesize event
    t =     8.20s     Wait for app.speaklocal.vietnam.native to idle
    t =     9.13s Terminate app.speaklocal.vietnam.native:22506
    t =    10.23s Open app.speaklocal.vietnam.native
    t =    10.23s     Launch app.speaklocal.vietnam.native
    t =    10.44s         Setting up automation session
    t =    10.89s         Wait for app.speaklocal.vietnam.native to idle
    t =    12.35s Waiting 4.0s for TabBar (First Match) to exist
    t =    13.42s     Checking `Expect predicate `existsNoRetry == 1` for object TabBar (First Match)`
    t =    13.42s         Checking existence of `TabBar (First Match)`
    t =    13.46s Checking existence of `"PhraseArticle.BottomSentinel.viet-family-city-hcmc-place-tan-son-nhat-airport" Other`
    t =    13.55s Checking existence of `"PhraseArticle.BottomSentinel.viet-phrase-city-hcmc-place-tan-son-nhat-airport" Other`
    t =    13.57s Find the "PhraseArticle.BottomSentinel.viet-phrase-city-hcmc-place-tan-son-nhat-airport" Other
    t =    13.60s Checking existence of `TabBar (First Match)`
    t =    13.60s Find the TabBar (First Match)
    t =    13.61s Find the Target Application 'app.speaklocal.vietnam.native'
    t =    13.70s Terminate app.speaklocal.vietnam.native:22589
    t =    14.79s Tear Down
Test Case '-[SpeakLocalNativeUITests.CityAppDetailV22RenderProofUITests testCaptureCityAppDetailV22RenderProofBatch]' passed (14.842 seconds).
Test Suite 'CityAppDetailV22RenderProofUITests' passed at 2026-06-01 05:40:43.119.
	 Executed 1 test, with 0 failures (0 unexpected) in 14.842 (14.844) seconds
Test Suite 'SpeakLocalNativeUITests.xctest' passed at 2026-06-01 05:40:43.120.
	 Executed 1 test, with 0 failures (0 unexpected) in 14.842 (14.845) seconds
Test Suite 'Selected tests' passed at 2026-06-01 05:40:43.121.
	 Executed 1 test, with 0 failures (0 unexpected) in 14.842 (14.846) seconds

Test session results, code coverage, and logs:
	/Users/jojolim/Library/Developer/XcodeBuildMCP/workspaces/orchestrator-309442864093/DerivedData/SpeakLocalNative-8f3e721625a0/Logs/Test/Test-SpeakLocalNative-2026.06.01_05-40-26-+0700.xcresult

** TEST EXECUTE SUCCEEDED **

Testing started

2026-06-01 05:40:28.333 xcodebuild[22415:7799060] [MT] IDELaunchParametersSnapshot: The operation couldn’t be completed. (DebuggerLLDB.DebuggerVersionStore.StoreError error 0.)
2026-06-01 05:40:28.333 xcodebuild[22415:7799060] [MT] IDELaunchParametersSnapshot: no debugger version
2026-06-01 05:40:38.504 xcodebuild[22415:7799060] [MT] IDELaunchParametersSnapshot: The operation couldn’t be completed. (DebuggerLLDB.DebuggerVersionStore.StoreError error 0.)
2026-06-01 05:40:38.504 xcodebuild[22415:7799060] [MT] IDELaunchParametersSnapshot: no debugger version
2026-06-01 05:40:43.422 xcodebuild[22415:7799060] [MT] IDETestOperationsObserverDebug: 16.316 elapsed -- Testing started completed.
2026-06-01 05:40:43.422 xcodebuild[22415:7799060] [MT] IDETestOperationsObserverDebug: 0.000 sec, +0.000 sec -- start
2026-06-01 05:40:43.422 xcodebuild[22415:7799060] [MT] IDETestOperationsObserverDebug: 16.316 sec, +16.316 sec -- end
