Command line invocation:
    /Applications/Xcode.app/Contents/Developer/usr/bin/xcodebuild test-without-building -project /Users/jojolim/Developer/products/speaklocal/app-family/.worktrees/city-listings-production-ready/native-ios/SpeakLocalNative.xcodeproj -scheme SpeakLocalNative -destination "platform=iOS Simulator,id=7C386DD3-4BF1-4A34-A918-768C43CD1258" -derivedDataPath /Users/jojolim/Library/Developer/XcodeBuildMCP/workspaces/orchestrator-309442864093/DerivedData/SpeakLocalNative-8f3e721625a0 "-only-testing:SpeakLocalNativeUITests/CityAppDetailV22RenderProofUITests/testCaptureCityAppDetailV22RenderProofBatch"

2026-06-01 04:45:33.588618+0700 SpeakLocalNativeUITests-Runner[44159:7569127] [Default] Running tests...
    t =      nans Interface orientation changed to Portrait
Test Suite 'Selected tests' started at 2026-06-01 04:45:33.968.
Test Suite 'SpeakLocalNativeUITests.xctest' started at 2026-06-01 04:45:33.969.
Test Suite 'CityAppDetailV22RenderProofUITests' started at 2026-06-01 04:45:33.969.
Test Case '-[SpeakLocalNativeUITests.CityAppDetailV22RenderProofUITests testCaptureCityAppDetailV22RenderProofBatch]' started.
    t =     0.00s Start Test at 2026-06-01 04:45:33.969
    t =     0.02s Set Up
    t =     0.02s Open app.speaklocal.vietnam.native
    t =     0.02s     Launch app.speaklocal.vietnam.native
objc[44159]: Class UIAccessibilityLoaderWebShared is implemented in both /Library/Developer/CoreSimulator/Volumes/iOS_23F77/Library/Developer/CoreSimulator/Profiles/Runtimes/iOS 26.5.simruntime/Contents/Resources/RuntimeRoot/System/Library/AccessibilityBundles/WebCore.axbundle/WebCore (0x106644310) and /Library/Developer/CoreSimulator/Volumes/iOS_23F77/Library/Developer/CoreSimulator/Profiles/Runtimes/iOS 26.5.simruntime/Contents/Resources/RuntimeRoot/System/Library/AccessibilityBundles/WebKit.axbundle/WebKit (0x105b3c398). This may cause spurious casting failures and mysterious crashes. One of the duplicates must be removed or renamed.
    t =     1.90s         Setting up automation session
    t =     2.34s         Wait for app.speaklocal.vietnam.native to idle
    t =     3.79s Checking existence of `"Chợ đêm Huế" StaticText`
    t =     3.93s Waiting 8.0s for "Chợ đêm Huế" StaticText to exist
    t =     4.99s     Checking `Expect predicate `existsNoRetry == 1` for object "Chợ đêm Huế" StaticText`
    t =     4.99s         Checking existence of `"Chợ đêm Huế" StaticText`
    t =     5.13s Swipe up Target Application 'app.speaklocal.vietnam.native'
    t =     5.13s     Wait for app.speaklocal.vietnam.native to idle
    t =     5.13s     Find the Target Application 'app.speaklocal.vietnam.native'
    t =     5.15s     Check for interrupting elements affecting "SpeakLocal Vietnam" Application
    t =     5.17s     Synthesize event
    t =     5.58s     Wait for app.speaklocal.vietnam.native to idle
    t =     7.69s Swipe up Target Application 'app.speaklocal.vietnam.native'
    t =     7.69s     Wait for app.speaklocal.vietnam.native to idle
    t =     7.70s     Find the Target Application 'app.speaklocal.vietnam.native'
    t =     7.72s     Check for interrupting elements affecting "SpeakLocal Vietnam" Application
    t =     7.74s     Synthesize event
    t =     8.17s     Wait for app.speaklocal.vietnam.native to idle
    t =     9.03s Terminate app.speaklocal.vietnam.native:44238
    t =    10.12s Open app.speaklocal.vietnam.native
    t =    10.12s     Launch app.speaklocal.vietnam.native
    t =    10.33s         Setting up automation session
    t =    10.79s         Wait for app.speaklocal.vietnam.native to idle
    t =    12.27s Waiting 4.0s for TabBar (First Match) to exist
    t =    13.34s     Checking `Expect predicate `existsNoRetry == 1` for object TabBar (First Match)`
    t =    13.34s         Checking existence of `TabBar (First Match)`
    t =    13.40s Checking existence of `"PhraseArticle.BottomSentinel.viet-family-city-hue-place-night-market" Other`
    t =    13.48s Checking existence of `"PhraseArticle.BottomSentinel.viet-phrase-city-hue-place-night-market" Other`
    t =    13.50s Find the "PhraseArticle.BottomSentinel.viet-phrase-city-hue-place-night-market" Other
    t =    13.53s Checking existence of `TabBar (First Match)`
    t =    13.53s Find the TabBar (First Match)
    t =    13.54s Find the Target Application 'app.speaklocal.vietnam.native'
    t =    13.65s Terminate app.speaklocal.vietnam.native:44338
    t =    14.74s Tear Down
Test Case '-[SpeakLocalNativeUITests.CityAppDetailV22RenderProofUITests testCaptureCityAppDetailV22RenderProofBatch]' passed (14.790 seconds).
Test Suite 'CityAppDetailV22RenderProofUITests' passed at 2026-06-01 04:45:48.760.
	 Executed 1 test, with 0 failures (0 unexpected) in 14.790 (14.791) seconds
Test Suite 'SpeakLocalNativeUITests.xctest' passed at 2026-06-01 04:45:48.762.
	 Executed 1 test, with 0 failures (0 unexpected) in 14.790 (14.793) seconds
Test Suite 'Selected tests' passed at 2026-06-01 04:45:48.762.
	 Executed 1 test, with 0 failures (0 unexpected) in 14.790 (14.794) seconds

Test session results, code coverage, and logs:
	/Users/jojolim/Library/Developer/XcodeBuildMCP/workspaces/orchestrator-309442864093/DerivedData/SpeakLocalNative-8f3e721625a0/Logs/Test/Test-SpeakLocalNative-2026.06.01_04-45-32-+0700.xcresult

** TEST EXECUTE SUCCEEDED **

Testing started

2026-06-01 04:45:34.027 xcodebuild[44157:7568968] [MT] IDELaunchParametersSnapshot: The operation couldn’t be completed. (DebuggerLLDB.DebuggerVersionStore.StoreError error 0.)
2026-06-01 04:45:34.027 xcodebuild[44157:7568968] [MT] IDELaunchParametersSnapshot: no debugger version
2026-06-01 04:45:44.089 xcodebuild[44157:7568968] [MT] IDELaunchParametersSnapshot: The operation couldn’t be completed. (DebuggerLLDB.DebuggerVersionStore.StoreError error 0.)
2026-06-01 04:45:44.089 xcodebuild[44157:7568968] [MT] IDELaunchParametersSnapshot: no debugger version
2026-06-01 04:45:49.065 xcodebuild[44157:7568968] [MT] IDETestOperationsObserverDebug: 16.279 elapsed -- Testing started completed.
2026-06-01 04:45:49.065 xcodebuild[44157:7568968] [MT] IDETestOperationsObserverDebug: 0.000 sec, +0.000 sec -- start
2026-06-01 04:45:49.065 xcodebuild[44157:7568968] [MT] IDETestOperationsObserverDebug: 16.279 sec, +16.279 sec -- end
