Command line invocation:
    /Applications/Xcode.app/Contents/Developer/usr/bin/xcodebuild test-without-building -project /Users/jojolim/Developer/products/speaklocal/app-family/.worktrees/city-listings-production-ready/native-ios/SpeakLocalNative.xcodeproj -scheme SpeakLocalNative -destination "platform=iOS Simulator,id=7C386DD3-4BF1-4A34-A918-768C43CD1258" -derivedDataPath /Users/jojolim/Library/Developer/XcodeBuildMCP/workspaces/orchestrator-309442864093/DerivedData/SpeakLocalNative-8f3e721625a0 "-only-testing:SpeakLocalNativeUITests/CityAppDetailV22RenderProofUITests/testCaptureCityAppDetailV22RenderProofBatch"

2026-06-02 11:44:24.284263+0700 SpeakLocalNativeUITests-Runner[80473:11501299] [Default] Running tests...
    t =      nans Interface orientation changed to Portrait
Test Suite 'Selected tests' started at 2026-06-02 11:44:24.681.
Test Suite 'SpeakLocalNativeUITests.xctest' started at 2026-06-02 11:44:24.681.
Test Suite 'CityAppDetailV22RenderProofUITests' started at 2026-06-02 11:44:24.681.
Test Case '-[SpeakLocalNativeUITests.CityAppDetailV22RenderProofUITests testCaptureCityAppDetailV22RenderProofBatch]' started.
    t =     0.00s Start Test at 2026-06-02 11:44:24.682
    t =     0.02s Set Up
    t =     0.03s Open app.speaklocal.vietnam.native
    t =     0.03s     Launch app.speaklocal.vietnam.native
objc[80473]: Class UIAccessibilityLoaderWebShared is implemented in both /Library/Developer/CoreSimulator/Volumes/iOS_23F77/Library/Developer/CoreSimulator/Profiles/Runtimes/iOS 26.5.simruntime/Contents/Resources/RuntimeRoot/System/Library/AccessibilityBundles/WebCore.axbundle/WebCore (0x106c7c310) and /Library/Developer/CoreSimulator/Volumes/iOS_23F77/Library/Developer/CoreSimulator/Profiles/Runtimes/iOS 26.5.simruntime/Contents/Resources/RuntimeRoot/System/Library/AccessibilityBundles/WebKit.axbundle/WebKit (0x106a14398). This may cause spurious casting failures and mysterious crashes. One of the duplicates must be removed or renamed.
    t =     1.90s         Setting up automation session
    t =     2.52s         Wait for app.speaklocal.vietnam.native to idle
    t =     4.08s Checking existence of `"Phố Tràng Tiền" StaticText`
    t =     4.20s Waiting 8.0s for "Phố Tràng Tiền" StaticText to exist
    t =     5.27s     Checking `Expect predicate `existsNoRetry == 1` for object "Phố Tràng Tiền" StaticText`
    t =     5.27s         Checking existence of `"Phố Tràng Tiền" StaticText`
    t =     5.45s Swipe up Target Application 'app.speaklocal.vietnam.native'
    t =     5.45s     Wait for app.speaklocal.vietnam.native to idle
    t =     5.45s     Find the Target Application 'app.speaklocal.vietnam.native'
    t =     5.46s     Check for interrupting elements affecting "SpeakLocal Vietnam" Application
    t =     5.48s     Synthesize event
    t =     5.90s     Wait for app.speaklocal.vietnam.native to idle
    t =     8.00s Swipe up Target Application 'app.speaklocal.vietnam.native'
    t =     8.00s     Wait for app.speaklocal.vietnam.native to idle
    t =     8.00s     Find the Target Application 'app.speaklocal.vietnam.native'
    t =     8.03s     Check for interrupting elements affecting "SpeakLocal Vietnam" Application
    t =     8.05s     Synthesize event
    t =     8.47s     Wait for app.speaklocal.vietnam.native to idle
    t =     9.23s Terminate app.speaklocal.vietnam.native:80483
    t =    10.33s Open app.speaklocal.vietnam.native
    t =    10.33s     Launch app.speaklocal.vietnam.native
    t =    10.54s         Setting up automation session
    t =    11.07s         Wait for app.speaklocal.vietnam.native to idle
    t =    12.62s Waiting 4.0s for TabBar (First Match) to exist
    t =    13.69s     Checking `Expect predicate `existsNoRetry == 1` for object TabBar (First Match)`
    t =    13.69s         Checking existence of `TabBar (First Match)`
    t =    13.73s Checking existence of `"PhraseArticle.BottomSentinel.viet-family-city-hanoi-place-trang-tien-street" Other`
    t =    13.81s Checking existence of `"PhraseArticle.BottomSentinel.viet-phrase-city-hanoi-place-trang-tien-street" Other`
    t =    13.83s Find the "PhraseArticle.BottomSentinel.viet-phrase-city-hanoi-place-trang-tien-street" Other
    t =    13.84s Checking existence of `TabBar (First Match)`
    t =    13.85s Find the TabBar (First Match)
    t =    13.87s Find the Target Application 'app.speaklocal.vietnam.native'
    t =    13.96s Terminate app.speaklocal.vietnam.native:80499
    t =    15.06s Tear Down
Test Case '-[SpeakLocalNativeUITests.CityAppDetailV22RenderProofUITests testCaptureCityAppDetailV22RenderProofBatch]' passed (15.134 seconds).
Test Suite 'CityAppDetailV22RenderProofUITests' passed at 2026-06-02 11:44:39.818.
	 Executed 1 test, with 0 failures (0 unexpected) in 15.134 (15.136) seconds
Test Suite 'SpeakLocalNativeUITests.xctest' passed at 2026-06-02 11:44:39.818.
	 Executed 1 test, with 0 failures (0 unexpected) in 15.134 (15.137) seconds
Test Suite 'Selected tests' passed at 2026-06-02 11:44:39.819.
	 Executed 1 test, with 0 failures (0 unexpected) in 15.134 (15.139) seconds

Test session results, code coverage, and logs:
	/Users/jojolim/Library/Developer/XcodeBuildMCP/workspaces/orchestrator-309442864093/DerivedData/SpeakLocalNative-8f3e721625a0/Logs/Test/Test-SpeakLocalNative-2026.06.02_11-44-23-+0700.xcresult

** TEST EXECUTE SUCCEEDED **

Testing started

2026-06-02 11:44:24.751 xcodebuild[80454:11501082] [MT] IDELaunchParametersSnapshot: The operation couldn’t be completed. (DebuggerLLDB.DebuggerVersionStore.StoreError error 0.)
2026-06-02 11:44:24.752 xcodebuild[80454:11501082] [MT] IDELaunchParametersSnapshot: no debugger version
2026-06-02 11:44:35.011 xcodebuild[80454:11501082] [MT] IDELaunchParametersSnapshot: The operation couldn’t be completed. (DebuggerLLDB.DebuggerVersionStore.StoreError error 0.)
2026-06-02 11:44:35.011 xcodebuild[80454:11501082] [MT] IDELaunchParametersSnapshot: no debugger version
2026-06-02 11:44:40.136 xcodebuild[80454:11501082] [MT] IDETestOperationsObserverDebug: 16.693 elapsed -- Testing started completed.
2026-06-02 11:44:40.136 xcodebuild[80454:11501082] [MT] IDETestOperationsObserverDebug: 0.000 sec, +0.000 sec -- start
2026-06-02 11:44:40.136 xcodebuild[80454:11501082] [MT] IDETestOperationsObserverDebug: 16.693 sec, +16.693 sec -- end
