Command line invocation:
    /Applications/Xcode.app/Contents/Developer/usr/bin/xcodebuild test-without-building -project /Users/jojolim/Developer/products/speaklocal/app-family/.worktrees/city-listings-production-ready/native-ios/SpeakLocalNative.xcodeproj -scheme SpeakLocalNative -destination "platform=iOS Simulator,id=7C386DD3-4BF1-4A34-A918-768C43CD1258" -derivedDataPath /Users/jojolim/Library/Developer/XcodeBuildMCP/workspaces/orchestrator-309442864093/DerivedData/SpeakLocalNative-8f3e721625a0 "-only-testing:SpeakLocalNativeUITests/CityAppDetailV22RenderProofUITests/testCaptureCityAppDetailV22RenderProofBatch"

2026-06-01 06:41:31.447605+0700 SpeakLocalNativeUITests-Runner[10740:8073597] [Default] Running tests...
    t =      nans Interface orientation changed to Portrait
Test Suite 'Selected tests' started at 2026-06-01 06:41:31.864.
Test Suite 'SpeakLocalNativeUITests.xctest' started at 2026-06-01 06:41:31.864.
Test Suite 'CityAppDetailV22RenderProofUITests' started at 2026-06-01 06:41:31.864.
Test Case '-[SpeakLocalNativeUITests.CityAppDetailV22RenderProofUITests testCaptureCityAppDetailV22RenderProofBatch]' started.
    t =     0.00s Start Test at 2026-06-01 06:41:31.865
    t =     0.02s Set Up
    t =     0.02s Open app.speaklocal.vietnam.native
    t =     0.02s     Launch app.speaklocal.vietnam.native
objc[10740]: Class UIAccessibilityLoaderWebShared is implemented in both /Library/Developer/CoreSimulator/Volumes/iOS_23F77/Library/Developer/CoreSimulator/Profiles/Runtimes/iOS 26.5.simruntime/Contents/Resources/RuntimeRoot/System/Library/AccessibilityBundles/WebCore.axbundle/WebCore (0x10a90c310) and /Library/Developer/CoreSimulator/Volumes/iOS_23F77/Library/Developer/CoreSimulator/Profiles/Runtimes/iOS 26.5.simruntime/Contents/Resources/RuntimeRoot/System/Library/AccessibilityBundles/WebKit.axbundle/WebKit (0x10a1b0398). This may cause spurious casting failures and mysterious crashes. One of the duplicates must be removed or renamed.
    t =     2.09s         Setting up automation session
    t =     2.62s         Wait for app.speaklocal.vietnam.native to idle
    t =     4.12s Checking existence of `"Nhà hát Múa rối nước Rồng Vàng" StaticText`
    t =     4.25s Waiting 8.0s for "Nhà hát Múa rối nước Rồng Vàng" StaticText to exist
    t =     5.30s     Checking `Expect predicate `existsNoRetry == 1` for object "Nhà hát Múa rối nước Rồng Vàng" StaticText`
    t =     5.30s         Checking existence of `"Nhà hát Múa rối nước Rồng Vàng" StaticText`
    t =     5.47s Swipe up Target Application 'app.speaklocal.vietnam.native'
    t =     5.47s     Wait for app.speaklocal.vietnam.native to idle
    t =     5.47s     Find the Target Application 'app.speaklocal.vietnam.native'
    t =     5.48s     Check for interrupting elements affecting "SpeakLocal Vietnam" Application
    t =     5.50s     Synthesize event
    t =     5.92s     Wait for app.speaklocal.vietnam.native to idle
    t =     8.02s Swipe up Target Application 'app.speaklocal.vietnam.native'
    t =     8.02s     Wait for app.speaklocal.vietnam.native to idle
    t =     8.03s     Find the Target Application 'app.speaklocal.vietnam.native'
    t =     8.05s     Check for interrupting elements affecting "SpeakLocal Vietnam" Application
    t =     8.08s     Synthesize event
    t =     8.50s     Wait for app.speaklocal.vietnam.native to idle
    t =     9.28s Terminate app.speaklocal.vietnam.native:10827
    t =    10.32s Open app.speaklocal.vietnam.native
    t =    10.32s     Launch app.speaklocal.vietnam.native
    t =    10.54s         Setting up automation session
    t =    11.04s         Wait for app.speaklocal.vietnam.native to idle
    t =    12.56s Waiting 4.0s for TabBar (First Match) to exist
    t =    13.61s     Checking `Expect predicate `existsNoRetry == 1` for object TabBar (First Match)`
    t =    13.61s         Checking existence of `TabBar (First Match)`
    t =    13.66s Checking existence of `"PhraseArticle.BottomSentinel.viet-family-city-hcmc-place-golden-dragon-water-puppet" Other`
    t =    13.74s Checking existence of `"PhraseArticle.BottomSentinel.viet-phrase-city-hcmc-place-golden-dragon-water-puppet" Other`
    t =    13.76s Find the "PhraseArticle.BottomSentinel.viet-phrase-city-hcmc-place-golden-dragon-water-puppet" Other
    t =    13.78s Checking existence of `TabBar (First Match)`
    t =    13.79s Find the TabBar (First Match)
    t =    13.80s Find the Target Application 'app.speaklocal.vietnam.native'
    t =    13.88s Terminate app.speaklocal.vietnam.native:10908
    t =    14.96s Tear Down
Test Case '-[SpeakLocalNativeUITests.CityAppDetailV22RenderProofUITests testCaptureCityAppDetailV22RenderProofBatch]' passed (15.063 seconds).
Test Suite 'CityAppDetailV22RenderProofUITests' passed at 2026-06-01 06:41:46.928.
	 Executed 1 test, with 0 failures (0 unexpected) in 15.063 (15.064) seconds
Test Suite 'SpeakLocalNativeUITests.xctest' passed at 2026-06-01 06:41:46.929.
	 Executed 1 test, with 0 failures (0 unexpected) in 15.063 (15.065) seconds
Test Suite 'Selected tests' passed at 2026-06-01 06:41:46.930.
	 Executed 1 test, with 0 failures (0 unexpected) in 15.063 (15.066) seconds

Test session results, code coverage, and logs:
	/Users/jojolim/Library/Developer/XcodeBuildMCP/workspaces/orchestrator-309442864093/DerivedData/SpeakLocalNative-8f3e721625a0/Logs/Test/Test-SpeakLocalNative-2026.06.01_06-41-30-+0700.xcresult

** TEST EXECUTE SUCCEEDED **

Testing started

2026-06-01 06:41:31.912 xcodebuild[10708:8073246] [MT] IDELaunchParametersSnapshot: The operation couldn’t be completed. (DebuggerLLDB.DebuggerVersionStore.StoreError error 0.)
2026-06-01 06:41:31.912 xcodebuild[10708:8073246] [MT] IDELaunchParametersSnapshot: no debugger version
2026-06-01 06:41:42.192 xcodebuild[10708:8073246] [MT] IDELaunchParametersSnapshot: The operation couldn’t be completed. (DebuggerLLDB.DebuggerVersionStore.StoreError error 0.)
2026-06-01 06:41:42.192 xcodebuild[10708:8073246] [MT] IDELaunchParametersSnapshot: no debugger version
2026-06-01 06:41:47.231 xcodebuild[10708:8073246] [MT] IDETestOperationsObserverDebug: 16.668 elapsed -- Testing started completed.
2026-06-01 06:41:47.231 xcodebuild[10708:8073246] [MT] IDETestOperationsObserverDebug: 0.000 sec, +0.000 sec -- start
2026-06-01 06:41:47.231 xcodebuild[10708:8073246] [MT] IDETestOperationsObserverDebug: 16.668 sec, +16.668 sec -- end
