Command line invocation:
    /Applications/Xcode.app/Contents/Developer/usr/bin/xcodebuild test-without-building -project /Users/jojolim/Developer/products/speaklocal/app-family/.worktrees/city-listings-production-ready/native-ios/SpeakLocalNative.xcodeproj -scheme SpeakLocalNative -destination "platform=iOS Simulator,id=7C386DD3-4BF1-4A34-A918-768C43CD1258" -derivedDataPath /Users/jojolim/Library/Developer/XcodeBuildMCP/workspaces/orchestrator-309442864093/DerivedData/SpeakLocalNative-8f3e721625a0 "-only-testing:SpeakLocalNativeUITests/CityAppDetailV22RenderProofUITests/testCaptureCityAppDetailV22RenderProofBatch"

2026-06-01 07:07:56.238937+0700 SpeakLocalNativeUITests-Runner[41892:8189951] [Default] Running tests...
    t =      nans Interface orientation changed to Portrait
Test Suite 'Selected tests' started at 2026-06-01 07:07:56.607.
Test Suite 'SpeakLocalNativeUITests.xctest' started at 2026-06-01 07:07:56.607.
Test Suite 'CityAppDetailV22RenderProofUITests' started at 2026-06-01 07:07:56.607.
Test Case '-[SpeakLocalNativeUITests.CityAppDetailV22RenderProofUITests testCaptureCityAppDetailV22RenderProofBatch]' started.
    t =     0.00s Start Test at 2026-06-01 07:07:56.608
    t =     0.02s Set Up
    t =     0.02s Open app.speaklocal.vietnam.native
    t =     0.02s     Launch app.speaklocal.vietnam.native
objc[41892]: Class UIAccessibilityLoaderWebShared is implemented in both /Library/Developer/CoreSimulator/Volumes/iOS_23F77/Library/Developer/CoreSimulator/Profiles/Runtimes/iOS 26.5.simruntime/Contents/Resources/RuntimeRoot/System/Library/AccessibilityBundles/WebCore.axbundle/WebCore (0x106f3c310) and /Library/Developer/CoreSimulator/Volumes/iOS_23F77/Library/Developer/CoreSimulator/Profiles/Runtimes/iOS 26.5.simruntime/Contents/Resources/RuntimeRoot/System/Library/AccessibilityBundles/WebKit.axbundle/WebKit (0x106744398). This may cause spurious casting failures and mysterious crashes. One of the duplicates must be removed or renamed.
    t =     1.90s         Setting up automation session
    t =     2.34s         Wait for app.speaklocal.vietnam.native to idle
    t =     3.81s Checking existence of `"Chợ Long Biên" StaticText`
    t =     3.95s Waiting 8.0s for "Chợ Long Biên" StaticText to exist
    t =     5.00s     Checking `Expect predicate `existsNoRetry == 1` for object "Chợ Long Biên" StaticText`
    t =     5.00s         Checking existence of `"Chợ Long Biên" StaticText`
    t =     5.13s Swipe up Target Application 'app.speaklocal.vietnam.native'
    t =     5.13s     Wait for app.speaklocal.vietnam.native to idle
    t =     5.13s     Find the Target Application 'app.speaklocal.vietnam.native'
    t =     5.14s     Check for interrupting elements affecting "SpeakLocal Vietnam" Application
    t =     5.16s     Synthesize event
    t =     5.58s     Wait for app.speaklocal.vietnam.native to idle
    t =     7.69s Swipe up Target Application 'app.speaklocal.vietnam.native'
    t =     7.69s     Wait for app.speaklocal.vietnam.native to idle
    t =     7.69s     Find the Target Application 'app.speaklocal.vietnam.native'
    t =     7.71s     Check for interrupting elements affecting "SpeakLocal Vietnam" Application
    t =     7.74s     Synthesize event
    t =     8.16s     Wait for app.speaklocal.vietnam.native to idle
    t =     9.00s Terminate app.speaklocal.vietnam.native:41967
    t =    10.04s Open app.speaklocal.vietnam.native
    t =    10.04s     Launch app.speaklocal.vietnam.native
    t =    10.26s         Setting up automation session
    t =    10.75s         Wait for app.speaklocal.vietnam.native to idle
    t =    12.23s Waiting 4.0s for TabBar (First Match) to exist
    t =    13.28s     Checking `Expect predicate `existsNoRetry == 1` for object TabBar (First Match)`
    t =    13.28s         Checking existence of `TabBar (First Match)`
    t =    13.34s Checking existence of `"PhraseArticle.BottomSentinel.viet-family-city-hanoi-place-long-bien-market" Other`
    t =    13.42s Checking existence of `"PhraseArticle.BottomSentinel.viet-phrase-city-hanoi-place-long-bien-market" Other`
    t =    13.45s Find the "PhraseArticle.BottomSentinel.viet-phrase-city-hanoi-place-long-bien-market" Other
    t =    13.47s Checking existence of `TabBar (First Match)`
    t =    13.48s Find the TabBar (First Match)
    t =    13.48s Find the Target Application 'app.speaklocal.vietnam.native'
    t =    13.58s Terminate app.speaklocal.vietnam.native:42059
    t =    14.64s Tear Down
Test Case '-[SpeakLocalNativeUITests.CityAppDetailV22RenderProofUITests testCaptureCityAppDetailV22RenderProofBatch]' passed (14.710 seconds).
Test Suite 'CityAppDetailV22RenderProofUITests' passed at 2026-06-01 07:08:11.319.
	 Executed 1 test, with 0 failures (0 unexpected) in 14.710 (14.711) seconds
Test Suite 'SpeakLocalNativeUITests.xctest' passed at 2026-06-01 07:08:11.319.
	 Executed 1 test, with 0 failures (0 unexpected) in 14.710 (14.712) seconds
Test Suite 'Selected tests' passed at 2026-06-01 07:08:11.319.
	 Executed 1 test, with 0 failures (0 unexpected) in 14.710 (14.712) seconds

Test session results, code coverage, and logs:
	/Users/jojolim/Library/Developer/XcodeBuildMCP/workspaces/orchestrator-309442864093/DerivedData/SpeakLocalNative-8f3e721625a0/Logs/Test/Test-SpeakLocalNative-2026.06.01_07-07-55-+0700.xcresult

** TEST EXECUTE SUCCEEDED **

Testing started

2026-06-01 07:07:56.668 xcodebuild[41889:8189784] [MT] IDELaunchParametersSnapshot: The operation couldn’t be completed. (DebuggerLLDB.DebuggerVersionStore.StoreError error 0.)
2026-06-01 07:07:56.668 xcodebuild[41889:8189784] [MT] IDELaunchParametersSnapshot: no debugger version
2026-06-01 07:08:06.649 xcodebuild[41889:8189784] [MT] IDELaunchParametersSnapshot: The operation couldn’t be completed. (DebuggerLLDB.DebuggerVersionStore.StoreError error 0.)
2026-06-01 07:08:06.649 xcodebuild[41889:8189784] [MT] IDELaunchParametersSnapshot: no debugger version
2026-06-01 07:08:11.617 xcodebuild[41889:8189784] [MT] IDETestOperationsObserverDebug: 16.176 elapsed -- Testing started completed.
2026-06-01 07:08:11.617 xcodebuild[41889:8189784] [MT] IDETestOperationsObserverDebug: 0.000 sec, +0.000 sec -- start
2026-06-01 07:08:11.617 xcodebuild[41889:8189784] [MT] IDETestOperationsObserverDebug: 16.176 sec, +16.176 sec -- end
