Command line invocation:
    /Applications/Xcode.app/Contents/Developer/usr/bin/xcodebuild test-without-building -project /Users/jojolim/Developer/products/speaklocal/app-family/.worktrees/city-listings-production-ready/native-ios/SpeakLocalNative.xcodeproj -scheme SpeakLocalNative -destination "platform=iOS Simulator,id=7C386DD3-4BF1-4A34-A918-768C43CD1258" -derivedDataPath /Users/jojolim/Library/Developer/XcodeBuildMCP/workspaces/orchestrator-309442864093/DerivedData/SpeakLocalNative-8f3e721625a0 "-only-testing:SpeakLocalNativeUITests/CityAppDetailV22RenderProofUITests/testCaptureCityAppDetailV22RenderProofBatch"

2026-06-01 04:44:59.189233+0700 SpeakLocalNativeUITests-Runner[43607:7566583] [Default] Running tests...
    t =      nans Interface orientation changed to Portrait
Test Suite 'Selected tests' started at 2026-06-01 04:44:59.561.
Test Suite 'SpeakLocalNativeUITests.xctest' started at 2026-06-01 04:44:59.561.
Test Suite 'CityAppDetailV22RenderProofUITests' started at 2026-06-01 04:44:59.561.
Test Case '-[SpeakLocalNativeUITests.CityAppDetailV22RenderProofUITests testCaptureCityAppDetailV22RenderProofBatch]' started.
    t =     0.00s Start Test at 2026-06-01 04:44:59.562
    t =     0.02s Set Up
    t =     0.02s Open app.speaklocal.vietnam.native
    t =     0.02s     Launch app.speaklocal.vietnam.native
objc[43607]: Class UIAccessibilityLoaderWebShared is implemented in both /Library/Developer/CoreSimulator/Volumes/iOS_23F77/Library/Developer/CoreSimulator/Profiles/Runtimes/iOS 26.5.simruntime/Contents/Resources/RuntimeRoot/System/Library/AccessibilityBundles/WebCore.axbundle/WebCore (0x1067c0310) and /Library/Developer/CoreSimulator/Volumes/iOS_23F77/Library/Developer/CoreSimulator/Profiles/Runtimes/iOS 26.5.simruntime/Contents/Resources/RuntimeRoot/System/Library/AccessibilityBundles/WebKit.axbundle/WebKit (0x106600398). This may cause spurious casting failures and mysterious crashes. One of the duplicates must be removed or renamed.
    t =     1.89s         Setting up automation session
    t =     2.47s         Wait for app.speaklocal.vietnam.native to idle
    t =     3.96s Checking existence of `"Chợ Bến Thành" StaticText`
    t =     4.12s Waiting 8.0s for "Chợ Bến Thành" StaticText to exist
    t =     5.18s     Checking `Expect predicate `existsNoRetry == 1` for object "Chợ Bến Thành" StaticText`
    t =     5.18s         Checking existence of `"Chợ Bến Thành" StaticText`
    t =     5.35s Swipe up Target Application 'app.speaklocal.vietnam.native'
    t =     5.35s     Wait for app.speaklocal.vietnam.native to idle
    t =     5.36s     Find the Target Application 'app.speaklocal.vietnam.native'
    t =     5.37s     Check for interrupting elements affecting "SpeakLocal Vietnam" Application
    t =     5.39s     Synthesize event
    t =     5.81s     Wait for app.speaklocal.vietnam.native to idle
    t =     7.92s Swipe up Target Application 'app.speaklocal.vietnam.native'
    t =     7.92s     Wait for app.speaklocal.vietnam.native to idle
    t =     7.92s     Find the Target Application 'app.speaklocal.vietnam.native'
    t =     7.95s     Check for interrupting elements affecting "SpeakLocal Vietnam" Application
    t =     7.98s     Synthesize event
    t =     8.40s     Wait for app.speaklocal.vietnam.native to idle
    t =     9.16s Terminate app.speaklocal.vietnam.native:43686
    t =    10.25s Open app.speaklocal.vietnam.native
    t =    10.25s     Launch app.speaklocal.vietnam.native
    t =    10.47s         Setting up automation session
    t =    10.94s         Wait for app.speaklocal.vietnam.native to idle
    t =    12.39s Waiting 4.0s for TabBar (First Match) to exist
    t =    13.47s     Checking `Expect predicate `existsNoRetry == 1` for object TabBar (First Match)`
    t =    13.47s         Checking existence of `TabBar (First Match)`
    t =    13.52s Checking existence of `"PhraseArticle.BottomSentinel.viet-family-city-hcmc-place-ben-thanh-market" Other`
    t =    13.61s Checking existence of `"PhraseArticle.BottomSentinel.viet-phrase-city-hcmc-place-ben-thanh-market" Other`
    t =    13.63s Find the "PhraseArticle.BottomSentinel.viet-phrase-city-hcmc-place-ben-thanh-market" Other
    t =    13.66s Checking existence of `TabBar (First Match)`
    t =    13.66s Find the TabBar (First Match)
    t =    13.67s Find the Target Application 'app.speaklocal.vietnam.native'
    t =    13.77s Terminate app.speaklocal.vietnam.native:43775
    t =    14.86s Tear Down
Test Case '-[SpeakLocalNativeUITests.CityAppDetailV22RenderProofUITests testCaptureCityAppDetailV22RenderProofBatch]' passed (14.922 seconds).
Test Suite 'CityAppDetailV22RenderProofUITests' passed at 2026-06-01 04:45:14.485.
	 Executed 1 test, with 0 failures (0 unexpected) in 14.922 (14.923) seconds
Test Suite 'SpeakLocalNativeUITests.xctest' passed at 2026-06-01 04:45:14.486.
	 Executed 1 test, with 0 failures (0 unexpected) in 14.922 (14.924) seconds
Test Suite 'Selected tests' passed at 2026-06-01 04:45:14.487.
	 Executed 1 test, with 0 failures (0 unexpected) in 14.922 (14.925) seconds

Test session results, code coverage, and logs:
	/Users/jojolim/Library/Developer/XcodeBuildMCP/workspaces/orchestrator-309442864093/DerivedData/SpeakLocalNative-8f3e721625a0/Logs/Test/Test-SpeakLocalNative-2026.06.01_04-44-58-+0700.xcresult

** TEST EXECUTE SUCCEEDED **

Testing started

2026-06-01 04:44:59.625 xcodebuild[43600:7566407] [MT] IDELaunchParametersSnapshot: The operation couldn’t be completed. (DebuggerLLDB.DebuggerVersionStore.StoreError error 0.)
2026-06-01 04:44:59.625 xcodebuild[43600:7566407] [MT] IDELaunchParametersSnapshot: no debugger version
2026-06-01 04:45:09.818 xcodebuild[43600:7566407] [MT] IDELaunchParametersSnapshot: The operation couldn’t be completed. (DebuggerLLDB.DebuggerVersionStore.StoreError error 0.)
2026-06-01 04:45:09.818 xcodebuild[43600:7566407] [MT] IDELaunchParametersSnapshot: no debugger version
2026-06-01 04:45:14.790 xcodebuild[43600:7566407] [MT] IDETestOperationsObserverDebug: 16.389 elapsed -- Testing started completed.
2026-06-01 04:45:14.790 xcodebuild[43600:7566407] [MT] IDETestOperationsObserverDebug: 0.000 sec, +0.000 sec -- start
2026-06-01 04:45:14.790 xcodebuild[43600:7566407] [MT] IDETestOperationsObserverDebug: 16.389 sec, +16.389 sec -- end
