Command line invocation:
    /Applications/Xcode.app/Contents/Developer/usr/bin/xcodebuild test-without-building -project /Users/jojolim/Developer/products/speaklocal/app-family/.worktrees/city-listings-production-ready/native-ios/SpeakLocalNative.xcodeproj -scheme SpeakLocalNative -destination "platform=iOS Simulator,id=7C386DD3-4BF1-4A34-A918-768C43CD1258" -derivedDataPath /Users/jojolim/Library/Developer/XcodeBuildMCP/workspaces/orchestrator-309442864093/DerivedData/SpeakLocalNative-8f3e721625a0 "-only-testing:SpeakLocalNativeUITests/CityAppDetailV22RenderProofUITests/testCaptureCityAppDetailV22RenderProofBatch"

2026-06-01 04:17:24.888347+0700 SpeakLocalNativeUITests-Runner[10852:7450312] [Default] Running tests...
    t =      nans Interface orientation changed to Portrait
Test Suite 'Selected tests' started at 2026-06-01 04:17:25.262.
Test Suite 'SpeakLocalNativeUITests.xctest' started at 2026-06-01 04:17:25.263.
Test Suite 'CityAppDetailV22RenderProofUITests' started at 2026-06-01 04:17:25.263.
Test Case '-[SpeakLocalNativeUITests.CityAppDetailV22RenderProofUITests testCaptureCityAppDetailV22RenderProofBatch]' started.
    t =     0.00s Start Test at 2026-06-01 04:17:25.263
    t =     0.02s Set Up
    t =     0.02s Open app.speaklocal.vietnam.native
    t =     0.02s     Launch app.speaklocal.vietnam.native
objc[10852]: Class UIAccessibilityLoaderWebShared is implemented in both /Library/Developer/CoreSimulator/Volumes/iOS_23F77/Library/Developer/CoreSimulator/Profiles/Runtimes/iOS 26.5.simruntime/Contents/Resources/RuntimeRoot/System/Library/AccessibilityBundles/WebCore.axbundle/WebCore (0x106920310) and /Library/Developer/CoreSimulator/Volumes/iOS_23F77/Library/Developer/CoreSimulator/Profiles/Runtimes/iOS 26.5.simruntime/Contents/Resources/RuntimeRoot/System/Library/AccessibilityBundles/WebKit.axbundle/WebKit (0x1061b0398). This may cause spurious casting failures and mysterious crashes. One of the duplicates must be removed or renamed.
    t =     1.91s         Setting up automation session
    t =     2.38s         Wait for app.speaklocal.vietnam.native to idle
    t =     3.91s Checking existence of `"Nhà hàng White Rose" StaticText`
    t =     4.09s Waiting 8.0s for "Nhà hàng White Rose" StaticText to exist
    t =     5.16s     Checking `Expect predicate `existsNoRetry == 1` for object "Nhà hàng White Rose" StaticText`
    t =     5.16s         Checking existence of `"Nhà hàng White Rose" StaticText`
    t =     5.33s Swipe up Target Application 'app.speaklocal.vietnam.native'
    t =     5.33s     Wait for app.speaklocal.vietnam.native to idle
    t =     5.33s     Find the Target Application 'app.speaklocal.vietnam.native'
    t =     5.34s     Check for interrupting elements affecting "SpeakLocal Vietnam" Application
    t =     5.36s     Synthesize event
    t =     5.78s     Wait for app.speaklocal.vietnam.native to idle
    t =     7.93s Swipe up Target Application 'app.speaklocal.vietnam.native'
    t =     7.93s     Wait for app.speaklocal.vietnam.native to idle
    t =     8.15s     Find the Target Application 'app.speaklocal.vietnam.native'
    t =     8.17s     Check for interrupting elements affecting "SpeakLocal Vietnam" Application
    t =     8.19s     Synthesize event
    t =     8.61s     Wait for app.speaklocal.vietnam.native to idle
    t =     9.43s Terminate app.speaklocal.vietnam.native:10934
    t =    10.52s Open app.speaklocal.vietnam.native
    t =    10.52s     Launch app.speaklocal.vietnam.native
    t =    10.73s         Setting up automation session
    t =    11.23s         Wait for app.speaklocal.vietnam.native to idle
    t =    12.76s Waiting 4.0s for TabBar (First Match) to exist
    t =    13.83s     Checking `Expect predicate `existsNoRetry == 1` for object TabBar (First Match)`
    t =    13.83s         Checking existence of `TabBar (First Match)`
    t =    13.88s Checking existence of `"PhraseArticle.BottomSentinel.viet-family-city-hoian-place-white-rose-restaurant" Other`
    t =    13.97s Checking existence of `"PhraseArticle.BottomSentinel.viet-phrase-city-hoian-place-white-rose-restaurant" Other`
    t =    13.99s Find the "PhraseArticle.BottomSentinel.viet-phrase-city-hoian-place-white-rose-restaurant" Other
    t =    14.01s Checking existence of `TabBar (First Match)`
    t =    14.02s Find the TabBar (First Match)
    t =    14.02s Find the Target Application 'app.speaklocal.vietnam.native'
    t =    14.12s Terminate app.speaklocal.vietnam.native:11038
    t =    15.21s Tear Down
Test Case '-[SpeakLocalNativeUITests.CityAppDetailV22RenderProofUITests testCaptureCityAppDetailV22RenderProofBatch]' passed (15.289 seconds).
Test Suite 'CityAppDetailV22RenderProofUITests' passed at 2026-06-01 04:17:40.553.
	 Executed 1 test, with 0 failures (0 unexpected) in 15.289 (15.291) seconds
Test Suite 'SpeakLocalNativeUITests.xctest' passed at 2026-06-01 04:17:40.555.
	 Executed 1 test, with 0 failures (0 unexpected) in 15.289 (15.292) seconds
Test Suite 'Selected tests' passed at 2026-06-01 04:17:40.556.
	 Executed 1 test, with 0 failures (0 unexpected) in 15.289 (15.293) seconds

Test session results, code coverage, and logs:
	/Users/jojolim/Library/Developer/XcodeBuildMCP/workspaces/orchestrator-309442864093/DerivedData/SpeakLocalNative-8f3e721625a0/Logs/Test/Test-SpeakLocalNative-2026.06.01_04-17-23-+0700.xcresult

** TEST EXECUTE SUCCEEDED **

Testing started

2026-06-01 04:17:25.329 xcodebuild[10846:7450122] [MT] IDELaunchParametersSnapshot: The operation couldn’t be completed. (DebuggerLLDB.DebuggerVersionStore.StoreError error 0.)
2026-06-01 04:17:25.329 xcodebuild[10846:7450122] [MT] IDELaunchParametersSnapshot: no debugger version
2026-06-01 04:17:35.786 xcodebuild[10846:7450122] [MT] IDELaunchParametersSnapshot: The operation couldn’t be completed. (DebuggerLLDB.DebuggerVersionStore.StoreError error 0.)
2026-06-01 04:17:35.786 xcodebuild[10846:7450122] [MT] IDELaunchParametersSnapshot: no debugger version
2026-06-01 04:17:40.868 xcodebuild[10846:7450122] [MT] IDETestOperationsObserverDebug: 16.828 elapsed -- Testing started completed.
2026-06-01 04:17:40.868 xcodebuild[10846:7450122] [MT] IDETestOperationsObserverDebug: 0.000 sec, +0.000 sec -- start
2026-06-01 04:17:40.868 xcodebuild[10846:7450122] [MT] IDETestOperationsObserverDebug: 16.828 sec, +16.828 sec -- end
