Command line invocation:
    /Applications/Xcode.app/Contents/Developer/usr/bin/xcodebuild test-without-building -project /Users/jojolim/Developer/products/speaklocal/app-family/.worktrees/city-listings-production-ready/native-ios/SpeakLocalNative.xcodeproj -scheme SpeakLocalNative -destination "platform=iOS Simulator,id=7C386DD3-4BF1-4A34-A918-768C43CD1258" -derivedDataPath /Users/jojolim/Library/Developer/XcodeBuildMCP/workspaces/orchestrator-309442864093/DerivedData/SpeakLocalNative-8f3e721625a0 "-only-testing:SpeakLocalNativeUITests/CityAppDetailV22RenderProofUITests/testCaptureCityAppDetailV22RenderProofBatch"

2026-06-01 08:55:59.091289+0700 SpeakLocalNativeUITests-Runner[54692:8600160] [Default] Running tests...
    t =      nans Interface orientation changed to Portrait
Test Suite 'Selected tests' started at 2026-06-01 08:55:59.500.
Test Suite 'SpeakLocalNativeUITests.xctest' started at 2026-06-01 08:55:59.500.
Test Suite 'CityAppDetailV22RenderProofUITests' started at 2026-06-01 08:55:59.500.
Test Case '-[SpeakLocalNativeUITests.CityAppDetailV22RenderProofUITests testCaptureCityAppDetailV22RenderProofBatch]' started.
    t =     0.00s Start Test at 2026-06-01 08:55:59.501
    t =     0.02s Set Up
    t =     0.02s Open app.speaklocal.vietnam.native
    t =     0.02s     Launch app.speaklocal.vietnam.native
objc[54692]: Class UIAccessibilityLoaderWebShared is implemented in both /Library/Developer/CoreSimulator/Volumes/iOS_23F77/Library/Developer/CoreSimulator/Profiles/Runtimes/iOS 26.5.simruntime/Contents/Resources/RuntimeRoot/System/Library/AccessibilityBundles/WebCore.axbundle/WebCore (0x10a894310) and /Library/Developer/CoreSimulator/Volumes/iOS_23F77/Library/Developer/CoreSimulator/Profiles/Runtimes/iOS 26.5.simruntime/Contents/Resources/RuntimeRoot/System/Library/AccessibilityBundles/WebKit.axbundle/WebKit (0x109f54398). This may cause spurious casting failures and mysterious crashes. One of the duplicates must be removed or renamed.
    t =     1.88s         Setting up automation session
    t =     2.33s         Wait for app.speaklocal.vietnam.native to idle
    t =     3.82s Checking existence of `"Đền Huyền Trân" StaticText`
    t =     3.96s Waiting 8.0s for "Đền Huyền Trân" StaticText to exist
    t =     5.00s     Checking `Expect predicate `existsNoRetry == 1` for object "Đền Huyền Trân" StaticText`
    t =     5.00s         Checking existence of `"Đền Huyền Trân" StaticText`
    t =     5.18s Swipe up Target Application 'app.speaklocal.vietnam.native'
    t =     5.18s     Wait for app.speaklocal.vietnam.native to idle
    t =     5.18s     Find the Target Application 'app.speaklocal.vietnam.native'
    t =     5.20s     Check for interrupting elements affecting "SpeakLocal Vietnam" Application
    t =     5.22s     Synthesize event
    t =     5.63s     Wait for app.speaklocal.vietnam.native to idle
    t =     7.80s Swipe up Target Application 'app.speaklocal.vietnam.native'
    t =     7.80s     Wait for app.speaklocal.vietnam.native to idle
    t =     7.80s     Find the Target Application 'app.speaklocal.vietnam.native'
    t =     7.82s     Check for interrupting elements affecting "SpeakLocal Vietnam" Application
    t =     7.85s     Synthesize event
    t =     8.28s     Wait for app.speaklocal.vietnam.native to idle
    t =     9.12s Terminate app.speaklocal.vietnam.native:54706
    t =    10.20s Open app.speaklocal.vietnam.native
    t =    10.20s     Launch app.speaklocal.vietnam.native
    t =    10.41s         Setting up automation session
    t =    10.89s         Wait for app.speaklocal.vietnam.native to idle
    t =    12.37s Waiting 4.0s for TabBar (First Match) to exist
    t =    13.42s     Checking `Expect predicate `existsNoRetry == 1` for object TabBar (First Match)`
    t =    13.42s         Checking existence of `TabBar (First Match)`
    t =    13.47s Checking existence of `"PhraseArticle.BottomSentinel.viet-family-city-hue-place-huyen-tran-temple" Other`
    t =    13.56s Checking existence of `"PhraseArticle.BottomSentinel.viet-phrase-city-hue-place-huyen-tran-temple" Other`
    t =    13.58s Find the "PhraseArticle.BottomSentinel.viet-phrase-city-hue-place-huyen-tran-temple" Other
    t =    13.60s Checking existence of `TabBar (First Match)`
    t =    13.61s Find the TabBar (First Match)
    t =    13.61s Find the Target Application 'app.speaklocal.vietnam.native'
    t =    13.71s Terminate app.speaklocal.vietnam.native:54728
    t =    14.78s Tear Down
Test Case '-[SpeakLocalNativeUITests.CityAppDetailV22RenderProofUITests testCaptureCityAppDetailV22RenderProofBatch]' passed (14.842 seconds).
Test Suite 'CityAppDetailV22RenderProofUITests' passed at 2026-06-01 08:56:14.344.
	 Executed 1 test, with 0 failures (0 unexpected) in 14.842 (14.844) seconds
Test Suite 'SpeakLocalNativeUITests.xctest' passed at 2026-06-01 08:56:14.346.
	 Executed 1 test, with 0 failures (0 unexpected) in 14.842 (14.845) seconds
Test Suite 'Selected tests' passed at 2026-06-01 08:56:14.346.
	 Executed 1 test, with 0 failures (0 unexpected) in 14.842 (14.846) seconds

Test session results, code coverage, and logs:
	/Users/jojolim/Library/Developer/XcodeBuildMCP/workspaces/orchestrator-309442864093/DerivedData/SpeakLocalNative-8f3e721625a0/Logs/Test/Test-SpeakLocalNative-2026.06.01_08-55-58-+0700.xcresult

** TEST EXECUTE SUCCEEDED **

Testing started

2026-06-01 08:55:59.551 xcodebuild[54688:8599999] [MT] IDELaunchParametersSnapshot: The operation couldn’t be completed. (DebuggerLLDB.DebuggerVersionStore.StoreError error 0.)
2026-06-01 08:55:59.551 xcodebuild[54688:8599999] [MT] IDELaunchParametersSnapshot: no debugger version
2026-06-01 08:56:09.699 xcodebuild[54688:8599999] [MT] IDELaunchParametersSnapshot: The operation couldn’t be completed. (DebuggerLLDB.DebuggerVersionStore.StoreError error 0.)
2026-06-01 08:56:09.699 xcodebuild[54688:8599999] [MT] IDELaunchParametersSnapshot: no debugger version
2026-06-01 08:56:14.653 xcodebuild[54688:8599999] [MT] IDETestOperationsObserverDebug: 16.393 elapsed -- Testing started completed.
2026-06-01 08:56:14.653 xcodebuild[54688:8599999] [MT] IDETestOperationsObserverDebug: 0.000 sec, +0.000 sec -- start
2026-06-01 08:56:14.653 xcodebuild[54688:8599999] [MT] IDETestOperationsObserverDebug: 16.393 sec, +16.393 sec -- end
