Command line invocation:
    /Applications/Xcode.app/Contents/Developer/usr/bin/xcodebuild test-without-building -project /Users/jojolim/Developer/products/speaklocal/app-family/.worktrees/city-listings-production-ready/native-ios/SpeakLocalNative.xcodeproj -scheme SpeakLocalNative -destination "platform=iOS Simulator,id=7C386DD3-4BF1-4A34-A918-768C43CD1258" -derivedDataPath /Users/jojolim/Library/Developer/XcodeBuildMCP/workspaces/orchestrator-309442864093/DerivedData/SpeakLocalNative-8f3e721625a0 "-only-testing:SpeakLocalNativeUITests/CityAppDetailV22RenderProofUITests/testCaptureCityAppDetailV22RenderProofBatch"

2026-06-01 09:10:22.953197+0700 SpeakLocalNativeUITests-Runner[64329:8645173] [Default] Running tests...
    t =      nans Interface orientation changed to Portrait
Test Suite 'Selected tests' started at 2026-06-01 09:10:23.675.
Test Suite 'SpeakLocalNativeUITests.xctest' started at 2026-06-01 09:10:23.675.
Test Suite 'CityAppDetailV22RenderProofUITests' started at 2026-06-01 09:10:23.675.
Test Case '-[SpeakLocalNativeUITests.CityAppDetailV22RenderProofUITests testCaptureCityAppDetailV22RenderProofBatch]' started.
    t =     0.00s Start Test at 2026-06-01 09:10:23.675
    t =     0.02s Set Up
    t =     0.02s Open app.speaklocal.vietnam.native
    t =     0.02s     Launch app.speaklocal.vietnam.native
objc[64329]: Class UIAccessibilityLoaderWebShared is implemented in both /Library/Developer/CoreSimulator/Volumes/iOS_23F77/Library/Developer/CoreSimulator/Profiles/Runtimes/iOS 26.5.simruntime/Contents/Resources/RuntimeRoot/System/Library/AccessibilityBundles/WebCore.axbundle/WebCore (0x1086f4310) and /Library/Developer/CoreSimulator/Volumes/iOS_23F77/Library/Developer/CoreSimulator/Profiles/Runtimes/iOS 26.5.simruntime/Contents/Resources/RuntimeRoot/System/Library/AccessibilityBundles/WebKit.axbundle/WebKit (0x107788398). This may cause spurious casting failures and mysterious crashes. One of the duplicates must be removed or renamed.
    t =     2.51s         Setting up automation session
    t =     3.05s         Wait for app.speaklocal.vietnam.native to idle
    t =     4.56s Checking existence of `"Thuyền rồng sông Hương" StaticText`
    t =     4.70s Waiting 8.0s for "Thuyền rồng sông Hương" StaticText to exist
    t =     5.73s     Checking `Expect predicate `existsNoRetry == 1` for object "Thuyền rồng sông Hương" StaticText`
    t =     5.73s         Checking existence of `"Thuyền rồng sông Hương" StaticText`
    t =     5.89s Swipe up Target Application 'app.speaklocal.vietnam.native'
    t =     5.89s     Wait for app.speaklocal.vietnam.native to idle
    t =     5.90s     Find the Target Application 'app.speaklocal.vietnam.native'
    t =     5.91s     Check for interrupting elements affecting "SpeakLocal Vietnam" Application
    t =     5.93s     Synthesize event
    t =     6.35s     Wait for app.speaklocal.vietnam.native to idle
    t =     8.48s Swipe up Target Application 'app.speaklocal.vietnam.native'
    t =     8.48s     Wait for app.speaklocal.vietnam.native to idle
    t =     8.48s     Find the Target Application 'app.speaklocal.vietnam.native'
    t =     8.51s     Check for interrupting elements affecting "SpeakLocal Vietnam" Application
    t =     8.53s     Synthesize event
    t =     8.96s     Wait for app.speaklocal.vietnam.native to idle
    t =     9.70s Terminate app.speaklocal.vietnam.native:64417
    t =    10.78s Open app.speaklocal.vietnam.native
    t =    10.78s     Launch app.speaklocal.vietnam.native
    t =    11.00s         Setting up automation session
    t =    11.49s         Wait for app.speaklocal.vietnam.native to idle
    t =    12.99s Waiting 4.0s for TabBar (First Match) to exist
    t =    14.05s     Checking `Expect predicate `existsNoRetry == 1` for object TabBar (First Match)`
    t =    14.05s         Checking existence of `TabBar (First Match)`
    t =    14.12s Checking existence of `"PhraseArticle.BottomSentinel.viet-family-city-hue-place-perfume-river-dragon-boat" Other`
    t =    14.20s Checking existence of `"PhraseArticle.BottomSentinel.viet-phrase-city-hue-place-perfume-river-dragon-boat" Other`
    t =    14.22s Find the "PhraseArticle.BottomSentinel.viet-phrase-city-hue-place-perfume-river-dragon-boat" Other
    t =    14.24s Checking existence of `TabBar (First Match)`
    t =    14.24s Find the TabBar (First Match)
    t =    14.25s Find the Target Application 'app.speaklocal.vietnam.native'
    t =    14.34s Terminate app.speaklocal.vietnam.native:64500
    t =    15.40s Tear Down
Test Case '-[SpeakLocalNativeUITests.CityAppDetailV22RenderProofUITests testCaptureCityAppDetailV22RenderProofBatch]' passed (15.460 seconds).
Test Suite 'CityAppDetailV22RenderProofUITests' passed at 2026-06-01 09:10:39.137.
	 Executed 1 test, with 0 failures (0 unexpected) in 15.460 (15.462) seconds
Test Suite 'SpeakLocalNativeUITests.xctest' passed at 2026-06-01 09:10:39.138.
	 Executed 1 test, with 0 failures (0 unexpected) in 15.460 (15.463) seconds
Test Suite 'Selected tests' passed at 2026-06-01 09:10:39.139.
	 Executed 1 test, with 0 failures (0 unexpected) in 15.460 (15.464) seconds

Test session results, code coverage, and logs:
	/Users/jojolim/Library/Developer/XcodeBuildMCP/workspaces/orchestrator-309442864093/DerivedData/SpeakLocalNative-8f3e721625a0/Logs/Test/Test-SpeakLocalNative-2026.06.01_09-10-21-+0700.xcresult

** TEST EXECUTE SUCCEEDED **

Testing started

2026-06-01 09:10:23.741 xcodebuild[64327:8644922] [MT] IDELaunchParametersSnapshot: The operation couldn’t be completed. (DebuggerLLDB.DebuggerVersionStore.StoreError error 0.)
2026-06-01 09:10:23.741 xcodebuild[64327:8644922] [MT] IDELaunchParametersSnapshot: no debugger version
2026-06-01 09:10:34.461 xcodebuild[64327:8644922] [MT] IDELaunchParametersSnapshot: The operation couldn’t be completed. (DebuggerLLDB.DebuggerVersionStore.StoreError error 0.)
2026-06-01 09:10:34.461 xcodebuild[64327:8644922] [MT] IDELaunchParametersSnapshot: no debugger version
2026-06-01 09:10:39.448 xcodebuild[64327:8644922] [MT] IDETestOperationsObserverDebug: 17.433 elapsed -- Testing started completed.
2026-06-01 09:10:39.448 xcodebuild[64327:8644922] [MT] IDETestOperationsObserverDebug: 0.000 sec, +0.000 sec -- start
2026-06-01 09:10:39.448 xcodebuild[64327:8644922] [MT] IDETestOperationsObserverDebug: 17.433 sec, +17.433 sec -- end
