Command line invocation:
    /Applications/Xcode.app/Contents/Developer/usr/bin/xcodebuild test-without-building -project /Users/jojolim/Developer/products/speaklocal/app-family/.worktrees/city-listings-production-ready/native-ios/SpeakLocalNative.xcodeproj -scheme SpeakLocalNative -destination "platform=iOS Simulator,id=7C386DD3-4BF1-4A34-A918-768C43CD1258" -derivedDataPath /Users/jojolim/Library/Developer/XcodeBuildMCP/workspaces/orchestrator-309442864093/DerivedData/SpeakLocalNative-8f3e721625a0 "-only-testing:SpeakLocalNativeUITests/CityAppDetailV22RenderProofUITests/testCaptureCityAppDetailV22RenderProofBatch"

2026-06-01 04:46:42.159121+0700 SpeakLocalNativeUITests-Runner[45284:7574404] [Default] Running tests...
    t =      nans Interface orientation changed to Portrait
Test Suite 'Selected tests' started at 2026-06-01 04:46:42.533.
Test Suite 'SpeakLocalNativeUITests.xctest' started at 2026-06-01 04:46:42.533.
Test Suite 'CityAppDetailV22RenderProofUITests' started at 2026-06-01 04:46:42.533.
Test Case '-[SpeakLocalNativeUITests.CityAppDetailV22RenderProofUITests testCaptureCityAppDetailV22RenderProofBatch]' started.
    t =     0.00s Start Test at 2026-06-01 04:46:42.534
    t =     0.02s Set Up
    t =     0.02s Open app.speaklocal.vietnam.native
    t =     0.02s     Launch app.speaklocal.vietnam.native
objc[45284]: Class UIAccessibilityLoaderWebShared is implemented in both /Library/Developer/CoreSimulator/Volumes/iOS_23F77/Library/Developer/CoreSimulator/Profiles/Runtimes/iOS 26.5.simruntime/Contents/Resources/RuntimeRoot/System/Library/AccessibilityBundles/WebCore.axbundle/WebCore (0x107e34310) and /Library/Developer/CoreSimulator/Volumes/iOS_23F77/Library/Developer/CoreSimulator/Profiles/Runtimes/iOS 26.5.simruntime/Contents/Resources/RuntimeRoot/System/Library/AccessibilityBundles/WebKit.axbundle/WebKit (0x107edc398). This may cause spurious casting failures and mysterious crashes. One of the duplicates must be removed or renamed.
    t =     1.90s         Setting up automation session
    t =     2.39s         Wait for app.speaklocal.vietnam.native to idle
    t =     3.91s Checking existence of `"La Maison 1888" StaticText`
    t =     4.06s Waiting 8.0s for "La Maison 1888" StaticText to exist
    t =     5.12s     Checking `Expect predicate `existsNoRetry == 1` for object "La Maison 1888" StaticText`
    t =     5.13s         Checking existence of `"La Maison 1888" StaticText`
    t =     5.28s Swipe up Target Application 'app.speaklocal.vietnam.native'
    t =     5.28s     Wait for app.speaklocal.vietnam.native to idle
    t =     5.29s     Find the Target Application 'app.speaklocal.vietnam.native'
    t =     5.30s     Check for interrupting elements affecting "SpeakLocal Vietnam" Application
    t =     5.32s     Synthesize event
    t =     5.73s     Wait for app.speaklocal.vietnam.native to idle
    t =     7.84s Swipe up Target Application 'app.speaklocal.vietnam.native'
    t =     7.84s     Wait for app.speaklocal.vietnam.native to idle
    t =     7.85s     Find the Target Application 'app.speaklocal.vietnam.native'
    t =     7.86s     Check for interrupting elements affecting "SpeakLocal Vietnam" Application
    t =     7.89s     Synthesize event
    t =     8.31s     Wait for app.speaklocal.vietnam.native to idle
    t =     9.19s Terminate app.speaklocal.vietnam.native:45364
    t =    10.28s Open app.speaklocal.vietnam.native
    t =    10.28s     Launch app.speaklocal.vietnam.native
    t =    10.49s         Setting up automation session
    t =    10.97s         Wait for app.speaklocal.vietnam.native to idle
    t =    12.43s Waiting 4.0s for TabBar (First Match) to exist
    t =    13.50s     Checking `Expect predicate `existsNoRetry == 1` for object TabBar (First Match)`
    t =    13.50s         Checking existence of `TabBar (First Match)`
    t =    13.56s Checking existence of `"PhraseArticle.BottomSentinel.viet-family-city-danang-place-la-maison-1888" Other`
    t =    13.64s Checking existence of `"PhraseArticle.BottomSentinel.viet-phrase-city-danang-place-la-maison-1888" Other`
    t =    13.66s Find the "PhraseArticle.BottomSentinel.viet-phrase-city-danang-place-la-maison-1888" Other
    t =    13.68s Checking existence of `TabBar (First Match)`
    t =    13.69s Find the TabBar (First Match)
    t =    13.70s Find the Target Application 'app.speaklocal.vietnam.native'
    t =    13.79s Terminate app.speaklocal.vietnam.native:45455
    t =    14.88s Tear Down
Test Case '-[SpeakLocalNativeUITests.CityAppDetailV22RenderProofUITests testCaptureCityAppDetailV22RenderProofBatch]' passed (14.926 seconds).
Test Suite 'CityAppDetailV22RenderProofUITests' passed at 2026-06-01 04:46:57.461.
	 Executed 1 test, with 0 failures (0 unexpected) in 14.926 (14.927) seconds
Test Suite 'SpeakLocalNativeUITests.xctest' passed at 2026-06-01 04:46:57.462.
	 Executed 1 test, with 0 failures (0 unexpected) in 14.926 (14.929) seconds
Test Suite 'Selected tests' passed at 2026-06-01 04:46:57.462.
	 Executed 1 test, with 0 failures (0 unexpected) in 14.926 (14.930) seconds

Test session results, code coverage, and logs:
	/Users/jojolim/Library/Developer/XcodeBuildMCP/workspaces/orchestrator-309442864093/DerivedData/SpeakLocalNative-8f3e721625a0/Logs/Test/Test-SpeakLocalNative-2026.06.01_04-46-41-+0700.xcresult

** TEST EXECUTE SUCCEEDED **

Testing started

2026-06-01 04:46:42.595 xcodebuild[45281:7574220] [MT] IDELaunchParametersSnapshot: The operation couldn’t be completed. (DebuggerLLDB.DebuggerVersionStore.StoreError error 0.)
2026-06-01 04:46:42.595 xcodebuild[45281:7574220] [MT] IDELaunchParametersSnapshot: no debugger version
2026-06-01 04:46:52.814 xcodebuild[45281:7574220] [MT] IDELaunchParametersSnapshot: The operation couldn’t be completed. (DebuggerLLDB.DebuggerVersionStore.StoreError error 0.)
2026-06-01 04:46:52.814 xcodebuild[45281:7574220] [MT] IDELaunchParametersSnapshot: no debugger version
2026-06-01 04:46:57.771 xcodebuild[45281:7574220] [MT] IDETestOperationsObserverDebug: 16.408 elapsed -- Testing started completed.
2026-06-01 04:46:57.771 xcodebuild[45281:7574220] [MT] IDETestOperationsObserverDebug: 0.000 sec, +0.000 sec -- start
2026-06-01 04:46:57.771 xcodebuild[45281:7574220] [MT] IDETestOperationsObserverDebug: 16.408 sec, +16.408 sec -- end
