Command line invocation:
    /Applications/Xcode.app/Contents/Developer/usr/bin/xcodebuild test-without-building -project /Users/jojolim/Developer/products/speaklocal/app-family/.worktrees/city-listings-production-ready/native-ios/SpeakLocalNative.xcodeproj -scheme SpeakLocalNative -destination "platform=iOS Simulator,id=7C386DD3-4BF1-4A34-A918-768C43CD1258" -derivedDataPath /Users/jojolim/Library/Developer/XcodeBuildMCP/workspaces/orchestrator-309442864093/DerivedData/SpeakLocalNative-8f3e721625a0 "-only-testing:SpeakLocalNativeUITests/CityAppDetailV22RenderProofUITests/testCaptureCityAppDetailV22RenderProofBatch"

2026-06-01 05:01:46.790977+0700 SpeakLocalNativeUITests-Runner[62030:7637200] [Default] Running tests...
    t =      nans Interface orientation changed to Portrait
Test Suite 'Selected tests' started at 2026-06-01 05:01:47.164.
Test Suite 'SpeakLocalNativeUITests.xctest' started at 2026-06-01 05:01:47.164.
Test Suite 'CityAppDetailV22RenderProofUITests' started at 2026-06-01 05:01:47.164.
Test Case '-[SpeakLocalNativeUITests.CityAppDetailV22RenderProofUITests testCaptureCityAppDetailV22RenderProofBatch]' started.
    t =     0.00s Start Test at 2026-06-01 05:01:47.164
    t =     0.01s Set Up
    t =     0.02s Open app.speaklocal.vietnam.native
    t =     0.02s     Launch app.speaklocal.vietnam.native
objc[62030]: Class UIAccessibilityLoaderWebShared is implemented in both /Library/Developer/CoreSimulator/Volumes/iOS_23F77/Library/Developer/CoreSimulator/Profiles/Runtimes/iOS 26.5.simruntime/Contents/Resources/RuntimeRoot/System/Library/AccessibilityBundles/WebCore.axbundle/WebCore (0x106684310) and /Library/Developer/CoreSimulator/Volumes/iOS_23F77/Library/Developer/CoreSimulator/Profiles/Runtimes/iOS 26.5.simruntime/Contents/Resources/RuntimeRoot/System/Library/AccessibilityBundles/WebKit.axbundle/WebKit (0x10671c398). This may cause spurious casting failures and mysterious crashes. One of the duplicates must be removed or renamed.
    t =     1.67s         Setting up automation session
    t =     2.23s         Wait for app.speaklocal.vietnam.native to idle
    t =     3.73s Checking existence of `"Rừng dừa Bảy Mẫu" StaticText`
    t =     3.89s Waiting 8.0s for "Rừng dừa Bảy Mẫu" StaticText to exist
    t =     4.95s     Checking `Expect predicate `existsNoRetry == 1` for object "Rừng dừa Bảy Mẫu" StaticText`
    t =     4.96s         Checking existence of `"Rừng dừa Bảy Mẫu" StaticText`
    t =     5.13s Swipe up Target Application 'app.speaklocal.vietnam.native'
    t =     5.13s     Wait for app.speaklocal.vietnam.native to idle
    t =     5.13s     Find the Target Application 'app.speaklocal.vietnam.native'
    t =     5.15s     Check for interrupting elements affecting "SpeakLocal Vietnam" Application
    t =     5.17s     Synthesize event
    t =     5.59s     Wait for app.speaklocal.vietnam.native to idle
    t =     7.70s Swipe up Target Application 'app.speaklocal.vietnam.native'
    t =     7.70s     Wait for app.speaklocal.vietnam.native to idle
    t =     7.70s     Find the Target Application 'app.speaklocal.vietnam.native'
    t =     7.73s     Check for interrupting elements affecting "SpeakLocal Vietnam" Application
    t =     7.75s     Synthesize event
    t =     8.18s     Wait for app.speaklocal.vietnam.native to idle
    t =     9.28s Terminate app.speaklocal.vietnam.native:62105
    t =    10.36s Open app.speaklocal.vietnam.native
    t =    10.36s     Launch app.speaklocal.vietnam.native
    t =    10.58s         Setting up automation session
    t =    11.06s         Wait for app.speaklocal.vietnam.native to idle
    t =    12.52s Waiting 4.0s for TabBar (First Match) to exist
    t =    13.60s     Checking `Expect predicate `existsNoRetry == 1` for object TabBar (First Match)`
    t =    13.60s         Checking existence of `TabBar (First Match)`
    t =    13.65s Checking existence of `"PhraseArticle.BottomSentinel.viet-family-city-hoian-place-bay-mau-coconut-forest" Other`
    t =    13.73s Checking existence of `"PhraseArticle.BottomSentinel.viet-phrase-city-hoian-place-bay-mau-coconut-forest" Other`
    t =    13.76s Find the "PhraseArticle.BottomSentinel.viet-phrase-city-hoian-place-bay-mau-coconut-forest" Other
    t =    13.78s Checking existence of `TabBar (First Match)`
    t =    13.79s Find the TabBar (First Match)
    t =    13.79s Find the Target Application 'app.speaklocal.vietnam.native'
    t =    13.89s Terminate app.speaklocal.vietnam.native:62196
    t =    14.97s Tear Down
Test Case '-[SpeakLocalNativeUITests.CityAppDetailV22RenderProofUITests testCaptureCityAppDetailV22RenderProofBatch]' passed (15.030 seconds).
Test Suite 'CityAppDetailV22RenderProofUITests' passed at 2026-06-01 05:02:02.195.
	 Executed 1 test, with 0 failures (0 unexpected) in 15.030 (15.031) seconds
Test Suite 'SpeakLocalNativeUITests.xctest' passed at 2026-06-01 05:02:02.197.
	 Executed 1 test, with 0 failures (0 unexpected) in 15.030 (15.033) seconds
Test Suite 'Selected tests' passed at 2026-06-01 05:02:02.197.
	 Executed 1 test, with 0 failures (0 unexpected) in 15.030 (15.034) seconds

Test session results, code coverage, and logs:
	/Users/jojolim/Library/Developer/XcodeBuildMCP/workspaces/orchestrator-309442864093/DerivedData/SpeakLocalNative-8f3e721625a0/Logs/Test/Test-SpeakLocalNative-2026.06.01_05-01-45-+0700.xcresult

** TEST EXECUTE SUCCEEDED **

Testing started

2026-06-01 05:01:47.213 xcodebuild[62025:7637039] [MT] IDELaunchParametersSnapshot: The operation couldn’t be completed. (DebuggerLLDB.DebuggerVersionStore.StoreError error 0.)
2026-06-01 05:01:47.213 xcodebuild[62025:7637039] [MT] IDELaunchParametersSnapshot: no debugger version
2026-06-01 05:01:57.531 xcodebuild[62025:7637039] [MT] IDELaunchParametersSnapshot: The operation couldn’t be completed. (DebuggerLLDB.DebuggerVersionStore.StoreError error 0.)
2026-06-01 05:01:57.531 xcodebuild[62025:7637039] [MT] IDELaunchParametersSnapshot: no debugger version
2026-06-01 05:02:02.506 xcodebuild[62025:7637039] [MT] IDETestOperationsObserverDebug: 16.506 elapsed -- Testing started completed.
2026-06-01 05:02:02.506 xcodebuild[62025:7637039] [MT] IDETestOperationsObserverDebug: 0.000 sec, +0.000 sec -- start
2026-06-01 05:02:02.506 xcodebuild[62025:7637039] [MT] IDETestOperationsObserverDebug: 16.506 sec, +16.506 sec -- end
