Command line invocation:
    /Applications/Xcode.app/Contents/Developer/usr/bin/xcodebuild test-without-building -project /Users/jojolim/Developer/products/speaklocal/app-family/.worktrees/city-listings-production-ready/native-ios/SpeakLocalNative.xcodeproj -scheme SpeakLocalNative -destination "platform=iOS Simulator,id=7C386DD3-4BF1-4A34-A918-768C43CD1258" -derivedDataPath /Users/jojolim/Library/Developer/XcodeBuildMCP/workspaces/orchestrator-309442864093/DerivedData/SpeakLocalNative-8f3e721625a0 "-only-testing:SpeakLocalNativeUITests/CityAppDetailV22RenderProofUITests/testCaptureCityAppDetailV22RenderProofBatch"

2026-06-01 07:58:41.959692+0700 SpeakLocalNativeUITests-Runner[5020:8399700] [Default] Running tests...
    t =      nans Interface orientation changed to Portrait
Test Suite 'Selected tests' started at 2026-06-01 07:58:42.330.
Test Suite 'SpeakLocalNativeUITests.xctest' started at 2026-06-01 07:58:42.330.
Test Suite 'CityAppDetailV22RenderProofUITests' started at 2026-06-01 07:58:42.330.
Test Case '-[SpeakLocalNativeUITests.CityAppDetailV22RenderProofUITests testCaptureCityAppDetailV22RenderProofBatch]' started.
    t =     0.00s Start Test at 2026-06-01 07:58:42.331
    t =     0.02s Set Up
    t =     0.02s Open app.speaklocal.vietnam.native
    t =     0.02s     Launch app.speaklocal.vietnam.native
objc[5020]: Class UIAccessibilityLoaderWebShared is implemented in both /Library/Developer/CoreSimulator/Volumes/iOS_23F77/Library/Developer/CoreSimulator/Profiles/Runtimes/iOS 26.5.simruntime/Contents/Resources/RuntimeRoot/System/Library/AccessibilityBundles/WebCore.axbundle/WebCore (0x109680310) and /Library/Developer/CoreSimulator/Volumes/iOS_23F77/Library/Developer/CoreSimulator/Profiles/Runtimes/iOS 26.5.simruntime/Contents/Resources/RuntimeRoot/System/Library/AccessibilityBundles/WebKit.axbundle/WebKit (0x108698398). This may cause spurious casting failures and mysterious crashes. One of the duplicates must be removed or renamed.
    t =     1.90s         Setting up automation session
    t =     2.32s         Wait for app.speaklocal.vietnam.native to idle
    t =     3.77s Checking existence of `"Little HaNoi Egg Coffee" StaticText`
    t =     3.91s Waiting 8.0s for "Little HaNoi Egg Coffee" StaticText to exist
    t =     4.96s     Checking `Expect predicate `existsNoRetry == 1` for object "Little HaNoi Egg Coffee" StaticText`
    t =     4.96s         Checking existence of `"Little HaNoi Egg Coffee" StaticText`
    t =     5.12s Swipe up Target Application 'app.speaklocal.vietnam.native'
    t =     5.12s     Wait for app.speaklocal.vietnam.native to idle
    t =     5.12s     Find the Target Application 'app.speaklocal.vietnam.native'
    t =     5.13s     Check for interrupting elements affecting "SpeakLocal Vietnam" Application
    t =     5.15s     Synthesize event
    t =     5.57s     Wait for app.speaklocal.vietnam.native to idle
    t =     7.66s Swipe up Target Application 'app.speaklocal.vietnam.native'
    t =     7.66s     Wait for app.speaklocal.vietnam.native to idle
    t =     7.67s     Find the Target Application 'app.speaklocal.vietnam.native'
    t =     7.68s     Check for interrupting elements affecting "SpeakLocal Vietnam" Application
    t =     7.70s     Synthesize event
    t =     8.12s     Wait for app.speaklocal.vietnam.native to idle
    t =     8.91s Terminate app.speaklocal.vietnam.native:5098
    t =     9.97s Open app.speaklocal.vietnam.native
    t =     9.97s     Launch app.speaklocal.vietnam.native
    t =    10.18s         Setting up automation session
    t =    10.66s         Wait for app.speaklocal.vietnam.native to idle
    t =    12.14s Waiting 4.0s for TabBar (First Match) to exist
    t =    13.16s     Checking `Expect predicate `existsNoRetry == 1` for object TabBar (First Match)`
    t =    13.16s         Checking existence of `TabBar (First Match)`
    t =    13.22s Checking existence of `"PhraseArticle.BottomSentinel.viet-family-city-hcmc-place-little-hanoi-egg-coffee" Other`
    t =    13.30s Checking existence of `"PhraseArticle.BottomSentinel.viet-phrase-city-hcmc-place-little-hanoi-egg-coffee" Other`
    t =    13.32s Find the "PhraseArticle.BottomSentinel.viet-phrase-city-hcmc-place-little-hanoi-egg-coffee" Other
    t =    13.34s Checking existence of `TabBar (First Match)`
    t =    13.35s Find the TabBar (First Match)
    t =    13.36s Find the Target Application 'app.speaklocal.vietnam.native'
    t =    13.45s Terminate app.speaklocal.vietnam.native:5207
    t =    14.48s Tear Down
Test Case '-[SpeakLocalNativeUITests.CityAppDetailV22RenderProofUITests testCaptureCityAppDetailV22RenderProofBatch]' passed (14.543 seconds).
Test Suite 'CityAppDetailV22RenderProofUITests' passed at 2026-06-01 07:58:56.875.
	 Executed 1 test, with 0 failures (0 unexpected) in 14.543 (14.545) seconds
Test Suite 'SpeakLocalNativeUITests.xctest' passed at 2026-06-01 07:58:56.876.
	 Executed 1 test, with 0 failures (0 unexpected) in 14.543 (14.546) seconds
Test Suite 'Selected tests' passed at 2026-06-01 07:58:56.877.
	 Executed 1 test, with 0 failures (0 unexpected) in 14.543 (14.547) seconds

Test session results, code coverage, and logs:
	/Users/jojolim/Library/Developer/XcodeBuildMCP/workspaces/orchestrator-309442864093/DerivedData/SpeakLocalNative-8f3e721625a0/Logs/Test/Test-SpeakLocalNative-2026.06.01_07-58-40-+0700.xcresult

** TEST EXECUTE SUCCEEDED **

Testing started

2026-06-01 07:58:42.394 xcodebuild[5017:8399509] [MT] IDELaunchParametersSnapshot: The operation couldn’t be completed. (DebuggerLLDB.DebuggerVersionStore.StoreError error 0.)
2026-06-01 07:58:42.394 xcodebuild[5017:8399509] [MT] IDELaunchParametersSnapshot: no debugger version
2026-06-01 07:58:52.301 xcodebuild[5017:8399509] [MT] IDELaunchParametersSnapshot: The operation couldn’t be completed. (DebuggerLLDB.DebuggerVersionStore.StoreError error 0.)
2026-06-01 07:58:52.301 xcodebuild[5017:8399509] [MT] IDELaunchParametersSnapshot: no debugger version
2026-06-01 07:58:57.185 xcodebuild[5017:8399509] [MT] IDETestOperationsObserverDebug: 16.055 elapsed -- Testing started completed.
2026-06-01 07:58:57.185 xcodebuild[5017:8399509] [MT] IDETestOperationsObserverDebug: 0.000 sec, +0.000 sec -- start
2026-06-01 07:58:57.185 xcodebuild[5017:8399509] [MT] IDETestOperationsObserverDebug: 16.055 sec, +16.055 sec -- end
