Command line invocation:
    /Applications/Xcode.app/Contents/Developer/usr/bin/xcodebuild test-without-building -project /Users/jojolim/Developer/products/speaklocal/app-family/.worktrees/city-listings-production-ready/native-ios/SpeakLocalNative.xcodeproj -scheme SpeakLocalNative -destination "platform=iOS Simulator,id=7C386DD3-4BF1-4A34-A918-768C43CD1258" -derivedDataPath /Users/jojolim/Library/Developer/XcodeBuildMCP/workspaces/orchestrator-309442864093/DerivedData/SpeakLocalNative-8f3e721625a0 "-only-testing:SpeakLocalNativeUITests/CityAppDetailV22RenderProofUITests/testCaptureCityAppDetailV22RenderProofBatch"

2026-06-01 06:38:25.756630+0700 SpeakLocalNativeUITests-Runner[7629:8059438] [Default] Running tests...
    t =      nans Interface orientation changed to Portrait
Test Suite 'Selected tests' started at 2026-06-01 06:38:26.125.
Test Suite 'SpeakLocalNativeUITests.xctest' started at 2026-06-01 06:38:26.125.
Test Suite 'CityAppDetailV22RenderProofUITests' started at 2026-06-01 06:38:26.125.
Test Case '-[SpeakLocalNativeUITests.CityAppDetailV22RenderProofUITests testCaptureCityAppDetailV22RenderProofBatch]' started.
    t =     0.00s Start Test at 2026-06-01 06:38:26.125
    t =     0.02s Set Up
    t =     0.02s Open app.speaklocal.vietnam.native
    t =     0.02s     Launch app.speaklocal.vietnam.native
objc[7629]: Class UIAccessibilityLoaderWebShared is implemented in both /Library/Developer/CoreSimulator/Volumes/iOS_23F77/Library/Developer/CoreSimulator/Profiles/Runtimes/iOS 26.5.simruntime/Contents/Resources/RuntimeRoot/System/Library/AccessibilityBundles/WebCore.axbundle/WebCore (0x108674310) and /Library/Developer/CoreSimulator/Volumes/iOS_23F77/Library/Developer/CoreSimulator/Profiles/Runtimes/iOS 26.5.simruntime/Contents/Resources/RuntimeRoot/System/Library/AccessibilityBundles/WebKit.axbundle/WebKit (0x107edc398). This may cause spurious casting failures and mysterious crashes. One of the duplicates must be removed or renamed.
    t =     1.90s         Setting up automation session
    t =     2.35s         Wait for app.speaklocal.vietnam.native to idle
    t =     3.85s Checking existence of `"Chuyến đi Sơn Trà" StaticText`
    t =     3.98s Waiting 8.0s for "Chuyến đi Sơn Trà" StaticText to exist
    t =     5.03s     Checking `Expect predicate `existsNoRetry == 1` for object "Chuyến đi Sơn Trà" StaticText`
    t =     5.03s         Checking existence of `"Chuyến đi Sơn Trà" StaticText`
    t =     5.16s Swipe up Target Application 'app.speaklocal.vietnam.native'
    t =     5.16s     Wait for app.speaklocal.vietnam.native to idle
    t =     5.17s     Find the Target Application 'app.speaklocal.vietnam.native'
    t =     5.18s     Check for interrupting elements affecting "SpeakLocal Vietnam" Application
    t =     5.20s     Synthesize event
    t =     5.62s     Wait for app.speaklocal.vietnam.native to idle
    t =     7.72s Swipe up Target Application 'app.speaklocal.vietnam.native'
    t =     7.72s     Wait for app.speaklocal.vietnam.native to idle
    t =     7.72s     Find the Target Application 'app.speaklocal.vietnam.native'
    t =     7.75s     Check for interrupting elements affecting "SpeakLocal Vietnam" Application
    t =     7.77s     Synthesize event
    t =     8.20s     Wait for app.speaklocal.vietnam.native to idle
    t =     9.01s Terminate app.speaklocal.vietnam.native:7704
    t =    10.05s Open app.speaklocal.vietnam.native
    t =    10.05s     Launch app.speaklocal.vietnam.native
    t =    10.27s         Setting up automation session
    t =    10.74s         Wait for app.speaklocal.vietnam.native to idle
    t =    12.19s Waiting 4.0s for TabBar (First Match) to exist
    t =    13.24s     Checking `Expect predicate `existsNoRetry == 1` for object TabBar (First Match)`
    t =    13.25s         Checking existence of `TabBar (First Match)`
    t =    13.28s Checking existence of `"PhraseArticle.BottomSentinel.viet-family-city-danang-place-son-tra-wildlife-drive" Other`
    t =    13.37s Checking existence of `"PhraseArticle.BottomSentinel.viet-phrase-city-danang-place-son-tra-wildlife-drive" Other`
    t =    13.39s Find the "PhraseArticle.BottomSentinel.viet-phrase-city-danang-place-son-tra-wildlife-drive" Other
    t =    13.41s Checking existence of `TabBar (First Match)`
    t =    13.41s Find the TabBar (First Match)
    t =    13.42s Find the Target Application 'app.speaklocal.vietnam.native'
    t =    13.51s Terminate app.speaklocal.vietnam.native:7796
    t =    14.55s Tear Down
Test Case '-[SpeakLocalNativeUITests.CityAppDetailV22RenderProofUITests testCaptureCityAppDetailV22RenderProofBatch]' passed (14.631 seconds).
Test Suite 'CityAppDetailV22RenderProofUITests' passed at 2026-06-01 06:38:40.757.
	 Executed 1 test, with 0 failures (0 unexpected) in 14.631 (14.632) seconds
Test Suite 'SpeakLocalNativeUITests.xctest' passed at 2026-06-01 06:38:40.758.
	 Executed 1 test, with 0 failures (0 unexpected) in 14.631 (14.634) seconds
Test Suite 'Selected tests' passed at 2026-06-01 06:38:40.759.
	 Executed 1 test, with 0 failures (0 unexpected) in 14.631 (14.634) seconds

Test session results, code coverage, and logs:
	/Users/jojolim/Library/Developer/XcodeBuildMCP/workspaces/orchestrator-309442864093/DerivedData/SpeakLocalNative-8f3e721625a0/Logs/Test/Test-SpeakLocalNative-2026.06.01_06-38-24-+0700.xcresult

** TEST EXECUTE SUCCEEDED **

Testing started

2026-06-01 06:38:26.184 xcodebuild[7626:8059280] [MT] IDELaunchParametersSnapshot: The operation couldn’t be completed. (DebuggerLLDB.DebuggerVersionStore.StoreError error 0.)
2026-06-01 06:38:26.184 xcodebuild[7626:8059280] [MT] IDELaunchParametersSnapshot: no debugger version
2026-06-01 06:38:36.181 xcodebuild[7626:8059280] [MT] IDELaunchParametersSnapshot: The operation couldn’t be completed. (DebuggerLLDB.DebuggerVersionStore.StoreError error 0.)
2026-06-01 06:38:36.182 xcodebuild[7626:8059280] [MT] IDELaunchParametersSnapshot: no debugger version
2026-06-01 06:38:41.057 xcodebuild[7626:8059280] [MT] IDETestOperationsObserverDebug: 16.115 elapsed -- Testing started completed.
2026-06-01 06:38:41.057 xcodebuild[7626:8059280] [MT] IDETestOperationsObserverDebug: 0.000 sec, +0.000 sec -- start
2026-06-01 06:38:41.057 xcodebuild[7626:8059280] [MT] IDETestOperationsObserverDebug: 16.115 sec, +16.115 sec -- end
