Command line invocation:
    /Applications/Xcode.app/Contents/Developer/usr/bin/xcodebuild test-without-building -project /Users/jojolim/Developer/products/speaklocal/app-family/.worktrees/city-listings-production-ready/native-ios/SpeakLocalNative.xcodeproj -scheme SpeakLocalNative -destination "platform=iOS Simulator,id=7C386DD3-4BF1-4A34-A918-768C43CD1258" -derivedDataPath /Users/jojolim/Library/Developer/XcodeBuildMCP/workspaces/orchestrator-309442864093/DerivedData/SpeakLocalNative-8f3e721625a0 "-only-testing:SpeakLocalNativeUITests/CityAppDetailV22RenderProofUITests/testCaptureCityAppDetailV22RenderProofBatch"

2026-06-01 23:45:01.121937+0700 SpeakLocalNativeUITests-Runner[22940:10248172] [Default] Running tests...
    t =      nans Interface orientation changed to Portrait
Test Suite 'Selected tests' started at 2026-06-01 23:45:01.495.
Test Suite 'SpeakLocalNativeUITests.xctest' started at 2026-06-01 23:45:01.496.
Test Suite 'CityAppDetailV22RenderProofUITests' started at 2026-06-01 23:45:01.496.
Test Case '-[SpeakLocalNativeUITests.CityAppDetailV22RenderProofUITests testCaptureCityAppDetailV22RenderProofBatch]' started.
    t =     0.00s Start Test at 2026-06-01 23:45:01.496
    t =     0.02s Set Up
    t =     0.02s Open app.speaklocal.vietnam.native
    t =     0.02s     Launch app.speaklocal.vietnam.native
objc[22940]: Class UIAccessibilityLoaderWebShared is implemented in both /Library/Developer/CoreSimulator/Volumes/iOS_23F77/Library/Developer/CoreSimulator/Profiles/Runtimes/iOS 26.5.simruntime/Contents/Resources/RuntimeRoot/System/Library/AccessibilityBundles/WebCore.axbundle/WebCore (0x108a54310) and /Library/Developer/CoreSimulator/Volumes/iOS_23F77/Library/Developer/CoreSimulator/Profiles/Runtimes/iOS 26.5.simruntime/Contents/Resources/RuntimeRoot/System/Library/AccessibilityBundles/WebKit.axbundle/WebKit (0x108310398). This may cause spurious casting failures and mysterious crashes. One of the duplicates must be removed or renamed.
    t =     2.30s         Setting up automation session
    t =     3.24s         Wait for app.speaklocal.vietnam.native to idle
    t =     5.03s Checking existence of `"Sông Thu Bồn" StaticText`
    t =     5.19s Waiting 8.0s for "Sông Thu Bồn" StaticText to exist
    t =     6.24s     Checking `Expect predicate `existsNoRetry == 1` for object "Sông Thu Bồn" StaticText`
    t =     6.24s         Checking existence of `"Sông Thu Bồn" StaticText`
    t =     6.43s Swipe up Target Application 'app.speaklocal.vietnam.native'
    t =     6.43s     Wait for app.speaklocal.vietnam.native to idle
    t =     6.43s     Find the Target Application 'app.speaklocal.vietnam.native'
    t =     6.44s     Check for interrupting elements affecting "SpeakLocal Vietnam" Application
    t =     6.46s     Synthesize event
    t =     6.87s     Wait for app.speaklocal.vietnam.native to idle
    t =     8.99s Swipe up Target Application 'app.speaklocal.vietnam.native'
    t =     8.99s     Wait for app.speaklocal.vietnam.native to idle
    t =     8.99s     Find the Target Application 'app.speaklocal.vietnam.native'
    t =     9.02s     Check for interrupting elements affecting "SpeakLocal Vietnam" Application
    t =     9.05s     Synthesize event
    t =     9.47s     Wait for app.speaklocal.vietnam.native to idle
    t =    10.27s Terminate app.speaklocal.vietnam.native:23019
    t =    11.34s Open app.speaklocal.vietnam.native
    t =    11.34s     Launch app.speaklocal.vietnam.native
    t =    11.54s         Setting up automation session
    t =    11.98s         Wait for app.speaklocal.vietnam.native to idle
    t =    13.42s Waiting 4.0s for TabBar (First Match) to exist
    t =    14.47s     Checking `Expect predicate `existsNoRetry == 1` for object TabBar (First Match)`
    t =    14.47s         Checking existence of `TabBar (First Match)`
    t =    14.53s Checking existence of `"PhraseArticle.BottomSentinel.viet-family-city-hoian-place-thu-bon-river" Other`
    t =    14.63s Checking existence of `"PhraseArticle.BottomSentinel.viet-phrase-city-hoian-place-thu-bon-river" Other`
    t =    14.66s Find the "PhraseArticle.BottomSentinel.viet-phrase-city-hoian-place-thu-bon-river" Other
    t =    14.69s Checking existence of `TabBar (First Match)`
    t =    14.70s Find the TabBar (First Match)
    t =    14.71s Find the Target Application 'app.speaklocal.vietnam.native'
    t =    14.83s Terminate app.speaklocal.vietnam.native:23108
    t =    15.90s Tear Down
Test Case '-[SpeakLocalNativeUITests.CityAppDetailV22RenderProofUITests testCaptureCityAppDetailV22RenderProofBatch]' passed (15.955 seconds).
Test Suite 'CityAppDetailV22RenderProofUITests' passed at 2026-06-01 23:45:17.451.
	 Executed 1 test, with 0 failures (0 unexpected) in 15.955 (15.956) seconds
Test Suite 'SpeakLocalNativeUITests.xctest' passed at 2026-06-01 23:45:17.452.
	 Executed 1 test, with 0 failures (0 unexpected) in 15.955 (15.956) seconds
Test Suite 'Selected tests' passed at 2026-06-01 23:45:17.452.
	 Executed 1 test, with 0 failures (0 unexpected) in 15.955 (15.957) seconds

Test session results, code coverage, and logs:
	/Users/jojolim/Library/Developer/XcodeBuildMCP/workspaces/orchestrator-309442864093/DerivedData/SpeakLocalNative-8f3e721625a0/Logs/Test/Test-SpeakLocalNative-2026.06.01_23-45-00-+0700.xcresult

** TEST EXECUTE SUCCEEDED **

Testing started

2026-06-01 23:45:01.551 xcodebuild[22924:10247994] [MT] IDELaunchParametersSnapshot: The operation couldn’t be completed. (DebuggerLLDB.DebuggerVersionStore.StoreError error 0.)
2026-06-01 23:45:01.551 xcodebuild[22924:10247994] [MT] IDELaunchParametersSnapshot: no debugger version
2026-06-01 23:45:12.834 xcodebuild[22924:10247994] [MT] IDELaunchParametersSnapshot: The operation couldn’t be completed. (DebuggerLLDB.DebuggerVersionStore.StoreError error 0.)
2026-06-01 23:45:12.834 xcodebuild[22924:10247994] [MT] IDELaunchParametersSnapshot: no debugger version
2026-06-01 23:45:17.743 xcodebuild[22924:10247994] [MT] IDETestOperationsObserverDebug: 17.435 elapsed -- Testing started completed.
2026-06-01 23:45:17.743 xcodebuild[22924:10247994] [MT] IDETestOperationsObserverDebug: 0.000 sec, +0.000 sec -- start
2026-06-01 23:45:17.743 xcodebuild[22924:10247994] [MT] IDETestOperationsObserverDebug: 17.435 sec, +17.435 sec -- end
