Command line invocation:
    /Applications/Xcode.app/Contents/Developer/usr/bin/xcodebuild test-without-building -project /Users/jojolim/Developer/products/speaklocal/app-family/.worktrees/city-listings-production-ready/native-ios/SpeakLocalNative.xcodeproj -scheme SpeakLocalNative -destination "platform=iOS Simulator,id=7C386DD3-4BF1-4A34-A918-768C43CD1258" -derivedDataPath /Users/jojolim/Library/Developer/XcodeBuildMCP/workspaces/orchestrator-309442864093/DerivedData/SpeakLocalNative-8f3e721625a0 "-only-testing:SpeakLocalNativeUITests/CityAppDetailV22RenderProofUITests/testCaptureCityAppDetailV22RenderProofBatch"

2026-06-01 03:42:52.884438+0700 SpeakLocalNativeUITests-Runner[68666:7300516] [Default] Running tests...
    t =      nans Interface orientation changed to Portrait
Test Suite 'Selected tests' started at 2026-06-01 03:42:53.256.
Test Suite 'SpeakLocalNativeUITests.xctest' started at 2026-06-01 03:42:53.256.
Test Suite 'CityAppDetailV22RenderProofUITests' started at 2026-06-01 03:42:53.256.
Test Case '-[SpeakLocalNativeUITests.CityAppDetailV22RenderProofUITests testCaptureCityAppDetailV22RenderProofBatch]' started.
    t =     0.00s Start Test at 2026-06-01 03:42:53.256
    t =     0.02s Set Up
    t =     0.02s Open app.speaklocal.vietnam.native
    t =     0.02s     Launch app.speaklocal.vietnam.native
objc[68666]: Class UIAccessibilityLoaderWebShared is implemented in both /Library/Developer/CoreSimulator/Volumes/iOS_23F77/Library/Developer/CoreSimulator/Profiles/Runtimes/iOS 26.5.simruntime/Contents/Resources/RuntimeRoot/System/Library/AccessibilityBundles/WebCore.axbundle/WebCore (0x1053c4310) and /Library/Developer/CoreSimulator/Volumes/iOS_23F77/Library/Developer/CoreSimulator/Profiles/Runtimes/iOS 26.5.simruntime/Contents/Resources/RuntimeRoot/System/Library/AccessibilityBundles/WebKit.axbundle/WebKit (0x108274398). This may cause spurious casting failures and mysterious crashes. One of the duplicates must be removed or renamed.
    t =     1.88s         Setting up automation session
    t =     2.32s         Wait for app.speaklocal.vietnam.native to idle
    t =     3.80s Checking existence of `"Chùa Thiên Mụ" StaticText`
    t =     3.97s Waiting 8.0s for "Chùa Thiên Mụ" StaticText to exist
    t =     5.01s     Checking `Expect predicate `existsNoRetry == 1` for object "Chùa Thiên Mụ" StaticText`
    t =     5.01s         Checking existence of `"Chùa Thiên Mụ" StaticText`
    t =     5.18s Swipe up Target Application 'app.speaklocal.vietnam.native'
    t =     5.18s     Wait for app.speaklocal.vietnam.native to idle
    t =     5.18s     Find the Target Application 'app.speaklocal.vietnam.native'
    t =     5.20s     Check for interrupting elements affecting "SpeakLocal Vietnam" Application
    t =     5.22s     Synthesize event
    t =     5.64s     Wait for app.speaklocal.vietnam.native to idle
    t =     7.78s Swipe up Target Application 'app.speaklocal.vietnam.native'
    t =     7.78s     Wait for app.speaklocal.vietnam.native to idle
    t =     7.78s     Find the Target Application 'app.speaklocal.vietnam.native'
    t =     7.81s     Check for interrupting elements affecting "SpeakLocal Vietnam" Application
    t =     7.84s     Synthesize event
    t =     8.26s     Wait for app.speaklocal.vietnam.native to idle
    t =     9.10s Terminate app.speaklocal.vietnam.native:68746
    t =    10.18s Open app.speaklocal.vietnam.native
    t =    10.18s     Launch app.speaklocal.vietnam.native
    t =    10.40s         Setting up automation session
    t =    10.91s         Wait for app.speaklocal.vietnam.native to idle
    t =    12.39s Waiting 4.0s for TabBar (First Match) to exist
    t =    13.44s     Checking `Expect predicate `existsNoRetry == 1` for object TabBar (First Match)`
    t =    13.44s         Checking existence of `TabBar (First Match)`
    t =    13.47s Checking existence of `"PhraseArticle.BottomSentinel.viet-family-city-hue-place-thien-mu" Other`
    t =    13.55s Checking existence of `"PhraseArticle.BottomSentinel.viet-phrase-city-hue-place-thien-mu" Other`
    t =    13.57s Find the "PhraseArticle.BottomSentinel.viet-phrase-city-hue-place-thien-mu" Other
    t =    13.59s Checking existence of `TabBar (First Match)`
    t =    13.60s Find the TabBar (First Match)
    t =    13.61s Find the Target Application 'app.speaklocal.vietnam.native'
    t =    13.70s Terminate app.speaklocal.vietnam.native:68853
    t =    14.78s Tear Down
Test Case '-[SpeakLocalNativeUITests.CityAppDetailV22RenderProofUITests testCaptureCityAppDetailV22RenderProofBatch]' passed (14.862 seconds).
Test Suite 'CityAppDetailV22RenderProofUITests' passed at 2026-06-01 03:43:08.119.
	 Executed 1 test, with 0 failures (0 unexpected) in 14.862 (14.863) seconds
Test Suite 'SpeakLocalNativeUITests.xctest' passed at 2026-06-01 03:43:08.120.
	 Executed 1 test, with 0 failures (0 unexpected) in 14.862 (14.864) seconds
Test Suite 'Selected tests' passed at 2026-06-01 03:43:08.121.
	 Executed 1 test, with 0 failures (0 unexpected) in 14.862 (14.866) seconds

Test session results, code coverage, and logs:
	/Users/jojolim/Library/Developer/XcodeBuildMCP/workspaces/orchestrator-309442864093/DerivedData/SpeakLocalNative-8f3e721625a0/Logs/Test/Test-SpeakLocalNative-2026.06.01_03-42-51-+0700.xcresult

** TEST EXECUTE SUCCEEDED **

Testing started

2026-06-01 03:42:53.316 xcodebuild[68661:7300349] [MT] IDELaunchParametersSnapshot: The operation couldn’t be completed. (DebuggerLLDB.DebuggerVersionStore.StoreError error 0.)
2026-06-01 03:42:53.316 xcodebuild[68661:7300349] [MT] IDELaunchParametersSnapshot: no debugger version
2026-06-01 03:43:03.439 xcodebuild[68661:7300349] [MT] IDELaunchParametersSnapshot: The operation couldn’t be completed. (DebuggerLLDB.DebuggerVersionStore.StoreError error 0.)
2026-06-01 03:43:03.439 xcodebuild[68661:7300349] [MT] IDELaunchParametersSnapshot: no debugger version
2026-06-01 03:43:08.424 xcodebuild[68661:7300349] [MT] IDETestOperationsObserverDebug: 16.324 elapsed -- Testing started completed.
2026-06-01 03:43:08.424 xcodebuild[68661:7300349] [MT] IDETestOperationsObserverDebug: 0.000 sec, +0.000 sec -- start
2026-06-01 03:43:08.424 xcodebuild[68661:7300349] [MT] IDETestOperationsObserverDebug: 16.324 sec, +16.324 sec -- end
