Command line invocation:
    /Applications/Xcode.app/Contents/Developer/usr/bin/xcodebuild test-without-building -project /Users/jojolim/Developer/products/speaklocal/app-family/.worktrees/city-listings-production-ready/native-ios/SpeakLocalNative.xcodeproj -scheme SpeakLocalNative -destination "platform=iOS Simulator,id=7C386DD3-4BF1-4A34-A918-768C43CD1258" -derivedDataPath /Users/jojolim/Library/Developer/XcodeBuildMCP/workspaces/orchestrator-309442864093/DerivedData/SpeakLocalNative-8f3e721625a0 "-only-testing:SpeakLocalNativeUITests/CityAppDetailV22RenderProofUITests/testCaptureCityAppDetailV22RenderProofBatch"

2026-06-01 06:54:05.841029+0700 SpeakLocalNativeUITests-Runner[24168:8124547] [Default] Running tests...
    t =      nans Interface orientation changed to Portrait
Test Suite 'Selected tests' started at 2026-06-01 06:54:06.212.
Test Suite 'SpeakLocalNativeUITests.xctest' started at 2026-06-01 06:54:06.212.
Test Suite 'CityAppDetailV22RenderProofUITests' started at 2026-06-01 06:54:06.212.
Test Case '-[SpeakLocalNativeUITests.CityAppDetailV22RenderProofUITests testCaptureCityAppDetailV22RenderProofBatch]' started.
    t =     0.00s Start Test at 2026-06-01 06:54:06.213
    t =     0.01s Set Up
    t =     0.02s Open app.speaklocal.vietnam.native
    t =     0.02s     Launch app.speaklocal.vietnam.native
objc[24168]: Class UIAccessibilityLoaderWebShared is implemented in both /Library/Developer/CoreSimulator/Volumes/iOS_23F77/Library/Developer/CoreSimulator/Profiles/Runtimes/iOS 26.5.simruntime/Contents/Resources/RuntimeRoot/System/Library/AccessibilityBundles/WebCore.axbundle/WebCore (0x10ae74310) and /Library/Developer/CoreSimulator/Volumes/iOS_23F77/Library/Developer/CoreSimulator/Profiles/Runtimes/iOS 26.5.simruntime/Contents/Resources/RuntimeRoot/System/Library/AccessibilityBundles/WebKit.axbundle/WebKit (0x10a714398). This may cause spurious casting failures and mysterious crashes. One of the duplicates must be removed or renamed.
    t =     1.90s         Setting up automation session
    t =     2.43s         Wait for app.speaklocal.vietnam.native to idle
    t =     3.89s Checking existence of `"Manzi" StaticText`
    t =     4.04s Waiting 8.0s for "Manzi" StaticText to exist
    t =     5.08s     Checking `Expect predicate `existsNoRetry == 1` for object "Manzi" StaticText`
    t =     5.08s         Checking existence of `"Manzi" StaticText`
    t =     5.25s Swipe up Target Application 'app.speaklocal.vietnam.native'
    t =     5.25s     Wait for app.speaklocal.vietnam.native to idle
    t =     5.25s     Find the Target Application 'app.speaklocal.vietnam.native'
    t =     5.26s     Check for interrupting elements affecting "SpeakLocal Vietnam" Application
    t =     5.28s     Synthesize event
    t =     5.70s     Wait for app.speaklocal.vietnam.native to idle
    t =     7.80s Swipe up Target Application 'app.speaklocal.vietnam.native'
    t =     7.80s     Wait for app.speaklocal.vietnam.native to idle
    t =     7.80s     Find the Target Application 'app.speaklocal.vietnam.native'
    t =     7.82s     Check for interrupting elements affecting "SpeakLocal Vietnam" Application
    t =     7.85s     Synthesize event
    t =     8.27s     Wait for app.speaklocal.vietnam.native to idle
    t =     8.91s Terminate app.speaklocal.vietnam.native:24256
    t =     9.99s Open app.speaklocal.vietnam.native
    t =     9.99s     Launch app.speaklocal.vietnam.native
    t =    10.21s         Setting up automation session
    t =    10.68s         Wait for app.speaklocal.vietnam.native to idle
    t =    12.21s Waiting 4.0s for TabBar (First Match) to exist
    t =    13.25s     Checking `Expect predicate `existsNoRetry == 1` for object TabBar (First Match)`
    t =    13.25s         Checking existence of `TabBar (First Match)`
    t =    13.31s Checking existence of `"PhraseArticle.BottomSentinel.viet-family-city-hanoi-place-manzi-art-space" Other`
    t =    13.39s Checking existence of `"PhraseArticle.BottomSentinel.viet-phrase-city-hanoi-place-manzi-art-space" Other`
    t =    13.41s Find the "PhraseArticle.BottomSentinel.viet-phrase-city-hanoi-place-manzi-art-space" Other
    t =    13.43s Checking existence of `TabBar (First Match)`
    t =    13.44s Find the TabBar (First Match)
    t =    13.44s Find the Target Application 'app.speaklocal.vietnam.native'
    t =    13.54s Terminate app.speaklocal.vietnam.native:24335
    t =    14.61s Tear Down
Test Case '-[SpeakLocalNativeUITests.CityAppDetailV22RenderProofUITests testCaptureCityAppDetailV22RenderProofBatch]' passed (14.711 seconds).
Test Suite 'CityAppDetailV22RenderProofUITests' passed at 2026-06-01 06:54:20.925.
	 Executed 1 test, with 0 failures (0 unexpected) in 14.711 (14.712) seconds
Test Suite 'SpeakLocalNativeUITests.xctest' passed at 2026-06-01 06:54:20.926.
	 Executed 1 test, with 0 failures (0 unexpected) in 14.711 (14.713) seconds
Test Suite 'Selected tests' passed at 2026-06-01 06:54:20.926.
	 Executed 1 test, with 0 failures (0 unexpected) in 14.711 (14.714) seconds

Test session results, code coverage, and logs:
	/Users/jojolim/Library/Developer/XcodeBuildMCP/workspaces/orchestrator-309442864093/DerivedData/SpeakLocalNative-8f3e721625a0/Logs/Test/Test-SpeakLocalNative-2026.06.01_06-54-04-+0700.xcresult

** TEST EXECUTE SUCCEEDED **

Testing started

2026-06-01 06:54:06.263 xcodebuild[24166:8124388] [MT] IDELaunchParametersSnapshot: The operation couldn’t be completed. (DebuggerLLDB.DebuggerVersionStore.StoreError error 0.)
2026-06-01 06:54:06.263 xcodebuild[24166:8124388] [MT] IDELaunchParametersSnapshot: no debugger version
2026-06-01 06:54:16.202 xcodebuild[24166:8124388] [MT] IDELaunchParametersSnapshot: The operation couldn’t be completed. (DebuggerLLDB.DebuggerVersionStore.StoreError error 0.)
2026-06-01 06:54:16.202 xcodebuild[24166:8124388] [MT] IDELaunchParametersSnapshot: no debugger version
2026-06-01 06:54:21.225 xcodebuild[24166:8124388] [MT] IDETestOperationsObserverDebug: 16.215 elapsed -- Testing started completed.
2026-06-01 06:54:21.225 xcodebuild[24166:8124388] [MT] IDETestOperationsObserverDebug: 0.000 sec, +0.000 sec -- start
2026-06-01 06:54:21.225 xcodebuild[24166:8124388] [MT] IDETestOperationsObserverDebug: 16.215 sec, +16.215 sec -- end
