Command line invocation:
    /Applications/Xcode.app/Contents/Developer/usr/bin/xcodebuild test-without-building -project native-ios/SpeakLocalNative.xcodeproj -scheme SpeakLocalNative -destination "platform=iOS Simulator,id=7C386DD3-4BF1-4A34-A918-768C43CD1258" -derivedDataPath /Users/jojolim/Library/Developer/XcodeBuildMCP/workspaces/orchestrator-309442864093/DerivedData/SpeakLocalNative-8f3e721625a0 "-only-testing:SpeakLocalNativeUITests/CityAppDetailV22RenderProofUITests/testCaptureCityAppDetailV22RenderProofBatch"

2026-06-01 02:00:56.749462+0700 SpeakLocalNativeUITests-Runner[60798:6940037] [Default] Running tests...
    t =      nans Interface orientation changed to Portrait
Test Suite 'Selected tests' started at 2026-06-01 02:00:57.388.
Test Suite 'SpeakLocalNativeUITests.xctest' started at 2026-06-01 02:00:57.388.
Test Suite 'CityAppDetailV22RenderProofUITests' started at 2026-06-01 02:00:57.388.
Test Case '-[SpeakLocalNativeUITests.CityAppDetailV22RenderProofUITests testCaptureCityAppDetailV22RenderProofBatch]' started.
    t =     0.00s Start Test at 2026-06-01 02:00:57.389
    t =     0.02s Set Up
    t =     0.03s Open app.speaklocal.vietnam.native
    t =     0.03s     Launch app.speaklocal.vietnam.native
2026-06-01 02:00:57.464 xcodebuild[60777:6939854] [MT] IDELaunchParametersSnapshot: The operation couldn’t be completed. (DebuggerLLDB.DebuggerVersionStore.StoreError error 0.)
2026-06-01 02:00:57.464 xcodebuild[60777:6939854] [MT] IDELaunchParametersSnapshot: no debugger version
objc[60798]: Class UIAccessibilityLoaderWebShared is implemented in both /Library/Developer/CoreSimulator/Volumes/iOS_23F77/Library/Developer/CoreSimulator/Profiles/Runtimes/iOS 26.5.simruntime/Contents/Resources/RuntimeRoot/System/Library/AccessibilityBundles/WebCore.axbundle/WebCore (0x106688310) and /Library/Developer/CoreSimulator/Volumes/iOS_23F77/Library/Developer/CoreSimulator/Profiles/Runtimes/iOS 26.5.simruntime/Contents/Resources/RuntimeRoot/System/Library/AccessibilityBundles/WebKit.axbundle/WebKit (0x1063c0398). This may cause spurious casting failures and mysterious crashes. One of the duplicates must be removed or renamed.
    t =     2.72s         Setting up automation session
    t =     3.47s         Wait for app.speaklocal.vietnam.native to idle
    t =     5.30s Checking existence of `"Khu An Thượng" StaticText`
    t =     5.59s Waiting 8.0s for "Khu An Thượng" StaticText to exist
    t =     6.62s     Checking `Expect predicate `existsNoRetry == 1` for object "Khu An Thượng" StaticText`
    t =     6.62s         Checking existence of `"Khu An Thượng" StaticText`
    t =     6.75s Swipe up Target Application 'app.speaklocal.vietnam.native'
    t =     6.75s     Wait for app.speaklocal.vietnam.native to idle
    t =     6.76s     Find the Target Application 'app.speaklocal.vietnam.native'
    t =     6.77s     Check for interrupting elements affecting "SpeakLocal Vietnam" Application
    t =     6.79s     Synthesize event
    t =     7.21s     Wait for app.speaklocal.vietnam.native to idle
    t =     9.31s Swipe up Target Application 'app.speaklocal.vietnam.native'
    t =     9.31s     Wait for app.speaklocal.vietnam.native to idle
    t =     9.31s     Find the Target Application 'app.speaklocal.vietnam.native'
    t =     9.34s     Check for interrupting elements affecting "SpeakLocal Vietnam" Application
    t =     9.39s     Synthesize event
    t =     9.81s     Wait for app.speaklocal.vietnam.native to idle
    t =    10.64s Waiting 4.0s for TabBar (First Match) to exist
    t =    11.67s     Checking `Expect predicate `existsNoRetry == 1` for object TabBar (First Match)`
    t =    11.67s         Checking existence of `TabBar (First Match)`
    t =    11.69s Checking existence of `"PhraseArticle.BottomSentinel.viet-family-city-danang-place-an-thuong-street-area" Other`
    t =    11.71s Checking existence of `"PhraseArticle.BottomSentinel.viet-phrase-city-danang-place-an-thuong-street-area" Other`
    t =    11.73s Find the "PhraseArticle.BottomSentinel.viet-phrase-city-danang-place-an-thuong-street-area" Other
    t =    11.75s Checking existence of `TabBar (First Match)`
    t =    11.76s Find the TabBar (First Match)
    t =    11.77s Find the Target Application 'app.speaklocal.vietnam.native'
    t =    11.87s Terminate app.speaklocal.vietnam.native:60903
    t =    12.92s Tear Down
Test Case '-[SpeakLocalNativeUITests.CityAppDetailV22RenderProofUITests testCaptureCityAppDetailV22RenderProofBatch]' passed (12.968 seconds).
Test Suite 'CityAppDetailV22RenderProofUITests' passed at 2026-06-01 02:01:10.357.
	 Executed 1 test, with 0 failures (0 unexpected) in 12.968 (12.969) seconds
Test Suite 'SpeakLocalNativeUITests.xctest' passed at 2026-06-01 02:01:10.357.
	 Executed 1 test, with 0 failures (0 unexpected) in 12.968 (12.969) seconds
Test Suite 'Selected tests' passed at 2026-06-01 02:01:10.358.
	 Executed 1 test, with 0 failures (0 unexpected) in 12.968 (12.970) seconds
2026-06-01 02:01:10.649 xcodebuild[60777:6939854] [MT] IDETestOperationsObserverDebug: 15.048 elapsed -- Testing started completed.
2026-06-01 02:01:10.649 xcodebuild[60777:6939854] [MT] IDETestOperationsObserverDebug: 0.000 sec, +0.000 sec -- start
2026-06-01 02:01:10.649 xcodebuild[60777:6939854] [MT] IDETestOperationsObserverDebug: 15.048 sec, +15.048 sec -- end

Test session results, code coverage, and logs:
	/Users/jojolim/Library/Developer/XcodeBuildMCP/workspaces/orchestrator-309442864093/DerivedData/SpeakLocalNative-8f3e721625a0/Logs/Test/Test-SpeakLocalNative-2026.06.01_02-00-55-+0700.xcresult

** TEST EXECUTE SUCCEEDED **

Testing started
