Command line invocation:
    /Applications/Xcode.app/Contents/Developer/usr/bin/xcodebuild test-without-building -project /Users/jojolim/Developer/products/speaklocal/app-family/.worktrees/city-listings-production-ready/native-ios/SpeakLocalNative.xcodeproj -scheme SpeakLocalNative -destination "platform=iOS Simulator,id=7C386DD3-4BF1-4A34-A918-768C43CD1258" -derivedDataPath /Users/jojolim/Library/Developer/XcodeBuildMCP/workspaces/orchestrator-309442864093/DerivedData/SpeakLocalNative-8f3e721625a0 "-only-testing:SpeakLocalNativeUITests/CityAppDetailV22RenderProofUITests/testCaptureCityAppDetailV22RenderProofBatch"

2026-06-01 04:30:51.702717+0700 SpeakLocalNativeUITests-Runner[26765:7507791] [Default] Running tests...
    t =      nans Interface orientation changed to Portrait
Test Suite 'Selected tests' started at 2026-06-01 04:30:52.071.
Test Suite 'SpeakLocalNativeUITests.xctest' started at 2026-06-01 04:30:52.071.
Test Suite 'CityAppDetailV22RenderProofUITests' started at 2026-06-01 04:30:52.071.
Test Case '-[SpeakLocalNativeUITests.CityAppDetailV22RenderProofUITests testCaptureCityAppDetailV22RenderProofBatch]' started.
    t =     0.00s Start Test at 2026-06-01 04:30:52.072
    t =     0.02s Set Up
    t =     0.02s Open app.speaklocal.vietnam.native
    t =     0.02s     Launch app.speaklocal.vietnam.native
objc[26765]: Class UIAccessibilityLoaderWebShared is implemented in both /Library/Developer/CoreSimulator/Volumes/iOS_23F77/Library/Developer/CoreSimulator/Profiles/Runtimes/iOS 26.5.simruntime/Contents/Resources/RuntimeRoot/System/Library/AccessibilityBundles/WebCore.axbundle/WebCore (0x10a33c310) and /Library/Developer/CoreSimulator/Volumes/iOS_23F77/Library/Developer/CoreSimulator/Profiles/Runtimes/iOS 26.5.simruntime/Contents/Resources/RuntimeRoot/System/Library/AccessibilityBundles/WebKit.axbundle/WebKit (0x109bc4398). This may cause spurious casting failures and mysterious crashes. One of the duplicates must be removed or renamed.
    t =     1.90s         Setting up automation session
    t =     2.27s         Wait for app.speaklocal.vietnam.native to idle
    t =     3.81s Checking existence of `"Cầu An Hội" StaticText`
    t =     3.98s Waiting 8.0s for "Cầu An Hội" StaticText to exist
    t =     5.04s     Checking `Expect predicate `existsNoRetry == 1` for object "Cầu An Hội" StaticText`
    t =     5.04s         Checking existence of `"Cầu An Hội" StaticText`
    t =     5.18s Swipe up Target Application 'app.speaklocal.vietnam.native'
    t =     5.18s     Wait for app.speaklocal.vietnam.native to idle
    t =     5.18s     Find the Target Application 'app.speaklocal.vietnam.native'
    t =     5.19s     Check for interrupting elements affecting "SpeakLocal Vietnam" Application
    t =     5.21s     Synthesize event
    t =     5.63s     Wait for app.speaklocal.vietnam.native to idle
    t =     7.74s Swipe up Target Application 'app.speaklocal.vietnam.native'
    t =     7.74s     Wait for app.speaklocal.vietnam.native to idle
    t =     7.75s     Find the Target Application 'app.speaklocal.vietnam.native'
    t =     7.77s     Check for interrupting elements affecting "SpeakLocal Vietnam" Application
    t =     7.80s     Synthesize event
    t =     8.22s     Wait for app.speaklocal.vietnam.native to idle
    t =     8.97s Terminate app.speaklocal.vietnam.native:26843
    t =    10.06s Open app.speaklocal.vietnam.native
    t =    10.07s     Launch app.speaklocal.vietnam.native
    t =    10.28s         Setting up automation session
    t =    10.77s         Wait for app.speaklocal.vietnam.native to idle
    t =    12.26s Waiting 4.0s for TabBar (First Match) to exist
    t =    13.33s     Checking `Expect predicate `existsNoRetry == 1` for object TabBar (First Match)`
    t =    13.33s         Checking existence of `TabBar (First Match)`
    t =    13.39s Checking existence of `"PhraseArticle.BottomSentinel.viet-family-city-hoian-place-an-hoi-bridge" Other`
    t =    13.47s Checking existence of `"PhraseArticle.BottomSentinel.viet-phrase-city-hoian-place-an-hoi-bridge" Other`
    t =    13.49s Find the "PhraseArticle.BottomSentinel.viet-phrase-city-hoian-place-an-hoi-bridge" Other
    t =    13.51s Checking existence of `TabBar (First Match)`
    t =    13.52s Find the TabBar (First Match)
    t =    13.52s Find the Target Application 'app.speaklocal.vietnam.native'
    t =    13.62s Terminate app.speaklocal.vietnam.native:26933
    t =    14.71s Tear Down
Test Case '-[SpeakLocalNativeUITests.CityAppDetailV22RenderProofUITests testCaptureCityAppDetailV22RenderProofBatch]' passed (14.778 seconds).
Test Suite 'CityAppDetailV22RenderProofUITests' passed at 2026-06-01 04:31:06.850.
	 Executed 1 test, with 0 failures (0 unexpected) in 14.778 (14.779) seconds
Test Suite 'SpeakLocalNativeUITests.xctest' passed at 2026-06-01 04:31:06.851.
	 Executed 1 test, with 0 failures (0 unexpected) in 14.778 (14.780) seconds
Test Suite 'Selected tests' passed at 2026-06-01 04:31:06.852.
	 Executed 1 test, with 0 failures (0 unexpected) in 14.778 (14.781) seconds

Test session results, code coverage, and logs:
	/Users/jojolim/Library/Developer/XcodeBuildMCP/workspaces/orchestrator-309442864093/DerivedData/SpeakLocalNative-8f3e721625a0/Logs/Test/Test-SpeakLocalNative-2026.06.01_04-30-50-+0700.xcresult

** TEST EXECUTE SUCCEEDED **

Testing started

2026-06-01 04:30:52.129 xcodebuild[26756:7507586] [MT] IDELaunchParametersSnapshot: The operation couldn’t be completed. (DebuggerLLDB.DebuggerVersionStore.StoreError error 0.)
2026-06-01 04:30:52.129 xcodebuild[26756:7507586] [MT] IDELaunchParametersSnapshot: no debugger version
2026-06-01 04:31:02.140 xcodebuild[26756:7507586] [MT] IDELaunchParametersSnapshot: The operation couldn’t be completed. (DebuggerLLDB.DebuggerVersionStore.StoreError error 0.)
2026-06-01 04:31:02.140 xcodebuild[26756:7507586] [MT] IDELaunchParametersSnapshot: no debugger version
2026-06-01 04:31:07.156 xcodebuild[26756:7507586] [MT] IDETestOperationsObserverDebug: 16.305 elapsed -- Testing started completed.
2026-06-01 04:31:07.156 xcodebuild[26756:7507586] [MT] IDETestOperationsObserverDebug: 0.000 sec, +0.000 sec -- start
2026-06-01 04:31:07.156 xcodebuild[26756:7507586] [MT] IDETestOperationsObserverDebug: 16.305 sec, +16.305 sec -- end
