Command line invocation:
    /Applications/Xcode.app/Contents/Developer/usr/bin/xcodebuild test-without-building -project /Users/jojolim/Developer/products/speaklocal/app-family/.worktrees/city-listings-production-ready/native-ios/SpeakLocalNative.xcodeproj -scheme SpeakLocalNative -destination "platform=iOS Simulator,id=7C386DD3-4BF1-4A34-A918-768C43CD1258" -derivedDataPath /Users/jojolim/Library/Developer/XcodeBuildMCP/workspaces/orchestrator-309442864093/DerivedData/SpeakLocalNative-8f3e721625a0 "-only-testing:SpeakLocalNativeUITests/CityAppDetailV22RenderProofUITests/testCaptureCityAppDetailV22RenderProofBatch"

2026-06-01 07:56:58.109096+0700 SpeakLocalNativeUITests-Runner[3345:8391745] [Default] Running tests...
    t =      nans Interface orientation changed to Portrait
Test Suite 'Selected tests' started at 2026-06-01 07:56:58.668.
Test Suite 'SpeakLocalNativeUITests.xctest' started at 2026-06-01 07:56:58.668.
Test Suite 'CityAppDetailV22RenderProofUITests' started at 2026-06-01 07:56:58.668.
Test Case '-[SpeakLocalNativeUITests.CityAppDetailV22RenderProofUITests testCaptureCityAppDetailV22RenderProofBatch]' started.
    t =     0.00s Start Test at 2026-06-01 07:56:58.669
    t =     0.02s Set Up
    t =     0.02s Open app.speaklocal.vietnam.native
    t =     0.02s     Launch app.speaklocal.vietnam.native
objc[3345]: Class UIAccessibilityLoaderWebShared is implemented in both /Library/Developer/CoreSimulator/Volumes/iOS_23F77/Library/Developer/CoreSimulator/Profiles/Runtimes/iOS 26.5.simruntime/Contents/Resources/RuntimeRoot/System/Library/AccessibilityBundles/WebCore.axbundle/WebCore (0x10abb0310) and /Library/Developer/CoreSimulator/Volumes/iOS_23F77/Library/Developer/CoreSimulator/Profiles/Runtimes/iOS 26.5.simruntime/Contents/Resources/RuntimeRoot/System/Library/AccessibilityBundles/WebKit.axbundle/WebKit (0x10aa98398). This may cause spurious casting failures and mysterious crashes. One of the duplicates must be removed or renamed.
    t =     2.50s         Setting up automation session
    t =     3.24s         Wait for app.speaklocal.vietnam.native to idle
    t =     4.77s Checking existence of `"Chợ hoa Hồ Thị Kỷ" StaticText`
    t =     4.92s Waiting 8.0s for "Chợ hoa Hồ Thị Kỷ" StaticText to exist
    t =     5.97s     Checking `Expect predicate `existsNoRetry == 1` for object "Chợ hoa Hồ Thị Kỷ" StaticText`
    t =     5.98s         Checking existence of `"Chợ hoa Hồ Thị Kỷ" StaticText`
    t =     6.16s Swipe up Target Application 'app.speaklocal.vietnam.native'
    t =     6.16s     Wait for app.speaklocal.vietnam.native to idle
    t =     6.16s     Find the Target Application 'app.speaklocal.vietnam.native'
    t =     6.17s     Check for interrupting elements affecting "SpeakLocal Vietnam" Application
    t =     6.19s     Synthesize event
    t =     6.61s     Wait for app.speaklocal.vietnam.native to idle
    t =     8.73s Swipe up Target Application 'app.speaklocal.vietnam.native'
    t =     8.73s     Wait for app.speaklocal.vietnam.native to idle
    t =     8.73s     Find the Target Application 'app.speaklocal.vietnam.native'
    t =     8.76s     Check for interrupting elements affecting "SpeakLocal Vietnam" Application
    t =     8.79s     Synthesize event
    t =     9.21s     Wait for app.speaklocal.vietnam.native to idle
    t =    10.17s Terminate app.speaklocal.vietnam.native:3426
    t =    11.26s Open app.speaklocal.vietnam.native
    t =    11.26s     Launch app.speaklocal.vietnam.native
    t =    11.48s         Setting up automation session
    t =    11.97s         Wait for app.speaklocal.vietnam.native to idle
    t =    13.48s Waiting 4.0s for TabBar (First Match) to exist
    t =    14.54s     Checking `Expect predicate `existsNoRetry == 1` for object TabBar (First Match)`
    t =    14.54s         Checking existence of `TabBar (First Match)`
    t =    14.61s Checking existence of `"PhraseArticle.BottomSentinel.viet-family-city-hcmc-place-ho-thi-ky-flower-market" Other`
    t =    14.69s Checking existence of `"PhraseArticle.BottomSentinel.viet-phrase-city-hcmc-place-ho-thi-ky-flower-market" Other`
    t =    14.71s Find the "PhraseArticle.BottomSentinel.viet-phrase-city-hcmc-place-ho-thi-ky-flower-market" Other
    t =    14.74s Checking existence of `TabBar (First Match)`
    t =    14.74s Find the TabBar (First Match)
    t =    14.75s Find the Target Application 'app.speaklocal.vietnam.native'
    t =    14.85s Terminate app.speaklocal.vietnam.native:3515
    t =    15.93s Tear Down
Test Case '-[SpeakLocalNativeUITests.CityAppDetailV22RenderProofUITests testCaptureCityAppDetailV22RenderProofBatch]' passed (15.988 seconds).
Test Suite 'CityAppDetailV22RenderProofUITests' passed at 2026-06-01 07:57:14.657.
	 Executed 1 test, with 0 failures (0 unexpected) in 15.988 (15.989) seconds
Test Suite 'SpeakLocalNativeUITests.xctest' passed at 2026-06-01 07:57:14.658.
	 Executed 1 test, with 0 failures (0 unexpected) in 15.988 (15.990) seconds
Test Suite 'Selected tests' passed at 2026-06-01 07:57:14.659.
	 Executed 1 test, with 0 failures (0 unexpected) in 15.988 (15.991) seconds

Test session results, code coverage, and logs:
	/Users/jojolim/Library/Developer/XcodeBuildMCP/workspaces/orchestrator-309442864093/DerivedData/SpeakLocalNative-8f3e721625a0/Logs/Test/Test-SpeakLocalNative-2026.06.01_07-56-57-+0700.xcresult

** TEST EXECUTE SUCCEEDED **

Testing started

2026-06-01 07:56:58.715 xcodebuild[3338:8391497] [MT] IDELaunchParametersSnapshot: The operation couldn’t be completed. (DebuggerLLDB.DebuggerVersionStore.StoreError error 0.)
2026-06-01 07:56:58.715 xcodebuild[3338:8391497] [MT] IDELaunchParametersSnapshot: no debugger version
2026-06-01 07:57:09.932 xcodebuild[3338:8391497] [MT] IDELaunchParametersSnapshot: The operation couldn’t be completed. (DebuggerLLDB.DebuggerVersionStore.StoreError error 0.)
2026-06-01 07:57:09.932 xcodebuild[3338:8391497] [MT] IDELaunchParametersSnapshot: no debugger version
2026-06-01 07:57:14.954 xcodebuild[3338:8391497] [MT] IDETestOperationsObserverDebug: 17.758 elapsed -- Testing started completed.
2026-06-01 07:57:14.954 xcodebuild[3338:8391497] [MT] IDETestOperationsObserverDebug: 0.000 sec, +0.000 sec -- start
2026-06-01 07:57:14.954 xcodebuild[3338:8391497] [MT] IDETestOperationsObserverDebug: 17.758 sec, +17.758 sec -- end
