Command line invocation:
    /Applications/Xcode.app/Contents/Developer/usr/bin/xcodebuild test-without-building -project /Users/jojolim/Developer/products/speaklocal/app-family/.worktrees/city-listings-production-ready/native-ios/SpeakLocalNative.xcodeproj -scheme SpeakLocalNative -destination "platform=iOS Simulator,id=7C386DD3-4BF1-4A34-A918-768C43CD1258" -derivedDataPath /Users/jojolim/Library/Developer/XcodeBuildMCP/workspaces/orchestrator-309442864093/DerivedData/SpeakLocalNative-8f3e721625a0 "-only-testing:SpeakLocalNativeUITests/CityAppDetailV22RenderProofUITests/testCaptureCityAppDetailV22RenderProofBatch"

2026-06-01 03:39:45.336580+0700 SpeakLocalNativeUITests-Runner[65388:7286207] [Default] Running tests...
    t =      nans Interface orientation changed to Portrait
Test Suite 'Selected tests' started at 2026-06-01 03:39:45.714.
Test Suite 'SpeakLocalNativeUITests.xctest' started at 2026-06-01 03:39:45.714.
Test Suite 'CityAppDetailV22RenderProofUITests' started at 2026-06-01 03:39:45.714.
Test Case '-[SpeakLocalNativeUITests.CityAppDetailV22RenderProofUITests testCaptureCityAppDetailV22RenderProofBatch]' started.
    t =     0.00s Start Test at 2026-06-01 03:39:45.715
    t =     0.01s Set Up
    t =     0.02s Open app.speaklocal.vietnam.native
    t =     0.02s     Launch app.speaklocal.vietnam.native
objc[65388]: Class UIAccessibilityLoaderWebShared is implemented in both /Library/Developer/CoreSimulator/Volumes/iOS_23F77/Library/Developer/CoreSimulator/Profiles/Runtimes/iOS 26.5.simruntime/Contents/Resources/RuntimeRoot/System/Library/AccessibilityBundles/WebCore.axbundle/WebCore (0x10700c310) and /Library/Developer/CoreSimulator/Volumes/iOS_23F77/Library/Developer/CoreSimulator/Profiles/Runtimes/iOS 26.5.simruntime/Contents/Resources/RuntimeRoot/System/Library/AccessibilityBundles/WebKit.axbundle/WebKit (0x106890398). This may cause spurious casting failures and mysterious crashes. One of the duplicates must be removed or renamed.
    t =     1.89s         Setting up automation session
    t =     2.38s         Wait for app.speaklocal.vietnam.native to idle
    t =     3.91s Checking existence of `"Phố Hàng Bạc" StaticText`
    t =     4.07s Waiting 8.0s for "Phố Hàng Bạc" StaticText to exist
    t =     5.14s     Checking `Expect predicate `existsNoRetry == 1` for object "Phố Hàng Bạc" StaticText`
    t =     5.14s         Checking existence of `"Phố Hàng Bạc" StaticText`
    t =     5.32s Swipe up Target Application 'app.speaklocal.vietnam.native'
    t =     5.32s     Wait for app.speaklocal.vietnam.native to idle
    t =     5.32s     Find the Target Application 'app.speaklocal.vietnam.native'
    t =     5.33s     Check for interrupting elements affecting "SpeakLocal Vietnam" Application
    t =     5.35s     Synthesize event
    t =     5.77s     Wait for app.speaklocal.vietnam.native to idle
    t =     7.87s Swipe up Target Application 'app.speaklocal.vietnam.native'
    t =     7.87s     Wait for app.speaklocal.vietnam.native to idle
    t =     7.88s     Find the Target Application 'app.speaklocal.vietnam.native'
    t =     7.90s     Check for interrupting elements affecting "SpeakLocal Vietnam" Application
    t =     7.92s     Synthesize event
    t =     8.34s     Wait for app.speaklocal.vietnam.native to idle
    t =     9.19s Terminate app.speaklocal.vietnam.native:65437
    t =    10.24s Open app.speaklocal.vietnam.native
    t =    10.24s     Launch app.speaklocal.vietnam.native
    t =    10.45s         Setting up automation session
    t =    10.94s         Wait for app.speaklocal.vietnam.native to idle
    t =    12.42s Waiting 4.0s for TabBar (First Match) to exist
    t =    13.47s     Checking `Expect predicate `existsNoRetry == 1` for object TabBar (First Match)`
    t =    13.48s         Checking existence of `TabBar (First Match)`
    t =    13.53s Checking existence of `"PhraseArticle.BottomSentinel.viet-family-city-hanoi-place-hang-bac-street" Other`
    t =    13.61s Checking existence of `"PhraseArticle.BottomSentinel.viet-phrase-city-hanoi-place-hang-bac-street" Other`
    t =    13.63s Find the "PhraseArticle.BottomSentinel.viet-phrase-city-hanoi-place-hang-bac-street" Other
    t =    13.66s Checking existence of `TabBar (First Match)`
    t =    13.66s Find the TabBar (First Match)
    t =    13.67s Find the Target Application 'app.speaklocal.vietnam.native'
    t =    13.76s Terminate app.speaklocal.vietnam.native:65575
    t =    14.82s Tear Down
Test Case '-[SpeakLocalNativeUITests.CityAppDetailV22RenderProofUITests testCaptureCityAppDetailV22RenderProofBatch]' passed (14.877 seconds).
Test Suite 'CityAppDetailV22RenderProofUITests' passed at 2026-06-01 03:40:00.592.
	 Executed 1 test, with 0 failures (0 unexpected) in 14.877 (14.878) seconds
Test Suite 'SpeakLocalNativeUITests.xctest' passed at 2026-06-01 03:40:00.593.
	 Executed 1 test, with 0 failures (0 unexpected) in 14.877 (14.879) seconds
Test Suite 'Selected tests' passed at 2026-06-01 03:40:00.594.
	 Executed 1 test, with 0 failures (0 unexpected) in 14.877 (14.880) seconds

Test session results, code coverage, and logs:
	/Users/jojolim/Library/Developer/XcodeBuildMCP/workspaces/orchestrator-309442864093/DerivedData/SpeakLocalNative-8f3e721625a0/Logs/Test/Test-SpeakLocalNative-2026.06.01_03-39-44-+0700.xcresult

** TEST EXECUTE SUCCEEDED **

Testing started

2026-06-01 03:39:45.772 xcodebuild[65384:7286023] [MT] IDELaunchParametersSnapshot: The operation couldn’t be completed. (DebuggerLLDB.DebuggerVersionStore.StoreError error 0.)
2026-06-01 03:39:45.772 xcodebuild[65384:7286023] [MT] IDELaunchParametersSnapshot: no debugger version
2026-06-01 03:39:55.962 xcodebuild[65384:7286023] [MT] IDELaunchParametersSnapshot: The operation couldn’t be completed. (DebuggerLLDB.DebuggerVersionStore.StoreError error 0.)
2026-06-01 03:39:55.962 xcodebuild[65384:7286023] [MT] IDELaunchParametersSnapshot: no debugger version
2026-06-01 03:40:00.897 xcodebuild[65384:7286023] [MT] IDETestOperationsObserverDebug: 16.374 elapsed -- Testing started completed.
2026-06-01 03:40:00.897 xcodebuild[65384:7286023] [MT] IDETestOperationsObserverDebug: 0.000 sec, +0.000 sec -- start
2026-06-01 03:40:00.897 xcodebuild[65384:7286023] [MT] IDETestOperationsObserverDebug: 16.374 sec, +16.374 sec -- end
