Command line invocation:
    /Applications/Xcode.app/Contents/Developer/usr/bin/xcodebuild test-without-building -project /Users/jojolim/Developer/products/speaklocal/app-family/.worktrees/city-listings-production-ready/native-ios/SpeakLocalNative.xcodeproj -scheme SpeakLocalNative -destination "platform=iOS Simulator,id=7C386DD3-4BF1-4A34-A918-768C43CD1258" -derivedDataPath /Users/jojolim/Library/Developer/XcodeBuildMCP/workspaces/orchestrator-309442864093/DerivedData/SpeakLocalNative-8f3e721625a0 "-only-testing:SpeakLocalNativeUITests/CityAppDetailV22RenderProofUITests/testCaptureCityAppDetailV22RenderProofBatch"

2026-06-01 06:00:17.676712+0700 SpeakLocalNativeUITests-Runner[41518:7880557] [Default] Running tests...
    t =      nans Interface orientation changed to Portrait
Test Suite 'Selected tests' started at 2026-06-01 06:00:18.069.
Test Suite 'SpeakLocalNativeUITests.xctest' started at 2026-06-01 06:00:18.070.
Test Suite 'CityAppDetailV22RenderProofUITests' started at 2026-06-01 06:00:18.070.
Test Case '-[SpeakLocalNativeUITests.CityAppDetailV22RenderProofUITests testCaptureCityAppDetailV22RenderProofBatch]' started.
    t =     0.00s Start Test at 2026-06-01 06:00:18.070
    t =     0.02s Set Up
    t =     0.02s Open app.speaklocal.vietnam.native
    t =     0.02s     Launch app.speaklocal.vietnam.native
objc[41518]: Class UIAccessibilityLoaderWebShared is implemented in both /Library/Developer/CoreSimulator/Volumes/iOS_23F77/Library/Developer/CoreSimulator/Profiles/Runtimes/iOS 26.5.simruntime/Contents/Resources/RuntimeRoot/System/Library/AccessibilityBundles/WebCore.axbundle/WebCore (0x10840c310) and /Library/Developer/CoreSimulator/Volumes/iOS_23F77/Library/Developer/CoreSimulator/Profiles/Runtimes/iOS 26.5.simruntime/Contents/Resources/RuntimeRoot/System/Library/AccessibilityBundles/WebKit.axbundle/WebKit (0x107c68398). This may cause spurious casting failures and mysterious crashes. One of the duplicates must be removed or renamed.
    t =     1.90s         Setting up automation session
    t =     2.39s         Wait for app.speaklocal.vietnam.native to idle
    t =     3.89s Checking existence of `"Chả cá ở Hà Nội" StaticText`
    t =     4.03s Waiting 8.0s for "Chả cá ở Hà Nội" StaticText to exist
    t =     5.10s     Checking `Expect predicate `existsNoRetry == 1` for object "Chả cá ở Hà Nội" StaticText`
    t =     5.10s         Checking existence of `"Chả cá ở Hà Nội" StaticText`
    t =     5.26s Swipe up Target Application 'app.speaklocal.vietnam.native'
    t =     5.27s     Wait for app.speaklocal.vietnam.native to idle
    t =     5.27s     Find the Target Application 'app.speaklocal.vietnam.native'
    t =     5.28s     Check for interrupting elements affecting "SpeakLocal Vietnam" Application
    t =     5.30s     Synthesize event
    t =     5.72s     Wait for app.speaklocal.vietnam.native to idle
    t =     7.82s Swipe up Target Application 'app.speaklocal.vietnam.native'
    t =     7.82s     Wait for app.speaklocal.vietnam.native to idle
    t =     7.83s     Find the Target Application 'app.speaklocal.vietnam.native'
    t =     7.85s     Check for interrupting elements affecting "SpeakLocal Vietnam" Application
    t =     7.88s     Synthesize event
    t =     8.29s     Wait for app.speaklocal.vietnam.native to idle
    t =     9.04s Terminate app.speaklocal.vietnam.native:41599
    t =    10.14s Open app.speaklocal.vietnam.native
    t =    10.14s     Launch app.speaklocal.vietnam.native
    t =    10.35s         Setting up automation session
    t =    10.80s         Wait for app.speaklocal.vietnam.native to idle
    t =    12.28s Waiting 4.0s for TabBar (First Match) to exist
    t =    13.35s     Checking `Expect predicate `existsNoRetry == 1` for object TabBar (First Match)`
    t =    13.35s         Checking existence of `TabBar (First Match)`
    t =    13.40s Checking existence of `"PhraseArticle.BottomSentinel.viet-family-city-hanoi-place-cha-ca" Other`
    t =    13.48s Checking existence of `"PhraseArticle.BottomSentinel.viet-phrase-city-hanoi-place-cha-ca" Other`
    t =    13.50s Find the "PhraseArticle.BottomSentinel.viet-phrase-city-hanoi-place-cha-ca" Other
    t =    13.53s Checking existence of `TabBar (First Match)`
    t =    13.53s Find the TabBar (First Match)
    t =    13.54s Find the Target Application 'app.speaklocal.vietnam.native'
    t =    13.63s Terminate app.speaklocal.vietnam.native:41689
    t =    14.72s Tear Down
Test Case '-[SpeakLocalNativeUITests.CityAppDetailV22RenderProofUITests testCaptureCityAppDetailV22RenderProofBatch]' passed (14.810 seconds).
Test Suite 'CityAppDetailV22RenderProofUITests' passed at 2026-06-01 06:00:32.882.
	 Executed 1 test, with 0 failures (0 unexpected) in 14.810 (14.812) seconds
Test Suite 'SpeakLocalNativeUITests.xctest' passed at 2026-06-01 06:00:32.883.
	 Executed 1 test, with 0 failures (0 unexpected) in 14.810 (14.813) seconds
Test Suite 'Selected tests' passed at 2026-06-01 06:00:32.883.
	 Executed 1 test, with 0 failures (0 unexpected) in 14.810 (14.814) seconds

Test session results, code coverage, and logs:
	/Users/jojolim/Library/Developer/XcodeBuildMCP/workspaces/orchestrator-309442864093/DerivedData/SpeakLocalNative-8f3e721625a0/Logs/Test/Test-SpeakLocalNative-2026.06.01_06-00-16-+0700.xcresult

** TEST EXECUTE SUCCEEDED **

Testing started

2026-06-01 06:00:18.129 xcodebuild[41514:7880384] [MT] IDELaunchParametersSnapshot: The operation couldn’t be completed. (DebuggerLLDB.DebuggerVersionStore.StoreError error 0.)
2026-06-01 06:00:18.129 xcodebuild[41514:7880384] [MT] IDELaunchParametersSnapshot: no debugger version
2026-06-01 06:00:28.210 xcodebuild[41514:7880384] [MT] IDELaunchParametersSnapshot: The operation couldn’t be completed. (DebuggerLLDB.DebuggerVersionStore.StoreError error 0.)
2026-06-01 06:00:28.210 xcodebuild[41514:7880384] [MT] IDELaunchParametersSnapshot: no debugger version
2026-06-01 06:00:33.187 xcodebuild[41514:7880384] [MT] IDETestOperationsObserverDebug: 16.294 elapsed -- Testing started completed.
2026-06-01 06:00:33.187 xcodebuild[41514:7880384] [MT] IDETestOperationsObserverDebug: 0.000 sec, +0.000 sec -- start
2026-06-01 06:00:33.187 xcodebuild[41514:7880384] [MT] IDETestOperationsObserverDebug: 16.294 sec, +16.294 sec -- end
