Command line invocation:
    /Applications/Xcode.app/Contents/Developer/usr/bin/xcodebuild test-without-building -project /Users/jojolim/Developer/products/speaklocal/app-family/.worktrees/city-listings-production-ready/native-ios/SpeakLocalNative.xcodeproj -scheme SpeakLocalNative -destination "platform=iOS Simulator,id=7C386DD3-4BF1-4A34-A918-768C43CD1258" -derivedDataPath /Users/jojolim/Library/Developer/XcodeBuildMCP/workspaces/orchestrator-309442864093/DerivedData/SpeakLocalNative-8f3e721625a0 "-only-testing:SpeakLocalNativeUITests/CityAppDetailV22RenderProofUITests/testCaptureCityAppDetailV22RenderProofBatch"

2026-06-01 08:30:46.476962+0700 SpeakLocalNativeUITests-Runner[35559:8523910] [Default] Running tests...
    t =      nans Interface orientation changed to Portrait
Test Suite 'Selected tests' started at 2026-06-01 08:30:46.844.
Test Suite 'SpeakLocalNativeUITests.xctest' started at 2026-06-01 08:30:46.844.
Test Suite 'CityAppDetailV22RenderProofUITests' started at 2026-06-01 08:30:46.844.
Test Case '-[SpeakLocalNativeUITests.CityAppDetailV22RenderProofUITests testCaptureCityAppDetailV22RenderProofBatch]' started.
    t =     0.00s Start Test at 2026-06-01 08:30:46.844
    t =     0.02s Set Up
    t =     0.02s Open app.speaklocal.vietnam.native
    t =     0.02s     Launch app.speaklocal.vietnam.native
objc[35559]: Class UIAccessibilityLoaderWebShared is implemented in both /Library/Developer/CoreSimulator/Volumes/iOS_23F77/Library/Developer/CoreSimulator/Profiles/Runtimes/iOS 26.5.simruntime/Contents/Resources/RuntimeRoot/System/Library/AccessibilityBundles/WebCore.axbundle/WebCore (0x10a670310) and /Library/Developer/CoreSimulator/Volumes/iOS_23F77/Library/Developer/CoreSimulator/Profiles/Runtimes/iOS 26.5.simruntime/Contents/Resources/RuntimeRoot/System/Library/AccessibilityBundles/WebKit.axbundle/WebKit (0x10a388398). This may cause spurious casting failures and mysterious crashes. One of the duplicates must be removed or renamed.
    t =     1.88s         Setting up automation session
    t =     2.32s         Wait for app.speaklocal.vietnam.native to idle
    t =     3.82s Checking existence of `"Xưởng gốm Thanh Hà" StaticText`
    t =     3.96s Waiting 8.0s for "Xưởng gốm Thanh Hà" StaticText to exist
    t =     5.02s     Checking `Expect predicate `existsNoRetry == 1` for object "Xưởng gốm Thanh Hà" StaticText`
    t =     5.02s         Checking existence of `"Xưởng gốm Thanh Hà" StaticText`
    t =     5.15s Swipe up Target Application 'app.speaklocal.vietnam.native'
    t =     5.15s     Wait for app.speaklocal.vietnam.native to idle
    t =     5.15s     Find the Target Application 'app.speaklocal.vietnam.native'
    t =     5.16s     Check for interrupting elements affecting "SpeakLocal Vietnam" Application
    t =     5.18s     Synthesize event
    t =     5.61s     Wait for app.speaklocal.vietnam.native to idle
    t =     7.74s Swipe up Target Application 'app.speaklocal.vietnam.native'
    t =     7.74s     Wait for app.speaklocal.vietnam.native to idle
    t =     7.75s     Find the Target Application 'app.speaklocal.vietnam.native'
    t =     7.77s     Check for interrupting elements affecting "SpeakLocal Vietnam" Application
    t =     7.79s     Synthesize event
    t =     8.22s     Wait for app.speaklocal.vietnam.native to idle
    t =     8.92s Terminate app.speaklocal.vietnam.native:35564
    t =     9.98s Open app.speaklocal.vietnam.native
    t =     9.98s     Launch app.speaklocal.vietnam.native
    t =    10.19s         Setting up automation session
    t =    10.68s         Wait for app.speaklocal.vietnam.native to idle
    t =    12.16s Waiting 4.0s for TabBar (First Match) to exist
    t =    13.17s     Checking `Expect predicate `existsNoRetry == 1` for object TabBar (First Match)`
    t =    13.17s         Checking existence of `TabBar (First Match)`
    t =    13.23s Checking existence of `"PhraseArticle.BottomSentinel.viet-family-city-hoian-place-pottery-workshop" Other`
    t =    13.32s Checking existence of `"PhraseArticle.BottomSentinel.viet-phrase-city-hoian-place-pottery-workshop" Other`
    t =    13.34s Find the "PhraseArticle.BottomSentinel.viet-phrase-city-hoian-place-pottery-workshop" Other
    t =    13.36s Checking existence of `TabBar (First Match)`
    t =    13.37s Find the TabBar (First Match)
    t =    13.38s Find the Target Application 'app.speaklocal.vietnam.native'
    t =    13.47s Terminate app.speaklocal.vietnam.native:35793
    t =    14.54s Tear Down
Test Case '-[SpeakLocalNativeUITests.CityAppDetailV22RenderProofUITests testCaptureCityAppDetailV22RenderProofBatch]' passed (14.587 seconds).
Test Suite 'CityAppDetailV22RenderProofUITests' passed at 2026-06-01 08:31:01.432.
	 Executed 1 test, with 0 failures (0 unexpected) in 14.587 (14.588) seconds
Test Suite 'SpeakLocalNativeUITests.xctest' passed at 2026-06-01 08:31:01.433.
	 Executed 1 test, with 0 failures (0 unexpected) in 14.587 (14.589) seconds
Test Suite 'Selected tests' passed at 2026-06-01 08:31:01.434.
	 Executed 1 test, with 0 failures (0 unexpected) in 14.587 (14.590) seconds

Test session results, code coverage, and logs:
	/Users/jojolim/Library/Developer/XcodeBuildMCP/workspaces/orchestrator-309442864093/DerivedData/SpeakLocalNative-8f3e721625a0/Logs/Test/Test-SpeakLocalNative-2026.06.01_08-30-45-+0700.xcresult

** TEST EXECUTE SUCCEEDED **

Testing started

2026-06-01 08:30:46.903 xcodebuild[35556:8523757] [MT] IDELaunchParametersSnapshot: The operation couldn’t be completed. (DebuggerLLDB.DebuggerVersionStore.StoreError error 0.)
2026-06-01 08:30:46.903 xcodebuild[35556:8523757] [MT] IDELaunchParametersSnapshot: no debugger version
2026-06-01 08:30:56.824 xcodebuild[35556:8523757] [MT] IDELaunchParametersSnapshot: The operation couldn’t be completed. (DebuggerLLDB.DebuggerVersionStore.StoreError error 0.)
2026-06-01 08:30:56.824 xcodebuild[35556:8523757] [MT] IDELaunchParametersSnapshot: no debugger version
2026-06-01 08:31:01.731 xcodebuild[35556:8523757] [MT] IDETestOperationsObserverDebug: 16.063 elapsed -- Testing started completed.
2026-06-01 08:31:01.731 xcodebuild[35556:8523757] [MT] IDETestOperationsObserverDebug: 0.000 sec, +0.000 sec -- start
2026-06-01 08:31:01.731 xcodebuild[35556:8523757] [MT] IDETestOperationsObserverDebug: 16.063 sec, +16.063 sec -- end
