Command line invocation:
    /Applications/Xcode.app/Contents/Developer/usr/bin/xcodebuild test-without-building -project /Users/jojolim/Developer/products/speaklocal/app-family/.worktrees/city-listings-production-ready/native-ios/SpeakLocalNative.xcodeproj -scheme SpeakLocalNative -destination "platform=iOS Simulator,id=7C386DD3-4BF1-4A34-A918-768C43CD1258" -derivedDataPath /Users/jojolim/Library/Developer/XcodeBuildMCP/workspaces/orchestrator-309442864093/DerivedData/SpeakLocalNative-8f3e721625a0 "-only-testing:SpeakLocalNativeUITests/CityAppDetailV22RenderProofUITests/testCaptureCityAppDetailV22RenderProofBatch"

2026-06-01 03:51:57.383979+0700 SpeakLocalNativeUITests-Runner[80427:7337561] [Default] Running tests...
    t =      nans Interface orientation changed to Portrait
Test Suite 'Selected tests' started at 2026-06-01 03:51:57.755.
Test Suite 'SpeakLocalNativeUITests.xctest' started at 2026-06-01 03:51:57.755.
Test Suite 'CityAppDetailV22RenderProofUITests' started at 2026-06-01 03:51:57.755.
Test Case '-[SpeakLocalNativeUITests.CityAppDetailV22RenderProofUITests testCaptureCityAppDetailV22RenderProofBatch]' started.
    t =     0.00s Start Test at 2026-06-01 03:51:57.756
    t =     0.02s Set Up
    t =     0.02s Open app.speaklocal.vietnam.native
    t =     0.02s     Launch app.speaklocal.vietnam.native
objc[80427]: Class UIAccessibilityLoaderWebShared is implemented in both /Library/Developer/CoreSimulator/Volumes/iOS_23F77/Library/Developer/CoreSimulator/Profiles/Runtimes/iOS 26.5.simruntime/Contents/Resources/RuntimeRoot/System/Library/AccessibilityBundles/WebCore.axbundle/WebCore (0x10ad2c310) and /Library/Developer/CoreSimulator/Volumes/iOS_23F77/Library/Developer/CoreSimulator/Profiles/Runtimes/iOS 26.5.simruntime/Contents/Resources/RuntimeRoot/System/Library/AccessibilityBundles/WebKit.axbundle/WebKit (0x10a1b0398). This may cause spurious casting failures and mysterious crashes. One of the duplicates must be removed or renamed.
    t =     2.09s         Setting up automation session
    t =     2.50s         Wait for app.speaklocal.vietnam.native to idle
    t =     3.99s Checking existence of `"Bảo tàng Hồ Chí Minh" StaticText`
    t =     4.17s Waiting 8.0s for "Bảo tàng Hồ Chí Minh" StaticText to exist
    t =     5.20s     Checking `Expect predicate `existsNoRetry == 1` for object "Bảo tàng Hồ Chí Minh" StaticText`
    t =     5.20s         Checking existence of `"Bảo tàng Hồ Chí Minh" StaticText`
    t =     5.36s Swipe up Target Application 'app.speaklocal.vietnam.native'
    t =     5.36s     Wait for app.speaklocal.vietnam.native to idle
    t =     5.36s     Find the Target Application 'app.speaklocal.vietnam.native'
    t =     5.37s     Check for interrupting elements affecting "SpeakLocal Vietnam" Application
    t =     5.39s     Synthesize event
    t =     5.81s     Wait for app.speaklocal.vietnam.native to idle
    t =     7.91s Swipe up Target Application 'app.speaklocal.vietnam.native'
    t =     7.91s     Wait for app.speaklocal.vietnam.native to idle
    t =     7.95s     Find the Target Application 'app.speaklocal.vietnam.native'
    t =     7.97s     Check for interrupting elements affecting "SpeakLocal Vietnam" Application
    t =     7.99s     Synthesize event
    t =     8.41s     Wait for app.speaklocal.vietnam.native to idle
    t =     9.25s Terminate app.speaklocal.vietnam.native:80509
    t =    10.31s Open app.speaklocal.vietnam.native
    t =    10.31s     Launch app.speaklocal.vietnam.native
    t =    10.52s         Setting up automation session
    t =    11.04s         Wait for app.speaklocal.vietnam.native to idle
    t =    12.54s Waiting 4.0s for TabBar (First Match) to exist
    t =    13.57s     Checking `Expect predicate `existsNoRetry == 1` for object TabBar (First Match)`
    t =    13.58s         Checking existence of `TabBar (First Match)`
    t =    13.64s Checking existence of `"PhraseArticle.BottomSentinel.viet-family-city-hanoi-place-ho-chi-minh-museum" Other`
    t =    13.73s Checking existence of `"PhraseArticle.BottomSentinel.viet-phrase-city-hanoi-place-ho-chi-minh-museum" Other`
    t =    13.75s Find the "PhraseArticle.BottomSentinel.viet-phrase-city-hanoi-place-ho-chi-minh-museum" Other
    t =    13.78s Checking existence of `TabBar (First Match)`
    t =    13.78s Find the TabBar (First Match)
    t =    13.79s Find the Target Application 'app.speaklocal.vietnam.native'
    t =    13.91s Terminate app.speaklocal.vietnam.native:80626
    t =    14.96s Tear Down
Test Case '-[SpeakLocalNativeUITests.CityAppDetailV22RenderProofUITests testCaptureCityAppDetailV22RenderProofBatch]' passed (15.009 seconds).
Test Suite 'CityAppDetailV22RenderProofUITests' passed at 2026-06-01 03:52:12.766.
	 Executed 1 test, with 0 failures (0 unexpected) in 15.009 (15.011) seconds
Test Suite 'SpeakLocalNativeUITests.xctest' passed at 2026-06-01 03:52:12.766.
	 Executed 1 test, with 0 failures (0 unexpected) in 15.009 (15.011) seconds
Test Suite 'Selected tests' passed at 2026-06-01 03:52:12.767.
	 Executed 1 test, with 0 failures (0 unexpected) in 15.009 (15.013) seconds

Test session results, code coverage, and logs:
	/Users/jojolim/Library/Developer/XcodeBuildMCP/workspaces/orchestrator-309442864093/DerivedData/SpeakLocalNative-8f3e721625a0/Logs/Test/Test-SpeakLocalNative-2026.06.01_03-51-56-+0700.xcresult

** TEST EXECUTE SUCCEEDED **

Testing started

2026-06-01 03:51:57.818 xcodebuild[80423:7337373] [MT] IDELaunchParametersSnapshot: The operation couldn’t be completed. (DebuggerLLDB.DebuggerVersionStore.StoreError error 0.)
2026-06-01 03:51:57.818 xcodebuild[80423:7337373] [MT] IDELaunchParametersSnapshot: no debugger version
2026-06-01 03:52:08.069 xcodebuild[80423:7337373] [MT] IDELaunchParametersSnapshot: The operation couldn’t be completed. (DebuggerLLDB.DebuggerVersionStore.StoreError error 0.)
2026-06-01 03:52:08.069 xcodebuild[80423:7337373] [MT] IDELaunchParametersSnapshot: no debugger version
2026-06-01 03:52:13.075 xcodebuild[80423:7337373] [MT] IDETestOperationsObserverDebug: 16.497 elapsed -- Testing started completed.
2026-06-01 03:52:13.075 xcodebuild[80423:7337373] [MT] IDETestOperationsObserverDebug: 0.000 sec, +0.000 sec -- start
2026-06-01 03:52:13.075 xcodebuild[80423:7337373] [MT] IDETestOperationsObserverDebug: 16.497 sec, +16.497 sec -- end
