Command line invocation:
    /Applications/Xcode.app/Contents/Developer/usr/bin/xcodebuild test-without-building -project /Users/jojolim/Developer/products/speaklocal/app-family/.worktrees/city-listings-production-ready/native-ios/SpeakLocalNative.xcodeproj -scheme SpeakLocalNative -destination "platform=iOS Simulator,id=7C386DD3-4BF1-4A34-A918-768C43CD1258" -derivedDataPath /Users/jojolim/Library/Developer/XcodeBuildMCP/workspaces/orchestrator-309442864093/DerivedData/SpeakLocalNative-8f3e721625a0 "-only-testing:SpeakLocalNativeUITests/CityAppDetailV22RenderProofUITests/testCaptureCityAppDetailV22RenderProofBatch"

2026-06-01 08:21:17.780400+0700 SpeakLocalNativeUITests-Runner[27672:8482365] [Default] Running tests...
    t =      nans Interface orientation changed to Portrait
Test Suite 'Selected tests' started at 2026-06-01 08:21:18.153.
Test Suite 'SpeakLocalNativeUITests.xctest' started at 2026-06-01 08:21:18.153.
Test Suite 'CityAppDetailV22RenderProofUITests' started at 2026-06-01 08:21:18.153.
Test Case '-[SpeakLocalNativeUITests.CityAppDetailV22RenderProofUITests testCaptureCityAppDetailV22RenderProofBatch]' started.
    t =     0.00s Start Test at 2026-06-01 08:21:18.154
    t =     0.02s Set Up
    t =     0.02s Open app.speaklocal.vietnam.native
    t =     0.02s     Launch app.speaklocal.vietnam.native
objc[27672]: Class UIAccessibilityLoaderWebShared is implemented in both /Library/Developer/CoreSimulator/Volumes/iOS_23F77/Library/Developer/CoreSimulator/Profiles/Runtimes/iOS 26.5.simruntime/Contents/Resources/RuntimeRoot/System/Library/AccessibilityBundles/WebCore.axbundle/WebCore (0x108644310) and /Library/Developer/CoreSimulator/Volumes/iOS_23F77/Library/Developer/CoreSimulator/Profiles/Runtimes/iOS 26.5.simruntime/Contents/Resources/RuntimeRoot/System/Library/AccessibilityBundles/WebKit.axbundle/WebKit (0x107b18398). This may cause spurious casting failures and mysterious crashes. One of the duplicates must be removed or renamed.
    t =     1.90s         Setting up automation session
    t =     2.42s         Wait for app.speaklocal.vietnam.native to idle
    t =     3.92s Checking existence of `"Cao Lầu Thanh" StaticText`
    t =     4.10s Waiting 8.0s for "Cao Lầu Thanh" StaticText to exist
    t =     5.16s     Checking `Expect predicate `existsNoRetry == 1` for object "Cao Lầu Thanh" StaticText`
    t =     5.16s         Checking existence of `"Cao Lầu Thanh" StaticText`
    t =     5.31s Swipe up Target Application 'app.speaklocal.vietnam.native'
    t =     5.31s     Wait for app.speaklocal.vietnam.native to idle
    t =     5.31s     Find the Target Application 'app.speaklocal.vietnam.native'
    t =     5.32s     Check for interrupting elements affecting "SpeakLocal Vietnam" Application
    t =     5.34s     Synthesize event
    t =     5.76s     Wait for app.speaklocal.vietnam.native to idle
    t =     7.88s Swipe up Target Application 'app.speaklocal.vietnam.native'
    t =     7.88s     Wait for app.speaklocal.vietnam.native to idle
    t =     8.02s     Find the Target Application 'app.speaklocal.vietnam.native'
    t =     8.05s     Check for interrupting elements affecting "SpeakLocal Vietnam" Application
    t =     8.08s     Synthesize event
    t =     8.50s     Wait for app.speaklocal.vietnam.native to idle
    t =    10.75s Terminate app.speaklocal.vietnam.native:27753
    t =    11.79s Open app.speaklocal.vietnam.native
    t =    11.79s     Launch app.speaklocal.vietnam.native
    t =    12.00s         Setting up automation session
    t =    12.50s         Wait for app.speaklocal.vietnam.native to idle
    t =    14.07s Waiting 4.0s for TabBar (First Match) to exist
    t =    15.12s     Checking `Expect predicate `existsNoRetry == 1` for object TabBar (First Match)`
    t =    15.12s         Checking existence of `TabBar (First Match)`
    t =    15.17s Checking existence of `"PhraseArticle.BottomSentinel.viet-family-city-hoian-place-cao-lau-thanh" Other`
    t =    15.26s Checking existence of `"PhraseArticle.BottomSentinel.viet-phrase-city-hoian-place-cao-lau-thanh" Other`
    t =    15.29s Find the "PhraseArticle.BottomSentinel.viet-phrase-city-hoian-place-cao-lau-thanh" Other
    t =    15.31s Checking existence of `TabBar (First Match)`
    t =    15.32s Find the TabBar (First Match)
    t =    15.33s Find the Target Application 'app.speaklocal.vietnam.native'
    t =    15.44s Terminate app.speaklocal.vietnam.native:27845
    t =    16.50s Tear Down
Test Case '-[SpeakLocalNativeUITests.CityAppDetailV22RenderProofUITests testCaptureCityAppDetailV22RenderProofBatch]' passed (16.563 seconds).
Test Suite 'CityAppDetailV22RenderProofUITests' passed at 2026-06-01 08:21:34.717.
	 Executed 1 test, with 0 failures (0 unexpected) in 16.563 (16.564) seconds
Test Suite 'SpeakLocalNativeUITests.xctest' passed at 2026-06-01 08:21:34.718.
	 Executed 1 test, with 0 failures (0 unexpected) in 16.563 (16.565) seconds
Test Suite 'Selected tests' passed at 2026-06-01 08:21:34.718.
	 Executed 1 test, with 0 failures (0 unexpected) in 16.563 (16.565) seconds

Test session results, code coverage, and logs:
	/Users/jojolim/Library/Developer/XcodeBuildMCP/workspaces/orchestrator-309442864093/DerivedData/SpeakLocalNative-8f3e721625a0/Logs/Test/Test-SpeakLocalNative-2026.06.01_08-21-16-+0700.xcresult

** TEST EXECUTE SUCCEEDED **

Testing started

2026-06-01 08:21:18.218 xcodebuild[27670:8482143] [MT] IDELaunchParametersSnapshot: The operation couldn’t be completed. (DebuggerLLDB.DebuggerVersionStore.StoreError error 0.)
2026-06-01 08:21:18.218 xcodebuild[27670:8482143] [MT] IDELaunchParametersSnapshot: no debugger version
2026-06-01 08:21:29.949 xcodebuild[27670:8482143] [MT] IDELaunchParametersSnapshot: The operation couldn’t be completed. (DebuggerLLDB.DebuggerVersionStore.StoreError error 0.)
2026-06-01 08:21:29.950 xcodebuild[27670:8482143] [MT] IDELaunchParametersSnapshot: no debugger version
2026-06-01 08:21:35.009 xcodebuild[27670:8482143] [MT] IDETestOperationsObserverDebug: 18.050 elapsed -- Testing started completed.
2026-06-01 08:21:35.009 xcodebuild[27670:8482143] [MT] IDETestOperationsObserverDebug: 0.000 sec, +0.000 sec -- start
2026-06-01 08:21:35.009 xcodebuild[27670:8482143] [MT] IDETestOperationsObserverDebug: 18.050 sec, +18.050 sec -- end
