Command line invocation:
    /Applications/Xcode.app/Contents/Developer/usr/bin/xcodebuild test-without-building -project /Users/jojolim/Developer/products/speaklocal/app-family/.worktrees/city-listings-production-ready/native-ios/SpeakLocalNative.xcodeproj -scheme SpeakLocalNative -destination "platform=iOS Simulator,id=7C386DD3-4BF1-4A34-A918-768C43CD1258" -derivedDataPath /Users/jojolim/Library/Developer/XcodeBuildMCP/workspaces/orchestrator-309442864093/DerivedData/SpeakLocalNative-8f3e721625a0 "-only-testing:SpeakLocalNativeUITests/CityAppDetailV22RenderProofUITests/testCaptureCityAppDetailV22RenderProofBatch"

2026-06-01 05:02:37.704868+0700 SpeakLocalNativeUITests-Runner[62868:7641041] [Default] Running tests...
    t =      nans Interface orientation changed to Portrait
Test Suite 'Selected tests' started at 2026-06-01 05:02:38.078.
Test Suite 'SpeakLocalNativeUITests.xctest' started at 2026-06-01 05:02:38.078.
Test Suite 'CityAppDetailV22RenderProofUITests' started at 2026-06-01 05:02:38.078.
Test Case '-[SpeakLocalNativeUITests.CityAppDetailV22RenderProofUITests testCaptureCityAppDetailV22RenderProofBatch]' started.
    t =     0.00s Start Test at 2026-06-01 05:02:38.079
    t =     0.01s Set Up
    t =     0.02s Open app.speaklocal.vietnam.native
    t =     0.02s     Launch app.speaklocal.vietnam.native
objc[62868]: Class UIAccessibilityLoaderWebShared is implemented in both /Library/Developer/CoreSimulator/Volumes/iOS_23F77/Library/Developer/CoreSimulator/Profiles/Runtimes/iOS 26.5.simruntime/Contents/Resources/RuntimeRoot/System/Library/AccessibilityBundles/WebCore.axbundle/WebCore (0x1086f8310) and /Library/Developer/CoreSimulator/Volumes/iOS_23F77/Library/Developer/CoreSimulator/Profiles/Runtimes/iOS 26.5.simruntime/Contents/Resources/RuntimeRoot/System/Library/AccessibilityBundles/WebKit.axbundle/WebKit (0x108410398). This may cause spurious casting failures and mysterious crashes. One of the duplicates must be removed or renamed.
    t =     1.69s         Setting up automation session
    t =     2.25s         Wait for app.speaklocal.vietnam.native to idle
    t =     3.71s Checking existence of `"Công viên Tao Đàn" StaticText`
    t =     3.85s Waiting 8.0s for "Công viên Tao Đàn" StaticText to exist
    t =     4.92s     Checking `Expect predicate `existsNoRetry == 1` for object "Công viên Tao Đàn" StaticText`
    t =     4.92s         Checking existence of `"Công viên Tao Đàn" StaticText`
    t =     5.10s Swipe up Target Application 'app.speaklocal.vietnam.native'
    t =     5.10s     Wait for app.speaklocal.vietnam.native to idle
    t =     5.10s     Find the Target Application 'app.speaklocal.vietnam.native'
    t =     5.12s     Check for interrupting elements affecting "SpeakLocal Vietnam" Application
    t =     5.14s     Synthesize event
    t =     5.56s     Wait for app.speaklocal.vietnam.native to idle
    t =     7.67s Swipe up Target Application 'app.speaklocal.vietnam.native'
    t =     7.67s     Wait for app.speaklocal.vietnam.native to idle
    t =     7.67s     Find the Target Application 'app.speaklocal.vietnam.native'
    t =     7.69s     Check for interrupting elements affecting "SpeakLocal Vietnam" Application
    t =     7.71s     Synthesize event
    t =     8.13s     Wait for app.speaklocal.vietnam.native to idle
    t =     8.96s Terminate app.speaklocal.vietnam.native:62943
    t =    10.06s Open app.speaklocal.vietnam.native
    t =    10.06s     Launch app.speaklocal.vietnam.native
    t =    10.27s         Setting up automation session
    t =    10.73s         Wait for app.speaklocal.vietnam.native to idle
    t =    12.22s Waiting 4.0s for TabBar (First Match) to exist
    t =    13.30s     Checking `Expect predicate `existsNoRetry == 1` for object TabBar (First Match)`
    t =    13.30s         Checking existence of `TabBar (First Match)`
    t =    13.35s Checking existence of `"PhraseArticle.BottomSentinel.viet-family-city-hcmc-place-tao-dan-park" Other`
    t =    13.44s Checking existence of `"PhraseArticle.BottomSentinel.viet-phrase-city-hcmc-place-tao-dan-park" Other`
    t =    13.46s Find the "PhraseArticle.BottomSentinel.viet-phrase-city-hcmc-place-tao-dan-park" Other
    t =    13.48s Checking existence of `TabBar (First Match)`
    t =    13.49s Find the TabBar (First Match)
    t =    13.50s Find the Target Application 'app.speaklocal.vietnam.native'
    t =    13.60s Terminate app.speaklocal.vietnam.native:63037
    t =    14.69s Tear Down
Test Case '-[SpeakLocalNativeUITests.CityAppDetailV22RenderProofUITests testCaptureCityAppDetailV22RenderProofBatch]' passed (14.750 seconds).
Test Suite 'CityAppDetailV22RenderProofUITests' passed at 2026-06-01 05:02:52.829.
	 Executed 1 test, with 0 failures (0 unexpected) in 14.750 (14.751) seconds
Test Suite 'SpeakLocalNativeUITests.xctest' passed at 2026-06-01 05:02:52.830.
	 Executed 1 test, with 0 failures (0 unexpected) in 14.750 (14.752) seconds
Test Suite 'Selected tests' passed at 2026-06-01 05:02:52.831.
	 Executed 1 test, with 0 failures (0 unexpected) in 14.750 (14.753) seconds

Test session results, code coverage, and logs:
	/Users/jojolim/Library/Developer/XcodeBuildMCP/workspaces/orchestrator-309442864093/DerivedData/SpeakLocalNative-8f3e721625a0/Logs/Test/Test-SpeakLocalNative-2026.06.01_05-02-36-+0700.xcresult

** TEST EXECUTE SUCCEEDED **

Testing started

2026-06-01 05:02:38.137 xcodebuild[62863:7640868] [MT] IDELaunchParametersSnapshot: The operation couldn’t be completed. (DebuggerLLDB.DebuggerVersionStore.StoreError error 0.)
2026-06-01 05:02:38.137 xcodebuild[62863:7640868] [MT] IDELaunchParametersSnapshot: no debugger version
2026-06-01 05:02:48.139 xcodebuild[62863:7640868] [MT] IDELaunchParametersSnapshot: The operation couldn’t be completed. (DebuggerLLDB.DebuggerVersionStore.StoreError error 0.)
2026-06-01 05:02:48.139 xcodebuild[62863:7640868] [MT] IDELaunchParametersSnapshot: no debugger version
2026-06-01 05:02:53.140 xcodebuild[62863:7640868] [MT] IDETestOperationsObserverDebug: 16.222 elapsed -- Testing started completed.
2026-06-01 05:02:53.140 xcodebuild[62863:7640868] [MT] IDETestOperationsObserverDebug: 0.000 sec, +0.000 sec -- start
2026-06-01 05:02:53.140 xcodebuild[62863:7640868] [MT] IDETestOperationsObserverDebug: 16.222 sec, +16.222 sec -- end
