Command line invocation:
    /Applications/Xcode.app/Contents/Developer/usr/bin/xcodebuild test-without-building -project /Users/jojolim/Developer/products/speaklocal/app-family/.worktrees/city-listings-production-ready/native-ios/SpeakLocalNative.xcodeproj -scheme SpeakLocalNative -destination "platform=iOS Simulator,id=7C386DD3-4BF1-4A34-A918-768C43CD1258" -derivedDataPath /Users/jojolim/Library/Developer/XcodeBuildMCP/workspaces/orchestrator-309442864093/DerivedData/SpeakLocalNative-8f3e721625a0 "-only-testing:SpeakLocalNativeUITests/CityAppDetailV22RenderProofUITests/testCaptureCityAppDetailV22RenderProofBatch"

2026-06-01 07:16:54.585442+0700 SpeakLocalNativeUITests-Runner[50422:8225665] [Default] Running tests...
    t =      nans Interface orientation changed to Portrait
Test Suite 'Selected tests' started at 2026-06-01 07:16:54.956.
Test Suite 'SpeakLocalNativeUITests.xctest' started at 2026-06-01 07:16:54.956.
Test Suite 'CityAppDetailV22RenderProofUITests' started at 2026-06-01 07:16:54.956.
Test Case '-[SpeakLocalNativeUITests.CityAppDetailV22RenderProofUITests testCaptureCityAppDetailV22RenderProofBatch]' started.
    t =     0.00s Start Test at 2026-06-01 07:16:54.957
    t =     0.02s Set Up
    t =     0.02s Open app.speaklocal.vietnam.native
    t =     0.02s     Launch app.speaklocal.vietnam.native
objc[50422]: Class UIAccessibilityLoaderWebShared is implemented in both /Library/Developer/CoreSimulator/Volumes/iOS_23F77/Library/Developer/CoreSimulator/Profiles/Runtimes/iOS 26.5.simruntime/Contents/Resources/RuntimeRoot/System/Library/AccessibilityBundles/WebCore.axbundle/WebCore (0x10b2b8310) and /Library/Developer/CoreSimulator/Volumes/iOS_23F77/Library/Developer/CoreSimulator/Profiles/Runtimes/iOS 26.5.simruntime/Contents/Resources/RuntimeRoot/System/Library/AccessibilityBundles/WebKit.axbundle/WebKit (0x10ab74398). This may cause spurious casting failures and mysterious crashes. One of the duplicates must be removed or renamed.
    t =     1.89s         Setting up automation session
    t =     2.50s         Wait for app.speaklocal.vietnam.native to idle
    t =     3.95s Checking existence of `"Chợ đêm phố cổ Hà Nội" StaticText`
    t =     4.09s Waiting 8.0s for "Chợ đêm phố cổ Hà Nội" StaticText to exist
    t =     5.13s     Checking `Expect predicate `existsNoRetry == 1` for object "Chợ đêm phố cổ Hà Nội" StaticText`
    t =     5.13s         Checking existence of `"Chợ đêm phố cổ Hà Nội" StaticText`
    t =     5.25s Swipe up Target Application 'app.speaklocal.vietnam.native'
    t =     5.25s     Wait for app.speaklocal.vietnam.native to idle
    t =     5.25s     Find the Target Application 'app.speaklocal.vietnam.native'
    t =     5.27s     Check for interrupting elements affecting "SpeakLocal Vietnam" Application
    t =     5.29s     Synthesize event
    t =     5.71s     Wait for app.speaklocal.vietnam.native to idle
    t =     7.81s Swipe up Target Application 'app.speaklocal.vietnam.native'
    t =     7.81s     Wait for app.speaklocal.vietnam.native to idle
    t =     7.82s     Find the Target Application 'app.speaklocal.vietnam.native'
    t =     7.84s     Check for interrupting elements affecting "SpeakLocal Vietnam" Application
    t =     7.87s     Synthesize event
    t =     8.30s     Wait for app.speaklocal.vietnam.native to idle
    t =     9.15s Terminate app.speaklocal.vietnam.native:50493
    t =    10.21s Open app.speaklocal.vietnam.native
    t =    10.22s     Launch app.speaklocal.vietnam.native
    t =    10.43s         Setting up automation session
    t =    10.93s         Wait for app.speaklocal.vietnam.native to idle
    t =    12.39s Waiting 4.0s for TabBar (First Match) to exist
    t =    13.44s     Checking `Expect predicate `existsNoRetry == 1` for object TabBar (First Match)`
    t =    13.45s         Checking existence of `TabBar (First Match)`
    t =    13.50s Checking existence of `"PhraseArticle.BottomSentinel.viet-family-city-hanoi-place-weekend-night-market" Other`
    t =    13.58s Checking existence of `"PhraseArticle.BottomSentinel.viet-phrase-city-hanoi-place-weekend-night-market" Other`
    t =    13.60s Find the "PhraseArticle.BottomSentinel.viet-phrase-city-hanoi-place-weekend-night-market" Other
    t =    13.62s Checking existence of `TabBar (First Match)`
    t =    13.63s Find the TabBar (First Match)
    t =    13.64s Find the Target Application 'app.speaklocal.vietnam.native'
    t =    13.73s Terminate app.speaklocal.vietnam.native:50590
    t =    14.80s Tear Down
Test Case '-[SpeakLocalNativeUITests.CityAppDetailV22RenderProofUITests testCaptureCityAppDetailV22RenderProofBatch]' passed (14.859 seconds).
Test Suite 'CityAppDetailV22RenderProofUITests' passed at 2026-06-01 07:17:09.817.
	 Executed 1 test, with 0 failures (0 unexpected) in 14.859 (14.860) seconds
Test Suite 'SpeakLocalNativeUITests.xctest' passed at 2026-06-01 07:17:09.817.
	 Executed 1 test, with 0 failures (0 unexpected) in 14.859 (14.861) seconds
Test Suite 'Selected tests' passed at 2026-06-01 07:17:09.818.
	 Executed 1 test, with 0 failures (0 unexpected) in 14.859 (14.862) seconds

Test session results, code coverage, and logs:
	/Users/jojolim/Library/Developer/XcodeBuildMCP/workspaces/orchestrator-309442864093/DerivedData/SpeakLocalNative-8f3e721625a0/Logs/Test/Test-SpeakLocalNative-2026.06.01_07-16-53-+0700.xcresult

** TEST EXECUTE SUCCEEDED **

Testing started

2026-06-01 07:16:55.020 xcodebuild[50412:8225455] [MT] IDELaunchParametersSnapshot: The operation couldn’t be completed. (DebuggerLLDB.DebuggerVersionStore.StoreError error 0.)
2026-06-01 07:16:55.021 xcodebuild[50412:8225455] [MT] IDELaunchParametersSnapshot: no debugger version
2026-06-01 07:17:05.175 xcodebuild[50412:8225455] [MT] IDELaunchParametersSnapshot: The operation couldn’t be completed. (DebuggerLLDB.DebuggerVersionStore.StoreError error 0.)
2026-06-01 07:17:05.175 xcodebuild[50412:8225455] [MT] IDELaunchParametersSnapshot: no debugger version
2026-06-01 07:17:10.123 xcodebuild[50412:8225455] [MT] IDETestOperationsObserverDebug: 16.342 elapsed -- Testing started completed.
2026-06-01 07:17:10.123 xcodebuild[50412:8225455] [MT] IDETestOperationsObserverDebug: 0.000 sec, +0.000 sec -- start
2026-06-01 07:17:10.123 xcodebuild[50412:8225455] [MT] IDETestOperationsObserverDebug: 16.342 sec, +16.342 sec -- end
