Command line invocation:
    /Applications/Xcode.app/Contents/Developer/usr/bin/xcodebuild test-without-building -project /Users/jojolim/Developer/products/speaklocal/app-family/.worktrees/city-listings-production-ready/native-ios/SpeakLocalNative.xcodeproj -scheme SpeakLocalNative -destination "platform=iOS Simulator,id=7C386DD3-4BF1-4A34-A918-768C43CD1258" -derivedDataPath /Users/jojolim/Library/Developer/XcodeBuildMCP/workspaces/orchestrator-309442864093/DerivedData/SpeakLocalNative-8f3e721625a0 "-only-testing:SpeakLocalNativeUITests/CityAppDetailV22RenderProofUITests/testCaptureCityAppDetailV22RenderProofBatch"

2026-06-01 08:58:49.149397+0700 SpeakLocalNativeUITests-Runner[56250:8610727] [Default] Running tests...
    t =      nans Interface orientation changed to Portrait
Test Suite 'Selected tests' started at 2026-06-01 08:58:49.519.
Test Suite 'SpeakLocalNativeUITests.xctest' started at 2026-06-01 08:58:49.519.
Test Suite 'CityAppDetailV22RenderProofUITests' started at 2026-06-01 08:58:49.519.
Test Case '-[SpeakLocalNativeUITests.CityAppDetailV22RenderProofUITests testCaptureCityAppDetailV22RenderProofBatch]' started.
    t =     0.00s Start Test at 2026-06-01 08:58:49.520
    t =     0.02s Set Up
    t =     0.02s Open app.speaklocal.vietnam.native
    t =     0.02s     Launch app.speaklocal.vietnam.native
objc[56250]: Class UIAccessibilityLoaderWebShared is implemented in both /Library/Developer/CoreSimulator/Volumes/iOS_23F77/Library/Developer/CoreSimulator/Profiles/Runtimes/iOS 26.5.simruntime/Contents/Resources/RuntimeRoot/System/Library/AccessibilityBundles/WebCore.axbundle/WebCore (0x106940310) and /Library/Developer/CoreSimulator/Volumes/iOS_23F77/Library/Developer/CoreSimulator/Profiles/Runtimes/iOS 26.5.simruntime/Contents/Resources/RuntimeRoot/System/Library/AccessibilityBundles/WebKit.axbundle/WebKit (0x106678398). This may cause spurious casting failures and mysterious crashes. One of the duplicates must be removed or renamed.
    t =     1.88s         Setting up automation session
    t =     2.31s         Wait for app.speaklocal.vietnam.native to idle
    t =     3.81s Checking existence of `"Điện Long An" StaticText`
    t =     3.94s Waiting 8.0s for "Điện Long An" StaticText to exist
    t =     4.97s     Checking `Expect predicate `existsNoRetry == 1` for object "Điện Long An" StaticText`
    t =     4.97s         Checking existence of `"Điện Long An" StaticText`
    t =     5.13s Swipe up Target Application 'app.speaklocal.vietnam.native'
    t =     5.13s     Wait for app.speaklocal.vietnam.native to idle
    t =     5.13s     Find the Target Application 'app.speaklocal.vietnam.native'
    t =     5.14s     Check for interrupting elements affecting "SpeakLocal Vietnam" Application
    t =     5.16s     Synthesize event
    t =     5.58s     Wait for app.speaklocal.vietnam.native to idle
    t =     7.71s Swipe up Target Application 'app.speaklocal.vietnam.native'
    t =     7.71s     Wait for app.speaklocal.vietnam.native to idle
    t =     7.71s     Find the Target Application 'app.speaklocal.vietnam.native'
    t =     7.74s     Check for interrupting elements affecting "SpeakLocal Vietnam" Application
    t =     7.76s     Synthesize event
    t =     8.19s     Wait for app.speaklocal.vietnam.native to idle
    t =     8.96s Terminate app.speaklocal.vietnam.native:56257
    t =    10.01s Open app.speaklocal.vietnam.native
    t =    10.01s     Launch app.speaklocal.vietnam.native
    t =    10.23s         Setting up automation session
    t =    10.70s         Wait for app.speaklocal.vietnam.native to idle
    t =    12.16s Waiting 4.0s for TabBar (First Match) to exist
    t =    13.17s     Checking `Expect predicate `existsNoRetry == 1` for object TabBar (First Match)`
    t =    13.18s         Checking existence of `TabBar (First Match)`
    t =    13.23s Checking existence of `"PhraseArticle.BottomSentinel.viet-family-city-hue-place-long-an-palace" Other`
    t =    13.31s Checking existence of `"PhraseArticle.BottomSentinel.viet-phrase-city-hue-place-long-an-palace" Other`
    t =    13.33s Find the "PhraseArticle.BottomSentinel.viet-phrase-city-hue-place-long-an-palace" Other
    t =    13.35s Checking existence of `TabBar (First Match)`
    t =    13.36s Find the TabBar (First Match)
    t =    13.37s Find the Target Application 'app.speaklocal.vietnam.native'
    t =    13.45s Terminate app.speaklocal.vietnam.native:56349
    t =    14.53s Tear Down
Test Case '-[SpeakLocalNativeUITests.CityAppDetailV22RenderProofUITests testCaptureCityAppDetailV22RenderProofBatch]' passed (14.619 seconds).
Test Suite 'CityAppDetailV22RenderProofUITests' passed at 2026-06-01 08:59:04.139.
	 Executed 1 test, with 0 failures (0 unexpected) in 14.619 (14.620) seconds
Test Suite 'SpeakLocalNativeUITests.xctest' passed at 2026-06-01 08:59:04.140.
	 Executed 1 test, with 0 failures (0 unexpected) in 14.619 (14.621) seconds
Test Suite 'Selected tests' passed at 2026-06-01 08:59:04.140.
	 Executed 1 test, with 0 failures (0 unexpected) in 14.619 (14.621) seconds

Test session results, code coverage, and logs:
	/Users/jojolim/Library/Developer/XcodeBuildMCP/workspaces/orchestrator-309442864093/DerivedData/SpeakLocalNative-8f3e721625a0/Logs/Test/Test-SpeakLocalNative-2026.06.01_08-58-48-+0700.xcresult

** TEST EXECUTE SUCCEEDED **

Testing started

2026-06-01 08:58:49.578 xcodebuild[56242:8610506] [MT] IDELaunchParametersSnapshot: The operation couldn’t be completed. (DebuggerLLDB.DebuggerVersionStore.StoreError error 0.)
2026-06-01 08:58:49.578 xcodebuild[56242:8610506] [MT] IDELaunchParametersSnapshot: no debugger version
2026-06-01 08:58:59.535 xcodebuild[56242:8610506] [MT] IDELaunchParametersSnapshot: The operation couldn’t be completed. (DebuggerLLDB.DebuggerVersionStore.StoreError error 0.)
2026-06-01 08:58:59.535 xcodebuild[56242:8610506] [MT] IDELaunchParametersSnapshot: no debugger version
2026-06-01 08:59:04.438 xcodebuild[56242:8610506] [MT] IDETestOperationsObserverDebug: 16.094 elapsed -- Testing started completed.
2026-06-01 08:59:04.439 xcodebuild[56242:8610506] [MT] IDETestOperationsObserverDebug: 0.000 sec, +0.000 sec -- start
2026-06-01 08:59:04.439 xcodebuild[56242:8610506] [MT] IDETestOperationsObserverDebug: 16.094 sec, +16.094 sec -- end
