Command line invocation:
    /Applications/Xcode.app/Contents/Developer/usr/bin/xcodebuild test-without-building -project /Users/jojolim/Developer/products/speaklocal/app-family/.worktrees/city-listings-production-ready/native-ios/SpeakLocalNative.xcodeproj -scheme SpeakLocalNative -destination "platform=iOS Simulator,id=7C386DD3-4BF1-4A34-A918-768C43CD1258" -derivedDataPath /Users/jojolim/Library/Developer/XcodeBuildMCP/workspaces/orchestrator-309442864093/DerivedData/SpeakLocalNative-8f3e721625a0 "-only-testing:SpeakLocalNativeUITests/CityAppDetailV22RenderProofUITests/testCaptureCityAppDetailV22RenderProofBatch"

2026-06-01 03:58:16.751386+0700 SpeakLocalNativeUITests-Runner[86979:7368130] [Default] Running tests...
    t =      nans Interface orientation changed to Portrait
Test Suite 'Selected tests' started at 2026-06-01 03:58:17.127.
Test Suite 'SpeakLocalNativeUITests.xctest' started at 2026-06-01 03:58:17.128.
Test Suite 'CityAppDetailV22RenderProofUITests' started at 2026-06-01 03:58:17.128.
Test Case '-[SpeakLocalNativeUITests.CityAppDetailV22RenderProofUITests testCaptureCityAppDetailV22RenderProofBatch]' started.
    t =     0.00s Start Test at 2026-06-01 03:58:17.128
    t =     0.02s Set Up
    t =     0.02s Open app.speaklocal.vietnam.native
    t =     0.02s     Launch app.speaklocal.vietnam.native
objc[86979]: Class UIAccessibilityLoaderWebShared is implemented in both /Library/Developer/CoreSimulator/Volumes/iOS_23F77/Library/Developer/CoreSimulator/Profiles/Runtimes/iOS 26.5.simruntime/Contents/Resources/RuntimeRoot/System/Library/AccessibilityBundles/WebCore.axbundle/WebCore (0x10a80c310) and /Library/Developer/CoreSimulator/Volumes/iOS_23F77/Library/Developer/CoreSimulator/Profiles/Runtimes/iOS 26.5.simruntime/Contents/Resources/RuntimeRoot/System/Library/AccessibilityBundles/WebKit.axbundle/WebKit (0x10a08c398). This may cause spurious casting failures and mysterious crashes. One of the duplicates must be removed or renamed.
    t =     1.90s         Setting up automation session
    t =     2.31s         Wait for app.speaklocal.vietnam.native to idle
    t =     3.84s Checking existence of `"Làng Thủy Biều" StaticText`
    t =     4.02s Waiting 8.0s for "Làng Thủy Biều" StaticText to exist
    t =     5.08s     Checking `Expect predicate `existsNoRetry == 1` for object "Làng Thủy Biều" StaticText`
    t =     5.09s         Checking existence of `"Làng Thủy Biều" StaticText`
    t =     5.25s Swipe up Target Application 'app.speaklocal.vietnam.native'
    t =     5.25s     Wait for app.speaklocal.vietnam.native to idle
    t =     5.25s     Find the Target Application 'app.speaklocal.vietnam.native'
    t =     5.27s     Check for interrupting elements affecting "SpeakLocal Vietnam" Application
    t =     5.29s     Synthesize event
    t =     5.71s     Wait for app.speaklocal.vietnam.native to idle
    t =     7.83s Swipe up Target Application 'app.speaklocal.vietnam.native'
    t =     7.83s     Wait for app.speaklocal.vietnam.native to idle
    t =     7.83s     Find the Target Application 'app.speaklocal.vietnam.native'
    t =     7.86s     Check for interrupting elements affecting "SpeakLocal Vietnam" Application
    t =     7.88s     Synthesize event
    t =     8.31s     Wait for app.speaklocal.vietnam.native to idle
    t =     9.09s Terminate app.speaklocal.vietnam.native:87061
    t =    10.18s Open app.speaklocal.vietnam.native
    t =    10.18s     Launch app.speaklocal.vietnam.native
    t =    10.39s         Setting up automation session
    t =    10.87s         Wait for app.speaklocal.vietnam.native to idle
    t =    12.35s Waiting 4.0s for TabBar (First Match) to exist
    t =    13.43s     Checking `Expect predicate `existsNoRetry == 1` for object TabBar (First Match)`
    t =    13.43s         Checking existence of `TabBar (First Match)`
    t =    13.48s Checking existence of `"PhraseArticle.BottomSentinel.viet-family-city-hue-place-thuy-bieu-village" Other`
    t =    13.57s Checking existence of `"PhraseArticle.BottomSentinel.viet-phrase-city-hue-place-thuy-bieu-village" Other`
    t =    13.59s Find the "PhraseArticle.BottomSentinel.viet-phrase-city-hue-place-thuy-bieu-village" Other
    t =    13.61s Checking existence of `TabBar (First Match)`
    t =    13.62s Find the TabBar (First Match)
    t =    13.62s Find the Target Application 'app.speaklocal.vietnam.native'
    t =    13.71s Terminate app.speaklocal.vietnam.native:87151
    t =    14.80s Tear Down
Test Case '-[SpeakLocalNativeUITests.CityAppDetailV22RenderProofUITests testCaptureCityAppDetailV22RenderProofBatch]' passed (14.867 seconds).
Test Suite 'CityAppDetailV22RenderProofUITests' passed at 2026-06-01 03:58:31.996.
	 Executed 1 test, with 0 failures (0 unexpected) in 14.867 (14.868) seconds
Test Suite 'SpeakLocalNativeUITests.xctest' passed at 2026-06-01 03:58:31.998.
	 Executed 1 test, with 0 failures (0 unexpected) in 14.867 (14.870) seconds
Test Suite 'Selected tests' passed at 2026-06-01 03:58:31.999.
	 Executed 1 test, with 0 failures (0 unexpected) in 14.867 (14.871) seconds

Test session results, code coverage, and logs:
	/Users/jojolim/Library/Developer/XcodeBuildMCP/workspaces/orchestrator-309442864093/DerivedData/SpeakLocalNative-8f3e721625a0/Logs/Test/Test-SpeakLocalNative-2026.06.01_03-58-15-+0700.xcresult

** TEST EXECUTE SUCCEEDED **

Testing started

2026-06-01 03:58:17.186 xcodebuild[86977:7367979] [MT] IDELaunchParametersSnapshot: The operation couldn’t be completed. (DebuggerLLDB.DebuggerVersionStore.StoreError error 0.)
2026-06-01 03:58:17.186 xcodebuild[86977:7367979] [MT] IDELaunchParametersSnapshot: no debugger version
2026-06-01 03:58:27.309 xcodebuild[86977:7367979] [MT] IDELaunchParametersSnapshot: The operation couldn’t be completed. (DebuggerLLDB.DebuggerVersionStore.StoreError error 0.)
2026-06-01 03:58:27.309 xcodebuild[86977:7367979] [MT] IDELaunchParametersSnapshot: no debugger version
2026-06-01 03:58:32.311 xcodebuild[86977:7367979] [MT] IDETestOperationsObserverDebug: 16.382 elapsed -- Testing started completed.
2026-06-01 03:58:32.311 xcodebuild[86977:7367979] [MT] IDETestOperationsObserverDebug: 0.000 sec, +0.000 sec -- start
2026-06-01 03:58:32.311 xcodebuild[86977:7367979] [MT] IDETestOperationsObserverDebug: 16.382 sec, +16.382 sec -- end
