Command line invocation:
    /Applications/Xcode.app/Contents/Developer/usr/bin/xcodebuild test-without-building -project /Users/jojolim/Developer/products/speaklocal/app-family/.worktrees/city-listings-production-ready/native-ios/SpeakLocalNative.xcodeproj -scheme SpeakLocalNative -destination "platform=iOS Simulator,id=7C386DD3-4BF1-4A34-A918-768C43CD1258" -derivedDataPath /Users/jojolim/Library/Developer/XcodeBuildMCP/workspaces/orchestrator-309442864093/DerivedData/SpeakLocalNative-8f3e721625a0 "-only-testing:SpeakLocalNativeUITests/CityAppDetailV22RenderProofUITests/testCaptureCityAppDetailV22RenderProofBatch"

2026-06-01 03:22:55.659340+0700 SpeakLocalNativeUITests-Runner[44540:7215421] [Default] Running tests...
    t =      nans Interface orientation changed to Portrait
Test Suite 'Selected tests' started at 2026-06-01 03:22:56.030.
Test Suite 'SpeakLocalNativeUITests.xctest' started at 2026-06-01 03:22:56.031.
Test Suite 'CityAppDetailV22RenderProofUITests' started at 2026-06-01 03:22:56.031.
Test Case '-[SpeakLocalNativeUITests.CityAppDetailV22RenderProofUITests testCaptureCityAppDetailV22RenderProofBatch]' started.
    t =     0.00s Start Test at 2026-06-01 03:22:56.031
    t =     0.02s Set Up
    t =     0.02s Open app.speaklocal.vietnam.native
    t =     0.02s     Launch app.speaklocal.vietnam.native
objc[44540]: Class UIAccessibilityLoaderWebShared is implemented in both /Library/Developer/CoreSimulator/Volumes/iOS_23F77/Library/Developer/CoreSimulator/Profiles/Runtimes/iOS 26.5.simruntime/Contents/Resources/RuntimeRoot/System/Library/AccessibilityBundles/WebCore.axbundle/WebCore (0x108054310) and /Library/Developer/CoreSimulator/Volumes/iOS_23F77/Library/Developer/CoreSimulator/Profiles/Runtimes/iOS 26.5.simruntime/Contents/Resources/RuntimeRoot/System/Library/AccessibilityBundles/WebKit.axbundle/WebKit (0x107884398). This may cause spurious casting failures and mysterious crashes. One of the duplicates must be removed or renamed.
    t =     1.91s         Setting up automation session
    t =     2.31s         Wait for app.speaklocal.vietnam.native to idle
    t =     3.79s Checking existence of `"Sông Hương" StaticText`
    t =     3.93s Waiting 8.0s for "Sông Hương" StaticText to exist
    t =     5.00s     Checking `Expect predicate `existsNoRetry == 1` for object "Sông Hương" StaticText`
    t =     5.00s         Checking existence of `"Sông Hương" StaticText`
    t =     5.14s Swipe up Target Application 'app.speaklocal.vietnam.native'
    t =     5.14s     Wait for app.speaklocal.vietnam.native to idle
    t =     5.14s     Find the Target Application 'app.speaklocal.vietnam.native'
    t =     5.15s     Check for interrupting elements affecting "SpeakLocal Vietnam" Application
    t =     5.17s     Synthesize event
    t =     5.59s     Wait for app.speaklocal.vietnam.native to idle
    t =     7.70s Swipe up Target Application 'app.speaklocal.vietnam.native'
    t =     7.70s     Wait for app.speaklocal.vietnam.native to idle
    t =     7.70s     Find the Target Application 'app.speaklocal.vietnam.native'
    t =     7.73s     Check for interrupting elements affecting "SpeakLocal Vietnam" Application
    t =     7.75s     Synthesize event
    t =     8.18s     Wait for app.speaklocal.vietnam.native to idle
    t =     8.95s Terminate app.speaklocal.vietnam.native:44609
    t =    10.03s Open app.speaklocal.vietnam.native
    t =    10.03s     Launch app.speaklocal.vietnam.native
    t =    10.25s         Setting up automation session
    t =    10.73s         Wait for app.speaklocal.vietnam.native to idle
    t =    12.18s Waiting 4.0s for TabBar (First Match) to exist
    t =    13.25s     Checking `Expect predicate `existsNoRetry == 1` for object TabBar (First Match)`
    t =    13.25s         Checking existence of `TabBar (First Match)`
    t =    13.31s Checking existence of `"PhraseArticle.BottomSentinel.viet-family-city-hue-place-perfume-river" Other`
    t =    13.39s Checking existence of `"PhraseArticle.BottomSentinel.viet-phrase-city-hue-place-perfume-river" Other`
    t =    13.41s Find the "PhraseArticle.BottomSentinel.viet-phrase-city-hue-place-perfume-river" Other
    t =    13.44s Checking existence of `TabBar (First Match)`
    t =    13.44s Find the TabBar (First Match)
    t =    13.45s Find the Target Application 'app.speaklocal.vietnam.native'
    t =    13.55s Terminate app.speaklocal.vietnam.native:44712
    t =    14.63s Tear Down
Test Case '-[SpeakLocalNativeUITests.CityAppDetailV22RenderProofUITests testCaptureCityAppDetailV22RenderProofBatch]' passed (14.692 seconds).
Test Suite 'CityAppDetailV22RenderProofUITests' passed at 2026-06-01 03:23:10.723.
	 Executed 1 test, with 0 failures (0 unexpected) in 14.692 (14.693) seconds
Test Suite 'SpeakLocalNativeUITests.xctest' passed at 2026-06-01 03:23:10.724.
	 Executed 1 test, with 0 failures (0 unexpected) in 14.692 (14.694) seconds
Test Suite 'Selected tests' passed at 2026-06-01 03:23:10.725.
	 Executed 1 test, with 0 failures (0 unexpected) in 14.692 (14.695) seconds

Test session results, code coverage, and logs:
	/Users/jojolim/Library/Developer/XcodeBuildMCP/workspaces/orchestrator-309442864093/DerivedData/SpeakLocalNative-8f3e721625a0/Logs/Test/Test-SpeakLocalNative-2026.06.01_03-22-54-+0700.xcresult

** TEST EXECUTE SUCCEEDED **

Testing started

2026-06-01 03:22:56.093 xcodebuild[44532:7215223] [MT] IDELaunchParametersSnapshot: The operation couldn’t be completed. (DebuggerLLDB.DebuggerVersionStore.StoreError error 0.)
2026-06-01 03:22:56.093 xcodebuild[44532:7215223] [MT] IDELaunchParametersSnapshot: no debugger version
2026-06-01 03:23:06.068 xcodebuild[44532:7215223] [MT] IDELaunchParametersSnapshot: The operation couldn’t be completed. (DebuggerLLDB.DebuggerVersionStore.StoreError error 0.)
2026-06-01 03:23:06.068 xcodebuild[44532:7215223] [MT] IDELaunchParametersSnapshot: no debugger version
2026-06-01 03:23:11.031 xcodebuild[44532:7215223] [MT] IDETestOperationsObserverDebug: 16.169 elapsed -- Testing started completed.
2026-06-01 03:23:11.031 xcodebuild[44532:7215223] [MT] IDETestOperationsObserverDebug: 0.000 sec, +0.000 sec -- start
2026-06-01 03:23:11.031 xcodebuild[44532:7215223] [MT] IDETestOperationsObserverDebug: 16.169 sec, +16.169 sec -- end
