Command line invocation:
    /Applications/Xcode.app/Contents/Developer/usr/bin/xcodebuild test-without-building -project /Users/jojolim/Developer/products/speaklocal/app-family/.worktrees/city-listings-production-ready/native-ios/SpeakLocalNative.xcodeproj -scheme SpeakLocalNative -destination "platform=iOS Simulator,id=7C386DD3-4BF1-4A34-A918-768C43CD1258" -derivedDataPath /Users/jojolim/Library/Developer/XcodeBuildMCP/workspaces/orchestrator-309442864093/DerivedData/SpeakLocalNative-8f3e721625a0 "-only-testing:SpeakLocalNativeUITests/CityAppDetailV22RenderProofUITests/testCaptureCityAppDetailV22RenderProofBatch"

2026-06-01 09:13:15.214467+0700 SpeakLocalNativeUITests-Runner[66139:8656783] [Default] Running tests...
    t =      nans Interface orientation changed to Portrait
Test Suite 'Selected tests' started at 2026-06-01 09:13:15.584.
Test Suite 'SpeakLocalNativeUITests.xctest' started at 2026-06-01 09:13:15.584.
Test Suite 'CityAppDetailV22RenderProofUITests' started at 2026-06-01 09:13:15.584.
Test Case '-[SpeakLocalNativeUITests.CityAppDetailV22RenderProofUITests testCaptureCityAppDetailV22RenderProofBatch]' started.
    t =     0.00s Start Test at 2026-06-01 09:13:15.585
    t =     0.02s Set Up
    t =     0.02s Open app.speaklocal.vietnam.native
    t =     0.02s     Launch app.speaklocal.vietnam.native
objc[66139]: Class UIAccessibilityLoaderWebShared is implemented in both /Library/Developer/CoreSimulator/Volumes/iOS_23F77/Library/Developer/CoreSimulator/Profiles/Runtimes/iOS 26.5.simruntime/Contents/Resources/RuntimeRoot/System/Library/AccessibilityBundles/WebCore.axbundle/WebCore (0x1088d0310) and /Library/Developer/CoreSimulator/Volumes/iOS_23F77/Library/Developer/CoreSimulator/Profiles/Runtimes/iOS 26.5.simruntime/Contents/Resources/RuntimeRoot/System/Library/AccessibilityBundles/WebKit.axbundle/WebKit (0x108170398). This may cause spurious casting failures and mysterious crashes. One of the duplicates must be removed or renamed.
    t =     1.90s         Setting up automation session
    t =     2.32s         Wait for app.speaklocal.vietnam.native to idle
    t =     3.81s Checking existence of `"Bến xe phía Nam Huế" StaticText`
    t =     3.95s Waiting 8.0s for "Bến xe phía Nam Huế" StaticText to exist
    t =     4.99s     Checking `Expect predicate `existsNoRetry == 1` for object "Bến xe phía Nam Huế" StaticText`
    t =     4.99s         Checking existence of `"Bến xe phía Nam Huế" StaticText`
    t =     5.14s Swipe up Target Application 'app.speaklocal.vietnam.native'
    t =     5.14s     Wait for app.speaklocal.vietnam.native to idle
    t =     5.14s     Find the Target Application 'app.speaklocal.vietnam.native'
    t =     5.15s     Check for interrupting elements affecting "SpeakLocal Vietnam" Application
    t =     5.17s     Synthesize event
    t =     5.59s     Wait for app.speaklocal.vietnam.native to idle
    t =     7.75s Swipe up Target Application 'app.speaklocal.vietnam.native'
    t =     7.76s     Wait for app.speaklocal.vietnam.native to idle
    t =     8.06s     Find the Target Application 'app.speaklocal.vietnam.native'
    t =     8.08s     Check for interrupting elements affecting "SpeakLocal Vietnam" Application
    t =     8.10s     Synthesize event
    t =     8.52s     Wait for app.speaklocal.vietnam.native to idle
    t =     9.24s Terminate app.speaklocal.vietnam.native:66147
    t =    10.29s Open app.speaklocal.vietnam.native
    t =    10.29s     Launch app.speaklocal.vietnam.native
    t =    10.51s         Setting up automation session
    t =    10.97s         Wait for app.speaklocal.vietnam.native to idle
    t =    12.45s Waiting 4.0s for TabBar (First Match) to exist
    t =    13.50s     Checking `Expect predicate `existsNoRetry == 1` for object TabBar (First Match)`
    t =    13.51s         Checking existence of `TabBar (First Match)`
    t =    13.56s Checking existence of `"PhraseArticle.BottomSentinel.viet-family-city-hue-place-southern-bus-station" Other`
    t =    13.64s Checking existence of `"PhraseArticle.BottomSentinel.viet-phrase-city-hue-place-southern-bus-station" Other`
    t =    13.66s Find the "PhraseArticle.BottomSentinel.viet-phrase-city-hue-place-southern-bus-station" Other
    t =    13.68s Checking existence of `TabBar (First Match)`
    t =    13.69s Find the TabBar (First Match)
    t =    13.70s Find the Target Application 'app.speaklocal.vietnam.native'
    t =    13.78s Terminate app.speaklocal.vietnam.native:66164
    t =    14.84s Tear Down
Test Case '-[SpeakLocalNativeUITests.CityAppDetailV22RenderProofUITests testCaptureCityAppDetailV22RenderProofBatch]' passed (14.941 seconds).
Test Suite 'CityAppDetailV22RenderProofUITests' passed at 2026-06-01 09:13:30.526.
	 Executed 1 test, with 0 failures (0 unexpected) in 14.941 (14.941) seconds
Test Suite 'SpeakLocalNativeUITests.xctest' passed at 2026-06-01 09:13:30.526.
	 Executed 1 test, with 0 failures (0 unexpected) in 14.941 (14.942) seconds
Test Suite 'Selected tests' passed at 2026-06-01 09:13:30.527.
	 Executed 1 test, with 0 failures (0 unexpected) in 14.941 (14.943) seconds

Test session results, code coverage, and logs:
	/Users/jojolim/Library/Developer/XcodeBuildMCP/workspaces/orchestrator-309442864093/DerivedData/SpeakLocalNative-8f3e721625a0/Logs/Test/Test-SpeakLocalNative-2026.06.01_09-13-14-+0700.xcresult

** TEST EXECUTE SUCCEEDED **

Testing started

2026-06-01 09:13:15.649 xcodebuild[66131:8656580] [MT] IDELaunchParametersSnapshot: The operation couldn’t be completed. (DebuggerLLDB.DebuggerVersionStore.StoreError error 0.)
2026-06-01 09:13:15.649 xcodebuild[66131:8656580] [MT] IDELaunchParametersSnapshot: no debugger version
2026-06-01 09:13:25.877 xcodebuild[66131:8656580] [MT] IDELaunchParametersSnapshot: The operation couldn’t be completed. (DebuggerLLDB.DebuggerVersionStore.StoreError error 0.)
2026-06-01 09:13:25.877 xcodebuild[66131:8656580] [MT] IDELaunchParametersSnapshot: no debugger version
2026-06-01 09:13:30.828 xcodebuild[66131:8656580] [MT] IDETestOperationsObserverDebug: 16.434 elapsed -- Testing started completed.
2026-06-01 09:13:30.828 xcodebuild[66131:8656580] [MT] IDETestOperationsObserverDebug: 0.000 sec, +0.000 sec -- start
2026-06-01 09:13:30.828 xcodebuild[66131:8656580] [MT] IDETestOperationsObserverDebug: 16.434 sec, +16.434 sec -- end
