Command line invocation:
    /Applications/Xcode.app/Contents/Developer/usr/bin/xcodebuild test-without-building -project /Users/jojolim/Developer/products/speaklocal/app-family/.worktrees/city-listings-production-ready/native-ios/SpeakLocalNative.xcodeproj -scheme SpeakLocalNative -destination "platform=iOS Simulator,id=7C386DD3-4BF1-4A34-A918-768C43CD1258" -derivedDataPath /Users/jojolim/Library/Developer/XcodeBuildMCP/workspaces/orchestrator-309442864093/DerivedData/SpeakLocalNative-8f3e721625a0 "-only-testing:SpeakLocalNativeUITests/CityAppDetailV22RenderProofUITests/testCaptureCityAppDetailV22RenderProofBatch"

2026-06-01 06:54:22.695228+0700 SpeakLocalNativeUITests-Runner[24452:8125877] [Default] Running tests...
    t =      nans Interface orientation changed to Portrait
Test Suite 'Selected tests' started at 2026-06-01 06:54:23.065.
Test Suite 'SpeakLocalNativeUITests.xctest' started at 2026-06-01 06:54:23.065.
Test Suite 'CityAppDetailV22RenderProofUITests' started at 2026-06-01 06:54:23.066.
Test Case '-[SpeakLocalNativeUITests.CityAppDetailV22RenderProofUITests testCaptureCityAppDetailV22RenderProofBatch]' started.
    t =     0.00s Start Test at 2026-06-01 06:54:23.066
    t =     0.02s Set Up
    t =     0.02s Open app.speaklocal.vietnam.native
    t =     0.02s     Launch app.speaklocal.vietnam.native
objc[24452]: Class UIAccessibilityLoaderWebShared is implemented in both /Library/Developer/CoreSimulator/Volumes/iOS_23F77/Library/Developer/CoreSimulator/Profiles/Runtimes/iOS 26.5.simruntime/Contents/Resources/RuntimeRoot/System/Library/AccessibilityBundles/WebCore.axbundle/WebCore (0x108348310) and /Library/Developer/CoreSimulator/Volumes/iOS_23F77/Library/Developer/CoreSimulator/Profiles/Runtimes/iOS 26.5.simruntime/Contents/Resources/RuntimeRoot/System/Library/AccessibilityBundles/WebKit.axbundle/WebKit (0x1077dc398). This may cause spurious casting failures and mysterious crashes. One of the duplicates must be removed or renamed.
    t =     1.89s         Setting up automation session
    t =     2.33s         Wait for app.speaklocal.vietnam.native to idle
    t =     3.81s Checking existence of `"Miến lươn ở Hà Nội" StaticText`
    t =     3.95s Waiting 8.0s for "Miến lươn ở Hà Nội" StaticText to exist
    t =     5.00s     Checking `Expect predicate `existsNoRetry == 1` for object "Miến lươn ở Hà Nội" StaticText`
    t =     5.00s         Checking existence of `"Miến lươn ở Hà Nội" StaticText`
    t =     5.11s Swipe up Target Application 'app.speaklocal.vietnam.native'
    t =     5.11s     Wait for app.speaklocal.vietnam.native to idle
    t =     5.11s     Find the Target Application 'app.speaklocal.vietnam.native'
    t =     5.13s     Check for interrupting elements affecting "SpeakLocal Vietnam" Application
    t =     5.14s     Synthesize event
    t =     5.57s     Wait for app.speaklocal.vietnam.native to idle
    t =     7.68s Swipe up Target Application 'app.speaklocal.vietnam.native'
    t =     7.68s     Wait for app.speaklocal.vietnam.native to idle
    t =     7.69s     Find the Target Application 'app.speaklocal.vietnam.native'
    t =     7.71s     Check for interrupting elements affecting "SpeakLocal Vietnam" Application
    t =     7.74s     Synthesize event
    t =     8.17s     Wait for app.speaklocal.vietnam.native to idle
    t =     8.86s Terminate app.speaklocal.vietnam.native:24520
    t =     9.92s Open app.speaklocal.vietnam.native
    t =     9.92s     Launch app.speaklocal.vietnam.native
    t =    10.13s         Setting up automation session
    t =    10.63s         Wait for app.speaklocal.vietnam.native to idle
    t =    12.07s Waiting 4.0s for TabBar (First Match) to exist
    t =    13.12s     Checking `Expect predicate `existsNoRetry == 1` for object TabBar (First Match)`
    t =    13.12s         Checking existence of `TabBar (First Match)`
    t =    13.17s Checking existence of `"PhraseArticle.BottomSentinel.viet-family-city-hanoi-place-mien-luon" Other`
    t =    13.25s Checking existence of `"PhraseArticle.BottomSentinel.viet-phrase-city-hanoi-place-mien-luon" Other`
    t =    13.27s Find the "PhraseArticle.BottomSentinel.viet-phrase-city-hanoi-place-mien-luon" Other
    t =    13.29s Checking existence of `TabBar (First Match)`
    t =    13.29s Find the TabBar (First Match)
    t =    13.30s Find the Target Application 'app.speaklocal.vietnam.native'
    t =    13.39s Terminate app.speaklocal.vietnam.native:24620
    t =    14.45s Tear Down
Test Case '-[SpeakLocalNativeUITests.CityAppDetailV22RenderProofUITests testCaptureCityAppDetailV22RenderProofBatch]' passed (14.506 seconds).
Test Suite 'CityAppDetailV22RenderProofUITests' passed at 2026-06-01 06:54:37.572.
	 Executed 1 test, with 0 failures (0 unexpected) in 14.506 (14.506) seconds
Test Suite 'SpeakLocalNativeUITests.xctest' passed at 2026-06-01 06:54:37.572.
	 Executed 1 test, with 0 failures (0 unexpected) in 14.506 (14.507) seconds
Test Suite 'Selected tests' passed at 2026-06-01 06:54:37.572.
	 Executed 1 test, with 0 failures (0 unexpected) in 14.506 (14.507) seconds

Test session results, code coverage, and logs:
	/Users/jojolim/Library/Developer/XcodeBuildMCP/workspaces/orchestrator-309442864093/DerivedData/SpeakLocalNative-8f3e721625a0/Logs/Test/Test-SpeakLocalNative-2026.06.01_06-54-21-+0700.xcresult

** TEST EXECUTE SUCCEEDED **

Testing started

2026-06-01 06:54:23.122 xcodebuild[24450:8125714] [MT] IDELaunchParametersSnapshot: The operation couldn’t be completed. (DebuggerLLDB.DebuggerVersionStore.StoreError error 0.)
2026-06-01 06:54:23.122 xcodebuild[24450:8125714] [MT] IDELaunchParametersSnapshot: no debugger version
2026-06-01 06:54:32.987 xcodebuild[24450:8125714] [MT] IDELaunchParametersSnapshot: The operation couldn’t be completed. (DebuggerLLDB.DebuggerVersionStore.StoreError error 0.)
2026-06-01 06:54:32.987 xcodebuild[24450:8125714] [MT] IDELaunchParametersSnapshot: no debugger version
2026-06-01 06:54:37.862 xcodebuild[24450:8125714] [MT] IDETestOperationsObserverDebug: 15.957 elapsed -- Testing started completed.
2026-06-01 06:54:37.862 xcodebuild[24450:8125714] [MT] IDETestOperationsObserverDebug: 0.000 sec, +0.000 sec -- start
2026-06-01 06:54:37.862 xcodebuild[24450:8125714] [MT] IDETestOperationsObserverDebug: 15.957 sec, +15.957 sec -- end
