Command line invocation:
    /Applications/Xcode.app/Contents/Developer/usr/bin/xcodebuild test-without-building -project /Users/jojolim/Developer/products/speaklocal/app-family/.worktrees/city-listings-production-ready/native-ios/SpeakLocalNative.xcodeproj -scheme SpeakLocalNative -destination "platform=iOS Simulator,id=7C386DD3-4BF1-4A34-A918-768C43CD1258" -derivedDataPath /Users/jojolim/Library/Developer/XcodeBuildMCP/workspaces/orchestrator-309442864093/DerivedData/SpeakLocalNative-8f3e721625a0 "-only-testing:SpeakLocalNativeUITests/CityAppDetailV22RenderProofUITests/testCaptureCityAppDetailV22RenderProofBatch"

2026-06-01 08:00:08.057665+0700 SpeakLocalNativeUITests-Runner[5805:8405287] [Default] Running tests...
    t =      nans Interface orientation changed to Portrait
Test Suite 'Selected tests' started at 2026-06-01 08:00:08.427.
Test Suite 'SpeakLocalNativeUITests.xctest' started at 2026-06-01 08:00:08.427.
Test Suite 'CityAppDetailV22RenderProofUITests' started at 2026-06-01 08:00:08.427.
Test Case '-[SpeakLocalNativeUITests.CityAppDetailV22RenderProofUITests testCaptureCityAppDetailV22RenderProofBatch]' started.
    t =     0.00s Start Test at 2026-06-01 08:00:08.428
    t =     0.02s Set Up
    t =     0.02s Open app.speaklocal.vietnam.native
    t =     0.02s     Launch app.speaklocal.vietnam.native
objc[5805]: Class UIAccessibilityLoaderWebShared is implemented in both /Library/Developer/CoreSimulator/Volumes/iOS_23F77/Library/Developer/CoreSimulator/Profiles/Runtimes/iOS 26.5.simruntime/Contents/Resources/RuntimeRoot/System/Library/AccessibilityBundles/WebCore.axbundle/WebCore (0x108fc8310) and /Library/Developer/CoreSimulator/Volumes/iOS_23F77/Library/Developer/CoreSimulator/Profiles/Runtimes/iOS 26.5.simruntime/Contents/Resources/RuntimeRoot/System/Library/AccessibilityBundles/WebKit.axbundle/WebKit (0x108868398). This may cause spurious casting failures and mysterious crashes. One of the duplicates must be removed or renamed.
    t =     1.91s         Setting up automation session
    t =     2.46s         Wait for app.speaklocal.vietnam.native to idle
    t =     3.94s Checking existence of `"Phố đi bộ Nguyễn Huệ" StaticText`
    t =     4.08s Waiting 8.0s for "Phố đi bộ Nguyễn Huệ" StaticText to exist
    t =     5.13s     Checking `Expect predicate `existsNoRetry == 1` for object "Phố đi bộ Nguyễn Huệ" StaticText`
    t =     5.13s         Checking existence of `"Phố đi bộ Nguyễn Huệ" StaticText`
    t =     5.27s Swipe up Target Application 'app.speaklocal.vietnam.native'
    t =     5.27s     Wait for app.speaklocal.vietnam.native to idle
    t =     5.27s     Find the Target Application 'app.speaklocal.vietnam.native'
    t =     5.29s     Check for interrupting elements affecting "SpeakLocal Vietnam" Application
    t =     5.30s     Synthesize event
    t =     5.73s     Wait for app.speaklocal.vietnam.native to idle
    t =     7.83s Swipe up Target Application 'app.speaklocal.vietnam.native'
    t =     7.83s     Wait for app.speaklocal.vietnam.native to idle
    t =     7.83s     Find the Target Application 'app.speaklocal.vietnam.native'
    t =     7.86s     Check for interrupting elements affecting "SpeakLocal Vietnam" Application
    t =     7.89s     Synthesize event
    t =     8.42s     Wait for app.speaklocal.vietnam.native to idle
    t =     9.31s Terminate app.speaklocal.vietnam.native:5826
    t =    10.38s Open app.speaklocal.vietnam.native
    t =    10.38s     Launch app.speaklocal.vietnam.native
    t =    10.60s         Setting up automation session
    t =    11.08s         Wait for app.speaklocal.vietnam.native to idle
    t =    12.54s Waiting 4.0s for TabBar (First Match) to exist
    t =    13.60s     Checking `Expect predicate `existsNoRetry == 1` for object TabBar (First Match)`
    t =    13.60s         Checking existence of `TabBar (First Match)`
    t =    13.66s Checking existence of `"PhraseArticle.BottomSentinel.viet-family-city-hcmc-place-nguyen-hue" Other`
    t =    13.73s Checking existence of `"PhraseArticle.BottomSentinel.viet-phrase-city-hcmc-place-nguyen-hue" Other`
    t =    13.76s Find the "PhraseArticle.BottomSentinel.viet-phrase-city-hcmc-place-nguyen-hue" Other
    t =    13.78s Checking existence of `TabBar (First Match)`
    t =    13.79s Find the TabBar (First Match)
    t =    13.79s Find the Target Application 'app.speaklocal.vietnam.native'
    t =    13.89s Terminate app.speaklocal.vietnam.native:5973
    t =    14.97s Tear Down
Test Case '-[SpeakLocalNativeUITests.CityAppDetailV22RenderProofUITests testCaptureCityAppDetailV22RenderProofBatch]' passed (15.033 seconds).
Test Suite 'CityAppDetailV22RenderProofUITests' passed at 2026-06-01 08:00:23.461.
	 Executed 1 test, with 0 failures (0 unexpected) in 15.033 (15.034) seconds
Test Suite 'SpeakLocalNativeUITests.xctest' passed at 2026-06-01 08:00:23.462.
	 Executed 1 test, with 0 failures (0 unexpected) in 15.033 (15.035) seconds
Test Suite 'Selected tests' passed at 2026-06-01 08:00:23.463.
	 Executed 1 test, with 0 failures (0 unexpected) in 15.033 (15.036) seconds

Test session results, code coverage, and logs:
	/Users/jojolim/Library/Developer/XcodeBuildMCP/workspaces/orchestrator-309442864093/DerivedData/SpeakLocalNative-8f3e721625a0/Logs/Test/Test-SpeakLocalNative-2026.06.01_08-00-07-+0700.xcresult

** TEST EXECUTE SUCCEEDED **

Testing started

2026-06-01 08:00:08.492 xcodebuild[5803:8405113] [MT] IDELaunchParametersSnapshot: The operation couldn’t be completed. (DebuggerLLDB.DebuggerVersionStore.StoreError error 0.)
2026-06-01 08:00:08.492 xcodebuild[5803:8405113] [MT] IDELaunchParametersSnapshot: no debugger version
2026-06-01 08:00:18.814 xcodebuild[5803:8405113] [MT] IDELaunchParametersSnapshot: The operation couldn’t be completed. (DebuggerLLDB.DebuggerVersionStore.StoreError error 0.)
2026-06-01 08:00:18.814 xcodebuild[5803:8405113] [MT] IDELaunchParametersSnapshot: no debugger version
2026-06-01 08:00:23.767 xcodebuild[5803:8405113] [MT] IDETestOperationsObserverDebug: 16.525 elapsed -- Testing started completed.
2026-06-01 08:00:23.767 xcodebuild[5803:8405113] [MT] IDETestOperationsObserverDebug: 0.000 sec, +0.000 sec -- start
2026-06-01 08:00:23.767 xcodebuild[5803:8405113] [MT] IDETestOperationsObserverDebug: 16.525 sec, +16.525 sec -- end
