Command line invocation:
    /Applications/Xcode.app/Contents/Developer/usr/bin/xcodebuild test-without-building -project /Users/jojolim/Developer/products/speaklocal/app-family/.worktrees/city-listings-production-ready/native-ios/SpeakLocalNative.xcodeproj -scheme SpeakLocalNative -destination "platform=iOS Simulator,id=7C386DD3-4BF1-4A34-A918-768C43CD1258" -derivedDataPath /Users/jojolim/Library/Developer/XcodeBuildMCP/workspaces/orchestrator-309442864093/DerivedData/SpeakLocalNative-8f3e721625a0 "-only-testing:SpeakLocalNativeUITests/CityAppDetailV22RenderProofUITests/testCaptureCityAppDetailV22RenderProofBatch"

2026-06-01 03:31:35.016912+0700 SpeakLocalNativeUITests-Runner[56895:7247213] [Default] Running tests...
    t =      nans Interface orientation changed to Portrait
Test Suite 'Selected tests' started at 2026-06-01 03:31:35.388.
Test Suite 'SpeakLocalNativeUITests.xctest' started at 2026-06-01 03:31:35.388.
Test Suite 'CityAppDetailV22RenderProofUITests' started at 2026-06-01 03:31:35.388.
Test Case '-[SpeakLocalNativeUITests.CityAppDetailV22RenderProofUITests testCaptureCityAppDetailV22RenderProofBatch]' started.
    t =     0.00s Start Test at 2026-06-01 03:31:35.389
    t =     0.01s Set Up
    t =     0.02s Open app.speaklocal.vietnam.native
    t =     0.02s     Launch app.speaklocal.vietnam.native
objc[56895]: Class UIAccessibilityLoaderWebShared is implemented in both /Library/Developer/CoreSimulator/Volumes/iOS_23F77/Library/Developer/CoreSimulator/Profiles/Runtimes/iOS 26.5.simruntime/Contents/Resources/RuntimeRoot/System/Library/AccessibilityBundles/WebCore.axbundle/WebCore (0x10a580310) and /Library/Developer/CoreSimulator/Volumes/iOS_23F77/Library/Developer/CoreSimulator/Profiles/Runtimes/iOS 26.5.simruntime/Contents/Resources/RuntimeRoot/System/Library/AccessibilityBundles/WebKit.axbundle/WebKit (0x109fa8398). This may cause spurious casting failures and mysterious crashes. One of the duplicates must be removed or renamed.
    t =     1.89s         Setting up automation session
    t =     2.40s         Wait for app.speaklocal.vietnam.native to idle
    t =     3.89s Checking existence of `"Rạp Xiếc Trung ương" StaticText`
    t =     4.05s Waiting 8.0s for "Rạp Xiếc Trung ương" StaticText to exist
    t =     5.10s     Checking `Expect predicate `existsNoRetry == 1` for object "Rạp Xiếc Trung ương" StaticText`
    t =     5.10s         Checking existence of `"Rạp Xiếc Trung ương" StaticText`
    t =     5.24s Swipe up Target Application 'app.speaklocal.vietnam.native'
    t =     5.24s     Wait for app.speaklocal.vietnam.native to idle
    t =     5.25s     Find the Target Application 'app.speaklocal.vietnam.native'
    t =     5.26s     Check for interrupting elements affecting "SpeakLocal Vietnam" Application
    t =     5.28s     Synthesize event
    t =     5.69s     Wait for app.speaklocal.vietnam.native to idle
    t =     7.80s Swipe up Target Application 'app.speaklocal.vietnam.native'
    t =     7.80s     Wait for app.speaklocal.vietnam.native to idle
    t =     7.81s     Find the Target Application 'app.speaklocal.vietnam.native'
    t =     7.83s     Check for interrupting elements affecting "SpeakLocal Vietnam" Application
    t =     7.85s     Synthesize event
    t =     8.27s     Wait for app.speaklocal.vietnam.native to idle
    t =     8.82s Terminate app.speaklocal.vietnam.native:56972
    t =     9.91s Open app.speaklocal.vietnam.native
    t =     9.91s     Launch app.speaklocal.vietnam.native
    t =    10.12s         Setting up automation session
    t =    10.60s         Wait for app.speaklocal.vietnam.native to idle
    t =    12.07s Waiting 4.0s for TabBar (First Match) to exist
    t =    13.12s     Checking `Expect predicate `existsNoRetry == 1` for object TabBar (First Match)`
    t =    13.12s         Checking existence of `TabBar (First Match)`
    t =    13.17s Checking existence of `"PhraseArticle.BottomSentinel.viet-family-city-hanoi-place-vietnam-circus" Other`
    t =    13.25s Checking existence of `"PhraseArticle.BottomSentinel.viet-phrase-city-hanoi-place-vietnam-circus" Other`
    t =    13.27s Find the "PhraseArticle.BottomSentinel.viet-phrase-city-hanoi-place-vietnam-circus" Other
    t =    13.29s Checking existence of `TabBar (First Match)`
    t =    13.29s Find the TabBar (First Match)
    t =    13.30s Find the Target Application 'app.speaklocal.vietnam.native'
    t =    13.39s Terminate app.speaklocal.vietnam.native:57062
    t =    14.42s Tear Down
Test Case '-[SpeakLocalNativeUITests.CityAppDetailV22RenderProofUITests testCaptureCityAppDetailV22RenderProofBatch]' passed (14.467 seconds).
Test Suite 'CityAppDetailV22RenderProofUITests' passed at 2026-06-01 03:31:49.857.
	 Executed 1 test, with 0 failures (0 unexpected) in 14.467 (14.468) seconds
Test Suite 'SpeakLocalNativeUITests.xctest' passed at 2026-06-01 03:31:49.857.
	 Executed 1 test, with 0 failures (0 unexpected) in 14.467 (14.469) seconds
Test Suite 'Selected tests' passed at 2026-06-01 03:31:49.858.
	 Executed 1 test, with 0 failures (0 unexpected) in 14.467 (14.469) seconds

Test session results, code coverage, and logs:
	/Users/jojolim/Library/Developer/XcodeBuildMCP/workspaces/orchestrator-309442864093/DerivedData/SpeakLocalNative-8f3e721625a0/Logs/Test/Test-SpeakLocalNative-2026.06.01_03-31-34-+0700.xcresult

** TEST EXECUTE SUCCEEDED **

Testing started

2026-06-01 03:31:35.441 xcodebuild[56886:7247018] [MT] IDELaunchParametersSnapshot: The operation couldn’t be completed. (DebuggerLLDB.DebuggerVersionStore.StoreError error 0.)
2026-06-01 03:31:35.441 xcodebuild[56886:7247018] [MT] IDELaunchParametersSnapshot: no debugger version
2026-06-01 03:31:45.298 xcodebuild[56886:7247018] [MT] IDELaunchParametersSnapshot: The operation couldn’t be completed. (DebuggerLLDB.DebuggerVersionStore.StoreError error 0.)
2026-06-01 03:31:45.298 xcodebuild[56886:7247018] [MT] IDELaunchParametersSnapshot: no debugger version
2026-06-01 03:31:50.162 xcodebuild[56886:7247018] [MT] IDETestOperationsObserverDebug: 15.958 elapsed -- Testing started completed.
2026-06-01 03:31:50.162 xcodebuild[56886:7247018] [MT] IDETestOperationsObserverDebug: 0.000 sec, +0.000 sec -- start
2026-06-01 03:31:50.162 xcodebuild[56886:7247018] [MT] IDETestOperationsObserverDebug: 15.958 sec, +15.958 sec -- end
