Command line invocation:
    /Applications/Xcode.app/Contents/Developer/usr/bin/xcodebuild test-without-building -project /Users/jojolim/Developer/products/speaklocal/app-family/.worktrees/city-listings-production-ready/native-ios/SpeakLocalNative.xcodeproj -scheme SpeakLocalNative -destination "platform=iOS Simulator,id=7C386DD3-4BF1-4A34-A918-768C43CD1258" -derivedDataPath /Users/jojolim/Library/Developer/XcodeBuildMCP/workspaces/orchestrator-309442864093/DerivedData/SpeakLocalNative-8f3e721625a0 "-only-testing:SpeakLocalNativeUITests/CityAppDetailV22RenderProofUITests/testCaptureCityAppDetailV22RenderProofBatch"

2026-06-01 03:54:31.018142+0700 SpeakLocalNativeUITests-Runner[83028:7349462] [Default] Running tests...
    t =      nans Interface orientation changed to Portrait
Test Suite 'Selected tests' started at 2026-06-01 03:54:31.396.
Test Suite 'SpeakLocalNativeUITests.xctest' started at 2026-06-01 03:54:31.396.
Test Suite 'CityAppDetailV22RenderProofUITests' started at 2026-06-01 03:54:31.396.
Test Case '-[SpeakLocalNativeUITests.CityAppDetailV22RenderProofUITests testCaptureCityAppDetailV22RenderProofBatch]' started.
    t =     0.00s Start Test at 2026-06-01 03:54:31.397
    t =     0.02s Set Up
    t =     0.02s Open app.speaklocal.vietnam.native
    t =     0.02s     Launch app.speaklocal.vietnam.native
objc[83028]: Class UIAccessibilityLoaderWebShared is implemented in both /Library/Developer/CoreSimulator/Volumes/iOS_23F77/Library/Developer/CoreSimulator/Profiles/Runtimes/iOS 26.5.simruntime/Contents/Resources/RuntimeRoot/System/Library/AccessibilityBundles/WebCore.axbundle/WebCore (0x1086b0310) and /Library/Developer/CoreSimulator/Volumes/iOS_23F77/Library/Developer/CoreSimulator/Profiles/Runtimes/iOS 26.5.simruntime/Contents/Resources/RuntimeRoot/System/Library/AccessibilityBundles/WebKit.axbundle/WebKit (0x1083ec398). This may cause spurious casting failures and mysterious crashes. One of the duplicates must be removed or renamed.
    t =     1.88s         Setting up automation session
    t =     2.46s         Wait for app.speaklocal.vietnam.native to idle
    t =     3.98s Checking existence of `"Chè Sài Gòn ở Thành phố Hồ Chí Minh" StaticText`
    t =     4.15s Waiting 8.0s for "Chè Sài Gòn ở Thành phố Hồ Chí Minh" StaticText to exist
    t =     5.17s     Checking `Expect predicate `existsNoRetry == 1` for object "Chè Sài Gòn ở Thành phố Hồ Chí Minh" StaticText`
    t =     5.17s         Checking existence of `"Chè Sài Gòn ở Thành phố Hồ Chí Minh" StaticText`
    t =     5.34s Swipe up Target Application 'app.speaklocal.vietnam.native'
    t =     5.34s     Wait for app.speaklocal.vietnam.native to idle
    t =     5.34s     Find the Target Application 'app.speaklocal.vietnam.native'
    t =     5.35s     Check for interrupting elements affecting "SpeakLocal Vietnam" Application
    t =     5.37s     Synthesize event
    t =     5.79s     Wait for app.speaklocal.vietnam.native to idle
    t =     7.90s Swipe up Target Application 'app.speaklocal.vietnam.native'
    t =     7.90s     Wait for app.speaklocal.vietnam.native to idle
    t =     7.90s     Find the Target Application 'app.speaklocal.vietnam.native'
    t =     7.93s     Check for interrupting elements affecting "SpeakLocal Vietnam" Application
    t =     7.96s     Synthesize event
    t =     8.38s     Wait for app.speaklocal.vietnam.native to idle
    t =     9.08s Terminate app.speaklocal.vietnam.native:83106
    t =    10.13s Open app.speaklocal.vietnam.native
    t =    10.13s     Launch app.speaklocal.vietnam.native
    t =    10.35s         Setting up automation session
    t =    10.82s         Wait for app.speaklocal.vietnam.native to idle
    t =    12.27s Waiting 4.0s for TabBar (First Match) to exist
    t =    13.29s     Checking `Expect predicate `existsNoRetry == 1` for object TabBar (First Match)`
    t =    13.29s         Checking existence of `TabBar (First Match)`
    t =    13.35s Checking existence of `"PhraseArticle.BottomSentinel.viet-family-city-hcmc-place-che" Other`
    t =    13.44s Checking existence of `"PhraseArticle.BottomSentinel.viet-phrase-city-hcmc-place-che" Other`
    t =    13.47s Find the "PhraseArticle.BottomSentinel.viet-phrase-city-hcmc-place-che" Other
    t =    13.49s Checking existence of `TabBar (First Match)`
    t =    13.49s Find the TabBar (First Match)
    t =    13.50s Find the Target Application 'app.speaklocal.vietnam.native'
    t =    13.59s Terminate app.speaklocal.vietnam.native:83194
    t =    14.66s Tear Down
Test Case '-[SpeakLocalNativeUITests.CityAppDetailV22RenderProofUITests testCaptureCityAppDetailV22RenderProofBatch]' passed (14.715 seconds).
Test Suite 'CityAppDetailV22RenderProofUITests' passed at 2026-06-01 03:54:46.112.
	 Executed 1 test, with 0 failures (0 unexpected) in 14.715 (14.716) seconds
Test Suite 'SpeakLocalNativeUITests.xctest' passed at 2026-06-01 03:54:46.113.
	 Executed 1 test, with 0 failures (0 unexpected) in 14.715 (14.717) seconds
Test Suite 'Selected tests' passed at 2026-06-01 03:54:46.114.
	 Executed 1 test, with 0 failures (0 unexpected) in 14.715 (14.718) seconds

Test session results, code coverage, and logs:
	/Users/jojolim/Library/Developer/XcodeBuildMCP/workspaces/orchestrator-309442864093/DerivedData/SpeakLocalNative-8f3e721625a0/Logs/Test/Test-SpeakLocalNative-2026.06.01_03-54-30-+0700.xcresult

** TEST EXECUTE SUCCEEDED **

Testing started

2026-06-01 03:54:31.460 xcodebuild[83007:7349274] [MT] IDELaunchParametersSnapshot: The operation couldn’t be completed. (DebuggerLLDB.DebuggerVersionStore.StoreError error 0.)
2026-06-01 03:54:31.460 xcodebuild[83007:7349274] [MT] IDELaunchParametersSnapshot: no debugger version
2026-06-01 03:54:41.533 xcodebuild[83007:7349274] [MT] IDELaunchParametersSnapshot: The operation couldn’t be completed. (DebuggerLLDB.DebuggerVersionStore.StoreError error 0.)
2026-06-01 03:54:41.533 xcodebuild[83007:7349274] [MT] IDELaunchParametersSnapshot: no debugger version
2026-06-01 03:54:46.421 xcodebuild[83007:7349274] [MT] IDETestOperationsObserverDebug: 16.208 elapsed -- Testing started completed.
2026-06-01 03:54:46.421 xcodebuild[83007:7349274] [MT] IDETestOperationsObserverDebug: 0.000 sec, +0.000 sec -- start
2026-06-01 03:54:46.421 xcodebuild[83007:7349274] [MT] IDETestOperationsObserverDebug: 16.208 sec, +16.208 sec -- end
