Command line invocation:
    /Applications/Xcode.app/Contents/Developer/usr/bin/xcodebuild test-without-building -project /Users/jojolim/Developer/products/speaklocal/app-family/.worktrees/city-listings-production-ready/native-ios/SpeakLocalNative.xcodeproj -scheme SpeakLocalNative -destination "platform=iOS Simulator,id=7C386DD3-4BF1-4A34-A918-768C43CD1258" -derivedDataPath /Users/jojolim/Library/Developer/XcodeBuildMCP/workspaces/orchestrator-309442864093/DerivedData/SpeakLocalNative-8f3e721625a0 "-only-testing:SpeakLocalNativeUITests/CityAppDetailV22RenderProofUITests/testCaptureCityAppDetailV22RenderProofBatch"

2026-06-01 07:08:13.324065+0700 SpeakLocalNativeUITests-Runner[42173:8191468] [Default] Running tests...
    t =      nans Interface orientation changed to Portrait
Test Suite 'Selected tests' started at 2026-06-01 07:08:13.702.
Test Suite 'SpeakLocalNativeUITests.xctest' started at 2026-06-01 07:08:13.702.
Test Suite 'CityAppDetailV22RenderProofUITests' started at 2026-06-01 07:08:13.702.
Test Case '-[SpeakLocalNativeUITests.CityAppDetailV22RenderProofUITests testCaptureCityAppDetailV22RenderProofBatch]' started.
    t =     0.00s Start Test at 2026-06-01 07:08:13.703
    t =     0.02s Set Up
    t =     0.02s Open app.speaklocal.vietnam.native
    t =     0.02s     Launch app.speaklocal.vietnam.native
objc[42173]: Class UIAccessibilityLoaderWebShared is implemented in both /Library/Developer/CoreSimulator/Volumes/iOS_23F77/Library/Developer/CoreSimulator/Profiles/Runtimes/iOS 26.5.simruntime/Contents/Resources/RuntimeRoot/System/Library/AccessibilityBundles/WebCore.axbundle/WebCore (0x108f0c310) and /Library/Developer/CoreSimulator/Volumes/iOS_23F77/Library/Developer/CoreSimulator/Profiles/Runtimes/iOS 26.5.simruntime/Contents/Resources/RuntimeRoot/System/Library/AccessibilityBundles/WebKit.axbundle/WebKit (0x108384398). This may cause spurious casting failures and mysterious crashes. One of the duplicates must be removed or renamed.
    t =     2.10s         Setting up automation session
    t =     2.52s         Wait for app.speaklocal.vietnam.native to idle
    t =     3.99s Checking existence of `"Miến lươn Chân Cầm" StaticText`
    t =     4.13s Waiting 8.0s for "Miến lươn Chân Cầm" StaticText to exist
    t =     5.16s     Checking `Expect predicate `existsNoRetry == 1` for object "Miến lươn Chân Cầm" StaticText`
    t =     5.17s         Checking existence of `"Miến lươn Chân Cầm" StaticText`
    t =     5.31s Swipe up Target Application 'app.speaklocal.vietnam.native'
    t =     5.31s     Wait for app.speaklocal.vietnam.native to idle
    t =     5.31s     Find the Target Application 'app.speaklocal.vietnam.native'
    t =     5.33s     Check for interrupting elements affecting "SpeakLocal Vietnam" Application
    t =     5.35s     Synthesize event
    t =     5.77s     Wait for app.speaklocal.vietnam.native to idle
    t =     7.87s Swipe up Target Application 'app.speaklocal.vietnam.native'
    t =     7.87s     Wait for app.speaklocal.vietnam.native to idle
    t =     7.98s     Find the Target Application 'app.speaklocal.vietnam.native'
    t =     8.00s     Check for interrupting elements affecting "SpeakLocal Vietnam" Application
    t =     8.02s     Synthesize event
    t =     8.44s     Wait for app.speaklocal.vietnam.native to idle
    t =     9.47s Terminate app.speaklocal.vietnam.native:42253
    t =    10.52s Open app.speaklocal.vietnam.native
    t =    10.52s     Launch app.speaklocal.vietnam.native
    t =    10.73s         Setting up automation session
    t =    11.22s         Wait for app.speaklocal.vietnam.native to idle
    t =    12.67s Waiting 4.0s for TabBar (First Match) to exist
    t =    13.70s     Checking `Expect predicate `existsNoRetry == 1` for object TabBar (First Match)`
    t =    13.70s         Checking existence of `TabBar (First Match)`
    t =    13.73s Checking existence of `"PhraseArticle.BottomSentinel.viet-family-city-hanoi-place-mien-luon-chan-cam" Other`
    t =    13.81s Checking existence of `"PhraseArticle.BottomSentinel.viet-phrase-city-hanoi-place-mien-luon-chan-cam" Other`
    t =    13.83s Find the "PhraseArticle.BottomSentinel.viet-phrase-city-hanoi-place-mien-luon-chan-cam" Other
    t =    13.85s Checking existence of `TabBar (First Match)`
    t =    13.86s Find the TabBar (First Match)
    t =    13.87s Find the Target Application 'app.speaklocal.vietnam.native'
    t =    13.97s Terminate app.speaklocal.vietnam.native:42346
    t =    15.02s Tear Down
Test Case '-[SpeakLocalNativeUITests.CityAppDetailV22RenderProofUITests testCaptureCityAppDetailV22RenderProofBatch]' passed (15.111 seconds).
Test Suite 'CityAppDetailV22RenderProofUITests' passed at 2026-06-01 07:08:28.815.
	 Executed 1 test, with 0 failures (0 unexpected) in 15.111 (15.112) seconds
Test Suite 'SpeakLocalNativeUITests.xctest' passed at 2026-06-01 07:08:28.816.
	 Executed 1 test, with 0 failures (0 unexpected) in 15.111 (15.113) seconds
Test Suite 'Selected tests' passed at 2026-06-01 07:08:28.816.
	 Executed 1 test, with 0 failures (0 unexpected) in 15.111 (15.114) seconds

Test session results, code coverage, and logs:
	/Users/jojolim/Library/Developer/XcodeBuildMCP/workspaces/orchestrator-309442864093/DerivedData/SpeakLocalNative-8f3e721625a0/Logs/Test/Test-SpeakLocalNative-2026.06.01_07-08-12-+0700.xcresult

** TEST EXECUTE SUCCEEDED **

Testing started

2026-06-01 07:08:13.782 xcodebuild[42164:8191238] [MT] IDELaunchParametersSnapshot: The operation couldn’t be completed. (DebuggerLLDB.DebuggerVersionStore.StoreError error 0.)
2026-06-01 07:08:13.782 xcodebuild[42164:8191238] [MT] IDELaunchParametersSnapshot: no debugger version
2026-06-01 07:08:24.225 xcodebuild[42164:8191238] [MT] IDELaunchParametersSnapshot: The operation couldn’t be completed. (DebuggerLLDB.DebuggerVersionStore.StoreError error 0.)
2026-06-01 07:08:24.225 xcodebuild[42164:8191238] [MT] IDELaunchParametersSnapshot: no debugger version
2026-06-01 07:08:29.118 xcodebuild[42164:8191238] [MT] IDETestOperationsObserverDebug: 16.689 elapsed -- Testing started completed.
2026-06-01 07:08:29.118 xcodebuild[42164:8191238] [MT] IDETestOperationsObserverDebug: 0.000 sec, +0.000 sec -- start
2026-06-01 07:08:29.118 xcodebuild[42164:8191238] [MT] IDETestOperationsObserverDebug: 16.689 sec, +16.689 sec -- end
