Command line invocation:
    /Applications/Xcode.app/Contents/Developer/usr/bin/xcodebuild test-without-building -project /Users/jojolim/Developer/products/speaklocal/app-family/.worktrees/city-listings-production-ready/native-ios/SpeakLocalNative.xcodeproj -scheme SpeakLocalNative -destination "platform=iOS Simulator,id=7C386DD3-4BF1-4A34-A918-768C43CD1258" -derivedDataPath /Users/jojolim/Library/Developer/XcodeBuildMCP/workspaces/orchestrator-309442864093/DerivedData/SpeakLocalNative-8f3e721625a0 "-only-testing:SpeakLocalNativeUITests/CityAppDetailV22RenderProofUITests/testCaptureCityAppDetailV22RenderProofBatch"

2026-06-01 08:24:12.974495+0700 SpeakLocalNativeUITests-Runner[30601:8497117] [Default] Running tests...
    t =      nans Interface orientation changed to Portrait
Test Suite 'Selected tests' started at 2026-06-01 08:24:13.343.
Test Suite 'SpeakLocalNativeUITests.xctest' started at 2026-06-01 08:24:13.343.
Test Suite 'CityAppDetailV22RenderProofUITests' started at 2026-06-01 08:24:13.343.
Test Case '-[SpeakLocalNativeUITests.CityAppDetailV22RenderProofUITests testCaptureCityAppDetailV22RenderProofBatch]' started.
    t =     0.00s Start Test at 2026-06-01 08:24:13.343
    t =     0.02s Set Up
    t =     0.02s Open app.speaklocal.vietnam.native
    t =     0.02s     Launch app.speaklocal.vietnam.native
objc[30601]: Class UIAccessibilityLoaderWebShared is implemented in both /Library/Developer/CoreSimulator/Volumes/iOS_23F77/Library/Developer/CoreSimulator/Profiles/Runtimes/iOS 26.5.simruntime/Contents/Resources/RuntimeRoot/System/Library/AccessibilityBundles/WebCore.axbundle/WebCore (0x10ab3c310) and /Library/Developer/CoreSimulator/Volumes/iOS_23F77/Library/Developer/CoreSimulator/Profiles/Runtimes/iOS 26.5.simruntime/Contents/Resources/RuntimeRoot/System/Library/AccessibilityBundles/WebKit.axbundle/WebKit (0x10a368398). This may cause spurious casting failures and mysterious crashes. One of the duplicates must be removed or renamed.
    t =     1.89s         Setting up automation session
    t =     2.35s         Wait for app.speaklocal.vietnam.native to idle
    t =     3.81s Checking existence of `"Ga Đà Nẵng đi Hội An" StaticText`
    t =     3.92s Waiting 8.0s for "Ga Đà Nẵng đi Hội An" StaticText to exist
    t =     4.99s     Checking `Expect predicate `existsNoRetry == 1` for object "Ga Đà Nẵng đi Hội An" StaticText`
    t =     4.99s         Checking existence of `"Ga Đà Nẵng đi Hội An" StaticText`
    t =     5.15s Swipe up Target Application 'app.speaklocal.vietnam.native'
    t =     5.15s     Wait for app.speaklocal.vietnam.native to idle
    t =     5.15s     Find the Target Application 'app.speaklocal.vietnam.native'
    t =     5.17s     Check for interrupting elements affecting "SpeakLocal Vietnam" Application
    t =     5.19s     Synthesize event
    t =     5.60s     Wait for app.speaklocal.vietnam.native to idle
    t =     7.74s Swipe up Target Application 'app.speaklocal.vietnam.native'
    t =     7.74s     Wait for app.speaklocal.vietnam.native to idle
    t =     7.75s     Find the Target Application 'app.speaklocal.vietnam.native'
    t =     7.77s     Check for interrupting elements affecting "SpeakLocal Vietnam" Application
    t =     7.80s     Synthesize event
    t =     8.23s     Wait for app.speaklocal.vietnam.native to idle
    t =     9.10s Terminate app.speaklocal.vietnam.native:30681
    t =    10.16s Open app.speaklocal.vietnam.native
    t =    10.16s     Launch app.speaklocal.vietnam.native
    t =    10.37s         Setting up automation session
    t =    10.83s         Wait for app.speaklocal.vietnam.native to idle
    t =    12.27s Waiting 4.0s for TabBar (First Match) to exist
    t =    13.32s     Checking `Expect predicate `existsNoRetry == 1` for object TabBar (First Match)`
    t =    13.32s         Checking existence of `TabBar (First Match)`
    t =    13.38s Checking existence of `"PhraseArticle.BottomSentinel.viet-family-city-hoian-place-from-danang-railway-station" Other`
    t =    13.46s Checking existence of `"PhraseArticle.BottomSentinel.viet-phrase-city-hoian-place-from-danang-railway-station" Other`
    t =    13.48s Find the "PhraseArticle.BottomSentinel.viet-phrase-city-hoian-place-from-danang-railway-station" Other
    t =    13.50s Checking existence of `TabBar (First Match)`
    t =    13.51s Find the TabBar (First Match)
    t =    13.51s Find the Target Application 'app.speaklocal.vietnam.native'
    t =    13.60s Terminate app.speaklocal.vietnam.native:30790
    t =    14.67s Tear Down
Test Case '-[SpeakLocalNativeUITests.CityAppDetailV22RenderProofUITests testCaptureCityAppDetailV22RenderProofBatch]' passed (14.737 seconds).
Test Suite 'CityAppDetailV22RenderProofUITests' passed at 2026-06-01 08:24:28.080.
	 Executed 1 test, with 0 failures (0 unexpected) in 14.737 (14.738) seconds
Test Suite 'SpeakLocalNativeUITests.xctest' passed at 2026-06-01 08:24:28.081.
	 Executed 1 test, with 0 failures (0 unexpected) in 14.737 (14.738) seconds
Test Suite 'Selected tests' passed at 2026-06-01 08:24:28.082.
	 Executed 1 test, with 0 failures (0 unexpected) in 14.737 (14.739) seconds

Test session results, code coverage, and logs:
	/Users/jojolim/Library/Developer/XcodeBuildMCP/workspaces/orchestrator-309442864093/DerivedData/SpeakLocalNative-8f3e721625a0/Logs/Test/Test-SpeakLocalNative-2026.06.01_08-24-12-+0700.xcresult

** TEST EXECUTE SUCCEEDED **

Testing started

2026-06-01 08:24:13.396 xcodebuild[30597:8496952] [MT] IDELaunchParametersSnapshot: The operation couldn’t be completed. (DebuggerLLDB.DebuggerVersionStore.StoreError error 0.)
2026-06-01 08:24:13.396 xcodebuild[30597:8496952] [MT] IDELaunchParametersSnapshot: no debugger version
2026-06-01 08:24:23.503 xcodebuild[30597:8496952] [MT] IDELaunchParametersSnapshot: The operation couldn’t be completed. (DebuggerLLDB.DebuggerVersionStore.StoreError error 0.)
2026-06-01 08:24:23.503 xcodebuild[30597:8496952] [MT] IDELaunchParametersSnapshot: no debugger version
2026-06-01 08:24:28.387 xcodebuild[30597:8496952] [MT] IDETestOperationsObserverDebug: 16.186 elapsed -- Testing started completed.
2026-06-01 08:24:28.387 xcodebuild[30597:8496952] [MT] IDETestOperationsObserverDebug: 0.000 sec, +0.000 sec -- start
2026-06-01 08:24:28.387 xcodebuild[30597:8496952] [MT] IDETestOperationsObserverDebug: 16.186 sec, +16.186 sec -- end
