Command line invocation:
    /Applications/Xcode.app/Contents/Developer/usr/bin/xcodebuild test-without-building -project /Users/jojolim/Developer/products/speaklocal/app-family/.worktrees/city-listings-production-ready/native-ios/SpeakLocalNative.xcodeproj -scheme SpeakLocalNative -destination "platform=iOS Simulator,id=7C386DD3-4BF1-4A34-A918-768C43CD1258" -derivedDataPath /Users/jojolim/Library/Developer/XcodeBuildMCP/workspaces/orchestrator-309442864093/DerivedData/SpeakLocalNative-8f3e721625a0 "-only-testing:SpeakLocalNativeUITests/CityAppDetailV22RenderProofUITests/testCaptureCityAppDetailV22RenderProofBatch"

2026-06-01 03:20:39.852960+0700 SpeakLocalNativeUITests-Runner[42265:7205022] [Default] Running tests...
    t =      nans Interface orientation changed to Portrait
Test Suite 'Selected tests' started at 2026-06-01 03:20:40.232.
Test Suite 'SpeakLocalNativeUITests.xctest' started at 2026-06-01 03:20:40.233.
Test Suite 'CityAppDetailV22RenderProofUITests' started at 2026-06-01 03:20:40.233.
Test Case '-[SpeakLocalNativeUITests.CityAppDetailV22RenderProofUITests testCaptureCityAppDetailV22RenderProofBatch]' started.
    t =     0.00s Start Test at 2026-06-01 03:20:40.233
    t =     0.02s Set Up
    t =     0.02s Open app.speaklocal.vietnam.native
    t =     0.02s     Launch app.speaklocal.vietnam.native
objc[42265]: Class UIAccessibilityLoaderWebShared is implemented in both /Library/Developer/CoreSimulator/Volumes/iOS_23F77/Library/Developer/CoreSimulator/Profiles/Runtimes/iOS 26.5.simruntime/Contents/Resources/RuntimeRoot/System/Library/AccessibilityBundles/WebCore.axbundle/WebCore (0x10aefc310) and /Library/Developer/CoreSimulator/Volumes/iOS_23F77/Library/Developer/CoreSimulator/Profiles/Runtimes/iOS 26.5.simruntime/Contents/Resources/RuntimeRoot/System/Library/AccessibilityBundles/WebKit.axbundle/WebKit (0x10a748398). This may cause spurious casting failures and mysterious crashes. One of the duplicates must be removed or renamed.
    t =     1.90s         Setting up automation session
    t =     2.39s         Wait for app.speaklocal.vietnam.native to idle
    t =     3.86s Checking existence of `"Wonderlust" StaticText`
    t =     4.00s Waiting 8.0s for "Wonderlust" StaticText to exist
    t =     5.06s     Checking `Expect predicate `existsNoRetry == 1` for object "Wonderlust" StaticText`
    t =     5.06s         Checking existence of `"Wonderlust" StaticText`
    t =     5.23s Swipe up Target Application 'app.speaklocal.vietnam.native'
    t =     5.23s     Wait for app.speaklocal.vietnam.native to idle
    t =     5.23s     Find the Target Application 'app.speaklocal.vietnam.native'
    t =     5.24s     Check for interrupting elements affecting "SpeakLocal Vietnam" Application
    t =     5.26s     Synthesize event
    t =     5.68s     Wait for app.speaklocal.vietnam.native to idle
    t =     7.78s Swipe up Target Application 'app.speaklocal.vietnam.native'
    t =     7.78s     Wait for app.speaklocal.vietnam.native to idle
    t =     7.78s     Find the Target Application 'app.speaklocal.vietnam.native'
    t =     7.80s     Check for interrupting elements affecting "SpeakLocal Vietnam" Application
    t =     7.82s     Synthesize event
    t =     8.25s     Wait for app.speaklocal.vietnam.native to idle
    t =     8.85s Terminate app.speaklocal.vietnam.native:42344
    t =     9.94s Open app.speaklocal.vietnam.native
    t =     9.94s     Launch app.speaklocal.vietnam.native
    t =    10.16s         Setting up automation session
    t =    10.64s         Wait for app.speaklocal.vietnam.native to idle
    t =    12.16s Waiting 4.0s for TabBar (First Match) to exist
    t =    13.22s     Checking `Expect predicate `existsNoRetry == 1` for object TabBar (First Match)`
    t =    13.22s         Checking existence of `TabBar (First Match)`
    t =    13.28s Checking existence of `"PhraseArticle.BottomSentinel.viet-family-city-danang-place-wonderlust" Other`
    t =    13.36s Checking existence of `"PhraseArticle.BottomSentinel.viet-phrase-city-danang-place-wonderlust" Other`
    t =    13.38s Find the "PhraseArticle.BottomSentinel.viet-phrase-city-danang-place-wonderlust" Other
    t =    13.40s Checking existence of `TabBar (First Match)`
    t =    13.41s Find the TabBar (First Match)
    t =    13.41s Find the Target Application 'app.speaklocal.vietnam.native'
    t =    13.50s Terminate app.speaklocal.vietnam.native:42431
    t =    14.59s Tear Down
Test Case '-[SpeakLocalNativeUITests.CityAppDetailV22RenderProofUITests testCaptureCityAppDetailV22RenderProofBatch]' passed (14.653 seconds).
Test Suite 'CityAppDetailV22RenderProofUITests' passed at 2026-06-01 03:20:54.887.
	 Executed 1 test, with 0 failures (0 unexpected) in 14.653 (14.655) seconds
Test Suite 'SpeakLocalNativeUITests.xctest' passed at 2026-06-01 03:20:54.889.
	 Executed 1 test, with 0 failures (0 unexpected) in 14.653 (14.656) seconds
Test Suite 'Selected tests' passed at 2026-06-01 03:20:54.889.
	 Executed 1 test, with 0 failures (0 unexpected) in 14.653 (14.657) seconds

Test session results, code coverage, and logs:
	/Users/jojolim/Library/Developer/XcodeBuildMCP/workspaces/orchestrator-309442864093/DerivedData/SpeakLocalNative-8f3e721625a0/Logs/Test/Test-SpeakLocalNative-2026.06.01_03-20-38-+0700.xcresult

** TEST EXECUTE SUCCEEDED **

Testing started

2026-06-01 03:20:40.299 xcodebuild[42260:7204847] [MT] IDELaunchParametersSnapshot: The operation couldn’t be completed. (DebuggerLLDB.DebuggerVersionStore.StoreError error 0.)
2026-06-01 03:20:40.299 xcodebuild[42260:7204847] [MT] IDELaunchParametersSnapshot: no debugger version
2026-06-01 03:20:50.177 xcodebuild[42260:7204847] [MT] IDELaunchParametersSnapshot: The operation couldn’t be completed. (DebuggerLLDB.DebuggerVersionStore.StoreError error 0.)
2026-06-01 03:20:50.177 xcodebuild[42260:7204847] [MT] IDELaunchParametersSnapshot: no debugger version
2026-06-01 03:20:55.192 xcodebuild[42260:7204847] [MT] IDETestOperationsObserverDebug: 16.140 elapsed -- Testing started completed.
2026-06-01 03:20:55.192 xcodebuild[42260:7204847] [MT] IDETestOperationsObserverDebug: 0.000 sec, +0.000 sec -- start
2026-06-01 03:20:55.192 xcodebuild[42260:7204847] [MT] IDETestOperationsObserverDebug: 16.140 sec, +16.140 sec -- end
