Command line invocation:
    /Applications/Xcode.app/Contents/Developer/usr/bin/xcodebuild test-without-building -project /Users/jojolim/Developer/products/speaklocal/app-family/.worktrees/city-listings-production-ready/native-ios/SpeakLocalNative.xcodeproj -scheme SpeakLocalNative -destination "platform=iOS Simulator,id=7C386DD3-4BF1-4A34-A918-768C43CD1258" -derivedDataPath /Users/jojolim/Library/Developer/XcodeBuildMCP/workspaces/orchestrator-309442864093/DerivedData/SpeakLocalNative-8f3e721625a0 "-only-testing:SpeakLocalNativeUITests/CityAppDetailV22RenderProofUITests/testCaptureCityAppDetailV22RenderProofBatch"

2026-06-01 06:55:30.496702+0700 SpeakLocalNativeUITests-Runner[25585:8131185] [Default] Running tests...
    t =      nans Interface orientation changed to Portrait
Test Suite 'Selected tests' started at 2026-06-01 06:55:30.861.
Test Suite 'SpeakLocalNativeUITests.xctest' started at 2026-06-01 06:55:30.862.
Test Suite 'CityAppDetailV22RenderProofUITests' started at 2026-06-01 06:55:30.862.
Test Case '-[SpeakLocalNativeUITests.CityAppDetailV22RenderProofUITests testCaptureCityAppDetailV22RenderProofBatch]' started.
    t =     0.00s Start Test at 2026-06-01 06:55:30.862
    t =     0.02s Set Up
    t =     0.02s Open app.speaklocal.vietnam.native
    t =     0.02s     Launch app.speaklocal.vietnam.native
objc[25585]: Class UIAccessibilityLoaderWebShared is implemented in both /Library/Developer/CoreSimulator/Volumes/iOS_23F77/Library/Developer/CoreSimulator/Profiles/Runtimes/iOS 26.5.simruntime/Contents/Resources/RuntimeRoot/System/Library/AccessibilityBundles/WebCore.axbundle/WebCore (0x1069c4310) and /Library/Developer/CoreSimulator/Volumes/iOS_23F77/Library/Developer/CoreSimulator/Profiles/Runtimes/iOS 26.5.simruntime/Contents/Resources/RuntimeRoot/System/Library/AccessibilityBundles/WebKit.axbundle/WebKit (0x105ec0398). This may cause spurious casting failures and mysterious crashes. One of the duplicates must be removed or renamed.
    t =     1.90s         Setting up automation session
    t =     2.35s         Wait for app.speaklocal.vietnam.native to idle
    t =     3.82s Checking existence of `"Nem cua bể ở Hà Nội" StaticText`
    t =     3.96s Waiting 8.0s for "Nem cua bể ở Hà Nội" StaticText to exist
    t =     5.02s     Checking `Expect predicate `existsNoRetry == 1` for object "Nem cua bể ở Hà Nội" StaticText`
    t =     5.02s         Checking existence of `"Nem cua bể ở Hà Nội" StaticText`
    t =     5.18s Swipe up Target Application 'app.speaklocal.vietnam.native'
    t =     5.18s     Wait for app.speaklocal.vietnam.native to idle
    t =     5.18s     Find the Target Application 'app.speaklocal.vietnam.native'
    t =     5.19s     Check for interrupting elements affecting "SpeakLocal Vietnam" Application
    t =     5.21s     Synthesize event
    t =     5.64s     Wait for app.speaklocal.vietnam.native to idle
    t =     7.74s Swipe up Target Application 'app.speaklocal.vietnam.native'
    t =     7.74s     Wait for app.speaklocal.vietnam.native to idle
    t =     7.74s     Find the Target Application 'app.speaklocal.vietnam.native'
    t =     7.76s     Check for interrupting elements affecting "SpeakLocal Vietnam" Application
    t =     7.78s     Synthesize event
    t =     8.21s     Wait for app.speaklocal.vietnam.native to idle
    t =     9.05s Terminate app.speaklocal.vietnam.native:25607
    t =    10.12s Open app.speaklocal.vietnam.native
    t =    10.12s     Launch app.speaklocal.vietnam.native
    t =    10.34s         Setting up automation session
    t =    10.84s         Wait for app.speaklocal.vietnam.native to idle
    t =    12.33s Waiting 4.0s for TabBar (First Match) to exist
    t =    13.39s     Checking `Expect predicate `existsNoRetry == 1` for object TabBar (First Match)`
    t =    13.39s         Checking existence of `TabBar (First Match)`
    t =    13.45s Checking existence of `"PhraseArticle.BottomSentinel.viet-family-city-hanoi-place-nem-cua-be" Other`
    t =    13.52s Checking existence of `"PhraseArticle.BottomSentinel.viet-phrase-city-hanoi-place-nem-cua-be" Other`
    t =    13.55s Find the "PhraseArticle.BottomSentinel.viet-phrase-city-hanoi-place-nem-cua-be" Other
    t =    13.57s Checking existence of `TabBar (First Match)`
    t =    13.57s Find the TabBar (First Match)
    t =    13.58s Find the Target Application 'app.speaklocal.vietnam.native'
    t =    13.67s Terminate app.speaklocal.vietnam.native:25771
    t =    14.74s Tear Down
Test Case '-[SpeakLocalNativeUITests.CityAppDetailV22RenderProofUITests testCaptureCityAppDetailV22RenderProofBatch]' passed (14.805 seconds).
Test Suite 'CityAppDetailV22RenderProofUITests' passed at 2026-06-01 06:55:45.668.
	 Executed 1 test, with 0 failures (0 unexpected) in 14.805 (14.806) seconds
Test Suite 'SpeakLocalNativeUITests.xctest' passed at 2026-06-01 06:55:45.669.
	 Executed 1 test, with 0 failures (0 unexpected) in 14.805 (14.807) seconds
Test Suite 'Selected tests' passed at 2026-06-01 06:55:45.670.
	 Executed 1 test, with 0 failures (0 unexpected) in 14.805 (14.808) seconds

Test session results, code coverage, and logs:
	/Users/jojolim/Library/Developer/XcodeBuildMCP/workspaces/orchestrator-309442864093/DerivedData/SpeakLocalNative-8f3e721625a0/Logs/Test/Test-SpeakLocalNative-2026.06.01_06-55-29-+0700.xcresult

** TEST EXECUTE SUCCEEDED **

Testing started

2026-06-01 06:55:30.922 xcodebuild[25579:8131012] [MT] IDELaunchParametersSnapshot: The operation couldn’t be completed. (DebuggerLLDB.DebuggerVersionStore.StoreError error 0.)
2026-06-01 06:55:30.922 xcodebuild[25579:8131012] [MT] IDELaunchParametersSnapshot: no debugger version
2026-06-01 06:55:40.987 xcodebuild[25579:8131012] [MT] IDELaunchParametersSnapshot: The operation couldn’t be completed. (DebuggerLLDB.DebuggerVersionStore.StoreError error 0.)
2026-06-01 06:55:40.987 xcodebuild[25579:8131012] [MT] IDELaunchParametersSnapshot: no debugger version
2026-06-01 06:55:45.976 xcodebuild[25579:8131012] [MT] IDETestOperationsObserverDebug: 16.263 elapsed -- Testing started completed.
2026-06-01 06:55:45.976 xcodebuild[25579:8131012] [MT] IDETestOperationsObserverDebug: 0.000 sec, +0.000 sec -- start
2026-06-01 06:55:45.976 xcodebuild[25579:8131012] [MT] IDETestOperationsObserverDebug: 16.263 sec, +16.263 sec -- end
