Command line invocation:
    /Applications/Xcode.app/Contents/Developer/usr/bin/xcodebuild test-without-building -project /Users/jojolim/Developer/products/speaklocal/app-family/.worktrees/city-listings-production-ready/native-ios/SpeakLocalNative.xcodeproj -scheme SpeakLocalNative -destination "platform=iOS Simulator,id=7C386DD3-4BF1-4A34-A918-768C43CD1258" -derivedDataPath /Users/jojolim/Library/Developer/XcodeBuildMCP/workspaces/orchestrator-309442864093/DerivedData/SpeakLocalNative-8f3e721625a0 "-only-testing:SpeakLocalNativeUITests/CityAppDetailV22RenderProofUITests/testCaptureCityAppDetailV22RenderProofBatch"

2026-06-01 04:10:29.209660+0700 SpeakLocalNativeUITests-Runner[3537:7422225] [Default] Running tests...
    t =      nans Interface orientation changed to Portrait
Test Suite 'Selected tests' started at 2026-06-01 04:10:29.582.
Test Suite 'SpeakLocalNativeUITests.xctest' started at 2026-06-01 04:10:29.582.
Test Suite 'CityAppDetailV22RenderProofUITests' started at 2026-06-01 04:10:29.582.
Test Case '-[SpeakLocalNativeUITests.CityAppDetailV22RenderProofUITests testCaptureCityAppDetailV22RenderProofBatch]' started.
    t =     0.00s Start Test at 2026-06-01 04:10:29.582
    t =     0.02s Set Up
    t =     0.02s Open app.speaklocal.vietnam.native
    t =     0.02s     Launch app.speaklocal.vietnam.native
objc[3537]: Class UIAccessibilityLoaderWebShared is implemented in both /Library/Developer/CoreSimulator/Volumes/iOS_23F77/Library/Developer/CoreSimulator/Profiles/Runtimes/iOS 26.5.simruntime/Contents/Resources/RuntimeRoot/System/Library/AccessibilityBundles/WebCore.axbundle/WebCore (0x108454310) and /Library/Developer/CoreSimulator/Volumes/iOS_23F77/Library/Developer/CoreSimulator/Profiles/Runtimes/iOS 26.5.simruntime/Contents/Resources/RuntimeRoot/System/Library/AccessibilityBundles/WebKit.axbundle/WebKit (0x108190398). This may cause spurious casting failures and mysterious crashes. One of the duplicates must be removed or renamed.
    t =     1.88s         Setting up automation session
    t =     2.30s         Wait for app.speaklocal.vietnam.native to idle
    t =     3.80s Checking existence of `"Bánh lọc Bà Vân" StaticText`
    t =     3.96s Waiting 8.0s for "Bánh lọc Bà Vân" StaticText to exist
    t =     4.99s     Checking `Expect predicate `existsNoRetry == 1` for object "Bánh lọc Bà Vân" StaticText`
    t =     4.99s         Checking existence of `"Bánh lọc Bà Vân" StaticText`
    t =     5.15s Swipe up Target Application 'app.speaklocal.vietnam.native'
    t =     5.15s     Wait for app.speaklocal.vietnam.native to idle
    t =     5.15s     Find the Target Application 'app.speaklocal.vietnam.native'
    t =     5.16s     Check for interrupting elements affecting "SpeakLocal Vietnam" Application
    t =     5.18s     Synthesize event
    t =     5.60s     Wait for app.speaklocal.vietnam.native to idle
    t =     7.70s Swipe up Target Application 'app.speaklocal.vietnam.native'
    t =     7.70s     Wait for app.speaklocal.vietnam.native to idle
    t =     7.71s     Find the Target Application 'app.speaklocal.vietnam.native'
    t =     7.74s     Check for interrupting elements affecting "SpeakLocal Vietnam" Application
    t =     7.77s     Synthesize event
    t =     8.19s     Wait for app.speaklocal.vietnam.native to idle
    t =     8.89s Terminate app.speaklocal.vietnam.native:3636
    t =     9.94s Open app.speaklocal.vietnam.native
    t =     9.94s     Launch app.speaklocal.vietnam.native
    t =    10.15s         Setting up automation session
    t =    10.63s         Wait for app.speaklocal.vietnam.native to idle
    t =    12.12s Waiting 4.0s for TabBar (First Match) to exist
    t =    13.15s     Checking `Expect predicate `existsNoRetry == 1` for object TabBar (First Match)`
    t =    13.15s         Checking existence of `TabBar (First Match)`
    t =    13.21s Checking existence of `"PhraseArticle.BottomSentinel.viet-family-city-hue-place-ba-van-banh-loc" Other`
    t =    13.30s Checking existence of `"PhraseArticle.BottomSentinel.viet-phrase-city-hue-place-ba-van-banh-loc" Other`
    t =    13.32s Find the "PhraseArticle.BottomSentinel.viet-phrase-city-hue-place-ba-van-banh-loc" Other
    t =    13.34s Checking existence of `TabBar (First Match)`
    t =    13.35s Find the TabBar (First Match)
    t =    13.36s Find the Target Application 'app.speaklocal.vietnam.native'
    t =    13.45s Terminate app.speaklocal.vietnam.native:3725
    t =    14.49s Tear Down
Test Case '-[SpeakLocalNativeUITests.CityAppDetailV22RenderProofUITests testCaptureCityAppDetailV22RenderProofBatch]' passed (14.545 seconds).
Test Suite 'CityAppDetailV22RenderProofUITests' passed at 2026-06-01 04:10:44.128.
	 Executed 1 test, with 0 failures (0 unexpected) in 14.545 (14.547) seconds
Test Suite 'SpeakLocalNativeUITests.xctest' passed at 2026-06-01 04:10:44.129.
	 Executed 1 test, with 0 failures (0 unexpected) in 14.545 (14.547) seconds
Test Suite 'Selected tests' passed at 2026-06-01 04:10:44.130.
	 Executed 1 test, with 0 failures (0 unexpected) in 14.545 (14.548) seconds

Test session results, code coverage, and logs:
	/Users/jojolim/Library/Developer/XcodeBuildMCP/workspaces/orchestrator-309442864093/DerivedData/SpeakLocalNative-8f3e721625a0/Logs/Test/Test-SpeakLocalNative-2026.06.01_04-10-28-+0700.xcresult

** TEST EXECUTE SUCCEEDED **

Testing started

2026-06-01 04:10:29.646 xcodebuild[3531:7422031] [MT] IDELaunchParametersSnapshot: The operation couldn’t be completed. (DebuggerLLDB.DebuggerVersionStore.StoreError error 0.)
2026-06-01 04:10:29.646 xcodebuild[3531:7422031] [MT] IDELaunchParametersSnapshot: no debugger version
2026-06-01 04:10:39.522 xcodebuild[3531:7422031] [MT] IDELaunchParametersSnapshot: The operation couldn’t be completed. (DebuggerLLDB.DebuggerVersionStore.StoreError error 0.)
2026-06-01 04:10:39.522 xcodebuild[3531:7422031] [MT] IDELaunchParametersSnapshot: no debugger version
2026-06-01 04:10:44.440 xcodebuild[3531:7422031] [MT] IDETestOperationsObserverDebug: 16.123 elapsed -- Testing started completed.
2026-06-01 04:10:44.440 xcodebuild[3531:7422031] [MT] IDETestOperationsObserverDebug: 0.000 sec, +0.000 sec -- start
2026-06-01 04:10:44.440 xcodebuild[3531:7422031] [MT] IDETestOperationsObserverDebug: 16.123 sec, +16.123 sec -- end
