Command line invocation:
    /Applications/Xcode.app/Contents/Developer/usr/bin/xcodebuild test-without-building -project /Users/jojolim/Developer/products/speaklocal/app-family/.worktrees/city-listings-production-ready/native-ios/SpeakLocalNative.xcodeproj -scheme SpeakLocalNative -destination "platform=iOS Simulator,id=7C386DD3-4BF1-4A34-A918-768C43CD1258" -derivedDataPath /Users/jojolim/Library/Developer/XcodeBuildMCP/workspaces/orchestrator-309442864093/DerivedData/SpeakLocalNative-8f3e721625a0 "-only-testing:SpeakLocalNativeUITests/CityAppDetailV22RenderProofUITests/testCaptureCityAppDetailV22RenderProofBatch"

2026-06-01 09:00:30.911488+0700 SpeakLocalNativeUITests-Runner[56998:8616422] [Default] Running tests...
    t =      nans Interface orientation changed to Portrait
Test Suite 'Selected tests' started at 2026-06-01 09:00:31.280.
Test Suite 'SpeakLocalNativeUITests.xctest' started at 2026-06-01 09:00:31.280.
Test Suite 'CityAppDetailV22RenderProofUITests' started at 2026-06-01 09:00:31.280.
Test Case '-[SpeakLocalNativeUITests.CityAppDetailV22RenderProofUITests testCaptureCityAppDetailV22RenderProofBatch]' started.
    t =     0.00s Start Test at 2026-06-01 09:00:31.281
    t =     0.02s Set Up
    t =     0.02s Open app.speaklocal.vietnam.native
    t =     0.02s     Launch app.speaklocal.vietnam.native
objc[56998]: Class UIAccessibilityLoaderWebShared is implemented in both /Library/Developer/CoreSimulator/Volumes/iOS_23F77/Library/Developer/CoreSimulator/Profiles/Runtimes/iOS 26.5.simruntime/Contents/Resources/RuntimeRoot/System/Library/AccessibilityBundles/WebCore.axbundle/WebCore (0x10a550310) and /Library/Developer/CoreSimulator/Volumes/iOS_23F77/Library/Developer/CoreSimulator/Profiles/Runtimes/iOS 26.5.simruntime/Contents/Resources/RuntimeRoot/System/Library/AccessibilityBundles/WebKit.axbundle/WebKit (0x109db0398). This may cause spurious casting failures and mysterious crashes. One of the duplicates must be removed or renamed.
    t =     1.89s         Setting up automation session
    t =     2.29s         Wait for app.speaklocal.vietnam.native to idle
    t =     3.78s Checking existence of `"Núi Ngự Bình" StaticText`
    t =     3.92s Waiting 8.0s for "Núi Ngự Bình" StaticText to exist
    t =     4.97s     Checking `Expect predicate `existsNoRetry == 1` for object "Núi Ngự Bình" StaticText`
    t =     4.97s         Checking existence of `"Núi Ngự Bình" StaticText`
    t =     5.12s Swipe up Target Application 'app.speaklocal.vietnam.native'
    t =     5.12s     Wait for app.speaklocal.vietnam.native to idle
    t =     5.12s     Find the Target Application 'app.speaklocal.vietnam.native'
    t =     5.13s     Check for interrupting elements affecting "SpeakLocal Vietnam" Application
    t =     5.15s     Synthesize event
    t =     5.57s     Wait for app.speaklocal.vietnam.native to idle
    t =     7.73s Swipe up Target Application 'app.speaklocal.vietnam.native'
    t =     7.73s     Wait for app.speaklocal.vietnam.native to idle
    t =     7.73s     Find the Target Application 'app.speaklocal.vietnam.native'
    t =     7.75s     Check for interrupting elements affecting "SpeakLocal Vietnam" Application
    t =     7.77s     Synthesize event
    t =     8.20s     Wait for app.speaklocal.vietnam.native to idle
    t =     9.04s Terminate app.speaklocal.vietnam.native:57002
    t =    10.12s Open app.speaklocal.vietnam.native
    t =    10.12s     Launch app.speaklocal.vietnam.native
    t =    10.33s         Setting up automation session
    t =    10.78s         Wait for app.speaklocal.vietnam.native to idle
    t =    12.27s Waiting 4.0s for TabBar (First Match) to exist
    t =    13.30s     Checking `Expect predicate `existsNoRetry == 1` for object TabBar (First Match)`
    t =    13.30s         Checking existence of `TabBar (First Match)`
    t =    13.35s Checking existence of `"PhraseArticle.BottomSentinel.viet-family-city-hue-place-ngu-binh-mountain" Other`
    t =    13.44s Checking existence of `"PhraseArticle.BottomSentinel.viet-phrase-city-hue-place-ngu-binh-mountain" Other`
    t =    13.46s Find the "PhraseArticle.BottomSentinel.viet-phrase-city-hue-place-ngu-binh-mountain" Other
    t =    13.48s Checking existence of `TabBar (First Match)`
    t =    13.49s Find the TabBar (First Match)
    t =    13.49s Find the Target Application 'app.speaklocal.vietnam.native'
    t =    13.59s Terminate app.speaklocal.vietnam.native:57025
    t =    14.64s Tear Down
Test Case '-[SpeakLocalNativeUITests.CityAppDetailV22RenderProofUITests testCaptureCityAppDetailV22RenderProofBatch]' passed (14.683 seconds).
Test Suite 'CityAppDetailV22RenderProofUITests' passed at 2026-06-01 09:00:45.966.
	 Executed 1 test, with 0 failures (0 unexpected) in 14.683 (14.685) seconds
Test Suite 'SpeakLocalNativeUITests.xctest' passed at 2026-06-01 09:00:45.967.
	 Executed 1 test, with 0 failures (0 unexpected) in 14.683 (14.686) seconds
Test Suite 'Selected tests' passed at 2026-06-01 09:00:45.968.
	 Executed 1 test, with 0 failures (0 unexpected) in 14.683 (14.687) seconds

Test session results, code coverage, and logs:
	/Users/jojolim/Library/Developer/XcodeBuildMCP/workspaces/orchestrator-309442864093/DerivedData/SpeakLocalNative-8f3e721625a0/Logs/Test/Test-SpeakLocalNative-2026.06.01_09-00-29-+0700.xcresult

** TEST EXECUTE SUCCEEDED **

Testing started

2026-06-01 09:00:31.340 xcodebuild[56989:8616223] [MT] IDELaunchParametersSnapshot: The operation couldn’t be completed. (DebuggerLLDB.DebuggerVersionStore.StoreError error 0.)
2026-06-01 09:00:31.340 xcodebuild[56989:8616223] [MT] IDELaunchParametersSnapshot: no debugger version
2026-06-01 09:00:41.402 xcodebuild[56989:8616223] [MT] IDELaunchParametersSnapshot: The operation couldn’t be completed. (DebuggerLLDB.DebuggerVersionStore.StoreError error 0.)
2026-06-01 09:00:41.402 xcodebuild[56989:8616223] [MT] IDELaunchParametersSnapshot: no debugger version
2026-06-01 09:00:46.278 xcodebuild[56989:8616223] [MT] IDETestOperationsObserverDebug: 16.231 elapsed -- Testing started completed.
2026-06-01 09:00:46.278 xcodebuild[56989:8616223] [MT] IDETestOperationsObserverDebug: 0.000 sec, +0.000 sec -- start
2026-06-01 09:00:46.278 xcodebuild[56989:8616223] [MT] IDETestOperationsObserverDebug: 16.231 sec, +16.231 sec -- end
