Command line invocation:
    /Applications/Xcode.app/Contents/Developer/usr/bin/xcodebuild test-without-building -project /Users/jojolim/Developer/products/speaklocal/app-family/.worktrees/city-listings-production-ready/native-ios/SpeakLocalNative.xcodeproj -scheme SpeakLocalNative -destination "platform=iOS Simulator,id=7C386DD3-4BF1-4A34-A918-768C43CD1258" -derivedDataPath /Users/jojolim/Library/Developer/XcodeBuildMCP/workspaces/orchestrator-309442864093/DerivedData/SpeakLocalNative-8f3e721625a0 "-only-testing:SpeakLocalNativeUITests/CityAppDetailV22RenderProofUITests/testCaptureCityAppDetailV22RenderProofBatch"

2026-06-01 04:24:52.180806+0700 SpeakLocalNativeUITests-Runner[20865:7480380] [Default] Running tests...
    t =      nans Interface orientation changed to Portrait
Test Suite 'Selected tests' started at 2026-06-01 04:24:52.557.
Test Suite 'SpeakLocalNativeUITests.xctest' started at 2026-06-01 04:24:52.557.
Test Suite 'CityAppDetailV22RenderProofUITests' started at 2026-06-01 04:24:52.557.
Test Case '-[SpeakLocalNativeUITests.CityAppDetailV22RenderProofUITests testCaptureCityAppDetailV22RenderProofBatch]' started.
    t =     0.00s Start Test at 2026-06-01 04:24:52.558
    t =     0.02s Set Up
    t =     0.02s Open app.speaklocal.vietnam.native
    t =     0.02s     Launch app.speaklocal.vietnam.native
objc[20865]: Class UIAccessibilityLoaderWebShared is implemented in both /Library/Developer/CoreSimulator/Volumes/iOS_23F77/Library/Developer/CoreSimulator/Profiles/Runtimes/iOS 26.5.simruntime/Contents/Resources/RuntimeRoot/System/Library/AccessibilityBundles/WebCore.axbundle/WebCore (0x10a670310) and /Library/Developer/CoreSimulator/Volumes/iOS_23F77/Library/Developer/CoreSimulator/Profiles/Runtimes/iOS 26.5.simruntime/Contents/Resources/RuntimeRoot/System/Library/AccessibilityBundles/WebKit.axbundle/WebKit (0x10a408398). This may cause spurious casting failures and mysterious crashes. One of the duplicates must be removed or renamed.
    t =     1.90s         Setting up automation session
    t =     2.38s         Wait for app.speaklocal.vietnam.native to idle
    t =     3.89s Checking existence of `"Bảo tàng Áo Dài" StaticText`
    t =     4.07s Waiting 8.0s for "Bảo tàng Áo Dài" StaticText to exist
    t =     5.14s     Checking `Expect predicate `existsNoRetry == 1` for object "Bảo tàng Áo Dài" StaticText`
    t =     5.14s         Checking existence of `"Bảo tàng Áo Dài" StaticText`
    t =     5.30s Swipe up Target Application 'app.speaklocal.vietnam.native'
    t =     5.30s     Wait for app.speaklocal.vietnam.native to idle
    t =     5.30s     Find the Target Application 'app.speaklocal.vietnam.native'
    t =     5.32s     Check for interrupting elements affecting "SpeakLocal Vietnam" Application
    t =     5.34s     Synthesize event
    t =     5.76s     Wait for app.speaklocal.vietnam.native to idle
    t =     7.86s Swipe up Target Application 'app.speaklocal.vietnam.native'
    t =     7.86s     Wait for app.speaklocal.vietnam.native to idle
    t =     7.87s     Find the Target Application 'app.speaklocal.vietnam.native'
    t =     7.90s     Check for interrupting elements affecting "SpeakLocal Vietnam" Application
    t =     7.93s     Synthesize event
    t =     8.35s     Wait for app.speaklocal.vietnam.native to idle
    t =     9.21s Terminate app.speaklocal.vietnam.native:20943
    t =    10.31s Open app.speaklocal.vietnam.native
    t =    10.31s     Launch app.speaklocal.vietnam.native
    t =    10.52s         Setting up automation session
    t =    11.02s         Wait for app.speaklocal.vietnam.native to idle
    t =    12.53s Waiting 4.0s for TabBar (First Match) to exist
    t =    13.61s     Checking `Expect predicate `existsNoRetry == 1` for object TabBar (First Match)`
    t =    13.61s         Checking existence of `TabBar (First Match)`
    t =    13.67s Checking existence of `"PhraseArticle.BottomSentinel.viet-family-city-hcmc-place-ao-dai-museum" Other`
    t =    13.76s Checking existence of `"PhraseArticle.BottomSentinel.viet-phrase-city-hcmc-place-ao-dai-museum" Other`
    t =    13.78s Find the "PhraseArticle.BottomSentinel.viet-phrase-city-hcmc-place-ao-dai-museum" Other
    t =    13.81s Checking existence of `TabBar (First Match)`
    t =    13.81s Find the TabBar (First Match)
    t =    13.82s Find the Target Application 'app.speaklocal.vietnam.native'
    t =    13.91s Terminate app.speaklocal.vietnam.native:21054
    t =    15.00s Tear Down
Test Case '-[SpeakLocalNativeUITests.CityAppDetailV22RenderProofUITests testCaptureCityAppDetailV22RenderProofBatch]' passed (15.044 seconds).
Test Suite 'CityAppDetailV22RenderProofUITests' passed at 2026-06-01 04:25:07.603.
	 Executed 1 test, with 0 failures (0 unexpected) in 15.044 (15.045) seconds
Test Suite 'SpeakLocalNativeUITests.xctest' passed at 2026-06-01 04:25:07.603.
	 Executed 1 test, with 0 failures (0 unexpected) in 15.044 (15.046) seconds
Test Suite 'Selected tests' passed at 2026-06-01 04:25:07.604.
	 Executed 1 test, with 0 failures (0 unexpected) in 15.044 (15.047) seconds

Test session results, code coverage, and logs:
	/Users/jojolim/Library/Developer/XcodeBuildMCP/workspaces/orchestrator-309442864093/DerivedData/SpeakLocalNative-8f3e721625a0/Logs/Test/Test-SpeakLocalNative-2026.06.01_04-24-51-+0700.xcresult

** TEST EXECUTE SUCCEEDED **

Testing started

2026-06-01 04:24:52.614 xcodebuild[20861:7480206] [MT] IDELaunchParametersSnapshot: The operation couldn’t be completed. (DebuggerLLDB.DebuggerVersionStore.StoreError error 0.)
2026-06-01 04:24:52.614 xcodebuild[20861:7480206] [MT] IDELaunchParametersSnapshot: no debugger version
2026-06-01 04:25:02.867 xcodebuild[20861:7480206] [MT] IDELaunchParametersSnapshot: The operation couldn’t be completed. (DebuggerLLDB.DebuggerVersionStore.StoreError error 0.)
2026-06-01 04:25:02.867 xcodebuild[20861:7480206] [MT] IDELaunchParametersSnapshot: no debugger version
2026-06-01 04:25:07.919 xcodebuild[20861:7480206] [MT] IDETestOperationsObserverDebug: 16.555 elapsed -- Testing started completed.
2026-06-01 04:25:07.919 xcodebuild[20861:7480206] [MT] IDETestOperationsObserverDebug: 0.000 sec, +0.000 sec -- start
2026-06-01 04:25:07.919 xcodebuild[20861:7480206] [MT] IDETestOperationsObserverDebug: 16.555 sec, +16.555 sec -- end
