Command line invocation:
    /Applications/Xcode.app/Contents/Developer/usr/bin/xcodebuild test-without-building -project /Users/jojolim/Developer/products/speaklocal/app-family/.worktrees/city-listings-production-ready/native-ios/SpeakLocalNative.xcodeproj -scheme SpeakLocalNative -destination "platform=iOS Simulator,id=7C386DD3-4BF1-4A34-A918-768C43CD1258" -derivedDataPath /Users/jojolim/Library/Developer/XcodeBuildMCP/workspaces/orchestrator-309442864093/DerivedData/SpeakLocalNative-8f3e721625a0 "-only-testing:SpeakLocalNativeUITests/CityAppDetailV22RenderProofUITests/testCaptureCityAppDetailV22RenderProofBatch"

2026-06-01 07:09:04.652207+0700 SpeakLocalNativeUITests-Runner[43016:8195277] [Default] Running tests...
    t =      nans Interface orientation changed to Portrait
Test Suite 'Selected tests' started at 2026-06-01 07:09:05.019.
Test Suite 'SpeakLocalNativeUITests.xctest' started at 2026-06-01 07:09:05.019.
Test Suite 'CityAppDetailV22RenderProofUITests' started at 2026-06-01 07:09:05.019.
Test Case '-[SpeakLocalNativeUITests.CityAppDetailV22RenderProofUITests testCaptureCityAppDetailV22RenderProofBatch]' started.
    t =     0.00s Start Test at 2026-06-01 07:09:05.020
    t =     0.02s Set Up
    t =     0.02s Open app.speaklocal.vietnam.native
    t =     0.02s     Launch app.speaklocal.vietnam.native
objc[43016]: Class UIAccessibilityLoaderWebShared is implemented in both /Library/Developer/CoreSimulator/Volumes/iOS_23F77/Library/Developer/CoreSimulator/Profiles/Runtimes/iOS 26.5.simruntime/Contents/Resources/RuntimeRoot/System/Library/AccessibilityBundles/WebCore.axbundle/WebCore (0x10a38c310) and /Library/Developer/CoreSimulator/Volumes/iOS_23F77/Library/Developer/CoreSimulator/Profiles/Runtimes/iOS 26.5.simruntime/Contents/Resources/RuntimeRoot/System/Library/AccessibilityBundles/WebKit.axbundle/WebKit (0x109c2c398). This may cause spurious casting failures and mysterious crashes. One of the duplicates must be removed or renamed.
    t =     1.89s         Setting up automation session
    t =     2.45s         Wait for app.speaklocal.vietnam.native to idle
    t =     3.92s Checking existence of `"Phố cổ Hà Nội" StaticText`
    t =     4.06s Waiting 8.0s for "Phố cổ Hà Nội" StaticText to exist
    t =     5.09s     Checking `Expect predicate `existsNoRetry == 1` for object "Phố cổ Hà Nội" StaticText`
    t =     5.09s         Checking existence of `"Phố cổ Hà Nội" StaticText`
    t =     5.27s Swipe up Target Application 'app.speaklocal.vietnam.native'
    t =     5.27s     Wait for app.speaklocal.vietnam.native to idle
    t =     5.27s     Find the Target Application 'app.speaklocal.vietnam.native'
    t =     5.29s     Check for interrupting elements affecting "SpeakLocal Vietnam" Application
    t =     5.31s     Synthesize event
    t =     5.72s     Wait for app.speaklocal.vietnam.native to idle
    t =     7.82s Swipe up Target Application 'app.speaklocal.vietnam.native'
    t =     7.82s     Wait for app.speaklocal.vietnam.native to idle
    t =     7.83s     Find the Target Application 'app.speaklocal.vietnam.native'
    t =     7.85s     Check for interrupting elements affecting "SpeakLocal Vietnam" Application
    t =     7.87s     Synthesize event
    t =     8.29s     Wait for app.speaklocal.vietnam.native to idle
    t =     9.05s Terminate app.speaklocal.vietnam.native:43095
    t =    10.11s Open app.speaklocal.vietnam.native
    t =    10.11s     Launch app.speaklocal.vietnam.native
    t =    10.33s         Setting up automation session
    t =    10.80s         Wait for app.speaklocal.vietnam.native to idle
    t =    12.29s Waiting 4.0s for TabBar (First Match) to exist
    t =    13.34s     Checking `Expect predicate `existsNoRetry == 1` for object TabBar (First Match)`
    t =    13.34s         Checking existence of `TabBar (First Match)`
    t =    13.40s Checking existence of `"PhraseArticle.BottomSentinel.viet-family-city-hanoi-place-old-quarter" Other`
    t =    13.48s Checking existence of `"PhraseArticle.BottomSentinel.viet-phrase-city-hanoi-place-old-quarter" Other`
    t =    13.50s Find the "PhraseArticle.BottomSentinel.viet-phrase-city-hanoi-place-old-quarter" Other
    t =    13.52s Checking existence of `TabBar (First Match)`
    t =    13.53s Find the TabBar (First Match)
    t =    13.54s Find the Target Application 'app.speaklocal.vietnam.native'
    t =    13.63s Terminate app.speaklocal.vietnam.native:43186
    t =    14.70s Tear Down
Test Case '-[SpeakLocalNativeUITests.CityAppDetailV22RenderProofUITests testCaptureCityAppDetailV22RenderProofBatch]' passed (14.788 seconds).
Test Suite 'CityAppDetailV22RenderProofUITests' passed at 2026-06-01 07:09:19.808.
	 Executed 1 test, with 0 failures (0 unexpected) in 14.788 (14.789) seconds
Test Suite 'SpeakLocalNativeUITests.xctest' passed at 2026-06-01 07:09:19.809.
	 Executed 1 test, with 0 failures (0 unexpected) in 14.788 (14.790) seconds
Test Suite 'Selected tests' passed at 2026-06-01 07:09:19.810.
	 Executed 1 test, with 0 failures (0 unexpected) in 14.788 (14.791) seconds

Test session results, code coverage, and logs:
	/Users/jojolim/Library/Developer/XcodeBuildMCP/workspaces/orchestrator-309442864093/DerivedData/SpeakLocalNative-8f3e721625a0/Logs/Test/Test-SpeakLocalNative-2026.06.01_07-09-03-+0700.xcresult

** TEST EXECUTE SUCCEEDED **

Testing started

2026-06-01 07:09:05.085 xcodebuild[43006:8195078] [MT] IDELaunchParametersSnapshot: The operation couldn’t be completed. (DebuggerLLDB.DebuggerVersionStore.StoreError error 0.)
2026-06-01 07:09:05.085 xcodebuild[43006:8195078] [MT] IDELaunchParametersSnapshot: no debugger version
2026-06-01 07:09:15.134 xcodebuild[43006:8195078] [MT] IDELaunchParametersSnapshot: The operation couldn’t be completed. (DebuggerLLDB.DebuggerVersionStore.StoreError error 0.)
2026-06-01 07:09:15.134 xcodebuild[43006:8195078] [MT] IDELaunchParametersSnapshot: no debugger version
2026-06-01 07:09:20.109 xcodebuild[43006:8195078] [MT] IDETestOperationsObserverDebug: 16.294 elapsed -- Testing started completed.
2026-06-01 07:09:20.109 xcodebuild[43006:8195078] [MT] IDETestOperationsObserverDebug: 0.000 sec, +0.000 sec -- start
2026-06-01 07:09:20.109 xcodebuild[43006:8195078] [MT] IDETestOperationsObserverDebug: 16.294 sec, +16.294 sec -- end
