Command line invocation:
    /Applications/Xcode.app/Contents/Developer/usr/bin/xcodebuild test-without-building -project /Users/jojolim/Developer/products/speaklocal/app-family/.worktrees/city-listings-production-ready/native-ios/SpeakLocalNative.xcodeproj -scheme SpeakLocalNative -destination "platform=iOS Simulator,id=7C386DD3-4BF1-4A34-A918-768C43CD1258" -derivedDataPath /Users/jojolim/Library/Developer/XcodeBuildMCP/workspaces/orchestrator-309442864093/DerivedData/SpeakLocalNative-8f3e721625a0 "-only-testing:SpeakLocalNativeUITests/CityAppDetailV22RenderProofUITests/testCaptureCityAppDetailV22RenderProofBatch"

2026-06-01 05:49:10.032926+0700 SpeakLocalNativeUITests-Runner[29968:7829081] [Default] Running tests...
    t =      nans Interface orientation changed to Portrait
Test Suite 'Selected tests' started at 2026-06-01 05:49:10.405.
Test Suite 'SpeakLocalNativeUITests.xctest' started at 2026-06-01 05:49:10.405.
Test Suite 'CityAppDetailV22RenderProofUITests' started at 2026-06-01 05:49:10.405.
Test Case '-[SpeakLocalNativeUITests.CityAppDetailV22RenderProofUITests testCaptureCityAppDetailV22RenderProofBatch]' started.
    t =     0.00s Start Test at 2026-06-01 05:49:10.406
    t =     0.02s Set Up
    t =     0.02s Open app.speaklocal.vietnam.native
    t =     0.02s     Launch app.speaklocal.vietnam.native
objc[29968]: Class UIAccessibilityLoaderWebShared is implemented in both /Library/Developer/CoreSimulator/Volumes/iOS_23F77/Library/Developer/CoreSimulator/Profiles/Runtimes/iOS 26.5.simruntime/Contents/Resources/RuntimeRoot/System/Library/AccessibilityBundles/WebCore.axbundle/WebCore (0x1066d8310) and /Library/Developer/CoreSimulator/Volumes/iOS_23F77/Library/Developer/CoreSimulator/Profiles/Runtimes/iOS 26.5.simruntime/Contents/Resources/RuntimeRoot/System/Library/AccessibilityBundles/WebKit.axbundle/WebKit (0x105b80398). This may cause spurious casting failures and mysterious crashes. One of the duplicates must be removed or renamed.
    t =     1.89s         Setting up automation session
    t =     2.28s         Wait for app.speaklocal.vietnam.native to idle
    t =     3.76s Checking existence of `"Bảo tàng Mỹ thuật Đà Nẵng" StaticText`
    t =     3.91s Waiting 8.0s for "Bảo tàng Mỹ thuật Đà Nẵng" StaticText to exist
    t =     4.98s     Checking `Expect predicate `existsNoRetry == 1` for object "Bảo tàng Mỹ thuật Đà Nẵng" StaticText`
    t =     4.98s         Checking existence of `"Bảo tàng Mỹ thuật Đà Nẵng" StaticText`
    t =     5.13s Swipe up Target Application 'app.speaklocal.vietnam.native'
    t =     5.13s     Wait for app.speaklocal.vietnam.native to idle
    t =     5.13s     Find the Target Application 'app.speaklocal.vietnam.native'
    t =     5.14s     Check for interrupting elements affecting "SpeakLocal Vietnam" Application
    t =     5.16s     Synthesize event
    t =     5.59s     Wait for app.speaklocal.vietnam.native to idle
    t =     7.68s Swipe up Target Application 'app.speaklocal.vietnam.native'
    t =     7.69s     Wait for app.speaklocal.vietnam.native to idle
    t =     7.69s     Find the Target Application 'app.speaklocal.vietnam.native'
    t =     7.71s     Check for interrupting elements affecting "SpeakLocal Vietnam" Application
    t =     7.73s     Synthesize event
    t =     8.15s     Wait for app.speaklocal.vietnam.native to idle
    t =     8.80s Terminate app.speaklocal.vietnam.native:30047
    t =     9.89s Open app.speaklocal.vietnam.native
    t =     9.89s     Launch app.speaklocal.vietnam.native
    t =    10.09s         Setting up automation session
    t =    10.53s         Wait for app.speaklocal.vietnam.native to idle
    t =    12.03s Waiting 4.0s for TabBar (First Match) to exist
    t =    13.09s     Checking `Expect predicate `existsNoRetry == 1` for object TabBar (First Match)`
    t =    13.09s         Checking existence of `TabBar (First Match)`
    t =    13.15s Checking existence of `"PhraseArticle.BottomSentinel.viet-family-city-danang-place-fine-arts-museum" Other`
    t =    13.23s Checking existence of `"PhraseArticle.BottomSentinel.viet-phrase-city-danang-place-fine-arts-museum" Other`
    t =    13.25s Find the "PhraseArticle.BottomSentinel.viet-phrase-city-danang-place-fine-arts-museum" Other
    t =    13.27s Checking existence of `TabBar (First Match)`
    t =    13.28s Find the TabBar (First Match)
    t =    13.29s Find the Target Application 'app.speaklocal.vietnam.native'
    t =    13.38s Terminate app.speaklocal.vietnam.native:30137
    t =    14.47s Tear Down
Test Case '-[SpeakLocalNativeUITests.CityAppDetailV22RenderProofUITests testCaptureCityAppDetailV22RenderProofBatch]' passed (14.518 seconds).
Test Suite 'CityAppDetailV22RenderProofUITests' passed at 2026-06-01 05:49:24.924.
	 Executed 1 test, with 0 failures (0 unexpected) in 14.518 (14.519) seconds
Test Suite 'SpeakLocalNativeUITests.xctest' passed at 2026-06-01 05:49:24.925.
	 Executed 1 test, with 0 failures (0 unexpected) in 14.518 (14.520) seconds
Test Suite 'Selected tests' passed at 2026-06-01 05:49:24.926.
	 Executed 1 test, with 0 failures (0 unexpected) in 14.518 (14.521) seconds

Test session results, code coverage, and logs:
	/Users/jojolim/Library/Developer/XcodeBuildMCP/workspaces/orchestrator-309442864093/DerivedData/SpeakLocalNative-8f3e721625a0/Logs/Test/Test-SpeakLocalNative-2026.06.01_05-49-09-+0700.xcresult

** TEST EXECUTE SUCCEEDED **

Testing started

2026-06-01 05:49:10.466 xcodebuild[29961:7828848] [MT] IDELaunchParametersSnapshot: The operation couldn’t be completed. (DebuggerLLDB.DebuggerVersionStore.StoreError error 0.)
2026-06-01 05:49:10.466 xcodebuild[29961:7828848] [MT] IDELaunchParametersSnapshot: no debugger version
2026-06-01 05:49:20.292 xcodebuild[29961:7828848] [MT] IDELaunchParametersSnapshot: The operation couldn’t be completed. (DebuggerLLDB.DebuggerVersionStore.StoreError error 0.)
2026-06-01 05:49:20.292 xcodebuild[29961:7828848] [MT] IDELaunchParametersSnapshot: no debugger version
2026-06-01 05:49:25.232 xcodebuild[29961:7828848] [MT] IDETestOperationsObserverDebug: 16.014 elapsed -- Testing started completed.
2026-06-01 05:49:25.232 xcodebuild[29961:7828848] [MT] IDETestOperationsObserverDebug: 0.000 sec, +0.000 sec -- start
2026-06-01 05:49:25.232 xcodebuild[29961:7828848] [MT] IDETestOperationsObserverDebug: 16.014 sec, +16.014 sec -- end
