Command line invocation:
    /Applications/Xcode.app/Contents/Developer/usr/bin/xcodebuild test-without-building -project /Users/jojolim/Developer/products/speaklocal/app-family/.worktrees/city-listings-production-ready/native-ios/SpeakLocalNative.xcodeproj -scheme SpeakLocalNative -destination "platform=iOS Simulator,id=7C386DD3-4BF1-4A34-A918-768C43CD1258" -derivedDataPath /Users/jojolim/Library/Developer/XcodeBuildMCP/workspaces/orchestrator-309442864093/DerivedData/SpeakLocalNative-8f3e721625a0 "-only-testing:SpeakLocalNativeUITests/CityAppDetailV22RenderProofUITests/testCaptureCityAppDetailV22RenderProofBatch"

2026-06-01 06:05:04.096570+0700 SpeakLocalNativeUITests-Runner[50590:7903422] [Default] Running tests...
    t =      nans Interface orientation changed to Portrait
Test Suite 'Selected tests' started at 2026-06-01 06:05:04.469.
Test Suite 'SpeakLocalNativeUITests.xctest' started at 2026-06-01 06:05:04.469.
Test Suite 'CityAppDetailV22RenderProofUITests' started at 2026-06-01 06:05:04.469.
Test Case '-[SpeakLocalNativeUITests.CityAppDetailV22RenderProofUITests testCaptureCityAppDetailV22RenderProofBatch]' started.
    t =     0.00s Start Test at 2026-06-01 06:05:04.470
    t =     0.02s Set Up
    t =     0.02s Open app.speaklocal.vietnam.native
    t =     0.02s     Launch app.speaklocal.vietnam.native
objc[50590]: Class UIAccessibilityLoaderWebShared is implemented in both /Library/Developer/CoreSimulator/Volumes/iOS_23F77/Library/Developer/CoreSimulator/Profiles/Runtimes/iOS 26.5.simruntime/Contents/Resources/RuntimeRoot/System/Library/AccessibilityBundles/WebCore.axbundle/WebCore (0x109048310) and /Library/Developer/CoreSimulator/Volumes/iOS_23F77/Library/Developer/CoreSimulator/Profiles/Runtimes/iOS 26.5.simruntime/Contents/Resources/RuntimeRoot/System/Library/AccessibilityBundles/WebKit.axbundle/WebKit (0x108868398). This may cause spurious casting failures and mysterious crashes. One of the duplicates must be removed or renamed.
    t =     1.91s         Setting up automation session
    t =     2.39s         Wait for app.speaklocal.vietnam.native to idle
    t =     3.84s Checking existence of `"Hang động Ngũ Hành Sơn" StaticText`
    t =     3.98s Waiting 8.0s for "Hang động Ngũ Hành Sơn" StaticText to exist
    t =     5.05s     Checking `Expect predicate `existsNoRetry == 1` for object "Hang động Ngũ Hành Sơn" StaticText`
    t =     5.06s         Checking existence of `"Hang động Ngũ Hành Sơn" StaticText`
    t =     5.22s Swipe up Target Application 'app.speaklocal.vietnam.native'
    t =     5.22s     Wait for app.speaklocal.vietnam.native to idle
    t =     5.22s     Find the Target Application 'app.speaklocal.vietnam.native'
    t =     5.23s     Check for interrupting elements affecting "SpeakLocal Vietnam" Application
    t =     5.25s     Synthesize event
    t =     5.67s     Wait for app.speaklocal.vietnam.native to idle
    t =     7.77s Swipe up Target Application 'app.speaklocal.vietnam.native'
    t =     7.77s     Wait for app.speaklocal.vietnam.native to idle
    t =     7.77s     Find the Target Application 'app.speaklocal.vietnam.native'
    t =     7.80s     Check for interrupting elements affecting "SpeakLocal Vietnam" Application
    t =     7.83s     Synthesize event
    t =     8.26s     Wait for app.speaklocal.vietnam.native to idle
    t =     9.19s Terminate app.speaklocal.vietnam.native:50674
    t =    10.27s Open app.speaklocal.vietnam.native
    t =    10.27s     Launch app.speaklocal.vietnam.native
    t =    10.49s         Setting up automation session
    t =    10.96s         Wait for app.speaklocal.vietnam.native to idle
    t =    12.43s Waiting 4.0s for TabBar (First Match) to exist
    t =    13.50s     Checking `Expect predicate `existsNoRetry == 1` for object TabBar (First Match)`
    t =    13.50s         Checking existence of `TabBar (First Match)`
    t =    13.56s Checking existence of `"PhraseArticle.BottomSentinel.viet-family-city-danang-place-marble-mountain-cave-walk" Other`
    t =    13.64s Checking existence of `"PhraseArticle.BottomSentinel.viet-phrase-city-danang-place-marble-mountain-cave-walk" Other`
    t =    13.66s Find the "PhraseArticle.BottomSentinel.viet-phrase-city-danang-place-marble-mountain-cave-walk" Other
    t =    13.68s Checking existence of `TabBar (First Match)`
    t =    13.69s Find the TabBar (First Match)
    t =    13.70s Find the Target Application 'app.speaklocal.vietnam.native'
    t =    13.78s Terminate app.speaklocal.vietnam.native:50759
    t =    14.87s Tear Down
Test Case '-[SpeakLocalNativeUITests.CityAppDetailV22RenderProofUITests testCaptureCityAppDetailV22RenderProofBatch]' passed (14.925 seconds).
Test Suite 'CityAppDetailV22RenderProofUITests' passed at 2026-06-01 06:05:19.395.
	 Executed 1 test, with 0 failures (0 unexpected) in 14.925 (14.926) seconds
Test Suite 'SpeakLocalNativeUITests.xctest' passed at 2026-06-01 06:05:19.397.
	 Executed 1 test, with 0 failures (0 unexpected) in 14.925 (14.927) seconds
Test Suite 'Selected tests' passed at 2026-06-01 06:05:19.397.
	 Executed 1 test, with 0 failures (0 unexpected) in 14.925 (14.928) seconds

Test session results, code coverage, and logs:
	/Users/jojolim/Library/Developer/XcodeBuildMCP/workspaces/orchestrator-309442864093/DerivedData/SpeakLocalNative-8f3e721625a0/Logs/Test/Test-SpeakLocalNative-2026.06.01_06-05-03-+0700.xcresult

** TEST EXECUTE SUCCEEDED **

Testing started

2026-06-01 06:05:04.533 xcodebuild[50583:7903258] [MT] IDELaunchParametersSnapshot: The operation couldn’t be completed. (DebuggerLLDB.DebuggerVersionStore.StoreError error 0.)
2026-06-01 06:05:04.533 xcodebuild[50583:7903258] [MT] IDELaunchParametersSnapshot: no debugger version
2026-06-01 06:05:14.748 xcodebuild[50583:7903258] [MT] IDELaunchParametersSnapshot: The operation couldn’t be completed. (DebuggerLLDB.DebuggerVersionStore.StoreError error 0.)
2026-06-01 06:05:14.748 xcodebuild[50583:7903258] [MT] IDELaunchParametersSnapshot: no debugger version
2026-06-01 06:05:19.695 xcodebuild[50583:7903258] [MT] IDETestOperationsObserverDebug: 16.417 elapsed -- Testing started completed.
2026-06-01 06:05:19.695 xcodebuild[50583:7903258] [MT] IDETestOperationsObserverDebug: 0.000 sec, +0.000 sec -- start
2026-06-01 06:05:19.695 xcodebuild[50583:7903258] [MT] IDETestOperationsObserverDebug: 16.417 sec, +16.417 sec -- end
