Command line invocation:
    /Applications/Xcode.app/Contents/Developer/usr/bin/xcodebuild test-without-building -project /Users/jojolim/Developer/products/speaklocal/app-family/.worktrees/city-listings-production-ready/native-ios/SpeakLocalNative.xcodeproj -scheme SpeakLocalNative -destination "platform=iOS Simulator,id=7C386DD3-4BF1-4A34-A918-768C43CD1258" -derivedDataPath /Users/jojolim/Library/Developer/XcodeBuildMCP/workspaces/orchestrator-309442864093/DerivedData/SpeakLocalNative-8f3e721625a0 "-only-testing:SpeakLocalNativeUITests/CityAppDetailV22RenderProofUITests/testCaptureCityAppDetailV22RenderProofBatch"

2026-06-01 03:46:47.294529+0700 SpeakLocalNativeUITests-Runner[73587:7314088] [Default] Running tests...
    t =      nans Interface orientation changed to Portrait
Test Suite 'Selected tests' started at 2026-06-01 03:46:47.664.
Test Suite 'SpeakLocalNativeUITests.xctest' started at 2026-06-01 03:46:47.664.
Test Suite 'CityAppDetailV22RenderProofUITests' started at 2026-06-01 03:46:47.664.
Test Case '-[SpeakLocalNativeUITests.CityAppDetailV22RenderProofUITests testCaptureCityAppDetailV22RenderProofBatch]' started.
    t =     0.00s Start Test at 2026-06-01 03:46:47.665
    t =     0.01s Set Up
    t =     0.02s Open app.speaklocal.vietnam.native
    t =     0.02s     Launch app.speaklocal.vietnam.native
objc[73587]: Class UIAccessibilityLoaderWebShared is implemented in both /Library/Developer/CoreSimulator/Volumes/iOS_23F77/Library/Developer/CoreSimulator/Profiles/Runtimes/iOS 26.5.simruntime/Contents/Resources/RuntimeRoot/System/Library/AccessibilityBundles/WebCore.axbundle/WebCore (0x1067dc310) and /Library/Developer/CoreSimulator/Volumes/iOS_23F77/Library/Developer/CoreSimulator/Profiles/Runtimes/iOS 26.5.simruntime/Contents/Resources/RuntimeRoot/System/Library/AccessibilityBundles/WebKit.axbundle/WebKit (0x106048398). This may cause spurious casting failures and mysterious crashes. One of the duplicates must be removed or renamed.
    t =     1.90s         Setting up automation session
    t =     2.28s         Wait for app.speaklocal.vietnam.native to idle
    t =     3.75s Checking existence of `"Ga Hà Nội" StaticText`
    t =     3.91s Waiting 8.0s for "Ga Hà Nội" StaticText to exist
    t =     4.95s     Checking `Expect predicate `existsNoRetry == 1` for object "Ga Hà Nội" StaticText`
    t =     4.95s         Checking existence of `"Ga Hà Nội" StaticText`
    t =     5.09s Swipe up Target Application 'app.speaklocal.vietnam.native'
    t =     5.09s     Wait for app.speaklocal.vietnam.native to idle
    t =     5.09s     Find the Target Application 'app.speaklocal.vietnam.native'
    t =     5.10s     Check for interrupting elements affecting "SpeakLocal Vietnam" Application
    t =     5.12s     Synthesize event
    t =     5.54s     Wait for app.speaklocal.vietnam.native to idle
    t =     7.69s Swipe up Target Application 'app.speaklocal.vietnam.native'
    t =     7.69s     Wait for app.speaklocal.vietnam.native to idle
    t =     7.69s     Find the Target Application 'app.speaklocal.vietnam.native'
    t =     7.72s     Check for interrupting elements affecting "SpeakLocal Vietnam" Application
    t =     7.75s     Synthesize event
    t =     8.17s     Wait for app.speaklocal.vietnam.native to idle
    t =     8.86s Terminate app.speaklocal.vietnam.native:73593
    t =     9.92s Open app.speaklocal.vietnam.native
    t =     9.92s     Launch app.speaklocal.vietnam.native
    t =    10.14s         Setting up automation session
    t =    10.63s         Wait for app.speaklocal.vietnam.native to idle
    t =    12.09s Waiting 4.0s for TabBar (First Match) to exist
    t =    13.15s     Checking `Expect predicate `existsNoRetry == 1` for object TabBar (First Match)`
    t =    13.15s         Checking existence of `TabBar (First Match)`
    t =    13.19s Checking existence of `"PhraseArticle.BottomSentinel.viet-family-city-hanoi-place-hanoi-railway-station" Other`
    t =    13.27s Checking existence of `"PhraseArticle.BottomSentinel.viet-phrase-city-hanoi-place-hanoi-railway-station" Other`
    t =    13.29s Find the "PhraseArticle.BottomSentinel.viet-phrase-city-hanoi-place-hanoi-railway-station" Other
    t =    13.31s Checking existence of `TabBar (First Match)`
    t =    13.32s Find the TabBar (First Match)
    t =    13.33s Find the Target Application 'app.speaklocal.vietnam.native'
    t =    13.42s Terminate app.speaklocal.vietnam.native:73752
    t =    14.47s Tear Down
Test Case '-[SpeakLocalNativeUITests.CityAppDetailV22RenderProofUITests testCaptureCityAppDetailV22RenderProofBatch]' passed (14.513 seconds).
Test Suite 'CityAppDetailV22RenderProofUITests' passed at 2026-06-01 03:47:02.179.
	 Executed 1 test, with 0 failures (0 unexpected) in 14.513 (14.515) seconds
Test Suite 'SpeakLocalNativeUITests.xctest' passed at 2026-06-01 03:47:02.180.
	 Executed 1 test, with 0 failures (0 unexpected) in 14.513 (14.516) seconds
Test Suite 'Selected tests' passed at 2026-06-01 03:47:02.181.
	 Executed 1 test, with 0 failures (0 unexpected) in 14.513 (14.517) seconds

Test session results, code coverage, and logs:
	/Users/jojolim/Library/Developer/XcodeBuildMCP/workspaces/orchestrator-309442864093/DerivedData/SpeakLocalNative-8f3e721625a0/Logs/Test/Test-SpeakLocalNative-2026.06.01_03-46-46-+0700.xcresult

** TEST EXECUTE SUCCEEDED **

Testing started

2026-06-01 03:46:47.725 xcodebuild[73585:7313926] [MT] IDELaunchParametersSnapshot: The operation couldn’t be completed. (DebuggerLLDB.DebuggerVersionStore.StoreError error 0.)
2026-06-01 03:46:47.725 xcodebuild[73585:7313926] [MT] IDELaunchParametersSnapshot: no debugger version
2026-06-01 03:46:57.586 xcodebuild[73585:7313926] [MT] IDELaunchParametersSnapshot: The operation couldn’t be completed. (DebuggerLLDB.DebuggerVersionStore.StoreError error 0.)
2026-06-01 03:46:57.586 xcodebuild[73585:7313926] [MT] IDELaunchParametersSnapshot: no debugger version
2026-06-01 03:47:02.483 xcodebuild[73585:7313926] [MT] IDETestOperationsObserverDebug: 15.972 elapsed -- Testing started completed.
2026-06-01 03:47:02.483 xcodebuild[73585:7313926] [MT] IDETestOperationsObserverDebug: 0.000 sec, +0.000 sec -- start
2026-06-01 03:47:02.483 xcodebuild[73585:7313926] [MT] IDETestOperationsObserverDebug: 15.972 sec, +15.972 sec -- end
