Command line invocation:
    /Applications/Xcode.app/Contents/Developer/usr/bin/xcodebuild test-without-building -project /Users/jojolim/Developer/products/speaklocal/app-family/.worktrees/city-listings-production-ready/native-ios/SpeakLocalNative.xcodeproj -scheme SpeakLocalNative -destination "platform=iOS Simulator,id=7C386DD3-4BF1-4A34-A918-768C43CD1258" -derivedDataPath /Users/jojolim/Library/Developer/XcodeBuildMCP/workspaces/orchestrator-309442864093/DerivedData/SpeakLocalNative-8f3e721625a0 "-only-testing:SpeakLocalNativeUITests/CityAppDetailV22RenderProofUITests/testCaptureCityAppDetailV22RenderProofBatch"

2026-06-01 08:01:50.227216+0700 SpeakLocalNativeUITests-Runner[6593:8411306] [Default] Running tests...
    t =      nans Interface orientation changed to Portrait
Test Suite 'Selected tests' started at 2026-06-01 08:01:50.600.
Test Suite 'SpeakLocalNativeUITests.xctest' started at 2026-06-01 08:01:50.600.
Test Suite 'CityAppDetailV22RenderProofUITests' started at 2026-06-01 08:01:50.600.
Test Case '-[SpeakLocalNativeUITests.CityAppDetailV22RenderProofUITests testCaptureCityAppDetailV22RenderProofBatch]' started.
    t =     0.00s Start Test at 2026-06-01 08:01:50.601
    t =     0.02s Set Up
    t =     0.02s Open app.speaklocal.vietnam.native
    t =     0.02s     Launch app.speaklocal.vietnam.native
objc[6593]: Class UIAccessibilityLoaderWebShared is implemented in both /Library/Developer/CoreSimulator/Volumes/iOS_23F77/Library/Developer/CoreSimulator/Profiles/Runtimes/iOS 26.5.simruntime/Contents/Resources/RuntimeRoot/System/Library/AccessibilityBundles/WebCore.axbundle/WebCore (0x10930c310) and /Library/Developer/CoreSimulator/Volumes/iOS_23F77/Library/Developer/CoreSimulator/Profiles/Runtimes/iOS 26.5.simruntime/Contents/Resources/RuntimeRoot/System/Library/AccessibilityBundles/WebKit.axbundle/WebKit (0x108700398). This may cause spurious casting failures and mysterious crashes. One of the duplicates must be removed or renamed.
    t =     1.90s         Setting up automation session
    t =     2.46s         Wait for app.speaklocal.vietnam.native to idle
    t =     3.95s Checking existence of `"Phố Phạm Ngũ Lão" StaticText`
    t =     4.10s Waiting 8.0s for "Phố Phạm Ngũ Lão" StaticText to exist
    t =     5.13s     Checking `Expect predicate `existsNoRetry == 1` for object "Phố Phạm Ngũ Lão" StaticText`
    t =     5.14s         Checking existence of `"Phố Phạm Ngũ Lão" StaticText`
    t =     5.30s Swipe up Target Application 'app.speaklocal.vietnam.native'
    t =     5.30s     Wait for app.speaklocal.vietnam.native to idle
    t =     5.30s     Find the Target Application 'app.speaklocal.vietnam.native'
    t =     5.32s     Check for interrupting elements affecting "SpeakLocal Vietnam" Application
    t =     5.33s     Synthesize event
    t =     5.76s     Wait for app.speaklocal.vietnam.native to idle
    t =     7.86s Swipe up Target Application 'app.speaklocal.vietnam.native'
    t =     7.86s     Wait for app.speaklocal.vietnam.native to idle
    t =     7.87s     Find the Target Application 'app.speaklocal.vietnam.native'
    t =     7.89s     Check for interrupting elements affecting "SpeakLocal Vietnam" Application
    t =     7.92s     Synthesize event
    t =     8.35s     Wait for app.speaklocal.vietnam.native to idle
    t =     9.26s Terminate app.speaklocal.vietnam.native:6609
    t =    10.34s Open app.speaklocal.vietnam.native
    t =    10.34s     Launch app.speaklocal.vietnam.native
    t =    10.55s         Setting up automation session
    t =    11.01s         Wait for app.speaklocal.vietnam.native to idle
    t =    12.51s Waiting 4.0s for TabBar (First Match) to exist
    t =    13.54s     Checking `Expect predicate `existsNoRetry == 1` for object TabBar (First Match)`
    t =    13.54s         Checking existence of `TabBar (First Match)`
    t =    13.60s Checking existence of `"PhraseArticle.BottomSentinel.viet-family-city-hcmc-place-pham-ngu-lao-street" Other`
    t =    13.68s Checking existence of `"PhraseArticle.BottomSentinel.viet-phrase-city-hcmc-place-pham-ngu-lao-street" Other`
    t =    13.70s Find the "PhraseArticle.BottomSentinel.viet-phrase-city-hcmc-place-pham-ngu-lao-street" Other
    t =    13.73s Checking existence of `TabBar (First Match)`
    t =    13.73s Find the TabBar (First Match)
    t =    13.74s Find the Target Application 'app.speaklocal.vietnam.native'
    t =    13.83s Terminate app.speaklocal.vietnam.native:6620
    t =    14.91s Tear Down
Test Case '-[SpeakLocalNativeUITests.CityAppDetailV22RenderProofUITests testCaptureCityAppDetailV22RenderProofBatch]' passed (15.010 seconds).
Test Suite 'CityAppDetailV22RenderProofUITests' passed at 2026-06-01 08:02:05.611.
	 Executed 1 test, with 0 failures (0 unexpected) in 15.010 (15.011) seconds
Test Suite 'SpeakLocalNativeUITests.xctest' passed at 2026-06-01 08:02:05.612.
	 Executed 1 test, with 0 failures (0 unexpected) in 15.010 (15.011) seconds
Test Suite 'Selected tests' passed at 2026-06-01 08:02:05.612.
	 Executed 1 test, with 0 failures (0 unexpected) in 15.010 (15.012) seconds

Test session results, code coverage, and logs:
	/Users/jojolim/Library/Developer/XcodeBuildMCP/workspaces/orchestrator-309442864093/DerivedData/SpeakLocalNative-8f3e721625a0/Logs/Test/Test-SpeakLocalNative-2026.06.01_08-01-49-+0700.xcresult

** TEST EXECUTE SUCCEEDED **

Testing started

2026-06-01 08:01:50.662 xcodebuild[6591:8411128] [MT] IDELaunchParametersSnapshot: The operation couldn’t be completed. (DebuggerLLDB.DebuggerVersionStore.StoreError error 0.)
2026-06-01 08:01:50.662 xcodebuild[6591:8411128] [MT] IDELaunchParametersSnapshot: no debugger version
2026-06-01 08:02:00.946 xcodebuild[6591:8411128] [MT] IDELaunchParametersSnapshot: The operation couldn’t be completed. (DebuggerLLDB.DebuggerVersionStore.StoreError error 0.)
2026-06-01 08:02:00.946 xcodebuild[6591:8411128] [MT] IDELaunchParametersSnapshot: no debugger version
2026-06-01 08:02:05.910 xcodebuild[6591:8411128] [MT] IDETestOperationsObserverDebug: 16.503 elapsed -- Testing started completed.
2026-06-01 08:02:05.910 xcodebuild[6591:8411128] [MT] IDETestOperationsObserverDebug: 0.000 sec, +0.000 sec -- start
2026-06-01 08:02:05.910 xcodebuild[6591:8411128] [MT] IDETestOperationsObserverDebug: 16.503 sec, +16.503 sec -- end
