Command line invocation:
    /Applications/Xcode.app/Contents/Developer/usr/bin/xcodebuild test-without-building -project /Users/jojolim/Developer/products/speaklocal/app-family/.worktrees/city-listings-production-ready/native-ios/SpeakLocalNative.xcodeproj -scheme SpeakLocalNative -destination "platform=iOS Simulator,id=7C386DD3-4BF1-4A34-A918-768C43CD1258" -derivedDataPath /Users/jojolim/Library/Developer/XcodeBuildMCP/workspaces/orchestrator-309442864093/DerivedData/SpeakLocalNative-8f3e721625a0 "-only-testing:SpeakLocalNativeUITests/CityAppDetailV22RenderProofUITests/testCaptureCityAppDetailV22RenderProofBatch"

2026-06-01 08:06:23.781713+0700 SpeakLocalNativeUITests-Runner[8122:8426161] [Default] Running tests...
    t =      nans Interface orientation changed to Portrait
Test Suite 'Selected tests' started at 2026-06-01 08:06:24.149.
Test Suite 'SpeakLocalNativeUITests.xctest' started at 2026-06-01 08:06:24.149.
Test Suite 'CityAppDetailV22RenderProofUITests' started at 2026-06-01 08:06:24.150.
Test Case '-[SpeakLocalNativeUITests.CityAppDetailV22RenderProofUITests testCaptureCityAppDetailV22RenderProofBatch]' started.
    t =     0.00s Start Test at 2026-06-01 08:06:24.150
    t =     0.02s Set Up
    t =     0.02s Open app.speaklocal.vietnam.native
    t =     0.02s     Launch app.speaklocal.vietnam.native
objc[8122]: Class UIAccessibilityLoaderWebShared is implemented in both /Library/Developer/CoreSimulator/Volumes/iOS_23F77/Library/Developer/CoreSimulator/Profiles/Runtimes/iOS 26.5.simruntime/Contents/Resources/RuntimeRoot/System/Library/AccessibilityBundles/WebCore.axbundle/WebCore (0x10a0a8310) and /Library/Developer/CoreSimulator/Volumes/iOS_23F77/Library/Developer/CoreSimulator/Profiles/Runtimes/iOS 26.5.simruntime/Contents/Resources/RuntimeRoot/System/Library/AccessibilityBundles/WebKit.axbundle/WebKit (0x109a00398). This may cause spurious casting failures and mysterious crashes. One of the duplicates must be removed or renamed.
    t =     1.89s         Setting up automation session
    t =     2.30s         Wait for app.speaklocal.vietnam.native to idle
    t =     3.77s Checking existence of `"Công viên Vinhomes Central Park" StaticText`
    t =     3.92s Waiting 8.0s for "Công viên Vinhomes Central Park" StaticText to exist
    t =     4.98s     Checking `Expect predicate `existsNoRetry == 1` for object "Công viên Vinhomes Central Park" StaticText`
    t =     4.98s         Checking existence of `"Công viên Vinhomes Central Park" StaticText`
    t =     5.14s Swipe up Target Application 'app.speaklocal.vietnam.native'
    t =     5.15s     Wait for app.speaklocal.vietnam.native to idle
    t =     5.15s     Find the Target Application 'app.speaklocal.vietnam.native'
    t =     5.16s     Check for interrupting elements affecting "SpeakLocal Vietnam" Application
    t =     5.18s     Synthesize event
    t =     5.60s     Wait for app.speaklocal.vietnam.native to idle
    t =     7.70s Swipe up Target Application 'app.speaklocal.vietnam.native'
    t =     7.70s     Wait for app.speaklocal.vietnam.native to idle
    t =     7.70s     Find the Target Application 'app.speaklocal.vietnam.native'
    t =     7.73s     Check for interrupting elements affecting "SpeakLocal Vietnam" Application
    t =     7.75s     Synthesize event
    t =     8.18s     Wait for app.speaklocal.vietnam.native to idle
    t =     8.85s Terminate app.speaklocal.vietnam.native:8132
    t =     9.94s Open app.speaklocal.vietnam.native
    t =     9.94s     Launch app.speaklocal.vietnam.native
    t =    10.15s         Setting up automation session
    t =    10.63s         Wait for app.speaklocal.vietnam.native to idle
    t =    12.11s Waiting 4.0s for TabBar (First Match) to exist
    t =    13.15s     Checking `Expect predicate `existsNoRetry == 1` for object TabBar (First Match)`
    t =    13.15s         Checking existence of `TabBar (First Match)`
    t =    13.21s Checking existence of `"PhraseArticle.BottomSentinel.viet-family-city-hcmc-place-vinhomes-central-park" Other`
    t =    13.29s Checking existence of `"PhraseArticle.BottomSentinel.viet-phrase-city-hcmc-place-vinhomes-central-park" Other`
    t =    13.31s Find the "PhraseArticle.BottomSentinel.viet-phrase-city-hcmc-place-vinhomes-central-park" Other
    t =    13.33s Checking existence of `TabBar (First Match)`
    t =    13.34s Find the TabBar (First Match)
    t =    13.34s Find the Target Application 'app.speaklocal.vietnam.native'
    t =    13.43s Terminate app.speaklocal.vietnam.native:8218
    t =    14.48s Tear Down
Test Case '-[SpeakLocalNativeUITests.CityAppDetailV22RenderProofUITests testCaptureCityAppDetailV22RenderProofBatch]' passed (14.542 seconds).
Test Suite 'CityAppDetailV22RenderProofUITests' passed at 2026-06-01 08:06:38.693.
	 Executed 1 test, with 0 failures (0 unexpected) in 14.542 (14.543) seconds
Test Suite 'SpeakLocalNativeUITests.xctest' passed at 2026-06-01 08:06:38.693.
	 Executed 1 test, with 0 failures (0 unexpected) in 14.542 (14.544) seconds
Test Suite 'Selected tests' passed at 2026-06-01 08:06:38.694.
	 Executed 1 test, with 0 failures (0 unexpected) in 14.542 (14.545) seconds

Test session results, code coverage, and logs:
	/Users/jojolim/Library/Developer/XcodeBuildMCP/workspaces/orchestrator-309442864093/DerivedData/SpeakLocalNative-8f3e721625a0/Logs/Test/Test-SpeakLocalNative-2026.06.01_08-06-22-+0700.xcresult

** TEST EXECUTE SUCCEEDED **

Testing started

2026-06-01 08:06:24.209 xcodebuild[8120:8425980] [MT] IDELaunchParametersSnapshot: The operation couldn’t be completed. (DebuggerLLDB.DebuggerVersionStore.StoreError error 0.)
2026-06-01 08:06:24.209 xcodebuild[8120:8425980] [MT] IDELaunchParametersSnapshot: no debugger version
2026-06-01 08:06:34.090 xcodebuild[8120:8425980] [MT] IDELaunchParametersSnapshot: The operation couldn’t be completed. (DebuggerLLDB.DebuggerVersionStore.StoreError error 0.)
2026-06-01 08:06:34.090 xcodebuild[8120:8425980] [MT] IDELaunchParametersSnapshot: no debugger version
2026-06-01 08:06:38.993 xcodebuild[8120:8425980] [MT] IDETestOperationsObserverDebug: 16.017 elapsed -- Testing started completed.
2026-06-01 08:06:38.993 xcodebuild[8120:8425980] [MT] IDETestOperationsObserverDebug: 0.000 sec, +0.000 sec -- start
2026-06-01 08:06:38.993 xcodebuild[8120:8425980] [MT] IDETestOperationsObserverDebug: 16.017 sec, +16.017 sec -- end
