Command line invocation:
    /Applications/Xcode.app/Contents/Developer/usr/bin/xcodebuild test-without-building -project /Users/jojolim/Developer/products/speaklocal/app-family/.worktrees/city-listings-production-ready/native-ios/SpeakLocalNative.xcodeproj -scheme SpeakLocalNative -destination "platform=iOS Simulator,id=7C386DD3-4BF1-4A34-A918-768C43CD1258" -derivedDataPath /Users/jojolim/Library/Developer/XcodeBuildMCP/workspaces/orchestrator-309442864093/DerivedData/SpeakLocalNative-8f3e721625a0 "-only-testing:SpeakLocalNativeUITests/CityAppDetailV22RenderProofUITests/testCaptureCityAppDetailV22RenderProofBatch"

2026-06-01 05:36:01.643368+0700 SpeakLocalNativeUITests-Runner[18676:7781148] [Default] Running tests...
    t =      nans Interface orientation changed to Portrait
Test Suite 'Selected tests' started at 2026-06-01 05:36:02.020.
Test Suite 'SpeakLocalNativeUITests.xctest' started at 2026-06-01 05:36:02.020.
Test Suite 'CityAppDetailV22RenderProofUITests' started at 2026-06-01 05:36:02.020.
Test Case '-[SpeakLocalNativeUITests.CityAppDetailV22RenderProofUITests testCaptureCityAppDetailV22RenderProofBatch]' started.
    t =     0.00s Start Test at 2026-06-01 05:36:02.021
    t =     0.01s Set Up
    t =     0.02s Open app.speaklocal.vietnam.native
    t =     0.02s     Launch app.speaklocal.vietnam.native
objc[18676]: Class UIAccessibilityLoaderWebShared is implemented in both /Library/Developer/CoreSimulator/Volumes/iOS_23F77/Library/Developer/CoreSimulator/Profiles/Runtimes/iOS 26.5.simruntime/Contents/Resources/RuntimeRoot/System/Library/AccessibilityBundles/WebCore.axbundle/WebCore (0x108c24310) and /Library/Developer/CoreSimulator/Volumes/iOS_23F77/Library/Developer/CoreSimulator/Profiles/Runtimes/iOS 26.5.simruntime/Contents/Resources/RuntimeRoot/System/Library/AccessibilityBundles/WebKit.axbundle/WebKit (0x108430398). This may cause spurious casting failures and mysterious crashes. One of the duplicates must be removed or renamed.
    t =     1.68s         Setting up automation session
    t =     2.24s         Wait for app.speaklocal.vietnam.native to idle
    t =     3.74s Checking existence of `"Bếp Cuốn Đà Nẵng" StaticText`
    t =     3.87s Waiting 8.0s for "Bếp Cuốn Đà Nẵng" StaticText to exist
    t =     4.94s     Checking `Expect predicate `existsNoRetry == 1` for object "Bếp Cuốn Đà Nẵng" StaticText`
    t =     4.94s         Checking existence of `"Bếp Cuốn Đà Nẵng" StaticText`
    t =     5.07s Swipe up Target Application 'app.speaklocal.vietnam.native'
    t =     5.07s     Wait for app.speaklocal.vietnam.native to idle
    t =     5.08s     Find the Target Application 'app.speaklocal.vietnam.native'
    t =     5.09s     Check for interrupting elements affecting "SpeakLocal Vietnam" Application
    t =     5.11s     Synthesize event
    t =     5.64s     Wait for app.speaklocal.vietnam.native to idle
    t =     7.74s Swipe up Target Application 'app.speaklocal.vietnam.native'
    t =     7.74s     Wait for app.speaklocal.vietnam.native to idle
    t =     7.74s     Find the Target Application 'app.speaklocal.vietnam.native'
    t =     7.77s     Check for interrupting elements affecting "SpeakLocal Vietnam" Application
    t =     7.80s     Synthesize event
    t =     8.22s     Wait for app.speaklocal.vietnam.native to idle
    t =     9.29s Terminate app.speaklocal.vietnam.native:18756
    t =    10.38s Open app.speaklocal.vietnam.native
    t =    10.38s     Launch app.speaklocal.vietnam.native
    t =    10.60s         Setting up automation session
    t =    11.07s         Wait for app.speaklocal.vietnam.native to idle
    t =    12.54s Waiting 4.0s for TabBar (First Match) to exist
    t =    13.61s     Checking `Expect predicate `existsNoRetry == 1` for object TabBar (First Match)`
    t =    13.61s         Checking existence of `TabBar (First Match)`
    t =    13.67s Checking existence of `"PhraseArticle.BottomSentinel.viet-family-city-danang-place-bep-cuon" Other`
    t =    13.75s Checking existence of `"PhraseArticle.BottomSentinel.viet-phrase-city-danang-place-bep-cuon" Other`
    t =    13.77s Find the "PhraseArticle.BottomSentinel.viet-phrase-city-danang-place-bep-cuon" Other
    t =    13.80s Checking existence of `TabBar (First Match)`
    t =    13.80s Find the TabBar (First Match)
    t =    13.81s Find the Target Application 'app.speaklocal.vietnam.native'
    t =    13.91s Terminate app.speaklocal.vietnam.native:18848
    t =    15.00s Tear Down
Test Case '-[SpeakLocalNativeUITests.CityAppDetailV22RenderProofUITests testCaptureCityAppDetailV22RenderProofBatch]' passed (15.106 seconds).
Test Suite 'CityAppDetailV22RenderProofUITests' passed at 2026-06-01 05:36:17.128.
	 Executed 1 test, with 0 failures (0 unexpected) in 15.106 (15.107) seconds
Test Suite 'SpeakLocalNativeUITests.xctest' passed at 2026-06-01 05:36:17.129.
	 Executed 1 test, with 0 failures (0 unexpected) in 15.106 (15.108) seconds
Test Suite 'Selected tests' passed at 2026-06-01 05:36:17.129.
	 Executed 1 test, with 0 failures (0 unexpected) in 15.106 (15.109) seconds

Test session results, code coverage, and logs:
	/Users/jojolim/Library/Developer/XcodeBuildMCP/workspaces/orchestrator-309442864093/DerivedData/SpeakLocalNative-8f3e721625a0/Logs/Test/Test-SpeakLocalNative-2026.06.01_05-36-00-+0700.xcresult

** TEST EXECUTE SUCCEEDED **

Testing started

2026-06-01 05:36:02.077 xcodebuild[18673:7780994] [MT] IDELaunchParametersSnapshot: The operation couldn’t be completed. (DebuggerLLDB.DebuggerVersionStore.StoreError error 0.)
2026-06-01 05:36:02.077 xcodebuild[18673:7780994] [MT] IDELaunchParametersSnapshot: no debugger version
2026-06-01 05:36:12.407 xcodebuild[18673:7780994] [MT] IDELaunchParametersSnapshot: The operation couldn’t be completed. (DebuggerLLDB.DebuggerVersionStore.StoreError error 0.)
2026-06-01 05:36:12.407 xcodebuild[18673:7780994] [MT] IDELaunchParametersSnapshot: no debugger version
2026-06-01 05:36:17.438 xcodebuild[18673:7780994] [MT] IDETestOperationsObserverDebug: 16.577 elapsed -- Testing started completed.
2026-06-01 05:36:17.438 xcodebuild[18673:7780994] [MT] IDETestOperationsObserverDebug: 0.000 sec, +0.000 sec -- start
2026-06-01 05:36:17.438 xcodebuild[18673:7780994] [MT] IDETestOperationsObserverDebug: 16.577 sec, +16.577 sec -- end
