Command line invocation:
    /Applications/Xcode.app/Contents/Developer/usr/bin/xcodebuild test-without-building -project /Users/jojolim/Developer/products/speaklocal/app-family/.worktrees/city-listings-production-ready/native-ios/SpeakLocalNative.xcodeproj -scheme SpeakLocalNative -destination "platform=iOS Simulator,id=7C386DD3-4BF1-4A34-A918-768C43CD1258" -derivedDataPath /Users/jojolim/Library/Developer/XcodeBuildMCP/workspaces/orchestrator-309442864093/DerivedData/SpeakLocalNative-8f3e721625a0 "-only-testing:SpeakLocalNativeUITests/CityAppDetailV22RenderProofUITests/testCaptureCityAppDetailV22RenderProofBatch"

2026-06-01 08:24:29.877303+0700 SpeakLocalNativeUITests-Runner[30898:8498378] [Default] Running tests...
    t =      nans Interface orientation changed to Portrait
Test Suite 'Selected tests' started at 2026-06-01 08:24:30.247.
Test Suite 'SpeakLocalNativeUITests.xctest' started at 2026-06-01 08:24:30.248.
Test Suite 'CityAppDetailV22RenderProofUITests' started at 2026-06-01 08:24:30.248.
Test Case '-[SpeakLocalNativeUITests.CityAppDetailV22RenderProofUITests testCaptureCityAppDetailV22RenderProofBatch]' started.
    t =     0.00s Start Test at 2026-06-01 08:24:30.248
    t =     0.02s Set Up
    t =     0.02s Open app.speaklocal.vietnam.native
    t =     0.02s     Launch app.speaklocal.vietnam.native
objc[30898]: Class UIAccessibilityLoaderWebShared is implemented in both /Library/Developer/CoreSimulator/Volumes/iOS_23F77/Library/Developer/CoreSimulator/Profiles/Runtimes/iOS 26.5.simruntime/Contents/Resources/RuntimeRoot/System/Library/AccessibilityBundles/WebCore.axbundle/WebCore (0x106448310) and /Library/Developer/CoreSimulator/Volumes/iOS_23F77/Library/Developer/CoreSimulator/Profiles/Runtimes/iOS 26.5.simruntime/Contents/Resources/RuntimeRoot/System/Library/AccessibilityBundles/WebKit.axbundle/WebKit (0x105cb0398). This may cause spurious casting failures and mysterious crashes. One of the duplicates must be removed or renamed.
    t =     1.89s         Setting up automation session
    t =     2.47s         Wait for app.speaklocal.vietnam.native to idle
    t =     3.92s Checking existence of `"Hội quán Hải Nam" StaticText`
    t =     4.06s Waiting 8.0s for "Hội quán Hải Nam" StaticText to exist
    t =     5.10s     Checking `Expect predicate `existsNoRetry == 1` for object "Hội quán Hải Nam" StaticText`
    t =     5.10s         Checking existence of `"Hội quán Hải Nam" StaticText`
    t =     5.24s Swipe up Target Application 'app.speaklocal.vietnam.native'
    t =     5.24s     Wait for app.speaklocal.vietnam.native to idle
    t =     5.24s     Find the Target Application 'app.speaklocal.vietnam.native'
    t =     5.25s     Check for interrupting elements affecting "SpeakLocal Vietnam" Application
    t =     5.27s     Synthesize event
    t =     5.70s     Wait for app.speaklocal.vietnam.native to idle
    t =     7.80s Swipe up Target Application 'app.speaklocal.vietnam.native'
    t =     7.80s     Wait for app.speaklocal.vietnam.native to idle
    t =     7.81s     Find the Target Application 'app.speaklocal.vietnam.native'
    t =     7.82s     Check for interrupting elements affecting "SpeakLocal Vietnam" Application
    t =     7.85s     Synthesize event
    t =     8.27s     Wait for app.speaklocal.vietnam.native to idle
    t =     9.02s Terminate app.speaklocal.vietnam.native:30987
    t =    10.09s Open app.speaklocal.vietnam.native
    t =    10.09s     Launch app.speaklocal.vietnam.native
    t =    10.30s         Setting up automation session
    t =    10.81s         Wait for app.speaklocal.vietnam.native to idle
    t =    12.29s Waiting 4.0s for TabBar (First Match) to exist
    t =    13.33s     Checking `Expect predicate `existsNoRetry == 1` for object TabBar (First Match)`
    t =    13.33s         Checking existence of `TabBar (First Match)`
    t =    13.39s Checking existence of `"PhraseArticle.BottomSentinel.viet-family-city-hoian-place-hainan-assembly-hall" Other`
    t =    13.47s Checking existence of `"PhraseArticle.BottomSentinel.viet-phrase-city-hoian-place-hainan-assembly-hall" Other`
    t =    13.49s Find the "PhraseArticle.BottomSentinel.viet-phrase-city-hoian-place-hainan-assembly-hall" Other
    t =    13.51s Checking existence of `TabBar (First Match)`
    t =    13.52s Find the TabBar (First Match)
    t =    13.52s Find the Target Application 'app.speaklocal.vietnam.native'
    t =    13.61s Terminate app.speaklocal.vietnam.native:31069
    t =    14.69s Tear Down
Test Case '-[SpeakLocalNativeUITests.CityAppDetailV22RenderProofUITests testCaptureCityAppDetailV22RenderProofBatch]' passed (14.742 seconds).
Test Suite 'CityAppDetailV22RenderProofUITests' passed at 2026-06-01 08:24:44.991.
	 Executed 1 test, with 0 failures (0 unexpected) in 14.742 (14.743) seconds
Test Suite 'SpeakLocalNativeUITests.xctest' passed at 2026-06-01 08:24:44.992.
	 Executed 1 test, with 0 failures (0 unexpected) in 14.742 (14.744) seconds
Test Suite 'Selected tests' passed at 2026-06-01 08:24:44.993.
	 Executed 1 test, with 0 failures (0 unexpected) in 14.742 (14.745) seconds

Test session results, code coverage, and logs:
	/Users/jojolim/Library/Developer/XcodeBuildMCP/workspaces/orchestrator-309442864093/DerivedData/SpeakLocalNative-8f3e721625a0/Logs/Test/Test-SpeakLocalNative-2026.06.01_08-24-28-+0700.xcresult

** TEST EXECUTE SUCCEEDED **

Testing started

2026-06-01 08:24:30.308 xcodebuild[30894:8498201] [MT] IDELaunchParametersSnapshot: The operation couldn’t be completed. (DebuggerLLDB.DebuggerVersionStore.StoreError error 0.)
2026-06-01 08:24:30.308 xcodebuild[30894:8498201] [MT] IDELaunchParametersSnapshot: no debugger version
2026-06-01 08:24:40.342 xcodebuild[30894:8498201] [MT] IDELaunchParametersSnapshot: The operation couldn’t be completed. (DebuggerLLDB.DebuggerVersionStore.StoreError error 0.)
2026-06-01 08:24:40.342 xcodebuild[30894:8498201] [MT] IDELaunchParametersSnapshot: no debugger version
2026-06-01 08:24:45.291 xcodebuild[30894:8498201] [MT] IDETestOperationsObserverDebug: 16.225 elapsed -- Testing started completed.
2026-06-01 08:24:45.291 xcodebuild[30894:8498201] [MT] IDETestOperationsObserverDebug: 0.000 sec, +0.000 sec -- start
2026-06-01 08:24:45.291 xcodebuild[30894:8498201] [MT] IDETestOperationsObserverDebug: 16.225 sec, +16.225 sec -- end
