Command line invocation:
    /Applications/Xcode.app/Contents/Developer/usr/bin/xcodebuild test-without-building -project /Users/jojolim/Developer/products/speaklocal/app-family/.worktrees/city-listings-production-ready/native-ios/SpeakLocalNative.xcodeproj -scheme SpeakLocalNative -destination "platform=iOS Simulator,id=7C386DD3-4BF1-4A34-A918-768C43CD1258" -derivedDataPath /Users/jojolim/Library/Developer/XcodeBuildMCP/workspaces/orchestrator-309442864093/DerivedData/SpeakLocalNative-8f3e721625a0 "-only-testing:SpeakLocalNativeUITests/CityAppDetailV22RenderProofUITests/testCaptureCityAppDetailV22RenderProofBatch"

2026-06-01 05:41:36.155725+0700 SpeakLocalNativeUITests-Runner[23589:7804581] [Default] Running tests...
    t =      nans Interface orientation changed to Portrait
Test Suite 'Selected tests' started at 2026-06-01 05:41:36.525.
Test Suite 'SpeakLocalNativeUITests.xctest' started at 2026-06-01 05:41:36.525.
Test Suite 'CityAppDetailV22RenderProofUITests' started at 2026-06-01 05:41:36.526.
Test Case '-[SpeakLocalNativeUITests.CityAppDetailV22RenderProofUITests testCaptureCityAppDetailV22RenderProofBatch]' started.
    t =     0.00s Start Test at 2026-06-01 05:41:36.526
    t =     0.02s Set Up
    t =     0.02s Open app.speaklocal.vietnam.native
    t =     0.02s     Launch app.speaklocal.vietnam.native
objc[23589]: Class UIAccessibilityLoaderWebShared is implemented in both /Library/Developer/CoreSimulator/Volumes/iOS_23F77/Library/Developer/CoreSimulator/Profiles/Runtimes/iOS 26.5.simruntime/Contents/Resources/RuntimeRoot/System/Library/AccessibilityBundles/WebCore.axbundle/WebCore (0x10aa40310) and /Library/Developer/CoreSimulator/Volumes/iOS_23F77/Library/Developer/CoreSimulator/Profiles/Runtimes/iOS 26.5.simruntime/Contents/Resources/RuntimeRoot/System/Library/AccessibilityBundles/WebKit.axbundle/WebKit (0x10a294398). This may cause spurious casting failures and mysterious crashes. One of the duplicates must be removed or renamed.
    t =     1.90s         Setting up automation session
    t =     2.32s         Wait for app.speaklocal.vietnam.native to idle
    t =     3.83s Checking existence of `"Phố đường tàu Hà Nội" StaticText`
    t =     3.96s Waiting 8.0s for "Phố đường tàu Hà Nội" StaticText to exist
    t =     5.03s     Checking `Expect predicate `existsNoRetry == 1` for object "Phố đường tàu Hà Nội" StaticText`
    t =     5.03s         Checking existence of `"Phố đường tàu Hà Nội" StaticText`
    t =     5.17s Swipe up Target Application 'app.speaklocal.vietnam.native'
    t =     5.17s     Wait for app.speaklocal.vietnam.native to idle
    t =     5.17s     Find the Target Application 'app.speaklocal.vietnam.native'
    t =     5.18s     Check for interrupting elements affecting "SpeakLocal Vietnam" Application
    t =     5.20s     Synthesize event
    t =     5.61s     Wait for app.speaklocal.vietnam.native to idle
    t =     7.73s Swipe up Target Application 'app.speaklocal.vietnam.native'
    t =     7.73s     Wait for app.speaklocal.vietnam.native to idle
    t =     7.74s     Find the Target Application 'app.speaklocal.vietnam.native'
    t =     7.76s     Check for interrupting elements affecting "SpeakLocal Vietnam" Application
    t =     7.79s     Synthesize event
    t =     8.21s     Wait for app.speaklocal.vietnam.native to idle
    t =     8.97s Terminate app.speaklocal.vietnam.native:23667
    t =    10.06s Open app.speaklocal.vietnam.native
    t =    10.06s     Launch app.speaklocal.vietnam.native
    t =    10.27s         Setting up automation session
    t =    10.74s         Wait for app.speaklocal.vietnam.native to idle
    t =    12.22s Waiting 4.0s for TabBar (First Match) to exist
    t =    13.29s     Checking `Expect predicate `existsNoRetry == 1` for object TabBar (First Match)`
    t =    13.29s         Checking existence of `TabBar (First Match)`
    t =    13.32s Checking existence of `"PhraseArticle.BottomSentinel.viet-family-city-hanoi-place-train-street" Other`
    t =    13.40s Checking existence of `"PhraseArticle.BottomSentinel.viet-phrase-city-hanoi-place-train-street" Other`
    t =    13.42s Find the "PhraseArticle.BottomSentinel.viet-phrase-city-hanoi-place-train-street" Other
    t =    13.45s Checking existence of `TabBar (First Match)`
    t =    13.45s Find the TabBar (First Match)
    t =    13.46s Find the Target Application 'app.speaklocal.vietnam.native'
    t =    13.56s Terminate app.speaklocal.vietnam.native:23759
    t =    14.65s Tear Down
Test Case '-[SpeakLocalNativeUITests.CityAppDetailV22RenderProofUITests testCaptureCityAppDetailV22RenderProofBatch]' passed (14.695 seconds).
Test Suite 'CityAppDetailV22RenderProofUITests' passed at 2026-06-01 05:41:51.222.
	 Executed 1 test, with 0 failures (0 unexpected) in 14.695 (14.697) seconds
Test Suite 'SpeakLocalNativeUITests.xctest' passed at 2026-06-01 05:41:51.223.
	 Executed 1 test, with 0 failures (0 unexpected) in 14.695 (14.698) seconds
Test Suite 'Selected tests' passed at 2026-06-01 05:41:51.224.
	 Executed 1 test, with 0 failures (0 unexpected) in 14.695 (14.699) seconds

Test session results, code coverage, and logs:
	/Users/jojolim/Library/Developer/XcodeBuildMCP/workspaces/orchestrator-309442864093/DerivedData/SpeakLocalNative-8f3e721625a0/Logs/Test/Test-SpeakLocalNative-2026.06.01_05-41-35-+0700.xcresult

** TEST EXECUTE SUCCEEDED **

Testing started

2026-06-01 05:41:36.584 xcodebuild[23587:7804421] [MT] IDELaunchParametersSnapshot: The operation couldn’t be completed. (DebuggerLLDB.DebuggerVersionStore.StoreError error 0.)
2026-06-01 05:41:36.585 xcodebuild[23587:7804421] [MT] IDELaunchParametersSnapshot: no debugger version
2026-06-01 05:41:46.586 xcodebuild[23587:7804421] [MT] IDELaunchParametersSnapshot: The operation couldn’t be completed. (DebuggerLLDB.DebuggerVersionStore.StoreError error 0.)
2026-06-01 05:41:46.586 xcodebuild[23587:7804421] [MT] IDELaunchParametersSnapshot: no debugger version
2026-06-01 05:41:51.526 xcodebuild[23587:7804421] [MT] IDETestOperationsObserverDebug: 16.157 elapsed -- Testing started completed.
2026-06-01 05:41:51.526 xcodebuild[23587:7804421] [MT] IDETestOperationsObserverDebug: 0.000 sec, +0.000 sec -- start
2026-06-01 05:41:51.526 xcodebuild[23587:7804421] [MT] IDETestOperationsObserverDebug: 16.157 sec, +16.157 sec -- end
