Command line invocation:
    /Applications/Xcode.app/Contents/Developer/usr/bin/xcodebuild test-without-building -project /Users/jojolim/Developer/products/speaklocal/app-family/.worktrees/city-listings-production-ready/native-ios/SpeakLocalNative.xcodeproj -scheme SpeakLocalNative -destination "platform=iOS Simulator,id=7C386DD3-4BF1-4A34-A918-768C43CD1258" -derivedDataPath /Users/jojolim/Library/Developer/XcodeBuildMCP/workspaces/orchestrator-309442864093/DerivedData/SpeakLocalNative-8f3e721625a0 "-only-testing:SpeakLocalNativeUITests/CityAppDetailV22RenderProofUITests/testCaptureCityAppDetailV22RenderProofBatch"

2026-06-01 23:39:06.969789+0700 SpeakLocalNativeUITests-Runner[17832:10223865] [Default] Running tests...
    t =      nans Interface orientation changed to Portrait
Test Suite 'Selected tests' started at 2026-06-01 23:39:07.351.
Test Suite 'SpeakLocalNativeUITests.xctest' started at 2026-06-01 23:39:07.351.
Test Suite 'CityAppDetailV22RenderProofUITests' started at 2026-06-01 23:39:07.352.
Test Case '-[SpeakLocalNativeUITests.CityAppDetailV22RenderProofUITests testCaptureCityAppDetailV22RenderProofBatch]' started.
    t =     0.00s Start Test at 2026-06-01 23:39:07.352
    t =     0.02s Set Up
    t =     0.02s Open app.speaklocal.vietnam.native
    t =     0.02s     Launch app.speaklocal.vietnam.native
objc[17832]: Class UIAccessibilityLoaderWebShared is implemented in both /Library/Developer/CoreSimulator/Volumes/iOS_23F77/Library/Developer/CoreSimulator/Profiles/Runtimes/iOS 26.5.simruntime/Contents/Resources/RuntimeRoot/System/Library/AccessibilityBundles/WebCore.axbundle/WebCore (0x108a94310) and /Library/Developer/CoreSimulator/Volumes/iOS_23F77/Library/Developer/CoreSimulator/Profiles/Runtimes/iOS 26.5.simruntime/Contents/Resources/RuntimeRoot/System/Library/AccessibilityBundles/WebKit.axbundle/WebKit (0x1082fc398). This may cause spurious casting failures and mysterious crashes. One of the duplicates must be removed or renamed.
    t =     2.53s         Setting up automation session
    t =     3.20s         Wait for app.speaklocal.vietnam.native to idle
    t =     4.87s Checking existence of `"Đi Củ Chi trong ngày" StaticText`
    t =     5.06s Waiting 8.0s for "Đi Củ Chi trong ngày" StaticText to exist
    t =     6.13s     Checking `Expect predicate `existsNoRetry == 1` for object "Đi Củ Chi trong ngày" StaticText`
    t =     6.14s         Checking existence of `"Đi Củ Chi trong ngày" StaticText`
    t =     6.30s Swipe up Target Application 'app.speaklocal.vietnam.native'
    t =     6.30s     Wait for app.speaklocal.vietnam.native to idle
    t =     6.30s     Find the Target Application 'app.speaklocal.vietnam.native'
    t =     6.31s     Check for interrupting elements affecting "SpeakLocal Vietnam" Application
    t =     6.33s     Synthesize event
    t =     6.75s     Wait for app.speaklocal.vietnam.native to idle
    t =     8.86s Swipe up Target Application 'app.speaklocal.vietnam.native'
    t =     8.86s     Wait for app.speaklocal.vietnam.native to idle
    t =     8.86s     Find the Target Application 'app.speaklocal.vietnam.native'
    t =     8.89s     Check for interrupting elements affecting "SpeakLocal Vietnam" Application
    t =     8.91s     Synthesize event
    t =     9.33s     Wait for app.speaklocal.vietnam.native to idle
    t =    10.30s Terminate app.speaklocal.vietnam.native:17910
    t =    11.39s Open app.speaklocal.vietnam.native
    t =    11.39s     Launch app.speaklocal.vietnam.native
    t =    11.60s         Setting up automation session
    t =    12.05s         Wait for app.speaklocal.vietnam.native to idle
    t =    13.50s Waiting 4.0s for TabBar (First Match) to exist
    t =    14.58s     Checking `Expect predicate `existsNoRetry == 1` for object TabBar (First Match)`
    t =    14.58s         Checking existence of `TabBar (First Match)`
    t =    14.63s Checking existence of `"PhraseArticle.BottomSentinel.viet-family-city-hcmc-place-cu-chi-day-trip" Other`
    t =    14.73s Checking existence of `"PhraseArticle.BottomSentinel.viet-phrase-city-hcmc-place-cu-chi-day-trip" Other`
    t =    14.76s Find the "PhraseArticle.BottomSentinel.viet-phrase-city-hcmc-place-cu-chi-day-trip" Other
    t =    14.80s Checking existence of `TabBar (First Match)`
    t =    14.81s Find the TabBar (First Match)
    t =    14.82s Find the Target Application 'app.speaklocal.vietnam.native'
    t =    14.97s Terminate app.speaklocal.vietnam.native:17993
    t =    16.06s Tear Down
Test Case '-[SpeakLocalNativeUITests.CityAppDetailV22RenderProofUITests testCaptureCityAppDetailV22RenderProofBatch]' passed (16.124 seconds).
Test Suite 'CityAppDetailV22RenderProofUITests' passed at 2026-06-01 23:39:23.476.
	 Executed 1 test, with 0 failures (0 unexpected) in 16.124 (16.125) seconds
Test Suite 'SpeakLocalNativeUITests.xctest' passed at 2026-06-01 23:39:23.477.
	 Executed 1 test, with 0 failures (0 unexpected) in 16.124 (16.125) seconds
Test Suite 'Selected tests' passed at 2026-06-01 23:39:23.477.
	 Executed 1 test, with 0 failures (0 unexpected) in 16.124 (16.126) seconds

Test session results, code coverage, and logs:
	/Users/jojolim/Library/Developer/XcodeBuildMCP/workspaces/orchestrator-309442864093/DerivedData/SpeakLocalNative-8f3e721625a0/Logs/Test/Test-SpeakLocalNative-2026.06.01_23-39-06-+0700.xcresult

** TEST EXECUTE SUCCEEDED **

Testing started

2026-06-01 23:39:07.420 xcodebuild[17815:10223696] [MT] IDELaunchParametersSnapshot: The operation couldn’t be completed. (DebuggerLLDB.DebuggerVersionStore.StoreError error 0.)
2026-06-01 23:39:07.420 xcodebuild[17815:10223696] [MT] IDELaunchParametersSnapshot: no debugger version
2026-06-01 23:39:18.740 xcodebuild[17815:10223696] [MT] IDELaunchParametersSnapshot: The operation couldn’t be completed. (DebuggerLLDB.DebuggerVersionStore.StoreError error 0.)
2026-06-01 23:39:18.740 xcodebuild[17815:10223696] [MT] IDELaunchParametersSnapshot: no debugger version
2026-06-01 23:39:23.774 xcodebuild[17815:10223696] [MT] IDETestOperationsObserverDebug: 17.606 elapsed -- Testing started completed.
2026-06-01 23:39:23.774 xcodebuild[17815:10223696] [MT] IDETestOperationsObserverDebug: 0.000 sec, +0.000 sec -- start
2026-06-01 23:39:23.774 xcodebuild[17815:10223696] [MT] IDETestOperationsObserverDebug: 17.606 sec, +17.606 sec -- end
