Command line invocation:
    /Applications/Xcode.app/Contents/Developer/usr/bin/xcodebuild test-without-building -project /Users/jojolim/Developer/products/speaklocal/app-family/.worktrees/city-listings-production-ready/native-ios/SpeakLocalNative.xcodeproj -scheme SpeakLocalNative -destination "platform=iOS Simulator,id=7C386DD3-4BF1-4A34-A918-768C43CD1258" -derivedDataPath /Users/jojolim/Library/Developer/XcodeBuildMCP/workspaces/orchestrator-309442864093/DerivedData/SpeakLocalNative-8f3e721625a0 "-only-testing:SpeakLocalNativeUITests/CityAppDetailV22RenderProofUITests/testCaptureCityAppDetailV22RenderProofBatch"

2026-06-01 07:34:30.811496+0700 SpeakLocalNativeUITests-Runner[69301:8298924] [Default] Running tests...
    t =      nans Interface orientation changed to Portrait
Test Suite 'Selected tests' started at 2026-06-01 07:34:31.177.
Test Suite 'SpeakLocalNativeUITests.xctest' started at 2026-06-01 07:34:31.177.
Test Suite 'CityAppDetailV22RenderProofUITests' started at 2026-06-01 07:34:31.177.
Test Case '-[SpeakLocalNativeUITests.CityAppDetailV22RenderProofUITests testCaptureCityAppDetailV22RenderProofBatch]' started.
    t =     0.00s Start Test at 2026-06-01 07:34:31.178
    t =     0.02s Set Up
    t =     0.02s Open app.speaklocal.vietnam.native
    t =     0.02s     Launch app.speaklocal.vietnam.native
objc[69301]: Class UIAccessibilityLoaderWebShared is implemented in both /Library/Developer/CoreSimulator/Volumes/iOS_23F77/Library/Developer/CoreSimulator/Profiles/Runtimes/iOS 26.5.simruntime/Contents/Resources/RuntimeRoot/System/Library/AccessibilityBundles/WebCore.axbundle/WebCore (0x10aa84310) and /Library/Developer/CoreSimulator/Volumes/iOS_23F77/Library/Developer/CoreSimulator/Profiles/Runtimes/iOS 26.5.simruntime/Contents/Resources/RuntimeRoot/System/Library/AccessibilityBundles/WebKit.axbundle/WebKit (0x10a290398). This may cause spurious casting failures and mysterious crashes. One of the duplicates must be removed or renamed.
    t =     1.88s         Setting up automation session
    t =     2.32s         Wait for app.speaklocal.vietnam.native to idle
    t =     3.79s Checking existence of `"Bảo tàng Mỹ thuật Việt Nam" StaticText`
    t =     3.93s Waiting 8.0s for "Bảo tàng Mỹ thuật Việt Nam" StaticText to exist
    t =     4.96s     Checking `Expect predicate `existsNoRetry == 1` for object "Bảo tàng Mỹ thuật Việt Nam" StaticText`
    t =     4.96s         Checking existence of `"Bảo tàng Mỹ thuật Việt Nam" StaticText`
    t =     5.13s Swipe up Target Application 'app.speaklocal.vietnam.native'
    t =     5.13s     Wait for app.speaklocal.vietnam.native to idle
    t =     5.13s     Find the Target Application 'app.speaklocal.vietnam.native'
    t =     5.14s     Check for interrupting elements affecting "SpeakLocal Vietnam" Application
    t =     5.16s     Synthesize event
    t =     5.58s     Wait for app.speaklocal.vietnam.native to idle
    t =     7.68s Swipe up Target Application 'app.speaklocal.vietnam.native'
    t =     7.68s     Wait for app.speaklocal.vietnam.native to idle
    t =     7.69s     Find the Target Application 'app.speaklocal.vietnam.native'
    t =     7.71s     Check for interrupting elements affecting "SpeakLocal Vietnam" Application
    t =     7.73s     Synthesize event
    t =     8.15s     Wait for app.speaklocal.vietnam.native to idle
    t =     8.99s Terminate app.speaklocal.vietnam.native:69379
    t =    10.05s Open app.speaklocal.vietnam.native
    t =    10.05s     Launch app.speaklocal.vietnam.native
    t =    10.27s         Setting up automation session
    t =    10.75s         Wait for app.speaklocal.vietnam.native to idle
    t =    12.18s Waiting 4.0s for TabBar (First Match) to exist
    t =    13.23s     Checking `Expect predicate `existsNoRetry == 1` for object TabBar (First Match)`
    t =    13.23s         Checking existence of `TabBar (First Match)`
    t =    13.29s Checking existence of `"PhraseArticle.BottomSentinel.viet-family-city-hanoi-place-vietnam-fine-arts-museum" Other`
    t =    13.37s Checking existence of `"PhraseArticle.BottomSentinel.viet-phrase-city-hanoi-place-vietnam-fine-arts-museum" Other`
    t =    13.40s Find the "PhraseArticle.BottomSentinel.viet-phrase-city-hanoi-place-vietnam-fine-arts-museum" Other
    t =    13.42s Checking existence of `TabBar (First Match)`
    t =    13.42s Find the TabBar (First Match)
    t =    13.43s Find the Target Application 'app.speaklocal.vietnam.native'
    t =    13.52s Terminate app.speaklocal.vietnam.native:69485
    t =    14.58s Tear Down
Test Case '-[SpeakLocalNativeUITests.CityAppDetailV22RenderProofUITests testCaptureCityAppDetailV22RenderProofBatch]' passed (14.676 seconds).
Test Suite 'CityAppDetailV22RenderProofUITests' passed at 2026-06-01 07:34:45.854.
	 Executed 1 test, with 0 failures (0 unexpected) in 14.676 (14.677) seconds
Test Suite 'SpeakLocalNativeUITests.xctest' passed at 2026-06-01 07:34:45.855.
	 Executed 1 test, with 0 failures (0 unexpected) in 14.676 (14.678) seconds
Test Suite 'Selected tests' passed at 2026-06-01 07:34:45.856.
	 Executed 1 test, with 0 failures (0 unexpected) in 14.676 (14.679) seconds

Test session results, code coverage, and logs:
	/Users/jojolim/Library/Developer/XcodeBuildMCP/workspaces/orchestrator-309442864093/DerivedData/SpeakLocalNative-8f3e721625a0/Logs/Test/Test-SpeakLocalNative-2026.06.01_07-34-29-+0700.xcresult

** TEST EXECUTE SUCCEEDED **

Testing started

2026-06-01 07:34:31.235 xcodebuild[69299:8298756] [MT] IDELaunchParametersSnapshot: The operation couldn’t be completed. (DebuggerLLDB.DebuggerVersionStore.StoreError error 0.)
2026-06-01 07:34:31.235 xcodebuild[69299:8298756] [MT] IDELaunchParametersSnapshot: no debugger version
2026-06-01 07:34:41.232 xcodebuild[69299:8298756] [MT] IDELaunchParametersSnapshot: The operation couldn’t be completed. (DebuggerLLDB.DebuggerVersionStore.StoreError error 0.)
2026-06-01 07:34:41.232 xcodebuild[69299:8298756] [MT] IDELaunchParametersSnapshot: no debugger version
2026-06-01 07:34:46.153 xcodebuild[69299:8298756] [MT] IDETestOperationsObserverDebug: 16.138 elapsed -- Testing started completed.
2026-06-01 07:34:46.153 xcodebuild[69299:8298756] [MT] IDETestOperationsObserverDebug: 0.000 sec, +0.000 sec -- start
2026-06-01 07:34:46.153 xcodebuild[69299:8298756] [MT] IDETestOperationsObserverDebug: 16.138 sec, +16.138 sec -- end
