Command line invocation:
    /Applications/Xcode.app/Contents/Developer/usr/bin/xcodebuild test-without-building -project /Users/jojolim/Developer/products/speaklocal/app-family/.worktrees/city-listings-production-ready/native-ios/SpeakLocalNative.xcodeproj -scheme SpeakLocalNative -destination "platform=iOS Simulator,id=7C386DD3-4BF1-4A34-A918-768C43CD1258" -derivedDataPath /Users/jojolim/Library/Developer/XcodeBuildMCP/workspaces/orchestrator-309442864093/DerivedData/SpeakLocalNative-8f3e721625a0 "-only-testing:SpeakLocalNativeUITests/CityAppDetailV22RenderProofUITests/testCaptureCityAppDetailV22RenderProofBatch"

2026-06-01 09:16:21.468319+0700 SpeakLocalNativeUITests-Runner[67313:8666825] [Default] Running tests...
    t =      nans Interface orientation changed to Portrait
Test Suite 'Selected tests' started at 2026-06-01 09:16:21.838.
Test Suite 'SpeakLocalNativeUITests.xctest' started at 2026-06-01 09:16:21.838.
Test Suite 'CityAppDetailV22RenderProofUITests' started at 2026-06-01 09:16:21.838.
Test Case '-[SpeakLocalNativeUITests.CityAppDetailV22RenderProofUITests testCaptureCityAppDetailV22RenderProofBatch]' started.
    t =     0.00s Start Test at 2026-06-01 09:16:21.838
    t =     0.02s Set Up
    t =     0.02s Open app.speaklocal.vietnam.native
    t =     0.02s     Launch app.speaklocal.vietnam.native
objc[67313]: Class UIAccessibilityLoaderWebShared is implemented in both /Library/Developer/CoreSimulator/Volumes/iOS_23F77/Library/Developer/CoreSimulator/Profiles/Runtimes/iOS 26.5.simruntime/Contents/Resources/RuntimeRoot/System/Library/AccessibilityBundles/WebCore.axbundle/WebCore (0x10918c310) and /Library/Developer/CoreSimulator/Volumes/iOS_23F77/Library/Developer/CoreSimulator/Profiles/Runtimes/iOS 26.5.simruntime/Contents/Resources/RuntimeRoot/System/Library/AccessibilityBundles/WebKit.axbundle/WebKit (0x108a2c398). This may cause spurious casting failures and mysterious crashes. One of the duplicates must be removed or renamed.
    t =     1.88s         Setting up automation session
    t =     2.40s         Wait for app.speaklocal.vietnam.native to idle
    t =     3.87s Checking existence of `"Lăng Tự Đức" StaticText`
    t =     4.02s Waiting 8.0s for "Lăng Tự Đức" StaticText to exist
    t =     5.07s     Checking `Expect predicate `existsNoRetry == 1` for object "Lăng Tự Đức" StaticText`
    t =     5.07s         Checking existence of `"Lăng Tự Đức" StaticText`
    t =     5.24s Swipe up Target Application 'app.speaklocal.vietnam.native'
    t =     5.24s     Wait for app.speaklocal.vietnam.native to idle
    t =     5.24s     Find the Target Application 'app.speaklocal.vietnam.native'
    t =     5.25s     Check for interrupting elements affecting "SpeakLocal Vietnam" Application
    t =     5.27s     Synthesize event
    t =     5.69s     Wait for app.speaklocal.vietnam.native to idle
    t =     7.85s Swipe up Target Application 'app.speaklocal.vietnam.native'
    t =     7.85s     Wait for app.speaklocal.vietnam.native to idle
    t =     7.85s     Find the Target Application 'app.speaklocal.vietnam.native'
    t =     7.88s     Check for interrupting elements affecting "SpeakLocal Vietnam" Application
    t =     7.90s     Synthesize event
    t =     8.32s     Wait for app.speaklocal.vietnam.native to idle
    t =     9.05s Terminate app.speaklocal.vietnam.native:67364
    t =    10.12s Open app.speaklocal.vietnam.native
    t =    10.12s     Launch app.speaklocal.vietnam.native
    t =    10.34s         Setting up automation session
    t =    10.82s         Wait for app.speaklocal.vietnam.native to idle
    t =    12.33s Waiting 4.0s for TabBar (First Match) to exist
    t =    13.38s     Checking `Expect predicate `existsNoRetry == 1` for object TabBar (First Match)`
    t =    13.38s         Checking existence of `TabBar (First Match)`
    t =    13.44s Checking existence of `"PhraseArticle.BottomSentinel.viet-family-city-hue-place-tu-duc-tomb" Other`
    t =    13.52s Checking existence of `"PhraseArticle.BottomSentinel.viet-phrase-city-hue-place-tu-duc-tomb" Other`
    t =    13.54s Find the "PhraseArticle.BottomSentinel.viet-phrase-city-hue-place-tu-duc-tomb" Other
    t =    13.57s Checking existence of `TabBar (First Match)`
    t =    13.57s Find the TabBar (First Match)
    t =    13.58s Find the Target Application 'app.speaklocal.vietnam.native'
    t =    13.68s Terminate app.speaklocal.vietnam.native:67480
    t =    14.74s Tear Down
Test Case '-[SpeakLocalNativeUITests.CityAppDetailV22RenderProofUITests testCaptureCityAppDetailV22RenderProofBatch]' passed (14.801 seconds).
Test Suite 'CityAppDetailV22RenderProofUITests' passed at 2026-06-01 09:16:36.640.
	 Executed 1 test, with 0 failures (0 unexpected) in 14.801 (14.802) seconds
Test Suite 'SpeakLocalNativeUITests.xctest' passed at 2026-06-01 09:16:36.641.
	 Executed 1 test, with 0 failures (0 unexpected) in 14.801 (14.803) seconds
Test Suite 'Selected tests' passed at 2026-06-01 09:16:36.642.
	 Executed 1 test, with 0 failures (0 unexpected) in 14.801 (14.804) seconds

Test session results, code coverage, and logs:
	/Users/jojolim/Library/Developer/XcodeBuildMCP/workspaces/orchestrator-309442864093/DerivedData/SpeakLocalNative-8f3e721625a0/Logs/Test/Test-SpeakLocalNative-2026.06.01_09-16-20-+0700.xcresult

** TEST EXECUTE SUCCEEDED **

Testing started

2026-06-01 09:16:21.899 xcodebuild[67308:8666647] [MT] IDELaunchParametersSnapshot: The operation couldn’t be completed. (DebuggerLLDB.DebuggerVersionStore.StoreError error 0.)
2026-06-01 09:16:21.899 xcodebuild[67308:8666647] [MT] IDELaunchParametersSnapshot: no debugger version
2026-06-01 09:16:31.962 xcodebuild[67308:8666647] [MT] IDELaunchParametersSnapshot: The operation couldn’t be completed. (DebuggerLLDB.DebuggerVersionStore.StoreError error 0.)
2026-06-01 09:16:31.962 xcodebuild[67308:8666647] [MT] IDELaunchParametersSnapshot: no debugger version
2026-06-01 09:16:36.949 xcodebuild[67308:8666647] [MT] IDETestOperationsObserverDebug: 16.288 elapsed -- Testing started completed.
2026-06-01 09:16:36.949 xcodebuild[67308:8666647] [MT] IDETestOperationsObserverDebug: 0.000 sec, +0.000 sec -- start
2026-06-01 09:16:36.949 xcodebuild[67308:8666647] [MT] IDETestOperationsObserverDebug: 16.288 sec, +16.288 sec -- end
