Command line invocation:
    /Applications/Xcode.app/Contents/Developer/usr/bin/xcodebuild test-without-building -project native-ios/SpeakLocalNative.xcodeproj -scheme SpeakLocalNative -destination "platform=iOS Simulator,id=7C386DD3-4BF1-4A34-A918-768C43CD1258" -derivedDataPath /Users/jojolim/Library/Developer/XcodeBuildMCP/workspaces/orchestrator-309442864093/DerivedData/SpeakLocalNative-8f3e721625a0 "-only-testing:SpeakLocalNativeUITests/CityAppDetailV22RenderProofUITests/testCaptureCityAppDetailV22RenderProofBatch"

2026-06-01 02:04:00.895268+0700 SpeakLocalNativeUITests-Runner[63997:6953962] [Default] Running tests...
    t =      nans Interface orientation changed to Portrait
Test Suite 'Selected tests' started at 2026-06-01 02:04:01.463.
Test Suite 'SpeakLocalNativeUITests.xctest' started at 2026-06-01 02:04:01.464.
Test Suite 'CityAppDetailV22RenderProofUITests' started at 2026-06-01 02:04:01.464.
Test Case '-[SpeakLocalNativeUITests.CityAppDetailV22RenderProofUITests testCaptureCityAppDetailV22RenderProofBatch]' started.
    t =     0.00s Start Test at 2026-06-01 02:04:01.465
    t =     0.02s Set Up
    t =     0.02s Open app.speaklocal.vietnam.native
    t =     0.02s     Launch app.speaklocal.vietnam.native
2026-06-01 02:04:01.541 xcodebuild[63980:6953770] [MT] IDELaunchParametersSnapshot: The operation couldn’t be completed. (DebuggerLLDB.DebuggerVersionStore.StoreError error 0.)
2026-06-01 02:04:01.541 xcodebuild[63980:6953770] [MT] IDELaunchParametersSnapshot: no debugger version
objc[63997]: Class UIAccessibilityLoaderWebShared is implemented in both /Library/Developer/CoreSimulator/Volumes/iOS_23F77/Library/Developer/CoreSimulator/Profiles/Runtimes/iOS 26.5.simruntime/Contents/Resources/RuntimeRoot/System/Library/AccessibilityBundles/WebCore.axbundle/WebCore (0x105fc8310) and /Library/Developer/CoreSimulator/Volumes/iOS_23F77/Library/Developer/CoreSimulator/Profiles/Runtimes/iOS 26.5.simruntime/Contents/Resources/RuntimeRoot/System/Library/AccessibilityBundles/WebKit.axbundle/WebKit (0x1064c8398). This may cause spurious casting failures and mysterious crashes. One of the duplicates must be removed or renamed.
    t =     2.95s         Setting up automation session
    t =     3.82s         Wait for app.speaklocal.vietnam.native to idle
    t =     5.68s Checking existence of `"Akuna" StaticText`
    t =     6.02s Waiting 8.0s for "Akuna" StaticText to exist
    t =     7.09s     Checking `Expect predicate `existsNoRetry == 1` for object "Akuna" StaticText`
    t =     7.09s         Checking existence of `"Akuna" StaticText`
    t =     7.23s Swipe up Target Application 'app.speaklocal.vietnam.native'
    t =     7.23s     Wait for app.speaklocal.vietnam.native to idle
    t =     7.24s     Find the Target Application 'app.speaklocal.vietnam.native'
    t =     7.26s     Check for interrupting elements affecting "SpeakLocal Vietnam" Application
    t =     7.28s     Synthesize event
    t =     7.70s     Wait for app.speaklocal.vietnam.native to idle
    t =     9.84s Swipe up Target Application 'app.speaklocal.vietnam.native'
    t =     9.84s     Wait for app.speaklocal.vietnam.native to idle
    t =     9.84s     Find the Target Application 'app.speaklocal.vietnam.native'
    t =     9.87s     Check for interrupting elements affecting "SpeakLocal Vietnam" Application
    t =     9.90s     Synthesize event
    t =    10.33s     Wait for app.speaklocal.vietnam.native to idle
    t =    11.26s Waiting 4.0s for TabBar (First Match) to exist
    t =    12.33s     Checking `Expect predicate `existsNoRetry == 1` for object TabBar (First Match)`
    t =    12.33s         Checking existence of `TabBar (First Match)`
    t =    12.34s Checking existence of `"PhraseArticle.BottomSentinel.viet-family-city-hcmc-place-akuna" Other`
    t =    12.37s Checking existence of `"PhraseArticle.BottomSentinel.viet-phrase-city-hcmc-place-akuna" Other`
    t =    12.40s Find the "PhraseArticle.BottomSentinel.viet-phrase-city-hcmc-place-akuna" Other
    t =    12.43s Checking existence of `TabBar (First Match)`
    t =    12.44s Find the TabBar (First Match)
    t =    12.45s Find the Target Application 'app.speaklocal.vietnam.native'
    t =    12.57s Terminate app.speaklocal.vietnam.native:64121
    t =    13.64s Tear Down
Test Case '-[SpeakLocalNativeUITests.CityAppDetailV22RenderProofUITests testCaptureCityAppDetailV22RenderProofBatch]' passed (13.693 seconds).
Test Suite 'CityAppDetailV22RenderProofUITests' passed at 2026-06-01 02:04:15.158.
	 Executed 1 test, with 0 failures (0 unexpected) in 13.693 (13.694) seconds
Test Suite 'SpeakLocalNativeUITests.xctest' passed at 2026-06-01 02:04:15.159.
	 Executed 1 test, with 0 failures (0 unexpected) in 13.693 (13.695) seconds
Test Suite 'Selected tests' passed at 2026-06-01 02:04:15.159.
	 Executed 1 test, with 0 failures (0 unexpected) in 13.693 (13.696) seconds
2026-06-01 02:04:15.457 xcodebuild[63980:6953770] [MT] IDETestOperationsObserverDebug: 15.710 elapsed -- Testing started completed.
2026-06-01 02:04:15.457 xcodebuild[63980:6953770] [MT] IDETestOperationsObserverDebug: 0.000 sec, +0.000 sec -- start
2026-06-01 02:04:15.457 xcodebuild[63980:6953770] [MT] IDETestOperationsObserverDebug: 15.710 sec, +15.710 sec -- end

Test session results, code coverage, and logs:
	/Users/jojolim/Library/Developer/XcodeBuildMCP/workspaces/orchestrator-309442864093/DerivedData/SpeakLocalNative-8f3e721625a0/Logs/Test/Test-SpeakLocalNative-2026.06.01_02-03-59-+0700.xcresult

** TEST EXECUTE SUCCEEDED **

Testing started
