Command line invocation:
    /Applications/Xcode.app/Contents/Developer/usr/bin/xcodebuild test-without-building -project /Users/jojolim/Developer/products/speaklocal/app-family/.worktrees/city-listings-production-ready/native-ios/SpeakLocalNative.xcodeproj -scheme SpeakLocalNative -destination "platform=iOS Simulator,id=7C386DD3-4BF1-4A34-A918-768C43CD1258" -derivedDataPath /Users/jojolim/Library/Developer/XcodeBuildMCP/workspaces/orchestrator-309442864093/DerivedData/SpeakLocalNative-8f3e721625a0 "-only-testing:SpeakLocalNativeUITests/CityAppDetailV22RenderProofUITests/testCaptureCityAppDetailV22RenderProofBatch"

2026-06-01 03:55:22.741849+0700 SpeakLocalNativeUITests-Runner[83860:7353267] [Default] Running tests...
    t =      nans Interface orientation changed to Portrait
Test Suite 'Selected tests' started at 2026-06-01 03:55:23.113.
Test Suite 'SpeakLocalNativeUITests.xctest' started at 2026-06-01 03:55:23.114.
Test Suite 'CityAppDetailV22RenderProofUITests' started at 2026-06-01 03:55:23.114.
Test Case '-[SpeakLocalNativeUITests.CityAppDetailV22RenderProofUITests testCaptureCityAppDetailV22RenderProofBatch]' started.
    t =     0.00s Start Test at 2026-06-01 03:55:23.114
    t =     0.02s Set Up
    t =     0.02s Open app.speaklocal.vietnam.native
    t =     0.02s     Launch app.speaklocal.vietnam.native
objc[83860]: Class UIAccessibilityLoaderWebShared is implemented in both /Library/Developer/CoreSimulator/Volumes/iOS_23F77/Library/Developer/CoreSimulator/Profiles/Runtimes/iOS 26.5.simruntime/Contents/Resources/RuntimeRoot/System/Library/AccessibilityBundles/WebCore.axbundle/WebCore (0x10a438310) and /Library/Developer/CoreSimulator/Volumes/iOS_23F77/Library/Developer/CoreSimulator/Profiles/Runtimes/iOS 26.5.simruntime/Contents/Resources/RuntimeRoot/System/Library/AccessibilityBundles/WebKit.axbundle/WebKit (0x10a16c398). This may cause spurious casting failures and mysterious crashes. One of the duplicates must be removed or renamed.
    t =     1.90s         Setting up automation session
    t =     2.36s         Wait for app.speaklocal.vietnam.native to idle
    t =     3.83s Checking existence of `"Bến xe Miền Đông" StaticText`
    t =     3.99s Waiting 8.0s for "Bến xe Miền Đông" StaticText to exist
    t =     5.05s     Checking `Expect predicate `existsNoRetry == 1` for object "Bến xe Miền Đông" StaticText`
    t =     5.05s         Checking existence of `"Bến xe Miền Đông" StaticText`
    t =     5.22s Swipe up Target Application 'app.speaklocal.vietnam.native'
    t =     5.22s     Wait for app.speaklocal.vietnam.native to idle
    t =     5.22s     Find the Target Application 'app.speaklocal.vietnam.native'
    t =     5.24s     Check for interrupting elements affecting "SpeakLocal Vietnam" Application
    t =     5.26s     Synthesize event
    t =     5.68s     Wait for app.speaklocal.vietnam.native to idle
    t =     7.80s Swipe up Target Application 'app.speaklocal.vietnam.native'
    t =     7.80s     Wait for app.speaklocal.vietnam.native to idle
    t =     7.80s     Find the Target Application 'app.speaklocal.vietnam.native'
    t =     7.82s     Check for interrupting elements affecting "SpeakLocal Vietnam" Application
    t =     7.85s     Synthesize event
    t =     8.27s     Wait for app.speaklocal.vietnam.native to idle
    t =     9.01s Terminate app.speaklocal.vietnam.native:83939
    t =    10.11s Open app.speaklocal.vietnam.native
    t =    10.11s     Launch app.speaklocal.vietnam.native
    t =    10.32s         Setting up automation session
    t =    10.84s         Wait for app.speaklocal.vietnam.native to idle
    t =    12.36s Waiting 4.0s for TabBar (First Match) to exist
    t =    13.44s     Checking `Expect predicate `existsNoRetry == 1` for object TabBar (First Match)`
    t =    13.44s         Checking existence of `TabBar (First Match)`
    t =    13.50s Checking existence of `"PhraseArticle.BottomSentinel.viet-family-city-hcmc-place-mien-dong-bus-station" Other`
    t =    13.58s Checking existence of `"PhraseArticle.BottomSentinel.viet-phrase-city-hcmc-place-mien-dong-bus-station" Other`
    t =    13.60s Find the "PhraseArticle.BottomSentinel.viet-phrase-city-hcmc-place-mien-dong-bus-station" Other
    t =    13.62s Checking existence of `TabBar (First Match)`
    t =    13.63s Find the TabBar (First Match)
    t =    13.64s Find the Target Application 'app.speaklocal.vietnam.native'
    t =    13.72s Terminate app.speaklocal.vietnam.native:84044
    t =    14.81s Tear Down
Test Case '-[SpeakLocalNativeUITests.CityAppDetailV22RenderProofUITests testCaptureCityAppDetailV22RenderProofBatch]' passed (14.876 seconds).
Test Suite 'CityAppDetailV22RenderProofUITests' passed at 2026-06-01 03:55:37.991.
	 Executed 1 test, with 0 failures (0 unexpected) in 14.876 (14.877) seconds
Test Suite 'SpeakLocalNativeUITests.xctest' passed at 2026-06-01 03:55:37.992.
	 Executed 1 test, with 0 failures (0 unexpected) in 14.876 (14.878) seconds
Test Suite 'Selected tests' passed at 2026-06-01 03:55:37.993.
	 Executed 1 test, with 0 failures (0 unexpected) in 14.876 (14.880) seconds

Test session results, code coverage, and logs:
	/Users/jojolim/Library/Developer/XcodeBuildMCP/workspaces/orchestrator-309442864093/DerivedData/SpeakLocalNative-8f3e721625a0/Logs/Test/Test-SpeakLocalNative-2026.06.01_03-55-21-+0700.xcresult

** TEST EXECUTE SUCCEEDED **

Testing started

2026-06-01 03:55:23.176 xcodebuild[83857:7353084] [MT] IDELaunchParametersSnapshot: The operation couldn’t be completed. (DebuggerLLDB.DebuggerVersionStore.StoreError error 0.)
2026-06-01 03:55:23.176 xcodebuild[83857:7353084] [MT] IDELaunchParametersSnapshot: no debugger version
2026-06-01 03:55:33.222 xcodebuild[83857:7353084] [MT] IDELaunchParametersSnapshot: The operation couldn’t be completed. (DebuggerLLDB.DebuggerVersionStore.StoreError error 0.)
2026-06-01 03:55:33.222 xcodebuild[83857:7353084] [MT] IDELaunchParametersSnapshot: no debugger version
2026-06-01 03:55:38.309 xcodebuild[83857:7353084] [MT] IDETestOperationsObserverDebug: 16.360 elapsed -- Testing started completed.
2026-06-01 03:55:38.309 xcodebuild[83857:7353084] [MT] IDETestOperationsObserverDebug: 0.000 sec, +0.000 sec -- start
2026-06-01 03:55:38.309 xcodebuild[83857:7353084] [MT] IDETestOperationsObserverDebug: 16.360 sec, +16.360 sec -- end
