Command line invocation:
    /Applications/Xcode.app/Contents/Developer/usr/bin/xcodebuild test-without-building -project /Users/jojolim/Developer/products/speaklocal/app-family/.worktrees/city-listings-production-ready/native-ios/SpeakLocalNative.xcodeproj -scheme SpeakLocalNative -destination "platform=iOS Simulator,id=7C386DD3-4BF1-4A34-A918-768C43CD1258" -derivedDataPath /Users/jojolim/Library/Developer/XcodeBuildMCP/workspaces/orchestrator-309442864093/DerivedData/SpeakLocalNative-8f3e721625a0 "-only-testing:SpeakLocalNativeUITests/CityAppDetailV22RenderProofUITests/testCaptureCityAppDetailV22RenderProofBatch"

2026-06-01 04:58:03.548430+0700 SpeakLocalNativeUITests-Runner[58328:7620733] [Default] Running tests...
    t =      nans Interface orientation changed to Portrait
Test Suite 'Selected tests' started at 2026-06-01 04:58:03.918.
Test Suite 'SpeakLocalNativeUITests.xctest' started at 2026-06-01 04:58:03.918.
Test Suite 'CityAppDetailV22RenderProofUITests' started at 2026-06-01 04:58:03.918.
Test Case '-[SpeakLocalNativeUITests.CityAppDetailV22RenderProofUITests testCaptureCityAppDetailV22RenderProofBatch]' started.
    t =     0.00s Start Test at 2026-06-01 04:58:03.919
    t =     0.02s Set Up
    t =     0.02s Open app.speaklocal.vietnam.native
    t =     0.02s     Launch app.speaklocal.vietnam.native
objc[58328]: Class UIAccessibilityLoaderWebShared is implemented in both /Library/Developer/CoreSimulator/Volumes/iOS_23F77/Library/Developer/CoreSimulator/Profiles/Runtimes/iOS 26.5.simruntime/Contents/Resources/RuntimeRoot/System/Library/AccessibilityBundles/WebCore.axbundle/WebCore (0x1066d8310) and /Library/Developer/CoreSimulator/Volumes/iOS_23F77/Library/Developer/CoreSimulator/Profiles/Runtimes/iOS 26.5.simruntime/Contents/Resources/RuntimeRoot/System/Library/AccessibilityBundles/WebKit.axbundle/WebKit (0x105b5c398). This may cause spurious casting failures and mysterious crashes. One of the duplicates must be removed or renamed.
    t =     1.89s         Setting up automation session
    t =     2.36s         Wait for app.speaklocal.vietnam.native to idle
    t =     3.84s Checking existence of `"Đường Nguyễn Văn Linh" StaticText`
    t =     3.99s Waiting 8.0s for "Đường Nguyễn Văn Linh" StaticText to exist
    t =     5.05s     Checking `Expect predicate `existsNoRetry == 1` for object "Đường Nguyễn Văn Linh" StaticText`
    t =     5.06s         Checking existence of `"Đường Nguyễn Văn Linh" StaticText`
    t =     5.23s Swipe up Target Application 'app.speaklocal.vietnam.native'
    t =     5.23s     Wait for app.speaklocal.vietnam.native to idle
    t =     5.23s     Find the Target Application 'app.speaklocal.vietnam.native'
    t =     5.25s     Check for interrupting elements affecting "SpeakLocal Vietnam" Application
    t =     5.27s     Synthesize event
    t =     5.68s     Wait for app.speaklocal.vietnam.native to idle
    t =     7.78s Swipe up Target Application 'app.speaklocal.vietnam.native'
    t =     7.78s     Wait for app.speaklocal.vietnam.native to idle
    t =     7.78s     Find the Target Application 'app.speaklocal.vietnam.native'
    t =     7.81s     Check for interrupting elements affecting "SpeakLocal Vietnam" Application
    t =     7.84s     Synthesize event
    t =     8.26s     Wait for app.speaklocal.vietnam.native to idle
    t =     9.48s Terminate app.speaklocal.vietnam.native:58406
    t =    10.57s Open app.speaklocal.vietnam.native
    t =    10.58s     Launch app.speaklocal.vietnam.native
    t =    10.79s         Setting up automation session
    t =    11.26s         Wait for app.speaklocal.vietnam.native to idle
    t =    12.74s Waiting 4.0s for TabBar (First Match) to exist
    t =    13.81s     Checking `Expect predicate `existsNoRetry == 1` for object TabBar (First Match)`
    t =    13.81s         Checking existence of `TabBar (First Match)`
    t =    13.86s Checking existence of `"PhraseArticle.BottomSentinel.viet-family-city-danang-place-nguyen-van-linh-street" Other`
    t =    13.95s Checking existence of `"PhraseArticle.BottomSentinel.viet-phrase-city-danang-place-nguyen-van-linh-street" Other`
    t =    13.97s Find the "PhraseArticle.BottomSentinel.viet-phrase-city-danang-place-nguyen-van-linh-street" Other
    t =    14.00s Checking existence of `TabBar (First Match)`
    t =    14.01s Find the TabBar (First Match)
    t =    14.01s Find the Target Application 'app.speaklocal.vietnam.native'
    t =    14.11s Terminate app.speaklocal.vietnam.native:58514
    t =    15.20s Tear Down
Test Case '-[SpeakLocalNativeUITests.CityAppDetailV22RenderProofUITests testCaptureCityAppDetailV22RenderProofBatch]' passed (15.260 seconds).
Test Suite 'CityAppDetailV22RenderProofUITests' passed at 2026-06-01 04:58:19.179.
	 Executed 1 test, with 0 failures (0 unexpected) in 15.260 (15.261) seconds
Test Suite 'SpeakLocalNativeUITests.xctest' passed at 2026-06-01 04:58:19.180.
	 Executed 1 test, with 0 failures (0 unexpected) in 15.260 (15.262) seconds
Test Suite 'Selected tests' passed at 2026-06-01 04:58:19.181.
	 Executed 1 test, with 0 failures (0 unexpected) in 15.260 (15.263) seconds

Test session results, code coverage, and logs:
	/Users/jojolim/Library/Developer/XcodeBuildMCP/workspaces/orchestrator-309442864093/DerivedData/SpeakLocalNative-8f3e721625a0/Logs/Test/Test-SpeakLocalNative-2026.06.01_04-58-02-+0700.xcresult

** TEST EXECUTE SUCCEEDED **

Testing started

2026-06-01 04:58:03.979 xcodebuild[58326:7620566] [MT] IDELaunchParametersSnapshot: The operation couldn’t be completed. (DebuggerLLDB.DebuggerVersionStore.StoreError error 0.)
2026-06-01 04:58:03.979 xcodebuild[58326:7620566] [MT] IDELaunchParametersSnapshot: no debugger version
2026-06-01 04:58:14.496 xcodebuild[58326:7620566] [MT] IDELaunchParametersSnapshot: The operation couldn’t be completed. (DebuggerLLDB.DebuggerVersionStore.StoreError error 0.)
2026-06-01 04:58:14.496 xcodebuild[58326:7620566] [MT] IDELaunchParametersSnapshot: no debugger version
2026-06-01 04:58:19.486 xcodebuild[58326:7620566] [MT] IDETestOperationsObserverDebug: 16.739 elapsed -- Testing started completed.
2026-06-01 04:58:19.486 xcodebuild[58326:7620566] [MT] IDETestOperationsObserverDebug: 0.000 sec, +0.000 sec -- start
2026-06-01 04:58:19.486 xcodebuild[58326:7620566] [MT] IDETestOperationsObserverDebug: 16.739 sec, +16.739 sec -- end
