Command line invocation:
    /Applications/Xcode.app/Contents/Developer/usr/bin/xcodebuild test-without-building -project /Users/jojolim/Developer/products/speaklocal/app-family/.worktrees/city-listings-production-ready/native-ios/SpeakLocalNative.xcodeproj -scheme SpeakLocalNative -destination "platform=iOS Simulator,id=7C386DD3-4BF1-4A34-A918-768C43CD1258" -derivedDataPath /Users/jojolim/Library/Developer/XcodeBuildMCP/workspaces/orchestrator-309442864093/DerivedData/SpeakLocalNative-8f3e721625a0 "-only-testing:SpeakLocalNativeUITests/CityAppDetailV22RenderProofUITests/testCaptureCityAppDetailV22RenderProofBatch"

2026-06-01 08:31:03.309894+0700 SpeakLocalNativeUITests-Runner[35936:8525385] [Default] Running tests...
    t =      nans Interface orientation changed to Portrait
Test Suite 'Selected tests' started at 2026-06-01 08:31:03.680.
Test Suite 'SpeakLocalNativeUITests.xctest' started at 2026-06-01 08:31:03.680.
Test Suite 'CityAppDetailV22RenderProofUITests' started at 2026-06-01 08:31:03.680.
Test Case '-[SpeakLocalNativeUITests.CityAppDetailV22RenderProofUITests testCaptureCityAppDetailV22RenderProofBatch]' started.
    t =     0.00s Start Test at 2026-06-01 08:31:03.681
    t =     0.02s Set Up
    t =     0.02s Open app.speaklocal.vietnam.native
    t =     0.02s     Launch app.speaklocal.vietnam.native
objc[35936]: Class UIAccessibilityLoaderWebShared is implemented in both /Library/Developer/CoreSimulator/Volumes/iOS_23F77/Library/Developer/CoreSimulator/Profiles/Runtimes/iOS 26.5.simruntime/Contents/Resources/RuntimeRoot/System/Library/AccessibilityBundles/WebCore.axbundle/WebCore (0x108698310) and /Library/Developer/CoreSimulator/Volumes/iOS_23F77/Library/Developer/CoreSimulator/Profiles/Runtimes/iOS 26.5.simruntime/Contents/Resources/RuntimeRoot/System/Library/AccessibilityBundles/WebKit.axbundle/WebKit (0x107f38398). This may cause spurious casting failures and mysterious crashes. One of the duplicates must be removed or renamed.
    t =     1.89s         Setting up automation session
    t =     2.42s         Wait for app.speaklocal.vietnam.native to idle
    t =     3.91s Checking existence of `"Bảo tàng Di sản Vô giá" StaticText`
    t =     4.05s Waiting 8.0s for "Bảo tàng Di sản Vô giá" StaticText to exist
    t =     5.10s     Checking `Expect predicate `existsNoRetry == 1` for object "Bảo tàng Di sản Vô giá" StaticText`
    t =     5.10s         Checking existence of `"Bảo tàng Di sản Vô giá" StaticText`
    t =     5.28s Swipe up Target Application 'app.speaklocal.vietnam.native'
    t =     5.28s     Wait for app.speaklocal.vietnam.native to idle
    t =     5.28s     Find the Target Application 'app.speaklocal.vietnam.native'
    t =     5.30s     Check for interrupting elements affecting "SpeakLocal Vietnam" Application
    t =     5.32s     Synthesize event
    t =     5.74s     Wait for app.speaklocal.vietnam.native to idle
    t =     7.89s Swipe up Target Application 'app.speaklocal.vietnam.native'
    t =     7.89s     Wait for app.speaklocal.vietnam.native to idle
    t =     7.89s     Find the Target Application 'app.speaklocal.vietnam.native'
    t =     7.91s     Check for interrupting elements affecting "SpeakLocal Vietnam" Application
    t =     7.93s     Synthesize event
    t =     8.36s     Wait for app.speaklocal.vietnam.native to idle
    t =     9.29s Terminate app.speaklocal.vietnam.native:35940
    t =    10.34s Open app.speaklocal.vietnam.native
    t =    10.34s     Launch app.speaklocal.vietnam.native
    t =    10.56s         Setting up automation session
    t =    11.03s         Wait for app.speaklocal.vietnam.native to idle
    t =    12.53s Waiting 4.0s for TabBar (First Match) to exist
    t =    13.59s     Checking `Expect predicate `existsNoRetry == 1` for object TabBar (First Match)`
    t =    13.59s         Checking existence of `TabBar (First Match)`
    t =    13.64s Checking existence of `"PhraseArticle.BottomSentinel.viet-family-city-hoian-place-precious-heritage-museum" Other`
    t =    13.72s Checking existence of `"PhraseArticle.BottomSentinel.viet-phrase-city-hoian-place-precious-heritage-museum" Other`
    t =    13.75s Find the "PhraseArticle.BottomSentinel.viet-phrase-city-hoian-place-precious-heritage-museum" Other
    t =    13.77s Checking existence of `TabBar (First Match)`
    t =    13.77s Find the TabBar (First Match)
    t =    13.78s Find the Target Application 'app.speaklocal.vietnam.native'
    t =    13.88s Terminate app.speaklocal.vietnam.native:35964
    t =    14.94s Tear Down
Test Case '-[SpeakLocalNativeUITests.CityAppDetailV22RenderProofUITests testCaptureCityAppDetailV22RenderProofBatch]' passed (14.994 seconds).
Test Suite 'CityAppDetailV22RenderProofUITests' passed at 2026-06-01 08:31:18.675.
	 Executed 1 test, with 0 failures (0 unexpected) in 14.994 (14.995) seconds
Test Suite 'SpeakLocalNativeUITests.xctest' passed at 2026-06-01 08:31:18.676.
	 Executed 1 test, with 0 failures (0 unexpected) in 14.994 (14.996) seconds
Test Suite 'Selected tests' passed at 2026-06-01 08:31:18.677.
	 Executed 1 test, with 0 failures (0 unexpected) in 14.994 (14.997) seconds

Test session results, code coverage, and logs:
	/Users/jojolim/Library/Developer/XcodeBuildMCP/workspaces/orchestrator-309442864093/DerivedData/SpeakLocalNative-8f3e721625a0/Logs/Test/Test-SpeakLocalNative-2026.06.01_08-31-02-+0700.xcresult

** TEST EXECUTE SUCCEEDED **

Testing started

2026-06-01 08:31:03.742 xcodebuild[35929:8525203] [MT] IDELaunchParametersSnapshot: The operation couldn’t be completed. (DebuggerLLDB.DebuggerVersionStore.StoreError error 0.)
2026-06-01 08:31:03.742 xcodebuild[35929:8525203] [MT] IDELaunchParametersSnapshot: no debugger version
2026-06-01 08:31:14.024 xcodebuild[35929:8525203] [MT] IDELaunchParametersSnapshot: The operation couldn’t be completed. (DebuggerLLDB.DebuggerVersionStore.StoreError error 0.)
2026-06-01 08:31:14.024 xcodebuild[35929:8525203] [MT] IDELaunchParametersSnapshot: no debugger version
2026-06-01 08:31:18.975 xcodebuild[35929:8525203] [MT] IDETestOperationsObserverDebug: 16.495 elapsed -- Testing started completed.
2026-06-01 08:31:18.975 xcodebuild[35929:8525203] [MT] IDETestOperationsObserverDebug: 0.000 sec, +0.000 sec -- start
2026-06-01 08:31:18.975 xcodebuild[35929:8525203] [MT] IDETestOperationsObserverDebug: 16.495 sec, +16.495 sec -- end
