Command line invocation:
    /Applications/Xcode.app/Contents/Developer/usr/bin/xcodebuild test-without-building -project /Users/jojolim/Developer/products/speaklocal/app-family/.worktrees/city-listings-production-ready/native-ios/SpeakLocalNative.xcodeproj -scheme SpeakLocalNative -destination "platform=iOS Simulator,id=7C386DD3-4BF1-4A34-A918-768C43CD1258" -derivedDataPath /Users/jojolim/Library/Developer/XcodeBuildMCP/workspaces/orchestrator-309442864093/DerivedData/SpeakLocalNative-8f3e721625a0 "-only-testing:SpeakLocalNativeUITests/CityAppDetailV22RenderProofUITests/testCaptureCityAppDetailV22RenderProofBatch"

2026-06-01 07:00:36.857548+0700 SpeakLocalNativeUITests-Runner[30632:8154464] [Default] Running tests...
    t =      nans Interface orientation changed to Portrait
Test Suite 'Selected tests' started at 2026-06-01 07:00:37.228.
Test Suite 'SpeakLocalNativeUITests.xctest' started at 2026-06-01 07:00:37.228.
Test Suite 'CityAppDetailV22RenderProofUITests' started at 2026-06-01 07:00:37.228.
Test Case '-[SpeakLocalNativeUITests.CityAppDetailV22RenderProofUITests testCaptureCityAppDetailV22RenderProofBatch]' started.
    t =     0.00s Start Test at 2026-06-01 07:00:37.229
    t =     0.02s Set Up
    t =     0.02s Open app.speaklocal.vietnam.native
    t =     0.02s     Launch app.speaklocal.vietnam.native
objc[30632]: Class UIAccessibilityLoaderWebShared is implemented in both /Library/Developer/CoreSimulator/Volumes/iOS_23F77/Library/Developer/CoreSimulator/Profiles/Runtimes/iOS 26.5.simruntime/Contents/Resources/RuntimeRoot/System/Library/AccessibilityBundles/WebCore.axbundle/WebCore (0x106b20310) and /Library/Developer/CoreSimulator/Volumes/iOS_23F77/Library/Developer/CoreSimulator/Profiles/Runtimes/iOS 26.5.simruntime/Contents/Resources/RuntimeRoot/System/Library/AccessibilityBundles/WebKit.axbundle/WebKit (0x1063a0398). This may cause spurious casting failures and mysterious crashes. One of the duplicates must be removed or renamed.
    t =     1.90s         Setting up automation session
    t =     2.38s         Wait for app.speaklocal.vietnam.native to idle
    t =     3.87s Checking existence of `"Đi bộ ăn vặt Hà Nội" StaticText`
    t =     4.02s Waiting 8.0s for "Đi bộ ăn vặt Hà Nội" StaticText to exist
    t =     5.07s     Checking `Expect predicate `existsNoRetry == 1` for object "Đi bộ ăn vặt Hà Nội" StaticText`
    t =     5.07s         Checking existence of `"Đi bộ ăn vặt Hà Nội" StaticText`
    t =     5.22s Swipe up Target Application 'app.speaklocal.vietnam.native'
    t =     5.22s     Wait for app.speaklocal.vietnam.native to idle
    t =     5.23s     Find the Target Application 'app.speaklocal.vietnam.native'
    t =     5.24s     Check for interrupting elements affecting "SpeakLocal Vietnam" Application
    t =     5.26s     Synthesize event
    t =     5.68s     Wait for app.speaklocal.vietnam.native to idle
    t =     7.82s Swipe up Target Application 'app.speaklocal.vietnam.native'
    t =     7.83s     Wait for app.speaklocal.vietnam.native to idle
    t =     7.85s     Find the Target Application 'app.speaklocal.vietnam.native'
    t =     7.87s     Check for interrupting elements affecting "SpeakLocal Vietnam" Application
    t =     7.89s     Synthesize event
    t =     8.31s     Wait for app.speaklocal.vietnam.native to idle
    t =     9.02s Terminate app.speaklocal.vietnam.native:30709
    t =    10.09s Open app.speaklocal.vietnam.native
    t =    10.09s     Launch app.speaklocal.vietnam.native
    t =    10.31s         Setting up automation session
    t =    10.82s         Wait for app.speaklocal.vietnam.native to idle
    t =    12.28s Waiting 4.0s for TabBar (First Match) to exist
    t =    13.31s     Checking `Expect predicate `existsNoRetry == 1` for object TabBar (First Match)`
    t =    13.31s         Checking existence of `TabBar (First Match)`
    t =    13.36s Checking existence of `"PhraseArticle.BottomSentinel.viet-family-city-hanoi-place-street-food-walk" Other`
    t =    13.44s Checking existence of `"PhraseArticle.BottomSentinel.viet-phrase-city-hanoi-place-street-food-walk" Other`
    t =    13.47s Find the "PhraseArticle.BottomSentinel.viet-phrase-city-hanoi-place-street-food-walk" Other
    t =    13.49s Checking existence of `TabBar (First Match)`
    t =    13.50s Find the TabBar (First Match)
    t =    13.50s Find the Target Application 'app.speaklocal.vietnam.native'
    t =    13.59s Terminate app.speaklocal.vietnam.native:30813
    t =    14.66s Tear Down
Test Case '-[SpeakLocalNativeUITests.CityAppDetailV22RenderProofUITests testCaptureCityAppDetailV22RenderProofBatch]' passed (14.739 seconds).
Test Suite 'CityAppDetailV22RenderProofUITests' passed at 2026-06-01 07:00:51.968.
	 Executed 1 test, with 0 failures (0 unexpected) in 14.739 (14.740) seconds
Test Suite 'SpeakLocalNativeUITests.xctest' passed at 2026-06-01 07:00:51.969.
	 Executed 1 test, with 0 failures (0 unexpected) in 14.739 (14.741) seconds
Test Suite 'Selected tests' passed at 2026-06-01 07:00:51.970.
	 Executed 1 test, with 0 failures (0 unexpected) in 14.739 (14.742) seconds

Test session results, code coverage, and logs:
	/Users/jojolim/Library/Developer/XcodeBuildMCP/workspaces/orchestrator-309442864093/DerivedData/SpeakLocalNative-8f3e721625a0/Logs/Test/Test-SpeakLocalNative-2026.06.01_07-00-35-+0700.xcresult

** TEST EXECUTE SUCCEEDED **

Testing started

2026-06-01 07:00:37.291 xcodebuild[30627:8154270] [MT] IDELaunchParametersSnapshot: The operation couldn’t be completed. (DebuggerLLDB.DebuggerVersionStore.StoreError error 0.)
2026-06-01 07:00:37.291 xcodebuild[30627:8154270] [MT] IDELaunchParametersSnapshot: no debugger version
2026-06-01 07:00:47.326 xcodebuild[30627:8154270] [MT] IDELaunchParametersSnapshot: The operation couldn’t be completed. (DebuggerLLDB.DebuggerVersionStore.StoreError error 0.)
2026-06-01 07:00:47.326 xcodebuild[30627:8154270] [MT] IDELaunchParametersSnapshot: no debugger version
2026-06-01 07:00:52.266 xcodebuild[30627:8154270] [MT] IDETestOperationsObserverDebug: 16.329 elapsed -- Testing started completed.
2026-06-01 07:00:52.266 xcodebuild[30627:8154270] [MT] IDETestOperationsObserverDebug: 0.000 sec, +0.000 sec -- start
2026-06-01 07:00:52.266 xcodebuild[30627:8154270] [MT] IDETestOperationsObserverDebug: 16.329 sec, +16.329 sec -- end
