Command line invocation:
    /Applications/Xcode.app/Contents/Developer/usr/bin/xcodebuild test-without-building -project /Users/jojolim/Developer/products/speaklocal/app-family/.worktrees/city-listings-production-ready/native-ios/SpeakLocalNative.xcodeproj -scheme SpeakLocalNative -destination "platform=iOS Simulator,id=7C386DD3-4BF1-4A34-A918-768C43CD1258" -derivedDataPath /Users/jojolim/Library/Developer/XcodeBuildMCP/workspaces/orchestrator-309442864093/DerivedData/SpeakLocalNative-8f3e721625a0 "-only-testing:SpeakLocalNativeUITests/CityAppDetailV22RenderProofUITests/testCaptureCityAppDetailV22RenderProofBatch"

2026-06-01 05:44:25.832699+0700 SpeakLocalNativeUITests-Runner[25933:7816041] [Default] Running tests...
    t =      nans Interface orientation changed to Portrait
Test Suite 'Selected tests' started at 2026-06-01 05:44:26.204.
Test Suite 'SpeakLocalNativeUITests.xctest' started at 2026-06-01 05:44:26.205.
Test Suite 'CityAppDetailV22RenderProofUITests' started at 2026-06-01 05:44:26.205.
Test Case '-[SpeakLocalNativeUITests.CityAppDetailV22RenderProofUITests testCaptureCityAppDetailV22RenderProofBatch]' started.
    t =     0.00s Start Test at 2026-06-01 05:44:26.205
    t =     0.02s Set Up
    t =     0.02s Open app.speaklocal.vietnam.native
    t =     0.02s     Launch app.speaklocal.vietnam.native
objc[25933]: Class UIAccessibilityLoaderWebShared is implemented in both /Library/Developer/CoreSimulator/Volumes/iOS_23F77/Library/Developer/CoreSimulator/Profiles/Runtimes/iOS 26.5.simruntime/Contents/Resources/RuntimeRoot/System/Library/AccessibilityBundles/WebCore.axbundle/WebCore (0x10a40c310) and /Library/Developer/CoreSimulator/Volumes/iOS_23F77/Library/Developer/CoreSimulator/Profiles/Runtimes/iOS 26.5.simruntime/Contents/Resources/RuntimeRoot/System/Library/AccessibilityBundles/WebKit.axbundle/WebKit (0x109c8c398). This may cause spurious casting failures and mysterious crashes. One of the duplicates must be removed or renamed.
    t =     1.69s         Setting up automation session
    t =     2.23s         Wait for app.speaklocal.vietnam.native to idle
    t =     3.72s Checking existence of `"Phố Tạ Hiện" StaticText`
    t =     3.87s Waiting 8.0s for "Phố Tạ Hiện" StaticText to exist
    t =     4.95s     Checking `Expect predicate `existsNoRetry == 1` for object "Phố Tạ Hiện" StaticText`
    t =     4.95s         Checking existence of `"Phố Tạ Hiện" StaticText`
    t =     5.10s Swipe up Target Application 'app.speaklocal.vietnam.native'
    t =     5.10s     Wait for app.speaklocal.vietnam.native to idle
    t =     5.10s     Find the Target Application 'app.speaklocal.vietnam.native'
    t =     5.12s     Check for interrupting elements affecting "SpeakLocal Vietnam" Application
    t =     5.14s     Synthesize event
    t =     5.56s     Wait for app.speaklocal.vietnam.native to idle
    t =     7.69s Swipe up Target Application 'app.speaklocal.vietnam.native'
    t =     7.69s     Wait for app.speaklocal.vietnam.native to idle
    t =     7.69s     Find the Target Application 'app.speaklocal.vietnam.native'
    t =     7.72s     Check for interrupting elements affecting "SpeakLocal Vietnam" Application
    t =     7.74s     Synthesize event
    t =     8.16s     Wait for app.speaklocal.vietnam.native to idle
    t =     8.98s Terminate app.speaklocal.vietnam.native:25939
    t =    10.07s Open app.speaklocal.vietnam.native
    t =    10.07s     Launch app.speaklocal.vietnam.native
    t =    10.28s         Setting up automation session
    t =    10.73s         Wait for app.speaklocal.vietnam.native to idle
    t =    12.21s Waiting 4.0s for TabBar (First Match) to exist
    t =    13.29s     Checking `Expect predicate `existsNoRetry == 1` for object TabBar (First Match)`
    t =    13.29s         Checking existence of `TabBar (First Match)`
    t =    13.35s Checking existence of `"PhraseArticle.BottomSentinel.viet-family-city-hanoi-place-ta-hien" Other`
    t =    13.44s Checking existence of `"PhraseArticle.BottomSentinel.viet-phrase-city-hanoi-place-ta-hien" Other`
    t =    13.46s Find the "PhraseArticle.BottomSentinel.viet-phrase-city-hanoi-place-ta-hien" Other
    t =    13.48s Checking existence of `TabBar (First Match)`
    t =    13.49s Find the TabBar (First Match)
    t =    13.49s Find the Target Application 'app.speaklocal.vietnam.native'
    t =    13.59s Terminate app.speaklocal.vietnam.native:25961
    t =    14.67s Tear Down
Test Case '-[SpeakLocalNativeUITests.CityAppDetailV22RenderProofUITests testCaptureCityAppDetailV22RenderProofBatch]' passed (14.730 seconds).
Test Suite 'CityAppDetailV22RenderProofUITests' passed at 2026-06-01 05:44:40.936.
	 Executed 1 test, with 0 failures (0 unexpected) in 14.730 (14.731) seconds
Test Suite 'SpeakLocalNativeUITests.xctest' passed at 2026-06-01 05:44:40.937.
	 Executed 1 test, with 0 failures (0 unexpected) in 14.730 (14.732) seconds
Test Suite 'Selected tests' passed at 2026-06-01 05:44:40.938.
	 Executed 1 test, with 0 failures (0 unexpected) in 14.730 (14.733) seconds

Test session results, code coverage, and logs:
	/Users/jojolim/Library/Developer/XcodeBuildMCP/workspaces/orchestrator-309442864093/DerivedData/SpeakLocalNative-8f3e721625a0/Logs/Test/Test-SpeakLocalNative-2026.06.01_05-44-24-+0700.xcresult

** TEST EXECUTE SUCCEEDED **

Testing started

2026-06-01 05:44:26.265 xcodebuild[25928:7815852] [MT] IDELaunchParametersSnapshot: The operation couldn’t be completed. (DebuggerLLDB.DebuggerVersionStore.StoreError error 0.)
2026-06-01 05:44:26.265 xcodebuild[25928:7815852] [MT] IDELaunchParametersSnapshot: no debugger version
2026-06-01 05:44:36.275 xcodebuild[25928:7815852] [MT] IDELaunchParametersSnapshot: The operation couldn’t be completed. (DebuggerLLDB.DebuggerVersionStore.StoreError error 0.)
2026-06-01 05:44:36.275 xcodebuild[25928:7815852] [MT] IDELaunchParametersSnapshot: no debugger version
2026-06-01 05:44:41.239 xcodebuild[25928:7815852] [MT] IDETestOperationsObserverDebug: 16.219 elapsed -- Testing started completed.
2026-06-01 05:44:41.239 xcodebuild[25928:7815852] [MT] IDETestOperationsObserverDebug: 0.000 sec, +0.000 sec -- start
2026-06-01 05:44:41.239 xcodebuild[25928:7815852] [MT] IDETestOperationsObserverDebug: 16.219 sec, +16.219 sec -- end
