Command line invocation:
    /Applications/Xcode.app/Contents/Developer/usr/bin/xcodebuild test-without-building -project /Users/jojolim/Developer/products/speaklocal/app-family/.worktrees/city-listings-production-ready/native-ios/SpeakLocalNative.xcodeproj -scheme SpeakLocalNative -destination "platform=iOS Simulator,id=7C386DD3-4BF1-4A34-A918-768C43CD1258" -derivedDataPath /Users/jojolim/Library/Developer/XcodeBuildMCP/workspaces/orchestrator-309442864093/DerivedData/SpeakLocalNative-8f3e721625a0 "-only-testing:SpeakLocalNativeUITests/CityAppDetailV22RenderProofUITests/testCaptureCityAppDetailV22RenderProofBatch"

2026-06-01 08:25:03.913935+0700 SpeakLocalNativeUITests-Runner[31474:8501022] [Default] Running tests...
    t =      nans Interface orientation changed to Portrait
Test Suite 'Selected tests' started at 2026-06-01 08:25:04.286.
Test Suite 'SpeakLocalNativeUITests.xctest' started at 2026-06-01 08:25:04.286.
Test Suite 'CityAppDetailV22RenderProofUITests' started at 2026-06-01 08:25:04.286.
Test Case '-[SpeakLocalNativeUITests.CityAppDetailV22RenderProofUITests testCaptureCityAppDetailV22RenderProofBatch]' started.
    t =     0.00s Start Test at 2026-06-01 08:25:04.286
    t =     0.01s Set Up
    t =     0.02s Open app.speaklocal.vietnam.native
    t =     0.02s     Launch app.speaklocal.vietnam.native
objc[31474]: Class UIAccessibilityLoaderWebShared is implemented in both /Library/Developer/CoreSimulator/Volumes/iOS_23F77/Library/Developer/CoreSimulator/Profiles/Runtimes/iOS 26.5.simruntime/Contents/Resources/RuntimeRoot/System/Library/AccessibilityBundles/WebCore.axbundle/WebCore (0x10b090310) and /Library/Developer/CoreSimulator/Volumes/iOS_23F77/Library/Developer/CoreSimulator/Profiles/Runtimes/iOS 26.5.simruntime/Contents/Resources/RuntimeRoot/System/Library/AccessibilityBundles/WebKit.axbundle/WebKit (0x10a7d8398). This may cause spurious casting failures and mysterious crashes. One of the duplicates must be removed or renamed.
    t =     1.89s         Setting up automation session
    t =     2.47s         Wait for app.speaklocal.vietnam.native to idle
    t =     3.93s Checking existence of `"Bảo tàng Lịch sử - Văn hóa Hội An" StaticText`
    t =     4.06s Waiting 8.0s for "Bảo tàng Lịch sử - Văn hóa Hội An" StaticText to exist
    t =     5.10s     Checking `Expect predicate `existsNoRetry == 1` for object "Bảo tàng Lịch sử - Văn hóa Hội An" StaticText`
    t =     5.10s         Checking existence of `"Bảo tàng Lịch sử - Văn hóa Hội An" StaticText`
    t =     5.26s Swipe up Target Application 'app.speaklocal.vietnam.native'
    t =     5.26s     Wait for app.speaklocal.vietnam.native to idle
    t =     5.26s     Find the Target Application 'app.speaklocal.vietnam.native'
    t =     5.28s     Check for interrupting elements affecting "SpeakLocal Vietnam" Application
    t =     5.29s     Synthesize event
    t =     5.72s     Wait for app.speaklocal.vietnam.native to idle
    t =     7.83s Swipe up Target Application 'app.speaklocal.vietnam.native'
    t =     7.83s     Wait for app.speaklocal.vietnam.native to idle
    t =     7.83s     Find the Target Application 'app.speaklocal.vietnam.native'
    t =     7.86s     Check for interrupting elements affecting "SpeakLocal Vietnam" Application
    t =     7.88s     Synthesize event
    t =     8.31s     Wait for app.speaklocal.vietnam.native to idle
    t =     9.09s Terminate app.speaklocal.vietnam.native:31552
    t =    10.18s Open app.speaklocal.vietnam.native
    t =    10.18s     Launch app.speaklocal.vietnam.native
    t =    10.39s         Setting up automation session
    t =    10.83s         Wait for app.speaklocal.vietnam.native to idle
    t =    12.29s Waiting 4.0s for TabBar (First Match) to exist
    t =    13.35s     Checking `Expect predicate `existsNoRetry == 1` for object TabBar (First Match)`
    t =    13.35s         Checking existence of `TabBar (First Match)`
    t =    13.40s Checking existence of `"PhraseArticle.BottomSentinel.viet-family-city-hoian-place-history-culture-museum" Other`
    t =    13.48s Checking existence of `"PhraseArticle.BottomSentinel.viet-phrase-city-hoian-place-history-culture-museum" Other`
    t =    13.50s Find the "PhraseArticle.BottomSentinel.viet-phrase-city-hoian-place-history-culture-museum" Other
    t =    13.52s Checking existence of `TabBar (First Match)`
    t =    13.53s Find the TabBar (First Match)
    t =    13.54s Find the Target Application 'app.speaklocal.vietnam.native'
    t =    13.63s Terminate app.speaklocal.vietnam.native:31642
    t =    14.68s Tear Down
Test Case '-[SpeakLocalNativeUITests.CityAppDetailV22RenderProofUITests testCaptureCityAppDetailV22RenderProofBatch]' passed (14.785 seconds).
Test Suite 'CityAppDetailV22RenderProofUITests' passed at 2026-06-01 08:25:19.072.
	 Executed 1 test, with 0 failures (0 unexpected) in 14.785 (14.786) seconds
Test Suite 'SpeakLocalNativeUITests.xctest' passed at 2026-06-01 08:25:19.072.
	 Executed 1 test, with 0 failures (0 unexpected) in 14.785 (14.787) seconds
Test Suite 'Selected tests' passed at 2026-06-01 08:25:19.073.
	 Executed 1 test, with 0 failures (0 unexpected) in 14.785 (14.787) seconds

Test session results, code coverage, and logs:
	/Users/jojolim/Library/Developer/XcodeBuildMCP/workspaces/orchestrator-309442864093/DerivedData/SpeakLocalNative-8f3e721625a0/Logs/Test/Test-SpeakLocalNative-2026.06.01_08-25-02-+0700.xcresult

** TEST EXECUTE SUCCEEDED **

Testing started

2026-06-01 08:25:04.336 xcodebuild[31471:8500842] [MT] IDELaunchParametersSnapshot: The operation couldn’t be completed. (DebuggerLLDB.DebuggerVersionStore.StoreError error 0.)
2026-06-01 08:25:04.336 xcodebuild[31471:8500842] [MT] IDELaunchParametersSnapshot: no debugger version
2026-06-01 08:25:14.467 xcodebuild[31471:8500842] [MT] IDELaunchParametersSnapshot: The operation couldn’t be completed. (DebuggerLLDB.DebuggerVersionStore.StoreError error 0.)
2026-06-01 08:25:14.467 xcodebuild[31471:8500842] [MT] IDELaunchParametersSnapshot: no debugger version
2026-06-01 08:25:19.378 xcodebuild[31471:8500842] [MT] IDETestOperationsObserverDebug: 16.275 elapsed -- Testing started completed.
2026-06-01 08:25:19.378 xcodebuild[31471:8500842] [MT] IDETestOperationsObserverDebug: 0.000 sec, +0.000 sec -- start
2026-06-01 08:25:19.378 xcodebuild[31471:8500842] [MT] IDETestOperationsObserverDebug: 16.275 sec, +16.275 sec -- end
