Command line invocation:
    /Applications/Xcode.app/Contents/Developer/usr/bin/xcodebuild test-without-building -project /Users/jojolim/Developer/products/speaklocal/app-family/.worktrees/city-listings-production-ready/native-ios/SpeakLocalNative.xcodeproj -scheme SpeakLocalNative -destination "platform=iOS Simulator,id=7C386DD3-4BF1-4A34-A918-768C43CD1258" -derivedDataPath /Users/jojolim/Library/Developer/XcodeBuildMCP/workspaces/orchestrator-309442864093/DerivedData/SpeakLocalNative-8f3e721625a0 "-only-testing:SpeakLocalNativeUITests/CityAppDetailV22RenderProofUITests/testCaptureCityAppDetailV22RenderProofBatch"

2026-06-01 04:42:25.796735+0700 SpeakLocalNativeUITests-Runner[41097:7555408] [Default] Running tests...
    t =      nans Interface orientation changed to Portrait
Test Suite 'Selected tests' started at 2026-06-01 04:42:26.182.
Test Suite 'SpeakLocalNativeUITests.xctest' started at 2026-06-01 04:42:26.183.
Test Suite 'CityAppDetailV22RenderProofUITests' started at 2026-06-01 04:42:26.183.
Test Case '-[SpeakLocalNativeUITests.CityAppDetailV22RenderProofUITests testCaptureCityAppDetailV22RenderProofBatch]' started.
    t =     0.00s Start Test at 2026-06-01 04:42:26.183
    t =     0.02s Set Up
    t =     0.02s Open app.speaklocal.vietnam.native
    t =     0.02s     Launch app.speaklocal.vietnam.native
objc[41097]: Class UIAccessibilityLoaderWebShared is implemented in both /Library/Developer/CoreSimulator/Volumes/iOS_23F77/Library/Developer/CoreSimulator/Profiles/Runtimes/iOS 26.5.simruntime/Contents/Resources/RuntimeRoot/System/Library/AccessibilityBundles/WebCore.axbundle/WebCore (0x10a684310) and /Library/Developer/CoreSimulator/Volumes/iOS_23F77/Library/Developer/CoreSimulator/Profiles/Runtimes/iOS 26.5.simruntime/Contents/Resources/RuntimeRoot/System/Library/AccessibilityBundles/WebKit.axbundle/WebKit (0x10a720398). This may cause spurious casting failures and mysterious crashes. One of the duplicates must be removed or renamed.
    t =     1.89s         Setting up automation session
    t =     2.37s         Wait for app.speaklocal.vietnam.native to idle
    t =     3.87s Checking existence of `"Bánh đập hến xào ở Hội An" StaticText`
    t =     3.99s Waiting 8.0s for "Bánh đập hến xào ở Hội An" StaticText to exist
    t =     5.06s     Checking `Expect predicate `existsNoRetry == 1` for object "Bánh đập hến xào ở Hội An" StaticText`
    t =     5.06s         Checking existence of `"Bánh đập hến xào ở Hội An" StaticText`
    t =     5.22s Swipe up Target Application 'app.speaklocal.vietnam.native'
    t =     5.22s     Wait for app.speaklocal.vietnam.native to idle
    t =     5.22s     Find the Target Application 'app.speaklocal.vietnam.native'
    t =     5.23s     Check for interrupting elements affecting "SpeakLocal Vietnam" Application
    t =     5.25s     Synthesize event
    t =     5.66s     Wait for app.speaklocal.vietnam.native to idle
    t =     7.78s Swipe up Target Application 'app.speaklocal.vietnam.native'
    t =     7.78s     Wait for app.speaklocal.vietnam.native to idle
    t =     7.79s     Find the Target Application 'app.speaklocal.vietnam.native'
    t =     7.80s     Check for interrupting elements affecting "SpeakLocal Vietnam" Application
    t =     7.82s     Synthesize event
    t =     8.25s     Wait for app.speaklocal.vietnam.native to idle
    t =     8.96s Terminate app.speaklocal.vietnam.native:41175
    t =    10.04s Open app.speaklocal.vietnam.native
    t =    10.04s     Launch app.speaklocal.vietnam.native
    t =    10.26s         Setting up automation session
    t =    10.73s         Wait for app.speaklocal.vietnam.native to idle
    t =    12.19s Waiting 4.0s for TabBar (First Match) to exist
    t =    13.26s     Checking `Expect predicate `existsNoRetry == 1` for object TabBar (First Match)`
    t =    13.26s         Checking existence of `TabBar (First Match)`
    t =    13.31s Checking existence of `"PhraseArticle.BottomSentinel.viet-family-city-hoian-place-banh-dap-hen-xao" Other`
    t =    13.39s Checking existence of `"PhraseArticle.BottomSentinel.viet-phrase-city-hoian-place-banh-dap-hen-xao" Other`
    t =    13.41s Find the "PhraseArticle.BottomSentinel.viet-phrase-city-hoian-place-banh-dap-hen-xao" Other
    t =    13.44s Checking existence of `TabBar (First Match)`
    t =    13.44s Find the TabBar (First Match)
    t =    13.45s Find the Target Application 'app.speaklocal.vietnam.native'
    t =    13.54s Terminate app.speaklocal.vietnam.native:41267
    t =    14.63s Tear Down
Test Case '-[SpeakLocalNativeUITests.CityAppDetailV22RenderProofUITests testCaptureCityAppDetailV22RenderProofBatch]' passed (14.703 seconds).
Test Suite 'CityAppDetailV22RenderProofUITests' passed at 2026-06-01 04:42:40.886.
	 Executed 1 test, with 0 failures (0 unexpected) in 14.703 (14.703) seconds
Test Suite 'SpeakLocalNativeUITests.xctest' passed at 2026-06-01 04:42:40.887.
	 Executed 1 test, with 0 failures (0 unexpected) in 14.703 (14.704) seconds
Test Suite 'Selected tests' passed at 2026-06-01 04:42:40.887.
	 Executed 1 test, with 0 failures (0 unexpected) in 14.703 (14.704) seconds

Test session results, code coverage, and logs:
	/Users/jojolim/Library/Developer/XcodeBuildMCP/workspaces/orchestrator-309442864093/DerivedData/SpeakLocalNative-8f3e721625a0/Logs/Test/Test-SpeakLocalNative-2026.06.01_04-42-24-+0700.xcresult

** TEST EXECUTE SUCCEEDED **

Testing started

2026-06-01 04:42:26.245 xcodebuild[41094:7555223] [MT] IDELaunchParametersSnapshot: The operation couldn’t be completed. (DebuggerLLDB.DebuggerVersionStore.StoreError error 0.)
2026-06-01 04:42:26.245 xcodebuild[41094:7555223] [MT] IDELaunchParametersSnapshot: no debugger version
2026-06-01 04:42:36.228 xcodebuild[41094:7555223] [MT] IDELaunchParametersSnapshot: The operation couldn’t be completed. (DebuggerLLDB.DebuggerVersionStore.StoreError error 0.)
2026-06-01 04:42:36.228 xcodebuild[41094:7555223] [MT] IDELaunchParametersSnapshot: no debugger version
2026-06-01 04:42:41.186 xcodebuild[41094:7555223] [MT] IDETestOperationsObserverDebug: 16.197 elapsed -- Testing started completed.
2026-06-01 04:42:41.186 xcodebuild[41094:7555223] [MT] IDETestOperationsObserverDebug: 0.000 sec, +0.000 sec -- start
2026-06-01 04:42:41.186 xcodebuild[41094:7555223] [MT] IDETestOperationsObserverDebug: 16.197 sec, +16.197 sec -- end
