Command line invocation:
    /Applications/Xcode.app/Contents/Developer/usr/bin/xcodebuild test-without-building -project /Users/jojolim/Developer/products/speaklocal/app-family/.worktrees/city-listings-production-ready/native-ios/SpeakLocalNative.xcodeproj -scheme SpeakLocalNative -destination "platform=iOS Simulator,id=7C386DD3-4BF1-4A34-A918-768C43CD1258" -derivedDataPath /Users/jojolim/Library/Developer/XcodeBuildMCP/workspaces/orchestrator-309442864093/DerivedData/SpeakLocalNative-8f3e721625a0 "-only-testing:SpeakLocalNativeUITests/CityAppDetailV22RenderProofUITests/testCaptureCityAppDetailV22RenderProofBatch"

2026-06-01 08:52:52.628107+0700 SpeakLocalNativeUITests-Runner[53513:8589950] [Default] Running tests...
    t =      nans Interface orientation changed to Portrait
Test Suite 'Selected tests' started at 2026-06-01 08:52:53.005.
Test Suite 'SpeakLocalNativeUITests.xctest' started at 2026-06-01 08:52:53.005.
Test Suite 'CityAppDetailV22RenderProofUITests' started at 2026-06-01 08:52:53.005.
Test Case '-[SpeakLocalNativeUITests.CityAppDetailV22RenderProofUITests testCaptureCityAppDetailV22RenderProofBatch]' started.
    t =     0.00s Start Test at 2026-06-01 08:52:53.006
    t =     0.02s Set Up
    t =     0.02s Open app.speaklocal.vietnam.native
    t =     0.02s     Launch app.speaklocal.vietnam.native
objc[53513]: Class UIAccessibilityLoaderWebShared is implemented in both /Library/Developer/CoreSimulator/Volumes/iOS_23F77/Library/Developer/CoreSimulator/Profiles/Runtimes/iOS 26.5.simruntime/Contents/Resources/RuntimeRoot/System/Library/AccessibilityBundles/WebCore.axbundle/WebCore (0x10a6bc310) and /Library/Developer/CoreSimulator/Volumes/iOS_23F77/Library/Developer/CoreSimulator/Profiles/Runtimes/iOS 26.5.simruntime/Contents/Resources/RuntimeRoot/System/Library/AccessibilityBundles/WebKit.axbundle/WebKit (0x109f00398). This may cause spurious casting failures and mysterious crashes. One of the duplicates must be removed or renamed.
    t =     1.89s         Setting up automation session
    t =     2.32s         Wait for app.speaklocal.vietnam.native to idle
    t =     3.83s Checking existence of `"Làng rau Trà Quế" StaticText`
    t =     3.97s Waiting 8.0s for "Làng rau Trà Quế" StaticText to exist
    t =     5.01s     Checking `Expect predicate `existsNoRetry == 1` for object "Làng rau Trà Quế" StaticText`
    t =     5.01s         Checking existence of `"Làng rau Trà Quế" StaticText`
    t =     5.18s Swipe up Target Application 'app.speaklocal.vietnam.native'
    t =     5.18s     Wait for app.speaklocal.vietnam.native to idle
    t =     5.18s     Find the Target Application 'app.speaklocal.vietnam.native'
    t =     5.20s     Check for interrupting elements affecting "SpeakLocal Vietnam" Application
    t =     5.22s     Synthesize event
    t =     5.64s     Wait for app.speaklocal.vietnam.native to idle
    t =     7.79s Swipe up Target Application 'app.speaklocal.vietnam.native'
    t =     7.79s     Wait for app.speaklocal.vietnam.native to idle
    t =     7.80s     Find the Target Application 'app.speaklocal.vietnam.native'
    t =     7.82s     Check for interrupting elements affecting "SpeakLocal Vietnam" Application
    t =     7.85s     Synthesize event
    t =     8.28s     Wait for app.speaklocal.vietnam.native to idle
    t =     9.11s Terminate app.speaklocal.vietnam.native:53520
    t =    10.19s Open app.speaklocal.vietnam.native
    t =    10.19s     Launch app.speaklocal.vietnam.native
    t =    10.41s         Setting up automation session
    t =    10.91s         Wait for app.speaklocal.vietnam.native to idle
    t =    12.40s Waiting 4.0s for TabBar (First Match) to exist
    t =    13.42s     Checking `Expect predicate `existsNoRetry == 1` for object TabBar (First Match)`
    t =    13.42s         Checking existence of `TabBar (First Match)`
    t =    13.48s Checking existence of `"PhraseArticle.BottomSentinel.viet-family-city-hoian-place-tra-que" Other`
    t =    13.56s Checking existence of `"PhraseArticle.BottomSentinel.viet-phrase-city-hoian-place-tra-que" Other`
    t =    13.58s Find the "PhraseArticle.BottomSentinel.viet-phrase-city-hoian-place-tra-que" Other
    t =    13.61s Checking existence of `TabBar (First Match)`
    t =    13.61s Find the TabBar (First Match)
    t =    13.62s Find the Target Application 'app.speaklocal.vietnam.native'
    t =    13.72s Terminate app.speaklocal.vietnam.native:53542
    t =    14.79s Tear Down
Test Case '-[SpeakLocalNativeUITests.CityAppDetailV22RenderProofUITests testCaptureCityAppDetailV22RenderProofBatch]' passed (14.866 seconds).
Test Suite 'CityAppDetailV22RenderProofUITests' passed at 2026-06-01 08:53:07.872.
	 Executed 1 test, with 0 failures (0 unexpected) in 14.866 (14.867) seconds
Test Suite 'SpeakLocalNativeUITests.xctest' passed at 2026-06-01 08:53:07.873.
	 Executed 1 test, with 0 failures (0 unexpected) in 14.866 (14.868) seconds
Test Suite 'Selected tests' passed at 2026-06-01 08:53:07.874.
	 Executed 1 test, with 0 failures (0 unexpected) in 14.866 (14.869) seconds

Test session results, code coverage, and logs:
	/Users/jojolim/Library/Developer/XcodeBuildMCP/workspaces/orchestrator-309442864093/DerivedData/SpeakLocalNative-8f3e721625a0/Logs/Test/Test-SpeakLocalNative-2026.06.01_08-52-51-+0700.xcresult

** TEST EXECUTE SUCCEEDED **

Testing started

2026-06-01 08:52:53.065 xcodebuild[53507:8589747] [MT] IDELaunchParametersSnapshot: The operation couldn’t be completed. (DebuggerLLDB.DebuggerVersionStore.StoreError error 0.)
2026-06-01 08:52:53.065 xcodebuild[53507:8589747] [MT] IDELaunchParametersSnapshot: no debugger version
2026-06-01 08:53:03.203 xcodebuild[53507:8589747] [MT] IDELaunchParametersSnapshot: The operation couldn’t be completed. (DebuggerLLDB.DebuggerVersionStore.StoreError error 0.)
2026-06-01 08:53:03.203 xcodebuild[53507:8589747] [MT] IDELaunchParametersSnapshot: no debugger version
2026-06-01 08:53:08.160 xcodebuild[53507:8589747] [MT] IDETestOperationsObserverDebug: 16.335 elapsed -- Testing started completed.
2026-06-01 08:53:08.160 xcodebuild[53507:8589747] [MT] IDETestOperationsObserverDebug: 0.000 sec, +0.000 sec -- start
2026-06-01 08:53:08.160 xcodebuild[53507:8589747] [MT] IDETestOperationsObserverDebug: 16.335 sec, +16.335 sec -- end
