Command line invocation:
    /Applications/Xcode.app/Contents/Developer/usr/bin/xcodebuild test-without-building -project /Users/jojolim/Developer/products/speaklocal/app-family/.worktrees/city-listings-production-ready/native-ios/SpeakLocalNative.xcodeproj -scheme SpeakLocalNative -destination "platform=iOS Simulator,id=7C386DD3-4BF1-4A34-A918-768C43CD1258" -derivedDataPath /Users/jojolim/Library/Developer/XcodeBuildMCP/workspaces/orchestrator-309442864093/DerivedData/SpeakLocalNative-8f3e721625a0 "-only-testing:SpeakLocalNativeUITests/CityAppDetailV22RenderProofUITests/testCaptureCityAppDetailV22RenderProofBatch"

2026-06-01 05:01:12.628718+0700 SpeakLocalNativeUITests-Runner[61430:7634631] [Default] Running tests...
    t =      nans Interface orientation changed to Portrait
Test Suite 'Selected tests' started at 2026-06-01 05:01:12.999.
Test Suite 'SpeakLocalNativeUITests.xctest' started at 2026-06-01 05:01:12.999.
Test Suite 'CityAppDetailV22RenderProofUITests' started at 2026-06-01 05:01:13.000.
Test Case '-[SpeakLocalNativeUITests.CityAppDetailV22RenderProofUITests testCaptureCityAppDetailV22RenderProofBatch]' started.
    t =     0.00s Start Test at 2026-06-01 05:01:13.000
    t =     0.02s Set Up
    t =     0.02s Open app.speaklocal.vietnam.native
    t =     0.02s     Launch app.speaklocal.vietnam.native
objc[61430]: Class UIAccessibilityLoaderWebShared is implemented in both /Library/Developer/CoreSimulator/Volumes/iOS_23F77/Library/Developer/CoreSimulator/Profiles/Runtimes/iOS 26.5.simruntime/Contents/Resources/RuntimeRoot/System/Library/AccessibilityBundles/WebCore.axbundle/WebCore (0x10a45c310) and /Library/Developer/CoreSimulator/Volumes/iOS_23F77/Library/Developer/CoreSimulator/Profiles/Runtimes/iOS 26.5.simruntime/Contents/Resources/RuntimeRoot/System/Library/AccessibilityBundles/WebKit.axbundle/WebKit (0x109cc8398). This may cause spurious casting failures and mysterious crashes. One of the duplicates must be removed or renamed.
    t =     1.90s         Setting up automation session
    t =     2.48s         Wait for app.speaklocal.vietnam.native to idle
    t =     3.98s Checking existence of `"Hồ Bảy Mẫu" StaticText`
    t =     4.14s Waiting 8.0s for "Hồ Bảy Mẫu" StaticText to exist
    t =     5.20s     Checking `Expect predicate `existsNoRetry == 1` for object "Hồ Bảy Mẫu" StaticText`
    t =     5.20s         Checking existence of `"Hồ Bảy Mẫu" StaticText`
    t =     5.36s Swipe up Target Application 'app.speaklocal.vietnam.native'
    t =     5.36s     Wait for app.speaklocal.vietnam.native to idle
    t =     5.36s     Find the Target Application 'app.speaklocal.vietnam.native'
    t =     5.37s     Check for interrupting elements affecting "SpeakLocal Vietnam" Application
    t =     5.39s     Synthesize event
    t =     5.81s     Wait for app.speaklocal.vietnam.native to idle
    t =     7.91s Swipe up Target Application 'app.speaklocal.vietnam.native'
    t =     7.91s     Wait for app.speaklocal.vietnam.native to idle
    t =     7.91s     Find the Target Application 'app.speaklocal.vietnam.native'
    t =     7.94s     Check for interrupting elements affecting "SpeakLocal Vietnam" Application
    t =     7.96s     Synthesize event
    t =     8.38s     Wait for app.speaklocal.vietnam.native to idle
    t =     9.04s Terminate app.speaklocal.vietnam.native:61514
    t =    10.13s Open app.speaklocal.vietnam.native
    t =    10.13s     Launch app.speaklocal.vietnam.native
    t =    10.35s         Setting up automation session
    t =    10.81s         Wait for app.speaklocal.vietnam.native to idle
    t =    12.28s Waiting 4.0s for TabBar (First Match) to exist
    t =    13.36s     Checking `Expect predicate `existsNoRetry == 1` for object TabBar (First Match)`
    t =    13.36s         Checking existence of `TabBar (First Match)`
    t =    13.42s Checking existence of `"PhraseArticle.BottomSentinel.viet-family-city-hanoi-place-bay-mau-lake" Other`
    t =    13.50s Checking existence of `"PhraseArticle.BottomSentinel.viet-phrase-city-hanoi-place-bay-mau-lake" Other`
    t =    13.52s Find the "PhraseArticle.BottomSentinel.viet-phrase-city-hanoi-place-bay-mau-lake" Other
    t =    13.54s Checking existence of `TabBar (First Match)`
    t =    13.55s Find the TabBar (First Match)
    t =    13.55s Find the Target Application 'app.speaklocal.vietnam.native'
    t =    13.64s Terminate app.speaklocal.vietnam.native:61598
    t =    14.73s Tear Down
Test Case '-[SpeakLocalNativeUITests.CityAppDetailV22RenderProofUITests testCaptureCityAppDetailV22RenderProofBatch]' passed (14.807 seconds).
Test Suite 'CityAppDetailV22RenderProofUITests' passed at 2026-06-01 05:01:27.807.
	 Executed 1 test, with 0 failures (0 unexpected) in 14.807 (14.808) seconds
Test Suite 'SpeakLocalNativeUITests.xctest' passed at 2026-06-01 05:01:27.808.
	 Executed 1 test, with 0 failures (0 unexpected) in 14.807 (14.809) seconds
Test Suite 'Selected tests' passed at 2026-06-01 05:01:27.809.
	 Executed 1 test, with 0 failures (0 unexpected) in 14.807 (14.810) seconds

Test session results, code coverage, and logs:
	/Users/jojolim/Library/Developer/XcodeBuildMCP/workspaces/orchestrator-309442864093/DerivedData/SpeakLocalNative-8f3e721625a0/Logs/Test/Test-SpeakLocalNative-2026.06.01_05-01-11-+0700.xcresult

** TEST EXECUTE SUCCEEDED **

Testing started

2026-06-01 05:01:13.064 xcodebuild[61426:7634464] [MT] IDELaunchParametersSnapshot: The operation couldn’t be completed. (DebuggerLLDB.DebuggerVersionStore.StoreError error 0.)
2026-06-01 05:01:13.064 xcodebuild[61426:7634464] [MT] IDELaunchParametersSnapshot: no debugger version
2026-06-01 05:01:23.135 xcodebuild[61426:7634464] [MT] IDELaunchParametersSnapshot: The operation couldn’t be completed. (DebuggerLLDB.DebuggerVersionStore.StoreError error 0.)
2026-06-01 05:01:23.135 xcodebuild[61426:7634464] [MT] IDELaunchParametersSnapshot: no debugger version
2026-06-01 05:01:28.114 xcodebuild[61426:7634464] [MT] IDETestOperationsObserverDebug: 16.297 elapsed -- Testing started completed.
2026-06-01 05:01:28.114 xcodebuild[61426:7634464] [MT] IDETestOperationsObserverDebug: 0.000 sec, +0.000 sec -- start
2026-06-01 05:01:28.114 xcodebuild[61426:7634464] [MT] IDETestOperationsObserverDebug: 16.297 sec, +16.297 sec -- end
