Command line invocation:
    /Applications/Xcode.app/Contents/Developer/usr/bin/xcodebuild test-without-building -project /Users/jojolim/Developer/products/speaklocal/app-family/.worktrees/city-listings-production-ready/native-ios/SpeakLocalNative.xcodeproj -scheme SpeakLocalNative -destination "platform=iOS Simulator,id=7C386DD3-4BF1-4A34-A918-768C43CD1258" -derivedDataPath /Users/jojolim/Library/Developer/XcodeBuildMCP/workspaces/orchestrator-309442864093/DerivedData/SpeakLocalNative-8f3e721625a0 "-only-testing:SpeakLocalNativeUITests/CityAppDetailV22RenderProofUITests/testCaptureCityAppDetailV22RenderProofBatch"

2026-06-01 04:57:46.225066+0700 SpeakLocalNativeUITests-Runner[58048:7619464] [Default] Running tests...
    t =      nans Interface orientation changed to Portrait
Test Suite 'Selected tests' started at 2026-06-01 04:57:46.599.
Test Suite 'SpeakLocalNativeUITests.xctest' started at 2026-06-01 04:57:46.599.
Test Suite 'CityAppDetailV22RenderProofUITests' started at 2026-06-01 04:57:46.599.
Test Case '-[SpeakLocalNativeUITests.CityAppDetailV22RenderProofUITests testCaptureCityAppDetailV22RenderProofBatch]' started.
    t =     0.00s Start Test at 2026-06-01 04:57:46.599
    t =     0.02s Set Up
    t =     0.03s Open app.speaklocal.vietnam.native
    t =     0.03s     Launch app.speaklocal.vietnam.native
objc[58048]: Class UIAccessibilityLoaderWebShared is implemented in both /Library/Developer/CoreSimulator/Volumes/iOS_23F77/Library/Developer/CoreSimulator/Profiles/Runtimes/iOS 26.5.simruntime/Contents/Resources/RuntimeRoot/System/Library/AccessibilityBundles/WebCore.axbundle/WebCore (0x106c48310) and /Library/Developer/CoreSimulator/Volumes/iOS_23F77/Library/Developer/CoreSimulator/Profiles/Runtimes/iOS 26.5.simruntime/Contents/Resources/RuntimeRoot/System/Library/AccessibilityBundles/WebKit.axbundle/WebKit (0x106468398). This may cause spurious casting failures and mysterious crashes. One of the duplicates must be removed or renamed.
    t =     1.90s         Setting up automation session
    t =     2.39s         Wait for app.speaklocal.vietnam.native to idle
    t =     3.87s Checking existence of `"Trải nghiệm làm hương Thủy Xuân" StaticText`
    t =     4.03s Waiting 8.0s for "Trải nghiệm làm hương Thủy Xuân" StaticText to exist
    t =     5.10s     Checking `Expect predicate `existsNoRetry == 1` for object "Trải nghiệm làm hương Thủy Xuân" StaticText`
    t =     5.10s         Checking existence of `"Trải nghiệm làm hương Thủy Xuân" StaticText`
    t =     5.22s Swipe up Target Application 'app.speaklocal.vietnam.native'
    t =     5.22s     Wait for app.speaklocal.vietnam.native to idle
    t =     5.22s     Find the Target Application 'app.speaklocal.vietnam.native'
    t =     5.23s     Check for interrupting elements affecting "SpeakLocal Vietnam" Application
    t =     5.25s     Synthesize event
    t =     5.67s     Wait for app.speaklocal.vietnam.native to idle
    t =     7.80s Swipe up Target Application 'app.speaklocal.vietnam.native'
    t =     7.80s     Wait for app.speaklocal.vietnam.native to idle
    t =     8.06s     Find the Target Application 'app.speaklocal.vietnam.native'
    t =     8.08s     Check for interrupting elements affecting "SpeakLocal Vietnam" Application
    t =     8.11s     Synthesize event
    t =     8.53s     Wait for app.speaklocal.vietnam.native to idle
    t =     9.26s Terminate app.speaklocal.vietnam.native:58126
    t =    10.35s Open app.speaklocal.vietnam.native
    t =    10.35s     Launch app.speaklocal.vietnam.native
    t =    10.57s         Setting up automation session
    t =    11.05s         Wait for app.speaklocal.vietnam.native to idle
    t =    12.52s Waiting 4.0s for TabBar (First Match) to exist
    t =    13.59s     Checking `Expect predicate `existsNoRetry == 1` for object TabBar (First Match)`
    t =    13.59s         Checking existence of `TabBar (First Match)`
    t =    13.65s Checking existence of `"PhraseArticle.BottomSentinel.viet-family-city-hue-place-incense-village-workshop" Other`
    t =    13.73s Checking existence of `"PhraseArticle.BottomSentinel.viet-phrase-city-hue-place-incense-village-workshop" Other`
    t =    13.75s Find the "PhraseArticle.BottomSentinel.viet-phrase-city-hue-place-incense-village-workshop" Other
    t =    13.77s Checking existence of `TabBar (First Match)`
    t =    13.78s Find the TabBar (First Match)
    t =    13.79s Find the Target Application 'app.speaklocal.vietnam.native'
    t =    13.88s Terminate app.speaklocal.vietnam.native:58218
    t =    14.97s Tear Down
Test Case '-[SpeakLocalNativeUITests.CityAppDetailV22RenderProofUITests testCaptureCityAppDetailV22RenderProofBatch]' passed (15.048 seconds).
Test Suite 'CityAppDetailV22RenderProofUITests' passed at 2026-06-01 04:58:01.648.
	 Executed 1 test, with 0 failures (0 unexpected) in 15.048 (15.049) seconds
Test Suite 'SpeakLocalNativeUITests.xctest' passed at 2026-06-01 04:58:01.649.
	 Executed 1 test, with 0 failures (0 unexpected) in 15.048 (15.051) seconds
Test Suite 'Selected tests' passed at 2026-06-01 04:58:01.650.
	 Executed 1 test, with 0 failures (0 unexpected) in 15.048 (15.052) seconds

Test session results, code coverage, and logs:
	/Users/jojolim/Library/Developer/XcodeBuildMCP/workspaces/orchestrator-309442864093/DerivedData/SpeakLocalNative-8f3e721625a0/Logs/Test/Test-SpeakLocalNative-2026.06.01_04-57-45-+0700.xcresult

** TEST EXECUTE SUCCEEDED **

Testing started

2026-06-01 04:57:46.660 xcodebuild[58046:7619310] [MT] IDELaunchParametersSnapshot: The operation couldn’t be completed. (DebuggerLLDB.DebuggerVersionStore.StoreError error 0.)
2026-06-01 04:57:46.660 xcodebuild[58046:7619310] [MT] IDELaunchParametersSnapshot: no debugger version
2026-06-01 04:57:56.956 xcodebuild[58046:7619310] [MT] IDELaunchParametersSnapshot: The operation couldn’t be completed. (DebuggerLLDB.DebuggerVersionStore.StoreError error 0.)
2026-06-01 04:57:56.956 xcodebuild[58046:7619310] [MT] IDELaunchParametersSnapshot: no debugger version
2026-06-01 04:58:01.958 xcodebuild[58046:7619310] [MT] IDETestOperationsObserverDebug: 16.545 elapsed -- Testing started completed.
2026-06-01 04:58:01.958 xcodebuild[58046:7619310] [MT] IDETestOperationsObserverDebug: 0.000 sec, +0.000 sec -- start
2026-06-01 04:58:01.958 xcodebuild[58046:7619310] [MT] IDETestOperationsObserverDebug: 16.545 sec, +16.545 sec -- end
