Command line invocation:
    /Applications/Xcode.app/Contents/Developer/usr/bin/xcodebuild test-without-building -project /Users/jojolim/Developer/products/speaklocal/app-family/.worktrees/city-listings-production-ready/native-ios/SpeakLocalNative.xcodeproj -scheme SpeakLocalNative -destination "platform=iOS Simulator,id=7C386DD3-4BF1-4A34-A918-768C43CD1258" -derivedDataPath /Users/jojolim/Library/Developer/XcodeBuildMCP/workspaces/orchestrator-309442864093/DerivedData/SpeakLocalNative-8f3e721625a0 "-only-testing:SpeakLocalNativeUITests/CityAppDetailV22RenderProofUITests/testCaptureCityAppDetailV22RenderProofBatch"

2026-06-01 04:07:54.827117+0700 SpeakLocalNativeUITests-Runner[596:7408907] [Default] Running tests...
    t =      nans Interface orientation changed to Portrait
Test Suite 'Selected tests' started at 2026-06-01 04:07:55.198.
Test Suite 'SpeakLocalNativeUITests.xctest' started at 2026-06-01 04:07:55.198.
Test Suite 'CityAppDetailV22RenderProofUITests' started at 2026-06-01 04:07:55.198.
Test Case '-[SpeakLocalNativeUITests.CityAppDetailV22RenderProofUITests testCaptureCityAppDetailV22RenderProofBatch]' started.
    t =     0.00s Start Test at 2026-06-01 04:07:55.199
    t =     0.02s Set Up
    t =     0.02s Open app.speaklocal.vietnam.native
    t =     0.02s     Launch app.speaklocal.vietnam.native
objc[596]: Class UIAccessibilityLoaderWebShared is implemented in both /Library/Developer/CoreSimulator/Volumes/iOS_23F77/Library/Developer/CoreSimulator/Profiles/Runtimes/iOS 26.5.simruntime/Contents/Resources/RuntimeRoot/System/Library/AccessibilityBundles/WebCore.axbundle/WebCore (0x108a20310) and /Library/Developer/CoreSimulator/Volumes/iOS_23F77/Library/Developer/CoreSimulator/Profiles/Runtimes/iOS 26.5.simruntime/Contents/Resources/RuntimeRoot/System/Library/AccessibilityBundles/WebKit.axbundle/WebKit (0x108274398). This may cause spurious casting failures and mysterious crashes. One of the duplicates must be removed or renamed.
    t =     1.89s         Setting up automation session
    t =     2.35s         Wait for app.speaklocal.vietnam.native to idle
    t =     3.88s Checking existence of `"Bánh bao bánh vạc ở Hội An" StaticText`
    t =     4.01s Waiting 8.0s for "Bánh bao bánh vạc ở Hội An" StaticText to exist
    t =     5.04s     Checking `Expect predicate `existsNoRetry == 1` for object "Bánh bao bánh vạc ở Hội An" StaticText`
    t =     5.04s         Checking existence of `"Bánh bao bánh vạc ở Hội An" StaticText`
    t =     5.22s Swipe up Target Application 'app.speaklocal.vietnam.native'
    t =     5.22s     Wait for app.speaklocal.vietnam.native to idle
    t =     5.22s     Find the Target Application 'app.speaklocal.vietnam.native'
    t =     5.23s     Check for interrupting elements affecting "SpeakLocal Vietnam" Application
    t =     5.25s     Synthesize event
    t =     5.67s     Wait for app.speaklocal.vietnam.native to idle
    t =     7.77s Swipe up Target Application 'app.speaklocal.vietnam.native'
    t =     7.77s     Wait for app.speaklocal.vietnam.native to idle
    t =     7.78s     Find the Target Application 'app.speaklocal.vietnam.native'
    t =     7.80s     Check for interrupting elements affecting "SpeakLocal Vietnam" Application
    t =     7.84s     Synthesize event
    t =     8.26s     Wait for app.speaklocal.vietnam.native to idle
    t =     9.07s Terminate app.speaklocal.vietnam.native:692
    t =    10.11s Open app.speaklocal.vietnam.native
    t =    10.11s     Launch app.speaklocal.vietnam.native
    t =    10.32s         Setting up automation session
    t =    10.86s         Wait for app.speaklocal.vietnam.native to idle
    t =    12.38s Waiting 4.0s for TabBar (First Match) to exist
    t =    13.40s     Checking `Expect predicate `existsNoRetry == 1` for object TabBar (First Match)`
    t =    13.41s         Checking existence of `TabBar (First Match)`
    t =    13.45s Checking existence of `"PhraseArticle.BottomSentinel.viet-family-city-hoian-place-white-rose-dumplings" Other`
    t =    13.56s Checking existence of `"PhraseArticle.BottomSentinel.viet-phrase-city-hoian-place-white-rose-dumplings" Other`
    t =    13.58s Find the "PhraseArticle.BottomSentinel.viet-phrase-city-hoian-place-white-rose-dumplings" Other
    t =    13.61s Checking existence of `TabBar (First Match)`
    t =    13.62s Find the TabBar (First Match)
    t =    13.63s Find the Target Application 'app.speaklocal.vietnam.native'
    t =    13.73s Terminate app.speaklocal.vietnam.native:971
    t =    14.77s Tear Down
Test Case '-[SpeakLocalNativeUITests.CityAppDetailV22RenderProofUITests testCaptureCityAppDetailV22RenderProofBatch]' passed (14.846 seconds).
Test Suite 'CityAppDetailV22RenderProofUITests' passed at 2026-06-01 04:08:10.046.
	 Executed 1 test, with 0 failures (0 unexpected) in 14.846 (14.848) seconds
Test Suite 'SpeakLocalNativeUITests.xctest' passed at 2026-06-01 04:08:10.047.
	 Executed 1 test, with 0 failures (0 unexpected) in 14.846 (14.849) seconds
Test Suite 'Selected tests' passed at 2026-06-01 04:08:10.047.
	 Executed 1 test, with 0 failures (0 unexpected) in 14.846 (14.850) seconds

Test session results, code coverage, and logs:
	/Users/jojolim/Library/Developer/XcodeBuildMCP/workspaces/orchestrator-309442864093/DerivedData/SpeakLocalNative-8f3e721625a0/Logs/Test/Test-SpeakLocalNative-2026.06.01_04-07-53-+0700.xcresult

** TEST EXECUTE SUCCEEDED **

Testing started

2026-06-01 04:07:55.265 xcodebuild[585:7408719] [MT] IDELaunchParametersSnapshot: The operation couldn’t be completed. (DebuggerLLDB.DebuggerVersionStore.StoreError error 0.)
2026-06-01 04:07:55.265 xcodebuild[585:7408719] [MT] IDELaunchParametersSnapshot: no debugger version
2026-06-01 04:08:05.312 xcodebuild[585:7408719] [MT] IDELaunchParametersSnapshot: The operation couldn’t be completed. (DebuggerLLDB.DebuggerVersionStore.StoreError error 0.)
2026-06-01 04:08:05.312 xcodebuild[585:7408719] [MT] IDELaunchParametersSnapshot: no debugger version
2026-06-01 04:08:10.360 xcodebuild[585:7408719] [MT] IDETestOperationsObserverDebug: 16.355 elapsed -- Testing started completed.
2026-06-01 04:08:10.360 xcodebuild[585:7408719] [MT] IDETestOperationsObserverDebug: 0.000 sec, +0.000 sec -- start
2026-06-01 04:08:10.360 xcodebuild[585:7408719] [MT] IDETestOperationsObserverDebug: 16.355 sec, +16.355 sec -- end
