Command line invocation:
    /Applications/Xcode.app/Contents/Developer/usr/bin/xcodebuild test-without-building -project /Users/jojolim/Developer/products/speaklocal/app-family/.worktrees/city-listings-production-ready/native-ios/SpeakLocalNative.xcodeproj -scheme SpeakLocalNative -destination "platform=iOS Simulator,id=7C386DD3-4BF1-4A34-A918-768C43CD1258" -derivedDataPath /Users/jojolim/Library/Developer/XcodeBuildMCP/workspaces/orchestrator-309442864093/DerivedData/SpeakLocalNative-8f3e721625a0 "-only-testing:SpeakLocalNativeUITests/CityAppDetailV22RenderProofUITests/testCaptureCityAppDetailV22RenderProofBatch"

2026-06-01 23:42:09.061002+0700 SpeakLocalNativeUITests-Runner[20411:10235882] [Default] Running tests...
    t =      nans Interface orientation changed to Portrait
Test Suite 'Selected tests' started at 2026-06-01 23:42:09.452.
Test Suite 'SpeakLocalNativeUITests.xctest' started at 2026-06-01 23:42:09.452.
Test Suite 'CityAppDetailV22RenderProofUITests' started at 2026-06-01 23:42:09.452.
Test Case '-[SpeakLocalNativeUITests.CityAppDetailV22RenderProofUITests testCaptureCityAppDetailV22RenderProofBatch]' started.
    t =     0.00s Start Test at 2026-06-01 23:42:09.453
    t =     0.02s Set Up
    t =     0.03s Open app.speaklocal.vietnam.native
    t =     0.03s     Launch app.speaklocal.vietnam.native
objc[20411]: Class UIAccessibilityLoaderWebShared is implemented in both /Library/Developer/CoreSimulator/Volumes/iOS_23F77/Library/Developer/CoreSimulator/Profiles/Runtimes/iOS 26.5.simruntime/Contents/Resources/RuntimeRoot/System/Library/AccessibilityBundles/WebCore.axbundle/WebCore (0x108d64310) and /Library/Developer/CoreSimulator/Volumes/iOS_23F77/Library/Developer/CoreSimulator/Profiles/Runtimes/iOS 26.5.simruntime/Contents/Resources/RuntimeRoot/System/Library/AccessibilityBundles/WebKit.axbundle/WebKit (0x108570398). This may cause spurious casting failures and mysterious crashes. One of the duplicates must be removed or renamed.
    t =     2.53s         Setting up automation session
    t =     3.31s         Wait for app.speaklocal.vietnam.native to idle
    t =     5.11s Checking existence of `"Hội quán Quảng Đông" StaticText`
    t =     5.27s Waiting 8.0s for "Hội quán Quảng Đông" StaticText to exist
    t =     6.35s     Checking `Expect predicate `existsNoRetry == 1` for object "Hội quán Quảng Đông" StaticText`
    t =     6.35s         Checking existence of `"Hội quán Quảng Đông" StaticText`
    t =     6.52s Swipe up Target Application 'app.speaklocal.vietnam.native'
    t =     6.52s     Wait for app.speaklocal.vietnam.native to idle
    t =     6.52s     Find the Target Application 'app.speaklocal.vietnam.native'
    t =     6.53s     Check for interrupting elements affecting "SpeakLocal Vietnam" Application
    t =     6.55s     Synthesize event
    t =     6.97s     Wait for app.speaklocal.vietnam.native to idle
    t =     9.07s Swipe up Target Application 'app.speaklocal.vietnam.native'
    t =     9.07s     Wait for app.speaklocal.vietnam.native to idle
    t =     9.08s     Find the Target Application 'app.speaklocal.vietnam.native'
    t =     9.10s     Check for interrupting elements affecting "SpeakLocal Vietnam" Application
    t =     9.12s     Synthesize event
    t =     9.54s     Wait for app.speaklocal.vietnam.native to idle
    t =    10.31s Terminate app.speaklocal.vietnam.native:20492
    t =    11.40s Open app.speaklocal.vietnam.native
    t =    11.40s     Launch app.speaklocal.vietnam.native
    t =    11.61s         Setting up automation session
    t =    12.08s         Wait for app.speaklocal.vietnam.native to idle
    t =    13.57s Waiting 4.0s for TabBar (First Match) to exist
    t =    14.64s     Checking `Expect predicate `existsNoRetry == 1` for object TabBar (First Match)`
    t =    14.64s         Checking existence of `TabBar (First Match)`
    t =    14.70s Checking existence of `"PhraseArticle.BottomSentinel.viet-family-city-hoian-place-cantonese-assembly-hall" Other`
    t =    14.81s Checking existence of `"PhraseArticle.BottomSentinel.viet-phrase-city-hoian-place-cantonese-assembly-hall" Other`
    t =    14.84s Find the "PhraseArticle.BottomSentinel.viet-phrase-city-hoian-place-cantonese-assembly-hall" Other
    t =    14.87s Checking existence of `TabBar (First Match)`
    t =    14.88s Find the TabBar (First Match)
    t =    14.90s Find the Target Application 'app.speaklocal.vietnam.native'
    t =    15.04s Terminate app.speaklocal.vietnam.native:20578
    t =    16.12s Tear Down
Test Case '-[SpeakLocalNativeUITests.CityAppDetailV22RenderProofUITests testCaptureCityAppDetailV22RenderProofBatch]' passed (16.193 seconds).
Test Suite 'CityAppDetailV22RenderProofUITests' passed at 2026-06-01 23:42:25.646.
	 Executed 1 test, with 0 failures (0 unexpected) in 16.193 (16.194) seconds
Test Suite 'SpeakLocalNativeUITests.xctest' passed at 2026-06-01 23:42:25.647.
	 Executed 1 test, with 0 failures (0 unexpected) in 16.193 (16.195) seconds
Test Suite 'Selected tests' passed at 2026-06-01 23:42:25.647.
	 Executed 1 test, with 0 failures (0 unexpected) in 16.193 (16.195) seconds

Test session results, code coverage, and logs:
	/Users/jojolim/Library/Developer/XcodeBuildMCP/workspaces/orchestrator-309442864093/DerivedData/SpeakLocalNative-8f3e721625a0/Logs/Test/Test-SpeakLocalNative-2026.06.01_23-42-08-+0700.xcresult

** TEST EXECUTE SUCCEEDED **

Testing started

2026-06-01 23:42:09.512 xcodebuild[20395:10235708] [MT] IDELaunchParametersSnapshot: The operation couldn’t be completed. (DebuggerLLDB.DebuggerVersionStore.StoreError error 0.)
2026-06-01 23:42:09.512 xcodebuild[20395:10235708] [MT] IDELaunchParametersSnapshot: no debugger version
2026-06-01 23:42:20.850 xcodebuild[20395:10235708] [MT] IDELaunchParametersSnapshot: The operation couldn’t be completed. (DebuggerLLDB.DebuggerVersionStore.StoreError error 0.)
2026-06-01 23:42:20.850 xcodebuild[20395:10235708] [MT] IDELaunchParametersSnapshot: no debugger version
2026-06-01 23:42:25.941 xcodebuild[20395:10235708] [MT] IDETestOperationsObserverDebug: 17.762 elapsed -- Testing started completed.
2026-06-01 23:42:25.941 xcodebuild[20395:10235708] [MT] IDETestOperationsObserverDebug: 0.000 sec, +0.000 sec -- start
2026-06-01 23:42:25.941 xcodebuild[20395:10235708] [MT] IDETestOperationsObserverDebug: 17.762 sec, +17.762 sec -- end
