Command line invocation:
    /Applications/Xcode.app/Contents/Developer/usr/bin/xcodebuild test-without-building -project /Users/jojolim/Developer/products/speaklocal/app-family/.worktrees/city-listings-production-ready/native-ios/SpeakLocalNative.xcodeproj -scheme SpeakLocalNative -destination "platform=iOS Simulator,id=7C386DD3-4BF1-4A34-A918-768C43CD1258" -derivedDataPath /Users/jojolim/Library/Developer/XcodeBuildMCP/workspaces/orchestrator-309442864093/DerivedData/SpeakLocalNative-8f3e721625a0 "-only-testing:SpeakLocalNativeUITests/CityAppDetailV22RenderProofUITests/testCaptureCityAppDetailV22RenderProofBatch"

2026-06-01 06:30:51.294976+0700 SpeakLocalNativeUITests-Runner[980:8027683] [Default] Running tests...
    t =      nans Interface orientation changed to Portrait
Test Suite 'Selected tests' started at 2026-06-01 06:30:51.691.
Test Suite 'SpeakLocalNativeUITests.xctest' started at 2026-06-01 06:30:51.691.
Test Suite 'CityAppDetailV22RenderProofUITests' started at 2026-06-01 06:30:51.691.
Test Case '-[SpeakLocalNativeUITests.CityAppDetailV22RenderProofUITests testCaptureCityAppDetailV22RenderProofBatch]' started.
    t =     0.00s Start Test at 2026-06-01 06:30:51.692
    t =     0.02s Set Up
    t =     0.02s Open app.speaklocal.vietnam.native
    t =     0.02s     Launch app.speaklocal.vietnam.native
objc[980]: Class UIAccessibilityLoaderWebShared is implemented in both /Library/Developer/CoreSimulator/Volumes/iOS_23F77/Library/Developer/CoreSimulator/Profiles/Runtimes/iOS 26.5.simruntime/Contents/Resources/RuntimeRoot/System/Library/AccessibilityBundles/WebCore.axbundle/WebCore (0x10aa30310) and /Library/Developer/CoreSimulator/Volumes/iOS_23F77/Library/Developer/CoreSimulator/Profiles/Runtimes/iOS 26.5.simruntime/Contents/Resources/RuntimeRoot/System/Library/AccessibilityBundles/WebKit.axbundle/WebKit (0x10a35c398). This may cause spurious casting failures and mysterious crashes. One of the duplicates must be removed or renamed.
    t =     1.91s         Setting up automation session
    t =     2.30s         Wait for app.speaklocal.vietnam.native to idle
    t =     3.77s Checking existence of `"Bún Chả Cá 109" StaticText`
    t =     3.95s Waiting 8.0s for "Bún Chả Cá 109" StaticText to exist
    t =     4.98s     Checking `Expect predicate `existsNoRetry == 1` for object "Bún Chả Cá 109" StaticText`
    t =     4.98s         Checking existence of `"Bún Chả Cá 109" StaticText`
    t =     5.13s Swipe up Target Application 'app.speaklocal.vietnam.native'
    t =     5.13s     Wait for app.speaklocal.vietnam.native to idle
    t =     5.13s     Find the Target Application 'app.speaklocal.vietnam.native'
    t =     5.14s     Check for interrupting elements affecting "SpeakLocal Vietnam" Application
    t =     5.16s     Synthesize event
    t =     5.58s     Wait for app.speaklocal.vietnam.native to idle
    t =     7.70s Swipe up Target Application 'app.speaklocal.vietnam.native'
    t =     7.70s     Wait for app.speaklocal.vietnam.native to idle
    t =     7.70s     Find the Target Application 'app.speaklocal.vietnam.native'
    t =     7.73s     Check for interrupting elements affecting "SpeakLocal Vietnam" Application
    t =     7.76s     Synthesize event
    t =     8.18s     Wait for app.speaklocal.vietnam.native to idle
    t =     9.83s Terminate app.speaklocal.vietnam.native:1068
    t =    10.90s Open app.speaklocal.vietnam.native
    t =    10.90s     Launch app.speaklocal.vietnam.native
    t =    11.11s         Setting up automation session
    t =    11.59s         Wait for app.speaklocal.vietnam.native to idle
    t =    13.03s Waiting 4.0s for TabBar (First Match) to exist
    t =    14.08s     Checking `Expect predicate `existsNoRetry == 1` for object TabBar (First Match)`
    t =    14.08s         Checking existence of `TabBar (First Match)`
    t =    14.11s Checking existence of `"PhraseArticle.BottomSentinel.viet-family-city-danang-place-bun-cha-ca-109" Other`
    t =    14.19s Checking existence of `"PhraseArticle.BottomSentinel.viet-phrase-city-danang-place-bun-cha-ca-109" Other`
    t =    14.21s Find the "PhraseArticle.BottomSentinel.viet-phrase-city-danang-place-bun-cha-ca-109" Other
    t =    14.24s Checking existence of `TabBar (First Match)`
    t =    14.24s Find the TabBar (First Match)
    t =    14.25s Find the Target Application 'app.speaklocal.vietnam.native'
    t =    14.35s Terminate app.speaklocal.vietnam.native:1156
    t =    15.41s Tear Down
Test Case '-[SpeakLocalNativeUITests.CityAppDetailV22RenderProofUITests testCaptureCityAppDetailV22RenderProofBatch]' passed (15.470 seconds).
Test Suite 'CityAppDetailV22RenderProofUITests' passed at 2026-06-01 06:31:07.163.
	 Executed 1 test, with 0 failures (0 unexpected) in 15.470 (15.471) seconds
Test Suite 'SpeakLocalNativeUITests.xctest' passed at 2026-06-01 06:31:07.164.
	 Executed 1 test, with 0 failures (0 unexpected) in 15.470 (15.472) seconds
Test Suite 'Selected tests' passed at 2026-06-01 06:31:07.164.
	 Executed 1 test, with 0 failures (0 unexpected) in 15.470 (15.473) seconds

Test session results, code coverage, and logs:
	/Users/jojolim/Library/Developer/XcodeBuildMCP/workspaces/orchestrator-309442864093/DerivedData/SpeakLocalNative-8f3e721625a0/Logs/Test/Test-SpeakLocalNative-2026.06.01_06-30-50-+0700.xcresult

** TEST EXECUTE SUCCEEDED **

Testing started

2026-06-01 06:30:51.756 xcodebuild[978:8027511] [MT] IDELaunchParametersSnapshot: The operation couldn’t be completed. (DebuggerLLDB.DebuggerVersionStore.StoreError error 0.)
2026-06-01 06:30:51.756 xcodebuild[978:8027511] [MT] IDELaunchParametersSnapshot: no debugger version
2026-06-01 06:31:02.594 xcodebuild[978:8027511] [MT] IDELaunchParametersSnapshot: The operation couldn’t be completed. (DebuggerLLDB.DebuggerVersionStore.StoreError error 0.)
2026-06-01 06:31:02.594 xcodebuild[978:8027511] [MT] IDELaunchParametersSnapshot: no debugger version
2026-06-01 06:31:07.465 xcodebuild[978:8027511] [MT] IDETestOperationsObserverDebug: 16.948 elapsed -- Testing started completed.
2026-06-01 06:31:07.465 xcodebuild[978:8027511] [MT] IDETestOperationsObserverDebug: 0.000 sec, +0.000 sec -- start
2026-06-01 06:31:07.465 xcodebuild[978:8027511] [MT] IDETestOperationsObserverDebug: 16.948 sec, +16.948 sec -- end
