Command line invocation:
    /Applications/Xcode.app/Contents/Developer/usr/bin/xcodebuild test-without-building -project /Users/jojolim/Developer/products/speaklocal/app-family/.worktrees/city-listings-production-ready/native-ios/SpeakLocalNative.xcodeproj -scheme SpeakLocalNative -destination "platform=iOS Simulator,id=7C386DD3-4BF1-4A34-A918-768C43CD1258" -derivedDataPath /Users/jojolim/Library/Developer/XcodeBuildMCP/workspaces/orchestrator-309442864093/DerivedData/SpeakLocalNative-8f3e721625a0 "-only-testing:SpeakLocalNativeUITests/CityAppDetailV22RenderProofUITests/testCaptureCityAppDetailV22RenderProofBatch"

2026-06-01 08:01:33.307404+0700 SpeakLocalNativeUITests-Runner[6536:8410435] [Default] Running tests...
    t =      nans Interface orientation changed to Portrait
Test Suite 'Selected tests' started at 2026-06-01 08:01:33.679.
Test Suite 'SpeakLocalNativeUITests.xctest' started at 2026-06-01 08:01:33.679.
Test Suite 'CityAppDetailV22RenderProofUITests' started at 2026-06-01 08:01:33.679.
Test Case '-[SpeakLocalNativeUITests.CityAppDetailV22RenderProofUITests testCaptureCityAppDetailV22RenderProofBatch]' started.
    t =     0.00s Start Test at 2026-06-01 08:01:33.679
    t =     0.02s Set Up
    t =     0.02s Open app.speaklocal.vietnam.native
    t =     0.02s     Launch app.speaklocal.vietnam.native
objc[6536]: Class UIAccessibilityLoaderWebShared is implemented in both /Library/Developer/CoreSimulator/Volumes/iOS_23F77/Library/Developer/CoreSimulator/Profiles/Runtimes/iOS 26.5.simruntime/Contents/Resources/RuntimeRoot/System/Library/AccessibilityBundles/WebCore.axbundle/WebCore (0x106b84310) and /Library/Developer/CoreSimulator/Volumes/iOS_23F77/Library/Developer/CoreSimulator/Profiles/Runtimes/iOS 26.5.simruntime/Contents/Resources/RuntimeRoot/System/Library/AccessibilityBundles/WebKit.axbundle/WebKit (0x105fe4398). This may cause spurious casting failures and mysterious crashes. One of the duplicates must be removed or renamed.
    t =     1.89s         Setting up automation session
    t =     2.31s         Wait for app.speaklocal.vietnam.native to idle
    t =     3.76s Checking existence of `"Đường Pasteur" StaticText`
    t =     3.89s Waiting 8.0s for "Đường Pasteur" StaticText to exist
    t =     4.95s     Checking `Expect predicate `existsNoRetry == 1` for object "Đường Pasteur" StaticText`
    t =     4.95s         Checking existence of `"Đường Pasteur" StaticText`
    t =     5.11s Swipe up Target Application 'app.speaklocal.vietnam.native'
    t =     5.11s     Wait for app.speaklocal.vietnam.native to idle
    t =     5.11s     Find the Target Application 'app.speaklocal.vietnam.native'
    t =     5.13s     Check for interrupting elements affecting "SpeakLocal Vietnam" Application
    t =     5.15s     Synthesize event
    t =     5.57s     Wait for app.speaklocal.vietnam.native to idle
    t =     7.67s Swipe up Target Application 'app.speaklocal.vietnam.native'
    t =     7.67s     Wait for app.speaklocal.vietnam.native to idle
    t =     7.67s     Find the Target Application 'app.speaklocal.vietnam.native'
    t =     7.69s     Check for interrupting elements affecting "SpeakLocal Vietnam" Application
    t =     7.72s     Synthesize event
    t =     8.14s     Wait for app.speaklocal.vietnam.native to idle
    t =     8.90s Terminate app.speaklocal.vietnam.native:6544
    t =     9.99s Open app.speaklocal.vietnam.native
    t =     9.99s     Launch app.speaklocal.vietnam.native
    t =    10.20s         Setting up automation session
    t =    10.70s         Wait for app.speaklocal.vietnam.native to idle
    t =    12.20s Waiting 4.0s for TabBar (First Match) to exist
    t =    13.25s     Checking `Expect predicate `existsNoRetry == 1` for object TabBar (First Match)`
    t =    13.25s         Checking existence of `TabBar (First Match)`
    t =    13.31s Checking existence of `"PhraseArticle.BottomSentinel.viet-family-city-hcmc-place-pasteur-street" Other`
    t =    13.39s Checking existence of `"PhraseArticle.BottomSentinel.viet-phrase-city-hcmc-place-pasteur-street" Other`
    t =    13.41s Find the "PhraseArticle.BottomSentinel.viet-phrase-city-hcmc-place-pasteur-street" Other
    t =    13.43s Checking existence of `TabBar (First Match)`
    t =    13.44s Find the TabBar (First Match)
    t =    13.45s Find the Target Application 'app.speaklocal.vietnam.native'
    t =    13.54s Terminate app.speaklocal.vietnam.native:6562
    t =    14.62s Tear Down
Test Case '-[SpeakLocalNativeUITests.CityAppDetailV22RenderProofUITests testCaptureCityAppDetailV22RenderProofBatch]' passed (14.673 seconds).
Test Suite 'CityAppDetailV22RenderProofUITests' passed at 2026-06-01 08:01:48.353.
	 Executed 1 test, with 0 failures (0 unexpected) in 14.673 (14.674) seconds
Test Suite 'SpeakLocalNativeUITests.xctest' passed at 2026-06-01 08:01:48.354.
	 Executed 1 test, with 0 failures (0 unexpected) in 14.673 (14.675) seconds
Test Suite 'Selected tests' passed at 2026-06-01 08:01:48.354.
	 Executed 1 test, with 0 failures (0 unexpected) in 14.673 (14.675) seconds

Test session results, code coverage, and logs:
	/Users/jojolim/Library/Developer/XcodeBuildMCP/workspaces/orchestrator-309442864093/DerivedData/SpeakLocalNative-8f3e721625a0/Logs/Test/Test-SpeakLocalNative-2026.06.01_08-01-32-+0700.xcresult

** TEST EXECUTE SUCCEEDED **

Testing started

2026-06-01 08:01:33.738 xcodebuild[6527:8410239] [MT] IDELaunchParametersSnapshot: The operation couldn’t be completed. (DebuggerLLDB.DebuggerVersionStore.StoreError error 0.)
2026-06-01 08:01:33.738 xcodebuild[6527:8410239] [MT] IDELaunchParametersSnapshot: no debugger version
2026-06-01 08:01:43.668 xcodebuild[6527:8410239] [MT] IDELaunchParametersSnapshot: The operation couldn’t be completed. (DebuggerLLDB.DebuggerVersionStore.StoreError error 0.)
2026-06-01 08:01:43.668 xcodebuild[6527:8410239] [MT] IDELaunchParametersSnapshot: no debugger version
2026-06-01 08:01:48.658 xcodebuild[6527:8410239] [MT] IDETestOperationsObserverDebug: 16.152 elapsed -- Testing started completed.
2026-06-01 08:01:48.658 xcodebuild[6527:8410239] [MT] IDETestOperationsObserverDebug: 0.000 sec, +0.000 sec -- start
2026-06-01 08:01:48.658 xcodebuild[6527:8410239] [MT] IDETestOperationsObserverDebug: 16.152 sec, +16.152 sec -- end
