Command line invocation:
    /Applications/Xcode.app/Contents/Developer/usr/bin/xcodebuild test-without-building -project /Users/jojolim/Developer/products/speaklocal/app-family/.worktrees/city-listings-production-ready/native-ios/SpeakLocalNative.xcodeproj -scheme SpeakLocalNative -destination "platform=iOS Simulator,id=7C386DD3-4BF1-4A34-A918-768C43CD1258" -derivedDataPath /Users/jojolim/Library/Developer/XcodeBuildMCP/workspaces/orchestrator-309442864093/DerivedData/SpeakLocalNative-8f3e721625a0 "-only-testing:SpeakLocalNativeUITests/CityAppDetailV22RenderProofUITests/testCaptureCityAppDetailV22RenderProofBatch"

2026-06-01 23:35:43.170252+0700 SpeakLocalNativeUITests-Runner[14702:10209346] [Default] Running tests...
    t =      nans Interface orientation changed to Portrait
Test Suite 'Selected tests' started at 2026-06-01 23:35:43.655.
Test Suite 'SpeakLocalNativeUITests.xctest' started at 2026-06-01 23:35:43.656.
Test Suite 'CityAppDetailV22RenderProofUITests' started at 2026-06-01 23:35:43.656.
Test Case '-[SpeakLocalNativeUITests.CityAppDetailV22RenderProofUITests testCaptureCityAppDetailV22RenderProofBatch]' started.
    t =     0.00s Start Test at 2026-06-01 23:35:43.656
    t =     0.02s Set Up
    t =     0.03s Open app.speaklocal.vietnam.native
    t =     0.03s     Launch app.speaklocal.vietnam.native
objc[14702]: Class UIAccessibilityLoaderWebShared is implemented in both /Library/Developer/CoreSimulator/Volumes/iOS_23F77/Library/Developer/CoreSimulator/Profiles/Runtimes/iOS 26.5.simruntime/Contents/Resources/RuntimeRoot/System/Library/AccessibilityBundles/WebCore.axbundle/WebCore (0x108e54310) and /Library/Developer/CoreSimulator/Volumes/iOS_23F77/Library/Developer/CoreSimulator/Profiles/Runtimes/iOS 26.5.simruntime/Contents/Resources/RuntimeRoot/System/Library/AccessibilityBundles/WebKit.axbundle/WebKit (0x10827c398). This may cause spurious casting failures and mysterious crashes. One of the duplicates must be removed or renamed.
    t =     2.52s         Setting up automation session
    t =     3.39s         Wait for app.speaklocal.vietnam.native to idle
    t =     5.26s Checking existence of `"Tầm Vị" StaticText`
    t =     5.46s Waiting 8.0s for "Tầm Vị" StaticText to exist
    t =     6.53s     Checking `Expect predicate `existsNoRetry == 1` for object "Tầm Vị" StaticText`
    t =     6.54s         Checking existence of `"Tầm Vị" StaticText`
    t =     6.69s Swipe up Target Application 'app.speaklocal.vietnam.native'
    t =     6.69s     Wait for app.speaklocal.vietnam.native to idle
    t =     6.69s     Find the Target Application 'app.speaklocal.vietnam.native'
    t =     6.71s     Check for interrupting elements affecting "SpeakLocal Vietnam" Application
    t =     6.73s     Synthesize event
    t =     7.15s     Wait for app.speaklocal.vietnam.native to idle
    t =     9.24s Swipe up Target Application 'app.speaklocal.vietnam.native'
    t =     9.24s     Wait for app.speaklocal.vietnam.native to idle
    t =     9.24s     Find the Target Application 'app.speaklocal.vietnam.native'
    t =     9.26s     Check for interrupting elements affecting "SpeakLocal Vietnam" Application
    t =     9.28s     Synthesize event
    t =     9.70s     Wait for app.speaklocal.vietnam.native to idle
    t =    10.99s Terminate app.speaklocal.vietnam.native:14804
    t =    12.10s Open app.speaklocal.vietnam.native
    t =    12.10s     Launch app.speaklocal.vietnam.native
    t =    12.30s         Setting up automation session
    t =    13.03s         Wait for app.speaklocal.vietnam.native to idle
    t =    14.68s Waiting 4.0s for TabBar (First Match) to exist
    t =    15.75s     Checking `Expect predicate `existsNoRetry == 1` for object TabBar (First Match)`
    t =    15.75s         Checking existence of `TabBar (First Match)`
    t =    15.79s Checking existence of `"PhraseArticle.BottomSentinel.viet-family-city-hanoi-place-tam-vi" Other`
    t =    15.88s Checking existence of `"PhraseArticle.BottomSentinel.viet-phrase-city-hanoi-place-tam-vi" Other`
    t =    15.91s Find the "PhraseArticle.BottomSentinel.viet-phrase-city-hanoi-place-tam-vi" Other
    t =    15.93s Checking existence of `TabBar (First Match)`
    t =    15.94s Find the TabBar (First Match)
    t =    15.95s Find the Target Application 'app.speaklocal.vietnam.native'
    t =    16.07s Terminate app.speaklocal.vietnam.native:15012
    t =    17.15s Tear Down
Test Case '-[SpeakLocalNativeUITests.CityAppDetailV22RenderProofUITests testCaptureCityAppDetailV22RenderProofBatch]' passed (17.229 seconds).
Test Suite 'CityAppDetailV22RenderProofUITests' passed at 2026-06-01 23:36:00.886.
	 Executed 1 test, with 0 failures (0 unexpected) in 17.229 (17.230) seconds
Test Suite 'SpeakLocalNativeUITests.xctest' passed at 2026-06-01 23:36:00.887.
	 Executed 1 test, with 0 failures (0 unexpected) in 17.229 (17.231) seconds
Test Suite 'Selected tests' passed at 2026-06-01 23:36:00.887.
	 Executed 1 test, with 0 failures (0 unexpected) in 17.229 (17.232) seconds

Test session results, code coverage, and logs:
	/Users/jojolim/Library/Developer/XcodeBuildMCP/workspaces/orchestrator-309442864093/DerivedData/SpeakLocalNative-8f3e721625a0/Logs/Test/Test-SpeakLocalNative-2026.06.01_23-35-41-+0700.xcresult

** TEST EXECUTE SUCCEEDED **

Testing started

2026-06-01 23:35:43.720 xcodebuild[14683:10209144] [MT] IDELaunchParametersSnapshot: The operation couldn’t be completed. (DebuggerLLDB.DebuggerVersionStore.StoreError error 0.)
2026-06-01 23:35:43.720 xcodebuild[14683:10209144] [MT] IDELaunchParametersSnapshot: no debugger version
2026-06-01 23:35:55.753 xcodebuild[14683:10209144] [MT] IDELaunchParametersSnapshot: The operation couldn’t be completed. (DebuggerLLDB.DebuggerVersionStore.StoreError error 0.)
2026-06-01 23:35:55.753 xcodebuild[14683:10209144] [MT] IDELaunchParametersSnapshot: no debugger version
2026-06-01 23:36:01.169 xcodebuild[14683:10209144] [MT] IDETestOperationsObserverDebug: 19.169 elapsed -- Testing started completed.
2026-06-01 23:36:01.170 xcodebuild[14683:10209144] [MT] IDETestOperationsObserverDebug: 0.000 sec, +0.000 sec -- start
2026-06-01 23:36:01.170 xcodebuild[14683:10209144] [MT] IDETestOperationsObserverDebug: 19.169 sec, +19.169 sec -- end
