Command line invocation:
    /Applications/Xcode.app/Contents/Developer/usr/bin/xcodebuild test-without-building -project /Users/jojolim/Developer/products/speaklocal/app-family/.worktrees/city-listings-production-ready/native-ios/SpeakLocalNative.xcodeproj -scheme SpeakLocalNative -destination "platform=iOS Simulator,id=7C386DD3-4BF1-4A34-A918-768C43CD1258" -derivedDataPath /Users/jojolim/Library/Developer/XcodeBuildMCP/workspaces/orchestrator-309442864093/DerivedData/SpeakLocalNative-8f3e721625a0 "-only-testing:SpeakLocalNativeUITests/CityAppDetailV22RenderProofUITests/testCaptureCityAppDetailV22RenderProofBatch"

2026-06-01 08:01:16.054009+0700 SpeakLocalNativeUITests-Runner[6454:8409379] [Default] Running tests...
    t =      nans Interface orientation changed to Portrait
Test Suite 'Selected tests' started at 2026-06-01 08:01:16.421.
Test Suite 'SpeakLocalNativeUITests.xctest' started at 2026-06-01 08:01:16.421.
Test Suite 'CityAppDetailV22RenderProofUITests' started at 2026-06-01 08:01:16.421.
Test Case '-[SpeakLocalNativeUITests.CityAppDetailV22RenderProofUITests testCaptureCityAppDetailV22RenderProofBatch]' started.
    t =     0.00s Start Test at 2026-06-01 08:01:16.422
    t =     0.02s Set Up
    t =     0.02s Open app.speaklocal.vietnam.native
    t =     0.02s     Launch app.speaklocal.vietnam.native
objc[6454]: Class UIAccessibilityLoaderWebShared is implemented in both /Library/Developer/CoreSimulator/Volumes/iOS_23F77/Library/Developer/CoreSimulator/Profiles/Runtimes/iOS 26.5.simruntime/Contents/Resources/RuntimeRoot/System/Library/AccessibilityBundles/WebCore.axbundle/WebCore (0x106b00310) and /Library/Developer/CoreSimulator/Volumes/iOS_23F77/Library/Developer/CoreSimulator/Profiles/Runtimes/iOS 26.5.simruntime/Contents/Resources/RuntimeRoot/System/Library/AccessibilityBundles/WebKit.axbundle/WebKit (0x1063a0398). This may cause spurious casting failures and mysterious crashes. One of the duplicates must be removed or renamed.
    t =     1.89s         Setting up automation session
    t =     2.27s         Wait for app.speaklocal.vietnam.native to idle
    t =     3.74s Checking existence of `"Nhà hát Thành phố" StaticText`
    t =     3.89s Waiting 8.0s for "Nhà hát Thành phố" StaticText to exist
    t =     4.94s     Checking `Expect predicate `existsNoRetry == 1` for object "Nhà hát Thành phố" StaticText`
    t =     4.94s         Checking existence of `"Nhà hát Thành phố" StaticText`
    t =     5.08s Swipe up Target Application 'app.speaklocal.vietnam.native'
    t =     5.08s     Wait for app.speaklocal.vietnam.native to idle
    t =     5.08s     Find the Target Application 'app.speaklocal.vietnam.native'
    t =     5.10s     Check for interrupting elements affecting "SpeakLocal Vietnam" Application
    t =     5.12s     Synthesize event
    t =     5.54s     Wait for app.speaklocal.vietnam.native to idle
    t =     7.64s Swipe up Target Application 'app.speaklocal.vietnam.native'
    t =     7.64s     Wait for app.speaklocal.vietnam.native to idle
    t =     7.64s     Find the Target Application 'app.speaklocal.vietnam.native'
    t =     7.66s     Check for interrupting elements affecting "SpeakLocal Vietnam" Application
    t =     7.69s     Synthesize event
    t =     8.11s     Wait for app.speaklocal.vietnam.native to idle
    t =     9.42s Terminate app.speaklocal.vietnam.native:6458
    t =    10.49s Open app.speaklocal.vietnam.native
    t =    10.49s     Launch app.speaklocal.vietnam.native
    t =    10.71s         Setting up automation session
    t =    11.19s         Wait for app.speaklocal.vietnam.native to idle
    t =    12.65s Waiting 4.0s for TabBar (First Match) to exist
    t =    13.71s     Checking `Expect predicate `existsNoRetry == 1` for object TabBar (First Match)`
    t =    13.71s         Checking existence of `TabBar (First Match)`
    t =    13.76s Checking existence of `"PhraseArticle.BottomSentinel.viet-family-city-hcmc-place-opera-house" Other`
    t =    13.85s Checking existence of `"PhraseArticle.BottomSentinel.viet-phrase-city-hcmc-place-opera-house" Other`
    t =    13.87s Find the "PhraseArticle.BottomSentinel.viet-phrase-city-hcmc-place-opera-house" Other
    t =    13.89s Checking existence of `TabBar (First Match)`
    t =    13.90s Find the TabBar (First Match)
    t =    13.91s Find the Target Application 'app.speaklocal.vietnam.native'
    t =    14.00s Terminate app.speaklocal.vietnam.native:6481
    t =    15.06s Tear Down
Test Case '-[SpeakLocalNativeUITests.CityAppDetailV22RenderProofUITests testCaptureCityAppDetailV22RenderProofBatch]' passed (15.110 seconds).
Test Suite 'CityAppDetailV22RenderProofUITests' passed at 2026-06-01 08:01:31.532.
	 Executed 1 test, with 0 failures (0 unexpected) in 15.110 (15.111) seconds
Test Suite 'SpeakLocalNativeUITests.xctest' passed at 2026-06-01 08:01:31.532.
	 Executed 1 test, with 0 failures (0 unexpected) in 15.110 (15.111) seconds
Test Suite 'Selected tests' passed at 2026-06-01 08:01:31.533.
	 Executed 1 test, with 0 failures (0 unexpected) in 15.110 (15.112) seconds

Test session results, code coverage, and logs:
	/Users/jojolim/Library/Developer/XcodeBuildMCP/workspaces/orchestrator-309442864093/DerivedData/SpeakLocalNative-8f3e721625a0/Logs/Test/Test-SpeakLocalNative-2026.06.01_08-01-15-+0700.xcresult

** TEST EXECUTE SUCCEEDED **

Testing started

2026-06-01 08:01:16.479 xcodebuild[6449:8409206] [MT] IDELaunchParametersSnapshot: The operation couldn’t be completed. (DebuggerLLDB.DebuggerVersionStore.StoreError error 0.)
2026-06-01 08:01:16.479 xcodebuild[6449:8409206] [MT] IDELaunchParametersSnapshot: no debugger version
2026-06-01 08:01:26.918 xcodebuild[6449:8409206] [MT] IDELaunchParametersSnapshot: The operation couldn’t be completed. (DebuggerLLDB.DebuggerVersionStore.StoreError error 0.)
2026-06-01 08:01:26.918 xcodebuild[6449:8409206] [MT] IDELaunchParametersSnapshot: no debugger version
2026-06-01 08:01:31.821 xcodebuild[6449:8409206] [MT] IDETestOperationsObserverDebug: 16.566 elapsed -- Testing started completed.
2026-06-01 08:01:31.821 xcodebuild[6449:8409206] [MT] IDETestOperationsObserverDebug: 0.000 sec, +0.000 sec -- start
2026-06-01 08:01:31.821 xcodebuild[6449:8409206] [MT] IDETestOperationsObserverDebug: 16.566 sec, +16.566 sec -- end
