Command line invocation:
    /Applications/Xcode.app/Contents/Developer/usr/bin/xcodebuild test-without-building -project /Users/jojolim/Developer/products/speaklocal/app-family/.worktrees/city-listings-production-ready/native-ios/SpeakLocalNative.xcodeproj -scheme SpeakLocalNative -destination "platform=iOS Simulator,id=7C386DD3-4BF1-4A34-A918-768C43CD1258" -derivedDataPath /Users/jojolim/Library/Developer/XcodeBuildMCP/workspaces/orchestrator-309442864093/DerivedData/SpeakLocalNative-8f3e721625a0 "-only-testing:SpeakLocalNativeUITests/CityAppDetailV22RenderProofUITests/testCaptureCityAppDetailV22RenderProofBatch"

2026-06-01 02:51:14.530706+0700 SpeakLocalNativeUITests-Runner[10471:7113925] [Default] Running tests...
    t =      nans Interface orientation changed to Portrait
Test Suite 'Selected tests' started at 2026-06-01 02:51:15.061.
Test Suite 'SpeakLocalNativeUITests.xctest' started at 2026-06-01 02:51:15.061.
Test Suite 'CityAppDetailV22RenderProofUITests' started at 2026-06-01 02:51:15.062.
Test Case '-[SpeakLocalNativeUITests.CityAppDetailV22RenderProofUITests testCaptureCityAppDetailV22RenderProofBatch]' started.
    t =     0.00s Start Test at 2026-06-01 02:51:15.062
    t =     0.02s Set Up
    t =     0.02s Open app.speaklocal.vietnam.native
    t =     0.02s     Launch app.speaklocal.vietnam.native
objc[10471]: Class UIAccessibilityLoaderWebShared is implemented in both /Library/Developer/CoreSimulator/Volumes/iOS_23F77/Library/Developer/CoreSimulator/Profiles/Runtimes/iOS 26.5.simruntime/Contents/Resources/RuntimeRoot/System/Library/AccessibilityBundles/WebCore.axbundle/WebCore (0x1069d0310) and /Library/Developer/CoreSimulator/Volumes/iOS_23F77/Library/Developer/CoreSimulator/Profiles/Runtimes/iOS 26.5.simruntime/Contents/Resources/RuntimeRoot/System/Library/AccessibilityBundles/WebKit.axbundle/WebKit (0x106274398). This may cause spurious casting failures and mysterious crashes. One of the duplicates must be removed or renamed.
    t =     2.73s         Setting up automation session
    t =     3.57s         Wait for app.speaklocal.vietnam.native to idle
    t =     5.50s Checking existence of `"Bún Chả Ta" StaticText`
    t =     5.76s Waiting 8.0s for "Bún Chả Ta" StaticText to exist
    t =     6.84s     Checking `Expect predicate `existsNoRetry == 1` for object "Bún Chả Ta" StaticText`
    t =     6.84s         Checking existence of `"Bún Chả Ta" StaticText`
    t =     6.99s Swipe up Target Application 'app.speaklocal.vietnam.native'
    t =     6.99s     Wait for app.speaklocal.vietnam.native to idle
    t =     6.99s     Find the Target Application 'app.speaklocal.vietnam.native'
    t =     7.01s     Check for interrupting elements affecting "SpeakLocal Vietnam" Application
    t =     7.04s     Synthesize event
    t =     7.46s     Wait for app.speaklocal.vietnam.native to idle
    t =     9.56s Swipe up Target Application 'app.speaklocal.vietnam.native'
    t =     9.56s     Wait for app.speaklocal.vietnam.native to idle
    t =     9.56s     Find the Target Application 'app.speaklocal.vietnam.native'
    t =     9.59s     Check for interrupting elements affecting "SpeakLocal Vietnam" Application
    t =     9.61s     Synthesize event
    t =    10.04s     Wait for app.speaklocal.vietnam.native to idle
    t =    11.65s Terminate app.speaklocal.vietnam.native:10552
    t =    12.75s Open app.speaklocal.vietnam.native
    t =    12.75s     Launch app.speaklocal.vietnam.native
    t =    12.96s         Setting up automation session
    t =    13.58s         Wait for app.speaklocal.vietnam.native to idle
    t =    15.29s Waiting 4.0s for TabBar (First Match) to exist
    t =    16.37s     Checking `Expect predicate `existsNoRetry == 1` for object TabBar (First Match)`
    t =    16.37s         Checking existence of `TabBar (First Match)`
    t =    16.41s Checking existence of `"PhraseArticle.BottomSentinel.viet-family-city-hanoi-place-bun-cha-ta" Other`
    t =    16.53s Checking existence of `"PhraseArticle.BottomSentinel.viet-phrase-city-hanoi-place-bun-cha-ta" Other`
    t =    16.56s Find the "PhraseArticle.BottomSentinel.viet-phrase-city-hanoi-place-bun-cha-ta" Other
    t =    16.59s Checking existence of `TabBar (First Match)`
    t =    16.60s Find the TabBar (First Match)
    t =    16.61s Find the Target Application 'app.speaklocal.vietnam.native'
    t =    16.74s Terminate app.speaklocal.vietnam.native:10666
    t =    17.83s Tear Down
Test Case '-[SpeakLocalNativeUITests.CityAppDetailV22RenderProofUITests testCaptureCityAppDetailV22RenderProofBatch]' passed (17.886 seconds).
Test Suite 'CityAppDetailV22RenderProofUITests' passed at 2026-06-01 02:51:32.949.
	 Executed 1 test, with 0 failures (0 unexpected) in 17.886 (17.887) seconds
Test Suite 'SpeakLocalNativeUITests.xctest' passed at 2026-06-01 02:51:32.949.
	 Executed 1 test, with 0 failures (0 unexpected) in 17.886 (17.888) seconds
Test Suite 'Selected tests' passed at 2026-06-01 02:51:32.950.
	 Executed 1 test, with 0 failures (0 unexpected) in 17.886 (17.888) seconds

Test session results, code coverage, and logs:
	/Users/jojolim/Library/Developer/XcodeBuildMCP/workspaces/orchestrator-309442864093/DerivedData/SpeakLocalNative-8f3e721625a0/Logs/Test/Test-SpeakLocalNative-2026.06.01_02-51-13-+0700.xcresult

** TEST EXECUTE SUCCEEDED **

Testing started

2026-06-01 02:51:15.120 xcodebuild[10443:7113694] [MT] IDELaunchParametersSnapshot: The operation couldn’t be completed. (DebuggerLLDB.DebuggerVersionStore.StoreError error 0.)
2026-06-01 02:51:15.121 xcodebuild[10443:7113694] [MT] IDELaunchParametersSnapshot: no debugger version
2026-06-01 02:51:27.816 xcodebuild[10443:7113694] [MT] IDELaunchParametersSnapshot: The operation couldn’t be completed. (DebuggerLLDB.DebuggerVersionStore.StoreError error 0.)
2026-06-01 02:51:27.816 xcodebuild[10443:7113694] [MT] IDELaunchParametersSnapshot: no debugger version
2026-06-01 02:51:33.242 xcodebuild[10443:7113694] [MT] IDETestOperationsObserverDebug: 19.929 elapsed -- Testing started completed.
2026-06-01 02:51:33.242 xcodebuild[10443:7113694] [MT] IDETestOperationsObserverDebug: 0.000 sec, +0.000 sec -- start
2026-06-01 02:51:33.242 xcodebuild[10443:7113694] [MT] IDETestOperationsObserverDebug: 19.929 sec, +19.929 sec -- end
