Command line invocation:
    /Applications/Xcode.app/Contents/Developer/usr/bin/xcodebuild test-without-building -project /Users/jojolim/Developer/products/speaklocal/app-family/.worktrees/city-listings-production-ready/native-ios/SpeakLocalNative.xcodeproj -scheme SpeakLocalNative -destination "platform=iOS Simulator,id=7C386DD3-4BF1-4A34-A918-768C43CD1258" -derivedDataPath /Users/jojolim/Library/Developer/XcodeBuildMCP/workspaces/orchestrator-309442864093/DerivedData/SpeakLocalNative-8f3e721625a0 "-only-testing:SpeakLocalNativeUITests/CityAppDetailV22RenderProofUITests/testCaptureCityAppDetailV22RenderProofBatch"

2026-06-01 07:18:35.679065+0700 SpeakLocalNativeUITests-Runner[52154:8233764] [Default] Running tests...
    t =      nans Interface orientation changed to Portrait
Test Suite 'Selected tests' started at 2026-06-01 07:18:36.048.
Test Suite 'SpeakLocalNativeUITests.xctest' started at 2026-06-01 07:18:36.048.
Test Suite 'CityAppDetailV22RenderProofUITests' started at 2026-06-01 07:18:36.048.
Test Case '-[SpeakLocalNativeUITests.CityAppDetailV22RenderProofUITests testCaptureCityAppDetailV22RenderProofBatch]' started.
    t =     0.00s Start Test at 2026-06-01 07:18:36.049
    t =     0.02s Set Up
    t =     0.02s Open app.speaklocal.vietnam.native
    t =     0.02s     Launch app.speaklocal.vietnam.native
objc[52154]: Class UIAccessibilityLoaderWebShared is implemented in both /Library/Developer/CoreSimulator/Volumes/iOS_23F77/Library/Developer/CoreSimulator/Profiles/Runtimes/iOS 26.5.simruntime/Contents/Resources/RuntimeRoot/System/Library/AccessibilityBundles/WebCore.axbundle/WebCore (0x10a228310) and /Library/Developer/CoreSimulator/Volumes/iOS_23F77/Library/Developer/CoreSimulator/Profiles/Runtimes/iOS 26.5.simruntime/Contents/Resources/RuntimeRoot/System/Library/AccessibilityBundles/WebKit.axbundle/WebKit (0x109f1c398). This may cause spurious casting failures and mysterious crashes. One of the duplicates must be removed or renamed.
    t =     1.89s         Setting up automation session
    t =     2.36s         Wait for app.speaklocal.vietnam.native to idle
    t =     3.81s Checking existence of `"Bếp Mẹ Ỉn" StaticText`
    t =     3.95s Waiting 8.0s for "Bếp Mẹ Ỉn" StaticText to exist
    t =     5.00s     Checking `Expect predicate `existsNoRetry == 1` for object "Bếp Mẹ Ỉn" StaticText`
    t =     5.00s         Checking existence of `"Bếp Mẹ Ỉn" StaticText`
    t =     5.17s Swipe up Target Application 'app.speaklocal.vietnam.native'
    t =     5.17s     Wait for app.speaklocal.vietnam.native to idle
    t =     5.17s     Find the Target Application 'app.speaklocal.vietnam.native'
    t =     5.19s     Check for interrupting elements affecting "SpeakLocal Vietnam" Application
    t =     5.21s     Synthesize event
    t =     5.62s     Wait for app.speaklocal.vietnam.native to idle
    t =     7.77s Swipe up Target Application 'app.speaklocal.vietnam.native'
    t =     7.77s     Wait for app.speaklocal.vietnam.native to idle
    t =     7.77s     Find the Target Application 'app.speaklocal.vietnam.native'
    t =     7.79s     Check for interrupting elements affecting "SpeakLocal Vietnam" Application
    t =     7.81s     Synthesize event
    t =     8.24s     Wait for app.speaklocal.vietnam.native to idle
    t =     9.10s Terminate app.speaklocal.vietnam.native:52220
    t =    10.16s Open app.speaklocal.vietnam.native
    t =    10.16s     Launch app.speaklocal.vietnam.native
    t =    10.37s         Setting up automation session
    t =    10.85s         Wait for app.speaklocal.vietnam.native to idle
    t =    12.29s Waiting 4.0s for TabBar (First Match) to exist
    t =    13.34s     Checking `Expect predicate `existsNoRetry == 1` for object TabBar (First Match)`
    t =    13.34s         Checking existence of `TabBar (First Match)`
    t =    13.39s Checking existence of `"PhraseArticle.BottomSentinel.viet-family-city-hcmc-place-bep-me-in" Other`
    t =    13.47s Checking existence of `"PhraseArticle.BottomSentinel.viet-phrase-city-hcmc-place-bep-me-in" Other`
    t =    13.50s Find the "PhraseArticle.BottomSentinel.viet-phrase-city-hcmc-place-bep-me-in" Other
    t =    13.52s Checking existence of `TabBar (First Match)`
    t =    13.52s Find the TabBar (First Match)
    t =    13.53s Find the Target Application 'app.speaklocal.vietnam.native'
    t =    13.63s Terminate app.speaklocal.vietnam.native:52332
    t =    14.67s Tear Down
Test Case '-[SpeakLocalNativeUITests.CityAppDetailV22RenderProofUITests testCaptureCityAppDetailV22RenderProofBatch]' passed (14.717 seconds).
Test Suite 'CityAppDetailV22RenderProofUITests' passed at 2026-06-01 07:18:50.766.
	 Executed 1 test, with 0 failures (0 unexpected) in 14.717 (14.718) seconds
Test Suite 'SpeakLocalNativeUITests.xctest' passed at 2026-06-01 07:18:50.766.
	 Executed 1 test, with 0 failures (0 unexpected) in 14.717 (14.718) seconds
Test Suite 'Selected tests' passed at 2026-06-01 07:18:50.767.
	 Executed 1 test, with 0 failures (0 unexpected) in 14.717 (14.719) seconds

Test session results, code coverage, and logs:
	/Users/jojolim/Library/Developer/XcodeBuildMCP/workspaces/orchestrator-309442864093/DerivedData/SpeakLocalNative-8f3e721625a0/Logs/Test/Test-SpeakLocalNative-2026.06.01_07-18-34-+0700.xcresult

** TEST EXECUTE SUCCEEDED **

Testing started

2026-06-01 07:18:36.109 xcodebuild[52149:8233591] [MT] IDELaunchParametersSnapshot: The operation couldn’t be completed. (DebuggerLLDB.DebuggerVersionStore.StoreError error 0.)
2026-06-01 07:18:36.109 xcodebuild[52149:8233591] [MT] IDELaunchParametersSnapshot: no debugger version
2026-06-01 07:18:46.211 xcodebuild[52149:8233591] [MT] IDELaunchParametersSnapshot: The operation couldn’t be completed. (DebuggerLLDB.DebuggerVersionStore.StoreError error 0.)
2026-06-01 07:18:46.211 xcodebuild[52149:8233591] [MT] IDELaunchParametersSnapshot: no debugger version
2026-06-01 07:18:51.064 xcodebuild[52149:8233591] [MT] IDETestOperationsObserverDebug: 16.231 elapsed -- Testing started completed.
2026-06-01 07:18:51.064 xcodebuild[52149:8233591] [MT] IDETestOperationsObserverDebug: 0.000 sec, +0.000 sec -- start
2026-06-01 07:18:51.064 xcodebuild[52149:8233591] [MT] IDETestOperationsObserverDebug: 16.231 sec, +16.231 sec -- end
