Command line invocation:
    /Applications/Xcode.app/Contents/Developer/usr/bin/xcodebuild test-without-building -project /Users/jojolim/Developer/products/speaklocal/app-family/.worktrees/city-listings-production-ready/native-ios/SpeakLocalNative.xcodeproj -scheme SpeakLocalNative -destination "platform=iOS Simulator,id=7C386DD3-4BF1-4A34-A918-768C43CD1258" -derivedDataPath /Users/jojolim/Library/Developer/XcodeBuildMCP/workspaces/orchestrator-309442864093/DerivedData/SpeakLocalNative-8f3e721625a0 "-only-testing:SpeakLocalNativeUITests/CityAppDetailV22RenderProofUITests/testCaptureCityAppDetailV22RenderProofBatch"

2026-06-01 05:55:40.181549+0700 SpeakLocalNativeUITests-Runner[37027:7859983] [Default] Running tests...
    t =      nans Interface orientation changed to Portrait
Test Suite 'Selected tests' started at 2026-06-01 05:55:40.549.
Test Suite 'SpeakLocalNativeUITests.xctest' started at 2026-06-01 05:55:40.549.
Test Suite 'CityAppDetailV22RenderProofUITests' started at 2026-06-01 05:55:40.549.
Test Case '-[SpeakLocalNativeUITests.CityAppDetailV22RenderProofUITests testCaptureCityAppDetailV22RenderProofBatch]' started.
    t =     0.00s Start Test at 2026-06-01 05:55:40.549
    t =     0.02s Set Up
    t =     0.02s Open app.speaklocal.vietnam.native
    t =     0.02s     Launch app.speaklocal.vietnam.native
objc[37027]: Class UIAccessibilityLoaderWebShared is implemented in both /Library/Developer/CoreSimulator/Volumes/iOS_23F77/Library/Developer/CoreSimulator/Profiles/Runtimes/iOS 26.5.simruntime/Contents/Resources/RuntimeRoot/System/Library/AccessibilityBundles/WebCore.axbundle/WebCore (0x107248310) and /Library/Developer/CoreSimulator/Volumes/iOS_23F77/Library/Developer/CoreSimulator/Profiles/Runtimes/iOS 26.5.simruntime/Contents/Resources/RuntimeRoot/System/Library/AccessibilityBundles/WebKit.axbundle/WebKit (0x1066c4398). This may cause spurious casting failures and mysterious crashes. One of the duplicates must be removed or renamed.
    t =     1.69s         Setting up automation session
    t =     2.25s         Wait for app.speaklocal.vietnam.native to idle
    t =     3.78s Checking existence of `"Six On Six Cafe" StaticText`
    t =     3.95s Waiting 8.0s for "Six On Six Cafe" StaticText to exist
    t =     5.01s     Checking `Expect predicate `existsNoRetry == 1` for object "Six On Six Cafe" StaticText`
    t =     5.01s         Checking existence of `"Six On Six Cafe" StaticText`
    t =     5.16s Swipe up Target Application 'app.speaklocal.vietnam.native'
    t =     5.16s     Wait for app.speaklocal.vietnam.native to idle
    t =     5.16s     Find the Target Application 'app.speaklocal.vietnam.native'
    t =     5.18s     Check for interrupting elements affecting "SpeakLocal Vietnam" Application
    t =     5.19s     Synthesize event
    t =     5.61s     Wait for app.speaklocal.vietnam.native to idle
    t =     7.71s Swipe up Target Application 'app.speaklocal.vietnam.native'
    t =     7.71s     Wait for app.speaklocal.vietnam.native to idle
    t =     7.72s     Find the Target Application 'app.speaklocal.vietnam.native'
    t =     7.74s     Check for interrupting elements affecting "SpeakLocal Vietnam" Application
    t =     7.77s     Synthesize event
    t =     8.19s     Wait for app.speaklocal.vietnam.native to idle
    t =     8.94s Terminate app.speaklocal.vietnam.native:37031
    t =    10.03s Open app.speaklocal.vietnam.native
    t =    10.03s     Launch app.speaklocal.vietnam.native
    t =    10.25s         Setting up automation session
    t =    10.72s         Wait for app.speaklocal.vietnam.native to idle
    t =    12.16s Waiting 4.0s for TabBar (First Match) to exist
    t =    13.23s     Checking `Expect predicate `existsNoRetry == 1` for object TabBar (First Match)`
    t =    13.23s         Checking existence of `TabBar (First Match)`
    t =    13.28s Checking existence of `"PhraseArticle.BottomSentinel.viet-family-city-danang-place-six-on-six" Other`
    t =    13.36s Checking existence of `"PhraseArticle.BottomSentinel.viet-phrase-city-danang-place-six-on-six" Other`
    t =    13.39s Find the "PhraseArticle.BottomSentinel.viet-phrase-city-danang-place-six-on-six" Other
    t =    13.41s Checking existence of `TabBar (First Match)`
    t =    13.41s Find the TabBar (First Match)
    t =    13.42s Find the Target Application 'app.speaklocal.vietnam.native'
    t =    13.51s Terminate app.speaklocal.vietnam.native:37194
    t =    14.60s Tear Down
Test Case '-[SpeakLocalNativeUITests.CityAppDetailV22RenderProofUITests testCaptureCityAppDetailV22RenderProofBatch]' passed (14.672 seconds).
Test Suite 'CityAppDetailV22RenderProofUITests' passed at 2026-06-01 05:55:55.222.
	 Executed 1 test, with 0 failures (0 unexpected) in 14.672 (14.673) seconds
Test Suite 'SpeakLocalNativeUITests.xctest' passed at 2026-06-01 05:55:55.223.
	 Executed 1 test, with 0 failures (0 unexpected) in 14.672 (14.674) seconds
Test Suite 'Selected tests' passed at 2026-06-01 05:55:55.224.
	 Executed 1 test, with 0 failures (0 unexpected) in 14.672 (14.675) seconds

Test session results, code coverage, and logs:
	/Users/jojolim/Library/Developer/XcodeBuildMCP/workspaces/orchestrator-309442864093/DerivedData/SpeakLocalNative-8f3e721625a0/Logs/Test/Test-SpeakLocalNative-2026.06.01_05-55-39-+0700.xcresult

** TEST EXECUTE SUCCEEDED **

Testing started

2026-06-01 05:55:40.607 xcodebuild[37023:7859807] [MT] IDELaunchParametersSnapshot: The operation couldn’t be completed. (DebuggerLLDB.DebuggerVersionStore.StoreError error 0.)
2026-06-01 05:55:40.607 xcodebuild[37023:7859807] [MT] IDELaunchParametersSnapshot: no debugger version
2026-06-01 05:55:50.583 xcodebuild[37023:7859807] [MT] IDELaunchParametersSnapshot: The operation couldn’t be completed. (DebuggerLLDB.DebuggerVersionStore.StoreError error 0.)
2026-06-01 05:55:50.583 xcodebuild[37023:7859807] [MT] IDELaunchParametersSnapshot: no debugger version
2026-06-01 05:55:55.530 xcodebuild[37023:7859807] [MT] IDETestOperationsObserverDebug: 16.142 elapsed -- Testing started completed.
2026-06-01 05:55:55.530 xcodebuild[37023:7859807] [MT] IDETestOperationsObserverDebug: 0.000 sec, +0.000 sec -- start
2026-06-01 05:55:55.530 xcodebuild[37023:7859807] [MT] IDETestOperationsObserverDebug: 16.142 sec, +16.142 sec -- end
