Command line invocation:
    /Applications/Xcode.app/Contents/Developer/usr/bin/xcodebuild test-without-building -project /Users/jojolim/Developer/products/speaklocal/app-family/.worktrees/city-listings-production-ready/native-ios/SpeakLocalNative.xcodeproj -scheme SpeakLocalNative -destination "platform=iOS Simulator,id=7C386DD3-4BF1-4A34-A918-768C43CD1258" -derivedDataPath /Users/jojolim/Library/Developer/XcodeBuildMCP/workspaces/orchestrator-309442864093/DerivedData/SpeakLocalNative-8f3e721625a0 "-only-testing:SpeakLocalNativeUITests/CityAppDetailV22RenderProofUITests/testCaptureCityAppDetailV22RenderProofBatch"

2026-06-01 05:43:00.750563+0700 SpeakLocalNativeUITests-Runner[25014:7810790] [Default] Running tests...
    t =      nans Interface orientation changed to Portrait
Test Suite 'Selected tests' started at 2026-06-01 05:43:01.119.
Test Suite 'SpeakLocalNativeUITests.xctest' started at 2026-06-01 05:43:01.120.
Test Suite 'CityAppDetailV22RenderProofUITests' started at 2026-06-01 05:43:01.120.
Test Case '-[SpeakLocalNativeUITests.CityAppDetailV22RenderProofUITests testCaptureCityAppDetailV22RenderProofBatch]' started.
    t =     0.00s Start Test at 2026-06-01 05:43:01.120
    t =     0.02s Set Up
    t =     0.02s Open app.speaklocal.vietnam.native
    t =     0.02s     Launch app.speaklocal.vietnam.native
objc[25014]: Class UIAccessibilityLoaderWebShared is implemented in both /Library/Developer/CoreSimulator/Volumes/iOS_23F77/Library/Developer/CoreSimulator/Profiles/Runtimes/iOS 26.5.simruntime/Contents/Resources/RuntimeRoot/System/Library/AccessibilityBundles/WebCore.axbundle/WebCore (0x106884310) and /Library/Developer/CoreSimulator/Volumes/iOS_23F77/Library/Developer/CoreSimulator/Profiles/Runtimes/iOS 26.5.simruntime/Contents/Resources/RuntimeRoot/System/Library/AccessibilityBundles/WebKit.axbundle/WebKit (0x105fbc398). This may cause spurious casting failures and mysterious crashes. One of the duplicates must be removed or renamed.
    t =     1.90s         Setting up automation session
    t =     2.27s         Wait for app.speaklocal.vietnam.native to idle
    t =     3.81s Checking existence of `"Đảo An Hội" StaticText`
    t =     3.95s Waiting 8.0s for "Đảo An Hội" StaticText to exist
    t =     5.01s     Checking `Expect predicate `existsNoRetry == 1` for object "Đảo An Hội" StaticText`
    t =     5.01s         Checking existence of `"Đảo An Hội" StaticText`
    t =     5.17s Swipe up Target Application 'app.speaklocal.vietnam.native'
    t =     5.17s     Wait for app.speaklocal.vietnam.native to idle
    t =     5.18s     Find the Target Application 'app.speaklocal.vietnam.native'
    t =     5.19s     Check for interrupting elements affecting "SpeakLocal Vietnam" Application
    t =     5.21s     Synthesize event
    t =     5.63s     Wait for app.speaklocal.vietnam.native to idle
    t =     7.76s Swipe up Target Application 'app.speaklocal.vietnam.native'
    t =     7.76s     Wait for app.speaklocal.vietnam.native to idle
    t =     7.76s     Find the Target Application 'app.speaklocal.vietnam.native'
    t =     7.79s     Check for interrupting elements affecting "SpeakLocal Vietnam" Application
    t =     7.82s     Synthesize event
    t =     8.24s     Wait for app.speaklocal.vietnam.native to idle
    t =     9.13s Terminate app.speaklocal.vietnam.native:25028
    t =    10.22s Open app.speaklocal.vietnam.native
    t =    10.22s     Launch app.speaklocal.vietnam.native
    t =    10.44s         Setting up automation session
    t =    10.91s         Wait for app.speaklocal.vietnam.native to idle
    t =    12.37s Waiting 4.0s for TabBar (First Match) to exist
    t =    13.44s     Checking `Expect predicate `existsNoRetry == 1` for object TabBar (First Match)`
    t =    13.44s         Checking existence of `TabBar (First Match)`
    t =    13.50s Checking existence of `"PhraseArticle.BottomSentinel.viet-family-city-hoian-place-an-hoi-island" Other`
    t =    13.58s Checking existence of `"PhraseArticle.BottomSentinel.viet-phrase-city-hoian-place-an-hoi-island" Other`
    t =    13.60s Find the "PhraseArticle.BottomSentinel.viet-phrase-city-hoian-place-an-hoi-island" Other
    t =    13.63s Checking existence of `TabBar (First Match)`
    t =    13.63s Find the TabBar (First Match)
    t =    13.64s Find the Target Application 'app.speaklocal.vietnam.native'
    t =    13.74s Terminate app.speaklocal.vietnam.native:25182
    t =    14.83s Tear Down
Test Case '-[SpeakLocalNativeUITests.CityAppDetailV22RenderProofUITests testCaptureCityAppDetailV22RenderProofBatch]' passed (14.874 seconds).
Test Suite 'CityAppDetailV22RenderProofUITests' passed at 2026-06-01 05:43:15.994.
	 Executed 1 test, with 0 failures (0 unexpected) in 14.874 (14.875) seconds
Test Suite 'SpeakLocalNativeUITests.xctest' passed at 2026-06-01 05:43:15.995.
	 Executed 1 test, with 0 failures (0 unexpected) in 14.874 (14.876) seconds
Test Suite 'Selected tests' passed at 2026-06-01 05:43:15.996.
	 Executed 1 test, with 0 failures (0 unexpected) in 14.874 (14.877) seconds

Test session results, code coverage, and logs:
	/Users/jojolim/Library/Developer/XcodeBuildMCP/workspaces/orchestrator-309442864093/DerivedData/SpeakLocalNative-8f3e721625a0/Logs/Test/Test-SpeakLocalNative-2026.06.01_05-42-59-+0700.xcresult

** TEST EXECUTE SUCCEEDED **

Testing started

2026-06-01 05:43:01.179 xcodebuild[25008:7810588] [MT] IDELaunchParametersSnapshot: The operation couldn’t be completed. (DebuggerLLDB.DebuggerVersionStore.StoreError error 0.)
2026-06-01 05:43:01.179 xcodebuild[25008:7810588] [MT] IDELaunchParametersSnapshot: no debugger version
2026-06-01 05:43:11.345 xcodebuild[25008:7810588] [MT] IDELaunchParametersSnapshot: The operation couldn’t be completed. (DebuggerLLDB.DebuggerVersionStore.StoreError error 0.)
2026-06-01 05:43:11.345 xcodebuild[25008:7810588] [MT] IDELaunchParametersSnapshot: no debugger version
2026-06-01 05:43:16.301 xcodebuild[25008:7810588] [MT] IDETestOperationsObserverDebug: 16.360 elapsed -- Testing started completed.
2026-06-01 05:43:16.301 xcodebuild[25008:7810588] [MT] IDETestOperationsObserverDebug: 0.000 sec, +0.000 sec -- start
2026-06-01 05:43:16.301 xcodebuild[25008:7810588] [MT] IDETestOperationsObserverDebug: 16.360 sec, +16.360 sec -- end
