Command line invocation:
    /Applications/Xcode.app/Contents/Developer/usr/bin/xcodebuild test-without-building -project /Users/jojolim/Developer/products/speaklocal/app-family/.worktrees/city-listings-production-ready/native-ios/SpeakLocalNative.xcodeproj -scheme SpeakLocalNative -destination "platform=iOS Simulator,id=7C386DD3-4BF1-4A34-A918-768C43CD1258" -derivedDataPath /Users/jojolim/Library/Developer/XcodeBuildMCP/workspaces/orchestrator-309442864093/DerivedData/SpeakLocalNative-8f3e721625a0 "-only-testing:SpeakLocalNativeUITests/CityAppDetailV22RenderProofUITests/testCaptureCityAppDetailV22RenderProofBatch"

2026-06-01 08:03:34.037826+0700 SpeakLocalNativeUITests-Runner[7046:8416598] [Default] Running tests...
    t =      nans Interface orientation changed to Portrait
Test Suite 'Selected tests' started at 2026-06-01 08:03:34.421.
Test Suite 'SpeakLocalNativeUITests.xctest' started at 2026-06-01 08:03:34.421.
Test Suite 'CityAppDetailV22RenderProofUITests' started at 2026-06-01 08:03:34.421.
Test Case '-[SpeakLocalNativeUITests.CityAppDetailV22RenderProofUITests testCaptureCityAppDetailV22RenderProofBatch]' started.
    t =     0.00s Start Test at 2026-06-01 08:03:34.422
    t =     0.02s Set Up
    t =     0.02s Open app.speaklocal.vietnam.native
    t =     0.02s     Launch app.speaklocal.vietnam.native
objc[7046]: Class UIAccessibilityLoaderWebShared is implemented in both /Library/Developer/CoreSimulator/Volumes/iOS_23F77/Library/Developer/CoreSimulator/Profiles/Runtimes/iOS 26.5.simruntime/Contents/Resources/RuntimeRoot/System/Library/AccessibilityBundles/WebCore.axbundle/WebCore (0x105fbc310) and /Library/Developer/CoreSimulator/Volumes/iOS_23F77/Library/Developer/CoreSimulator/Profiles/Runtimes/iOS 26.5.simruntime/Contents/Resources/RuntimeRoot/System/Library/AccessibilityBundles/WebKit.axbundle/WebKit (0x106448398). This may cause spurious casting failures and mysterious crashes. One of the duplicates must be removed or renamed.
    t =     1.98s         Setting up automation session
    t =     2.37s         Wait for app.speaklocal.vietnam.native to idle
    t =     3.83s Checking existence of `"Saigon Skydeck" StaticText`
    t =     3.96s Waiting 8.0s for "Saigon Skydeck" StaticText to exist
    t =     5.01s     Checking `Expect predicate `existsNoRetry == 1` for object "Saigon Skydeck" StaticText`
    t =     5.01s         Checking existence of `"Saigon Skydeck" StaticText`
    t =     5.16s Swipe up Target Application 'app.speaklocal.vietnam.native'
    t =     5.16s     Wait for app.speaklocal.vietnam.native to idle
    t =     5.16s     Find the Target Application 'app.speaklocal.vietnam.native'
    t =     5.18s     Check for interrupting elements affecting "SpeakLocal Vietnam" Application
    t =     5.19s     Synthesize event
    t =     5.61s     Wait for app.speaklocal.vietnam.native to idle
    t =     7.73s Swipe up Target Application 'app.speaklocal.vietnam.native'
    t =     7.73s     Wait for app.speaklocal.vietnam.native to idle
    t =     7.73s     Find the Target Application 'app.speaklocal.vietnam.native'
    t =     7.76s     Check for interrupting elements affecting "SpeakLocal Vietnam" Application
    t =     7.78s     Synthesize event
    t =     8.21s     Wait for app.speaklocal.vietnam.native to idle
    t =     9.12s Terminate app.speaklocal.vietnam.native:7060
    t =    10.16s Open app.speaklocal.vietnam.native
    t =    10.16s     Launch app.speaklocal.vietnam.native
    t =    10.38s         Setting up automation session
    t =    10.86s         Wait for app.speaklocal.vietnam.native to idle
    t =    12.30s Waiting 4.0s for TabBar (First Match) to exist
    t =    13.32s     Checking `Expect predicate `existsNoRetry == 1` for object TabBar (First Match)`
    t =    13.33s         Checking existence of `TabBar (First Match)`
    t =    13.38s Checking existence of `"PhraseArticle.BottomSentinel.viet-family-city-hcmc-place-saigon-skydeck" Other`
    t =    13.46s Checking existence of `"PhraseArticle.BottomSentinel.viet-phrase-city-hcmc-place-saigon-skydeck" Other`
    t =    13.48s Find the "PhraseArticle.BottomSentinel.viet-phrase-city-hcmc-place-saigon-skydeck" Other
    t =    13.51s Checking existence of `TabBar (First Match)`
    t =    13.51s Find the TabBar (First Match)
    t =    13.52s Find the Target Application 'app.speaklocal.vietnam.native'
    t =    13.62s Terminate app.speaklocal.vietnam.native:7092
    t =    14.68s Tear Down
Test Case '-[SpeakLocalNativeUITests.CityAppDetailV22RenderProofUITests testCaptureCityAppDetailV22RenderProofBatch]' passed (14.765 seconds).
Test Suite 'CityAppDetailV22RenderProofUITests' passed at 2026-06-01 08:03:49.188.
	 Executed 1 test, with 0 failures (0 unexpected) in 14.765 (14.767) seconds
Test Suite 'SpeakLocalNativeUITests.xctest' passed at 2026-06-01 08:03:49.189.
	 Executed 1 test, with 0 failures (0 unexpected) in 14.765 (14.767) seconds
Test Suite 'Selected tests' passed at 2026-06-01 08:03:49.190.
	 Executed 1 test, with 0 failures (0 unexpected) in 14.765 (14.768) seconds

Test session results, code coverage, and logs:
	/Users/jojolim/Library/Developer/XcodeBuildMCP/workspaces/orchestrator-309442864093/DerivedData/SpeakLocalNative-8f3e721625a0/Logs/Test/Test-SpeakLocalNative-2026.06.01_08-03-33-+0700.xcresult

** TEST EXECUTE SUCCEEDED **

Testing started

2026-06-01 08:03:34.465 xcodebuild[7042:8416420] [MT] IDELaunchParametersSnapshot: The operation couldn’t be completed. (DebuggerLLDB.DebuggerVersionStore.StoreError error 0.)
2026-06-01 08:03:34.465 xcodebuild[7042:8416420] [MT] IDELaunchParametersSnapshot: no debugger version
2026-06-01 08:03:44.586 xcodebuild[7042:8416420] [MT] IDELaunchParametersSnapshot: The operation couldn’t be completed. (DebuggerLLDB.DebuggerVersionStore.StoreError error 0.)
2026-06-01 08:03:44.586 xcodebuild[7042:8416420] [MT] IDELaunchParametersSnapshot: no debugger version
2026-06-01 08:03:49.491 xcodebuild[7042:8416420] [MT] IDETestOperationsObserverDebug: 16.310 elapsed -- Testing started completed.
2026-06-01 08:03:49.491 xcodebuild[7042:8416420] [MT] IDETestOperationsObserverDebug: 0.000 sec, +0.000 sec -- start
2026-06-01 08:03:49.491 xcodebuild[7042:8416420] [MT] IDETestOperationsObserverDebug: 16.310 sec, +16.310 sec -- end
