Command line invocation:
    /Applications/Xcode.app/Contents/Developer/usr/bin/xcodebuild test-without-building -project /Users/jojolim/Developer/products/speaklocal/app-family/.worktrees/city-listings-production-ready/native-ios/SpeakLocalNative.xcodeproj -scheme SpeakLocalNative -destination "platform=iOS Simulator,id=7C386DD3-4BF1-4A34-A918-768C43CD1258" -derivedDataPath /Users/jojolim/Library/Developer/XcodeBuildMCP/workspaces/orchestrator-309442864093/DerivedData/SpeakLocalNative-8f3e721625a0 "-only-testing:SpeakLocalNativeUITests/CityAppDetailV22RenderProofUITests/testCaptureCityAppDetailV22RenderProofBatch"

2026-06-01 07:17:45.199102+0700 SpeakLocalNativeUITests-Runner[51277:8229842] [Default] Running tests...
    t =      nans Interface orientation changed to Portrait
Test Suite 'Selected tests' started at 2026-06-01 07:17:45.570.
Test Suite 'SpeakLocalNativeUITests.xctest' started at 2026-06-01 07:17:45.570.
Test Suite 'CityAppDetailV22RenderProofUITests' started at 2026-06-01 07:17:45.570.
Test Case '-[SpeakLocalNativeUITests.CityAppDetailV22RenderProofUITests testCaptureCityAppDetailV22RenderProofBatch]' started.
    t =     0.00s Start Test at 2026-06-01 07:17:45.570
    t =     0.02s Set Up
    t =     0.02s Open app.speaklocal.vietnam.native
    t =     0.02s     Launch app.speaklocal.vietnam.native
objc[51277]: Class UIAccessibilityLoaderWebShared is implemented in both /Library/Developer/CoreSimulator/Volumes/iOS_23F77/Library/Developer/CoreSimulator/Profiles/Runtimes/iOS 26.5.simruntime/Contents/Resources/RuntimeRoot/System/Library/AccessibilityBundles/WebCore.axbundle/WebCore (0x108650310) and /Library/Developer/CoreSimulator/Volumes/iOS_23F77/Library/Developer/CoreSimulator/Profiles/Runtimes/iOS 26.5.simruntime/Contents/Resources/RuntimeRoot/System/Library/AccessibilityBundles/WebKit.axbundle/WebKit (0x107eb8398). This may cause spurious casting failures and mysterious crashes. One of the duplicates must be removed or renamed.
    t =     1.89s         Setting up automation session
    t =     2.35s         Wait for app.speaklocal.vietnam.native to idle
    t =     3.82s Checking existence of `"Xôi xéo ở Hà Nội" StaticText`
    t =     3.96s Waiting 8.0s for "Xôi xéo ở Hà Nội" StaticText to exist
    t =     5.00s     Checking `Expect predicate `existsNoRetry == 1` for object "Xôi xéo ở Hà Nội" StaticText`
    t =     5.01s         Checking existence of `"Xôi xéo ở Hà Nội" StaticText`
    t =     5.16s Swipe up Target Application 'app.speaklocal.vietnam.native'
    t =     5.16s     Wait for app.speaklocal.vietnam.native to idle
    t =     5.16s     Find the Target Application 'app.speaklocal.vietnam.native'
    t =     5.18s     Check for interrupting elements affecting "SpeakLocal Vietnam" Application
    t =     5.20s     Synthesize event
    t =     5.61s     Wait for app.speaklocal.vietnam.native to idle
    t =     7.72s Swipe up Target Application 'app.speaklocal.vietnam.native'
    t =     7.72s     Wait for app.speaklocal.vietnam.native to idle
    t =     7.72s     Find the Target Application 'app.speaklocal.vietnam.native'
    t =     7.74s     Check for interrupting elements affecting "SpeakLocal Vietnam" Application
    t =     7.77s     Synthesize event
    t =     8.19s     Wait for app.speaklocal.vietnam.native to idle
    t =     8.90s Terminate app.speaklocal.vietnam.native:51352
    t =     9.96s Open app.speaklocal.vietnam.native
    t =     9.96s     Launch app.speaklocal.vietnam.native
    t =    10.17s         Setting up automation session
    t =    10.64s         Wait for app.speaklocal.vietnam.native to idle
    t =    12.09s Waiting 4.0s for TabBar (First Match) to exist
    t =    13.11s     Checking `Expect predicate `existsNoRetry == 1` for object TabBar (First Match)`
    t =    13.11s         Checking existence of `TabBar (First Match)`
    t =    13.17s Checking existence of `"PhraseArticle.BottomSentinel.viet-family-city-hanoi-place-xoi-xeo" Other`
    t =    13.25s Checking existence of `"PhraseArticle.BottomSentinel.viet-phrase-city-hanoi-place-xoi-xeo" Other`
    t =    13.27s Find the "PhraseArticle.BottomSentinel.viet-phrase-city-hanoi-place-xoi-xeo" Other
    t =    13.29s Checking existence of `TabBar (First Match)`
    t =    13.30s Find the TabBar (First Match)
    t =    13.31s Find the Target Application 'app.speaklocal.vietnam.native'
    t =    13.40s Terminate app.speaklocal.vietnam.native:51442
    t =    14.47s Tear Down
Test Case '-[SpeakLocalNativeUITests.CityAppDetailV22RenderProofUITests testCaptureCityAppDetailV22RenderProofBatch]' passed (14.508 seconds).
Test Suite 'CityAppDetailV22RenderProofUITests' passed at 2026-06-01 07:18:00.078.
	 Executed 1 test, with 0 failures (0 unexpected) in 14.508 (14.508) seconds
Test Suite 'SpeakLocalNativeUITests.xctest' passed at 2026-06-01 07:18:00.080.
	 Executed 1 test, with 0 failures (0 unexpected) in 14.508 (14.510) seconds
Test Suite 'Selected tests' passed at 2026-06-01 07:18:00.081.
	 Executed 1 test, with 0 failures (0 unexpected) in 14.508 (14.511) seconds

Test session results, code coverage, and logs:
	/Users/jojolim/Library/Developer/XcodeBuildMCP/workspaces/orchestrator-309442864093/DerivedData/SpeakLocalNative-8f3e721625a0/Logs/Test/Test-SpeakLocalNative-2026.06.01_07-17-44-+0700.xcresult

** TEST EXECUTE SUCCEEDED **

Testing started

2026-06-01 07:17:45.627 xcodebuild[51266:8229646] [MT] IDELaunchParametersSnapshot: The operation couldn’t be completed. (DebuggerLLDB.DebuggerVersionStore.StoreError error 0.)
2026-06-01 07:17:45.627 xcodebuild[51266:8229646] [MT] IDELaunchParametersSnapshot: no debugger version
2026-06-01 07:17:55.529 xcodebuild[51266:8229646] [MT] IDELaunchParametersSnapshot: The operation couldn’t be completed. (DebuggerLLDB.DebuggerVersionStore.StoreError error 0.)
2026-06-01 07:17:55.529 xcodebuild[51266:8229646] [MT] IDELaunchParametersSnapshot: no debugger version
2026-06-01 07:18:00.379 xcodebuild[51266:8229646] [MT] IDETestOperationsObserverDebug: 15.981 elapsed -- Testing started completed.
2026-06-01 07:18:00.379 xcodebuild[51266:8229646] [MT] IDETestOperationsObserverDebug: 0.000 sec, +0.000 sec -- start
2026-06-01 07:18:00.379 xcodebuild[51266:8229646] [MT] IDETestOperationsObserverDebug: 15.981 sec, +15.981 sec -- end
