Command line invocation:
    /Applications/Xcode.app/Contents/Developer/usr/bin/xcodebuild test-without-building -project /Users/jojolim/Developer/products/speaklocal/app-family/.worktrees/city-listings-production-ready/native-ios/SpeakLocalNative.xcodeproj -scheme SpeakLocalNative -destination "platform=iOS Simulator,id=7C386DD3-4BF1-4A34-A918-768C43CD1258" -derivedDataPath /Users/jojolim/Library/Developer/XcodeBuildMCP/workspaces/orchestrator-309442864093/DerivedData/SpeakLocalNative-8f3e721625a0 "-only-testing:SpeakLocalNativeUITests/CityAppDetailV22RenderProofUITests/testCaptureCityAppDetailV22RenderProofBatch"

2026-06-01 07:19:44.141249+0700 SpeakLocalNativeUITests-Runner[53313:8239257] [Default] Running tests...
    t =      nans Interface orientation changed to Portrait
Test Suite 'Selected tests' started at 2026-06-01 07:19:44.507.
Test Suite 'SpeakLocalNativeUITests.xctest' started at 2026-06-01 07:19:44.507.
Test Suite 'CityAppDetailV22RenderProofUITests' started at 2026-06-01 07:19:44.507.
Test Case '-[SpeakLocalNativeUITests.CityAppDetailV22RenderProofUITests testCaptureCityAppDetailV22RenderProofBatch]' started.
    t =     0.00s Start Test at 2026-06-01 07:19:44.507
    t =     0.02s Set Up
    t =     0.02s Open app.speaklocal.vietnam.native
    t =     0.02s     Launch app.speaklocal.vietnam.native
objc[53313]: Class UIAccessibilityLoaderWebShared is implemented in both /Library/Developer/CoreSimulator/Volumes/iOS_23F77/Library/Developer/CoreSimulator/Profiles/Runtimes/iOS 26.5.simruntime/Contents/Resources/RuntimeRoot/System/Library/AccessibilityBundles/WebCore.axbundle/WebCore (0x107bc0310) and /Library/Developer/CoreSimulator/Volumes/iOS_23F77/Library/Developer/CoreSimulator/Profiles/Runtimes/iOS 26.5.simruntime/Contents/Resources/RuntimeRoot/System/Library/AccessibilityBundles/WebKit.axbundle/WebKit (0x107a00398). This may cause spurious casting failures and mysterious crashes. One of the duplicates must be removed or renamed.
    t =     1.90s         Setting up automation session
    t =     2.52s         Wait for app.speaklocal.vietnam.native to idle
    t =     4.02s Checking existence of `"Bột chiên ở Thành phố Hồ Chí Minh" StaticText`
    t =     4.17s Waiting 8.0s for "Bột chiên ở Thành phố Hồ Chí Minh" StaticText to exist
    t =     5.21s     Checking `Expect predicate `existsNoRetry == 1` for object "Bột chiên ở Thành phố Hồ Chí Minh" StaticText`
    t =     5.21s         Checking existence of `"Bột chiên ở Thành phố Hồ Chí Minh" StaticText`
    t =     5.38s Swipe up Target Application 'app.speaklocal.vietnam.native'
    t =     5.38s     Wait for app.speaklocal.vietnam.native to idle
    t =     5.38s     Find the Target Application 'app.speaklocal.vietnam.native'
    t =     5.39s     Check for interrupting elements affecting "SpeakLocal Vietnam" Application
    t =     5.41s     Synthesize event
    t =     5.83s     Wait for app.speaklocal.vietnam.native to idle
    t =     7.93s Swipe up Target Application 'app.speaklocal.vietnam.native'
    t =     7.93s     Wait for app.speaklocal.vietnam.native to idle
    t =     7.94s     Find the Target Application 'app.speaklocal.vietnam.native'
    t =     7.96s     Check for interrupting elements affecting "SpeakLocal Vietnam" Application
    t =     7.98s     Synthesize event
    t =     8.40s     Wait for app.speaklocal.vietnam.native to idle
    t =     9.10s Terminate app.speaklocal.vietnam.native:53392
    t =    10.17s Open app.speaklocal.vietnam.native
    t =    10.17s     Launch app.speaklocal.vietnam.native
    t =    10.38s         Setting up automation session
    t =    10.87s         Wait for app.speaklocal.vietnam.native to idle
    t =    12.33s Waiting 4.0s for TabBar (First Match) to exist
    t =    13.38s     Checking `Expect predicate `existsNoRetry == 1` for object TabBar (First Match)`
    t =    13.38s         Checking existence of `TabBar (First Match)`
    t =    13.44s Checking existence of `"PhraseArticle.BottomSentinel.viet-family-city-hcmc-place-bot-chien" Other`
    t =    13.52s Checking existence of `"PhraseArticle.BottomSentinel.viet-phrase-city-hcmc-place-bot-chien" Other`
    t =    13.54s Find the "PhraseArticle.BottomSentinel.viet-phrase-city-hcmc-place-bot-chien" Other
    t =    13.56s Checking existence of `TabBar (First Match)`
    t =    13.57s Find the TabBar (First Match)
    t =    13.58s Find the Target Application 'app.speaklocal.vietnam.native'
    t =    13.66s Terminate app.speaklocal.vietnam.native:53483
    t =    14.76s Tear Down
Test Case '-[SpeakLocalNativeUITests.CityAppDetailV22RenderProofUITests testCaptureCityAppDetailV22RenderProofBatch]' passed (14.820 seconds).
Test Suite 'CityAppDetailV22RenderProofUITests' passed at 2026-06-01 07:19:59.329.
	 Executed 1 test, with 0 failures (0 unexpected) in 14.820 (14.822) seconds
Test Suite 'SpeakLocalNativeUITests.xctest' passed at 2026-06-01 07:19:59.329.
	 Executed 1 test, with 0 failures (0 unexpected) in 14.820 (14.822) seconds
Test Suite 'Selected tests' passed at 2026-06-01 07:19:59.330.
	 Executed 1 test, with 0 failures (0 unexpected) in 14.820 (14.823) seconds

Test session results, code coverage, and logs:
	/Users/jojolim/Library/Developer/XcodeBuildMCP/workspaces/orchestrator-309442864093/DerivedData/SpeakLocalNative-8f3e721625a0/Logs/Test/Test-SpeakLocalNative-2026.06.01_07-19-43-+0700.xcresult

** TEST EXECUTE SUCCEEDED **

Testing started

2026-06-01 07:19:44.570 xcodebuild[53304:8239074] [MT] IDELaunchParametersSnapshot: The operation couldn’t be completed. (DebuggerLLDB.DebuggerVersionStore.StoreError error 0.)
2026-06-01 07:19:44.570 xcodebuild[53304:8239074] [MT] IDELaunchParametersSnapshot: no debugger version
2026-06-01 07:19:54.682 xcodebuild[53304:8239074] [MT] IDELaunchParametersSnapshot: The operation couldn’t be completed. (DebuggerLLDB.DebuggerVersionStore.StoreError error 0.)
2026-06-01 07:19:54.682 xcodebuild[53304:8239074] [MT] IDELaunchParametersSnapshot: no debugger version
2026-06-01 07:19:59.631 xcodebuild[53304:8239074] [MT] IDETestOperationsObserverDebug: 16.283 elapsed -- Testing started completed.
2026-06-01 07:19:59.631 xcodebuild[53304:8239074] [MT] IDETestOperationsObserverDebug: 0.000 sec, +0.000 sec -- start
2026-06-01 07:19:59.631 xcodebuild[53304:8239074] [MT] IDETestOperationsObserverDebug: 16.283 sec, +16.283 sec -- end
