Command line invocation:
    /Applications/Xcode.app/Contents/Developer/usr/bin/xcodebuild test-without-building -project /Users/jojolim/Developer/products/speaklocal/app-family/.worktrees/city-listings-production-ready/native-ios/SpeakLocalNative.xcodeproj -scheme SpeakLocalNative -destination "platform=iOS Simulator,id=7C386DD3-4BF1-4A34-A918-768C43CD1258" -derivedDataPath /Users/jojolim/Library/Developer/XcodeBuildMCP/workspaces/orchestrator-309442864093/DerivedData/SpeakLocalNative-8f3e721625a0 "-only-testing:SpeakLocalNativeUITests/CityAppDetailV22RenderProofUITests/testCaptureCityAppDetailV22RenderProofBatch"

2026-06-01 05:56:49.335959+0700 SpeakLocalNativeUITests-Runner[38163:7865392] [Default] Running tests...
    t =      nans Interface orientation changed to Portrait
Test Suite 'Selected tests' started at 2026-06-01 05:56:49.703.
Test Suite 'SpeakLocalNativeUITests.xctest' started at 2026-06-01 05:56:49.703.
Test Suite 'CityAppDetailV22RenderProofUITests' started at 2026-06-01 05:56:49.703.
Test Case '-[SpeakLocalNativeUITests.CityAppDetailV22RenderProofUITests testCaptureCityAppDetailV22RenderProofBatch]' started.
    t =     0.00s Start Test at 2026-06-01 05:56:49.703
    t =     0.02s Set Up
    t =     0.02s Open app.speaklocal.vietnam.native
    t =     0.02s     Launch app.speaklocal.vietnam.native
objc[38163]: Class UIAccessibilityLoaderWebShared is implemented in both /Library/Developer/CoreSimulator/Volumes/iOS_23F77/Library/Developer/CoreSimulator/Profiles/Runtimes/iOS 26.5.simruntime/Contents/Resources/RuntimeRoot/System/Library/AccessibilityBundles/WebCore.axbundle/WebCore (0x10a0d4310) and /Library/Developer/CoreSimulator/Volumes/iOS_23F77/Library/Developer/CoreSimulator/Profiles/Runtimes/iOS 26.5.simruntime/Contents/Resources/RuntimeRoot/System/Library/AccessibilityBundles/WebKit.axbundle/WebKit (0x1098a4398). This may cause spurious casting failures and mysterious crashes. One of the duplicates must be removed or renamed.
    t =     1.69s         Setting up automation session
    t =     2.24s         Wait for app.speaklocal.vietnam.native to idle
    t =     3.74s Checking existence of `"Biển Thanh Bình" StaticText`
    t =     3.90s Waiting 8.0s for "Biển Thanh Bình" StaticText to exist
    t =     4.96s     Checking `Expect predicate `existsNoRetry == 1` for object "Biển Thanh Bình" StaticText`
    t =     4.96s         Checking existence of `"Biển Thanh Bình" StaticText`
    t =     5.08s Swipe up Target Application 'app.speaklocal.vietnam.native'
    t =     5.08s     Wait for app.speaklocal.vietnam.native to idle
    t =     5.09s     Find the Target Application 'app.speaklocal.vietnam.native'
    t =     5.10s     Check for interrupting elements affecting "SpeakLocal Vietnam" Application
    t =     5.12s     Synthesize event
    t =     5.53s     Wait for app.speaklocal.vietnam.native to idle
    t =     7.64s Swipe up Target Application 'app.speaklocal.vietnam.native'
    t =     7.64s     Wait for app.speaklocal.vietnam.native to idle
    t =     7.64s     Find the Target Application 'app.speaklocal.vietnam.native'
    t =     7.66s     Check for interrupting elements affecting "SpeakLocal Vietnam" Application
    t =     7.68s     Synthesize event
    t =     8.11s     Wait for app.speaklocal.vietnam.native to idle
    t =     8.92s Terminate app.speaklocal.vietnam.native:38198
    t =    10.02s Open app.speaklocal.vietnam.native
    t =    10.02s     Launch app.speaklocal.vietnam.native
    t =    10.22s         Setting up automation session
    t =    10.68s         Wait for app.speaklocal.vietnam.native to idle
    t =    12.16s Waiting 4.0s for TabBar (First Match) to exist
    t =    13.24s     Checking `Expect predicate `existsNoRetry == 1` for object TabBar (First Match)`
    t =    13.24s         Checking existence of `TabBar (First Match)`
    t =    13.30s Checking existence of `"PhraseArticle.BottomSentinel.viet-family-city-danang-place-thanh-binh-beach" Other`
    t =    13.38s Checking existence of `"PhraseArticle.BottomSentinel.viet-phrase-city-danang-place-thanh-binh-beach" Other`
    t =    13.40s Find the "PhraseArticle.BottomSentinel.viet-phrase-city-danang-place-thanh-binh-beach" Other
    t =    13.42s Checking existence of `TabBar (First Match)`
    t =    13.42s Find the TabBar (First Match)
    t =    13.43s Find the Target Application 'app.speaklocal.vietnam.native'
    t =    13.52s Terminate app.speaklocal.vietnam.native:38330
    t =    14.62s Tear Down
Test Case '-[SpeakLocalNativeUITests.CityAppDetailV22RenderProofUITests testCaptureCityAppDetailV22RenderProofBatch]' passed (14.665 seconds).
Test Suite 'CityAppDetailV22RenderProofUITests' passed at 2026-06-01 05:57:04.369.
	 Executed 1 test, with 0 failures (0 unexpected) in 14.665 (14.666) seconds
Test Suite 'SpeakLocalNativeUITests.xctest' passed at 2026-06-01 05:57:04.370.
	 Executed 1 test, with 0 failures (0 unexpected) in 14.665 (14.667) seconds
Test Suite 'Selected tests' passed at 2026-06-01 05:57:04.370.
	 Executed 1 test, with 0 failures (0 unexpected) in 14.665 (14.667) seconds

Test session results, code coverage, and logs:
	/Users/jojolim/Library/Developer/XcodeBuildMCP/workspaces/orchestrator-309442864093/DerivedData/SpeakLocalNative-8f3e721625a0/Logs/Test/Test-SpeakLocalNative-2026.06.01_05-56-48-+0700.xcresult

** TEST EXECUTE SUCCEEDED **

Testing started

2026-06-01 05:56:49.763 xcodebuild[38159:7865213] [MT] IDELaunchParametersSnapshot: The operation couldn’t be completed. (DebuggerLLDB.DebuggerVersionStore.StoreError error 0.)
2026-06-01 05:56:49.763 xcodebuild[38159:7865213] [MT] IDELaunchParametersSnapshot: no debugger version
2026-06-01 05:56:59.722 xcodebuild[38159:7865213] [MT] IDELaunchParametersSnapshot: The operation couldn’t be completed. (DebuggerLLDB.DebuggerVersionStore.StoreError error 0.)
2026-06-01 05:56:59.722 xcodebuild[38159:7865213] [MT] IDELaunchParametersSnapshot: no debugger version
2026-06-01 05:57:04.668 xcodebuild[38159:7865213] [MT] IDETestOperationsObserverDebug: 16.132 elapsed -- Testing started completed.
2026-06-01 05:57:04.668 xcodebuild[38159:7865213] [MT] IDETestOperationsObserverDebug: 0.000 sec, +0.000 sec -- start
2026-06-01 05:57:04.669 xcodebuild[38159:7865213] [MT] IDETestOperationsObserverDebug: 16.132 sec, +16.132 sec -- end
