Command line invocation:
    /Applications/Xcode.app/Contents/Developer/usr/bin/xcodebuild test-without-building -project /Users/jojolim/Developer/products/speaklocal/app-family/.worktrees/city-listings-production-ready/native-ios/SpeakLocalNative.xcodeproj -scheme SpeakLocalNative -destination "platform=iOS Simulator,id=7C386DD3-4BF1-4A34-A918-768C43CD1258" -derivedDataPath /Users/jojolim/Library/Developer/XcodeBuildMCP/workspaces/orchestrator-309442864093/DerivedData/SpeakLocalNative-8f3e721625a0 "-only-testing:SpeakLocalNativeUITests/CityAppDetailV22RenderProofUITests/testCaptureCityAppDetailV22RenderProofBatch"

2026-06-01 02:52:36.208532+0700 SpeakLocalNativeUITests-Runner[11637:7119722] [Default] Running tests...
    t =      nans Interface orientation changed to Portrait
Test Suite 'Selected tests' started at 2026-06-01 02:52:36.725.
Test Suite 'SpeakLocalNativeUITests.xctest' started at 2026-06-01 02:52:36.726.
Test Suite 'CityAppDetailV22RenderProofUITests' started at 2026-06-01 02:52:36.726.
Test Case '-[SpeakLocalNativeUITests.CityAppDetailV22RenderProofUITests testCaptureCityAppDetailV22RenderProofBatch]' started.
    t =     0.00s Start Test at 2026-06-01 02:52:36.727
    t =     0.02s Set Up
    t =     0.02s Open app.speaklocal.vietnam.native
    t =     0.02s     Launch app.speaklocal.vietnam.native
objc[11637]: Class UIAccessibilityLoaderWebShared is implemented in both /Library/Developer/CoreSimulator/Volumes/iOS_23F77/Library/Developer/CoreSimulator/Profiles/Runtimes/iOS 26.5.simruntime/Contents/Resources/RuntimeRoot/System/Library/AccessibilityBundles/WebCore.axbundle/WebCore (0x10a37c310) and /Library/Developer/CoreSimulator/Volumes/iOS_23F77/Library/Developer/CoreSimulator/Profiles/Runtimes/iOS 26.5.simruntime/Contents/Resources/RuntimeRoot/System/Library/AccessibilityBundles/WebKit.axbundle/WebKit (0x109bcc398). This may cause spurious casting failures and mysterious crashes. One of the duplicates must be removed or renamed.
    t =     2.72s         Setting up automation session
    t =     3.53s         Wait for app.speaklocal.vietnam.native to idle
    t =     5.36s Checking existence of `"Phở Lệ" StaticText`
    t =     5.61s Waiting 8.0s for "Phở Lệ" StaticText to exist
    t =     6.68s     Checking `Expect predicate `existsNoRetry == 1` for object "Phở Lệ" StaticText`
    t =     6.68s         Checking existence of `"Phở Lệ" StaticText`
    t =     6.82s Swipe up Target Application 'app.speaklocal.vietnam.native'
    t =     6.82s     Wait for app.speaklocal.vietnam.native to idle
    t =     6.82s     Find the Target Application 'app.speaklocal.vietnam.native'
    t =     6.85s     Check for interrupting elements affecting "SpeakLocal Vietnam" Application
    t =     6.87s     Synthesize event
    t =     7.29s     Wait for app.speaklocal.vietnam.native to idle
    t =     9.40s Swipe up Target Application 'app.speaklocal.vietnam.native'
    t =     9.40s     Wait for app.speaklocal.vietnam.native to idle
    t =     9.40s     Find the Target Application 'app.speaklocal.vietnam.native'
    t =     9.42s     Check for interrupting elements affecting "SpeakLocal Vietnam" Application
    t =     9.46s     Synthesize event
    t =     9.88s     Wait for app.speaklocal.vietnam.native to idle
    t =    12.11s Terminate app.speaklocal.vietnam.native:11715
    t =    13.19s Open app.speaklocal.vietnam.native
    t =    13.19s     Launch app.speaklocal.vietnam.native
    t =    13.41s         Setting up automation session
    t =    14.03s         Wait for app.speaklocal.vietnam.native to idle
    t =    15.85s Waiting 4.0s for TabBar (First Match) to exist
    t =    16.93s     Checking `Expect predicate `existsNoRetry == 1` for object TabBar (First Match)`
    t =    16.93s         Checking existence of `TabBar (First Match)`
    t =    16.98s Checking existence of `"PhraseArticle.BottomSentinel.viet-family-city-hcmc-place-pho-le-district-5" Other`
    t =    17.10s Checking existence of `"PhraseArticle.BottomSentinel.viet-phrase-city-hcmc-place-pho-le-district-5" Other`
    t =    17.12s Find the "PhraseArticle.BottomSentinel.viet-phrase-city-hcmc-place-pho-le-district-5" Other
    t =    17.16s Checking existence of `TabBar (First Match)`
    t =    17.16s Find the TabBar (First Match)
    t =    17.18s Find the Target Application 'app.speaklocal.vietnam.native'
    t =    17.31s Terminate app.speaklocal.vietnam.native:11810
    t =    18.40s Tear Down
Test Case '-[SpeakLocalNativeUITests.CityAppDetailV22RenderProofUITests testCaptureCityAppDetailV22RenderProofBatch]' passed (18.463 seconds).
Test Suite 'CityAppDetailV22RenderProofUITests' passed at 2026-06-01 02:52:55.190.
	 Executed 1 test, with 0 failures (0 unexpected) in 18.463 (18.464) seconds
Test Suite 'SpeakLocalNativeUITests.xctest' passed at 2026-06-01 02:52:55.190.
	 Executed 1 test, with 0 failures (0 unexpected) in 18.463 (18.464) seconds
Test Suite 'Selected tests' passed at 2026-06-01 02:52:55.191.
	 Executed 1 test, with 0 failures (0 unexpected) in 18.463 (18.465) seconds

Test session results, code coverage, and logs:
	/Users/jojolim/Library/Developer/XcodeBuildMCP/workspaces/orchestrator-309442864093/DerivedData/SpeakLocalNative-8f3e721625a0/Logs/Test/Test-SpeakLocalNative-2026.06.01_02-52-34-+0700.xcresult

** TEST EXECUTE SUCCEEDED **

Testing started

2026-06-01 02:52:36.783 xcodebuild[11619:7119511] [MT] IDELaunchParametersSnapshot: The operation couldn’t be completed. (DebuggerLLDB.DebuggerVersionStore.StoreError error 0.)
2026-06-01 02:52:36.783 xcodebuild[11619:7119511] [MT] IDELaunchParametersSnapshot: no debugger version
2026-06-01 02:52:49.922 xcodebuild[11619:7119511] [MT] IDELaunchParametersSnapshot: The operation couldn’t be completed. (DebuggerLLDB.DebuggerVersionStore.StoreError error 0.)
2026-06-01 02:52:49.922 xcodebuild[11619:7119511] [MT] IDELaunchParametersSnapshot: no debugger version
2026-06-01 02:52:55.481 xcodebuild[11619:7119511] [MT] IDETestOperationsObserverDebug: 20.467 elapsed -- Testing started completed.
2026-06-01 02:52:55.481 xcodebuild[11619:7119511] [MT] IDETestOperationsObserverDebug: 0.000 sec, +0.000 sec -- start
2026-06-01 02:52:55.481 xcodebuild[11619:7119511] [MT] IDETestOperationsObserverDebug: 20.467 sec, +20.467 sec -- end
