Command line invocation:
    /Applications/Xcode.app/Contents/Developer/usr/bin/xcodebuild test-without-building -project /Users/jojolim/Developer/products/speaklocal/app-family/.worktrees/city-listings-production-ready/native-ios/SpeakLocalNative.xcodeproj -scheme SpeakLocalNative -destination "platform=iOS Simulator,id=7C386DD3-4BF1-4A34-A918-768C43CD1258" -derivedDataPath /Users/jojolim/Library/Developer/XcodeBuildMCP/workspaces/orchestrator-309442864093/DerivedData/SpeakLocalNative-8f3e721625a0 "-only-testing:SpeakLocalNativeUITests/CityAppDetailV22RenderProofUITests/testCaptureCityAppDetailV22RenderProofBatch"

2026-06-01 08:21:00.205038+0700 SpeakLocalNativeUITests-Runner[27392:8480865] [Default] Running tests...
    t =      nans Interface orientation changed to Portrait
Test Suite 'Selected tests' started at 2026-06-01 08:21:00.579.
Test Suite 'SpeakLocalNativeUITests.xctest' started at 2026-06-01 08:21:00.580.
Test Suite 'CityAppDetailV22RenderProofUITests' started at 2026-06-01 08:21:00.580.
Test Case '-[SpeakLocalNativeUITests.CityAppDetailV22RenderProofUITests testCaptureCityAppDetailV22RenderProofBatch]' started.
    t =     0.00s Start Test at 2026-06-01 08:21:00.580
    t =     0.02s Set Up
    t =     0.02s Open app.speaklocal.vietnam.native
    t =     0.02s     Launch app.speaklocal.vietnam.native
objc[27392]: Class UIAccessibilityLoaderWebShared is implemented in both /Library/Developer/CoreSimulator/Volumes/iOS_23F77/Library/Developer/CoreSimulator/Profiles/Runtimes/iOS 26.5.simruntime/Contents/Resources/RuntimeRoot/System/Library/AccessibilityBundles/WebCore.axbundle/WebCore (0x106540310) and /Library/Developer/CoreSimulator/Volumes/iOS_23F77/Library/Developer/CoreSimulator/Profiles/Runtimes/iOS 26.5.simruntime/Contents/Resources/RuntimeRoot/System/Library/AccessibilityBundles/WebKit.axbundle/WebKit (0x105d70398). This may cause spurious casting failures and mysterious crashes. One of the duplicates must be removed or renamed.
    t =     1.88s         Setting up automation session
    t =     2.34s         Wait for app.speaklocal.vietnam.native to idle
    t =     3.80s Checking existence of `"Cao lầu ở Hội An" StaticText`
    t =     3.95s Waiting 8.0s for "Cao lầu ở Hội An" StaticText to exist
    t =     4.98s     Checking `Expect predicate `existsNoRetry == 1` for object "Cao lầu ở Hội An" StaticText`
    t =     4.98s         Checking existence of `"Cao lầu ở Hội An" StaticText`
    t =     5.12s Swipe up Target Application 'app.speaklocal.vietnam.native'
    t =     5.12s     Wait for app.speaklocal.vietnam.native to idle
    t =     5.12s     Find the Target Application 'app.speaklocal.vietnam.native'
    t =     5.14s     Check for interrupting elements affecting "SpeakLocal Vietnam" Application
    t =     5.16s     Synthesize event
    t =     5.57s     Wait for app.speaklocal.vietnam.native to idle
    t =     7.69s Swipe up Target Application 'app.speaklocal.vietnam.native'
    t =     7.69s     Wait for app.speaklocal.vietnam.native to idle
    t =     8.06s     Find the Target Application 'app.speaklocal.vietnam.native'
    t =     8.08s     Check for interrupting elements affecting "SpeakLocal Vietnam" Application
    t =     8.10s     Synthesize event
    t =     8.52s     Wait for app.speaklocal.vietnam.native to idle
    t =     9.65s Terminate app.speaklocal.vietnam.native:27471
    t =    10.70s Open app.speaklocal.vietnam.native
    t =    10.70s     Launch app.speaklocal.vietnam.native
    t =    10.92s         Setting up automation session
    t =    11.42s         Wait for app.speaklocal.vietnam.native to idle
    t =    12.90s Waiting 4.0s for TabBar (First Match) to exist
    t =    13.93s     Checking `Expect predicate `existsNoRetry == 1` for object TabBar (First Match)`
    t =    13.93s         Checking existence of `TabBar (First Match)`
    t =    13.99s Checking existence of `"PhraseArticle.BottomSentinel.viet-family-city-hoian-place-cao-lau-city" Other`
    t =    14.07s Checking existence of `"PhraseArticle.BottomSentinel.viet-phrase-city-hoian-place-cao-lau-city" Other`
    t =    14.09s Find the "PhraseArticle.BottomSentinel.viet-phrase-city-hoian-place-cao-lau-city" Other
    t =    14.12s Checking existence of `TabBar (First Match)`
    t =    14.13s Find the TabBar (First Match)
    t =    14.13s Find the Target Application 'app.speaklocal.vietnam.native'
    t =    14.23s Terminate app.speaklocal.vietnam.native:27563
    t =    15.28s Tear Down
Test Case '-[SpeakLocalNativeUITests.CityAppDetailV22RenderProofUITests testCaptureCityAppDetailV22RenderProofBatch]' passed (15.334 seconds).
Test Suite 'CityAppDetailV22RenderProofUITests' passed at 2026-06-01 08:21:15.915.
	 Executed 1 test, with 0 failures (0 unexpected) in 15.334 (15.335) seconds
Test Suite 'SpeakLocalNativeUITests.xctest' passed at 2026-06-01 08:21:15.916.
	 Executed 1 test, with 0 failures (0 unexpected) in 15.334 (15.336) seconds
Test Suite 'Selected tests' passed at 2026-06-01 08:21:15.916.
	 Executed 1 test, with 0 failures (0 unexpected) in 15.334 (15.337) seconds

Test session results, code coverage, and logs:
	/Users/jojolim/Library/Developer/XcodeBuildMCP/workspaces/orchestrator-309442864093/DerivedData/SpeakLocalNative-8f3e721625a0/Logs/Test/Test-SpeakLocalNative-2026.06.01_08-20-59-+0700.xcresult

** TEST EXECUTE SUCCEEDED **

Testing started

2026-06-01 08:21:00.634 xcodebuild[27387:8480672] [MT] IDELaunchParametersSnapshot: The operation couldn’t be completed. (DebuggerLLDB.DebuggerVersionStore.StoreError error 0.)
2026-06-01 08:21:00.634 xcodebuild[27387:8480672] [MT] IDELaunchParametersSnapshot: no debugger version
2026-06-01 08:21:11.287 xcodebuild[27387:8480672] [MT] IDELaunchParametersSnapshot: The operation couldn’t be completed. (DebuggerLLDB.DebuggerVersionStore.StoreError error 0.)
2026-06-01 08:21:11.287 xcodebuild[27387:8480672] [MT] IDELaunchParametersSnapshot: no debugger version
2026-06-01 08:21:16.220 xcodebuild[27387:8480672] [MT] IDETestOperationsObserverDebug: 16.848 elapsed -- Testing started completed.
2026-06-01 08:21:16.220 xcodebuild[27387:8480672] [MT] IDETestOperationsObserverDebug: 0.000 sec, +0.000 sec -- start
2026-06-01 08:21:16.220 xcodebuild[27387:8480672] [MT] IDETestOperationsObserverDebug: 16.848 sec, +16.848 sec -- end
