Command line invocation:
    /Applications/Xcode.app/Contents/Developer/usr/bin/xcodebuild test-without-building -project /Users/jojolim/Developer/products/speaklocal/app-family/.worktrees/city-listings-production-ready/native-ios/SpeakLocalNative.xcodeproj -scheme SpeakLocalNative -destination "platform=iOS Simulator,id=7C386DD3-4BF1-4A34-A918-768C43CD1258" -derivedDataPath /Users/jojolim/Library/Developer/XcodeBuildMCP/workspaces/orchestrator-309442864093/DerivedData/SpeakLocalNative-8f3e721625a0 "-only-testing:SpeakLocalNativeUITests/CityAppDetailV22RenderProofUITests/testCaptureCityAppDetailV22RenderProofBatch"

2026-06-01 08:26:47.887867+0700 SpeakLocalNativeUITests-Runner[33228:8508943] [Default] Running tests...
    t =      nans Interface orientation changed to Portrait
Test Suite 'Selected tests' started at 2026-06-01 08:26:48.255.
Test Suite 'SpeakLocalNativeUITests.xctest' started at 2026-06-01 08:26:48.255.
Test Suite 'CityAppDetailV22RenderProofUITests' started at 2026-06-01 08:26:48.256.
Test Case '-[SpeakLocalNativeUITests.CityAppDetailV22RenderProofUITests testCaptureCityAppDetailV22RenderProofBatch]' started.
    t =     0.00s Start Test at 2026-06-01 08:26:48.256
    t =     0.02s Set Up
    t =     0.02s Open app.speaklocal.vietnam.native
    t =     0.02s     Launch app.speaklocal.vietnam.native
objc[33228]: Class UIAccessibilityLoaderWebShared is implemented in both /Library/Developer/CoreSimulator/Volumes/iOS_23F77/Library/Developer/CoreSimulator/Profiles/Runtimes/iOS 26.5.simruntime/Contents/Resources/RuntimeRoot/System/Library/AccessibilityBundles/WebCore.axbundle/WebCore (0x107f58310) and /Library/Developer/CoreSimulator/Volumes/iOS_23F77/Library/Developer/CoreSimulator/Profiles/Runtimes/iOS 26.5.simruntime/Contents/Resources/RuntimeRoot/System/Library/AccessibilityBundles/WebKit.axbundle/WebKit (0x107cf0398). This may cause spurious casting failures and mysterious crashes. One of the duplicates must be removed or renamed.
    t =     1.89s         Setting up automation session
    t =     2.26s         Wait for app.speaklocal.vietnam.native to idle
    t =     3.70s Checking existence of `"Mai Fish" StaticText`
    t =     3.84s Waiting 8.0s for "Mai Fish" StaticText to exist
    t =     4.89s     Checking `Expect predicate `existsNoRetry == 1` for object "Mai Fish" StaticText`
    t =     4.89s         Checking existence of `"Mai Fish" StaticText`
    t =     5.05s Swipe up Target Application 'app.speaklocal.vietnam.native'
    t =     5.05s     Wait for app.speaklocal.vietnam.native to idle
    t =     5.05s     Find the Target Application 'app.speaklocal.vietnam.native'
    t =     5.07s     Check for interrupting elements affecting "SpeakLocal Vietnam" Application
    t =     5.09s     Synthesize event
    t =     5.51s     Wait for app.speaklocal.vietnam.native to idle
    t =     7.63s Swipe up Target Application 'app.speaklocal.vietnam.native'
    t =     7.63s     Wait for app.speaklocal.vietnam.native to idle
    t =     7.63s     Find the Target Application 'app.speaklocal.vietnam.native'
    t =     7.65s     Check for interrupting elements affecting "SpeakLocal Vietnam" Application
    t =     7.68s     Synthesize event
    t =     8.11s     Wait for app.speaklocal.vietnam.native to idle
    t =     8.96s Terminate app.speaklocal.vietnam.native:33232
    t =    10.03s Open app.speaklocal.vietnam.native
    t =    10.03s     Launch app.speaklocal.vietnam.native
    t =    10.25s         Setting up automation session
    t =    10.74s         Wait for app.speaklocal.vietnam.native to idle
    t =    12.20s Waiting 4.0s for TabBar (First Match) to exist
    t =    13.24s     Checking `Expect predicate `existsNoRetry == 1` for object TabBar (First Match)`
    t =    13.25s         Checking existence of `TabBar (First Match)`
    t =    13.31s Checking existence of `"PhraseArticle.BottomSentinel.viet-family-city-hoian-place-mai-fish" Other`
    t =    13.38s Checking existence of `"PhraseArticle.BottomSentinel.viet-phrase-city-hoian-place-mai-fish" Other`
    t =    13.40s Find the "PhraseArticle.BottomSentinel.viet-phrase-city-hoian-place-mai-fish" Other
    t =    13.42s Checking existence of `TabBar (First Match)`
    t =    13.43s Find the TabBar (First Match)
    t =    13.44s Find the Target Application 'app.speaklocal.vietnam.native'
    t =    13.53s Terminate app.speaklocal.vietnam.native:33256
    t =    14.60s Tear Down
Test Case '-[SpeakLocalNativeUITests.CityAppDetailV22RenderProofUITests testCaptureCityAppDetailV22RenderProofBatch]' passed (14.665 seconds).
Test Suite 'CityAppDetailV22RenderProofUITests' passed at 2026-06-01 08:27:02.922.
	 Executed 1 test, with 0 failures (0 unexpected) in 14.665 (14.666) seconds
Test Suite 'SpeakLocalNativeUITests.xctest' passed at 2026-06-01 08:27:02.923.
	 Executed 1 test, with 0 failures (0 unexpected) in 14.665 (14.667) seconds
Test Suite 'Selected tests' passed at 2026-06-01 08:27:02.924.
	 Executed 1 test, with 0 failures (0 unexpected) in 14.665 (14.668) seconds

Test session results, code coverage, and logs:
	/Users/jojolim/Library/Developer/XcodeBuildMCP/workspaces/orchestrator-309442864093/DerivedData/SpeakLocalNative-8f3e721625a0/Logs/Test/Test-SpeakLocalNative-2026.06.01_08-26-46-+0700.xcresult

** TEST EXECUTE SUCCEEDED **

Testing started

2026-06-01 08:26:48.315 xcodebuild[33223:8508763] [MT] IDELaunchParametersSnapshot: The operation couldn’t be completed. (DebuggerLLDB.DebuggerVersionStore.StoreError error 0.)
2026-06-01 08:26:48.315 xcodebuild[33223:8508763] [MT] IDELaunchParametersSnapshot: no debugger version
2026-06-01 08:26:58.290 xcodebuild[33223:8508763] [MT] IDELaunchParametersSnapshot: The operation couldn’t be completed. (DebuggerLLDB.DebuggerVersionStore.StoreError error 0.)
2026-06-01 08:26:58.290 xcodebuild[33223:8508763] [MT] IDELaunchParametersSnapshot: no debugger version
2026-06-01 08:27:03.225 xcodebuild[33223:8508763] [MT] IDETestOperationsObserverDebug: 16.149 elapsed -- Testing started completed.
2026-06-01 08:27:03.225 xcodebuild[33223:8508763] [MT] IDETestOperationsObserverDebug: 0.000 sec, +0.000 sec -- start
2026-06-01 08:27:03.225 xcodebuild[33223:8508763] [MT] IDETestOperationsObserverDebug: 16.149 sec, +16.149 sec -- end
