Command line invocation:
    /Applications/Xcode.app/Contents/Developer/usr/bin/xcodebuild test-without-building -project /Users/jojolim/Developer/products/speaklocal/app-family/.worktrees/city-listings-production-ready/native-ios/SpeakLocalNative.xcodeproj -scheme SpeakLocalNative -destination "platform=iOS Simulator,id=7C386DD3-4BF1-4A34-A918-768C43CD1258" -derivedDataPath /Users/jojolim/Library/Developer/XcodeBuildMCP/workspaces/orchestrator-309442864093/DerivedData/SpeakLocalNative-8f3e721625a0 "-only-testing:SpeakLocalNativeUITests/CityAppDetailV22RenderProofUITests/testCaptureCityAppDetailV22RenderProofBatch"

2026-06-01 09:14:39.967768+0700 SpeakLocalNativeUITests-Runner[66472:8660959] [Default] Running tests...
    t =      nans Interface orientation changed to Portrait
Test Suite 'Selected tests' started at 2026-06-01 09:14:40.336.
Test Suite 'SpeakLocalNativeUITests.xctest' started at 2026-06-01 09:14:40.336.
Test Suite 'CityAppDetailV22RenderProofUITests' started at 2026-06-01 09:14:40.336.
Test Case '-[SpeakLocalNativeUITests.CityAppDetailV22RenderProofUITests testCaptureCityAppDetailV22RenderProofBatch]' started.
    t =     0.00s Start Test at 2026-06-01 09:14:40.337
    t =     0.02s Set Up
    t =     0.02s Open app.speaklocal.vietnam.native
    t =     0.02s     Launch app.speaklocal.vietnam.native
objc[66472]: Class UIAccessibilityLoaderWebShared is implemented in both /Library/Developer/CoreSimulator/Volumes/iOS_23F77/Library/Developer/CoreSimulator/Profiles/Runtimes/iOS 26.5.simruntime/Contents/Resources/RuntimeRoot/System/Library/AccessibilityBundles/WebCore.axbundle/WebCore (0x107244310) and /Library/Developer/CoreSimulator/Volumes/iOS_23F77/Library/Developer/CoreSimulator/Profiles/Runtimes/iOS 26.5.simruntime/Contents/Resources/RuntimeRoot/System/Library/AccessibilityBundles/WebKit.axbundle/WebKit (0x1066b8398). This may cause spurious casting failures and mysterious crashes. One of the duplicates must be removed or renamed.
    t =     1.90s         Setting up automation session
    t =     2.37s         Wait for app.speaklocal.vietnam.native to idle
    t =     3.85s Checking existence of `"Cầu ngói Thanh Toàn" StaticText`
    t =     4.00s Waiting 8.0s for "Cầu ngói Thanh Toàn" StaticText to exist
    t =     5.04s     Checking `Expect predicate `existsNoRetry == 1` for object "Cầu ngói Thanh Toàn" StaticText`
    t =     5.04s         Checking existence of `"Cầu ngói Thanh Toàn" StaticText`
    t =     5.18s Swipe up Target Application 'app.speaklocal.vietnam.native'
    t =     5.18s     Wait for app.speaklocal.vietnam.native to idle
    t =     5.18s     Find the Target Application 'app.speaklocal.vietnam.native'
    t =     5.20s     Check for interrupting elements affecting "SpeakLocal Vietnam" Application
    t =     5.21s     Synthesize event
    t =     5.64s     Wait for app.speaklocal.vietnam.native to idle
    t =     7.80s Swipe up Target Application 'app.speaklocal.vietnam.native'
    t =     7.80s     Wait for app.speaklocal.vietnam.native to idle
    t =     7.81s     Find the Target Application 'app.speaklocal.vietnam.native'
    t =     7.83s     Check for interrupting elements affecting "SpeakLocal Vietnam" Application
    t =     7.85s     Synthesize event
    t =     8.28s     Wait for app.speaklocal.vietnam.native to idle
    t =     9.14s Terminate app.speaklocal.vietnam.native:66483
    t =    10.19s Open app.speaklocal.vietnam.native
    t =    10.19s     Launch app.speaklocal.vietnam.native
    t =    10.41s         Setting up automation session
    t =    10.88s         Wait for app.speaklocal.vietnam.native to idle
    t =    12.41s Waiting 4.0s for TabBar (First Match) to exist
    t =    13.44s     Checking `Expect predicate `existsNoRetry == 1` for object TabBar (First Match)`
    t =    13.44s         Checking existence of `TabBar (First Match)`
    t =    13.49s Checking existence of `"PhraseArticle.BottomSentinel.viet-family-city-hue-place-thanh-toan-bridge" Other`
    t =    13.57s Checking existence of `"PhraseArticle.BottomSentinel.viet-phrase-city-hue-place-thanh-toan-bridge" Other`
    t =    13.60s Find the "PhraseArticle.BottomSentinel.viet-phrase-city-hue-place-thanh-toan-bridge" Other
    t =    13.62s Checking existence of `TabBar (First Match)`
    t =    13.63s Find the TabBar (First Match)
    t =    13.63s Find the Target Application 'app.speaklocal.vietnam.native'
    t =    13.73s Terminate app.speaklocal.vietnam.native:66499
    t =    14.80s Tear Down
Test Case '-[SpeakLocalNativeUITests.CityAppDetailV22RenderProofUITests testCaptureCityAppDetailV22RenderProofBatch]' passed (14.867 seconds).
Test Suite 'CityAppDetailV22RenderProofUITests' passed at 2026-06-01 09:14:55.204.
	 Executed 1 test, with 0 failures (0 unexpected) in 14.867 (14.868) seconds
Test Suite 'SpeakLocalNativeUITests.xctest' passed at 2026-06-01 09:14:55.205.
	 Executed 1 test, with 0 failures (0 unexpected) in 14.867 (14.869) seconds
Test Suite 'Selected tests' passed at 2026-06-01 09:14:55.206.
	 Executed 1 test, with 0 failures (0 unexpected) in 14.867 (14.870) seconds

Test session results, code coverage, and logs:
	/Users/jojolim/Library/Developer/XcodeBuildMCP/workspaces/orchestrator-309442864093/DerivedData/SpeakLocalNative-8f3e721625a0/Logs/Test/Test-SpeakLocalNative-2026.06.01_09-14-39-+0700.xcresult

** TEST EXECUTE SUCCEEDED **

Testing started

2026-06-01 09:14:40.397 xcodebuild[66468:8660777] [MT] IDELaunchParametersSnapshot: The operation couldn’t be completed. (DebuggerLLDB.DebuggerVersionStore.StoreError error 0.)
2026-06-01 09:14:40.397 xcodebuild[66468:8660777] [MT] IDELaunchParametersSnapshot: no debugger version
2026-06-01 09:14:50.529 xcodebuild[66468:8660777] [MT] IDELaunchParametersSnapshot: The operation couldn’t be completed. (DebuggerLLDB.DebuggerVersionStore.StoreError error 0.)
2026-06-01 09:14:50.529 xcodebuild[66468:8660777] [MT] IDELaunchParametersSnapshot: no debugger version
2026-06-01 09:14:55.506 xcodebuild[66468:8660777] [MT] IDETestOperationsObserverDebug: 16.345 elapsed -- Testing started completed.
2026-06-01 09:14:55.506 xcodebuild[66468:8660777] [MT] IDETestOperationsObserverDebug: 0.000 sec, +0.000 sec -- start
2026-06-01 09:14:55.506 xcodebuild[66468:8660777] [MT] IDETestOperationsObserverDebug: 16.345 sec, +16.345 sec -- end
