Command line invocation:
    /Applications/Xcode.app/Contents/Developer/usr/bin/xcodebuild test-without-building -project /Users/jojolim/Developer/products/speaklocal/app-family/.worktrees/city-listings-production-ready/native-ios/SpeakLocalNative.xcodeproj -scheme SpeakLocalNative -destination "platform=iOS Simulator,id=7C386DD3-4BF1-4A34-A918-768C43CD1258" -derivedDataPath /Users/jojolim/Library/Developer/XcodeBuildMCP/workspaces/orchestrator-309442864093/DerivedData/SpeakLocalNative-8f3e721625a0 "-only-testing:SpeakLocalNativeUITests/CityAppDetailV22RenderProofUITests/testCaptureCityAppDetailV22RenderProofBatch"

2026-06-01 02:47:59.888253+0700 SpeakLocalNativeUITests-Runner[7779:7099831] [Default] Running tests...
    t =      nans Interface orientation changed to Portrait
Test Suite 'Selected tests' started at 2026-06-01 02:48:00.515.
Test Suite 'SpeakLocalNativeUITests.xctest' started at 2026-06-01 02:48:00.515.
Test Suite 'CityAppDetailV22RenderProofUITests' started at 2026-06-01 02:48:00.516.
Test Case '-[SpeakLocalNativeUITests.CityAppDetailV22RenderProofUITests testCaptureCityAppDetailV22RenderProofBatch]' started.
    t =     0.00s Start Test at 2026-06-01 02:48:00.516
    t =     0.02s Set Up
    t =     0.03s Open app.speaklocal.vietnam.native
    t =     0.03s     Launch app.speaklocal.vietnam.native
objc[7779]: Class UIAccessibilityLoaderWebShared is implemented in both /Library/Developer/CoreSimulator/Volumes/iOS_23F77/Library/Developer/CoreSimulator/Profiles/Runtimes/iOS 26.5.simruntime/Contents/Resources/RuntimeRoot/System/Library/AccessibilityBundles/WebCore.axbundle/WebCore (0x1083b8310) and /Library/Developer/CoreSimulator/Volumes/iOS_23F77/Library/Developer/CoreSimulator/Profiles/Runtimes/iOS 26.5.simruntime/Contents/Resources/RuntimeRoot/System/Library/AccessibilityBundles/WebKit.axbundle/WebKit (0x107adc398). This may cause spurious casting failures and mysterious crashes. One of the duplicates must be removed or renamed.
    t =     2.74s         Setting up automation session
    t =     3.53s         Wait for app.speaklocal.vietnam.native to idle
    t =     5.57s Checking existence of `"Boulevard Gelato & Coffee" StaticText`
    t =     5.86s Waiting 8.0s for "Boulevard Gelato & Coffee" StaticText to exist
    t =     6.94s     Checking `Expect predicate `existsNoRetry == 1` for object "Boulevard Gelato & Coffee" StaticText`
    t =     6.94s         Checking existence of `"Boulevard Gelato & Coffee" StaticText`
    t =     7.10s Swipe up Target Application 'app.speaklocal.vietnam.native'
    t =     7.10s     Wait for app.speaklocal.vietnam.native to idle
    t =     7.10s     Find the Target Application 'app.speaklocal.vietnam.native'
    t =     7.12s     Check for interrupting elements affecting "SpeakLocal Vietnam" Application
    t =     7.14s     Synthesize event
    t =     7.56s     Wait for app.speaklocal.vietnam.native to idle
    t =     9.77s Swipe up Target Application 'app.speaklocal.vietnam.native'
    t =     9.77s     Wait for app.speaklocal.vietnam.native to idle
    t =     9.77s     Find the Target Application 'app.speaklocal.vietnam.native'
    t =     9.80s     Check for interrupting elements affecting "SpeakLocal Vietnam" Application
    t =     9.83s     Synthesize event
    t =    10.25s     Wait for app.speaklocal.vietnam.native to idle
    t =    10.88s Terminate app.speaklocal.vietnam.native:7874
    t =    11.88s Open app.speaklocal.vietnam.native
    t =    11.88s     Launch app.speaklocal.vietnam.native
    t =    12.08s         Setting up automation session
    t =    12.73s         Wait for app.speaklocal.vietnam.native to idle
    t =    14.72s Waiting 4.0s for TabBar (First Match) to exist
    t =    15.80s     Checking `Expect predicate `existsNoRetry == 1` for object TabBar (First Match)`
    t =    15.80s         Checking existence of `TabBar (First Match)`
    t =    15.86s Checking existence of `"PhraseArticle.BottomSentinel.viet-family-city-danang-place-boulevard-gelato-coffee" Other`
    t =    15.97s Checking existence of `"PhraseArticle.BottomSentinel.viet-phrase-city-danang-place-boulevard-gelato-coffee" Other`
    t =    16.00s Find the "PhraseArticle.BottomSentinel.viet-phrase-city-danang-place-boulevard-gelato-coffee" Other
    t =    16.03s Checking existence of `TabBar (First Match)`
    t =    16.04s Find the TabBar (First Match)
    t =    16.05s Find the Target Application 'app.speaklocal.vietnam.native'
    t =    16.17s Terminate app.speaklocal.vietnam.native:7965
    t =    17.25s Tear Down
Test Case '-[SpeakLocalNativeUITests.CityAppDetailV22RenderProofUITests testCaptureCityAppDetailV22RenderProofBatch]' passed (17.315 seconds).
Test Suite 'CityAppDetailV22RenderProofUITests' passed at 2026-06-01 02:48:17.832.
	 Executed 1 test, with 0 failures (0 unexpected) in 17.315 (17.316) seconds
Test Suite 'SpeakLocalNativeUITests.xctest' passed at 2026-06-01 02:48:17.832.
	 Executed 1 test, with 0 failures (0 unexpected) in 17.315 (17.317) seconds
Test Suite 'Selected tests' passed at 2026-06-01 02:48:17.833.
	 Executed 1 test, with 0 failures (0 unexpected) in 17.315 (17.318) seconds

Test session results, code coverage, and logs:
	/Users/jojolim/Library/Developer/XcodeBuildMCP/workspaces/orchestrator-309442864093/DerivedData/SpeakLocalNative-8f3e721625a0/Logs/Test/Test-SpeakLocalNative-2026.06.01_02-47-58-+0700.xcresult

** TEST EXECUTE SUCCEEDED **

Testing started

2026-06-01 02:48:00.584 xcodebuild[7750:7099596] [MT] IDELaunchParametersSnapshot: The operation couldn’t be completed. (DebuggerLLDB.DebuggerVersionStore.StoreError error 0.)
2026-06-01 02:48:00.584 xcodebuild[7750:7099596] [MT] IDELaunchParametersSnapshot: no debugger version
2026-06-01 02:48:12.396 xcodebuild[7750:7099596] [MT] IDELaunchParametersSnapshot: The operation couldn’t be completed. (DebuggerLLDB.DebuggerVersionStore.StoreError error 0.)
2026-06-01 02:48:12.396 xcodebuild[7750:7099596] [MT] IDELaunchParametersSnapshot: no debugger version
2026-06-01 02:48:18.127 xcodebuild[7750:7099596] [MT] IDETestOperationsObserverDebug: 19.627 elapsed -- Testing started completed.
2026-06-01 02:48:18.127 xcodebuild[7750:7099596] [MT] IDETestOperationsObserverDebug: 0.000 sec, +0.000 sec -- start
2026-06-01 02:48:18.127 xcodebuild[7750:7099596] [MT] IDETestOperationsObserverDebug: 19.627 sec, +19.627 sec -- end
