Command line invocation:
    /Applications/Xcode.app/Contents/Developer/usr/bin/xcodebuild test-without-building -project /Users/jojolim/Developer/products/speaklocal/app-family/.worktrees/city-listings-production-ready/native-ios/SpeakLocalNative.xcodeproj -scheme SpeakLocalNative -destination "platform=iOS Simulator,id=7C386DD3-4BF1-4A34-A918-768C43CD1258" -derivedDataPath /Users/jojolim/Library/Developer/XcodeBuildMCP/workspaces/orchestrator-309442864093/DerivedData/SpeakLocalNative-8f3e721625a0 "-only-testing:SpeakLocalNativeUITests/CityAppDetailV22RenderProofUITests/testCaptureCityAppDetailV22RenderProofBatch"

2026-06-01 07:10:31.052794+0700 SpeakLocalNativeUITests-Runner[44409:8201545] [Default] Running tests...
    t =      nans Interface orientation changed to Portrait
Test Suite 'Selected tests' started at 2026-06-01 07:10:31.428.
Test Suite 'SpeakLocalNativeUITests.xctest' started at 2026-06-01 07:10:31.428.
Test Suite 'CityAppDetailV22RenderProofUITests' started at 2026-06-01 07:10:31.428.
Test Case '-[SpeakLocalNativeUITests.CityAppDetailV22RenderProofUITests testCaptureCityAppDetailV22RenderProofBatch]' started.
    t =     0.00s Start Test at 2026-06-01 07:10:31.429
    t =     0.02s Set Up
    t =     0.02s Open app.speaklocal.vietnam.native
    t =     0.02s     Launch app.speaklocal.vietnam.native
objc[44409]: Class UIAccessibilityLoaderWebShared is implemented in both /Library/Developer/CoreSimulator/Volumes/iOS_23F77/Library/Developer/CoreSimulator/Profiles/Runtimes/iOS 26.5.simruntime/Contents/Resources/RuntimeRoot/System/Library/AccessibilityBundles/WebCore.axbundle/WebCore (0x10acd0310) and /Library/Developer/CoreSimulator/Volumes/iOS_23F77/Library/Developer/CoreSimulator/Profiles/Runtimes/iOS 26.5.simruntime/Contents/Resources/RuntimeRoot/System/Library/AccessibilityBundles/WebKit.axbundle/WebKit (0x10a574398). This may cause spurious casting failures and mysterious crashes. One of the duplicates must be removed or renamed.
    t =     1.90s         Setting up automation session
    t =     2.36s         Wait for app.speaklocal.vietnam.native to idle
    t =     3.84s Checking existence of `"Văn Miếu" StaticText`
    t =     3.98s Waiting 8.0s for "Văn Miếu" StaticText to exist
    t =     5.02s     Checking `Expect predicate `existsNoRetry == 1` for object "Văn Miếu" StaticText`
    t =     5.02s         Checking existence of `"Văn Miếu" StaticText`
    t =     5.19s Swipe up Target Application 'app.speaklocal.vietnam.native'
    t =     5.19s     Wait for app.speaklocal.vietnam.native to idle
    t =     5.20s     Find the Target Application 'app.speaklocal.vietnam.native'
    t =     5.21s     Check for interrupting elements affecting "SpeakLocal Vietnam" Application
    t =     5.23s     Synthesize event
    t =     5.65s     Wait for app.speaklocal.vietnam.native to idle
    t =     7.75s Swipe up Target Application 'app.speaklocal.vietnam.native'
    t =     7.75s     Wait for app.speaklocal.vietnam.native to idle
    t =     7.76s     Find the Target Application 'app.speaklocal.vietnam.native'
    t =     7.79s     Check for interrupting elements affecting "SpeakLocal Vietnam" Application
    t =     7.81s     Synthesize event
    t =     8.24s     Wait for app.speaklocal.vietnam.native to idle
    t =     9.10s Terminate app.speaklocal.vietnam.native:44487
    t =    10.17s Open app.speaklocal.vietnam.native
    t =    10.17s     Launch app.speaklocal.vietnam.native
    t =    10.39s         Setting up automation session
    t =    10.88s         Wait for app.speaklocal.vietnam.native to idle
    t =    12.38s Waiting 4.0s for TabBar (First Match) to exist
    t =    13.43s     Checking `Expect predicate `existsNoRetry == 1` for object TabBar (First Match)`
    t =    13.43s         Checking existence of `TabBar (First Match)`
    t =    13.49s Checking existence of `"PhraseArticle.BottomSentinel.viet-family-city-hanoi-place-temple-literature" Other`
    t =    13.57s Checking existence of `"PhraseArticle.BottomSentinel.viet-phrase-city-hanoi-place-temple-literature" Other`
    t =    13.59s Find the "PhraseArticle.BottomSentinel.viet-phrase-city-hanoi-place-temple-literature" Other
    t =    13.62s Checking existence of `TabBar (First Match)`
    t =    13.62s Find the TabBar (First Match)
    t =    13.63s Find the Target Application 'app.speaklocal.vietnam.native'
    t =    13.73s Terminate app.speaklocal.vietnam.native:44585
    t =    14.79s Tear Down
Test Case '-[SpeakLocalNativeUITests.CityAppDetailV22RenderProofUITests testCaptureCityAppDetailV22RenderProofBatch]' passed (14.842 seconds).
Test Suite 'CityAppDetailV22RenderProofUITests' passed at 2026-06-01 07:10:46.271.
	 Executed 1 test, with 0 failures (0 unexpected) in 14.842 (14.843) seconds
Test Suite 'SpeakLocalNativeUITests.xctest' passed at 2026-06-01 07:10:46.272.
	 Executed 1 test, with 0 failures (0 unexpected) in 14.842 (14.844) seconds
Test Suite 'Selected tests' passed at 2026-06-01 07:10:46.273.
	 Executed 1 test, with 0 failures (0 unexpected) in 14.842 (14.845) seconds

Test session results, code coverage, and logs:
	/Users/jojolim/Library/Developer/XcodeBuildMCP/workspaces/orchestrator-309442864093/DerivedData/SpeakLocalNative-8f3e721625a0/Logs/Test/Test-SpeakLocalNative-2026.06.01_07-10-30-+0700.xcresult

** TEST EXECUTE SUCCEEDED **

Testing started

2026-06-01 07:10:31.486 xcodebuild[44407:8201375] [MT] IDELaunchParametersSnapshot: The operation couldn’t be completed. (DebuggerLLDB.DebuggerVersionStore.StoreError error 0.)
2026-06-01 07:10:31.486 xcodebuild[44407:8201375] [MT] IDELaunchParametersSnapshot: no debugger version
2026-06-01 07:10:41.602 xcodebuild[44407:8201375] [MT] IDELaunchParametersSnapshot: The operation couldn’t be completed. (DebuggerLLDB.DebuggerVersionStore.StoreError error 0.)
2026-06-01 07:10:41.602 xcodebuild[44407:8201375] [MT] IDELaunchParametersSnapshot: no debugger version
2026-06-01 07:10:46.574 xcodebuild[44407:8201375] [MT] IDETestOperationsObserverDebug: 16.313 elapsed -- Testing started completed.
2026-06-01 07:10:46.574 xcodebuild[44407:8201375] [MT] IDETestOperationsObserverDebug: 0.000 sec, +0.000 sec -- start
2026-06-01 07:10:46.574 xcodebuild[44407:8201375] [MT] IDETestOperationsObserverDebug: 16.313 sec, +16.313 sec -- end
