Command line invocation:
    /Applications/Xcode.app/Contents/Developer/usr/bin/xcodebuild test-without-building -project /Users/jojolim/Developer/products/speaklocal/app-family/.worktrees/city-listings-production-ready/native-ios/SpeakLocalNative.xcodeproj -scheme SpeakLocalNative -destination "platform=iOS Simulator,id=7C386DD3-4BF1-4A34-A918-768C43CD1258" -derivedDataPath /Users/jojolim/Library/Developer/XcodeBuildMCP/workspaces/orchestrator-309442864093/DerivedData/SpeakLocalNative-8f3e721625a0 "-only-testing:SpeakLocalNativeUITests/CityAppDetailV22RenderProofUITests/testCaptureCityAppDetailV22RenderProofBatch"

2026-06-01 07:18:18.790984+0700 SpeakLocalNativeUITests-Runner[51869:8232469] [Default] Running tests...
    t =      nans Interface orientation changed to Portrait
Test Suite 'Selected tests' started at 2026-06-01 07:18:19.161.
Test Suite 'SpeakLocalNativeUITests.xctest' started at 2026-06-01 07:18:19.162.
Test Suite 'CityAppDetailV22RenderProofUITests' started at 2026-06-01 07:18:19.162.
Test Case '-[SpeakLocalNativeUITests.CityAppDetailV22RenderProofUITests testCaptureCityAppDetailV22RenderProofBatch]' started.
    t =     0.00s Start Test at 2026-06-01 07:18:19.162
    t =     0.02s Set Up
    t =     0.02s Open app.speaklocal.vietnam.native
    t =     0.02s     Launch app.speaklocal.vietnam.native
objc[51869]: Class UIAccessibilityLoaderWebShared is implemented in both /Library/Developer/CoreSimulator/Volumes/iOS_23F77/Library/Developer/CoreSimulator/Profiles/Runtimes/iOS 26.5.simruntime/Contents/Resources/RuntimeRoot/System/Library/AccessibilityBundles/WebCore.axbundle/WebCore (0x10ae84310) and /Library/Developer/CoreSimulator/Volumes/iOS_23F77/Library/Developer/CoreSimulator/Profiles/Runtimes/iOS 26.5.simruntime/Contents/Resources/RuntimeRoot/System/Library/AccessibilityBundles/WebKit.axbundle/WebKit (0x10a344398). This may cause spurious casting failures and mysterious crashes. One of the duplicates must be removed or renamed.
    t =     1.89s         Setting up automation session
    t =     2.39s         Wait for app.speaklocal.vietnam.native to idle
    t =     3.92s Checking existence of `"Bánh xèo ở Thành phố Hồ Chí Minh" StaticText`
    t =     4.05s Waiting 8.0s for "Bánh xèo ở Thành phố Hồ Chí Minh" StaticText to exist
    t =     5.09s     Checking `Expect predicate `existsNoRetry == 1` for object "Bánh xèo ở Thành phố Hồ Chí Minh" StaticText`
    t =     5.09s         Checking existence of `"Bánh xèo ở Thành phố Hồ Chí Minh" StaticText`
    t =     5.26s Swipe up Target Application 'app.speaklocal.vietnam.native'
    t =     5.26s     Wait for app.speaklocal.vietnam.native to idle
    t =     5.26s     Find the Target Application 'app.speaklocal.vietnam.native'
    t =     5.27s     Check for interrupting elements affecting "SpeakLocal Vietnam" Application
    t =     5.29s     Synthesize event
    t =     5.71s     Wait for app.speaklocal.vietnam.native to idle
    t =     7.83s Swipe up Target Application 'app.speaklocal.vietnam.native'
    t =     7.83s     Wait for app.speaklocal.vietnam.native to idle
    t =     7.83s     Find the Target Application 'app.speaklocal.vietnam.native'
    t =     7.85s     Check for interrupting elements affecting "SpeakLocal Vietnam" Application
    t =     7.88s     Synthesize event
    t =     8.31s     Wait for app.speaklocal.vietnam.native to idle
    t =     9.01s Terminate app.speaklocal.vietnam.native:51952
    t =    10.08s Open app.speaklocal.vietnam.native
    t =    10.08s     Launch app.speaklocal.vietnam.native
    t =    10.29s         Setting up automation session
    t =    10.77s         Wait for app.speaklocal.vietnam.native to idle
    t =    12.21s Waiting 4.0s for TabBar (First Match) to exist
    t =    13.26s     Checking `Expect predicate `existsNoRetry == 1` for object TabBar (First Match)`
    t =    13.26s         Checking existence of `TabBar (First Match)`
    t =    13.32s Checking existence of `"PhraseArticle.BottomSentinel.viet-family-city-hcmc-place-banh-xeo" Other`
    t =    13.40s Checking existence of `"PhraseArticle.BottomSentinel.viet-phrase-city-hcmc-place-banh-xeo" Other`
    t =    13.42s Find the "PhraseArticle.BottomSentinel.viet-phrase-city-hcmc-place-banh-xeo" Other
    t =    13.44s Checking existence of `TabBar (First Match)`
    t =    13.44s Find the TabBar (First Match)
    t =    13.45s Find the Target Application 'app.speaklocal.vietnam.native'
    t =    13.54s Terminate app.speaklocal.vietnam.native:52046
    t =    14.63s Tear Down
Test Case '-[SpeakLocalNativeUITests.CityAppDetailV22RenderProofUITests testCaptureCityAppDetailV22RenderProofBatch]' passed (14.676 seconds).
Test Suite 'CityAppDetailV22RenderProofUITests' passed at 2026-06-01 07:18:33.839.
	 Executed 1 test, with 0 failures (0 unexpected) in 14.676 (14.677) seconds
Test Suite 'SpeakLocalNativeUITests.xctest' passed at 2026-06-01 07:18:33.839.
	 Executed 1 test, with 0 failures (0 unexpected) in 14.676 (14.678) seconds
Test Suite 'Selected tests' passed at 2026-06-01 07:18:33.840.
	 Executed 1 test, with 0 failures (0 unexpected) in 14.676 (14.679) seconds

Test session results, code coverage, and logs:
	/Users/jojolim/Library/Developer/XcodeBuildMCP/workspaces/orchestrator-309442864093/DerivedData/SpeakLocalNative-8f3e721625a0/Logs/Test/Test-SpeakLocalNative-2026.06.01_07-18-17-+0700.xcresult

** TEST EXECUTE SUCCEEDED **

Testing started

2026-06-01 07:18:19.225 xcodebuild[51867:8232292] [MT] IDELaunchParametersSnapshot: The operation couldn’t be completed. (DebuggerLLDB.DebuggerVersionStore.StoreError error 0.)
2026-06-01 07:18:19.225 xcodebuild[51867:8232292] [MT] IDELaunchParametersSnapshot: no debugger version
2026-06-01 07:18:29.242 xcodebuild[51867:8232292] [MT] IDELaunchParametersSnapshot: The operation couldn’t be completed. (DebuggerLLDB.DebuggerVersionStore.StoreError error 0.)
2026-06-01 07:18:29.242 xcodebuild[51867:8232292] [MT] IDELaunchParametersSnapshot: no debugger version
2026-06-01 07:18:34.146 xcodebuild[51867:8232292] [MT] IDETestOperationsObserverDebug: 16.201 elapsed -- Testing started completed.
2026-06-01 07:18:34.146 xcodebuild[51867:8232292] [MT] IDETestOperationsObserverDebug: 0.000 sec, +0.000 sec -- start
2026-06-01 07:18:34.146 xcodebuild[51867:8232292] [MT] IDETestOperationsObserverDebug: 16.201 sec, +16.201 sec -- end
