Command line invocation:
    /Applications/Xcode.app/Contents/Developer/usr/bin/xcodebuild test-without-building -project /Users/jojolim/Developer/products/speaklocal/app-family/.worktrees/city-listings-production-ready/native-ios/SpeakLocalNative.xcodeproj -scheme SpeakLocalNative -destination "platform=iOS Simulator,id=7C386DD3-4BF1-4A34-A918-768C43CD1258" -derivedDataPath /Users/jojolim/Library/Developer/XcodeBuildMCP/workspaces/orchestrator-309442864093/DerivedData/SpeakLocalNative-8f3e721625a0 "-only-testing:SpeakLocalNativeUITests/CityAppDetailV22RenderProofUITests/testCaptureCityAppDetailV22RenderProofBatch"

2026-06-01 06:40:24.265137+0700 SpeakLocalNativeUITests-Runner[9592:8068312] [Default] Running tests...
    t =      nans Interface orientation changed to Portrait
Test Suite 'Selected tests' started at 2026-06-01 06:40:24.639.
Test Suite 'SpeakLocalNativeUITests.xctest' started at 2026-06-01 06:40:24.640.
Test Suite 'CityAppDetailV22RenderProofUITests' started at 2026-06-01 06:40:24.640.
Test Case '-[SpeakLocalNativeUITests.CityAppDetailV22RenderProofUITests testCaptureCityAppDetailV22RenderProofBatch]' started.
    t =     0.00s Start Test at 2026-06-01 06:40:24.640
    t =     0.02s Set Up
    t =     0.02s Open app.speaklocal.vietnam.native
    t =     0.02s     Launch app.speaklocal.vietnam.native
objc[9592]: Class UIAccessibilityLoaderWebShared is implemented in both /Library/Developer/CoreSimulator/Volumes/iOS_23F77/Library/Developer/CoreSimulator/Profiles/Runtimes/iOS 26.5.simruntime/Contents/Resources/RuntimeRoot/System/Library/AccessibilityBundles/WebCore.axbundle/WebCore (0x108da0310) and /Library/Developer/CoreSimulator/Volumes/iOS_23F77/Library/Developer/CoreSimulator/Profiles/Runtimes/iOS 26.5.simruntime/Contents/Resources/RuntimeRoot/System/Library/AccessibilityBundles/WebKit.axbundle/WebKit (0x10860c398). This may cause spurious casting failures and mysterious crashes. One of the duplicates must be removed or renamed.
    t =     1.90s         Setting up automation session
    t =     2.31s         Wait for app.speaklocal.vietnam.native to idle
    t =     3.78s Checking existence of `"Đi bộ Chợ Lớn" StaticText`
    t =     3.94s Waiting 8.0s for "Đi bộ Chợ Lớn" StaticText to exist
    t =     4.98s     Checking `Expect predicate `existsNoRetry == 1` for object "Đi bộ Chợ Lớn" StaticText`
    t =     4.98s         Checking existence of `"Đi bộ Chợ Lớn" StaticText`
    t =     5.14s Swipe up Target Application 'app.speaklocal.vietnam.native'
    t =     5.14s     Wait for app.speaklocal.vietnam.native to idle
    t =     5.14s     Find the Target Application 'app.speaklocal.vietnam.native'
    t =     5.15s     Check for interrupting elements affecting "SpeakLocal Vietnam" Application
    t =     5.17s     Synthesize event
    t =     5.59s     Wait for app.speaklocal.vietnam.native to idle
    t =     7.69s Swipe up Target Application 'app.speaklocal.vietnam.native'
    t =     7.69s     Wait for app.speaklocal.vietnam.native to idle
    t =     7.70s     Find the Target Application 'app.speaklocal.vietnam.native'
    t =     7.71s     Check for interrupting elements affecting "SpeakLocal Vietnam" Application
    t =     7.73s     Synthesize event
    t =     8.16s     Wait for app.speaklocal.vietnam.native to idle
    t =     8.83s Terminate app.speaklocal.vietnam.native:9670
    t =     9.88s Open app.speaklocal.vietnam.native
    t =     9.88s     Launch app.speaklocal.vietnam.native
    t =    10.10s         Setting up automation session
    t =    10.56s         Wait for app.speaklocal.vietnam.native to idle
    t =    12.02s Waiting 4.0s for TabBar (First Match) to exist
    t =    13.08s     Checking `Expect predicate `existsNoRetry == 1` for object TabBar (First Match)`
    t =    13.08s         Checking existence of `TabBar (First Match)`
    t =    13.14s Checking existence of `"PhraseArticle.BottomSentinel.viet-family-city-hcmc-place-cho-lon-walking-route" Other`
    t =    13.22s Checking existence of `"PhraseArticle.BottomSentinel.viet-phrase-city-hcmc-place-cho-lon-walking-route" Other`
    t =    13.24s Find the "PhraseArticle.BottomSentinel.viet-phrase-city-hcmc-place-cho-lon-walking-route" Other
    t =    13.26s Checking existence of `TabBar (First Match)`
    t =    13.26s Find the TabBar (First Match)
    t =    13.27s Find the Target Application 'app.speaklocal.vietnam.native'
    t =    13.36s Terminate app.speaklocal.vietnam.native:9770
    t =    14.43s Tear Down
Test Case '-[SpeakLocalNativeUITests.CityAppDetailV22RenderProofUITests testCaptureCityAppDetailV22RenderProofBatch]' passed (14.506 seconds).
Test Suite 'CityAppDetailV22RenderProofUITests' passed at 2026-06-01 06:40:39.147.
	 Executed 1 test, with 0 failures (0 unexpected) in 14.506 (14.508) seconds
Test Suite 'SpeakLocalNativeUITests.xctest' passed at 2026-06-01 06:40:39.148.
	 Executed 1 test, with 0 failures (0 unexpected) in 14.506 (14.509) seconds
Test Suite 'Selected tests' passed at 2026-06-01 06:40:39.149.
	 Executed 1 test, with 0 failures (0 unexpected) in 14.506 (14.510) seconds

Test session results, code coverage, and logs:
	/Users/jojolim/Library/Developer/XcodeBuildMCP/workspaces/orchestrator-309442864093/DerivedData/SpeakLocalNative-8f3e721625a0/Logs/Test/Test-SpeakLocalNative-2026.06.01_06-40-23-+0700.xcresult

** TEST EXECUTE SUCCEEDED **

Testing started

2026-06-01 06:40:24.696 xcodebuild[9586:8068123] [MT] IDELaunchParametersSnapshot: The operation couldn’t be completed. (DebuggerLLDB.DebuggerVersionStore.StoreError error 0.)
2026-06-01 06:40:24.696 xcodebuild[9586:8068123] [MT] IDELaunchParametersSnapshot: no debugger version
2026-06-01 06:40:34.523 xcodebuild[9586:8068123] [MT] IDELaunchParametersSnapshot: The operation couldn’t be completed. (DebuggerLLDB.DebuggerVersionStore.StoreError error 0.)
2026-06-01 06:40:34.523 xcodebuild[9586:8068123] [MT] IDELaunchParametersSnapshot: no debugger version
2026-06-01 06:40:39.456 xcodebuild[9586:8068123] [MT] IDETestOperationsObserverDebug: 15.983 elapsed -- Testing started completed.
2026-06-01 06:40:39.456 xcodebuild[9586:8068123] [MT] IDETestOperationsObserverDebug: 0.000 sec, +0.000 sec -- start
2026-06-01 06:40:39.456 xcodebuild[9586:8068123] [MT] IDETestOperationsObserverDebug: 15.983 sec, +15.983 sec -- end
