Command line invocation:
    /Applications/Xcode.app/Contents/Developer/usr/bin/xcodebuild test-without-building -project /Users/jojolim/Developer/products/speaklocal/app-family/.worktrees/city-listings-production-ready/native-ios/SpeakLocalNative.xcodeproj -scheme SpeakLocalNative -destination "platform=iOS Simulator,id=7C386DD3-4BF1-4A34-A918-768C43CD1258" -derivedDataPath /Users/jojolim/Library/Developer/XcodeBuildMCP/workspaces/orchestrator-309442864093/DerivedData/SpeakLocalNative-8f3e721625a0 "-only-testing:SpeakLocalNativeUITests/CityAppDetailV22RenderProofUITests/testCaptureCityAppDetailV22RenderProofBatch"

2026-06-01 08:25:38.006728+0700 SpeakLocalNativeUITests-Runner[32037:8503582] [Default] Running tests...
    t =      nans Interface orientation changed to Portrait
Test Suite 'Selected tests' started at 2026-06-01 08:25:38.378.
Test Suite 'SpeakLocalNativeUITests.xctest' started at 2026-06-01 08:25:38.378.
Test Suite 'CityAppDetailV22RenderProofUITests' started at 2026-06-01 08:25:38.378.
Test Case '-[SpeakLocalNativeUITests.CityAppDetailV22RenderProofUITests testCaptureCityAppDetailV22RenderProofBatch]' started.
    t =     0.00s Start Test at 2026-06-01 08:25:38.379
    t =     0.02s Set Up
    t =     0.02s Open app.speaklocal.vietnam.native
    t =     0.02s     Launch app.speaklocal.vietnam.native
objc[32037]: Class UIAccessibilityLoaderWebShared is implemented in both /Library/Developer/CoreSimulator/Volumes/iOS_23F77/Library/Developer/CoreSimulator/Profiles/Runtimes/iOS 26.5.simruntime/Contents/Resources/RuntimeRoot/System/Library/AccessibilityBundles/WebCore.axbundle/WebCore (0x105bbc310) and /Library/Developer/CoreSimulator/Volumes/iOS_23F77/Library/Developer/CoreSimulator/Profiles/Runtimes/iOS 26.5.simruntime/Contents/Resources/RuntimeRoot/System/Library/AccessibilityBundles/WebKit.axbundle/WebKit (0x106068398). This may cause spurious casting failures and mysterious crashes. One of the duplicates must be removed or renamed.
    t =     1.90s         Setting up automation session
    t =     2.37s         Wait for app.speaklocal.vietnam.native to idle
    t =     3.87s Checking existence of `"Thuyền hoa đăng Hội An" StaticText`
    t =     4.02s Waiting 8.0s for "Thuyền hoa đăng Hội An" StaticText to exist
    t =     5.04s     Checking `Expect predicate `existsNoRetry == 1` for object "Thuyền hoa đăng Hội An" StaticText`
    t =     5.04s         Checking existence of `"Thuyền hoa đăng Hội An" StaticText`
    t =     5.20s Swipe up Target Application 'app.speaklocal.vietnam.native'
    t =     5.20s     Wait for app.speaklocal.vietnam.native to idle
    t =     5.20s     Find the Target Application 'app.speaklocal.vietnam.native'
    t =     5.21s     Check for interrupting elements affecting "SpeakLocal Vietnam" Application
    t =     5.23s     Synthesize event
    t =     5.66s     Wait for app.speaklocal.vietnam.native to idle
    t =     7.77s Swipe up Target Application 'app.speaklocal.vietnam.native'
    t =     7.77s     Wait for app.speaklocal.vietnam.native to idle
    t =     7.77s     Find the Target Application 'app.speaklocal.vietnam.native'
    t =     7.79s     Check for interrupting elements affecting "SpeakLocal Vietnam" Application
    t =     7.82s     Synthesize event
    t =     8.24s     Wait for app.speaklocal.vietnam.native to idle
    t =     8.99s Terminate app.speaklocal.vietnam.native:32119
    t =    10.01s Open app.speaklocal.vietnam.native
    t =    10.01s     Launch app.speaklocal.vietnam.native
    t =    10.22s         Setting up automation session
    t =    10.72s         Wait for app.speaklocal.vietnam.native to idle
    t =    12.22s Waiting 4.0s for TabBar (First Match) to exist
    t =    13.27s     Checking `Expect predicate `existsNoRetry == 1` for object TabBar (First Match)`
    t =    13.27s         Checking existence of `TabBar (First Match)`
    t =    13.33s Checking existence of `"PhraseArticle.BottomSentinel.viet-family-city-hoian-place-lantern-boat" Other`
    t =    13.41s Checking existence of `"PhraseArticle.BottomSentinel.viet-phrase-city-hoian-place-lantern-boat" Other`
    t =    13.43s Find the "PhraseArticle.BottomSentinel.viet-phrase-city-hoian-place-lantern-boat" Other
    t =    13.45s Checking existence of `TabBar (First Match)`
    t =    13.46s Find the TabBar (First Match)
    t =    13.47s Find the Target Application 'app.speaklocal.vietnam.native'
    t =    13.56s Terminate app.speaklocal.vietnam.native:32218
    t =    14.64s Tear Down
Test Case '-[SpeakLocalNativeUITests.CityAppDetailV22RenderProofUITests testCaptureCityAppDetailV22RenderProofBatch]' passed (14.688 seconds).
Test Suite 'CityAppDetailV22RenderProofUITests' passed at 2026-06-01 08:25:53.068.
	 Executed 1 test, with 0 failures (0 unexpected) in 14.688 (14.690) seconds
Test Suite 'SpeakLocalNativeUITests.xctest' passed at 2026-06-01 08:25:53.069.
	 Executed 1 test, with 0 failures (0 unexpected) in 14.688 (14.691) seconds
Test Suite 'Selected tests' passed at 2026-06-01 08:25:53.070.
	 Executed 1 test, with 0 failures (0 unexpected) in 14.688 (14.692) seconds

Test session results, code coverage, and logs:
	/Users/jojolim/Library/Developer/XcodeBuildMCP/workspaces/orchestrator-309442864093/DerivedData/SpeakLocalNative-8f3e721625a0/Logs/Test/Test-SpeakLocalNative-2026.06.01_08-25-37-+0700.xcresult

** TEST EXECUTE SUCCEEDED **

Testing started

2026-06-01 08:25:38.444 xcodebuild[32035:8503425] [MT] IDELaunchParametersSnapshot: The operation couldn’t be completed. (DebuggerLLDB.DebuggerVersionStore.StoreError error 0.)
2026-06-01 08:25:38.444 xcodebuild[32035:8503425] [MT] IDELaunchParametersSnapshot: no debugger version
2026-06-01 08:25:48.389 xcodebuild[32035:8503425] [MT] IDELaunchParametersSnapshot: The operation couldn’t be completed. (DebuggerLLDB.DebuggerVersionStore.StoreError error 0.)
2026-06-01 08:25:48.389 xcodebuild[32035:8503425] [MT] IDELaunchParametersSnapshot: no debugger version
2026-06-01 08:25:53.377 xcodebuild[32035:8503425] [MT] IDETestOperationsObserverDebug: 16.182 elapsed -- Testing started completed.
2026-06-01 08:25:53.377 xcodebuild[32035:8503425] [MT] IDETestOperationsObserverDebug: 0.000 sec, +0.000 sec -- start
2026-06-01 08:25:53.377 xcodebuild[32035:8503425] [MT] IDETestOperationsObserverDebug: 16.182 sec, +16.182 sec -- end
