Command line invocation:
    /Applications/Xcode.app/Contents/Developer/usr/bin/xcodebuild test-without-building -project /Users/jojolim/Developer/products/speaklocal/app-family/.worktrees/city-listings-production-ready/native-ios/SpeakLocalNative.xcodeproj -scheme SpeakLocalNative -destination "platform=iOS Simulator,id=7C386DD3-4BF1-4A34-A918-768C43CD1258" -derivedDataPath /Users/jojolim/Library/Developer/XcodeBuildMCP/workspaces/orchestrator-309442864093/DerivedData/SpeakLocalNative-8f3e721625a0 "-only-testing:SpeakLocalNativeUITests/CityAppDetailV22RenderProofUITests/testCaptureCityAppDetailV22RenderProofBatch"

2026-06-01 04:36:01.098235+0700 SpeakLocalNativeUITests-Runner[33586:7529143] [Default] Running tests...
    t =      nans Interface orientation changed to Portrait
Test Suite 'Selected tests' started at 2026-06-01 04:36:01.469.
Test Suite 'SpeakLocalNativeUITests.xctest' started at 2026-06-01 04:36:01.470.
Test Suite 'CityAppDetailV22RenderProofUITests' started at 2026-06-01 04:36:01.470.
Test Case '-[SpeakLocalNativeUITests.CityAppDetailV22RenderProofUITests testCaptureCityAppDetailV22RenderProofBatch]' started.
    t =     0.00s Start Test at 2026-06-01 04:36:01.470
    t =     0.02s Set Up
    t =     0.02s Open app.speaklocal.vietnam.native
    t =     0.02s     Launch app.speaklocal.vietnam.native
objc[33586]: Class UIAccessibilityLoaderWebShared is implemented in both /Library/Developer/CoreSimulator/Volumes/iOS_23F77/Library/Developer/CoreSimulator/Profiles/Runtimes/iOS 26.5.simruntime/Contents/Resources/RuntimeRoot/System/Library/AccessibilityBundles/WebCore.axbundle/WebCore (0x108bf4310) and /Library/Developer/CoreSimulator/Volumes/iOS_23F77/Library/Developer/CoreSimulator/Profiles/Runtimes/iOS 26.5.simruntime/Contents/Resources/RuntimeRoot/System/Library/AccessibilityBundles/WebKit.axbundle/WebKit (0x10892c398). This may cause spurious casting failures and mysterious crashes. One of the duplicates must be removed or renamed.
    t =     1.89s         Setting up automation session
    t =     2.40s         Wait for app.speaklocal.vietnam.native to idle
    t =     3.85s Checking existence of `"Bảo tàng Văn học Việt Nam" StaticText`
    t =     4.00s Waiting 8.0s for "Bảo tàng Văn học Việt Nam" StaticText to exist
    t =     5.06s     Checking `Expect predicate `existsNoRetry == 1` for object "Bảo tàng Văn học Việt Nam" StaticText`
    t =     5.06s         Checking existence of `"Bảo tàng Văn học Việt Nam" StaticText`
    t =     5.23s Swipe up Target Application 'app.speaklocal.vietnam.native'
    t =     5.23s     Wait for app.speaklocal.vietnam.native to idle
    t =     5.23s     Find the Target Application 'app.speaklocal.vietnam.native'
    t =     5.24s     Check for interrupting elements affecting "SpeakLocal Vietnam" Application
    t =     5.26s     Synthesize event
    t =     5.68s     Wait for app.speaklocal.vietnam.native to idle
    t =     7.78s Swipe up Target Application 'app.speaklocal.vietnam.native'
    t =     7.78s     Wait for app.speaklocal.vietnam.native to idle
    t =     7.79s     Find the Target Application 'app.speaklocal.vietnam.native'
    t =     7.81s     Check for interrupting elements affecting "SpeakLocal Vietnam" Application
    t =     7.84s     Synthesize event
    t =     8.26s     Wait for app.speaklocal.vietnam.native to idle
    t =     9.04s Terminate app.speaklocal.vietnam.native:33665
    t =    10.13s Open app.speaklocal.vietnam.native
    t =    10.13s     Launch app.speaklocal.vietnam.native
    t =    10.35s         Setting up automation session
    t =    10.81s         Wait for app.speaklocal.vietnam.native to idle
    t =    12.28s Waiting 4.0s for TabBar (First Match) to exist
    t =    13.35s     Checking `Expect predicate `existsNoRetry == 1` for object TabBar (First Match)`
    t =    13.35s         Checking existence of `TabBar (First Match)`
    t =    13.41s Checking existence of `"PhraseArticle.BottomSentinel.viet-family-city-hanoi-place-literature-museum" Other`
    t =    13.48s Checking existence of `"PhraseArticle.BottomSentinel.viet-phrase-city-hanoi-place-literature-museum" Other`
    t =    13.51s Find the "PhraseArticle.BottomSentinel.viet-phrase-city-hanoi-place-literature-museum" Other
    t =    13.53s Checking existence of `TabBar (First Match)`
    t =    13.53s Find the TabBar (First Match)
    t =    13.54s Find the Target Application 'app.speaklocal.vietnam.native'
    t =    13.63s Terminate app.speaklocal.vietnam.native:33755
    t =    14.72s Tear Down
Test Case '-[SpeakLocalNativeUITests.CityAppDetailV22RenderProofUITests testCaptureCityAppDetailV22RenderProofBatch]' passed (14.781 seconds).
Test Suite 'CityAppDetailV22RenderProofUITests' passed at 2026-06-01 04:36:16.252.
	 Executed 1 test, with 0 failures (0 unexpected) in 14.781 (14.783) seconds
Test Suite 'SpeakLocalNativeUITests.xctest' passed at 2026-06-01 04:36:16.253.
	 Executed 1 test, with 0 failures (0 unexpected) in 14.781 (14.784) seconds
Test Suite 'Selected tests' passed at 2026-06-01 04:36:16.254.
	 Executed 1 test, with 0 failures (0 unexpected) in 14.781 (14.785) seconds

Test session results, code coverage, and logs:
	/Users/jojolim/Library/Developer/XcodeBuildMCP/workspaces/orchestrator-309442864093/DerivedData/SpeakLocalNative-8f3e721625a0/Logs/Test/Test-SpeakLocalNative-2026.06.01_04-36-00-+0700.xcresult

** TEST EXECUTE SUCCEEDED **

Testing started

2026-06-01 04:36:01.533 xcodebuild[33584:7528964] [MT] IDELaunchParametersSnapshot: The operation couldn’t be completed. (DebuggerLLDB.DebuggerVersionStore.StoreError error 0.)
2026-06-01 04:36:01.533 xcodebuild[33584:7528964] [MT] IDELaunchParametersSnapshot: no debugger version
2026-06-01 04:36:11.603 xcodebuild[33584:7528964] [MT] IDELaunchParametersSnapshot: The operation couldn’t be completed. (DebuggerLLDB.DebuggerVersionStore.StoreError error 0.)
2026-06-01 04:36:11.603 xcodebuild[33584:7528964] [MT] IDELaunchParametersSnapshot: no debugger version
2026-06-01 04:36:16.560 xcodebuild[33584:7528964] [MT] IDETestOperationsObserverDebug: 16.290 elapsed -- Testing started completed.
2026-06-01 04:36:16.560 xcodebuild[33584:7528964] [MT] IDETestOperationsObserverDebug: 0.000 sec, +0.000 sec -- start
2026-06-01 04:36:16.560 xcodebuild[33584:7528964] [MT] IDETestOperationsObserverDebug: 16.290 sec, +16.290 sec -- end
