Command line invocation:
    /Applications/Xcode.app/Contents/Developer/usr/bin/xcodebuild test-without-building -project /Users/jojolim/Developer/products/speaklocal/app-family/.worktrees/city-listings-production-ready/native-ios/SpeakLocalNative.xcodeproj -scheme SpeakLocalNative -destination "platform=iOS Simulator,id=7C386DD3-4BF1-4A34-A918-768C43CD1258" -derivedDataPath /Users/jojolim/Library/Developer/XcodeBuildMCP/workspaces/orchestrator-309442864093/DerivedData/SpeakLocalNative-8f3e721625a0 "-only-testing:SpeakLocalNativeUITests/CityAppDetailV22RenderProofUITests/testCaptureCityAppDetailV22RenderProofBatch"

2026-06-01 23:38:48.580735+0700 SpeakLocalNativeUITests-Runner[17491:10222573] [Default] Running tests...
    t =      nans Interface orientation changed to Portrait
Test Suite 'Selected tests' started at 2026-06-01 23:38:48.954.
Test Suite 'SpeakLocalNativeUITests.xctest' started at 2026-06-01 23:38:48.954.
Test Suite 'CityAppDetailV22RenderProofUITests' started at 2026-06-01 23:38:48.954.
Test Case '-[SpeakLocalNativeUITests.CityAppDetailV22RenderProofUITests testCaptureCityAppDetailV22RenderProofBatch]' started.
    t =     0.00s Start Test at 2026-06-01 23:38:48.954
    t =     0.02s Set Up
    t =     0.02s Open app.speaklocal.vietnam.native
    t =     0.02s     Launch app.speaklocal.vietnam.native
objc[17491]: Class UIAccessibilityLoaderWebShared is implemented in both /Library/Developer/CoreSimulator/Volumes/iOS_23F77/Library/Developer/CoreSimulator/Profiles/Runtimes/iOS 26.5.simruntime/Contents/Resources/RuntimeRoot/System/Library/AccessibilityBundles/WebCore.axbundle/WebCore (0x109e18310) and /Library/Developer/CoreSimulator/Volumes/iOS_23F77/Library/Developer/CoreSimulator/Profiles/Runtimes/iOS 26.5.simruntime/Contents/Resources/RuntimeRoot/System/Library/AccessibilityBundles/WebKit.axbundle/WebKit (0x109b50398). This may cause spurious casting failures and mysterious crashes. One of the duplicates must be removed or renamed.
    t =     2.11s         Setting up automation session
    t =     3.00s         Wait for app.speaklocal.vietnam.native to idle
    t =     4.80s Checking existence of `"Đi bộ Chợ Lớn" StaticText`
    t =     4.97s Waiting 8.0s for "Đi bộ Chợ Lớn" StaticText to exist
    t =     6.04s     Checking `Expect predicate `existsNoRetry == 1` for object "Đi bộ Chợ Lớn" StaticText`
    t =     6.04s         Checking existence of `"Đi bộ Chợ Lớn" StaticText`
    t =     6.18s Swipe up Target Application 'app.speaklocal.vietnam.native'
    t =     6.18s     Wait for app.speaklocal.vietnam.native to idle
    t =     6.18s     Find the Target Application 'app.speaklocal.vietnam.native'
    t =     6.20s     Check for interrupting elements affecting "SpeakLocal Vietnam" Application
    t =     6.22s     Synthesize event
    t =     6.64s     Wait for app.speaklocal.vietnam.native to idle
    t =     8.74s Swipe up Target Application 'app.speaklocal.vietnam.native'
    t =     8.74s     Wait for app.speaklocal.vietnam.native to idle
    t =     9.21s     Find the Target Application 'app.speaklocal.vietnam.native'
    t =     9.24s     Check for interrupting elements affecting "SpeakLocal Vietnam" Application
    t =     9.25s     Synthesize event
    t =     9.67s     Wait for app.speaklocal.vietnam.native to idle
    t =    10.33s Terminate app.speaklocal.vietnam.native:17572
    t =    11.42s Open app.speaklocal.vietnam.native
    t =    11.42s     Launch app.speaklocal.vietnam.native
    t =    11.64s         Setting up automation session
    t =    12.15s         Wait for app.speaklocal.vietnam.native to idle
    t =    13.65s Waiting 4.0s for TabBar (First Match) to exist
    t =    14.72s     Checking `Expect predicate `existsNoRetry == 1` for object TabBar (First Match)`
    t =    14.72s         Checking existence of `TabBar (First Match)`
    t =    14.77s Checking existence of `"PhraseArticle.BottomSentinel.viet-family-city-hcmc-place-cho-lon-walking-route" Other`
    t =    14.87s Checking existence of `"PhraseArticle.BottomSentinel.viet-phrase-city-hcmc-place-cho-lon-walking-route" Other`
    t =    14.89s Find the "PhraseArticle.BottomSentinel.viet-phrase-city-hcmc-place-cho-lon-walking-route" Other
    t =    14.92s Checking existence of `TabBar (First Match)`
    t =    14.92s Find the TabBar (First Match)
    t =    14.93s Find the Target Application 'app.speaklocal.vietnam.native'
    t =    15.04s Terminate app.speaklocal.vietnam.native:17733
    t =    16.13s Tear Down
Test Case '-[SpeakLocalNativeUITests.CityAppDetailV22RenderProofUITests testCaptureCityAppDetailV22RenderProofBatch]' passed (16.183 seconds).
Test Suite 'CityAppDetailV22RenderProofUITests' passed at 2026-06-01 23:39:05.138.
	 Executed 1 test, with 0 failures (0 unexpected) in 16.183 (16.184) seconds
Test Suite 'SpeakLocalNativeUITests.xctest' passed at 2026-06-01 23:39:05.138.
	 Executed 1 test, with 0 failures (0 unexpected) in 16.183 (16.184) seconds
Test Suite 'Selected tests' passed at 2026-06-01 23:39:05.139.
	 Executed 1 test, with 0 failures (0 unexpected) in 16.183 (16.185) seconds

Test session results, code coverage, and logs:
	/Users/jojolim/Library/Developer/XcodeBuildMCP/workspaces/orchestrator-309442864093/DerivedData/SpeakLocalNative-8f3e721625a0/Logs/Test/Test-SpeakLocalNative-2026.06.01_23-38-47-+0700.xcresult

** TEST EXECUTE SUCCEEDED **

Testing started

2026-06-01 23:38:49.019 xcodebuild[17475:10222389] [MT] IDELaunchParametersSnapshot: The operation couldn’t be completed. (DebuggerLLDB.DebuggerVersionStore.StoreError error 0.)
2026-06-01 23:38:49.019 xcodebuild[17475:10222389] [MT] IDELaunchParametersSnapshot: no debugger version
2026-06-01 23:39:00.378 xcodebuild[17475:10222389] [MT] IDELaunchParametersSnapshot: The operation couldn’t be completed. (DebuggerLLDB.DebuggerVersionStore.StoreError error 0.)
2026-06-01 23:39:00.378 xcodebuild[17475:10222389] [MT] IDELaunchParametersSnapshot: no debugger version
2026-06-01 23:39:05.430 xcodebuild[17475:10222389] [MT] IDETestOperationsObserverDebug: 17.655 elapsed -- Testing started completed.
2026-06-01 23:39:05.430 xcodebuild[17475:10222389] [MT] IDETestOperationsObserverDebug: 0.000 sec, +0.000 sec -- start
2026-06-01 23:39:05.430 xcodebuild[17475:10222389] [MT] IDETestOperationsObserverDebug: 17.655 sec, +17.655 sec -- end
