Command line invocation:
    /Applications/Xcode.app/Contents/Developer/usr/bin/xcodebuild test-without-building -project /Users/jojolim/Developer/products/speaklocal/app-family/.worktrees/city-listings-production-ready/native-ios/SpeakLocalNative.xcodeproj -scheme SpeakLocalNative -destination "platform=iOS Simulator,id=7C386DD3-4BF1-4A34-A918-768C43CD1258" -derivedDataPath /Users/jojolim/Library/Developer/XcodeBuildMCP/workspaces/orchestrator-309442864093/DerivedData/SpeakLocalNative-8f3e721625a0 "-only-testing:SpeakLocalNativeUITests/CityAppDetailV22RenderProofUITests/testCaptureCityAppDetailV22RenderProofBatch"

2026-06-01 07:21:47.959481+0700 SpeakLocalNativeUITests-Runner[55300:8248450] [Default] Running tests...
    t =      nans Interface orientation changed to Portrait
Test Suite 'Selected tests' started at 2026-06-01 07:21:48.327.
Test Suite 'SpeakLocalNativeUITests.xctest' started at 2026-06-01 07:21:48.327.
Test Suite 'CityAppDetailV22RenderProofUITests' started at 2026-06-01 07:21:48.327.
Test Case '-[SpeakLocalNativeUITests.CityAppDetailV22RenderProofUITests testCaptureCityAppDetailV22RenderProofBatch]' started.
    t =     0.00s Start Test at 2026-06-01 07:21:48.328
    t =     0.02s Set Up
    t =     0.02s Open app.speaklocal.vietnam.native
    t =     0.02s     Launch app.speaklocal.vietnam.native
objc[55300]: Class UIAccessibilityLoaderWebShared is implemented in both /Library/Developer/CoreSimulator/Volumes/iOS_23F77/Library/Developer/CoreSimulator/Profiles/Runtimes/iOS 26.5.simruntime/Contents/Resources/RuntimeRoot/System/Library/AccessibilityBundles/WebCore.axbundle/WebCore (0x1066dc310) and /Library/Developer/CoreSimulator/Volumes/iOS_23F77/Library/Developer/CoreSimulator/Profiles/Runtimes/iOS 26.5.simruntime/Contents/Resources/RuntimeRoot/System/Library/AccessibilityBundles/WebKit.axbundle/WebKit (0x105f5c398). This may cause spurious casting failures and mysterious crashes. One of the duplicates must be removed or renamed.
    t =     2.12s         Setting up automation session
    t =     2.56s         Wait for app.speaklocal.vietnam.native to idle
    t =     4.05s Checking existence of `"Cơm tấm ở Thành phố Hồ Chí Minh" StaticText`
    t =     4.18s Waiting 8.0s for "Cơm tấm ở Thành phố Hồ Chí Minh" StaticText to exist
    t =     5.23s     Checking `Expect predicate `existsNoRetry == 1` for object "Cơm tấm ở Thành phố Hồ Chí Minh" StaticText`
    t =     5.23s         Checking existence of `"Cơm tấm ở Thành phố Hồ Chí Minh" StaticText`
    t =     5.38s Swipe up Target Application 'app.speaklocal.vietnam.native'
    t =     5.38s     Wait for app.speaklocal.vietnam.native to idle
    t =     5.38s     Find the Target Application 'app.speaklocal.vietnam.native'
    t =     5.39s     Check for interrupting elements affecting "SpeakLocal Vietnam" Application
    t =     5.41s     Synthesize event
    t =     5.83s     Wait for app.speaklocal.vietnam.native to idle
    t =     7.98s Swipe up Target Application 'app.speaklocal.vietnam.native'
    t =     7.98s     Wait for app.speaklocal.vietnam.native to idle
    t =     7.98s     Find the Target Application 'app.speaklocal.vietnam.native'
    t =     8.00s     Check for interrupting elements affecting "SpeakLocal Vietnam" Application
    t =     8.03s     Synthesize event
    t =     8.46s     Wait for app.speaklocal.vietnam.native to idle
    t =     9.11s Terminate app.speaklocal.vietnam.native:55386
    t =    10.18s Open app.speaklocal.vietnam.native
    t =    10.18s     Launch app.speaklocal.vietnam.native
    t =    10.40s         Setting up automation session
    t =    10.91s         Wait for app.speaklocal.vietnam.native to idle
    t =    12.38s Waiting 4.0s for TabBar (First Match) to exist
    t =    13.43s     Checking `Expect predicate `existsNoRetry == 1` for object TabBar (First Match)`
    t =    13.43s         Checking existence of `TabBar (First Match)`
    t =    13.49s Checking existence of `"PhraseArticle.BottomSentinel.viet-family-city-hcmc-place-com-tam" Other`
    t =    13.57s Checking existence of `"PhraseArticle.BottomSentinel.viet-phrase-city-hcmc-place-com-tam" Other`
    t =    13.59s Find the "PhraseArticle.BottomSentinel.viet-phrase-city-hcmc-place-com-tam" Other
    t =    13.61s Checking existence of `TabBar (First Match)`
    t =    13.61s Find the TabBar (First Match)
    t =    13.62s Find the Target Application 'app.speaklocal.vietnam.native'
    t =    13.71s Terminate app.speaklocal.vietnam.native:55465
    t =    14.76s Tear Down
Test Case '-[SpeakLocalNativeUITests.CityAppDetailV22RenderProofUITests testCaptureCityAppDetailV22RenderProofBatch]' passed (14.815 seconds).
Test Suite 'CityAppDetailV22RenderProofUITests' passed at 2026-06-01 07:22:03.143.
	 Executed 1 test, with 0 failures (0 unexpected) in 14.815 (14.816) seconds
Test Suite 'SpeakLocalNativeUITests.xctest' passed at 2026-06-01 07:22:03.144.
	 Executed 1 test, with 0 failures (0 unexpected) in 14.815 (14.817) seconds
Test Suite 'Selected tests' passed at 2026-06-01 07:22:03.145.
	 Executed 1 test, with 0 failures (0 unexpected) in 14.815 (14.818) seconds

Test session results, code coverage, and logs:
	/Users/jojolim/Library/Developer/XcodeBuildMCP/workspaces/orchestrator-309442864093/DerivedData/SpeakLocalNative-8f3e721625a0/Logs/Test/Test-SpeakLocalNative-2026.06.01_07-21-46-+0700.xcresult

** TEST EXECUTE SUCCEEDED **

Testing started

2026-06-01 07:21:48.388 xcodebuild[55298:8248279] [MT] IDELaunchParametersSnapshot: The operation couldn’t be completed. (DebuggerLLDB.DebuggerVersionStore.StoreError error 0.)
2026-06-01 07:21:48.388 xcodebuild[55298:8248279] [MT] IDELaunchParametersSnapshot: no debugger version
2026-06-01 07:21:58.511 xcodebuild[55298:8248279] [MT] IDELaunchParametersSnapshot: The operation couldn’t be completed. (DebuggerLLDB.DebuggerVersionStore.StoreError error 0.)
2026-06-01 07:21:58.511 xcodebuild[55298:8248279] [MT] IDELaunchParametersSnapshot: no debugger version
2026-06-01 07:22:03.450 xcodebuild[55298:8248279] [MT] IDETestOperationsObserverDebug: 16.337 elapsed -- Testing started completed.
2026-06-01 07:22:03.450 xcodebuild[55298:8248279] [MT] IDETestOperationsObserverDebug: 0.000 sec, +0.000 sec -- start
2026-06-01 07:22:03.450 xcodebuild[55298:8248279] [MT] IDETestOperationsObserverDebug: 16.337 sec, +16.337 sec -- end
