Command line invocation:
    /Applications/Xcode.app/Contents/Developer/usr/bin/xcodebuild test-without-building -project /Users/jojolim/Developer/products/speaklocal/app-family/.worktrees/city-listings-production-ready/native-ios/SpeakLocalNative.xcodeproj -scheme SpeakLocalNative -destination "platform=iOS Simulator,id=7C386DD3-4BF1-4A34-A918-768C43CD1258" -derivedDataPath /Users/jojolim/Library/Developer/XcodeBuildMCP/workspaces/orchestrator-309442864093/DerivedData/SpeakLocalNative-8f3e721625a0 "-only-testing:SpeakLocalNativeUITests/CityAppDetailV22RenderProofUITests/testCaptureCityAppDetailV22RenderProofBatch"

2026-06-01 06:04:46.901680+0700 SpeakLocalNativeUITests-Runner[50318:7902196] [Default] Running tests...
    t =      nans Interface orientation changed to Portrait
Test Suite 'Selected tests' started at 2026-06-01 06:04:47.276.
Test Suite 'SpeakLocalNativeUITests.xctest' started at 2026-06-01 06:04:47.277.
Test Suite 'CityAppDetailV22RenderProofUITests' started at 2026-06-01 06:04:47.277.
Test Case '-[SpeakLocalNativeUITests.CityAppDetailV22RenderProofUITests testCaptureCityAppDetailV22RenderProofBatch]' started.
    t =     0.00s Start Test at 2026-06-01 06:04:47.277
    t =     0.02s Set Up
    t =     0.02s Open app.speaklocal.vietnam.native
    t =     0.02s     Launch app.speaklocal.vietnam.native
objc[50318]: Class UIAccessibilityLoaderWebShared is implemented in both /Library/Developer/CoreSimulator/Volumes/iOS_23F77/Library/Developer/CoreSimulator/Profiles/Runtimes/iOS 26.5.simruntime/Contents/Resources/RuntimeRoot/System/Library/AccessibilityBundles/WebCore.axbundle/WebCore (0x108d20310) and /Library/Developer/CoreSimulator/Volumes/iOS_23F77/Library/Developer/CoreSimulator/Profiles/Runtimes/iOS 26.5.simruntime/Contents/Resources/RuntimeRoot/System/Library/AccessibilityBundles/WebKit.axbundle/WebKit (0x10858c398). This may cause spurious casting failures and mysterious crashes. One of the duplicates must be removed or renamed.
    t =     1.88s         Setting up automation session
    t =     2.30s         Wait for app.speaklocal.vietnam.native to idle
    t =     3.75s Checking existence of `"Chùa Linh Ứng" StaticText`
    t =     3.90s Waiting 8.0s for "Chùa Linh Ứng" StaticText to exist
    t =     4.96s     Checking `Expect predicate `existsNoRetry == 1` for object "Chùa Linh Ứng" StaticText`
    t =     4.97s         Checking existence of `"Chùa Linh Ứng" StaticText`
    t =     5.14s Swipe up Target Application 'app.speaklocal.vietnam.native'
    t =     5.14s     Wait for app.speaklocal.vietnam.native to idle
    t =     5.14s     Find the Target Application 'app.speaklocal.vietnam.native'
    t =     5.15s     Check for interrupting elements affecting "SpeakLocal Vietnam" Application
    t =     5.17s     Synthesize event
    t =     5.59s     Wait for app.speaklocal.vietnam.native to idle
    t =     7.70s Swipe up Target Application 'app.speaklocal.vietnam.native'
    t =     7.70s     Wait for app.speaklocal.vietnam.native to idle
    t =     7.70s     Find the Target Application 'app.speaklocal.vietnam.native'
    t =     7.73s     Check for interrupting elements affecting "SpeakLocal Vietnam" Application
    t =     7.75s     Synthesize event
    t =     8.18s     Wait for app.speaklocal.vietnam.native to idle
    t =     9.18s Terminate app.speaklocal.vietnam.native:50394
    t =    10.27s Open app.speaklocal.vietnam.native
    t =    10.27s     Launch app.speaklocal.vietnam.native
    t =    10.48s         Setting up automation session
    t =    10.94s         Wait for app.speaklocal.vietnam.native to idle
    t =    12.42s Waiting 4.0s for TabBar (First Match) to exist
    t =    13.49s     Checking `Expect predicate `existsNoRetry == 1` for object TabBar (First Match)`
    t =    13.49s         Checking existence of `TabBar (First Match)`
    t =    13.55s Checking existence of `"PhraseArticle.BottomSentinel.viet-family-city-danang-place-linh-ung-pagoda" Other`
    t =    13.63s Checking existence of `"PhraseArticle.BottomSentinel.viet-phrase-city-danang-place-linh-ung-pagoda" Other`
    t =    13.65s Find the "PhraseArticle.BottomSentinel.viet-phrase-city-danang-place-linh-ung-pagoda" Other
    t =    13.68s Checking existence of `TabBar (First Match)`
    t =    13.68s Find the TabBar (First Match)
    t =    13.69s Find the Target Application 'app.speaklocal.vietnam.native'
    t =    13.78s Terminate app.speaklocal.vietnam.native:50485
    t =    14.87s Tear Down
Test Case '-[SpeakLocalNativeUITests.CityAppDetailV22RenderProofUITests testCaptureCityAppDetailV22RenderProofBatch]' passed (14.965 seconds).
Test Suite 'CityAppDetailV22RenderProofUITests' passed at 2026-06-01 06:05:02.243.
	 Executed 1 test, with 0 failures (0 unexpected) in 14.965 (14.966) seconds
Test Suite 'SpeakLocalNativeUITests.xctest' passed at 2026-06-01 06:05:02.244.
	 Executed 1 test, with 0 failures (0 unexpected) in 14.965 (14.967) seconds
Test Suite 'Selected tests' passed at 2026-06-01 06:05:02.244.
	 Executed 1 test, with 0 failures (0 unexpected) in 14.965 (14.968) seconds

Test session results, code coverage, and logs:
	/Users/jojolim/Library/Developer/XcodeBuildMCP/workspaces/orchestrator-309442864093/DerivedData/SpeakLocalNative-8f3e721625a0/Logs/Test/Test-SpeakLocalNative-2026.06.01_06-04-45-+0700.xcresult

** TEST EXECUTE SUCCEEDED **

Testing started

2026-06-01 06:04:47.328 xcodebuild[50312:7902008] [MT] IDELaunchParametersSnapshot: The operation couldn’t be completed. (DebuggerLLDB.DebuggerVersionStore.StoreError error 0.)
2026-06-01 06:04:47.328 xcodebuild[50312:7902008] [MT] IDELaunchParametersSnapshot: no debugger version
2026-06-01 06:04:57.546 xcodebuild[50312:7902008] [MT] IDELaunchParametersSnapshot: The operation couldn’t be completed. (DebuggerLLDB.DebuggerVersionStore.StoreError error 0.)
2026-06-01 06:04:57.546 xcodebuild[50312:7902008] [MT] IDELaunchParametersSnapshot: no debugger version
2026-06-01 06:05:02.549 xcodebuild[50312:7902008] [MT] IDETestOperationsObserverDebug: 16.445 elapsed -- Testing started completed.
2026-06-01 06:05:02.549 xcodebuild[50312:7902008] [MT] IDETestOperationsObserverDebug: 0.000 sec, +0.000 sec -- start
2026-06-01 06:05:02.549 xcodebuild[50312:7902008] [MT] IDETestOperationsObserverDebug: 16.445 sec, +16.445 sec -- end
