Command line invocation:
    /Applications/Xcode.app/Contents/Developer/usr/bin/xcodebuild test-without-building -project /Users/jojolim/Developer/products/speaklocal/app-family/.worktrees/city-listings-production-ready/native-ios/SpeakLocalNative.xcodeproj -scheme SpeakLocalNative -destination "platform=iOS Simulator,id=7C386DD3-4BF1-4A34-A918-768C43CD1258" -derivedDataPath /Users/jojolim/Library/Developer/XcodeBuildMCP/workspaces/orchestrator-309442864093/DerivedData/SpeakLocalNative-8f3e721625a0 "-only-testing:SpeakLocalNativeUITests/CityAppDetailV22RenderProofUITests/testCaptureCityAppDetailV22RenderProofBatch"

2026-06-01 02:52:15.736532+0700 SpeakLocalNativeUITests-Runner[11351:7118332] [Default] Running tests...
    t =      nans Interface orientation changed to Portrait
Test Suite 'Selected tests' started at 2026-06-01 02:52:16.255.
Test Suite 'SpeakLocalNativeUITests.xctest' started at 2026-06-01 02:52:16.256.
Test Suite 'CityAppDetailV22RenderProofUITests' started at 2026-06-01 02:52:16.256.
Test Case '-[SpeakLocalNativeUITests.CityAppDetailV22RenderProofUITests testCaptureCityAppDetailV22RenderProofBatch]' started.
    t =     0.00s Start Test at 2026-06-01 02:52:16.256
    t =     0.02s Set Up
    t =     0.02s Open app.speaklocal.vietnam.native
    t =     0.02s     Launch app.speaklocal.vietnam.native
objc[11351]: Class UIAccessibilityLoaderWebShared is implemented in both /Library/Developer/CoreSimulator/Volumes/iOS_23F77/Library/Developer/CoreSimulator/Profiles/Runtimes/iOS 26.5.simruntime/Contents/Resources/RuntimeRoot/System/Library/AccessibilityBundles/WebCore.axbundle/WebCore (0x10a514310) and /Library/Developer/CoreSimulator/Volumes/iOS_23F77/Library/Developer/CoreSimulator/Profiles/Runtimes/iOS 26.5.simruntime/Contents/Resources/RuntimeRoot/System/Library/AccessibilityBundles/WebKit.axbundle/WebKit (0x109db4398). This may cause spurious casting failures and mysterious crashes. One of the duplicates must be removed or renamed.
    t =     2.53s         Setting up automation session
    t =     3.43s         Wait for app.speaklocal.vietnam.native to idle
    t =     5.26s Checking existence of `"Anăn Sài Gòn" StaticText`
    t =     5.52s Waiting 8.0s for "Anăn Sài Gòn" StaticText to exist
    t =     6.60s     Checking `Expect predicate `existsNoRetry == 1` for object "Anăn Sài Gòn" StaticText`
    t =     6.60s         Checking existence of `"Anăn Sài Gòn" StaticText`
    t =     6.75s Swipe up Target Application 'app.speaklocal.vietnam.native'
    t =     6.75s     Wait for app.speaklocal.vietnam.native to idle
    t =     6.75s     Find the Target Application 'app.speaklocal.vietnam.native'
    t =     6.78s     Check for interrupting elements affecting "SpeakLocal Vietnam" Application
    t =     6.80s     Synthesize event
    t =     7.22s     Wait for app.speaklocal.vietnam.native to idle
    t =     9.32s Swipe up Target Application 'app.speaklocal.vietnam.native'
    t =     9.32s     Wait for app.speaklocal.vietnam.native to idle
    t =     9.32s     Find the Target Application 'app.speaklocal.vietnam.native'
    t =     9.35s     Check for interrupting elements affecting "SpeakLocal Vietnam" Application
    t =     9.40s     Synthesize event
    t =     9.82s     Wait for app.speaklocal.vietnam.native to idle
    t =    11.09s Terminate app.speaklocal.vietnam.native:11429
    t =    12.18s Open app.speaklocal.vietnam.native
    t =    12.18s     Launch app.speaklocal.vietnam.native
    t =    12.39s         Setting up automation session
    t =    13.03s         Wait for app.speaklocal.vietnam.native to idle
    t =    14.89s Waiting 4.0s for TabBar (First Match) to exist
    t =    15.96s     Checking `Expect predicate `existsNoRetry == 1` for object TabBar (First Match)`
    t =    15.96s         Checking existence of `TabBar (First Match)`
    t =    16.02s Checking existence of `"PhraseArticle.BottomSentinel.viet-family-city-hcmc-place-anan-saigon" Other`
    t =    16.14s Checking existence of `"PhraseArticle.BottomSentinel.viet-phrase-city-hcmc-place-anan-saigon" Other`
    t =    16.16s Find the "PhraseArticle.BottomSentinel.viet-phrase-city-hcmc-place-anan-saigon" Other
    t =    16.19s Checking existence of `TabBar (First Match)`
    t =    16.20s Find the TabBar (First Match)
    t =    16.21s Find the Target Application 'app.speaklocal.vietnam.native'
    t =    16.34s Terminate app.speaklocal.vietnam.native:11522
    t =    17.42s Tear Down
Test Case '-[SpeakLocalNativeUITests.CityAppDetailV22RenderProofUITests testCaptureCityAppDetailV22RenderProofBatch]' passed (17.478 seconds).
Test Suite 'CityAppDetailV22RenderProofUITests' passed at 2026-06-01 02:52:33.735.
	 Executed 1 test, with 0 failures (0 unexpected) in 17.478 (17.479) seconds
Test Suite 'SpeakLocalNativeUITests.xctest' passed at 2026-06-01 02:52:33.735.
	 Executed 1 test, with 0 failures (0 unexpected) in 17.478 (17.480) seconds
Test Suite 'Selected tests' passed at 2026-06-01 02:52:33.736.
	 Executed 1 test, with 0 failures (0 unexpected) in 17.478 (17.480) seconds

Test session results, code coverage, and logs:
	/Users/jojolim/Library/Developer/XcodeBuildMCP/workspaces/orchestrator-309442864093/DerivedData/SpeakLocalNative-8f3e721625a0/Logs/Test/Test-SpeakLocalNative-2026.06.01_02-52-14-+0700.xcresult

** TEST EXECUTE SUCCEEDED **

Testing started

2026-06-01 02:52:16.310 xcodebuild[11332:7118110] [MT] IDELaunchParametersSnapshot: The operation couldn’t be completed. (DebuggerLLDB.DebuggerVersionStore.StoreError error 0.)
2026-06-01 02:52:16.310 xcodebuild[11332:7118110] [MT] IDELaunchParametersSnapshot: no debugger version
2026-06-01 02:52:28.440 xcodebuild[11332:7118110] [MT] IDELaunchParametersSnapshot: The operation couldn’t be completed. (DebuggerLLDB.DebuggerVersionStore.StoreError error 0.)
2026-06-01 02:52:28.440 xcodebuild[11332:7118110] [MT] IDELaunchParametersSnapshot: no debugger version
2026-06-01 02:52:34.033 xcodebuild[11332:7118110] [MT] IDETestOperationsObserverDebug: 19.490 elapsed -- Testing started completed.
2026-06-01 02:52:34.033 xcodebuild[11332:7118110] [MT] IDETestOperationsObserverDebug: 0.000 sec, +0.000 sec -- start
2026-06-01 02:52:34.033 xcodebuild[11332:7118110] [MT] IDETestOperationsObserverDebug: 19.490 sec, +19.490 sec -- end
