Command line invocation:
    /Applications/Xcode.app/Contents/Developer/usr/bin/xcodebuild test-without-building -project /Users/jojolim/Developer/products/speaklocal/app-family/.worktrees/city-listings-production-ready/native-ios/SpeakLocalNative.xcodeproj -scheme SpeakLocalNative -destination "platform=iOS Simulator,id=7C386DD3-4BF1-4A34-A918-768C43CD1258" -derivedDataPath /Users/jojolim/Library/Developer/XcodeBuildMCP/workspaces/orchestrator-309442864093/DerivedData/SpeakLocalNative-8f3e721625a0 "-only-testing:SpeakLocalNativeUITests/CityAppDetailV22RenderProofUITests/testCaptureCityAppDetailV22RenderProofBatch"

2026-06-01 07:32:48.998298+0700 SpeakLocalNativeUITests-Runner[67442:8290271] [Default] Running tests...
    t =      nans Interface orientation changed to Portrait
Test Suite 'Selected tests' started at 2026-06-01 07:32:49.378.
Test Suite 'SpeakLocalNativeUITests.xctest' started at 2026-06-01 07:32:49.378.
Test Suite 'CityAppDetailV22RenderProofUITests' started at 2026-06-01 07:32:49.378.
Test Case '-[SpeakLocalNativeUITests.CityAppDetailV22RenderProofUITests testCaptureCityAppDetailV22RenderProofBatch]' started.
    t =     0.00s Start Test at 2026-06-01 07:32:49.379
    t =     0.02s Set Up
    t =     0.02s Open app.speaklocal.vietnam.native
    t =     0.02s     Launch app.speaklocal.vietnam.native
objc[67442]: Class UIAccessibilityLoaderWebShared is implemented in both /Library/Developer/CoreSimulator/Volumes/iOS_23F77/Library/Developer/CoreSimulator/Profiles/Runtimes/iOS 26.5.simruntime/Contents/Resources/RuntimeRoot/System/Library/AccessibilityBundles/WebCore.axbundle/WebCore (0x1087cc310) and /Library/Developer/CoreSimulator/Volumes/iOS_23F77/Library/Developer/CoreSimulator/Profiles/Runtimes/iOS 26.5.simruntime/Contents/Resources/RuntimeRoot/System/Library/AccessibilityBundles/WebKit.axbundle/WebKit (0x1080f0398). This may cause spurious casting failures and mysterious crashes. One of the duplicates must be removed or renamed.
    t =     2.09s         Setting up automation session
    t =     2.59s         Wait for app.speaklocal.vietnam.native to idle
    t =     4.13s Checking existence of `"Công viên Thống Nhất" StaticText`
    t =     4.28s Waiting 8.0s for "Công viên Thống Nhất" StaticText to exist
    t =     5.31s     Checking `Expect predicate `existsNoRetry == 1` for object "Công viên Thống Nhất" StaticText`
    t =     5.31s         Checking existence of `"Công viên Thống Nhất" StaticText`
    t =     5.48s Swipe up Target Application 'app.speaklocal.vietnam.native'
    t =     5.48s     Wait for app.speaklocal.vietnam.native to idle
    t =     5.48s     Find the Target Application 'app.speaklocal.vietnam.native'
    t =     5.49s     Check for interrupting elements affecting "SpeakLocal Vietnam" Application
    t =     5.51s     Synthesize event
    t =     5.93s     Wait for app.speaklocal.vietnam.native to idle
    t =     8.03s Swipe up Target Application 'app.speaklocal.vietnam.native'
    t =     8.03s     Wait for app.speaklocal.vietnam.native to idle
    t =     8.03s     Find the Target Application 'app.speaklocal.vietnam.native'
    t =     8.05s     Check for interrupting elements affecting "SpeakLocal Vietnam" Application
    t =     8.08s     Synthesize event
    t =     8.50s     Wait for app.speaklocal.vietnam.native to idle
    t =     9.31s Terminate app.speaklocal.vietnam.native:67521
    t =    10.37s Open app.speaklocal.vietnam.native
    t =    10.37s     Launch app.speaklocal.vietnam.native
    t =    10.58s         Setting up automation session
    t =    11.10s         Wait for app.speaklocal.vietnam.native to idle
    t =    12.63s Waiting 4.0s for TabBar (First Match) to exist
    t =    13.66s     Checking `Expect predicate `existsNoRetry == 1` for object TabBar (First Match)`
    t =    13.66s         Checking existence of `TabBar (First Match)`
    t =    13.73s Checking existence of `"PhraseArticle.BottomSentinel.viet-family-city-hanoi-place-thong-nhat-park" Other`
    t =    13.81s Checking existence of `"PhraseArticle.BottomSentinel.viet-phrase-city-hanoi-place-thong-nhat-park" Other`
    t =    13.83s Find the "PhraseArticle.BottomSentinel.viet-phrase-city-hanoi-place-thong-nhat-park" Other
    t =    13.85s Checking existence of `TabBar (First Match)`
    t =    13.86s Find the TabBar (First Match)
    t =    13.87s Find the Target Application 'app.speaklocal.vietnam.native'
    t =    13.95s Terminate app.speaklocal.vietnam.native:67609
    t =    15.01s Tear Down
Test Case '-[SpeakLocalNativeUITests.CityAppDetailV22RenderProofUITests testCaptureCityAppDetailV22RenderProofBatch]' passed (15.072 seconds).
Test Suite 'CityAppDetailV22RenderProofUITests' passed at 2026-06-01 07:33:04.451.
	 Executed 1 test, with 0 failures (0 unexpected) in 15.072 (15.073) seconds
Test Suite 'SpeakLocalNativeUITests.xctest' passed at 2026-06-01 07:33:04.452.
	 Executed 1 test, with 0 failures (0 unexpected) in 15.072 (15.073) seconds
Test Suite 'Selected tests' passed at 2026-06-01 07:33:04.452.
	 Executed 1 test, with 0 failures (0 unexpected) in 15.072 (15.074) seconds

Test session results, code coverage, and logs:
	/Users/jojolim/Library/Developer/XcodeBuildMCP/workspaces/orchestrator-309442864093/DerivedData/SpeakLocalNative-8f3e721625a0/Logs/Test/Test-SpeakLocalNative-2026.06.01_07-32-48-+0700.xcresult

** TEST EXECUTE SUCCEEDED **

Testing started

2026-06-01 07:32:49.437 xcodebuild[67440:8290036] [MT] IDELaunchParametersSnapshot: The operation couldn’t be completed. (DebuggerLLDB.DebuggerVersionStore.StoreError error 0.)
2026-06-01 07:32:49.437 xcodebuild[67440:8290036] [MT] IDELaunchParametersSnapshot: no debugger version
2026-06-01 07:32:59.748 xcodebuild[67440:8290036] [MT] IDELaunchParametersSnapshot: The operation couldn’t be completed. (DebuggerLLDB.DebuggerVersionStore.StoreError error 0.)
2026-06-01 07:32:59.748 xcodebuild[67440:8290036] [MT] IDELaunchParametersSnapshot: no debugger version
2026-06-01 07:33:04.747 xcodebuild[67440:8290036] [MT] IDETestOperationsObserverDebug: 16.584 elapsed -- Testing started completed.
2026-06-01 07:33:04.747 xcodebuild[67440:8290036] [MT] IDETestOperationsObserverDebug: 0.000 sec, +0.000 sec -- start
2026-06-01 07:33:04.747 xcodebuild[67440:8290036] [MT] IDETestOperationsObserverDebug: 16.584 sec, +16.584 sec -- end
