Command line invocation:
    /Applications/Xcode.app/Contents/Developer/usr/bin/xcodebuild test-without-building -project native-ios/SpeakLocalNative.xcodeproj -scheme SpeakLocalNative -destination "platform=iOS Simulator,id=7C386DD3-4BF1-4A34-A918-768C43CD1258" -derivedDataPath /Users/jojolim/Library/Developer/XcodeBuildMCP/workspaces/orchestrator-309442864093/DerivedData/SpeakLocalNative-8f3e721625a0 "-only-testing:SpeakLocalNativeUITests/CityAppDetailV22RenderProofUITests/testCaptureCityAppDetailV22RenderProofBatch"

2026-06-01 02:02:53.067665+0700 SpeakLocalNativeUITests-Runner[62831:6948996] [Default] Running tests...
    t =      nans Interface orientation changed to Portrait
Test Suite 'Selected tests' started at 2026-06-01 02:02:53.629.
Test Suite 'SpeakLocalNativeUITests.xctest' started at 2026-06-01 02:02:53.629.
Test Suite 'CityAppDetailV22RenderProofUITests' started at 2026-06-01 02:02:53.629.
Test Case '-[SpeakLocalNativeUITests.CityAppDetailV22RenderProofUITests testCaptureCityAppDetailV22RenderProofBatch]' started.
    t =     0.00s Start Test at 2026-06-01 02:02:53.630
    t =     0.02s Set Up
    t =     0.02s Open app.speaklocal.vietnam.native
    t =     0.02s     Launch app.speaklocal.vietnam.native
2026-06-01 02:02:53.705 xcodebuild[62806:6948801] [MT] IDELaunchParametersSnapshot: The operation couldn’t be completed. (DebuggerLLDB.DebuggerVersionStore.StoreError error 0.)
2026-06-01 02:02:53.705 xcodebuild[62806:6948801] [MT] IDELaunchParametersSnapshot: no debugger version
objc[62831]: Class UIAccessibilityLoaderWebShared is implemented in both /Library/Developer/CoreSimulator/Volumes/iOS_23F77/Library/Developer/CoreSimulator/Profiles/Runtimes/iOS 26.5.simruntime/Contents/Resources/RuntimeRoot/System/Library/AccessibilityBundles/WebCore.axbundle/WebCore (0x10a7c8310) and /Library/Developer/CoreSimulator/Volumes/iOS_23F77/Library/Developer/CoreSimulator/Profiles/Runtimes/iOS 26.5.simruntime/Contents/Resources/RuntimeRoot/System/Library/AccessibilityBundles/WebKit.axbundle/WebKit (0x10a068398). This may cause spurious casting failures and mysterious crashes. One of the duplicates must be removed or renamed.
    t =     2.92s         Setting up automation session
    t =     3.66s         Wait for app.speaklocal.vietnam.native to idle
    t =     5.53s Checking existence of `"Đường Bạch Đằng" StaticText`
    t =     5.84s Waiting 8.0s for "Đường Bạch Đằng" StaticText to exist
    t =     6.89s     Checking `Expect predicate `existsNoRetry == 1` for object "Đường Bạch Đằng" StaticText`
    t =     6.89s         Checking existence of `"Đường Bạch Đằng" StaticText`
    t =     7.05s Swipe up Target Application 'app.speaklocal.vietnam.native'
    t =     7.05s     Wait for app.speaklocal.vietnam.native to idle
    t =     7.05s     Find the Target Application 'app.speaklocal.vietnam.native'
    t =     7.07s     Check for interrupting elements affecting "SpeakLocal Vietnam" Application
    t =     7.09s     Synthesize event
    t =     7.50s     Wait for app.speaklocal.vietnam.native to idle
    t =     9.62s Swipe up Target Application 'app.speaklocal.vietnam.native'
    t =     9.62s     Wait for app.speaklocal.vietnam.native to idle
    t =     9.62s     Find the Target Application 'app.speaklocal.vietnam.native'
    t =     9.67s     Check for interrupting elements affecting "SpeakLocal Vietnam" Application
    t =     9.71s     Synthesize event
    t =    10.14s     Wait for app.speaklocal.vietnam.native to idle
    t =    11.31s Waiting 4.0s for TabBar (First Match) to exist
    t =    12.39s     Checking `Expect predicate `existsNoRetry == 1` for object TabBar (First Match)`
    t =    12.39s         Checking existence of `TabBar (First Match)`
    t =    12.40s Checking existence of `"PhraseArticle.BottomSentinel.viet-family-city-danang-place-bach-dang-street" Other`
    t =    12.43s Checking existence of `"PhraseArticle.BottomSentinel.viet-phrase-city-danang-place-bach-dang-street" Other`
    t =    12.45s Find the "PhraseArticle.BottomSentinel.viet-phrase-city-danang-place-bach-dang-street" Other
    t =    12.48s Checking existence of `TabBar (First Match)`
    t =    12.48s Find the TabBar (First Match)
    t =    12.49s Find the Target Application 'app.speaklocal.vietnam.native'
    t =    12.60s Terminate app.speaklocal.vietnam.native:62943
    t =    13.68s Tear Down
Test Case '-[SpeakLocalNativeUITests.CityAppDetailV22RenderProofUITests testCaptureCityAppDetailV22RenderProofBatch]' passed (13.730 seconds).
Test Suite 'CityAppDetailV22RenderProofUITests' passed at 2026-06-01 02:03:07.360.
	 Executed 1 test, with 0 failures (0 unexpected) in 13.730 (13.731) seconds
Test Suite 'SpeakLocalNativeUITests.xctest' passed at 2026-06-01 02:03:07.361.
	 Executed 1 test, with 0 failures (0 unexpected) in 13.730 (13.732) seconds
Test Suite 'Selected tests' passed at 2026-06-01 02:03:07.361.
	 Executed 1 test, with 0 failures (0 unexpected) in 13.730 (13.732) seconds
2026-06-01 02:03:07.653 xcodebuild[62806:6948801] [MT] IDETestOperationsObserverDebug: 15.730 elapsed -- Testing started completed.
2026-06-01 02:03:07.653 xcodebuild[62806:6948801] [MT] IDETestOperationsObserverDebug: 0.000 sec, +0.000 sec -- start
2026-06-01 02:03:07.653 xcodebuild[62806:6948801] [MT] IDETestOperationsObserverDebug: 15.730 sec, +15.730 sec -- end

Test session results, code coverage, and logs:
	/Users/jojolim/Library/Developer/XcodeBuildMCP/workspaces/orchestrator-309442864093/DerivedData/SpeakLocalNative-8f3e721625a0/Logs/Test/Test-SpeakLocalNative-2026.06.01_02-02-51-+0700.xcresult

** TEST EXECUTE SUCCEEDED **

Testing started
