Command line invocation:
    /Applications/Xcode.app/Contents/Developer/usr/bin/xcodebuild test-without-building -project /Users/jojolim/Developer/products/speaklocal/app-family/.worktrees/city-listings-production-ready/native-ios/SpeakLocalNative.xcodeproj -scheme SpeakLocalNative -destination "platform=iOS Simulator,id=7C386DD3-4BF1-4A34-A918-768C43CD1258" -derivedDataPath /Users/jojolim/Library/Developer/XcodeBuildMCP/workspaces/orchestrator-309442864093/DerivedData/SpeakLocalNative-8f3e721625a0 "-only-testing:SpeakLocalNativeUITests/CityAppDetailV22RenderProofUITests/testCaptureCityAppDetailV22RenderProofBatch"

2026-06-01 08:04:24.980339+0700 SpeakLocalNativeUITests-Runner[7352:8419357] [Default] Running tests...
    t =      nans Interface orientation changed to Portrait
Test Suite 'Selected tests' started at 2026-06-01 08:04:25.378.
Test Suite 'SpeakLocalNativeUITests.xctest' started at 2026-06-01 08:04:25.378.
Test Suite 'CityAppDetailV22RenderProofUITests' started at 2026-06-01 08:04:25.378.
Test Case '-[SpeakLocalNativeUITests.CityAppDetailV22RenderProofUITests testCaptureCityAppDetailV22RenderProofBatch]' started.
    t =     0.00s Start Test at 2026-06-01 08:04:25.378
    t =     0.02s Set Up
    t =     0.02s Open app.speaklocal.vietnam.native
    t =     0.02s     Launch app.speaklocal.vietnam.native
objc[7352]: Class UIAccessibilityLoaderWebShared is implemented in both /Library/Developer/CoreSimulator/Volumes/iOS_23F77/Library/Developer/CoreSimulator/Profiles/Runtimes/iOS 26.5.simruntime/Contents/Resources/RuntimeRoot/System/Library/AccessibilityBundles/WebCore.axbundle/WebCore (0x1069f0310) and /Library/Developer/CoreSimulator/Volumes/iOS_23F77/Library/Developer/CoreSimulator/Profiles/Runtimes/iOS 26.5.simruntime/Contents/Resources/RuntimeRoot/System/Library/AccessibilityBundles/WebKit.axbundle/WebKit (0x106320398). This may cause spurious casting failures and mysterious crashes. One of the duplicates must be removed or renamed.
    t =     1.89s         Setting up automation session
    t =     2.28s         Wait for app.speaklocal.vietnam.native to idle
    t =     3.76s Checking existence of `"Ăn vặt Sài Gòn buổi tối" StaticText`
    t =     3.91s Waiting 8.0s for "Ăn vặt Sài Gòn buổi tối" StaticText to exist
    t =     4.96s     Checking `Expect predicate `existsNoRetry == 1` for object "Ăn vặt Sài Gòn buổi tối" StaticText`
    t =     4.96s         Checking existence of `"Ăn vặt Sài Gòn buổi tối" StaticText`
    t =     5.12s Swipe up Target Application 'app.speaklocal.vietnam.native'
    t =     5.12s     Wait for app.speaklocal.vietnam.native to idle
    t =     5.12s     Find the Target Application 'app.speaklocal.vietnam.native'
    t =     5.14s     Check for interrupting elements affecting "SpeakLocal Vietnam" Application
    t =     5.16s     Synthesize event
    t =     5.58s     Wait for app.speaklocal.vietnam.native to idle
    t =     7.80s Swipe up Target Application 'app.speaklocal.vietnam.native'
    t =     7.80s     Wait for app.speaklocal.vietnam.native to idle
    t =     7.80s     Find the Target Application 'app.speaklocal.vietnam.native'
    t =     7.83s     Check for interrupting elements affecting "SpeakLocal Vietnam" Application
    t =     7.86s     Synthesize event
    t =     8.27s     Wait for app.speaklocal.vietnam.native to idle
    t =     9.23s Terminate app.speaklocal.vietnam.native:7365
    t =    10.29s Open app.speaklocal.vietnam.native
    t =    10.29s     Launch app.speaklocal.vietnam.native
    t =    10.50s         Setting up automation session
    t =    10.93s         Wait for app.speaklocal.vietnam.native to idle
    t =    12.39s Waiting 4.0s for TabBar (First Match) to exist
    t =    13.44s     Checking `Expect predicate `existsNoRetry == 1` for object TabBar (First Match)`
    t =    13.44s         Checking existence of `TabBar (First Match)`
    t =    13.49s Checking existence of `"PhraseArticle.BottomSentinel.viet-family-city-hcmc-place-street-food-evening" Other`
    t =    13.58s Checking existence of `"PhraseArticle.BottomSentinel.viet-phrase-city-hcmc-place-street-food-evening" Other`
    t =    13.60s Find the "PhraseArticle.BottomSentinel.viet-phrase-city-hcmc-place-street-food-evening" Other
    t =    13.62s Checking existence of `TabBar (First Match)`
    t =    13.63s Find the TabBar (First Match)
    t =    13.63s Find the Target Application 'app.speaklocal.vietnam.native'
    t =    13.73s Terminate app.speaklocal.vietnam.native:7387
    t =    14.81s Tear Down
Test Case '-[SpeakLocalNativeUITests.CityAppDetailV22RenderProofUITests testCaptureCityAppDetailV22RenderProofBatch]' passed (14.880 seconds).
Test Suite 'CityAppDetailV22RenderProofUITests' passed at 2026-06-01 08:04:40.259.
	 Executed 1 test, with 0 failures (0 unexpected) in 14.880 (14.881) seconds
Test Suite 'SpeakLocalNativeUITests.xctest' passed at 2026-06-01 08:04:40.260.
	 Executed 1 test, with 0 failures (0 unexpected) in 14.880 (14.882) seconds
Test Suite 'Selected tests' passed at 2026-06-01 08:04:40.261.
	 Executed 1 test, with 0 failures (0 unexpected) in 14.880 (14.883) seconds

Test session results, code coverage, and logs:
	/Users/jojolim/Library/Developer/XcodeBuildMCP/workspaces/orchestrator-309442864093/DerivedData/SpeakLocalNative-8f3e721625a0/Logs/Test/Test-SpeakLocalNative-2026.06.01_08-04-24-+0700.xcresult

** TEST EXECUTE SUCCEEDED **

Testing started

2026-06-01 08:04:25.435 xcodebuild[7348:8419181] [MT] IDELaunchParametersSnapshot: The operation couldn’t be completed. (DebuggerLLDB.DebuggerVersionStore.StoreError error 0.)
2026-06-01 08:04:25.435 xcodebuild[7348:8419181] [MT] IDELaunchParametersSnapshot: no debugger version
2026-06-01 08:04:35.666 xcodebuild[7348:8419181] [MT] IDELaunchParametersSnapshot: The operation couldn’t be completed. (DebuggerLLDB.DebuggerVersionStore.StoreError error 0.)
2026-06-01 08:04:35.666 xcodebuild[7348:8419181] [MT] IDELaunchParametersSnapshot: no debugger version
2026-06-01 08:04:40.565 xcodebuild[7348:8419181] [MT] IDETestOperationsObserverDebug: 16.397 elapsed -- Testing started completed.
2026-06-01 08:04:40.565 xcodebuild[7348:8419181] [MT] IDETestOperationsObserverDebug: 0.000 sec, +0.000 sec -- start
2026-06-01 08:04:40.565 xcodebuild[7348:8419181] [MT] IDETestOperationsObserverDebug: 16.397 sec, +16.397 sec -- end
