Command line invocation:
    /Applications/Xcode.app/Contents/Developer/usr/bin/xcodebuild test-without-building -project /Users/jojolim/Developer/products/speaklocal/app-family/.worktrees/city-listings-production-ready/native-ios/SpeakLocalNative.xcodeproj -scheme SpeakLocalNative -destination "platform=iOS Simulator,id=7C386DD3-4BF1-4A34-A918-768C43CD1258" -derivedDataPath /Users/jojolim/Library/Developer/XcodeBuildMCP/workspaces/orchestrator-309442864093/DerivedData/SpeakLocalNative-8f3e721625a0 "-only-testing:SpeakLocalNativeUITests/CityAppDetailV22RenderProofUITests/testCaptureCityAppDetailV22RenderProofBatch"

2026-06-01 03:47:54.957399+0700 SpeakLocalNativeUITests-Runner[74711:7319309] [Default] Running tests...
    t =      nans Interface orientation changed to Portrait
Test Suite 'Selected tests' started at 2026-06-01 03:47:55.329.
Test Suite 'SpeakLocalNativeUITests.xctest' started at 2026-06-01 03:47:55.330.
Test Suite 'CityAppDetailV22RenderProofUITests' started at 2026-06-01 03:47:55.330.
Test Case '-[SpeakLocalNativeUITests.CityAppDetailV22RenderProofUITests testCaptureCityAppDetailV22RenderProofBatch]' started.
    t =     0.00s Start Test at 2026-06-01 03:47:55.330
    t =     0.01s Set Up
    t =     0.02s Open app.speaklocal.vietnam.native
    t =     0.02s     Launch app.speaklocal.vietnam.native
objc[74711]: Class UIAccessibilityLoaderWebShared is implemented in both /Library/Developer/CoreSimulator/Volumes/iOS_23F77/Library/Developer/CoreSimulator/Profiles/Runtimes/iOS 26.5.simruntime/Contents/Resources/RuntimeRoot/System/Library/AccessibilityBundles/WebCore.axbundle/WebCore (0x10b034310) and /Library/Developer/CoreSimulator/Volumes/iOS_23F77/Library/Developer/CoreSimulator/Profiles/Runtimes/iOS 26.5.simruntime/Contents/Resources/RuntimeRoot/System/Library/AccessibilityBundles/WebKit.axbundle/WebKit (0x10a848398). This may cause spurious casting failures and mysterious crashes. One of the duplicates must be removed or renamed.
    t =     2.09s         Setting up automation session
    t =     2.46s         Wait for app.speaklocal.vietnam.native to idle
    t =     3.91s Checking existence of `"Bến tàu Cửa Đại" StaticText`
    t =     4.07s Waiting 8.0s for "Bến tàu Cửa Đại" StaticText to exist
    t =     5.10s     Checking `Expect predicate `existsNoRetry == 1` for object "Bến tàu Cửa Đại" StaticText`
    t =     5.10s         Checking existence of `"Bến tàu Cửa Đại" StaticText`
    t =     5.26s Swipe up Target Application 'app.speaklocal.vietnam.native'
    t =     5.26s     Wait for app.speaklocal.vietnam.native to idle
    t =     5.26s     Find the Target Application 'app.speaklocal.vietnam.native'
    t =     5.27s     Check for interrupting elements affecting "SpeakLocal Vietnam" Application
    t =     5.29s     Synthesize event
    t =     5.71s     Wait for app.speaklocal.vietnam.native to idle
    t =     7.82s Swipe up Target Application 'app.speaklocal.vietnam.native'
    t =     7.82s     Wait for app.speaklocal.vietnam.native to idle
    t =     7.82s     Find the Target Application 'app.speaklocal.vietnam.native'
    t =     7.85s     Check for interrupting elements affecting "SpeakLocal Vietnam" Application
    t =     7.88s     Synthesize event
    t =     8.30s     Wait for app.speaklocal.vietnam.native to idle
    t =     9.13s Terminate app.speaklocal.vietnam.native:74792
    t =    10.20s Open app.speaklocal.vietnam.native
    t =    10.21s     Launch app.speaklocal.vietnam.native
    t =    10.42s         Setting up automation session
    t =    10.92s         Wait for app.speaklocal.vietnam.native to idle
    t =    12.43s Waiting 4.0s for TabBar (First Match) to exist
    t =    13.48s     Checking `Expect predicate `existsNoRetry == 1` for object TabBar (First Match)`
    t =    13.48s         Checking existence of `TabBar (First Match)`
    t =    13.52s Checking existence of `"PhraseArticle.BottomSentinel.viet-family-city-hoian-place-cua-dai-pier" Other`
    t =    13.60s Checking existence of `"PhraseArticle.BottomSentinel.viet-phrase-city-hoian-place-cua-dai-pier" Other`
    t =    13.62s Find the "PhraseArticle.BottomSentinel.viet-phrase-city-hoian-place-cua-dai-pier" Other
    t =    13.64s Checking existence of `TabBar (First Match)`
    t =    13.65s Find the TabBar (First Match)
    t =    13.66s Find the Target Application 'app.speaklocal.vietnam.native'
    t =    13.75s Terminate app.speaklocal.vietnam.native:74879
    t =    14.81s Tear Down
Test Case '-[SpeakLocalNativeUITests.CityAppDetailV22RenderProofUITests testCaptureCityAppDetailV22RenderProofBatch]' passed (14.860 seconds).
Test Suite 'CityAppDetailV22RenderProofUITests' passed at 2026-06-01 03:48:10.190.
	 Executed 1 test, with 0 failures (0 unexpected) in 14.860 (14.861) seconds
Test Suite 'SpeakLocalNativeUITests.xctest' passed at 2026-06-01 03:48:10.191.
	 Executed 1 test, with 0 failures (0 unexpected) in 14.860 (14.862) seconds
Test Suite 'Selected tests' passed at 2026-06-01 03:48:10.192.
	 Executed 1 test, with 0 failures (0 unexpected) in 14.860 (14.863) seconds

Test session results, code coverage, and logs:
	/Users/jojolim/Library/Developer/XcodeBuildMCP/workspaces/orchestrator-309442864093/DerivedData/SpeakLocalNative-8f3e721625a0/Logs/Test/Test-SpeakLocalNative-2026.06.01_03-47-54-+0700.xcresult

** TEST EXECUTE SUCCEEDED **

Testing started

2026-06-01 03:47:55.391 xcodebuild[74709:7319141] [MT] IDELaunchParametersSnapshot: The operation couldn’t be completed. (DebuggerLLDB.DebuggerVersionStore.StoreError error 0.)
2026-06-01 03:47:55.391 xcodebuild[74709:7319141] [MT] IDELaunchParametersSnapshot: no debugger version
2026-06-01 03:48:05.537 xcodebuild[74709:7319141] [MT] IDELaunchParametersSnapshot: The operation couldn’t be completed. (DebuggerLLDB.DebuggerVersionStore.StoreError error 0.)
2026-06-01 03:48:05.537 xcodebuild[74709:7319141] [MT] IDELaunchParametersSnapshot: no debugger version
2026-06-01 03:48:10.491 xcodebuild[74709:7319141] [MT] IDETestOperationsObserverDebug: 16.325 elapsed -- Testing started completed.
2026-06-01 03:48:10.491 xcodebuild[74709:7319141] [MT] IDETestOperationsObserverDebug: 0.000 sec, +0.000 sec -- start
2026-06-01 03:48:10.491 xcodebuild[74709:7319141] [MT] IDETestOperationsObserverDebug: 16.325 sec, +16.325 sec -- end
