Command line invocation:
    /Applications/Xcode.app/Contents/Developer/usr/bin/xcodebuild test-without-building -project /Users/jojolim/Developer/products/speaklocal/app-family/.worktrees/city-listings-production-ready/native-ios/SpeakLocalNative.xcodeproj -scheme SpeakLocalNative -destination "platform=iOS Simulator,id=7C386DD3-4BF1-4A34-A918-768C43CD1258" -derivedDataPath /Users/jojolim/Library/Developer/XcodeBuildMCP/workspaces/orchestrator-309442864093/DerivedData/SpeakLocalNative-8f3e721625a0 "-only-testing:SpeakLocalNativeUITests/CityAppDetailV22RenderProofUITests/testCaptureCityAppDetailV22RenderProofBatch"

2026-06-01 05:59:05.181718+0700 SpeakLocalNativeUITests-Runner[40383:7875355] [Default] Running tests...
    t =      nans Interface orientation changed to Portrait
Test Suite 'Selected tests' started at 2026-06-01 05:59:05.548.
Test Suite 'SpeakLocalNativeUITests.xctest' started at 2026-06-01 05:59:05.548.
Test Suite 'CityAppDetailV22RenderProofUITests' started at 2026-06-01 05:59:05.548.
Test Case '-[SpeakLocalNativeUITests.CityAppDetailV22RenderProofUITests testCaptureCityAppDetailV22RenderProofBatch]' started.
    t =     0.00s Start Test at 2026-06-01 05:59:05.549
    t =     0.02s Set Up
    t =     0.02s Open app.speaklocal.vietnam.native
    t =     0.02s     Launch app.speaklocal.vietnam.native
objc[40383]: Class UIAccessibilityLoaderWebShared is implemented in both /Library/Developer/CoreSimulator/Volumes/iOS_23F77/Library/Developer/CoreSimulator/Profiles/Runtimes/iOS 26.5.simruntime/Contents/Resources/RuntimeRoot/System/Library/AccessibilityBundles/WebCore.axbundle/WebCore (0x10a87c310) and /Library/Developer/CoreSimulator/Volumes/iOS_23F77/Library/Developer/CoreSimulator/Profiles/Runtimes/iOS 26.5.simruntime/Contents/Resources/RuntimeRoot/System/Library/AccessibilityBundles/WebKit.axbundle/WebKit (0x10a614398). This may cause spurious casting failures and mysterious crashes. One of the duplicates must be removed or renamed.
    t =     1.90s         Setting up automation session
    t =     2.34s         Wait for app.speaklocal.vietnam.native to idle
    t =     3.83s Checking existence of `"Bún chả Hương Liên" StaticText`
    t =     3.98s Waiting 8.0s for "Bún chả Hương Liên" StaticText to exist
    t =     5.06s     Checking `Expect predicate `existsNoRetry == 1` for object "Bún chả Hương Liên" StaticText`
    t =     5.06s         Checking existence of `"Bún chả Hương Liên" StaticText`
    t =     5.21s Swipe up Target Application 'app.speaklocal.vietnam.native'
    t =     5.21s     Wait for app.speaklocal.vietnam.native to idle
    t =     5.21s     Find the Target Application 'app.speaklocal.vietnam.native'
    t =     5.23s     Check for interrupting elements affecting "SpeakLocal Vietnam" Application
    t =     5.25s     Synthesize event
    t =     5.67s     Wait for app.speaklocal.vietnam.native to idle
    t =     7.78s Swipe up Target Application 'app.speaklocal.vietnam.native'
    t =     7.78s     Wait for app.speaklocal.vietnam.native to idle
    t =     7.78s     Find the Target Application 'app.speaklocal.vietnam.native'
    t =     7.81s     Check for interrupting elements affecting "SpeakLocal Vietnam" Application
    t =     7.84s     Synthesize event
    t =     8.26s     Wait for app.speaklocal.vietnam.native to idle
    t =    10.51s Terminate app.speaklocal.vietnam.native:40393
    t =    11.61s Open app.speaklocal.vietnam.native
    t =    11.61s     Launch app.speaklocal.vietnam.native
    t =    11.83s         Setting up automation session
    t =    12.29s         Wait for app.speaklocal.vietnam.native to idle
    t =    13.74s Waiting 4.0s for TabBar (First Match) to exist
    t =    14.82s     Checking `Expect predicate `existsNoRetry == 1` for object TabBar (First Match)`
    t =    14.82s         Checking existence of `TabBar (First Match)`
    t =    14.87s Checking existence of `"PhraseArticle.BottomSentinel.viet-family-city-hanoi-place-bun-cha-huong-lien" Other`
    t =    14.96s Checking existence of `"PhraseArticle.BottomSentinel.viet-phrase-city-hanoi-place-bun-cha-huong-lien" Other`
    t =    14.99s Find the "PhraseArticle.BottomSentinel.viet-phrase-city-hanoi-place-bun-cha-huong-lien" Other
    t =    15.01s Checking existence of `TabBar (First Match)`
    t =    15.02s Find the TabBar (First Match)
    t =    15.03s Find the Target Application 'app.speaklocal.vietnam.native'
    t =    15.14s Terminate app.speaklocal.vietnam.native:40573
    t =    16.23s Tear Down
Test Case '-[SpeakLocalNativeUITests.CityAppDetailV22RenderProofUITests testCaptureCityAppDetailV22RenderProofBatch]' passed (16.285 seconds).
Test Suite 'CityAppDetailV22RenderProofUITests' passed at 2026-06-01 05:59:21.835.
	 Executed 1 test, with 0 failures (0 unexpected) in 16.285 (16.286) seconds
Test Suite 'SpeakLocalNativeUITests.xctest' passed at 2026-06-01 05:59:21.836.
	 Executed 1 test, with 0 failures (0 unexpected) in 16.285 (16.288) seconds
Test Suite 'Selected tests' passed at 2026-06-01 05:59:21.837.
	 Executed 1 test, with 0 failures (0 unexpected) in 16.285 (16.289) seconds

Test session results, code coverage, and logs:
	/Users/jojolim/Library/Developer/XcodeBuildMCP/workspaces/orchestrator-309442864093/DerivedData/SpeakLocalNative-8f3e721625a0/Logs/Test/Test-SpeakLocalNative-2026.06.01_05-59-04-+0700.xcresult

** TEST EXECUTE SUCCEEDED **

Testing started

2026-06-01 05:59:05.607 xcodebuild[40381:7875201] [MT] IDELaunchParametersSnapshot: The operation couldn’t be completed. (DebuggerLLDB.DebuggerVersionStore.StoreError error 0.)
2026-06-01 05:59:05.607 xcodebuild[40381:7875201] [MT] IDELaunchParametersSnapshot: no debugger version
2026-06-01 05:59:17.162 xcodebuild[40381:7875201] [MT] IDELaunchParametersSnapshot: The operation couldn’t be completed. (DebuggerLLDB.DebuggerVersionStore.StoreError error 0.)
2026-06-01 05:59:17.162 xcodebuild[40381:7875201] [MT] IDELaunchParametersSnapshot: no debugger version
2026-06-01 05:59:22.143 xcodebuild[40381:7875201] [MT] IDETestOperationsObserverDebug: 17.761 elapsed -- Testing started completed.
2026-06-01 05:59:22.144 xcodebuild[40381:7875201] [MT] IDETestOperationsObserverDebug: 0.000 sec, +0.000 sec -- start
2026-06-01 05:59:22.144 xcodebuild[40381:7875201] [MT] IDETestOperationsObserverDebug: 17.761 sec, +17.761 sec -- end
