Command line invocation:
    /Applications/Xcode.app/Contents/Developer/usr/bin/xcodebuild test-without-building -project /Users/jojolim/Developer/products/speaklocal/app-family/.worktrees/city-listings-production-ready/native-ios/SpeakLocalNative.xcodeproj -scheme SpeakLocalNative -destination "platform=iOS Simulator,id=7C386DD3-4BF1-4A34-A918-768C43CD1258" -derivedDataPath /Users/jojolim/Library/Developer/XcodeBuildMCP/workspaces/orchestrator-309442864093/DerivedData/SpeakLocalNative-8f3e721625a0 "-only-testing:SpeakLocalNativeUITests/CityAppDetailV22RenderProofUITests/testCaptureCityAppDetailV22RenderProofBatch"

2026-06-01 05:34:22.366673+0700 SpeakLocalNativeUITests-Runner[17177:7774215] [Default] Running tests...
    t =      nans Interface orientation changed to Portrait
Test Suite 'Selected tests' started at 2026-06-01 05:34:23.225.
Test Suite 'SpeakLocalNativeUITests.xctest' started at 2026-06-01 05:34:23.226.
Test Suite 'CityAppDetailV22RenderProofUITests' started at 2026-06-01 05:34:23.226.
Test Case '-[SpeakLocalNativeUITests.CityAppDetailV22RenderProofUITests testCaptureCityAppDetailV22RenderProofBatch]' started.
    t =     0.00s Start Test at 2026-06-01 05:34:23.226
    t =     0.04s Set Up
    t =     0.04s Open app.speaklocal.vietnam.native
    t =     0.04s     Launch app.speaklocal.vietnam.native
objc[17177]: Class UIAccessibilityLoaderWebShared is implemented in both /Library/Developer/CoreSimulator/Volumes/iOS_23F77/Library/Developer/CoreSimulator/Profiles/Runtimes/iOS 26.5.simruntime/Contents/Resources/RuntimeRoot/System/Library/AccessibilityBundles/WebCore.axbundle/WebCore (0x108ea4310) and /Library/Developer/CoreSimulator/Volumes/iOS_23F77/Library/Developer/CoreSimulator/Profiles/Runtimes/iOS 26.5.simruntime/Contents/Resources/RuntimeRoot/System/Library/AccessibilityBundles/WebKit.axbundle/WebKit (0x1086b0398). This may cause spurious casting failures and mysterious crashes. One of the duplicates must be removed or renamed.
    t =     2.47s         Setting up automation session
    t =     3.00s         Wait for app.speaklocal.vietnam.native to idle
    t =     4.76s Checking existence of `"Cộng Cà Phê Bạch Đằng" StaticText`
    t =     4.96s Waiting 8.0s for "Cộng Cà Phê Bạch Đằng" StaticText to exist
    t =     6.03s     Checking `Expect predicate `existsNoRetry == 1` for object "Cộng Cà Phê Bạch Đằng" StaticText`
    t =     6.03s         Checking existence of `"Cộng Cà Phê Bạch Đằng" StaticText`
    t =     6.19s Swipe up Target Application 'app.speaklocal.vietnam.native'
    t =     6.19s     Wait for app.speaklocal.vietnam.native to idle
    t =     6.19s     Find the Target Application 'app.speaklocal.vietnam.native'
    t =     6.20s     Check for interrupting elements affecting "SpeakLocal Vietnam" Application
    t =     6.22s     Synthesize event
    t =     6.64s     Wait for app.speaklocal.vietnam.native to idle
    t =     8.74s Swipe up Target Application 'app.speaklocal.vietnam.native'
    t =     8.74s     Wait for app.speaklocal.vietnam.native to idle
    t =     9.13s     Find the Target Application 'app.speaklocal.vietnam.native'
    t =     9.15s     Check for interrupting elements affecting "SpeakLocal Vietnam" Application
    t =     9.16s     Synthesize event
    t =     9.58s     Wait for app.speaklocal.vietnam.native to idle
    t =    10.28s Terminate app.speaklocal.vietnam.native:17263
    t =    11.36s Open app.speaklocal.vietnam.native
    t =    11.36s     Launch app.speaklocal.vietnam.native
    t =    11.58s         Setting up automation session
    t =    12.04s         Wait for app.speaklocal.vietnam.native to idle
    t =    13.50s Waiting 4.0s for TabBar (First Match) to exist
    t =    14.58s     Checking `Expect predicate `existsNoRetry == 1` for object TabBar (First Match)`
    t =    14.58s         Checking existence of `TabBar (First Match)`
    t =    14.64s Checking existence of `"PhraseArticle.BottomSentinel.viet-family-city-danang-place-cong-caphe-bach-dang" Other`
    t =    14.71s Checking existence of `"PhraseArticle.BottomSentinel.viet-phrase-city-danang-place-cong-caphe-bach-dang" Other`
    t =    14.73s Find the "PhraseArticle.BottomSentinel.viet-phrase-city-danang-place-cong-caphe-bach-dang" Other
    t =    14.75s Checking existence of `TabBar (First Match)`
    t =    14.76s Find the TabBar (First Match)
    t =    14.77s Find the Target Application 'app.speaklocal.vietnam.native'
    t =    14.86s Terminate app.speaklocal.vietnam.native:17351
    t =    15.95s Tear Down
Test Case '-[SpeakLocalNativeUITests.CityAppDetailV22RenderProofUITests testCaptureCityAppDetailV22RenderProofBatch]' passed (16.017 seconds).
Test Suite 'CityAppDetailV22RenderProofUITests' passed at 2026-06-01 05:34:39.244.
	 Executed 1 test, with 0 failures (0 unexpected) in 16.017 (16.018) seconds
Test Suite 'SpeakLocalNativeUITests.xctest' passed at 2026-06-01 05:34:39.245.
	 Executed 1 test, with 0 failures (0 unexpected) in 16.017 (16.020) seconds
Test Suite 'Selected tests' passed at 2026-06-01 05:34:39.246.
	 Executed 1 test, with 0 failures (0 unexpected) in 16.017 (16.021) seconds

Test session results, code coverage, and logs:
	/Users/jojolim/Library/Developer/XcodeBuildMCP/workspaces/orchestrator-309442864093/DerivedData/SpeakLocalNative-8f3e721625a0/Logs/Test/Test-SpeakLocalNative-2026.06.01_05-34-19-+0700.xcresult

** TEST EXECUTE SUCCEEDED **

Testing started

2026-06-01 05:34:23.428 xcodebuild[17167:7773869] [MT] IDELaunchParametersSnapshot: The operation couldn’t be completed. (DebuggerLLDB.DebuggerVersionStore.StoreError error 0.)
2026-06-01 05:34:23.428 xcodebuild[17167:7773869] [MT] IDELaunchParametersSnapshot: no debugger version
2026-06-01 05:34:34.592 xcodebuild[17167:7773869] [MT] IDELaunchParametersSnapshot: The operation couldn’t be completed. (DebuggerLLDB.DebuggerVersionStore.StoreError error 0.)
2026-06-01 05:34:34.592 xcodebuild[17167:7773869] [MT] IDELaunchParametersSnapshot: no debugger version
2026-06-01 05:34:39.550 xcodebuild[17167:7773869] [MT] IDETestOperationsObserverDebug: 18.676 elapsed -- Testing started completed.
2026-06-01 05:34:39.550 xcodebuild[17167:7773869] [MT] IDETestOperationsObserverDebug: 0.000 sec, +0.000 sec -- start
2026-06-01 05:34:39.550 xcodebuild[17167:7773869] [MT] IDETestOperationsObserverDebug: 18.676 sec, +18.676 sec -- end
