Command line invocation:
    /Applications/Xcode.app/Contents/Developer/usr/bin/xcodebuild test-without-building -project /Users/jojolim/Developer/products/speaklocal/app-family/.worktrees/city-listings-production-ready/native-ios/SpeakLocalNative.xcodeproj -scheme SpeakLocalNative -destination "platform=iOS Simulator,id=7C386DD3-4BF1-4A34-A918-768C43CD1258" -derivedDataPath /Users/jojolim/Library/Developer/XcodeBuildMCP/workspaces/orchestrator-309442864093/DerivedData/SpeakLocalNative-8f3e721625a0 "-only-testing:SpeakLocalNativeUITests/CityAppDetailV22RenderProofUITests/testCaptureCityAppDetailV22RenderProofBatch"

2026-06-01 08:22:10.947893+0700 SpeakLocalNativeUITests-Runner[28546:8486648] [Default] Running tests...
    t =      nans Interface orientation changed to Portrait
Test Suite 'Selected tests' started at 2026-06-01 08:22:11.321.
Test Suite 'SpeakLocalNativeUITests.xctest' started at 2026-06-01 08:22:11.321.
Test Suite 'CityAppDetailV22RenderProofUITests' started at 2026-06-01 08:22:11.321.
Test Case '-[SpeakLocalNativeUITests.CityAppDetailV22RenderProofUITests testCaptureCityAppDetailV22RenderProofBatch]' started.
    t =     0.00s Start Test at 2026-06-01 08:22:11.321
    t =     0.01s Set Up
    t =     0.02s Open app.speaklocal.vietnam.native
    t =     0.02s     Launch app.speaklocal.vietnam.native
objc[28546]: Class UIAccessibilityLoaderWebShared is implemented in both /Library/Developer/CoreSimulator/Volumes/iOS_23F77/Library/Developer/CoreSimulator/Profiles/Runtimes/iOS 26.5.simruntime/Contents/Resources/RuntimeRoot/System/Library/AccessibilityBundles/WebCore.axbundle/WebCore (0x10a9dc310) and /Library/Developer/CoreSimulator/Volumes/iOS_23F77/Library/Developer/CoreSimulator/Profiles/Runtimes/iOS 26.5.simruntime/Contents/Resources/RuntimeRoot/System/Library/AccessibilityBundles/WebKit.axbundle/WebKit (0x10a248398). This may cause spurious casting failures and mysterious crashes. One of the duplicates must be removed or renamed.
    t =     1.88s         Setting up automation session
    t =     2.37s         Wait for app.speaklocal.vietnam.native to idle
    t =     3.83s Checking existence of `"Tàu đi Cù Lao Chàm" StaticText`
    t =     3.97s Waiting 8.0s for "Tàu đi Cù Lao Chàm" StaticText to exist
    t =     5.01s     Checking `Expect predicate `existsNoRetry == 1` for object "Tàu đi Cù Lao Chàm" StaticText`
    t =     5.01s         Checking existence of `"Tàu đi Cù Lao Chàm" StaticText`
    t =     5.14s Swipe up Target Application 'app.speaklocal.vietnam.native'
    t =     5.14s     Wait for app.speaklocal.vietnam.native to idle
    t =     5.14s     Find the Target Application 'app.speaklocal.vietnam.native'
    t =     5.15s     Check for interrupting elements affecting "SpeakLocal Vietnam" Application
    t =     5.17s     Synthesize event
    t =     5.59s     Wait for app.speaklocal.vietnam.native to idle
    t =     7.69s Swipe up Target Application 'app.speaklocal.vietnam.native'
    t =     7.69s     Wait for app.speaklocal.vietnam.native to idle
    t =     7.70s     Find the Target Application 'app.speaklocal.vietnam.native'
    t =     7.72s     Check for interrupting elements affecting "SpeakLocal Vietnam" Application
    t =     7.74s     Synthesize event
    t =     8.27s     Wait for app.speaklocal.vietnam.native to idle
    t =     9.02s Terminate app.speaklocal.vietnam.native:28629
    t =    10.10s Open app.speaklocal.vietnam.native
    t =    10.10s     Launch app.speaklocal.vietnam.native
    t =    10.31s         Setting up automation session
    t =    10.79s         Wait for app.speaklocal.vietnam.native to idle
    t =    12.27s Waiting 4.0s for TabBar (First Match) to exist
    t =    13.33s     Checking `Expect predicate `existsNoRetry == 1` for object TabBar (First Match)`
    t =    13.33s         Checking existence of `TabBar (First Match)`
    t =    13.37s Checking existence of `"PhraseArticle.BottomSentinel.viet-family-city-hoian-place-cham-islands-snorkel-boat" Other`
    t =    13.44s Checking existence of `"PhraseArticle.BottomSentinel.viet-phrase-city-hoian-place-cham-islands-snorkel-boat" Other`
    t =    13.46s Find the "PhraseArticle.BottomSentinel.viet-phrase-city-hoian-place-cham-islands-snorkel-boat" Other
    t =    13.48s Checking existence of `TabBar (First Match)`
    t =    13.49s Find the TabBar (First Match)
    t =    13.50s Find the Target Application 'app.speaklocal.vietnam.native'
    t =    13.58s Terminate app.speaklocal.vietnam.native:28729
    t =    14.65s Tear Down
Test Case '-[SpeakLocalNativeUITests.CityAppDetailV22RenderProofUITests testCaptureCityAppDetailV22RenderProofBatch]' passed (14.699 seconds).
Test Suite 'CityAppDetailV22RenderProofUITests' passed at 2026-06-01 08:22:26.021.
	 Executed 1 test, with 0 failures (0 unexpected) in 14.699 (14.701) seconds
Test Suite 'SpeakLocalNativeUITests.xctest' passed at 2026-06-01 08:22:26.022.
	 Executed 1 test, with 0 failures (0 unexpected) in 14.699 (14.702) seconds
Test Suite 'Selected tests' passed at 2026-06-01 08:22:26.023.
	 Executed 1 test, with 0 failures (0 unexpected) in 14.699 (14.703) seconds

Test session results, code coverage, and logs:
	/Users/jojolim/Library/Developer/XcodeBuildMCP/workspaces/orchestrator-309442864093/DerivedData/SpeakLocalNative-8f3e721625a0/Logs/Test/Test-SpeakLocalNative-2026.06.01_08-22-10-+0700.xcresult

** TEST EXECUTE SUCCEEDED **

Testing started

2026-06-01 08:22:11.373 xcodebuild[28542:8486478] [MT] IDELaunchParametersSnapshot: The operation couldn’t be completed. (DebuggerLLDB.DebuggerVersionStore.StoreError error 0.)
2026-06-01 08:22:11.373 xcodebuild[28542:8486478] [MT] IDELaunchParametersSnapshot: no debugger version
2026-06-01 08:22:21.420 xcodebuild[28542:8486478] [MT] IDELaunchParametersSnapshot: The operation couldn’t be completed. (DebuggerLLDB.DebuggerVersionStore.StoreError error 0.)
2026-06-01 08:22:21.420 xcodebuild[28542:8486478] [MT] IDELaunchParametersSnapshot: no debugger version
2026-06-01 08:22:26.318 xcodebuild[28542:8486478] [MT] IDETestOperationsObserverDebug: 16.155 elapsed -- Testing started completed.
2026-06-01 08:22:26.318 xcodebuild[28542:8486478] [MT] IDETestOperationsObserverDebug: 0.000 sec, +0.000 sec -- start
2026-06-01 08:22:26.318 xcodebuild[28542:8486478] [MT] IDETestOperationsObserverDebug: 16.155 sec, +16.155 sec -- end
