Command line invocation:
    /Applications/Xcode.app/Contents/Developer/usr/bin/xcodebuild test-without-building -project /Users/jojolim/Developer/products/speaklocal/app-family/.worktrees/city-listings-production-ready/native-ios/SpeakLocalNative.xcodeproj -scheme SpeakLocalNative -destination "platform=iOS Simulator,id=7C386DD3-4BF1-4A34-A918-768C43CD1258" -derivedDataPath /Users/jojolim/Library/Developer/XcodeBuildMCP/workspaces/orchestrator-309442864093/DerivedData/SpeakLocalNative-8f3e721625a0 "-only-testing:SpeakLocalNativeUITests/CityAppDetailV22RenderProofUITests/testCaptureCityAppDetailV22RenderProofBatch"

2026-06-01 05:00:04.261602+0700 SpeakLocalNativeUITests-Runner[60326:7629633] [Default] Running tests...
    t =      nans Interface orientation changed to Portrait
Test Suite 'Selected tests' started at 2026-06-01 05:00:04.635.
Test Suite 'SpeakLocalNativeUITests.xctest' started at 2026-06-01 05:00:04.636.
Test Suite 'CityAppDetailV22RenderProofUITests' started at 2026-06-01 05:00:04.636.
Test Case '-[SpeakLocalNativeUITests.CityAppDetailV22RenderProofUITests testCaptureCityAppDetailV22RenderProofBatch]' started.
    t =     0.00s Start Test at 2026-06-01 05:00:04.636
    t =     0.02s Set Up
    t =     0.02s Open app.speaklocal.vietnam.native
    t =     0.02s     Launch app.speaklocal.vietnam.native
objc[60326]: Class UIAccessibilityLoaderWebShared is implemented in both /Library/Developer/CoreSimulator/Volumes/iOS_23F77/Library/Developer/CoreSimulator/Profiles/Runtimes/iOS 26.5.simruntime/Contents/Resources/RuntimeRoot/System/Library/AccessibilityBundles/WebCore.axbundle/WebCore (0x10ae04310) and /Library/Developer/CoreSimulator/Volumes/iOS_23F77/Library/Developer/CoreSimulator/Profiles/Runtimes/iOS 26.5.simruntime/Contents/Resources/RuntimeRoot/System/Library/AccessibilityBundles/WebKit.axbundle/WebKit (0x10a2fc398). This may cause spurious casting failures and mysterious crashes. One of the duplicates must be removed or renamed.
    t =     1.90s         Setting up automation session
    t =     2.27s         Wait for app.speaklocal.vietnam.native to idle
    t =     3.73s Checking existence of `"Bến xe Miền Tây" StaticText`
    t =     3.88s Waiting 8.0s for "Bến xe Miền Tây" StaticText to exist
    t =     4.94s     Checking `Expect predicate `existsNoRetry == 1` for object "Bến xe Miền Tây" StaticText`
    t =     4.94s         Checking existence of `"Bến xe Miền Tây" StaticText`
    t =     5.10s Swipe up Target Application 'app.speaklocal.vietnam.native'
    t =     5.10s     Wait for app.speaklocal.vietnam.native to idle
    t =     5.11s     Find the Target Application 'app.speaklocal.vietnam.native'
    t =     5.12s     Check for interrupting elements affecting "SpeakLocal Vietnam" Application
    t =     5.14s     Synthesize event
    t =     5.56s     Wait for app.speaklocal.vietnam.native to idle
    t =     7.66s Swipe up Target Application 'app.speaklocal.vietnam.native'
    t =     7.66s     Wait for app.speaklocal.vietnam.native to idle
    t =     8.25s     Find the Target Application 'app.speaklocal.vietnam.native'
    t =     8.28s     Check for interrupting elements affecting "SpeakLocal Vietnam" Application
    t =     8.31s     Synthesize event
    t =     8.73s     Wait for app.speaklocal.vietnam.native to idle
    t =     9.39s Terminate app.speaklocal.vietnam.native:60401
    t =    10.48s Open app.speaklocal.vietnam.native
    t =    10.48s     Launch app.speaklocal.vietnam.native
    t =    10.69s         Setting up automation session
    t =    11.17s         Wait for app.speaklocal.vietnam.native to idle
    t =    12.62s Waiting 4.0s for TabBar (First Match) to exist
    t =    13.69s     Checking `Expect predicate `existsNoRetry == 1` for object TabBar (First Match)`
    t =    13.69s         Checking existence of `TabBar (First Match)`
    t =    13.75s Checking existence of `"PhraseArticle.BottomSentinel.viet-family-city-hcmc-place-mien-tay-bus-station" Other`
    t =    13.83s Checking existence of `"PhraseArticle.BottomSentinel.viet-phrase-city-hcmc-place-mien-tay-bus-station" Other`
    t =    13.85s Find the "PhraseArticle.BottomSentinel.viet-phrase-city-hcmc-place-mien-tay-bus-station" Other
    t =    13.88s Checking existence of `TabBar (First Match)`
    t =    13.88s Find the TabBar (First Match)
    t =    13.89s Find the Target Application 'app.speaklocal.vietnam.native'
    t =    13.98s Terminate app.speaklocal.vietnam.native:60492
    t =    15.07s Tear Down
Test Case '-[SpeakLocalNativeUITests.CityAppDetailV22RenderProofUITests testCaptureCityAppDetailV22RenderProofBatch]' passed (15.121 seconds).
Test Suite 'CityAppDetailV22RenderProofUITests' passed at 2026-06-01 05:00:19.758.
	 Executed 1 test, with 0 failures (0 unexpected) in 15.121 (15.123) seconds
Test Suite 'SpeakLocalNativeUITests.xctest' passed at 2026-06-01 05:00:19.760.
	 Executed 1 test, with 0 failures (0 unexpected) in 15.121 (15.124) seconds
Test Suite 'Selected tests' passed at 2026-06-01 05:00:19.760.
	 Executed 1 test, with 0 failures (0 unexpected) in 15.121 (15.125) seconds

Test session results, code coverage, and logs:
	/Users/jojolim/Library/Developer/XcodeBuildMCP/workspaces/orchestrator-309442864093/DerivedData/SpeakLocalNative-8f3e721625a0/Logs/Test/Test-SpeakLocalNative-2026.06.01_05-00-03-+0700.xcresult

** TEST EXECUTE SUCCEEDED **

Testing started

2026-06-01 05:00:04.697 xcodebuild[60313:7629413] [MT] IDELaunchParametersSnapshot: The operation couldn’t be completed. (DebuggerLLDB.DebuggerVersionStore.StoreError error 0.)
2026-06-01 05:00:04.697 xcodebuild[60313:7629413] [MT] IDELaunchParametersSnapshot: no debugger version
2026-06-01 05:00:15.120 xcodebuild[60313:7629413] [MT] IDELaunchParametersSnapshot: The operation couldn’t be completed. (DebuggerLLDB.DebuggerVersionStore.StoreError error 0.)
2026-06-01 05:00:15.120 xcodebuild[60313:7629413] [MT] IDELaunchParametersSnapshot: no debugger version
2026-06-01 05:00:20.066 xcodebuild[60313:7629413] [MT] IDETestOperationsObserverDebug: 16.631 elapsed -- Testing started completed.
2026-06-01 05:00:20.066 xcodebuild[60313:7629413] [MT] IDETestOperationsObserverDebug: 0.000 sec, +0.000 sec -- start
2026-06-01 05:00:20.066 xcodebuild[60313:7629413] [MT] IDETestOperationsObserverDebug: 16.631 sec, +16.631 sec -- end
