Command line invocation:
    /Applications/Xcode.app/Contents/Developer/usr/bin/xcodebuild test-without-building -project /Users/jojolim/Developer/products/speaklocal/app-family/.worktrees/city-listings-production-ready/native-ios/SpeakLocalNative.xcodeproj -scheme SpeakLocalNative -destination "platform=iOS Simulator,id=7C386DD3-4BF1-4A34-A918-768C43CD1258" -derivedDataPath /Users/jojolim/Library/Developer/XcodeBuildMCP/workspaces/orchestrator-309442864093/DerivedData/SpeakLocalNative-8f3e721625a0 "-only-testing:SpeakLocalNativeUITests/CityAppDetailV22RenderProofUITests/testCaptureCityAppDetailV22RenderProofBatch"

2026-06-01 04:01:36.094958+0700 SpeakLocalNativeUITests-Runner[92673:7381817] [Default] Running tests...
    t =      nans Interface orientation changed to Portrait
Test Suite 'Selected tests' started at 2026-06-01 04:01:36.479.
Test Suite 'SpeakLocalNativeUITests.xctest' started at 2026-06-01 04:01:36.479.
Test Suite 'CityAppDetailV22RenderProofUITests' started at 2026-06-01 04:01:36.479.
Test Case '-[SpeakLocalNativeUITests.CityAppDetailV22RenderProofUITests testCaptureCityAppDetailV22RenderProofBatch]' started.
    t =     0.00s Start Test at 2026-06-01 04:01:36.480
    t =     0.02s Set Up
    t =     0.02s Open app.speaklocal.vietnam.native
    t =     0.02s     Launch app.speaklocal.vietnam.native
objc[92673]: Class UIAccessibilityLoaderWebShared is implemented in both /Library/Developer/CoreSimulator/Volumes/iOS_23F77/Library/Developer/CoreSimulator/Profiles/Runtimes/iOS 26.5.simruntime/Contents/Resources/RuntimeRoot/System/Library/AccessibilityBundles/WebCore.axbundle/WebCore (0x106934310) and /Library/Developer/CoreSimulator/Volumes/iOS_23F77/Library/Developer/CoreSimulator/Profiles/Runtimes/iOS 26.5.simruntime/Contents/Resources/RuntimeRoot/System/Library/AccessibilityBundles/WebKit.axbundle/WebKit (0x106190398). This may cause spurious casting failures and mysterious crashes. One of the duplicates must be removed or renamed.
    t =     2.11s         Setting up automation session
    t =     2.59s         Wait for app.speaklocal.vietnam.native to idle
    t =     4.18s Checking existence of `"Cà phê Giảng" StaticText`
    t =     4.37s Waiting 8.0s for "Cà phê Giảng" StaticText to exist
    t =     5.44s     Checking `Expect predicate `existsNoRetry == 1` for object "Cà phê Giảng" StaticText`
    t =     5.44s         Checking existence of `"Cà phê Giảng" StaticText`
    t =     5.61s Swipe up Target Application 'app.speaklocal.vietnam.native'
    t =     5.61s     Wait for app.speaklocal.vietnam.native to idle
    t =     5.61s     Find the Target Application 'app.speaklocal.vietnam.native'
    t =     5.63s     Check for interrupting elements affecting "SpeakLocal Vietnam" Application
    t =     5.65s     Synthesize event
    t =     6.07s     Wait for app.speaklocal.vietnam.native to idle
    t =     8.18s Swipe up Target Application 'app.speaklocal.vietnam.native'
    t =     8.18s     Wait for app.speaklocal.vietnam.native to idle
    t =     8.19s     Find the Target Application 'app.speaklocal.vietnam.native'
    t =     8.21s     Check for interrupting elements affecting "SpeakLocal Vietnam" Application
    t =     8.24s     Synthesize event
    t =     8.66s     Wait for app.speaklocal.vietnam.native to idle
    t =    10.91s Terminate app.speaklocal.vietnam.native:92756
    t =    12.01s Open app.speaklocal.vietnam.native
    t =    12.01s     Launch app.speaklocal.vietnam.native
    t =    12.22s         Setting up automation session
    t =    12.74s         Wait for app.speaklocal.vietnam.native to idle
    t =    14.31s Waiting 4.0s for TabBar (First Match) to exist
    t =    15.38s     Checking `Expect predicate `existsNoRetry == 1` for object TabBar (First Match)`
    t =    15.39s         Checking existence of `TabBar (First Match)`
    t =    15.45s Checking existence of `"PhraseArticle.BottomSentinel.viet-family-city-hanoi-place-giang-cafe" Other`
    t =    15.55s Checking existence of `"PhraseArticle.BottomSentinel.viet-phrase-city-hanoi-place-giang-cafe" Other`
    t =    15.58s Find the "PhraseArticle.BottomSentinel.viet-phrase-city-hanoi-place-giang-cafe" Other
    t =    15.61s Checking existence of `TabBar (First Match)`
    t =    15.62s Find the TabBar (First Match)
    t =    15.62s Find the Target Application 'app.speaklocal.vietnam.native'
    t =    15.74s Terminate app.speaklocal.vietnam.native:92848
    t =    16.83s Tear Down
Test Case '-[SpeakLocalNativeUITests.CityAppDetailV22RenderProofUITests testCaptureCityAppDetailV22RenderProofBatch]' passed (16.901 seconds).
Test Suite 'CityAppDetailV22RenderProofUITests' passed at 2026-06-01 04:01:53.381.
	 Executed 1 test, with 0 failures (0 unexpected) in 16.901 (16.902) seconds
Test Suite 'SpeakLocalNativeUITests.xctest' passed at 2026-06-01 04:01:53.381.
	 Executed 1 test, with 0 failures (0 unexpected) in 16.901 (16.902) seconds
Test Suite 'Selected tests' passed at 2026-06-01 04:01:53.381.
	 Executed 1 test, with 0 failures (0 unexpected) in 16.901 (16.903) seconds

Test session results, code coverage, and logs:
	/Users/jojolim/Library/Developer/XcodeBuildMCP/workspaces/orchestrator-309442864093/DerivedData/SpeakLocalNative-8f3e721625a0/Logs/Test/Test-SpeakLocalNative-2026.06.01_04-01-35-+0700.xcresult

** TEST EXECUTE SUCCEEDED **

Testing started

2026-06-01 04:01:36.538 xcodebuild[92648:7381553] [MT] IDELaunchParametersSnapshot: The operation couldn’t be completed. (DebuggerLLDB.DebuggerVersionStore.StoreError error 0.)
2026-06-01 04:01:36.538 xcodebuild[92648:7381553] [MT] IDELaunchParametersSnapshot: no debugger version
2026-06-01 04:01:48.489 xcodebuild[92648:7381553] [MT] IDELaunchParametersSnapshot: The operation couldn’t be completed. (DebuggerLLDB.DebuggerVersionStore.StoreError error 0.)
2026-06-01 04:01:48.490 xcodebuild[92648:7381553] [MT] IDELaunchParametersSnapshot: no debugger version
2026-06-01 04:01:53.675 xcodebuild[92648:7381553] [MT] IDETestOperationsObserverDebug: 18.439 elapsed -- Testing started completed.
2026-06-01 04:01:53.675 xcodebuild[92648:7381553] [MT] IDETestOperationsObserverDebug: 0.000 sec, +0.000 sec -- start
2026-06-01 04:01:53.675 xcodebuild[92648:7381553] [MT] IDETestOperationsObserverDebug: 18.439 sec, +18.439 sec -- end
