Command line invocation:
    /Applications/Xcode.app/Contents/Developer/usr/bin/xcodebuild test-without-building -project /Users/jojolim/Developer/products/speaklocal/app-family/.worktrees/city-listings-production-ready/native-ios/SpeakLocalNative.xcodeproj -scheme SpeakLocalNative -destination "platform=iOS Simulator,id=7C386DD3-4BF1-4A34-A918-768C43CD1258" -derivedDataPath /Users/jojolim/Library/Developer/XcodeBuildMCP/workspaces/orchestrator-309442864093/DerivedData/SpeakLocalNative-8f3e721625a0 "-only-testing:SpeakLocalNativeUITests/CityAppDetailV22RenderProofUITests/testCaptureCityAppDetailV22RenderProofBatch"

2026-06-01 09:11:49.951358+0700 SpeakLocalNativeUITests-Runner[65617:8651749] [Default] Running tests...
    t =      nans Interface orientation changed to Portrait
Test Suite 'Selected tests' started at 2026-06-01 09:11:50.320.
Test Suite 'SpeakLocalNativeUITests.xctest' started at 2026-06-01 09:11:50.320.
Test Suite 'CityAppDetailV22RenderProofUITests' started at 2026-06-01 09:11:50.320.
Test Case '-[SpeakLocalNativeUITests.CityAppDetailV22RenderProofUITests testCaptureCityAppDetailV22RenderProofBatch]' started.
    t =     0.00s Start Test at 2026-06-01 09:11:50.320
    t =     0.02s Set Up
    t =     0.02s Open app.speaklocal.vietnam.native
    t =     0.02s     Launch app.speaklocal.vietnam.native
objc[65617]: Class UIAccessibilityLoaderWebShared is implemented in both /Library/Developer/CoreSimulator/Volumes/iOS_23F77/Library/Developer/CoreSimulator/Profiles/Runtimes/iOS 26.5.simruntime/Contents/Resources/RuntimeRoot/System/Library/AccessibilityBundles/WebCore.axbundle/WebCore (0x106054310) and /Library/Developer/CoreSimulator/Volumes/iOS_23F77/Library/Developer/CoreSimulator/Profiles/Runtimes/iOS 26.5.simruntime/Contents/Resources/RuntimeRoot/System/Library/AccessibilityBundles/WebKit.axbundle/WebKit (0x105d48398). This may cause spurious casting failures and mysterious crashes. One of the duplicates must be removed or renamed.
    t =     1.90s         Setting up automation session
    t =     2.34s         Wait for app.speaklocal.vietnam.native to idle
    t =     3.81s Checking existence of `"Bảo tàng Cổ vật Cung đình Huế" StaticText`
    t =     3.95s Waiting 8.0s for "Bảo tàng Cổ vật Cung đình Huế" StaticText to exist
    t =     4.98s     Checking `Expect predicate `existsNoRetry == 1` for object "Bảo tàng Cổ vật Cung đình Huế" StaticText`
    t =     4.98s         Checking existence of `"Bảo tàng Cổ vật Cung đình Huế" StaticText`
    t =     5.14s Swipe up Target Application 'app.speaklocal.vietnam.native'
    t =     5.14s     Wait for app.speaklocal.vietnam.native to idle
    t =     5.14s     Find the Target Application 'app.speaklocal.vietnam.native'
    t =     5.16s     Check for interrupting elements affecting "SpeakLocal Vietnam" Application
    t =     5.17s     Synthesize event
    t =     5.60s     Wait for app.speaklocal.vietnam.native to idle
    t =     7.77s Swipe up Target Application 'app.speaklocal.vietnam.native'
    t =     7.77s     Wait for app.speaklocal.vietnam.native to idle
    t =     7.77s     Find the Target Application 'app.speaklocal.vietnam.native'
    t =     7.79s     Check for interrupting elements affecting "SpeakLocal Vietnam" Application
    t =     7.81s     Synthesize event
    t =     8.24s     Wait for app.speaklocal.vietnam.native to idle
    t =     9.22s Terminate app.speaklocal.vietnam.native:65622
    t =    10.27s Open app.speaklocal.vietnam.native
    t =    10.27s     Launch app.speaklocal.vietnam.native
    t =    10.49s         Setting up automation session
    t =    10.99s         Wait for app.speaklocal.vietnam.native to idle
    t =    12.46s Waiting 4.0s for TabBar (First Match) to exist
    t =    13.52s     Checking `Expect predicate `existsNoRetry == 1` for object TabBar (First Match)`
    t =    13.52s         Checking existence of `TabBar (First Match)`
    t =    13.58s Checking existence of `"PhraseArticle.BottomSentinel.viet-family-city-hue-place-royal-antiquities-museum" Other`
    t =    13.65s Checking existence of `"PhraseArticle.BottomSentinel.viet-phrase-city-hue-place-royal-antiquities-museum" Other`
    t =    13.68s Find the "PhraseArticle.BottomSentinel.viet-phrase-city-hue-place-royal-antiquities-museum" Other
    t =    13.70s Checking existence of `TabBar (First Match)`
    t =    13.71s Find the TabBar (First Match)
    t =    13.71s Find the Target Application 'app.speaklocal.vietnam.native'
    t =    13.81s Terminate app.speaklocal.vietnam.native:65643
    t =    14.85s Tear Down
Test Case '-[SpeakLocalNativeUITests.CityAppDetailV22RenderProofUITests testCaptureCityAppDetailV22RenderProofBatch]' passed (14.914 seconds).
Test Suite 'CityAppDetailV22RenderProofUITests' passed at 2026-06-01 09:12:05.234.
	 Executed 1 test, with 0 failures (0 unexpected) in 14.914 (14.914) seconds
Test Suite 'SpeakLocalNativeUITests.xctest' passed at 2026-06-01 09:12:05.235.
	 Executed 1 test, with 0 failures (0 unexpected) in 14.914 (14.915) seconds
Test Suite 'Selected tests' passed at 2026-06-01 09:12:05.236.
	 Executed 1 test, with 0 failures (0 unexpected) in 14.914 (14.916) seconds

Test session results, code coverage, and logs:
	/Users/jojolim/Library/Developer/XcodeBuildMCP/workspaces/orchestrator-309442864093/DerivedData/SpeakLocalNative-8f3e721625a0/Logs/Test/Test-SpeakLocalNative-2026.06.01_09-11-48-+0700.xcresult

** TEST EXECUTE SUCCEEDED **

Testing started

2026-06-01 09:11:50.386 xcodebuild[65612:8651548] [MT] IDELaunchParametersSnapshot: The operation couldn’t be completed. (DebuggerLLDB.DebuggerVersionStore.StoreError error 0.)
2026-06-01 09:11:50.386 xcodebuild[65612:8651548] [MT] IDELaunchParametersSnapshot: no debugger version
2026-06-01 09:12:00.594 xcodebuild[65612:8651548] [MT] IDELaunchParametersSnapshot: The operation couldn’t be completed. (DebuggerLLDB.DebuggerVersionStore.StoreError error 0.)
2026-06-01 09:12:00.594 xcodebuild[65612:8651548] [MT] IDELaunchParametersSnapshot: no debugger version
2026-06-01 09:12:05.531 xcodebuild[65612:8651548] [MT] IDETestOperationsObserverDebug: 16.432 elapsed -- Testing started completed.
2026-06-01 09:12:05.531 xcodebuild[65612:8651548] [MT] IDETestOperationsObserverDebug: 0.000 sec, +0.000 sec -- start
2026-06-01 09:12:05.531 xcodebuild[65612:8651548] [MT] IDETestOperationsObserverDebug: 16.432 sec, +16.432 sec -- end
