Command line invocation:
    /Applications/Xcode.app/Contents/Developer/usr/bin/xcodebuild test-without-building -project /Users/jojolim/Developer/products/speaklocal/app-family/.worktrees/city-listings-production-ready/native-ios/SpeakLocalNative.xcodeproj -scheme SpeakLocalNative -destination "platform=iOS Simulator,id=7C386DD3-4BF1-4A34-A918-768C43CD1258" -derivedDataPath /Users/jojolim/Library/Developer/XcodeBuildMCP/workspaces/orchestrator-309442864093/DerivedData/SpeakLocalNative-8f3e721625a0 "-only-testing:SpeakLocalNativeUITests/CityAppDetailV22RenderProofUITests/testCaptureCityAppDetailV22RenderProofBatch"

2026-06-01 23:37:17.379202+0700 SpeakLocalNativeUITests-Runner[16172:10216398] [Default] Running tests...
    t =      nans Interface orientation changed to Portrait
Test Suite 'Selected tests' started at 2026-06-01 23:37:17.755.
Test Suite 'SpeakLocalNativeUITests.xctest' started at 2026-06-01 23:37:17.756.
Test Suite 'CityAppDetailV22RenderProofUITests' started at 2026-06-01 23:37:17.756.
Test Case '-[SpeakLocalNativeUITests.CityAppDetailV22RenderProofUITests testCaptureCityAppDetailV22RenderProofBatch]' started.
    t =     0.00s Start Test at 2026-06-01 23:37:17.756
    t =     0.02s Set Up
    t =     0.02s Open app.speaklocal.vietnam.native
    t =     0.02s     Launch app.speaklocal.vietnam.native
objc[16172]: Class UIAccessibilityLoaderWebShared is implemented in both /Library/Developer/CoreSimulator/Volumes/iOS_23F77/Library/Developer/CoreSimulator/Profiles/Runtimes/iOS 26.5.simruntime/Contents/Resources/RuntimeRoot/System/Library/AccessibilityBundles/WebCore.axbundle/WebCore (0x10ae44310) and /Library/Developer/CoreSimulator/Volumes/iOS_23F77/Library/Developer/CoreSimulator/Profiles/Runtimes/iOS 26.5.simruntime/Contents/Resources/RuntimeRoot/System/Library/AccessibilityBundles/WebKit.axbundle/WebKit (0x10a2dc398). This may cause spurious casting failures and mysterious crashes. One of the duplicates must be removed or renamed.
    t =     2.32s         Setting up automation session
    t =     3.08s         Wait for app.speaklocal.vietnam.native to idle
    t =     4.96s Checking existence of `"Anăn Sài Gòn" StaticText`
    t =     5.15s Waiting 8.0s for "Anăn Sài Gòn" StaticText to exist
    t =     6.22s     Checking `Expect predicate `existsNoRetry == 1` for object "Anăn Sài Gòn" StaticText`
    t =     6.22s         Checking existence of `"Anăn Sài Gòn" StaticText`
    t =     6.41s Swipe up Target Application 'app.speaklocal.vietnam.native'
    t =     6.41s     Wait for app.speaklocal.vietnam.native to idle
    t =     6.42s     Find the Target Application 'app.speaklocal.vietnam.native'
    t =     6.43s     Check for interrupting elements affecting "SpeakLocal Vietnam" Application
    t =     6.45s     Synthesize event
    t =     6.87s     Wait for app.speaklocal.vietnam.native to idle
    t =     8.97s Swipe up Target Application 'app.speaklocal.vietnam.native'
    t =     8.97s     Wait for app.speaklocal.vietnam.native to idle
    t =     8.98s     Find the Target Application 'app.speaklocal.vietnam.native'
    t =     9.01s     Check for interrupting elements affecting "SpeakLocal Vietnam" Application
    t =     9.04s     Synthesize event
    t =     9.46s     Wait for app.speaklocal.vietnam.native to idle
    t =    10.61s Terminate app.speaklocal.vietnam.native:16249
    t =    11.70s Open app.speaklocal.vietnam.native
    t =    11.70s     Launch app.speaklocal.vietnam.native
    t =    11.92s         Setting up automation session
    t =    12.41s         Wait for app.speaklocal.vietnam.native to idle
    t =    13.89s Waiting 4.0s for TabBar (First Match) to exist
    t =    14.96s     Checking `Expect predicate `existsNoRetry == 1` for object TabBar (First Match)`
    t =    14.96s         Checking existence of `TabBar (First Match)`
    t =    15.01s Checking existence of `"PhraseArticle.BottomSentinel.viet-family-city-hcmc-place-anan-saigon" Other`
    t =    15.11s Checking existence of `"PhraseArticle.BottomSentinel.viet-phrase-city-hcmc-place-anan-saigon" Other`
    t =    15.14s Find the "PhraseArticle.BottomSentinel.viet-phrase-city-hcmc-place-anan-saigon" Other
    t =    15.17s Checking existence of `TabBar (First Match)`
    t =    15.18s Find the TabBar (First Match)
    t =    15.19s Find the Target Application 'app.speaklocal.vietnam.native'
    t =    15.31s Terminate app.speaklocal.vietnam.native:16334
    t =    16.41s Tear Down
Test Case '-[SpeakLocalNativeUITests.CityAppDetailV22RenderProofUITests testCaptureCityAppDetailV22RenderProofBatch]' passed (16.473 seconds).
Test Suite 'CityAppDetailV22RenderProofUITests' passed at 2026-06-01 23:37:34.230.
	 Executed 1 test, with 0 failures (0 unexpected) in 16.473 (16.474) seconds
Test Suite 'SpeakLocalNativeUITests.xctest' passed at 2026-06-01 23:37:34.230.
	 Executed 1 test, with 0 failures (0 unexpected) in 16.473 (16.475) seconds
Test Suite 'Selected tests' passed at 2026-06-01 23:37:34.231.
	 Executed 1 test, with 0 failures (0 unexpected) in 16.473 (16.475) seconds

Test session results, code coverage, and logs:
	/Users/jojolim/Library/Developer/XcodeBuildMCP/workspaces/orchestrator-309442864093/DerivedData/SpeakLocalNative-8f3e721625a0/Logs/Test/Test-SpeakLocalNative-2026.06.01_23-37-16-+0700.xcresult

** TEST EXECUTE SUCCEEDED **

Testing started

2026-06-01 23:37:17.822 xcodebuild[16157:10216208] [MT] IDELaunchParametersSnapshot: The operation couldn’t be completed. (DebuggerLLDB.DebuggerVersionStore.StoreError error 0.)
2026-06-01 23:37:17.822 xcodebuild[16157:10216208] [MT] IDELaunchParametersSnapshot: no debugger version
2026-06-01 23:37:29.458 xcodebuild[16157:10216208] [MT] IDELaunchParametersSnapshot: The operation couldn’t be completed. (DebuggerLLDB.DebuggerVersionStore.StoreError error 0.)
2026-06-01 23:37:29.458 xcodebuild[16157:10216208] [MT] IDELaunchParametersSnapshot: no debugger version
2026-06-01 23:37:34.536 xcodebuild[16157:10216208] [MT] IDETestOperationsObserverDebug: 17.964 elapsed -- Testing started completed.
2026-06-01 23:37:34.536 xcodebuild[16157:10216208] [MT] IDETestOperationsObserverDebug: 0.000 sec, +0.000 sec -- start
2026-06-01 23:37:34.536 xcodebuild[16157:10216208] [MT] IDETestOperationsObserverDebug: 17.964 sec, +17.964 sec -- end
