Command line invocation:
    /Applications/Xcode.app/Contents/Developer/usr/bin/xcodebuild test-without-building -project /Users/jojolim/Developer/products/speaklocal/app-family/.worktrees/city-listings-production-ready/native-ios/SpeakLocalNative.xcodeproj -scheme SpeakLocalNative -destination "platform=iOS Simulator,id=7C386DD3-4BF1-4A34-A918-768C43CD1258" -derivedDataPath /Users/jojolim/Library/Developer/XcodeBuildMCP/workspaces/orchestrator-309442864093/DerivedData/SpeakLocalNative-8f3e721625a0 "-only-testing:SpeakLocalNativeUITests/CityAppDetailV22RenderProofUITests/testCaptureCityAppDetailV22RenderProofBatch"

2026-06-01 03:41:43.833578+0700 SpeakLocalNativeUITests-Runner[67379:7294993] [Default] Running tests...
    t =      nans Interface orientation changed to Portrait
Test Suite 'Selected tests' started at 2026-06-01 03:41:44.204.
Test Suite 'SpeakLocalNativeUITests.xctest' started at 2026-06-01 03:41:44.204.
Test Suite 'CityAppDetailV22RenderProofUITests' started at 2026-06-01 03:41:44.204.
Test Case '-[SpeakLocalNativeUITests.CityAppDetailV22RenderProofUITests testCaptureCityAppDetailV22RenderProofBatch]' started.
    t =     0.00s Start Test at 2026-06-01 03:41:44.204
    t =     0.01s Set Up
    t =     0.02s Open app.speaklocal.vietnam.native
    t =     0.02s     Launch app.speaklocal.vietnam.native
objc[67379]: Class UIAccessibilityLoaderWebShared is implemented in both /Library/Developer/CoreSimulator/Volumes/iOS_23F77/Library/Developer/CoreSimulator/Profiles/Runtimes/iOS 26.5.simruntime/Contents/Resources/RuntimeRoot/System/Library/AccessibilityBundles/WebCore.axbundle/WebCore (0x10a70c310) and /Library/Developer/CoreSimulator/Volumes/iOS_23F77/Library/Developer/CoreSimulator/Profiles/Runtimes/iOS 26.5.simruntime/Contents/Resources/RuntimeRoot/System/Library/AccessibilityBundles/WebKit.axbundle/WebKit (0x109b80398). This may cause spurious casting failures and mysterious crashes. One of the duplicates must be removed or renamed.
    t =     2.08s         Setting up automation session
    t =     2.51s         Wait for app.speaklocal.vietnam.native to idle
    t =     3.98s Checking existence of `"Làng mộc Kim Bồng" StaticText`
    t =     4.15s Waiting 8.0s for "Làng mộc Kim Bồng" StaticText to exist
    t =     5.18s     Checking `Expect predicate `existsNoRetry == 1` for object "Làng mộc Kim Bồng" StaticText`
    t =     5.18s         Checking existence of `"Làng mộc Kim Bồng" StaticText`
    t =     5.35s Swipe up Target Application 'app.speaklocal.vietnam.native'
    t =     5.35s     Wait for app.speaklocal.vietnam.native to idle
    t =     5.36s     Find the Target Application 'app.speaklocal.vietnam.native'
    t =     5.37s     Check for interrupting elements affecting "SpeakLocal Vietnam" Application
    t =     5.39s     Synthesize event
    t =     5.81s     Wait for app.speaklocal.vietnam.native to idle
    t =     7.92s Swipe up Target Application 'app.speaklocal.vietnam.native'
    t =     7.92s     Wait for app.speaklocal.vietnam.native to idle
    t =     7.92s     Find the Target Application 'app.speaklocal.vietnam.native'
    t =     7.95s     Check for interrupting elements affecting "SpeakLocal Vietnam" Application
    t =     7.97s     Synthesize event
    t =     8.40s     Wait for app.speaklocal.vietnam.native to idle
    t =     9.22s Terminate app.speaklocal.vietnam.native:67470
    t =    10.28s Open app.speaklocal.vietnam.native
    t =    10.28s     Launch app.speaklocal.vietnam.native
    t =    10.49s         Setting up automation session
    t =    10.96s         Wait for app.speaklocal.vietnam.native to idle
    t =    12.47s Waiting 4.0s for TabBar (First Match) to exist
    t =    13.52s     Checking `Expect predicate `existsNoRetry == 1` for object TabBar (First Match)`
    t =    13.52s         Checking existence of `TabBar (First Match)`
    t =    13.57s Checking existence of `"PhraseArticle.BottomSentinel.viet-family-city-hoian-place-kim-bong-carpentry-village" Other`
    t =    13.65s Checking existence of `"PhraseArticle.BottomSentinel.viet-phrase-city-hoian-place-kim-bong-carpentry-village" Other`
    t =    13.67s Find the "PhraseArticle.BottomSentinel.viet-phrase-city-hoian-place-kim-bong-carpentry-village" Other
    t =    13.70s Checking existence of `TabBar (First Match)`
    t =    13.71s Find the TabBar (First Match)
    t =    13.71s Find the Target Application 'app.speaklocal.vietnam.native'
    t =    13.81s Terminate app.speaklocal.vietnam.native:67563
    t =    14.88s Tear Down
Test Case '-[SpeakLocalNativeUITests.CityAppDetailV22RenderProofUITests testCaptureCityAppDetailV22RenderProofBatch]' passed (14.952 seconds).
Test Suite 'CityAppDetailV22RenderProofUITests' passed at 2026-06-01 03:41:59.157.
	 Executed 1 test, with 0 failures (0 unexpected) in 14.952 (14.953) seconds
Test Suite 'SpeakLocalNativeUITests.xctest' passed at 2026-06-01 03:41:59.158.
	 Executed 1 test, with 0 failures (0 unexpected) in 14.952 (14.954) seconds
Test Suite 'Selected tests' passed at 2026-06-01 03:41:59.159.
	 Executed 1 test, with 0 failures (0 unexpected) in 14.952 (14.955) seconds

Test session results, code coverage, and logs:
	/Users/jojolim/Library/Developer/XcodeBuildMCP/workspaces/orchestrator-309442864093/DerivedData/SpeakLocalNative-8f3e721625a0/Logs/Test/Test-SpeakLocalNative-2026.06.01_03-41-42-+0700.xcresult

** TEST EXECUTE SUCCEEDED **

Testing started

2026-06-01 03:41:44.255 xcodebuild[67376:7294825] [MT] IDELaunchParametersSnapshot: The operation couldn’t be completed. (DebuggerLLDB.DebuggerVersionStore.StoreError error 0.)
2026-06-01 03:41:44.255 xcodebuild[67376:7294825] [MT] IDELaunchParametersSnapshot: no debugger version
2026-06-01 03:41:54.487 xcodebuild[67376:7294825] [MT] IDELaunchParametersSnapshot: The operation couldn’t be completed. (DebuggerLLDB.DebuggerVersionStore.StoreError error 0.)
2026-06-01 03:41:54.487 xcodebuild[67376:7294825] [MT] IDELaunchParametersSnapshot: no debugger version
2026-06-01 03:41:59.450 xcodebuild[67376:7294825] [MT] IDETestOperationsObserverDebug: 16.438 elapsed -- Testing started completed.
2026-06-01 03:41:59.450 xcodebuild[67376:7294825] [MT] IDETestOperationsObserverDebug: 0.000 sec, +0.000 sec -- start
2026-06-01 03:41:59.450 xcodebuild[67376:7294825] [MT] IDETestOperationsObserverDebug: 16.438 sec, +16.438 sec -- end
