Command line invocation:
    /Applications/Xcode.app/Contents/Developer/usr/bin/xcodebuild test-without-building -project /Users/jojolim/Developer/products/speaklocal/app-family/.worktrees/city-listings-production-ready/native-ios/SpeakLocalNative.xcodeproj -scheme SpeakLocalNative -destination "platform=iOS Simulator,id=7C386DD3-4BF1-4A34-A918-768C43CD1258" -derivedDataPath /Users/jojolim/Library/Developer/XcodeBuildMCP/workspaces/orchestrator-309442864093/DerivedData/SpeakLocalNative-8f3e721625a0 "-only-testing:SpeakLocalNativeUITests/CityAppDetailV22RenderProofUITests/testCaptureCityAppDetailV22RenderProofBatch"

2026-06-01 04:06:10.801010+0700 SpeakLocalNativeUITests-Runner[98588:7401261] [Default] Running tests...
    t =      nans Interface orientation changed to Portrait
Test Suite 'Selected tests' started at 2026-06-01 04:06:11.173.
Test Suite 'SpeakLocalNativeUITests.xctest' started at 2026-06-01 04:06:11.173.
Test Suite 'CityAppDetailV22RenderProofUITests' started at 2026-06-01 04:06:11.173.
Test Case '-[SpeakLocalNativeUITests.CityAppDetailV22RenderProofUITests testCaptureCityAppDetailV22RenderProofBatch]' started.
    t =     0.00s Start Test at 2026-06-01 04:06:11.174
    t =     0.02s Set Up
    t =     0.02s Open app.speaklocal.vietnam.native
    t =     0.02s     Launch app.speaklocal.vietnam.native
objc[98588]: Class UIAccessibilityLoaderWebShared is implemented in both /Library/Developer/CoreSimulator/Volumes/iOS_23F77/Library/Developer/CoreSimulator/Profiles/Runtimes/iOS 26.5.simruntime/Contents/Resources/RuntimeRoot/System/Library/AccessibilityBundles/WebCore.axbundle/WebCore (0x107eb0310) and /Library/Developer/CoreSimulator/Volumes/iOS_23F77/Library/Developer/CoreSimulator/Profiles/Runtimes/iOS 26.5.simruntime/Contents/Resources/RuntimeRoot/System/Library/AccessibilityBundles/WebKit.axbundle/WebKit (0x1077e0398). This may cause spurious casting failures and mysterious crashes. One of the duplicates must be removed or renamed.
    t =     1.89s         Setting up automation session
    t =     2.36s         Wait for app.speaklocal.vietnam.native to idle
    t =     3.84s Checking existence of `"Bảo tàng Gốm sứ Mậu dịch" StaticText`
    t =     3.99s Waiting 8.0s for "Bảo tàng Gốm sứ Mậu dịch" StaticText to exist
    t =     5.02s     Checking `Expect predicate `existsNoRetry == 1` for object "Bảo tàng Gốm sứ Mậu dịch" StaticText`
    t =     5.02s         Checking existence of `"Bảo tàng Gốm sứ Mậu dịch" StaticText`
    t =     5.18s Swipe up Target Application 'app.speaklocal.vietnam.native'
    t =     5.18s     Wait for app.speaklocal.vietnam.native to idle
    t =     5.19s     Find the Target Application 'app.speaklocal.vietnam.native'
    t =     5.20s     Check for interrupting elements affecting "SpeakLocal Vietnam" Application
    t =     5.22s     Synthesize event
    t =     5.64s     Wait for app.speaklocal.vietnam.native to idle
    t =     7.75s Swipe up Target Application 'app.speaklocal.vietnam.native'
    t =     7.75s     Wait for app.speaklocal.vietnam.native to idle
    t =     8.22s     Find the Target Application 'app.speaklocal.vietnam.native'
    t =     8.25s     Check for interrupting elements affecting "SpeakLocal Vietnam" Application
    t =     8.27s     Synthesize event
    t =     8.70s     Wait for app.speaklocal.vietnam.native to idle
    t =     9.51s Terminate app.speaklocal.vietnam.native:98669
    t =    10.57s Open app.speaklocal.vietnam.native
    t =    10.57s     Launch app.speaklocal.vietnam.native
    t =    10.78s         Setting up automation session
    t =    11.25s         Wait for app.speaklocal.vietnam.native to idle
    t =    12.73s Waiting 4.0s for TabBar (First Match) to exist
    t =    13.75s     Checking `Expect predicate `existsNoRetry == 1` for object TabBar (First Match)`
    t =    13.75s         Checking existence of `TabBar (First Match)`
    t =    13.80s Checking existence of `"PhraseArticle.BottomSentinel.viet-family-city-hoian-place-trade-ceramics-museum" Other`
    t =    13.88s Checking existence of `"PhraseArticle.BottomSentinel.viet-phrase-city-hoian-place-trade-ceramics-museum" Other`
    t =    13.91s Find the "PhraseArticle.BottomSentinel.viet-phrase-city-hoian-place-trade-ceramics-museum" Other
    t =    13.93s Checking existence of `TabBar (First Match)`
    t =    13.93s Find the TabBar (First Match)
    t =    13.94s Find the Target Application 'app.speaklocal.vietnam.native'
    t =    14.03s Terminate app.speaklocal.vietnam.native:98761
    t =    15.07s Tear Down
Test Case '-[SpeakLocalNativeUITests.CityAppDetailV22RenderProofUITests testCaptureCityAppDetailV22RenderProofBatch]' passed (15.119 seconds).
Test Suite 'CityAppDetailV22RenderProofUITests' passed at 2026-06-01 04:06:26.294.
	 Executed 1 test, with 0 failures (0 unexpected) in 15.119 (15.120) seconds
Test Suite 'SpeakLocalNativeUITests.xctest' passed at 2026-06-01 04:06:26.294.
	 Executed 1 test, with 0 failures (0 unexpected) in 15.119 (15.121) seconds
Test Suite 'Selected tests' passed at 2026-06-01 04:06:26.295.
	 Executed 1 test, with 0 failures (0 unexpected) in 15.119 (15.122) seconds

Test session results, code coverage, and logs:
	/Users/jojolim/Library/Developer/XcodeBuildMCP/workspaces/orchestrator-309442864093/DerivedData/SpeakLocalNative-8f3e721625a0/Logs/Test/Test-SpeakLocalNative-2026.06.01_04-06-09-+0700.xcresult

** TEST EXECUTE SUCCEEDED **

Testing started

2026-06-01 04:06:11.235 xcodebuild[98583:7401080] [MT] IDELaunchParametersSnapshot: The operation couldn’t be completed. (DebuggerLLDB.DebuggerVersionStore.StoreError error 0.)
2026-06-01 04:06:11.235 xcodebuild[98583:7401080] [MT] IDELaunchParametersSnapshot: no debugger version
2026-06-01 04:06:21.743 xcodebuild[98583:7401080] [MT] IDELaunchParametersSnapshot: The operation couldn’t be completed. (DebuggerLLDB.DebuggerVersionStore.StoreError error 0.)
2026-06-01 04:06:21.743 xcodebuild[98583:7401080] [MT] IDELaunchParametersSnapshot: no debugger version
2026-06-01 04:06:26.602 xcodebuild[98583:7401080] [MT] IDETestOperationsObserverDebug: 16.600 elapsed -- Testing started completed.
2026-06-01 04:06:26.602 xcodebuild[98583:7401080] [MT] IDETestOperationsObserverDebug: 0.000 sec, +0.000 sec -- start
2026-06-01 04:06:26.602 xcodebuild[98583:7401080] [MT] IDETestOperationsObserverDebug: 16.600 sec, +16.600 sec -- end
