Command line invocation:
    /Applications/Xcode.app/Contents/Developer/usr/bin/xcodebuild test-without-building -project /Users/jojolim/Developer/products/speaklocal/app-family/.worktrees/city-listings-production-ready/native-ios/SpeakLocalNative.xcodeproj -scheme SpeakLocalNative -destination "platform=iOS Simulator,id=7C386DD3-4BF1-4A34-A918-768C43CD1258" -derivedDataPath /Users/jojolim/Library/Developer/XcodeBuildMCP/workspaces/orchestrator-309442864093/DerivedData/SpeakLocalNative-8f3e721625a0 "-only-testing:SpeakLocalNativeUITests/CityAppDetailV22RenderProofUITests/testCaptureCityAppDetailV22RenderProofBatch"

2026-06-01 06:00:00.944355+0700 SpeakLocalNativeUITests-Runner[41245:7879331] [Default] Running tests...
    t =      nans Interface orientation changed to Portrait
Test Suite 'Selected tests' started at 2026-06-01 06:00:01.311.
Test Suite 'SpeakLocalNativeUITests.xctest' started at 2026-06-01 06:00:01.311.
Test Suite 'CityAppDetailV22RenderProofUITests' started at 2026-06-01 06:00:01.311.
Test Case '-[SpeakLocalNativeUITests.CityAppDetailV22RenderProofUITests testCaptureCityAppDetailV22RenderProofBatch]' started.
    t =     0.00s Start Test at 2026-06-01 06:00:01.312
    t =     0.02s Set Up
    t =     0.02s Open app.speaklocal.vietnam.native
    t =     0.02s     Launch app.speaklocal.vietnam.native
objc[41245]: Class UIAccessibilityLoaderWebShared is implemented in both /Library/Developer/CoreSimulator/Volumes/iOS_23F77/Library/Developer/CoreSimulator/Profiles/Runtimes/iOS 26.5.simruntime/Contents/Resources/RuntimeRoot/System/Library/AccessibilityBundles/WebCore.axbundle/WebCore (0x108e94310) and /Library/Developer/CoreSimulator/Volumes/iOS_23F77/Library/Developer/CoreSimulator/Profiles/Runtimes/iOS 26.5.simruntime/Contents/Resources/RuntimeRoot/System/Library/AccessibilityBundles/WebKit.axbundle/WebKit (0x108714398). This may cause spurious casting failures and mysterious crashes. One of the duplicates must be removed or renamed.
    t =     1.89s         Setting up automation session
    t =     2.34s         Wait for app.speaklocal.vietnam.native to idle
    t =     3.81s Checking existence of `"Bún thang ở Hà Nội" StaticText`
    t =     3.94s Waiting 8.0s for "Bún thang ở Hà Nội" StaticText to exist
    t =     5.01s     Checking `Expect predicate `existsNoRetry == 1` for object "Bún thang ở Hà Nội" StaticText`
    t =     5.01s         Checking existence of `"Bún thang ở Hà Nội" StaticText`
    t =     5.17s Swipe up Target Application 'app.speaklocal.vietnam.native'
    t =     5.17s     Wait for app.speaklocal.vietnam.native to idle
    t =     5.17s     Find the Target Application 'app.speaklocal.vietnam.native'
    t =     5.19s     Check for interrupting elements affecting "SpeakLocal Vietnam" Application
    t =     5.20s     Synthesize event
    t =     5.62s     Wait for app.speaklocal.vietnam.native to idle
    t =     7.73s Swipe up Target Application 'app.speaklocal.vietnam.native'
    t =     7.73s     Wait for app.speaklocal.vietnam.native to idle
    t =     7.73s     Find the Target Application 'app.speaklocal.vietnam.native'
    t =     7.76s     Check for interrupting elements affecting "SpeakLocal Vietnam" Application
    t =     7.78s     Synthesize event
    t =     8.20s     Wait for app.speaklocal.vietnam.native to idle
    t =     8.86s Terminate app.speaklocal.vietnam.native:41327
    t =     9.95s Open app.speaklocal.vietnam.native
    t =     9.95s     Launch app.speaklocal.vietnam.native
    t =    10.16s         Setting up automation session
    t =    10.63s         Wait for app.speaklocal.vietnam.native to idle
    t =    12.10s Waiting 4.0s for TabBar (First Match) to exist
    t =    13.16s     Checking `Expect predicate `existsNoRetry == 1` for object TabBar (First Match)`
    t =    13.16s         Checking existence of `TabBar (First Match)`
    t =    13.22s Checking existence of `"PhraseArticle.BottomSentinel.viet-family-city-hanoi-place-bun-thang" Other`
    t =    13.29s Checking existence of `"PhraseArticle.BottomSentinel.viet-phrase-city-hanoi-place-bun-thang" Other`
    t =    13.31s Find the "PhraseArticle.BottomSentinel.viet-phrase-city-hanoi-place-bun-thang" Other
    t =    13.33s Checking existence of `TabBar (First Match)`
    t =    13.34s Find the TabBar (First Match)
    t =    13.35s Find the Target Application 'app.speaklocal.vietnam.native'
    t =    13.44s Terminate app.speaklocal.vietnam.native:41413
    t =    14.53s Tear Down
Test Case '-[SpeakLocalNativeUITests.CityAppDetailV22RenderProofUITests testCaptureCityAppDetailV22RenderProofBatch]' passed (14.576 seconds).
Test Suite 'CityAppDetailV22RenderProofUITests' passed at 2026-06-01 06:00:15.888.
	 Executed 1 test, with 0 failures (0 unexpected) in 14.576 (14.577) seconds
Test Suite 'SpeakLocalNativeUITests.xctest' passed at 2026-06-01 06:00:15.888.
	 Executed 1 test, with 0 failures (0 unexpected) in 14.576 (14.577) seconds
Test Suite 'Selected tests' passed at 2026-06-01 06:00:15.889.
	 Executed 1 test, with 0 failures (0 unexpected) in 14.576 (14.578) seconds

Test session results, code coverage, and logs:
	/Users/jojolim/Library/Developer/XcodeBuildMCP/workspaces/orchestrator-309442864093/DerivedData/SpeakLocalNative-8f3e721625a0/Logs/Test/Test-SpeakLocalNative-2026.06.01_05-59-59-+0700.xcresult

** TEST EXECUTE SUCCEEDED **

Testing started

2026-06-01 06:00:01.369 xcodebuild[41241:7879143] [MT] IDELaunchParametersSnapshot: The operation couldn’t be completed. (DebuggerLLDB.DebuggerVersionStore.StoreError error 0.)
2026-06-01 06:00:01.369 xcodebuild[41241:7879143] [MT] IDELaunchParametersSnapshot: no debugger version
2026-06-01 06:00:11.261 xcodebuild[41241:7879143] [MT] IDELaunchParametersSnapshot: The operation couldn’t be completed. (DebuggerLLDB.DebuggerVersionStore.StoreError error 0.)
2026-06-01 06:00:11.261 xcodebuild[41241:7879143] [MT] IDELaunchParametersSnapshot: no debugger version
2026-06-01 06:00:16.192 xcodebuild[41241:7879143] [MT] IDETestOperationsObserverDebug: 16.053 elapsed -- Testing started completed.
2026-06-01 06:00:16.192 xcodebuild[41241:7879143] [MT] IDETestOperationsObserverDebug: 0.000 sec, +0.000 sec -- start
2026-06-01 06:00:16.192 xcodebuild[41241:7879143] [MT] IDETestOperationsObserverDebug: 16.053 sec, +16.053 sec -- end
