Command line invocation:
    /Applications/Xcode.app/Contents/Developer/usr/bin/xcodebuild test-without-building -project /Users/jojolim/Developer/products/speaklocal/app-family/.worktrees/city-listings-production-ready/native-ios/SpeakLocalNative.xcodeproj -scheme SpeakLocalNative -destination "platform=iOS Simulator,id=7C386DD3-4BF1-4A34-A918-768C43CD1258" -derivedDataPath /Users/jojolim/Library/Developer/XcodeBuildMCP/workspaces/orchestrator-309442864093/DerivedData/SpeakLocalNative-8f3e721625a0 "-only-testing:SpeakLocalNativeUITests/CityAppDetailV22RenderProofUITests/testCaptureCityAppDetailV22RenderProofBatch"

2026-06-01 09:15:47.495384+0700 SpeakLocalNativeUITests-Runner[66807:8664450] [Default] Running tests...
    t =      nans Interface orientation changed to Portrait
Test Suite 'Selected tests' started at 2026-06-01 09:15:47.860.
Test Suite 'SpeakLocalNativeUITests.xctest' started at 2026-06-01 09:15:47.860.
Test Suite 'CityAppDetailV22RenderProofUITests' started at 2026-06-01 09:15:47.860.
Test Case '-[SpeakLocalNativeUITests.CityAppDetailV22RenderProofUITests testCaptureCityAppDetailV22RenderProofBatch]' started.
    t =     0.00s Start Test at 2026-06-01 09:15:47.860
    t =     0.02s Set Up
    t =     0.02s Open app.speaklocal.vietnam.native
    t =     0.02s     Launch app.speaklocal.vietnam.native
objc[66807]: Class UIAccessibilityLoaderWebShared is implemented in both /Library/Developer/CoreSimulator/Volumes/iOS_23F77/Library/Developer/CoreSimulator/Profiles/Runtimes/iOS 26.5.simruntime/Contents/Resources/RuntimeRoot/System/Library/AccessibilityBundles/WebCore.axbundle/WebCore (0x10addc310) and /Library/Developer/CoreSimulator/Volumes/iOS_23F77/Library/Developer/CoreSimulator/Profiles/Runtimes/iOS 26.5.simruntime/Contents/Resources/RuntimeRoot/System/Library/AccessibilityBundles/WebKit.axbundle/WebKit (0x10a62c398). This may cause spurious casting failures and mysterious crashes. One of the duplicates must be removed or renamed.
    t =     1.89s         Setting up automation session
    t =     2.36s         Wait for app.speaklocal.vietnam.native to idle
    t =     3.86s Checking existence of `"Cầu Trường Tiền" StaticText`
    t =     3.99s Waiting 8.0s for "Cầu Trường Tiền" StaticText to exist
    t =     5.01s     Checking `Expect predicate `existsNoRetry == 1` for object "Cầu Trường Tiền" StaticText`
    t =     5.01s         Checking existence of `"Cầu Trường Tiền" StaticText`
    t =     5.14s Swipe up Target Application 'app.speaklocal.vietnam.native'
    t =     5.14s     Wait for app.speaklocal.vietnam.native to idle
    t =     5.14s     Find the Target Application 'app.speaklocal.vietnam.native'
    t =     5.16s     Check for interrupting elements affecting "SpeakLocal Vietnam" Application
    t =     5.18s     Synthesize event
    t =     5.60s     Wait for app.speaklocal.vietnam.native to idle
    t =     7.73s Swipe up Target Application 'app.speaklocal.vietnam.native'
    t =     7.73s     Wait for app.speaklocal.vietnam.native to idle
    t =     7.73s     Find the Target Application 'app.speaklocal.vietnam.native'
    t =     7.76s     Check for interrupting elements affecting "SpeakLocal Vietnam" Application
    t =     7.78s     Synthesize event
    t =     8.20s     Wait for app.speaklocal.vietnam.native to idle
    t =     9.04s Terminate app.speaklocal.vietnam.native:66815
    t =    10.12s Open app.speaklocal.vietnam.native
    t =    10.12s     Launch app.speaklocal.vietnam.native
    t =    10.33s         Setting up automation session
    t =    10.83s         Wait for app.speaklocal.vietnam.native to idle
    t =    12.30s Waiting 4.0s for TabBar (First Match) to exist
    t =    13.35s     Checking `Expect predicate `existsNoRetry == 1` for object TabBar (First Match)`
    t =    13.35s         Checking existence of `TabBar (First Match)`
    t =    13.41s Checking existence of `"PhraseArticle.BottomSentinel.viet-family-city-hue-place-truong-tien" Other`
    t =    13.49s Checking existence of `"PhraseArticle.BottomSentinel.viet-phrase-city-hue-place-truong-tien" Other`
    t =    13.51s Find the "PhraseArticle.BottomSentinel.viet-phrase-city-hue-place-truong-tien" Other
    t =    13.54s Checking existence of `TabBar (First Match)`
    t =    13.54s Find the TabBar (First Match)
    t =    13.55s Find the Target Application 'app.speaklocal.vietnam.native'
    t =    13.65s Terminate app.speaklocal.vietnam.native:66922
    t =    14.73s Tear Down
Test Case '-[SpeakLocalNativeUITests.CityAppDetailV22RenderProofUITests testCaptureCityAppDetailV22RenderProofBatch]' passed (14.795 seconds).
Test Suite 'CityAppDetailV22RenderProofUITests' passed at 2026-06-01 09:16:02.656.
	 Executed 1 test, with 0 failures (0 unexpected) in 14.795 (14.796) seconds
Test Suite 'SpeakLocalNativeUITests.xctest' passed at 2026-06-01 09:16:02.657.
	 Executed 1 test, with 0 failures (0 unexpected) in 14.795 (14.797) seconds
Test Suite 'Selected tests' passed at 2026-06-01 09:16:02.657.
	 Executed 1 test, with 0 failures (0 unexpected) in 14.795 (14.797) seconds

Test session results, code coverage, and logs:
	/Users/jojolim/Library/Developer/XcodeBuildMCP/workspaces/orchestrator-309442864093/DerivedData/SpeakLocalNative-8f3e721625a0/Logs/Test/Test-SpeakLocalNative-2026.06.01_09-15-46-+0700.xcresult

** TEST EXECUTE SUCCEEDED **

Testing started

2026-06-01 09:15:47.919 xcodebuild[66800:8664283] [MT] IDELaunchParametersSnapshot: The operation couldn’t be completed. (DebuggerLLDB.DebuggerVersionStore.StoreError error 0.)
2026-06-01 09:15:47.919 xcodebuild[66800:8664283] [MT] IDELaunchParametersSnapshot: no debugger version
2026-06-01 09:15:57.979 xcodebuild[66800:8664283] [MT] IDELaunchParametersSnapshot: The operation couldn’t be completed. (DebuggerLLDB.DebuggerVersionStore.StoreError error 0.)
2026-06-01 09:15:57.980 xcodebuild[66800:8664283] [MT] IDELaunchParametersSnapshot: no debugger version
2026-06-01 09:16:02.955 xcodebuild[66800:8664283] [MT] IDETestOperationsObserverDebug: 16.331 elapsed -- Testing started completed.
2026-06-01 09:16:02.955 xcodebuild[66800:8664283] [MT] IDETestOperationsObserverDebug: 0.000 sec, +0.000 sec -- start
2026-06-01 09:16:02.955 xcodebuild[66800:8664283] [MT] IDETestOperationsObserverDebug: 16.331 sec, +16.331 sec -- end
