Command line invocation:
    /Applications/Xcode.app/Contents/Developer/usr/bin/xcodebuild test-without-building -project /Users/jojolim/Developer/products/speaklocal/app-family/.worktrees/city-listings-production-ready/native-ios/SpeakLocalNative.xcodeproj -scheme SpeakLocalNative -destination "platform=iOS Simulator,id=7C386DD3-4BF1-4A34-A918-768C43CD1258" -derivedDataPath /Users/jojolim/Library/Developer/XcodeBuildMCP/workspaces/orchestrator-309442864093/DerivedData/SpeakLocalNative-8f3e721625a0 "-only-testing:SpeakLocalNativeUITests/CityAppDetailV22RenderProofUITests/testCaptureCityAppDetailV22RenderProofBatch"

2026-06-01 07:37:55.463552+0700 SpeakLocalNativeUITests-Runner[72868:8315661] [Default] Running tests...
    t =      nans Interface orientation changed to Portrait
Test Suite 'Selected tests' started at 2026-06-01 07:37:55.830.
Test Suite 'SpeakLocalNativeUITests.xctest' started at 2026-06-01 07:37:55.830.
Test Suite 'CityAppDetailV22RenderProofUITests' started at 2026-06-01 07:37:55.831.
Test Case '-[SpeakLocalNativeUITests.CityAppDetailV22RenderProofUITests testCaptureCityAppDetailV22RenderProofBatch]' started.
    t =     0.00s Start Test at 2026-06-01 07:37:55.831
    t =     0.02s Set Up
    t =     0.02s Open app.speaklocal.vietnam.native
    t =     0.02s     Launch app.speaklocal.vietnam.native
objc[72868]: Class UIAccessibilityLoaderWebShared is implemented in both /Library/Developer/CoreSimulator/Volumes/iOS_23F77/Library/Developer/CoreSimulator/Profiles/Runtimes/iOS 26.5.simruntime/Contents/Resources/RuntimeRoot/System/Library/AccessibilityBundles/WebCore.axbundle/WebCore (0x10b148310) and /Library/Developer/CoreSimulator/Volumes/iOS_23F77/Library/Developer/CoreSimulator/Profiles/Runtimes/iOS 26.5.simruntime/Contents/Resources/RuntimeRoot/System/Library/AccessibilityBundles/WebKit.axbundle/WebKit (0x10a968398). This may cause spurious casting failures and mysterious crashes. One of the duplicates must be removed or renamed.
    t =     1.89s         Setting up automation session
    t =     2.40s         Wait for app.speaklocal.vietnam.native to idle
    t =     3.88s Checking existence of `"Đi bộ Đồng Khởi" StaticText`
    t =     4.03s Waiting 8.0s for "Đi bộ Đồng Khởi" StaticText to exist
    t =     5.08s     Checking `Expect predicate `existsNoRetry == 1` for object "Đi bộ Đồng Khởi" StaticText`
    t =     5.08s         Checking existence of `"Đi bộ Đồng Khởi" StaticText`
    t =     5.24s Swipe up Target Application 'app.speaklocal.vietnam.native'
    t =     5.24s     Wait for app.speaklocal.vietnam.native to idle
    t =     5.24s     Find the Target Application 'app.speaklocal.vietnam.native'
    t =     5.26s     Check for interrupting elements affecting "SpeakLocal Vietnam" Application
    t =     5.28s     Synthesize event
    t =     5.70s     Wait for app.speaklocal.vietnam.native to idle
    t =     7.80s Swipe up Target Application 'app.speaklocal.vietnam.native'
    t =     7.80s     Wait for app.speaklocal.vietnam.native to idle
    t =     7.80s     Find the Target Application 'app.speaklocal.vietnam.native'
    t =     7.82s     Check for interrupting elements affecting "SpeakLocal Vietnam" Application
    t =     7.85s     Synthesize event
    t =     8.27s     Wait for app.speaklocal.vietnam.native to idle
    t =     9.16s Terminate app.speaklocal.vietnam.native:72909
    t =    10.22s Open app.speaklocal.vietnam.native
    t =    10.22s     Launch app.speaklocal.vietnam.native
    t =    10.43s         Setting up automation session
    t =    10.91s         Wait for app.speaklocal.vietnam.native to idle
    t =    12.39s Waiting 4.0s for TabBar (First Match) to exist
    t =    13.43s     Checking `Expect predicate `existsNoRetry == 1` for object TabBar (First Match)`
    t =    13.43s         Checking existence of `TabBar (First Match)`
    t =    13.49s Checking existence of `"PhraseArticle.BottomSentinel.viet-family-city-hcmc-place-dong-khoi-landmark-walk" Other`
    t =    13.57s Checking existence of `"PhraseArticle.BottomSentinel.viet-phrase-city-hcmc-place-dong-khoi-landmark-walk" Other`
    t =    13.59s Find the "PhraseArticle.BottomSentinel.viet-phrase-city-hcmc-place-dong-khoi-landmark-walk" Other
    t =    13.61s Checking existence of `TabBar (First Match)`
    t =    13.62s Find the TabBar (First Match)
    t =    13.62s Find the Target Application 'app.speaklocal.vietnam.native'
    t =    13.72s Terminate app.speaklocal.vietnam.native:73055
    t =    14.78s Tear Down
Test Case '-[SpeakLocalNativeUITests.CityAppDetailV22RenderProofUITests testCaptureCityAppDetailV22RenderProofBatch]' passed (14.855 seconds).
Test Suite 'CityAppDetailV22RenderProofUITests' passed at 2026-06-01 07:38:10.686.
	 Executed 1 test, with 0 failures (0 unexpected) in 14.855 (14.855) seconds
Test Suite 'SpeakLocalNativeUITests.xctest' passed at 2026-06-01 07:38:10.686.
	 Executed 1 test, with 0 failures (0 unexpected) in 14.855 (14.856) seconds
Test Suite 'Selected tests' passed at 2026-06-01 07:38:10.686.
	 Executed 1 test, with 0 failures (0 unexpected) in 14.855 (14.856) seconds

Test session results, code coverage, and logs:
	/Users/jojolim/Library/Developer/XcodeBuildMCP/workspaces/orchestrator-309442864093/DerivedData/SpeakLocalNative-8f3e721625a0/Logs/Test/Test-SpeakLocalNative-2026.06.01_07-37-54-+0700.xcresult

** TEST EXECUTE SUCCEEDED **

Testing started

2026-06-01 07:37:55.889 xcodebuild[72866:8315496] [MT] IDELaunchParametersSnapshot: The operation couldn’t be completed. (DebuggerLLDB.DebuggerVersionStore.StoreError error 0.)
2026-06-01 07:37:55.890 xcodebuild[72866:8315496] [MT] IDELaunchParametersSnapshot: no debugger version
2026-06-01 07:38:06.054 xcodebuild[72866:8315496] [MT] IDELaunchParametersSnapshot: The operation couldn’t be completed. (DebuggerLLDB.DebuggerVersionStore.StoreError error 0.)
2026-06-01 07:38:06.054 xcodebuild[72866:8315496] [MT] IDELaunchParametersSnapshot: no debugger version
2026-06-01 07:38:10.971 xcodebuild[72866:8315496] [MT] IDETestOperationsObserverDebug: 16.299 elapsed -- Testing started completed.
2026-06-01 07:38:10.971 xcodebuild[72866:8315496] [MT] IDETestOperationsObserverDebug: 0.000 sec, +0.000 sec -- start
2026-06-01 07:38:10.971 xcodebuild[72866:8315496] [MT] IDETestOperationsObserverDebug: 16.299 sec, +16.299 sec -- end
