Command line invocation:
    /Applications/Xcode.app/Contents/Developer/usr/bin/xcodebuild test-without-building -project /Users/jojolim/Developer/products/speaklocal/app-family/.worktrees/city-listings-production-ready/native-ios/SpeakLocalNative.xcodeproj -scheme SpeakLocalNative -destination "platform=iOS Simulator,id=7C386DD3-4BF1-4A34-A918-768C43CD1258" -derivedDataPath /Users/jojolim/Library/Developer/XcodeBuildMCP/workspaces/orchestrator-309442864093/DerivedData/SpeakLocalNative-8f3e721625a0 "-only-testing:SpeakLocalNativeUITests/CityAppDetailV22RenderProofUITests/testCaptureCityAppDetailV22RenderProofBatch"

2026-06-01 08:26:29.474068+0700 SpeakLocalNativeUITests-Runner[32995:8507721] [Default] Running tests...
    t =      nans Interface orientation changed to Portrait
Test Suite 'Selected tests' started at 2026-06-01 08:26:29.848.
Test Suite 'SpeakLocalNativeUITests.xctest' started at 2026-06-01 08:26:29.848.
Test Suite 'CityAppDetailV22RenderProofUITests' started at 2026-06-01 08:26:29.848.
Test Case '-[SpeakLocalNativeUITests.CityAppDetailV22RenderProofUITests testCaptureCityAppDetailV22RenderProofBatch]' started.
    t =     0.00s Start Test at 2026-06-01 08:26:29.848
    t =     0.02s Set Up
    t =     0.02s Open app.speaklocal.vietnam.native
    t =     0.02s     Launch app.speaklocal.vietnam.native
objc[32995]: Class UIAccessibilityLoaderWebShared is implemented in both /Library/Developer/CoreSimulator/Volumes/iOS_23F77/Library/Developer/CoreSimulator/Profiles/Runtimes/iOS 26.5.simruntime/Contents/Resources/RuntimeRoot/System/Library/AccessibilityBundles/WebCore.axbundle/WebCore (0x10b0d0310) and /Library/Developer/CoreSimulator/Volumes/iOS_23F77/Library/Developer/CoreSimulator/Profiles/Runtimes/iOS 26.5.simruntime/Contents/Resources/RuntimeRoot/System/Library/AccessibilityBundles/WebKit.axbundle/WebKit (0x10a9d0398). This may cause spurious casting failures and mysterious crashes. One of the duplicates must be removed or renamed.
    t =     1.70s         Setting up automation session
    t =     2.29s         Wait for app.speaklocal.vietnam.native to idle
    t =     3.75s Checking existence of `"Madam Khánh" StaticText`
    t =     3.90s Waiting 8.0s for "Madam Khánh" StaticText to exist
    t =     4.95s     Checking `Expect predicate `existsNoRetry == 1` for object "Madam Khánh" StaticText`
    t =     4.95s         Checking existence of `"Madam Khánh" StaticText`
    t =     5.08s Swipe up Target Application 'app.speaklocal.vietnam.native'
    t =     5.08s     Wait for app.speaklocal.vietnam.native to idle
    t =     5.08s     Find the Target Application 'app.speaklocal.vietnam.native'
    t =     5.10s     Check for interrupting elements affecting "SpeakLocal Vietnam" Application
    t =     5.12s     Synthesize event
    t =     5.54s     Wait for app.speaklocal.vietnam.native to idle
    t =     7.67s Swipe up Target Application 'app.speaklocal.vietnam.native'
    t =     7.67s     Wait for app.speaklocal.vietnam.native to idle
    t =     7.67s     Find the Target Application 'app.speaklocal.vietnam.native'
    t =     7.69s     Check for interrupting elements affecting "SpeakLocal Vietnam" Application
    t =     7.72s     Synthesize event
    t =     8.25s     Wait for app.speaklocal.vietnam.native to idle
    t =    10.50s Terminate app.speaklocal.vietnam.native:33004
    t =    11.54s Open app.speaklocal.vietnam.native
    t =    11.54s     Launch app.speaklocal.vietnam.native
    t =    11.75s         Setting up automation session
    t =    12.24s         Wait for app.speaklocal.vietnam.native to idle
    t =    13.75s Waiting 4.0s for TabBar (First Match) to exist
    t =    14.79s     Checking `Expect predicate `existsNoRetry == 1` for object TabBar (First Match)`
    t =    14.79s         Checking existence of `TabBar (First Match)`
    t =    14.85s Checking existence of `"PhraseArticle.BottomSentinel.viet-family-city-hoian-place-madam-khanh" Other`
    t =    14.93s Checking existence of `"PhraseArticle.BottomSentinel.viet-phrase-city-hoian-place-madam-khanh" Other`
    t =    14.96s Find the "PhraseArticle.BottomSentinel.viet-phrase-city-hoian-place-madam-khanh" Other
    t =    14.98s Checking existence of `TabBar (First Match)`
    t =    14.99s Find the TabBar (First Match)
    t =    14.99s Find the Target Application 'app.speaklocal.vietnam.native'
    t =    15.09s Terminate app.speaklocal.vietnam.native:33103
    t =    16.16s Tear Down
Test Case '-[SpeakLocalNativeUITests.CityAppDetailV22RenderProofUITests testCaptureCityAppDetailV22RenderProofBatch]' passed (16.223 seconds).
Test Suite 'CityAppDetailV22RenderProofUITests' passed at 2026-06-01 08:26:46.072.
	 Executed 1 test, with 0 failures (0 unexpected) in 16.223 (16.224) seconds
Test Suite 'SpeakLocalNativeUITests.xctest' passed at 2026-06-01 08:26:46.072.
	 Executed 1 test, with 0 failures (0 unexpected) in 16.223 (16.224) seconds
Test Suite 'Selected tests' passed at 2026-06-01 08:26:46.072.
	 Executed 1 test, with 0 failures (0 unexpected) in 16.223 (16.225) seconds

Test session results, code coverage, and logs:
	/Users/jojolim/Library/Developer/XcodeBuildMCP/workspaces/orchestrator-309442864093/DerivedData/SpeakLocalNative-8f3e721625a0/Logs/Test/Test-SpeakLocalNative-2026.06.01_08-26-28-+0700.xcresult

** TEST EXECUTE SUCCEEDED **

Testing started

2026-06-01 08:26:29.912 xcodebuild[32992:8507532] [MT] IDELaunchParametersSnapshot: The operation couldn’t be completed. (DebuggerLLDB.DebuggerVersionStore.StoreError error 0.)
2026-06-01 08:26:29.912 xcodebuild[32992:8507532] [MT] IDELaunchParametersSnapshot: no debugger version
2026-06-01 08:26:41.388 xcodebuild[32992:8507532] [MT] IDELaunchParametersSnapshot: The operation couldn’t be completed. (DebuggerLLDB.DebuggerVersionStore.StoreError error 0.)
2026-06-01 08:26:41.388 xcodebuild[32992:8507532] [MT] IDELaunchParametersSnapshot: no debugger version
2026-06-01 08:26:46.359 xcodebuild[32992:8507532] [MT] IDETestOperationsObserverDebug: 17.742 elapsed -- Testing started completed.
2026-06-01 08:26:46.359 xcodebuild[32992:8507532] [MT] IDETestOperationsObserverDebug: 0.000 sec, +0.000 sec -- start
2026-06-01 08:26:46.359 xcodebuild[32992:8507532] [MT] IDETestOperationsObserverDebug: 17.742 sec, +17.742 sec -- end
