Command line invocation:
    /Applications/Xcode.app/Contents/Developer/usr/bin/xcodebuild test-without-building -project /Users/jojolim/Developer/products/speaklocal/app-family/.worktrees/city-listings-production-ready/native-ios/SpeakLocalNative.xcodeproj -scheme SpeakLocalNative -destination "platform=iOS Simulator,id=7C386DD3-4BF1-4A34-A918-768C43CD1258" -derivedDataPath /Users/jojolim/Library/Developer/XcodeBuildMCP/workspaces/orchestrator-309442864093/DerivedData/SpeakLocalNative-8f3e721625a0 "-only-testing:SpeakLocalNativeUITests/CityAppDetailV22RenderProofUITests/testCaptureCityAppDetailV22RenderProofBatch"

2026-06-01 08:21:36.761466+0700 SpeakLocalNativeUITests-Runner[27986:8483949] [Default] Running tests...
    t =      nans Interface orientation changed to Portrait
Test Suite 'Selected tests' started at 2026-06-01 08:21:37.132.
Test Suite 'SpeakLocalNativeUITests.xctest' started at 2026-06-01 08:21:37.132.
Test Suite 'CityAppDetailV22RenderProofUITests' started at 2026-06-01 08:21:37.133.
Test Case '-[SpeakLocalNativeUITests.CityAppDetailV22RenderProofUITests testCaptureCityAppDetailV22RenderProofBatch]' started.
    t =     0.00s Start Test at 2026-06-01 08:21:37.133
    t =     0.02s Set Up
    t =     0.02s Open app.speaklocal.vietnam.native
    t =     0.02s     Launch app.speaklocal.vietnam.native
objc[27986]: Class UIAccessibilityLoaderWebShared is implemented in both /Library/Developer/CoreSimulator/Volumes/iOS_23F77/Library/Developer/CoreSimulator/Profiles/Runtimes/iOS 26.5.simruntime/Contents/Resources/RuntimeRoot/System/Library/AccessibilityBundles/WebCore.axbundle/WebCore (0x10ae88310) and /Library/Developer/CoreSimulator/Volumes/iOS_23F77/Library/Developer/CoreSimulator/Profiles/Runtimes/iOS 26.5.simruntime/Contents/Resources/RuntimeRoot/System/Library/AccessibilityBundles/WebKit.axbundle/WebKit (0x10a380398). This may cause spurious casting failures and mysterious crashes. One of the duplicates must be removed or renamed.
    t =     2.09s         Setting up automation session
    t =     2.50s         Wait for app.speaklocal.vietnam.native to idle
    t =     3.96s Checking existence of `"Cargo Club" StaticText`
    t =     4.11s Waiting 8.0s for "Cargo Club" StaticText to exist
    t =     5.16s     Checking `Expect predicate `existsNoRetry == 1` for object "Cargo Club" StaticText`
    t =     5.16s         Checking existence of `"Cargo Club" StaticText`
    t =     5.30s Swipe up Target Application 'app.speaklocal.vietnam.native'
    t =     5.30s     Wait for app.speaklocal.vietnam.native to idle
    t =     5.30s     Find the Target Application 'app.speaklocal.vietnam.native'
    t =     5.31s     Check for interrupting elements affecting "SpeakLocal Vietnam" Application
    t =     5.33s     Synthesize event
    t =     5.75s     Wait for app.speaklocal.vietnam.native to idle
    t =     7.87s Swipe up Target Application 'app.speaklocal.vietnam.native'
    t =     7.87s     Wait for app.speaklocal.vietnam.native to idle
    t =     7.87s     Find the Target Application 'app.speaklocal.vietnam.native'
    t =     7.89s     Check for interrupting elements affecting "SpeakLocal Vietnam" Application
    t =     7.92s     Synthesize event
    t =     8.35s     Wait for app.speaklocal.vietnam.native to idle
    t =     9.16s Terminate app.speaklocal.vietnam.native:28061
    t =    10.22s Open app.speaklocal.vietnam.native
    t =    10.22s     Launch app.speaklocal.vietnam.native
    t =    10.43s         Setting up automation session
    t =    10.93s         Wait for app.speaklocal.vietnam.native to idle
    t =    12.44s Waiting 4.0s for TabBar (First Match) to exist
    t =    13.50s     Checking `Expect predicate `existsNoRetry == 1` for object TabBar (First Match)`
    t =    13.50s         Checking existence of `TabBar (First Match)`
    t =    13.56s Checking existence of `"PhraseArticle.BottomSentinel.viet-family-city-hoian-place-cargo-club" Other`
    t =    13.65s Checking existence of `"PhraseArticle.BottomSentinel.viet-phrase-city-hoian-place-cargo-club" Other`
    t =    13.66s Find the "PhraseArticle.BottomSentinel.viet-phrase-city-hoian-place-cargo-club" Other
    t =    13.69s Checking existence of `TabBar (First Match)`
    t =    13.69s Find the TabBar (First Match)
    t =    13.70s Find the Target Application 'app.speaklocal.vietnam.native'
    t =    13.80s Terminate app.speaklocal.vietnam.native:28152
    t =    14.85s Tear Down
Test Case '-[SpeakLocalNativeUITests.CityAppDetailV22RenderProofUITests testCaptureCityAppDetailV22RenderProofBatch]' passed (14.898 seconds).
Test Suite 'CityAppDetailV22RenderProofUITests' passed at 2026-06-01 08:21:52.031.
	 Executed 1 test, with 0 failures (0 unexpected) in 14.898 (14.899) seconds
Test Suite 'SpeakLocalNativeUITests.xctest' passed at 2026-06-01 08:21:52.032.
	 Executed 1 test, with 0 failures (0 unexpected) in 14.898 (14.899) seconds
Test Suite 'Selected tests' passed at 2026-06-01 08:21:52.032.
	 Executed 1 test, with 0 failures (0 unexpected) in 14.898 (14.900) seconds

Test session results, code coverage, and logs:
	/Users/jojolim/Library/Developer/XcodeBuildMCP/workspaces/orchestrator-309442864093/DerivedData/SpeakLocalNative-8f3e721625a0/Logs/Test/Test-SpeakLocalNative-2026.06.01_08-21-35-+0700.xcresult

** TEST EXECUTE SUCCEEDED **

Testing started

2026-06-01 08:21:37.189 xcodebuild[27973:8483722] [MT] IDELaunchParametersSnapshot: The operation couldn’t be completed. (DebuggerLLDB.DebuggerVersionStore.StoreError error 0.)
2026-06-01 08:21:37.189 xcodebuild[27973:8483722] [MT] IDELaunchParametersSnapshot: no debugger version
2026-06-01 08:21:47.355 xcodebuild[27973:8483722] [MT] IDELaunchParametersSnapshot: The operation couldn’t be completed. (DebuggerLLDB.DebuggerVersionStore.StoreError error 0.)
2026-06-01 08:21:47.355 xcodebuild[27973:8483722] [MT] IDELaunchParametersSnapshot: no debugger version
2026-06-01 08:21:52.335 xcodebuild[27973:8483722] [MT] IDETestOperationsObserverDebug: 16.585 elapsed -- Testing started completed.
2026-06-01 08:21:52.335 xcodebuild[27973:8483722] [MT] IDETestOperationsObserverDebug: 0.000 sec, +0.000 sec -- start
2026-06-01 08:21:52.335 xcodebuild[27973:8483722] [MT] IDETestOperationsObserverDebug: 16.585 sec, +16.585 sec -- end
