Command line invocation:
    /Applications/Xcode.app/Contents/Developer/usr/bin/xcodebuild test-without-building -project /Users/jojolim/Developer/products/speaklocal/app-family/.worktrees/city-listings-production-ready/native-ios/SpeakLocalNative.xcodeproj -scheme SpeakLocalNative -destination "platform=iOS Simulator,id=7C386DD3-4BF1-4A34-A918-768C43CD1258" -derivedDataPath /Users/jojolim/Library/Developer/XcodeBuildMCP/workspaces/orchestrator-309442864093/DerivedData/SpeakLocalNative-8f3e721625a0 "-only-testing:SpeakLocalNativeUITests/CityAppDetailV22RenderProofUITests/testCaptureCityAppDetailV22RenderProofBatch"

2026-06-01 03:56:14.886430+0700 SpeakLocalNativeUITests-Runner[84733:7357224] [Default] Running tests...
    t =      nans Interface orientation changed to Portrait
Test Suite 'Selected tests' started at 2026-06-01 03:56:15.269.
Test Suite 'SpeakLocalNativeUITests.xctest' started at 2026-06-01 03:56:15.269.
Test Suite 'CityAppDetailV22RenderProofUITests' started at 2026-06-01 03:56:15.269.
Test Case '-[SpeakLocalNativeUITests.CityAppDetailV22RenderProofUITests testCaptureCityAppDetailV22RenderProofBatch]' started.
    t =     0.00s Start Test at 2026-06-01 03:56:15.270
    t =     0.02s Set Up
    t =     0.02s Open app.speaklocal.vietnam.native
    t =     0.02s     Launch app.speaklocal.vietnam.native
objc[84733]: Class UIAccessibilityLoaderWebShared is implemented in both /Library/Developer/CoreSimulator/Volumes/iOS_23F77/Library/Developer/CoreSimulator/Profiles/Runtimes/iOS 26.5.simruntime/Contents/Resources/RuntimeRoot/System/Library/AccessibilityBundles/WebCore.axbundle/WebCore (0x1070a0310) and /Library/Developer/CoreSimulator/Volumes/iOS_23F77/Library/Developer/CoreSimulator/Profiles/Runtimes/iOS 26.5.simruntime/Contents/Resources/RuntimeRoot/System/Library/AccessibilityBundles/WebKit.axbundle/WebKit (0x1068ac398). This may cause spurious casting failures and mysterious crashes. One of the duplicates must be removed or renamed.
    t =     1.88s         Setting up automation session
    t =     2.33s         Wait for app.speaklocal.vietnam.native to idle
    t =     3.87s Checking existence of `"Làng dừa Cẩm Thanh" StaticText`
    t =     4.07s Waiting 8.0s for "Làng dừa Cẩm Thanh" StaticText to exist
    t =     5.13s     Checking `Expect predicate `existsNoRetry == 1` for object "Làng dừa Cẩm Thanh" StaticText`
    t =     5.13s         Checking existence of `"Làng dừa Cẩm Thanh" StaticText`
    t =     5.31s Swipe up Target Application 'app.speaklocal.vietnam.native'
    t =     5.31s     Wait for app.speaklocal.vietnam.native to idle
    t =     5.31s     Find the Target Application 'app.speaklocal.vietnam.native'
    t =     5.33s     Check for interrupting elements affecting "SpeakLocal Vietnam" Application
    t =     5.35s     Synthesize event
    t =     5.77s     Wait for app.speaklocal.vietnam.native to idle
    t =     7.87s Swipe up Target Application 'app.speaklocal.vietnam.native'
    t =     7.87s     Wait for app.speaklocal.vietnam.native to idle
    t =     7.88s     Find the Target Application 'app.speaklocal.vietnam.native'
    t =     7.91s     Check for interrupting elements affecting "SpeakLocal Vietnam" Application
    t =     7.93s     Synthesize event
    t =     8.36s     Wait for app.speaklocal.vietnam.native to idle
    t =     9.35s Terminate app.speaklocal.vietnam.native:84810
    t =    10.45s Open app.speaklocal.vietnam.native
    t =    10.45s     Launch app.speaklocal.vietnam.native
    t =    10.66s         Setting up automation session
    t =    11.17s         Wait for app.speaklocal.vietnam.native to idle
    t =    12.65s Waiting 4.0s for TabBar (First Match) to exist
    t =    13.72s     Checking `Expect predicate `existsNoRetry == 1` for object TabBar (First Match)`
    t =    13.72s         Checking existence of `TabBar (First Match)`
    t =    13.79s Checking existence of `"PhraseArticle.BottomSentinel.viet-family-city-hoian-place-cam-thanh-coconut-village" Other`
    t =    13.87s Checking existence of `"PhraseArticle.BottomSentinel.viet-phrase-city-hoian-place-cam-thanh-coconut-village" Other`
    t =    13.90s Find the "PhraseArticle.BottomSentinel.viet-phrase-city-hoian-place-cam-thanh-coconut-village" Other
    t =    13.92s Checking existence of `TabBar (First Match)`
    t =    13.93s Find the TabBar (First Match)
    t =    13.94s Find the Target Application 'app.speaklocal.vietnam.native'
    t =    14.03s Terminate app.speaklocal.vietnam.native:84902
    t =    15.12s Tear Down
Test Case '-[SpeakLocalNativeUITests.CityAppDetailV22RenderProofUITests testCaptureCityAppDetailV22RenderProofBatch]' passed (15.202 seconds).
Test Suite 'CityAppDetailV22RenderProofUITests' passed at 2026-06-01 03:56:30.472.
	 Executed 1 test, with 0 failures (0 unexpected) in 15.202 (15.203) seconds
Test Suite 'SpeakLocalNativeUITests.xctest' passed at 2026-06-01 03:56:30.474.
	 Executed 1 test, with 0 failures (0 unexpected) in 15.202 (15.204) seconds
Test Suite 'Selected tests' passed at 2026-06-01 03:56:30.475.
	 Executed 1 test, with 0 failures (0 unexpected) in 15.202 (15.206) seconds

Test session results, code coverage, and logs:
	/Users/jojolim/Library/Developer/XcodeBuildMCP/workspaces/orchestrator-309442864093/DerivedData/SpeakLocalNative-8f3e721625a0/Logs/Test/Test-SpeakLocalNative-2026.06.01_03-56-13-+0700.xcresult

** TEST EXECUTE SUCCEEDED **

Testing started

2026-06-01 03:56:15.333 xcodebuild[84727:7357047] [MT] IDELaunchParametersSnapshot: The operation couldn’t be completed. (DebuggerLLDB.DebuggerVersionStore.StoreError error 0.)
2026-06-01 03:56:15.333 xcodebuild[84727:7357047] [MT] IDELaunchParametersSnapshot: no debugger version
2026-06-01 03:56:25.721 xcodebuild[84727:7357047] [MT] IDELaunchParametersSnapshot: The operation couldn’t be completed. (DebuggerLLDB.DebuggerVersionStore.StoreError error 0.)
2026-06-01 03:56:25.721 xcodebuild[84727:7357047] [MT] IDELaunchParametersSnapshot: no debugger version
2026-06-01 03:56:30.776 xcodebuild[84727:7357047] [MT] IDETestOperationsObserverDebug: 16.757 elapsed -- Testing started completed.
2026-06-01 03:56:30.776 xcodebuild[84727:7357047] [MT] IDETestOperationsObserverDebug: 0.000 sec, +0.000 sec -- start
2026-06-01 03:56:30.776 xcodebuild[84727:7357047] [MT] IDETestOperationsObserverDebug: 16.757 sec, +16.757 sec -- end
