Command line invocation:
    /Applications/Xcode.app/Contents/Developer/usr/bin/xcodebuild test-without-building -project /Users/jojolim/Developer/products/speaklocal/app-family/.worktrees/city-listings-production-ready/native-ios/SpeakLocalNative.xcodeproj -scheme SpeakLocalNative -destination "platform=iOS Simulator,id=7C386DD3-4BF1-4A34-A918-768C43CD1258" -derivedDataPath /Users/jojolim/Library/Developer/XcodeBuildMCP/workspaces/orchestrator-309442864093/DerivedData/SpeakLocalNative-8f3e721625a0 "-only-testing:SpeakLocalNativeUITests/CityAppDetailV22RenderProofUITests/testCaptureCityAppDetailV22RenderProofBatch"

2026-06-01 07:05:57.871755+0700 SpeakLocalNativeUITests-Runner[39716:8178866] [Default] Running tests...
    t =      nans Interface orientation changed to Portrait
Test Suite 'Selected tests' started at 2026-06-01 07:05:58.239.
Test Suite 'SpeakLocalNativeUITests.xctest' started at 2026-06-01 07:05:58.239.
Test Suite 'CityAppDetailV22RenderProofUITests' started at 2026-06-01 07:05:58.239.
Test Case '-[SpeakLocalNativeUITests.CityAppDetailV22RenderProofUITests testCaptureCityAppDetailV22RenderProofBatch]' started.
    t =     0.00s Start Test at 2026-06-01 07:05:58.240
    t =     0.02s Set Up
    t =     0.02s Open app.speaklocal.vietnam.native
    t =     0.02s     Launch app.speaklocal.vietnam.native
objc[39716]: Class UIAccessibilityLoaderWebShared is implemented in both /Library/Developer/CoreSimulator/Volumes/iOS_23F77/Library/Developer/CoreSimulator/Profiles/Runtimes/iOS 26.5.simruntime/Contents/Resources/RuntimeRoot/System/Library/AccessibilityBundles/WebCore.axbundle/WebCore (0x107244310) and /Library/Developer/CoreSimulator/Volumes/iOS_23F77/Library/Developer/CoreSimulator/Profiles/Runtimes/iOS 26.5.simruntime/Contents/Resources/RuntimeRoot/System/Library/AccessibilityBundles/WebKit.axbundle/WebKit (0x106718398). This may cause spurious casting failures and mysterious crashes. One of the duplicates must be removed or renamed.
    t =     1.89s         Setting up automation session
    t =     2.36s         Wait for app.speaklocal.vietnam.native to idle
    t =     3.85s Checking existence of `"Cà phê trứng ở Hà Nội" StaticText`
    t =     3.98s Waiting 8.0s for "Cà phê trứng ở Hà Nội" StaticText to exist
    t =     5.02s     Checking `Expect predicate `existsNoRetry == 1` for object "Cà phê trứng ở Hà Nội" StaticText`
    t =     5.02s         Checking existence of `"Cà phê trứng ở Hà Nội" StaticText`
    t =     5.18s Swipe up Target Application 'app.speaklocal.vietnam.native'
    t =     5.18s     Wait for app.speaklocal.vietnam.native to idle
    t =     5.18s     Find the Target Application 'app.speaklocal.vietnam.native'
    t =     5.20s     Check for interrupting elements affecting "SpeakLocal Vietnam" Application
    t =     5.22s     Synthesize event
    t =     5.64s     Wait for app.speaklocal.vietnam.native to idle
    t =     7.74s Swipe up Target Application 'app.speaklocal.vietnam.native'
    t =     7.74s     Wait for app.speaklocal.vietnam.native to idle
    t =     7.74s     Find the Target Application 'app.speaklocal.vietnam.native'
    t =     7.77s     Check for interrupting elements affecting "SpeakLocal Vietnam" Application
    t =     7.79s     Synthesize event
    t =     8.22s     Wait for app.speaklocal.vietnam.native to idle
    t =     8.94s Terminate app.speaklocal.vietnam.native:39799
    t =    10.00s Open app.speaklocal.vietnam.native
    t =    10.00s     Launch app.speaklocal.vietnam.native
    t =    10.21s         Setting up automation session
    t =    10.73s         Wait for app.speaklocal.vietnam.native to idle
    t =    12.19s Waiting 4.0s for TabBar (First Match) to exist
    t =    13.25s     Checking `Expect predicate `existsNoRetry == 1` for object TabBar (First Match)`
    t =    13.25s         Checking existence of `TabBar (First Match)`
    t =    13.31s Checking existence of `"PhraseArticle.BottomSentinel.viet-family-city-hanoi-place-egg-coffee" Other`
    t =    13.39s Checking existence of `"PhraseArticle.BottomSentinel.viet-phrase-city-hanoi-place-egg-coffee" Other`
    t =    13.41s Find the "PhraseArticle.BottomSentinel.viet-phrase-city-hanoi-place-egg-coffee" Other
    t =    13.43s Checking existence of `TabBar (First Match)`
    t =    13.43s Find the TabBar (First Match)
    t =    13.44s Find the Target Application 'app.speaklocal.vietnam.native'
    t =    13.53s Terminate app.speaklocal.vietnam.native:39949
    t =    14.60s Tear Down
Test Case '-[SpeakLocalNativeUITests.CityAppDetailV22RenderProofUITests testCaptureCityAppDetailV22RenderProofBatch]' passed (14.666 seconds).
Test Suite 'CityAppDetailV22RenderProofUITests' passed at 2026-06-01 07:06:12.906.
	 Executed 1 test, with 0 failures (0 unexpected) in 14.666 (14.667) seconds
Test Suite 'SpeakLocalNativeUITests.xctest' passed at 2026-06-01 07:06:12.907.
	 Executed 1 test, with 0 failures (0 unexpected) in 14.666 (14.668) seconds
Test Suite 'Selected tests' passed at 2026-06-01 07:06:12.907.
	 Executed 1 test, with 0 failures (0 unexpected) in 14.666 (14.668) seconds

Test session results, code coverage, and logs:
	/Users/jojolim/Library/Developer/XcodeBuildMCP/workspaces/orchestrator-309442864093/DerivedData/SpeakLocalNative-8f3e721625a0/Logs/Test/Test-SpeakLocalNative-2026.06.01_07-05-56-+0700.xcresult

** TEST EXECUTE SUCCEEDED **

Testing started

2026-06-01 07:05:58.297 xcodebuild[39714:8178697] [MT] IDELaunchParametersSnapshot: The operation couldn’t be completed. (DebuggerLLDB.DebuggerVersionStore.StoreError error 0.)
2026-06-01 07:05:58.297 xcodebuild[39714:8178697] [MT] IDELaunchParametersSnapshot: no debugger version
2026-06-01 07:06:08.242 xcodebuild[39714:8178697] [MT] IDELaunchParametersSnapshot: The operation couldn’t be completed. (DebuggerLLDB.DebuggerVersionStore.StoreError error 0.)
2026-06-01 07:06:08.242 xcodebuild[39714:8178697] [MT] IDELaunchParametersSnapshot: no debugger version
2026-06-01 07:06:13.213 xcodebuild[39714:8178697] [MT] IDETestOperationsObserverDebug: 16.179 elapsed -- Testing started completed.
2026-06-01 07:06:13.213 xcodebuild[39714:8178697] [MT] IDETestOperationsObserverDebug: 0.000 sec, +0.000 sec -- start
2026-06-01 07:06:13.213 xcodebuild[39714:8178697] [MT] IDETestOperationsObserverDebug: 16.179 sec, +16.179 sec -- end
