Command line invocation:
    /Applications/Xcode.app/Contents/Developer/usr/bin/xcodebuild test-without-building -project /Users/jojolim/Developer/products/speaklocal/app-family/.worktrees/city-listings-production-ready/native-ios/SpeakLocalNative.xcodeproj -scheme SpeakLocalNative -destination "platform=iOS Simulator,id=7C386DD3-4BF1-4A34-A918-768C43CD1258" -derivedDataPath /Users/jojolim/Library/Developer/XcodeBuildMCP/workspaces/orchestrator-309442864093/DerivedData/SpeakLocalNative-8f3e721625a0 "-only-testing:SpeakLocalNativeUITests/CityAppDetailV22RenderProofUITests/testCaptureCityAppDetailV22RenderProofBatch"

2026-06-01 09:14:06.448985+0700 SpeakLocalNativeUITests-Runner[66342:8659361] [Default] Running tests...
    t =      nans Interface orientation changed to Portrait
Test Suite 'Selected tests' started at 2026-06-01 09:14:06.812.
Test Suite 'SpeakLocalNativeUITests.xctest' started at 2026-06-01 09:14:06.812.
Test Suite 'CityAppDetailV22RenderProofUITests' started at 2026-06-01 09:14:06.812.
Test Case '-[SpeakLocalNativeUITests.CityAppDetailV22RenderProofUITests testCaptureCityAppDetailV22RenderProofBatch]' started.
    t =     0.00s Start Test at 2026-06-01 09:14:06.813
    t =     0.02s Set Up
    t =     0.02s Open app.speaklocal.vietnam.native
    t =     0.02s     Launch app.speaklocal.vietnam.native
objc[66342]: Class UIAccessibilityLoaderWebShared is implemented in both /Library/Developer/CoreSimulator/Volumes/iOS_23F77/Library/Developer/CoreSimulator/Profiles/Runtimes/iOS 26.5.simruntime/Contents/Resources/RuntimeRoot/System/Library/AccessibilityBundles/WebCore.axbundle/WebCore (0x109a34310) and /Library/Developer/CoreSimulator/Volumes/iOS_23F77/Library/Developer/CoreSimulator/Profiles/Runtimes/iOS 26.5.simruntime/Contents/Resources/RuntimeRoot/System/Library/AccessibilityBundles/WebKit.axbundle/WebKit (0x109adc398). This may cause spurious casting failures and mysterious crashes. One of the duplicates must be removed or renamed.
    t =     1.89s         Setting up automation session
    t =     2.32s         Wait for app.speaklocal.vietnam.native to idle
    t =     3.76s Checking existence of `"Điện Thái Hòa" StaticText`
    t =     3.90s Waiting 8.0s for "Điện Thái Hòa" StaticText to exist
    t =     4.96s     Checking `Expect predicate `existsNoRetry == 1` for object "Điện Thái Hòa" StaticText`
    t =     4.96s         Checking existence of `"Điện Thái Hòa" StaticText`
    t =     5.11s Swipe up Target Application 'app.speaklocal.vietnam.native'
    t =     5.11s     Wait for app.speaklocal.vietnam.native to idle
    t =     5.11s     Find the Target Application 'app.speaklocal.vietnam.native'
    t =     5.13s     Check for interrupting elements affecting "SpeakLocal Vietnam" Application
    t =     5.14s     Synthesize event
    t =     5.56s     Wait for app.speaklocal.vietnam.native to idle
    t =     7.73s Swipe up Target Application 'app.speaklocal.vietnam.native'
    t =     7.73s     Wait for app.speaklocal.vietnam.native to idle
    t =     7.82s     Find the Target Application 'app.speaklocal.vietnam.native'
    t =     7.84s     Check for interrupting elements affecting "SpeakLocal Vietnam" Application
    t =     7.86s     Synthesize event
    t =     8.29s     Wait for app.speaklocal.vietnam.native to idle
    t =     8.93s Terminate app.speaklocal.vietnam.native:66351
    t =    10.02s Open app.speaklocal.vietnam.native
    t =    10.02s     Launch app.speaklocal.vietnam.native
    t =    10.23s         Setting up automation session
    t =    10.71s         Wait for app.speaklocal.vietnam.native to idle
    t =    12.16s Waiting 4.0s for TabBar (First Match) to exist
    t =    13.19s     Checking `Expect predicate `existsNoRetry == 1` for object TabBar (First Match)`
    t =    13.19s         Checking existence of `TabBar (First Match)`
    t =    13.25s Checking existence of `"PhraseArticle.BottomSentinel.viet-family-city-hue-place-thai-hoa-palace" Other`
    t =    13.33s Checking existence of `"PhraseArticle.BottomSentinel.viet-phrase-city-hue-place-thai-hoa-palace" Other`
    t =    13.35s Find the "PhraseArticle.BottomSentinel.viet-phrase-city-hue-place-thai-hoa-palace" Other
    t =    13.37s Checking existence of `TabBar (First Match)`
    t =    13.38s Find the TabBar (First Match)
    t =    13.39s Find the Target Application 'app.speaklocal.vietnam.native'
    t =    13.48s Terminate app.speaklocal.vietnam.native:66368
    t =    14.56s Tear Down
Test Case '-[SpeakLocalNativeUITests.CityAppDetailV22RenderProofUITests testCaptureCityAppDetailV22RenderProofBatch]' passed (14.627 seconds).
Test Suite 'CityAppDetailV22RenderProofUITests' passed at 2026-06-01 09:14:21.441.
	 Executed 1 test, with 0 failures (0 unexpected) in 14.627 (14.629) seconds
Test Suite 'SpeakLocalNativeUITests.xctest' passed at 2026-06-01 09:14:21.442.
	 Executed 1 test, with 0 failures (0 unexpected) in 14.627 (14.630) seconds
Test Suite 'Selected tests' passed at 2026-06-01 09:14:21.443.
	 Executed 1 test, with 0 failures (0 unexpected) in 14.627 (14.631) seconds

Test session results, code coverage, and logs:
	/Users/jojolim/Library/Developer/XcodeBuildMCP/workspaces/orchestrator-309442864093/DerivedData/SpeakLocalNative-8f3e721625a0/Logs/Test/Test-SpeakLocalNative-2026.06.01_09-14-05-+0700.xcresult

** TEST EXECUTE SUCCEEDED **

Testing started

2026-06-01 09:14:06.874 xcodebuild[66340:8659175] [MT] IDELaunchParametersSnapshot: The operation couldn’t be completed. (DebuggerLLDB.DebuggerVersionStore.StoreError error 0.)
2026-06-01 09:14:06.874 xcodebuild[66340:8659175] [MT] IDELaunchParametersSnapshot: no debugger version
2026-06-01 09:14:16.833 xcodebuild[66340:8659175] [MT] IDELaunchParametersSnapshot: The operation couldn’t be completed. (DebuggerLLDB.DebuggerVersionStore.StoreError error 0.)
2026-06-01 09:14:16.833 xcodebuild[66340:8659175] [MT] IDELaunchParametersSnapshot: no debugger version
2026-06-01 09:14:21.751 xcodebuild[66340:8659175] [MT] IDETestOperationsObserverDebug: 16.116 elapsed -- Testing started completed.
2026-06-01 09:14:21.751 xcodebuild[66340:8659175] [MT] IDETestOperationsObserverDebug: 0.000 sec, +0.000 sec -- start
2026-06-01 09:14:21.751 xcodebuild[66340:8659175] [MT] IDETestOperationsObserverDebug: 16.116 sec, +16.116 sec -- end
