Command line invocation:
    /Applications/Xcode.app/Contents/Developer/usr/bin/xcodebuild test-without-building -project native-ios/SpeakLocalNative.xcodeproj -scheme SpeakLocalNative -destination "platform=iOS Simulator,id=7C386DD3-4BF1-4A34-A918-768C43CD1258" -derivedDataPath /Users/jojolim/Library/Developer/XcodeBuildMCP/workspaces/orchestrator-309442864093/DerivedData/SpeakLocalNative-8f3e721625a0 "-only-testing:SpeakLocalNativeUITests/CityAppDetailV22RenderProofUITests/testCaptureCityAppDetailV22RenderProofBatch"

2026-06-01 01:59:29.004634+0700 SpeakLocalNativeUITests-Runner[59267:6933606] [Default] Running tests...
    t =      nans Interface orientation changed to Portrait
Test Suite 'Selected tests' started at 2026-06-01 01:59:29.646.
Test Suite 'SpeakLocalNativeUITests.xctest' started at 2026-06-01 01:59:29.647.
Test Suite 'CityAppDetailV22RenderProofUITests' started at 2026-06-01 01:59:29.647.
Test Case '-[SpeakLocalNativeUITests.CityAppDetailV22RenderProofUITests testCaptureCityAppDetailV22RenderProofBatch]' started.
    t =     0.00s Start Test at 2026-06-01 01:59:29.648
    t =     0.02s Set Up
    t =     0.03s Open app.speaklocal.vietnam.native
    t =     0.03s     Launch app.speaklocal.vietnam.native
2026-06-01 01:59:29.717 xcodebuild[59243:6933392] [MT] IDELaunchParametersSnapshot: The operation couldn’t be completed. (DebuggerLLDB.DebuggerVersionStore.StoreError error 0.)
2026-06-01 01:59:29.718 xcodebuild[59243:6933392] [MT] IDELaunchParametersSnapshot: no debugger version
objc[59267]: Class UIAccessibilityLoaderWebShared is implemented in both /Library/Developer/CoreSimulator/Volumes/iOS_23F77/Library/Developer/CoreSimulator/Profiles/Runtimes/iOS 26.5.simruntime/Contents/Resources/RuntimeRoot/System/Library/AccessibilityBundles/WebCore.axbundle/WebCore (0x10b18c310) and /Library/Developer/CoreSimulator/Volumes/iOS_23F77/Library/Developer/CoreSimulator/Profiles/Runtimes/iOS 26.5.simruntime/Contents/Resources/RuntimeRoot/System/Library/AccessibilityBundles/WebKit.axbundle/WebKit (0x10aa10398). This may cause spurious casting failures and mysterious crashes. One of the duplicates must be removed or renamed.
    t =     2.71s         Setting up automation session
    t =     3.70s         Wait for app.speaklocal.vietnam.native to idle
    t =     5.75s Checking existence of `"Bia hơi Hà Nội" StaticText`
    t =     6.02s Waiting 8.0s for "Bia hơi Hà Nội" StaticText to exist
    t =     7.05s     Checking `Expect predicate `existsNoRetry == 1` for object "Bia hơi Hà Nội" StaticText`
    t =     7.05s         Checking existence of `"Bia hơi Hà Nội" StaticText`
    t =     7.19s Swipe up Target Application 'app.speaklocal.vietnam.native'
    t =     7.19s     Wait for app.speaklocal.vietnam.native to idle
    t =     7.20s     Find the Target Application 'app.speaklocal.vietnam.native'
    t =     7.21s     Check for interrupting elements affecting "SpeakLocal Vietnam" Application
    t =     7.23s     Synthesize event
    t =     7.65s     Wait for app.speaklocal.vietnam.native to idle
    t =     9.75s Swipe up Target Application 'app.speaklocal.vietnam.native'
    t =     9.75s     Wait for app.speaklocal.vietnam.native to idle
    t =     9.75s     Find the Target Application 'app.speaklocal.vietnam.native'
    t =     9.78s     Check for interrupting elements affecting "SpeakLocal Vietnam" Application
    t =     9.83s     Synthesize event
    t =    10.25s     Wait for app.speaklocal.vietnam.native to idle
    t =    11.12s Waiting 4.0s for TabBar (First Match) to exist
    t =    12.15s     Checking `Expect predicate `existsNoRetry == 1` for object TabBar (First Match)`
    t =    12.15s         Checking existence of `TabBar (First Match)`
    t =    12.16s Checking existence of `"PhraseArticle.BottomSentinel.viet-family-city-hanoi-place-bia-hoi" Other`
    t =    12.19s Checking existence of `"PhraseArticle.BottomSentinel.viet-phrase-city-hanoi-place-bia-hoi" Other`
    t =    12.21s Find the "PhraseArticle.BottomSentinel.viet-phrase-city-hanoi-place-bia-hoi" Other
    t =    12.24s Checking existence of `TabBar (First Match)`
    t =    12.24s Find the TabBar (First Match)
    t =    12.25s Find the Target Application 'app.speaklocal.vietnam.native'
    t =    12.37s Terminate app.speaklocal.vietnam.native:59369
    t =    13.41s Tear Down
Test Case '-[SpeakLocalNativeUITests.CityAppDetailV22RenderProofUITests testCaptureCityAppDetailV22RenderProofBatch]' passed (13.461 seconds).
Test Suite 'CityAppDetailV22RenderProofUITests' passed at 2026-06-01 01:59:43.109.
	 Executed 1 test, with 0 failures (0 unexpected) in 13.461 (13.462) seconds
Test Suite 'SpeakLocalNativeUITests.xctest' passed at 2026-06-01 01:59:43.109.
	 Executed 1 test, with 0 failures (0 unexpected) in 13.461 (13.462) seconds
Test Suite 'Selected tests' passed at 2026-06-01 01:59:43.110.
	 Executed 1 test, with 0 failures (0 unexpected) in 13.461 (13.463) seconds
2026-06-01 01:59:43.400 xcodebuild[59243:6933392] [MT] IDETestOperationsObserverDebug: 15.749 elapsed -- Testing started completed.
2026-06-01 01:59:43.400 xcodebuild[59243:6933392] [MT] IDETestOperationsObserverDebug: 0.000 sec, +0.000 sec -- start
2026-06-01 01:59:43.400 xcodebuild[59243:6933392] [MT] IDETestOperationsObserverDebug: 15.749 sec, +15.749 sec -- end

Test session results, code coverage, and logs:
	/Users/jojolim/Library/Developer/XcodeBuildMCP/workspaces/orchestrator-309442864093/DerivedData/SpeakLocalNative-8f3e721625a0/Logs/Test/Test-SpeakLocalNative-2026.06.01_01-59-27-+0700.xcresult

** TEST EXECUTE SUCCEEDED **

Testing started
