Command line invocation:
    /Applications/Xcode.app/Contents/Developer/usr/bin/xcodebuild test-without-building -project /Users/jojolim/Developer/products/speaklocal/app-family/.worktrees/city-listings-production-ready/native-ios/SpeakLocalNative.xcodeproj -scheme SpeakLocalNative -destination "platform=iOS Simulator,id=7C386DD3-4BF1-4A34-A918-768C43CD1258" -derivedDataPath /Users/jojolim/Library/Developer/XcodeBuildMCP/workspaces/orchestrator-309442864093/DerivedData/SpeakLocalNative-8f3e721625a0 "-only-testing:SpeakLocalNativeUITests/CityAppDetailV22RenderProofUITests/testCaptureCityAppDetailV22RenderProofBatch"

2026-06-01 08:28:29.044357+0700 SpeakLocalNativeUITests-Runner[34148:8515280] [Default] Running tests...
    t =      nans Interface orientation changed to Portrait
Test Suite 'Selected tests' started at 2026-06-01 08:28:29.412.
Test Suite 'SpeakLocalNativeUITests.xctest' started at 2026-06-01 08:28:29.412.
Test Suite 'CityAppDetailV22RenderProofUITests' started at 2026-06-01 08:28:29.412.
Test Case '-[SpeakLocalNativeUITests.CityAppDetailV22RenderProofUITests testCaptureCityAppDetailV22RenderProofBatch]' started.
    t =     0.00s Start Test at 2026-06-01 08:28:29.413
    t =     0.02s Set Up
    t =     0.02s Open app.speaklocal.vietnam.native
    t =     0.02s     Launch app.speaklocal.vietnam.native
objc[34148]: Class UIAccessibilityLoaderWebShared is implemented in both /Library/Developer/CoreSimulator/Volumes/iOS_23F77/Library/Developer/CoreSimulator/Profiles/Runtimes/iOS 26.5.simruntime/Contents/Resources/RuntimeRoot/System/Library/AccessibilityBundles/WebCore.axbundle/WebCore (0x1088ac310) and /Library/Developer/CoreSimulator/Volumes/iOS_23F77/Library/Developer/CoreSimulator/Profiles/Runtimes/iOS 26.5.simruntime/Contents/Resources/RuntimeRoot/System/Library/AccessibilityBundles/WebKit.axbundle/WebKit (0x10814c398). This may cause spurious casting failures and mysterious crashes. One of the duplicates must be removed or renamed.
    t =     1.89s         Setting up automation session
    t =     2.26s         Wait for app.speaklocal.vietnam.native to idle
    t =     3.73s Checking existence of `"Morning Glory Hội An" StaticText`
    t =     3.88s Waiting 8.0s for "Morning Glory Hội An" StaticText to exist
    t =     4.95s     Checking `Expect predicate `existsNoRetry == 1` for object "Morning Glory Hội An" StaticText`
    t =     4.95s         Checking existence of `"Morning Glory Hội An" StaticText`
    t =     5.13s Swipe up Target Application 'app.speaklocal.vietnam.native'
    t =     5.13s     Wait for app.speaklocal.vietnam.native to idle
    t =     5.14s     Find the Target Application 'app.speaklocal.vietnam.native'
    t =     5.15s     Check for interrupting elements affecting "SpeakLocal Vietnam" Application
    t =     5.18s     Synthesize event
    t =     5.60s     Wait for app.speaklocal.vietnam.native to idle
    t =     7.74s Swipe up Target Application 'app.speaklocal.vietnam.native'
    t =     7.74s     Wait for app.speaklocal.vietnam.native to idle
    t =     7.74s     Find the Target Application 'app.speaklocal.vietnam.native'
    t =     7.76s     Check for interrupting elements affecting "SpeakLocal Vietnam" Application
    t =     7.79s     Synthesize event
    t =     8.22s     Wait for app.speaklocal.vietnam.native to idle
    t =    10.55s Terminate app.speaklocal.vietnam.native:34154
    t =    11.61s Open app.speaklocal.vietnam.native
    t =    11.61s     Launch app.speaklocal.vietnam.native
    t =    11.83s         Setting up automation session
    t =    12.30s         Wait for app.speaklocal.vietnam.native to idle
    t =    13.82s Waiting 4.0s for TabBar (First Match) to exist
    t =    14.85s     Checking `Expect predicate `existsNoRetry == 1` for object TabBar (First Match)`
    t =    14.86s         Checking existence of `TabBar (First Match)`
    t =    14.91s Checking existence of `"PhraseArticle.BottomSentinel.viet-family-city-hoian-place-morning-glory" Other`
    t =    15.00s Checking existence of `"PhraseArticle.BottomSentinel.viet-phrase-city-hoian-place-morning-glory" Other`
    t =    15.03s Find the "PhraseArticle.BottomSentinel.viet-phrase-city-hoian-place-morning-glory" Other
    t =    15.06s Checking existence of `TabBar (First Match)`
    t =    15.06s Find the TabBar (First Match)
    t =    15.07s Find the Target Application 'app.speaklocal.vietnam.native'
    t =    15.19s Terminate app.speaklocal.vietnam.native:34176
    t =    16.27s Tear Down
Test Case '-[SpeakLocalNativeUITests.CityAppDetailV22RenderProofUITests testCaptureCityAppDetailV22RenderProofBatch]' passed (16.354 seconds).
Test Suite 'CityAppDetailV22RenderProofUITests' passed at 2026-06-01 08:28:45.768.
	 Executed 1 test, with 0 failures (0 unexpected) in 16.354 (16.356) seconds
Test Suite 'SpeakLocalNativeUITests.xctest' passed at 2026-06-01 08:28:45.769.
	 Executed 1 test, with 0 failures (0 unexpected) in 16.354 (16.357) seconds
Test Suite 'Selected tests' passed at 2026-06-01 08:28:45.769.
	 Executed 1 test, with 0 failures (0 unexpected) in 16.354 (16.358) seconds

Test session results, code coverage, and logs:
	/Users/jojolim/Library/Developer/XcodeBuildMCP/workspaces/orchestrator-309442864093/DerivedData/SpeakLocalNative-8f3e721625a0/Logs/Test/Test-SpeakLocalNative-2026.06.01_08-28-28-+0700.xcresult

** TEST EXECUTE SUCCEEDED **

Testing started

2026-06-01 08:28:29.473 xcodebuild[34142:8515109] [MT] IDELaunchParametersSnapshot: The operation couldn’t be completed. (DebuggerLLDB.DebuggerVersionStore.StoreError error 0.)
2026-06-01 08:28:29.473 xcodebuild[34142:8515109] [MT] IDELaunchParametersSnapshot: no debugger version
2026-06-01 08:28:41.023 xcodebuild[34142:8515109] [MT] IDELaunchParametersSnapshot: The operation couldn’t be completed. (DebuggerLLDB.DebuggerVersionStore.StoreError error 0.)
2026-06-01 08:28:41.023 xcodebuild[34142:8515109] [MT] IDELaunchParametersSnapshot: no debugger version
2026-06-01 08:28:46.064 xcodebuild[34142:8515109] [MT] IDETestOperationsObserverDebug: 17.797 elapsed -- Testing started completed.
2026-06-01 08:28:46.064 xcodebuild[34142:8515109] [MT] IDETestOperationsObserverDebug: 0.000 sec, +0.000 sec -- start
2026-06-01 08:28:46.064 xcodebuild[34142:8515109] [MT] IDETestOperationsObserverDebug: 17.797 sec, +17.797 sec -- end
