Command line invocation:
    /Applications/Xcode.app/Contents/Developer/usr/bin/xcodebuild test-without-building -project /Users/jojolim/Developer/products/speaklocal/app-family/.worktrees/city-listings-production-ready/native-ios/SpeakLocalNative.xcodeproj -scheme SpeakLocalNative -destination "platform=iOS Simulator,id=7C386DD3-4BF1-4A34-A918-768C43CD1258" -derivedDataPath /Users/jojolim/Library/Developer/XcodeBuildMCP/workspaces/orchestrator-309442864093/DerivedData/SpeakLocalNative-8f3e721625a0 "-only-testing:SpeakLocalNativeUITests/CityAppDetailV22RenderProofUITests/testCaptureCityAppDetailV22RenderProofBatch"

2026-06-01 09:16:04.539141+0700 SpeakLocalNativeUITests-Runner[67034:8665544] [Default] Running tests...
    t =      nans Interface orientation changed to Portrait
Test Suite 'Selected tests' started at 2026-06-01 09:16:04.911.
Test Suite 'SpeakLocalNativeUITests.xctest' started at 2026-06-01 09:16:04.911.
Test Suite 'CityAppDetailV22RenderProofUITests' started at 2026-06-01 09:16:04.911.
Test Case '-[SpeakLocalNativeUITests.CityAppDetailV22RenderProofUITests testCaptureCityAppDetailV22RenderProofBatch]' started.
    t =     0.00s Start Test at 2026-06-01 09:16:04.911
    t =     0.02s Set Up
    t =     0.02s Open app.speaklocal.vietnam.native
    t =     0.02s     Launch app.speaklocal.vietnam.native
objc[67034]: Class UIAccessibilityLoaderWebShared is implemented in both /Library/Developer/CoreSimulator/Volumes/iOS_23F77/Library/Developer/CoreSimulator/Profiles/Runtimes/iOS 26.5.simruntime/Contents/Resources/RuntimeRoot/System/Library/AccessibilityBundles/WebCore.axbundle/WebCore (0x10aadc310) and /Library/Developer/CoreSimulator/Volumes/iOS_23F77/Library/Developer/CoreSimulator/Profiles/Runtimes/iOS 26.5.simruntime/Contents/Resources/RuntimeRoot/System/Library/AccessibilityBundles/WebKit.axbundle/WebKit (0x10a380398). This may cause spurious casting failures and mysterious crashes. One of the duplicates must be removed or renamed.
    t =     2.10s         Setting up automation session
    t =     2.54s         Wait for app.speaklocal.vietnam.native to idle
    t =     4.00s Checking existence of `"Trung tâm thương mại Trường Tiền" StaticText`
    t =     4.13s Waiting 8.0s for "Trung tâm thương mại Trường Tiền" StaticText to exist
    t =     5.16s     Checking `Expect predicate `existsNoRetry == 1` for object "Trung tâm thương mại Trường Tiền" StaticText`
    t =     5.16s         Checking existence of `"Trung tâm thương mại Trường Tiền" StaticText`
    t =     5.32s Swipe up Target Application 'app.speaklocal.vietnam.native'
    t =     5.32s     Wait for app.speaklocal.vietnam.native to idle
    t =     5.32s     Find the Target Application 'app.speaklocal.vietnam.native'
    t =     5.33s     Check for interrupting elements affecting "SpeakLocal Vietnam" Application
    t =     5.35s     Synthesize event
    t =     5.77s     Wait for app.speaklocal.vietnam.native to idle
    t =     7.93s Swipe up Target Application 'app.speaklocal.vietnam.native'
    t =     7.93s     Wait for app.speaklocal.vietnam.native to idle
    t =     7.93s     Find the Target Application 'app.speaklocal.vietnam.native'
    t =     7.95s     Check for interrupting elements affecting "SpeakLocal Vietnam" Application
    t =     7.97s     Synthesize event
    t =     8.40s     Wait for app.speaklocal.vietnam.native to idle
    t =     9.04s Terminate app.speaklocal.vietnam.native:67111
    t =    10.10s Open app.speaklocal.vietnam.native
    t =    10.10s     Launch app.speaklocal.vietnam.native
    t =    10.32s         Setting up automation session
    t =    10.79s         Wait for app.speaklocal.vietnam.native to idle
    t =    12.27s Waiting 4.0s for TabBar (First Match) to exist
    t =    13.31s     Checking `Expect predicate `existsNoRetry == 1` for object TabBar (First Match)`
    t =    13.32s         Checking existence of `TabBar (First Match)`
    t =    13.37s Checking existence of `"PhraseArticle.BottomSentinel.viet-family-city-hue-place-truong-tien-plaza" Other`
    t =    13.45s Checking existence of `"PhraseArticle.BottomSentinel.viet-phrase-city-hue-place-truong-tien-plaza" Other`
    t =    13.47s Find the "PhraseArticle.BottomSentinel.viet-phrase-city-hue-place-truong-tien-plaza" Other
    t =    13.49s Checking existence of `TabBar (First Match)`
    t =    13.50s Find the TabBar (First Match)
    t =    13.50s Find the Target Application 'app.speaklocal.vietnam.native'
    t =    13.59s Terminate app.speaklocal.vietnam.native:67203
    t =    14.66s Tear Down
Test Case '-[SpeakLocalNativeUITests.CityAppDetailV22RenderProofUITests testCaptureCityAppDetailV22RenderProofBatch]' passed (14.761 seconds).
Test Suite 'CityAppDetailV22RenderProofUITests' passed at 2026-06-01 09:16:19.673.
	 Executed 1 test, with 0 failures (0 unexpected) in 14.761 (14.763) seconds
Test Suite 'SpeakLocalNativeUITests.xctest' passed at 2026-06-01 09:16:19.675.
	 Executed 1 test, with 0 failures (0 unexpected) in 14.761 (14.764) seconds
Test Suite 'Selected tests' passed at 2026-06-01 09:16:19.675.
	 Executed 1 test, with 0 failures (0 unexpected) in 14.761 (14.765) seconds

Test session results, code coverage, and logs:
	/Users/jojolim/Library/Developer/XcodeBuildMCP/workspaces/orchestrator-309442864093/DerivedData/SpeakLocalNative-8f3e721625a0/Logs/Test/Test-SpeakLocalNative-2026.06.01_09-16-03-+0700.xcresult

** TEST EXECUTE SUCCEEDED **

Testing started

2026-06-01 09:16:04.967 xcodebuild[67032:8665363] [MT] IDELaunchParametersSnapshot: The operation couldn’t be completed. (DebuggerLLDB.DebuggerVersionStore.StoreError error 0.)
2026-06-01 09:16:04.967 xcodebuild[67032:8665363] [MT] IDELaunchParametersSnapshot: no debugger version
2026-06-01 09:16:15.012 xcodebuild[67032:8665363] [MT] IDELaunchParametersSnapshot: The operation couldn’t be completed. (DebuggerLLDB.DebuggerVersionStore.StoreError error 0.)
2026-06-01 09:16:15.012 xcodebuild[67032:8665363] [MT] IDELaunchParametersSnapshot: no debugger version
2026-06-01 09:16:19.967 xcodebuild[67032:8665363] [MT] IDETestOperationsObserverDebug: 16.266 elapsed -- Testing started completed.
2026-06-01 09:16:19.967 xcodebuild[67032:8665363] [MT] IDETestOperationsObserverDebug: 0.000 sec, +0.000 sec -- start
2026-06-01 09:16:19.967 xcodebuild[67032:8665363] [MT] IDETestOperationsObserverDebug: 16.266 sec, +16.266 sec -- end
