Command line invocation:
    /Applications/Xcode.app/Contents/Developer/usr/bin/xcodebuild test-without-building -project /Users/jojolim/Developer/products/speaklocal/app-family/.worktrees/city-listings-production-ready/native-ios/SpeakLocalNative.xcodeproj -scheme SpeakLocalNative -destination "platform=iOS Simulator,id=7C386DD3-4BF1-4A34-A918-768C43CD1258" -derivedDataPath /Users/jojolim/Library/Developer/XcodeBuildMCP/workspaces/orchestrator-309442864093/DerivedData/SpeakLocalNative-8f3e721625a0 "-only-testing:SpeakLocalNativeUITests/CityAppDetailV22RenderProofUITests/testCaptureCityAppDetailV22RenderProofBatch"

2026-06-01 04:36:35.098171+0700 SpeakLocalNativeUITests-Runner[34146:7531737] [Default] Running tests...
    t =      nans Interface orientation changed to Portrait
Test Suite 'Selected tests' started at 2026-06-01 04:36:35.471.
Test Suite 'SpeakLocalNativeUITests.xctest' started at 2026-06-01 04:36:35.471.
Test Suite 'CityAppDetailV22RenderProofUITests' started at 2026-06-01 04:36:35.471.
Test Case '-[SpeakLocalNativeUITests.CityAppDetailV22RenderProofUITests testCaptureCityAppDetailV22RenderProofBatch]' started.
    t =     0.00s Start Test at 2026-06-01 04:36:35.472
    t =     0.02s Set Up
    t =     0.02s Open app.speaklocal.vietnam.native
    t =     0.02s     Launch app.speaklocal.vietnam.native
objc[34146]: Class UIAccessibilityLoaderWebShared is implemented in both /Library/Developer/CoreSimulator/Volumes/iOS_23F77/Library/Developer/CoreSimulator/Profiles/Runtimes/iOS 26.5.simruntime/Contents/Resources/RuntimeRoot/System/Library/AccessibilityBundles/WebCore.axbundle/WebCore (0x10a78c310) and /Library/Developer/CoreSimulator/Volumes/iOS_23F77/Library/Developer/CoreSimulator/Profiles/Runtimes/iOS 26.5.simruntime/Contents/Resources/RuntimeRoot/System/Library/AccessibilityBundles/WebKit.axbundle/WebKit (0x10a00c398). This may cause spurious casting failures and mysterious crashes. One of the duplicates must be removed or renamed.
    t =     1.90s         Setting up automation session
    t =     2.43s         Wait for app.speaklocal.vietnam.native to idle
    t =     3.88s Checking existence of `"Bảo tàng Văn hóa Dân gian" StaticText`
    t =     4.05s Waiting 8.0s for "Bảo tàng Văn hóa Dân gian" StaticText to exist
    t =     5.11s     Checking `Expect predicate `existsNoRetry == 1` for object "Bảo tàng Văn hóa Dân gian" StaticText`
    t =     5.11s         Checking existence of `"Bảo tàng Văn hóa Dân gian" StaticText`
    t =     5.27s Swipe up Target Application 'app.speaklocal.vietnam.native'
    t =     5.27s     Wait for app.speaklocal.vietnam.native to idle
    t =     5.27s     Find the Target Application 'app.speaklocal.vietnam.native'
    t =     5.29s     Check for interrupting elements affecting "SpeakLocal Vietnam" Application
    t =     5.30s     Synthesize event
    t =     5.73s     Wait for app.speaklocal.vietnam.native to idle
    t =     7.83s Swipe up Target Application 'app.speaklocal.vietnam.native'
    t =     7.83s     Wait for app.speaklocal.vietnam.native to idle
    t =     7.97s     Find the Target Application 'app.speaklocal.vietnam.native'
    t =     7.99s     Check for interrupting elements affecting "SpeakLocal Vietnam" Application
    t =     8.01s     Synthesize event
    t =     8.43s     Wait for app.speaklocal.vietnam.native to idle
    t =     9.19s Terminate app.speaklocal.vietnam.native:34222
    t =    10.28s Open app.speaklocal.vietnam.native
    t =    10.28s     Launch app.speaklocal.vietnam.native
    t =    10.50s         Setting up automation session
    t =    10.98s         Wait for app.speaklocal.vietnam.native to idle
    t =    12.45s Waiting 4.0s for TabBar (First Match) to exist
    t =    13.52s     Checking `Expect predicate `existsNoRetry == 1` for object TabBar (First Match)`
    t =    13.53s         Checking existence of `TabBar (First Match)`
    t =    13.58s Checking existence of `"PhraseArticle.BottomSentinel.viet-family-city-hoian-place-folk-culture-museum" Other`
    t =    13.66s Checking existence of `"PhraseArticle.BottomSentinel.viet-phrase-city-hoian-place-folk-culture-museum" Other`
    t =    13.68s Find the "PhraseArticle.BottomSentinel.viet-phrase-city-hoian-place-folk-culture-museum" Other
    t =    13.70s Checking existence of `TabBar (First Match)`
    t =    13.71s Find the TabBar (First Match)
    t =    13.72s Find the Target Application 'app.speaklocal.vietnam.native'
    t =    13.81s Terminate app.speaklocal.vietnam.native:34314
    t =    14.90s Tear Down
Test Case '-[SpeakLocalNativeUITests.CityAppDetailV22RenderProofUITests testCaptureCityAppDetailV22RenderProofBatch]' passed (14.976 seconds).
Test Suite 'CityAppDetailV22RenderProofUITests' passed at 2026-06-01 04:36:50.448.
	 Executed 1 test, with 0 failures (0 unexpected) in 14.976 (14.977) seconds
Test Suite 'SpeakLocalNativeUITests.xctest' passed at 2026-06-01 04:36:50.448.
	 Executed 1 test, with 0 failures (0 unexpected) in 14.976 (14.977) seconds
Test Suite 'Selected tests' passed at 2026-06-01 04:36:50.448.
	 Executed 1 test, with 0 failures (0 unexpected) in 14.976 (14.978) seconds

Test session results, code coverage, and logs:
	/Users/jojolim/Library/Developer/XcodeBuildMCP/workspaces/orchestrator-309442864093/DerivedData/SpeakLocalNative-8f3e721625a0/Logs/Test/Test-SpeakLocalNative-2026.06.01_04-36-34-+0700.xcresult

** TEST EXECUTE SUCCEEDED **

Testing started

2026-06-01 04:36:35.533 xcodebuild[34139:7531548] [MT] IDELaunchParametersSnapshot: The operation couldn’t be completed. (DebuggerLLDB.DebuggerVersionStore.StoreError error 0.)
2026-06-01 04:36:35.533 xcodebuild[34139:7531548] [MT] IDELaunchParametersSnapshot: no debugger version
2026-06-01 04:36:45.754 xcodebuild[34139:7531548] [MT] IDELaunchParametersSnapshot: The operation couldn’t be completed. (DebuggerLLDB.DebuggerVersionStore.StoreError error 0.)
2026-06-01 04:36:45.754 xcodebuild[34139:7531548] [MT] IDELaunchParametersSnapshot: no debugger version
2026-06-01 04:36:50.734 xcodebuild[34139:7531548] [MT] IDETestOperationsObserverDebug: 16.467 elapsed -- Testing started completed.
2026-06-01 04:36:50.734 xcodebuild[34139:7531548] [MT] IDETestOperationsObserverDebug: 0.000 sec, +0.000 sec -- start
2026-06-01 04:36:50.734 xcodebuild[34139:7531548] [MT] IDETestOperationsObserverDebug: 16.467 sec, +16.467 sec -- end
