Command line invocation:
    /Applications/Xcode.app/Contents/Developer/usr/bin/xcodebuild test-without-building -project /Users/jojolim/Developer/products/speaklocal/app-family/.worktrees/city-listings-production-ready/native-ios/SpeakLocalNative.xcodeproj -scheme SpeakLocalNative -destination "platform=iOS Simulator,id=7C386DD3-4BF1-4A34-A918-768C43CD1258" -derivedDataPath /Users/jojolim/Library/Developer/XcodeBuildMCP/workspaces/orchestrator-309442864093/DerivedData/SpeakLocalNative-8f3e721625a0 "-only-testing:SpeakLocalNativeUITests/CityAppDetailV22RenderProofUITests/testCaptureCityAppDetailV22RenderProofBatch"

2026-06-01 03:46:13.292755+0700 SpeakLocalNativeUITests-Runner[73031:7311563] [Default] Running tests...
    t =      nans Interface orientation changed to Portrait
Test Suite 'Selected tests' started at 2026-06-01 03:46:13.663.
Test Suite 'SpeakLocalNativeUITests.xctest' started at 2026-06-01 03:46:13.664.
Test Suite 'CityAppDetailV22RenderProofUITests' started at 2026-06-01 03:46:13.664.
Test Case '-[SpeakLocalNativeUITests.CityAppDetailV22RenderProofUITests testCaptureCityAppDetailV22RenderProofBatch]' started.
    t =     0.00s Start Test at 2026-06-01 03:46:13.664
    t =     0.01s Set Up
    t =     0.02s Open app.speaklocal.vietnam.native
    t =     0.02s     Launch app.speaklocal.vietnam.native
objc[73031]: Class UIAccessibilityLoaderWebShared is implemented in both /Library/Developer/CoreSimulator/Volumes/iOS_23F77/Library/Developer/CoreSimulator/Profiles/Runtimes/iOS 26.5.simruntime/Contents/Resources/RuntimeRoot/System/Library/AccessibilityBundles/WebCore.axbundle/WebCore (0x10a01c310) and /Library/Developer/CoreSimulator/Volumes/iOS_23F77/Library/Developer/CoreSimulator/Profiles/Runtimes/iOS 26.5.simruntime/Contents/Resources/RuntimeRoot/System/Library/AccessibilityBundles/WebKit.axbundle/WebKit (0x1098c0398). This may cause spurious casting failures and mysterious crashes. One of the duplicates must be removed or renamed.
    t =     1.89s         Setting up automation session
    t =     2.41s         Wait for app.speaklocal.vietnam.native to idle
    t =     3.88s Checking existence of `"Cầu Rồng" StaticText`
    t =     4.05s Waiting 8.0s for "Cầu Rồng" StaticText to exist
    t =     5.08s     Checking `Expect predicate `existsNoRetry == 1` for object "Cầu Rồng" StaticText`
    t =     5.09s         Checking existence of `"Cầu Rồng" StaticText`
    t =     5.24s Swipe up Target Application 'app.speaklocal.vietnam.native'
    t =     5.24s     Wait for app.speaklocal.vietnam.native to idle
    t =     5.24s     Find the Target Application 'app.speaklocal.vietnam.native'
    t =     5.25s     Check for interrupting elements affecting "SpeakLocal Vietnam" Application
    t =     5.27s     Synthesize event
    t =     5.70s     Wait for app.speaklocal.vietnam.native to idle
    t =     7.80s Swipe up Target Application 'app.speaklocal.vietnam.native'
    t =     7.80s     Wait for app.speaklocal.vietnam.native to idle
    t =     7.81s     Find the Target Application 'app.speaklocal.vietnam.native'
    t =     7.84s     Check for interrupting elements affecting "SpeakLocal Vietnam" Application
    t =     7.86s     Synthesize event
    t =     8.28s     Wait for app.speaklocal.vietnam.native to idle
    t =     9.06s Terminate app.speaklocal.vietnam.native:73093
    t =    10.14s Open app.speaklocal.vietnam.native
    t =    10.14s     Launch app.speaklocal.vietnam.native
    t =    10.35s         Setting up automation session
    t =    10.86s         Wait for app.speaklocal.vietnam.native to idle
    t =    12.37s Waiting 4.0s for TabBar (First Match) to exist
    t =    13.38s     Checking `Expect predicate `existsNoRetry == 1` for object TabBar (First Match)`
    t =    13.39s         Checking existence of `TabBar (First Match)`
    t =    13.44s Checking existence of `"PhraseArticle.BottomSentinel.viet-family-city-danang-place-dragon-bridge" Other`
    t =    13.52s Checking existence of `"PhraseArticle.BottomSentinel.viet-phrase-city-danang-place-dragon-bridge" Other`
    t =    13.54s Find the "PhraseArticle.BottomSentinel.viet-phrase-city-danang-place-dragon-bridge" Other
    t =    13.57s Checking existence of `TabBar (First Match)`
    t =    13.57s Find the TabBar (First Match)
    t =    13.58s Find the Target Application 'app.speaklocal.vietnam.native'
    t =    13.68s Terminate app.speaklocal.vietnam.native:73199
    t =    14.75s Tear Down
Test Case '-[SpeakLocalNativeUITests.CityAppDetailV22RenderProofUITests testCaptureCityAppDetailV22RenderProofBatch]' passed (14.797 seconds).
Test Suite 'CityAppDetailV22RenderProofUITests' passed at 2026-06-01 03:46:28.462.
	 Executed 1 test, with 0 failures (0 unexpected) in 14.797 (14.798) seconds
Test Suite 'SpeakLocalNativeUITests.xctest' passed at 2026-06-01 03:46:28.463.
	 Executed 1 test, with 0 failures (0 unexpected) in 14.797 (14.799) seconds
Test Suite 'Selected tests' passed at 2026-06-01 03:46:28.464.
	 Executed 1 test, with 0 failures (0 unexpected) in 14.797 (14.800) seconds

Test session results, code coverage, and logs:
	/Users/jojolim/Library/Developer/XcodeBuildMCP/workspaces/orchestrator-309442864093/DerivedData/SpeakLocalNative-8f3e721625a0/Logs/Test/Test-SpeakLocalNative-2026.06.01_03-46-12-+0700.xcresult

** TEST EXECUTE SUCCEEDED **

Testing started

2026-06-01 03:46:13.724 xcodebuild[73027:7311404] [MT] IDELaunchParametersSnapshot: The operation couldn’t be completed. (DebuggerLLDB.DebuggerVersionStore.StoreError error 0.)
2026-06-01 03:46:13.724 xcodebuild[73027:7311404] [MT] IDELaunchParametersSnapshot: no debugger version
2026-06-01 03:46:23.811 xcodebuild[73027:7311404] [MT] IDELaunchParametersSnapshot: The operation couldn’t be completed. (DebuggerLLDB.DebuggerVersionStore.StoreError error 0.)
2026-06-01 03:46:23.811 xcodebuild[73027:7311404] [MT] IDELaunchParametersSnapshot: no debugger version
2026-06-01 03:46:28.759 xcodebuild[73027:7311404] [MT] IDETestOperationsObserverDebug: 16.257 elapsed -- Testing started completed.
2026-06-01 03:46:28.759 xcodebuild[73027:7311404] [MT] IDETestOperationsObserverDebug: 0.000 sec, +0.000 sec -- start
2026-06-01 03:46:28.759 xcodebuild[73027:7311404] [MT] IDETestOperationsObserverDebug: 16.257 sec, +16.257 sec -- end
