Command line invocation:
    /Applications/Xcode.app/Contents/Developer/usr/bin/xcodebuild test-without-building -project /Users/jojolim/Developer/products/speaklocal/app-family/.worktrees/city-listings-production-ready/native-ios/SpeakLocalNative.xcodeproj -scheme SpeakLocalNative -destination "platform=iOS Simulator,id=7C386DD3-4BF1-4A34-A918-768C43CD1258" -derivedDataPath /Users/jojolim/Library/Developer/XcodeBuildMCP/workspaces/orchestrator-309442864093/DerivedData/SpeakLocalNative-8f3e721625a0 "-only-testing:SpeakLocalNativeUITests/CityAppDetailV22RenderProofUITests/testCaptureCityAppDetailV22RenderProofBatch"

2026-06-01 05:59:23.627152+0700 SpeakLocalNativeUITests-Runner[40683:7876728] [Default] Running tests...
    t =      nans Interface orientation changed to Portrait
Test Suite 'Selected tests' started at 2026-06-01 05:59:23.994.
Test Suite 'SpeakLocalNativeUITests.xctest' started at 2026-06-01 05:59:23.994.
Test Suite 'CityAppDetailV22RenderProofUITests' started at 2026-06-01 05:59:23.994.
Test Case '-[SpeakLocalNativeUITests.CityAppDetailV22RenderProofUITests testCaptureCityAppDetailV22RenderProofBatch]' started.
    t =     0.00s Start Test at 2026-06-01 05:59:23.995
    t =     0.02s Set Up
    t =     0.02s Open app.speaklocal.vietnam.native
    t =     0.02s     Launch app.speaklocal.vietnam.native
objc[40683]: Class UIAccessibilityLoaderWebShared is implemented in both /Library/Developer/CoreSimulator/Volumes/iOS_23F77/Library/Developer/CoreSimulator/Profiles/Runtimes/iOS 26.5.simruntime/Contents/Resources/RuntimeRoot/System/Library/AccessibilityBundles/WebCore.axbundle/WebCore (0x10aa48310) and /Library/Developer/CoreSimulator/Volumes/iOS_23F77/Library/Developer/CoreSimulator/Profiles/Runtimes/iOS 26.5.simruntime/Contents/Resources/RuntimeRoot/System/Library/AccessibilityBundles/WebKit.axbundle/WebKit (0x109e3c398). This may cause spurious casting failures and mysterious crashes. One of the duplicates must be removed or renamed.
    t =     1.90s         Setting up automation session
    t =     2.32s         Wait for app.speaklocal.vietnam.native to idle
    t =     3.80s Checking existence of `"Bún Chả Đắc Kim" StaticText`
    t =     3.97s Waiting 8.0s for "Bún Chả Đắc Kim" StaticText to exist
    t =     5.04s     Checking `Expect predicate `existsNoRetry == 1` for object "Bún Chả Đắc Kim" StaticText`
    t =     5.04s         Checking existence of `"Bún Chả Đắc Kim" StaticText`
    t =     5.18s Swipe up Target Application 'app.speaklocal.vietnam.native'
    t =     5.18s     Wait for app.speaklocal.vietnam.native to idle
    t =     5.18s     Find the Target Application 'app.speaklocal.vietnam.native'
    t =     5.19s     Check for interrupting elements affecting "SpeakLocal Vietnam" Application
    t =     5.21s     Synthesize event
    t =     5.63s     Wait for app.speaklocal.vietnam.native to idle
    t =     7.73s Swipe up Target Application 'app.speaklocal.vietnam.native'
    t =     7.73s     Wait for app.speaklocal.vietnam.native to idle
    t =     7.73s     Find the Target Application 'app.speaklocal.vietnam.native'
    t =     7.76s     Check for interrupting elements affecting "SpeakLocal Vietnam" Application
    t =     7.79s     Synthesize event
    t =     8.22s     Wait for app.speaklocal.vietnam.native to idle
    t =    10.47s Terminate app.speaklocal.vietnam.native:40759
    t =    11.56s Open app.speaklocal.vietnam.native
    t =    11.56s     Launch app.speaklocal.vietnam.native
    t =    11.78s         Setting up automation session
    t =    12.25s         Wait for app.speaklocal.vietnam.native to idle
    t =    13.72s Waiting 4.0s for TabBar (First Match) to exist
    t =    14.80s     Checking `Expect predicate `existsNoRetry == 1` for object TabBar (First Match)`
    t =    14.80s         Checking existence of `TabBar (First Match)`
    t =    14.85s Checking existence of `"PhraseArticle.BottomSentinel.viet-family-city-hanoi-place-bun-cha-dac-kim" Other`
    t =    14.94s Checking existence of `"PhraseArticle.BottomSentinel.viet-phrase-city-hanoi-place-bun-cha-dac-kim" Other`
    t =    14.96s Find the "PhraseArticle.BottomSentinel.viet-phrase-city-hanoi-place-bun-cha-dac-kim" Other
    t =    14.99s Checking existence of `TabBar (First Match)`
    t =    14.99s Find the TabBar (First Match)
    t =    15.00s Find the Target Application 'app.speaklocal.vietnam.native'
    t =    15.11s Terminate app.speaklocal.vietnam.native:40853
    t =    16.20s Tear Down
Test Case '-[SpeakLocalNativeUITests.CityAppDetailV22RenderProofUITests testCaptureCityAppDetailV22RenderProofBatch]' passed (16.249 seconds).
Test Suite 'CityAppDetailV22RenderProofUITests' passed at 2026-06-01 05:59:40.244.
	 Executed 1 test, with 0 failures (0 unexpected) in 16.249 (16.250) seconds
Test Suite 'SpeakLocalNativeUITests.xctest' passed at 2026-06-01 05:59:40.244.
	 Executed 1 test, with 0 failures (0 unexpected) in 16.249 (16.250) seconds
Test Suite 'Selected tests' passed at 2026-06-01 05:59:40.244.
	 Executed 1 test, with 0 failures (0 unexpected) in 16.249 (16.250) seconds

Test session results, code coverage, and logs:
	/Users/jojolim/Library/Developer/XcodeBuildMCP/workspaces/orchestrator-309442864093/DerivedData/SpeakLocalNative-8f3e721625a0/Logs/Test/Test-SpeakLocalNative-2026.06.01_05-59-22-+0700.xcresult

** TEST EXECUTE SUCCEEDED **

Testing started

2026-06-01 05:59:24.054 xcodebuild[40681:7876573] [MT] IDELaunchParametersSnapshot: The operation couldn’t be completed. (DebuggerLLDB.DebuggerVersionStore.StoreError error 0.)
2026-06-01 05:59:24.054 xcodebuild[40681:7876573] [MT] IDELaunchParametersSnapshot: no debugger version
2026-06-01 05:59:35.556 xcodebuild[40681:7876573] [MT] IDELaunchParametersSnapshot: The operation couldn’t be completed. (DebuggerLLDB.DebuggerVersionStore.StoreError error 0.)
2026-06-01 05:59:35.556 xcodebuild[40681:7876573] [MT] IDELaunchParametersSnapshot: no debugger version
2026-06-01 05:59:40.534 xcodebuild[40681:7876573] [MT] IDETestOperationsObserverDebug: 17.703 elapsed -- Testing started completed.
2026-06-01 05:59:40.534 xcodebuild[40681:7876573] [MT] IDETestOperationsObserverDebug: 0.000 sec, +0.000 sec -- start
2026-06-01 05:59:40.534 xcodebuild[40681:7876573] [MT] IDETestOperationsObserverDebug: 17.703 sec, +17.703 sec -- end
