Command line invocation:
    /Applications/Xcode.app/Contents/Developer/usr/bin/xcodebuild test-without-building -project /Users/jojolim/Developer/products/speaklocal/app-family/.worktrees/city-listings-production-ready/native-ios/SpeakLocalNative.xcodeproj -scheme SpeakLocalNative -destination "platform=iOS Simulator,id=7C386DD3-4BF1-4A34-A918-768C43CD1258" -derivedDataPath /Users/jojolim/Library/Developer/XcodeBuildMCP/workspaces/orchestrator-309442864093/DerivedData/SpeakLocalNative-8f3e721625a0 "-only-testing:SpeakLocalNativeUITests/CityAppDetailV22RenderProofUITests/testCaptureCityAppDetailV22RenderProofBatch"

2026-06-01 07:09:21.576748+0700 SpeakLocalNativeUITests-Runner[43289:8196470] [Default] Running tests...
    t =      nans Interface orientation changed to Portrait
Test Suite 'Selected tests' started at 2026-06-01 07:09:21.948.
Test Suite 'SpeakLocalNativeUITests.xctest' started at 2026-06-01 07:09:21.948.
Test Suite 'CityAppDetailV22RenderProofUITests' started at 2026-06-01 07:09:21.948.
Test Case '-[SpeakLocalNativeUITests.CityAppDetailV22RenderProofUITests testCaptureCityAppDetailV22RenderProofBatch]' started.
    t =     0.00s Start Test at 2026-06-01 07:09:21.949
    t =     0.02s Set Up
    t =     0.02s Open app.speaklocal.vietnam.native
    t =     0.02s     Launch app.speaklocal.vietnam.native
objc[43289]: Class UIAccessibilityLoaderWebShared is implemented in both /Library/Developer/CoreSimulator/Volumes/iOS_23F77/Library/Developer/CoreSimulator/Profiles/Runtimes/iOS 26.5.simruntime/Contents/Resources/RuntimeRoot/System/Library/AccessibilityBundles/WebCore.axbundle/WebCore (0x106330310) and /Library/Developer/CoreSimulator/Volumes/iOS_23F77/Library/Developer/CoreSimulator/Profiles/Runtimes/iOS 26.5.simruntime/Contents/Resources/RuntimeRoot/System/Library/AccessibilityBundles/WebKit.axbundle/WebKit (0x105b84398). This may cause spurious casting failures and mysterious crashes. One of the duplicates must be removed or renamed.
    t =     1.88s         Setting up automation session
    t =     2.37s         Wait for app.speaklocal.vietnam.native to idle
    t =     3.87s Checking existence of `"Chùa Một Cột" StaticText`
    t =     4.01s Waiting 8.0s for "Chùa Một Cột" StaticText to exist
    t =     5.06s     Checking `Expect predicate `existsNoRetry == 1` for object "Chùa Một Cột" StaticText`
    t =     5.06s         Checking existence of `"Chùa Một Cột" StaticText`
    t =     5.23s Swipe up Target Application 'app.speaklocal.vietnam.native'
    t =     5.23s     Wait for app.speaklocal.vietnam.native to idle
    t =     5.23s     Find the Target Application 'app.speaklocal.vietnam.native'
    t =     5.24s     Check for interrupting elements affecting "SpeakLocal Vietnam" Application
    t =     5.26s     Synthesize event
    t =     5.68s     Wait for app.speaklocal.vietnam.native to idle
    t =     7.78s Swipe up Target Application 'app.speaklocal.vietnam.native'
    t =     7.78s     Wait for app.speaklocal.vietnam.native to idle
    t =     7.78s     Find the Target Application 'app.speaklocal.vietnam.native'
    t =     7.81s     Check for interrupting elements affecting "SpeakLocal Vietnam" Application
    t =     7.83s     Synthesize event
    t =     8.25s     Wait for app.speaklocal.vietnam.native to idle
    t =     8.92s Terminate app.speaklocal.vietnam.native:43338
    t =     9.97s Open app.speaklocal.vietnam.native
    t =     9.97s     Launch app.speaklocal.vietnam.native
    t =    10.18s         Setting up automation session
    t =    10.66s         Wait for app.speaklocal.vietnam.native to idle
    t =    12.17s Waiting 4.0s for TabBar (First Match) to exist
    t =    13.21s     Checking `Expect predicate `existsNoRetry == 1` for object TabBar (First Match)`
    t =    13.21s         Checking existence of `TabBar (First Match)`
    t =    13.27s Checking existence of `"PhraseArticle.BottomSentinel.viet-family-city-hanoi-place-one-pillar-pagoda" Other`
    t =    13.35s Checking existence of `"PhraseArticle.BottomSentinel.viet-phrase-city-hanoi-place-one-pillar-pagoda" Other`
    t =    13.37s Find the "PhraseArticle.BottomSentinel.viet-phrase-city-hanoi-place-one-pillar-pagoda" Other
    t =    13.39s Checking existence of `TabBar (First Match)`
    t =    13.39s Find the TabBar (First Match)
    t =    13.40s Find the Target Application 'app.speaklocal.vietnam.native'
    t =    13.49s Terminate app.speaklocal.vietnam.native:43458
    t =    14.56s Tear Down
Test Case '-[SpeakLocalNativeUITests.CityAppDetailV22RenderProofUITests testCaptureCityAppDetailV22RenderProofBatch]' passed (14.655 seconds).
Test Suite 'CityAppDetailV22RenderProofUITests' passed at 2026-06-01 07:09:36.604.
	 Executed 1 test, with 0 failures (0 unexpected) in 14.655 (14.656) seconds
Test Suite 'SpeakLocalNativeUITests.xctest' passed at 2026-06-01 07:09:36.605.
	 Executed 1 test, with 0 failures (0 unexpected) in 14.655 (14.657) seconds
Test Suite 'Selected tests' passed at 2026-06-01 07:09:36.605.
	 Executed 1 test, with 0 failures (0 unexpected) in 14.655 (14.658) seconds

Test session results, code coverage, and logs:
	/Users/jojolim/Library/Developer/XcodeBuildMCP/workspaces/orchestrator-309442864093/DerivedData/SpeakLocalNative-8f3e721625a0/Logs/Test/Test-SpeakLocalNative-2026.06.01_07-09-20-+0700.xcresult

** TEST EXECUTE SUCCEEDED **

Testing started

2026-06-01 07:09:22.005 xcodebuild[43287:8196306] [MT] IDELaunchParametersSnapshot: The operation couldn’t be completed. (DebuggerLLDB.DebuggerVersionStore.StoreError error 0.)
2026-06-01 07:09:22.005 xcodebuild[43287:8196306] [MT] IDELaunchParametersSnapshot: no debugger version
2026-06-01 07:09:31.917 xcodebuild[43287:8196306] [MT] IDELaunchParametersSnapshot: The operation couldn’t be completed. (DebuggerLLDB.DebuggerVersionStore.StoreError error 0.)
2026-06-01 07:09:31.917 xcodebuild[43287:8196306] [MT] IDELaunchParametersSnapshot: no debugger version
2026-06-01 07:09:36.902 xcodebuild[43287:8196306] [MT] IDETestOperationsObserverDebug: 16.107 elapsed -- Testing started completed.
2026-06-01 07:09:36.902 xcodebuild[43287:8196306] [MT] IDETestOperationsObserverDebug: 0.000 sec, +0.000 sec -- start
2026-06-01 07:09:36.902 xcodebuild[43287:8196306] [MT] IDETestOperationsObserverDebug: 16.107 sec, +16.107 sec -- end
