Command line invocation:
    /Applications/Xcode.app/Contents/Developer/usr/bin/xcodebuild test-without-building -project /Users/jojolim/Developer/products/speaklocal/app-family/.worktrees/city-listings-production-ready/native-ios/SpeakLocalNative.xcodeproj -scheme SpeakLocalNative -destination "platform=iOS Simulator,id=7C386DD3-4BF1-4A34-A918-768C43CD1258" -derivedDataPath /Users/jojolim/Library/Developer/XcodeBuildMCP/workspaces/orchestrator-309442864093/DerivedData/SpeakLocalNative-8f3e721625a0 "-only-testing:SpeakLocalNativeUITests/CityAppDetailV22RenderProofUITests/testCaptureCityAppDetailV22RenderProofBatch"

2026-06-01 03:47:38.052592+0700 SpeakLocalNativeUITests-Runner[74436:7317995] [Default] Running tests...
    t =      nans Interface orientation changed to Portrait
Test Suite 'Selected tests' started at 2026-06-01 03:47:38.421.
Test Suite 'SpeakLocalNativeUITests.xctest' started at 2026-06-01 03:47:38.421.
Test Suite 'CityAppDetailV22RenderProofUITests' started at 2026-06-01 03:47:38.421.
Test Case '-[SpeakLocalNativeUITests.CityAppDetailV22RenderProofUITests testCaptureCityAppDetailV22RenderProofBatch]' started.
    t =     0.00s Start Test at 2026-06-01 03:47:38.422
    t =     0.01s Set Up
    t =     0.02s Open app.speaklocal.vietnam.native
    t =     0.02s     Launch app.speaklocal.vietnam.native
objc[74436]: Class UIAccessibilityLoaderWebShared is implemented in both /Library/Developer/CoreSimulator/Volumes/iOS_23F77/Library/Developer/CoreSimulator/Profiles/Runtimes/iOS 26.5.simruntime/Contents/Resources/RuntimeRoot/System/Library/AccessibilityBundles/WebCore.axbundle/WebCore (0x10a564310) and /Library/Developer/CoreSimulator/Volumes/iOS_23F77/Library/Developer/CoreSimulator/Profiles/Runtimes/iOS 26.5.simruntime/Contents/Resources/RuntimeRoot/System/Library/AccessibilityBundles/WebKit.axbundle/WebKit (0x109d70398). This may cause spurious casting failures and mysterious crashes. One of the duplicates must be removed or renamed.
    t =     1.90s         Setting up automation session
    t =     2.40s         Wait for app.speaklocal.vietnam.native to idle
    t =     3.84s Checking existence of `"Thảo Điền" StaticText`
    t =     3.99s Waiting 8.0s for "Thảo Điền" StaticText to exist
    t =     5.03s     Checking `Expect predicate `existsNoRetry == 1` for object "Thảo Điền" StaticText`
    t =     5.03s         Checking existence of `"Thảo Điền" StaticText`
    t =     5.18s Swipe up Target Application 'app.speaklocal.vietnam.native'
    t =     5.18s     Wait for app.speaklocal.vietnam.native to idle
    t =     5.18s     Find the Target Application 'app.speaklocal.vietnam.native'
    t =     5.19s     Check for interrupting elements affecting "SpeakLocal Vietnam" Application
    t =     5.21s     Synthesize event
    t =     5.63s     Wait for app.speaklocal.vietnam.native to idle
    t =     7.73s Swipe up Target Application 'app.speaklocal.vietnam.native'
    t =     7.73s     Wait for app.speaklocal.vietnam.native to idle
    t =     7.73s     Find the Target Application 'app.speaklocal.vietnam.native'
    t =     7.76s     Check for interrupting elements affecting "SpeakLocal Vietnam" Application
    t =     7.78s     Synthesize event
    t =     8.20s     Wait for app.speaklocal.vietnam.native to idle
    t =     9.00s Terminate app.speaklocal.vietnam.native:74513
    t =    10.06s Open app.speaklocal.vietnam.native
    t =    10.06s     Launch app.speaklocal.vietnam.native
    t =    10.28s         Setting up automation session
    t =    10.78s         Wait for app.speaklocal.vietnam.native to idle
    t =    12.25s Waiting 4.0s for TabBar (First Match) to exist
    t =    13.30s     Checking `Expect predicate `existsNoRetry == 1` for object TabBar (First Match)`
    t =    13.30s         Checking existence of `TabBar (First Match)`
    t =    13.34s Checking existence of `"PhraseArticle.BottomSentinel.viet-family-city-hcmc-place-thao-dien" Other`
    t =    13.42s Checking existence of `"PhraseArticle.BottomSentinel.viet-phrase-city-hcmc-place-thao-dien" Other`
    t =    13.44s Find the "PhraseArticle.BottomSentinel.viet-phrase-city-hcmc-place-thao-dien" Other
    t =    13.47s Checking existence of `TabBar (First Match)`
    t =    13.47s Find the TabBar (First Match)
    t =    13.48s Find the Target Application 'app.speaklocal.vietnam.native'
    t =    13.58s Terminate app.speaklocal.vietnam.native:74603
    t =    14.63s Tear Down
Test Case '-[SpeakLocalNativeUITests.CityAppDetailV22RenderProofUITests testCaptureCityAppDetailV22RenderProofBatch]' passed (14.685 seconds).
Test Suite 'CityAppDetailV22RenderProofUITests' passed at 2026-06-01 03:47:53.108.
	 Executed 1 test, with 0 failures (0 unexpected) in 14.685 (14.686) seconds
Test Suite 'SpeakLocalNativeUITests.xctest' passed at 2026-06-01 03:47:53.109.
	 Executed 1 test, with 0 failures (0 unexpected) in 14.685 (14.688) seconds
Test Suite 'Selected tests' passed at 2026-06-01 03:47:53.110.
	 Executed 1 test, with 0 failures (0 unexpected) in 14.685 (14.689) seconds

Test session results, code coverage, and logs:
	/Users/jojolim/Library/Developer/XcodeBuildMCP/workspaces/orchestrator-309442864093/DerivedData/SpeakLocalNative-8f3e721625a0/Logs/Test/Test-SpeakLocalNative-2026.06.01_03-47-37-+0700.xcresult

** TEST EXECUTE SUCCEEDED **

Testing started

2026-06-01 03:47:38.482 xcodebuild[74433:7317823] [MT] IDELaunchParametersSnapshot: The operation couldn’t be completed. (DebuggerLLDB.DebuggerVersionStore.StoreError error 0.)
2026-06-01 03:47:38.482 xcodebuild[74433:7317823] [MT] IDELaunchParametersSnapshot: no debugger version
2026-06-01 03:47:48.488 xcodebuild[74433:7317823] [MT] IDELaunchParametersSnapshot: The operation couldn’t be completed. (DebuggerLLDB.DebuggerVersionStore.StoreError error 0.)
2026-06-01 03:47:48.488 xcodebuild[74433:7317823] [MT] IDELaunchParametersSnapshot: no debugger version
2026-06-01 03:47:53.407 xcodebuild[74433:7317823] [MT] IDETestOperationsObserverDebug: 16.169 elapsed -- Testing started completed.
2026-06-01 03:47:53.407 xcodebuild[74433:7317823] [MT] IDETestOperationsObserverDebug: 0.000 sec, +0.000 sec -- start
2026-06-01 03:47:53.407 xcodebuild[74433:7317823] [MT] IDETestOperationsObserverDebug: 16.169 sec, +16.169 sec -- end
