Command line invocation:
    /Applications/Xcode.app/Contents/Developer/usr/bin/xcodebuild test-without-building -project /Users/jojolim/Developer/products/speaklocal/app-family/.worktrees/city-listings-production-ready/native-ios/SpeakLocalNative.xcodeproj -scheme SpeakLocalNative -destination "platform=iOS Simulator,id=7C386DD3-4BF1-4A34-A918-768C43CD1258" -derivedDataPath /Users/jojolim/Library/Developer/XcodeBuildMCP/workspaces/orchestrator-309442864093/DerivedData/SpeakLocalNative-8f3e721625a0 "-only-testing:SpeakLocalNativeUITests/CityAppDetailV22RenderProofUITests/testCaptureCityAppDetailV22RenderProofBatch"

2026-06-01 06:43:47.116958+0700 SpeakLocalNativeUITests-Runner[13005:8083768] [Default] Running tests...
    t =      nans Interface orientation changed to Portrait
Test Suite 'Selected tests' started at 2026-06-01 06:43:47.485.
Test Suite 'SpeakLocalNativeUITests.xctest' started at 2026-06-01 06:43:47.485.
Test Suite 'CityAppDetailV22RenderProofUITests' started at 2026-06-01 06:43:47.485.
Test Case '-[SpeakLocalNativeUITests.CityAppDetailV22RenderProofUITests testCaptureCityAppDetailV22RenderProofBatch]' started.
    t =     0.00s Start Test at 2026-06-01 06:43:47.486
    t =     0.02s Set Up
    t =     0.02s Open app.speaklocal.vietnam.native
    t =     0.02s     Launch app.speaklocal.vietnam.native
objc[13005]: Class UIAccessibilityLoaderWebShared is implemented in both /Library/Developer/CoreSimulator/Volumes/iOS_23F77/Library/Developer/CoreSimulator/Profiles/Runtimes/iOS 26.5.simruntime/Contents/Resources/RuntimeRoot/System/Library/AccessibilityBundles/WebCore.axbundle/WebCore (0x106f8c310) and /Library/Developer/CoreSimulator/Volumes/iOS_23F77/Library/Developer/CoreSimulator/Profiles/Runtimes/iOS 26.5.simruntime/Contents/Resources/RuntimeRoot/System/Library/AccessibilityBundles/WebKit.axbundle/WebKit (0x10680c398). This may cause spurious casting failures and mysterious crashes. One of the duplicates must be removed or renamed.
    t =     1.90s         Setting up automation session
    t =     2.36s         Wait for app.speaklocal.vietnam.native to idle
    t =     3.84s Checking existence of `"Nu Eatery" StaticText`
    t =     3.99s Waiting 8.0s for "Nu Eatery" StaticText to exist
    t =     5.02s     Checking `Expect predicate `existsNoRetry == 1` for object "Nu Eatery" StaticText`
    t =     5.02s         Checking existence of `"Nu Eatery" StaticText`
    t =     5.18s Swipe up Target Application 'app.speaklocal.vietnam.native'
    t =     5.18s     Wait for app.speaklocal.vietnam.native to idle
    t =     5.18s     Find the Target Application 'app.speaklocal.vietnam.native'
    t =     5.19s     Check for interrupting elements affecting "SpeakLocal Vietnam" Application
    t =     5.21s     Synthesize event
    t =     5.63s     Wait for app.speaklocal.vietnam.native to idle
    t =     7.74s Swipe up Target Application 'app.speaklocal.vietnam.native'
    t =     7.74s     Wait for app.speaklocal.vietnam.native to idle
    t =     8.16s     Find the Target Application 'app.speaklocal.vietnam.native'
    t =     8.18s     Check for interrupting elements affecting "SpeakLocal Vietnam" Application
    t =     8.19s     Synthesize event
    t =     8.62s     Wait for app.speaklocal.vietnam.native to idle
    t =     9.30s Terminate app.speaklocal.vietnam.native:13089
    t =    10.38s Open app.speaklocal.vietnam.native
    t =    10.38s     Launch app.speaklocal.vietnam.native
    t =    10.59s         Setting up automation session
    t =    11.03s         Wait for app.speaklocal.vietnam.native to idle
    t =    12.49s Waiting 4.0s for TabBar (First Match) to exist
    t =    13.55s     Checking `Expect predicate `existsNoRetry == 1` for object TabBar (First Match)`
    t =    13.55s         Checking existence of `TabBar (First Match)`
    t =    13.61s Checking existence of `"PhraseArticle.BottomSentinel.viet-family-city-hoian-place-nu-eatery" Other`
    t =    13.69s Checking existence of `"PhraseArticle.BottomSentinel.viet-phrase-city-hoian-place-nu-eatery" Other`
    t =    13.71s Find the "PhraseArticle.BottomSentinel.viet-phrase-city-hoian-place-nu-eatery" Other
    t =    13.74s Checking existence of `TabBar (First Match)`
    t =    13.74s Find the TabBar (First Match)
    t =    13.75s Find the Target Application 'app.speaklocal.vietnam.native'
    t =    13.84s Terminate app.speaklocal.vietnam.native:13188
    t =    14.92s Tear Down
Test Case '-[SpeakLocalNativeUITests.CityAppDetailV22RenderProofUITests testCaptureCityAppDetailV22RenderProofBatch]' passed (14.987 seconds).
Test Suite 'CityAppDetailV22RenderProofUITests' passed at 2026-06-01 06:44:02.473.
	 Executed 1 test, with 0 failures (0 unexpected) in 14.987 (14.988) seconds
Test Suite 'SpeakLocalNativeUITests.xctest' passed at 2026-06-01 06:44:02.474.
	 Executed 1 test, with 0 failures (0 unexpected) in 14.987 (14.989) seconds
Test Suite 'Selected tests' passed at 2026-06-01 06:44:02.475.
	 Executed 1 test, with 0 failures (0 unexpected) in 14.987 (14.990) seconds

Test session results, code coverage, and logs:
	/Users/jojolim/Library/Developer/XcodeBuildMCP/workspaces/orchestrator-309442864093/DerivedData/SpeakLocalNative-8f3e721625a0/Logs/Test/Test-SpeakLocalNative-2026.06.01_06-43-46-+0700.xcresult

** TEST EXECUTE SUCCEEDED **

Testing started

2026-06-01 06:43:47.550 xcodebuild[13001:8083581] [MT] IDELaunchParametersSnapshot: The operation couldn’t be completed. (DebuggerLLDB.DebuggerVersionStore.StoreError error 0.)
2026-06-01 06:43:47.550 xcodebuild[13001:8083581] [MT] IDELaunchParametersSnapshot: no debugger version
2026-06-01 06:43:57.869 xcodebuild[13001:8083581] [MT] IDELaunchParametersSnapshot: The operation couldn’t be completed. (DebuggerLLDB.DebuggerVersionStore.StoreError error 0.)
2026-06-01 06:43:57.869 xcodebuild[13001:8083581] [MT] IDELaunchParametersSnapshot: no debugger version
2026-06-01 06:44:02.782 xcodebuild[13001:8083581] [MT] IDETestOperationsObserverDebug: 16.480 elapsed -- Testing started completed.
2026-06-01 06:44:02.782 xcodebuild[13001:8083581] [MT] IDETestOperationsObserverDebug: 0.000 sec, +0.000 sec -- start
2026-06-01 06:44:02.782 xcodebuild[13001:8083581] [MT] IDETestOperationsObserverDebug: 16.480 sec, +16.480 sec -- end
