Command line invocation:
    /Applications/Xcode.app/Contents/Developer/usr/bin/xcodebuild test-without-building -project /Users/jojolim/Developer/products/speaklocal/app-family/.worktrees/city-listings-production-ready/native-ios/SpeakLocalNative.xcodeproj -scheme SpeakLocalNative -destination "platform=iOS Simulator,id=7C386DD3-4BF1-4A34-A918-768C43CD1258" -derivedDataPath /Users/jojolim/Library/Developer/XcodeBuildMCP/workspaces/orchestrator-309442864093/DerivedData/SpeakLocalNative-8f3e721625a0 "-only-testing:SpeakLocalNativeUITests/CityAppDetailV22RenderProofUITests/testCaptureCityAppDetailV22RenderProofBatch"

2026-06-01 03:52:14.673615+0700 SpeakLocalNativeUITests-Runner[80736:7338870] [Default] Running tests...
    t =      nans Interface orientation changed to Portrait
Test Suite 'Selected tests' started at 2026-06-01 03:52:15.057.
Test Suite 'SpeakLocalNativeUITests.xctest' started at 2026-06-01 03:52:15.057.
Test Suite 'CityAppDetailV22RenderProofUITests' started at 2026-06-01 03:52:15.057.
Test Case '-[SpeakLocalNativeUITests.CityAppDetailV22RenderProofUITests testCaptureCityAppDetailV22RenderProofBatch]' started.
    t =     0.00s Start Test at 2026-06-01 03:52:15.058
    t =     0.02s Set Up
    t =     0.02s Open app.speaklocal.vietnam.native
    t =     0.02s     Launch app.speaklocal.vietnam.native
objc[80736]: Class UIAccessibilityLoaderWebShared is implemented in both /Library/Developer/CoreSimulator/Volumes/iOS_23F77/Library/Developer/CoreSimulator/Profiles/Runtimes/iOS 26.5.simruntime/Contents/Resources/RuntimeRoot/System/Library/AccessibilityBundles/WebCore.axbundle/WebCore (0x106a94310) and /Library/Developer/CoreSimulator/Volumes/iOS_23F77/Library/Developer/CoreSimulator/Profiles/Runtimes/iOS 26.5.simruntime/Contents/Resources/RuntimeRoot/System/Library/AccessibilityBundles/WebKit.axbundle/WebKit (0x106314398). This may cause spurious casting failures and mysterious crashes. One of the duplicates must be removed or renamed.
    t =     2.07s         Setting up automation session
    t =     2.47s         Wait for app.speaklocal.vietnam.native to idle
    t =     4.00s Checking existence of `"Nhà tù Hỏa Lò" StaticText`
    t =     4.19s Waiting 8.0s for "Nhà tù Hỏa Lò" StaticText to exist
    t =     5.22s     Checking `Expect predicate `existsNoRetry == 1` for object "Nhà tù Hỏa Lò" StaticText`
    t =     5.22s         Checking existence of `"Nhà tù Hỏa Lò" StaticText`
    t =     5.40s Swipe up Target Application 'app.speaklocal.vietnam.native'
    t =     5.40s     Wait for app.speaklocal.vietnam.native to idle
    t =     5.41s     Find the Target Application 'app.speaklocal.vietnam.native'
    t =     5.42s     Check for interrupting elements affecting "SpeakLocal Vietnam" Application
    t =     5.44s     Synthesize event
    t =     5.86s     Wait for app.speaklocal.vietnam.native to idle
    t =     7.97s Swipe up Target Application 'app.speaklocal.vietnam.native'
    t =     7.97s     Wait for app.speaklocal.vietnam.native to idle
    t =     7.97s     Find the Target Application 'app.speaklocal.vietnam.native'
    t =     8.01s     Check for interrupting elements affecting "SpeakLocal Vietnam" Application
    t =     8.03s     Synthesize event
    t =     8.45s     Wait for app.speaklocal.vietnam.native to idle
    t =     9.21s Terminate app.speaklocal.vietnam.native:80818
    t =    10.26s Open app.speaklocal.vietnam.native
    t =    10.26s     Launch app.speaklocal.vietnam.native
    t =    10.47s         Setting up automation session
    t =    10.98s         Wait for app.speaklocal.vietnam.native to idle
    t =    12.45s Waiting 4.0s for TabBar (First Match) to exist
    t =    13.48s     Checking `Expect predicate `existsNoRetry == 1` for object TabBar (First Match)`
    t =    13.49s         Checking existence of `TabBar (First Match)`
    t =    13.54s Checking existence of `"PhraseArticle.BottomSentinel.viet-family-city-hanoi-place-hoa-lo-prison" Other`
    t =    13.64s Checking existence of `"PhraseArticle.BottomSentinel.viet-phrase-city-hanoi-place-hoa-lo-prison" Other`
    t =    13.66s Find the "PhraseArticle.BottomSentinel.viet-phrase-city-hanoi-place-hoa-lo-prison" Other
    t =    13.68s Checking existence of `TabBar (First Match)`
    t =    13.69s Find the TabBar (First Match)
    t =    13.69s Find the Target Application 'app.speaklocal.vietnam.native'
    t =    13.79s Terminate app.speaklocal.vietnam.native:80904
    t =    14.84s Tear Down
Test Case '-[SpeakLocalNativeUITests.CityAppDetailV22RenderProofUITests testCaptureCityAppDetailV22RenderProofBatch]' passed (14.898 seconds).
Test Suite 'CityAppDetailV22RenderProofUITests' passed at 2026-06-01 03:52:29.956.
	 Executed 1 test, with 0 failures (0 unexpected) in 14.898 (14.899) seconds
Test Suite 'SpeakLocalNativeUITests.xctest' passed at 2026-06-01 03:52:29.957.
	 Executed 1 test, with 0 failures (0 unexpected) in 14.898 (14.899) seconds
Test Suite 'Selected tests' passed at 2026-06-01 03:52:29.957.
	 Executed 1 test, with 0 failures (0 unexpected) in 14.898 (14.900) seconds

Test session results, code coverage, and logs:
	/Users/jojolim/Library/Developer/XcodeBuildMCP/workspaces/orchestrator-309442864093/DerivedData/SpeakLocalNative-8f3e721625a0/Logs/Test/Test-SpeakLocalNative-2026.06.01_03-52-13-+0700.xcresult

** TEST EXECUTE SUCCEEDED **

Testing started

2026-06-01 03:52:15.114 xcodebuild[80729:7338687] [MT] IDELaunchParametersSnapshot: The operation couldn’t be completed. (DebuggerLLDB.DebuggerVersionStore.StoreError error 0.)
2026-06-01 03:52:15.114 xcodebuild[80729:7338687] [MT] IDELaunchParametersSnapshot: no debugger version
2026-06-01 03:52:25.318 xcodebuild[80729:7338687] [MT] IDELaunchParametersSnapshot: The operation couldn’t be completed. (DebuggerLLDB.DebuggerVersionStore.StoreError error 0.)
2026-06-01 03:52:25.318 xcodebuild[80729:7338687] [MT] IDELaunchParametersSnapshot: no debugger version
2026-06-01 03:52:30.262 xcodebuild[80729:7338687] [MT] IDETestOperationsObserverDebug: 16.375 elapsed -- Testing started completed.
2026-06-01 03:52:30.262 xcodebuild[80729:7338687] [MT] IDETestOperationsObserverDebug: 0.000 sec, +0.000 sec -- start
2026-06-01 03:52:30.262 xcodebuild[80729:7338687] [MT] IDETestOperationsObserverDebug: 16.375 sec, +16.375 sec -- end
