Command line invocation:
    /Applications/Xcode.app/Contents/Developer/usr/bin/xcodebuild test-without-building -project /Users/jojolim/Developer/products/speaklocal/app-family/.worktrees/city-listings-production-ready/native-ios/SpeakLocalNative.xcodeproj -scheme SpeakLocalNative -destination "platform=iOS Simulator,id=7C386DD3-4BF1-4A34-A918-768C43CD1258" -derivedDataPath /Users/jojolim/Library/Developer/XcodeBuildMCP/workspaces/orchestrator-309442864093/DerivedData/SpeakLocalNative-8f3e721625a0 "-only-testing:SpeakLocalNativeUITests/CityAppDetailV22RenderProofUITests/testCaptureCityAppDetailV22RenderProofBatch"

2026-06-01 04:12:13.341412+0700 SpeakLocalNativeUITests-Runner[5310:7430114] [Default] Running tests...
    t =      nans Interface orientation changed to Portrait
Test Suite 'Selected tests' started at 2026-06-01 04:12:13.716.
Test Suite 'SpeakLocalNativeUITests.xctest' started at 2026-06-01 04:12:13.716.
Test Suite 'CityAppDetailV22RenderProofUITests' started at 2026-06-01 04:12:13.717.
Test Case '-[SpeakLocalNativeUITests.CityAppDetailV22RenderProofUITests testCaptureCityAppDetailV22RenderProofBatch]' started.
    t =     0.00s Start Test at 2026-06-01 04:12:13.717
    t =     0.02s Set Up
    t =     0.02s Open app.speaklocal.vietnam.native
    t =     0.02s     Launch app.speaklocal.vietnam.native
objc[5310]: Class UIAccessibilityLoaderWebShared is implemented in both /Library/Developer/CoreSimulator/Volumes/iOS_23F77/Library/Developer/CoreSimulator/Profiles/Runtimes/iOS 26.5.simruntime/Contents/Resources/RuntimeRoot/System/Library/AccessibilityBundles/WebCore.axbundle/WebCore (0x10a4c4310) and /Library/Developer/CoreSimulator/Volumes/iOS_23F77/Library/Developer/CoreSimulator/Profiles/Runtimes/iOS 26.5.simruntime/Contents/Resources/RuntimeRoot/System/Library/AccessibilityBundles/WebKit.axbundle/WebKit (0x109bf8398). This may cause spurious casting failures and mysterious crashes. One of the duplicates must be removed or renamed.
    t =     1.91s         Setting up automation session
    t =     2.41s         Wait for app.speaklocal.vietnam.native to idle
    t =     3.91s Checking existence of `"Chùa Báo Quốc" StaticText`
    t =     4.03s Waiting 8.0s for "Chùa Báo Quốc" StaticText to exist
    t =     5.10s     Checking `Expect predicate `existsNoRetry == 1` for object "Chùa Báo Quốc" StaticText`
    t =     5.10s         Checking existence of `"Chùa Báo Quốc" StaticText`
    t =     5.26s Swipe up Target Application 'app.speaklocal.vietnam.native'
    t =     5.26s     Wait for app.speaklocal.vietnam.native to idle
    t =     5.26s     Find the Target Application 'app.speaklocal.vietnam.native'
    t =     5.28s     Check for interrupting elements affecting "SpeakLocal Vietnam" Application
    t =     5.30s     Synthesize event
    t =     5.72s     Wait for app.speaklocal.vietnam.native to idle
    t =     7.82s Swipe up Target Application 'app.speaklocal.vietnam.native'
    t =     7.82s     Wait for app.speaklocal.vietnam.native to idle
    t =     7.82s     Find the Target Application 'app.speaklocal.vietnam.native'
    t =     7.85s     Check for interrupting elements affecting "SpeakLocal Vietnam" Application
    t =     7.89s     Synthesize event
    t =     8.31s     Wait for app.speaklocal.vietnam.native to idle
    t =     9.07s Terminate app.speaklocal.vietnam.native:5389
    t =    10.17s Open app.speaklocal.vietnam.native
    t =    10.17s     Launch app.speaklocal.vietnam.native
    t =    10.38s         Setting up automation session
    t =    10.89s         Wait for app.speaklocal.vietnam.native to idle
    t =    12.40s Waiting 4.0s for TabBar (First Match) to exist
    t =    13.48s     Checking `Expect predicate `existsNoRetry == 1` for object TabBar (First Match)`
    t =    13.48s         Checking existence of `TabBar (First Match)`
    t =    13.54s Checking existence of `"PhraseArticle.BottomSentinel.viet-family-city-hue-place-bao-quoc-pagoda" Other`
    t =    13.62s Checking existence of `"PhraseArticle.BottomSentinel.viet-phrase-city-hue-place-bao-quoc-pagoda" Other`
    t =    13.64s Find the "PhraseArticle.BottomSentinel.viet-phrase-city-hue-place-bao-quoc-pagoda" Other
    t =    13.66s Checking existence of `TabBar (First Match)`
    t =    13.67s Find the TabBar (First Match)
    t =    13.67s Find the Target Application 'app.speaklocal.vietnam.native'
    t =    13.76s Terminate app.speaklocal.vietnam.native:5480
    t =    14.86s Tear Down
Test Case '-[SpeakLocalNativeUITests.CityAppDetailV22RenderProofUITests testCaptureCityAppDetailV22RenderProofBatch]' passed (14.944 seconds).
Test Suite 'CityAppDetailV22RenderProofUITests' passed at 2026-06-01 04:12:28.661.
	 Executed 1 test, with 0 failures (0 unexpected) in 14.944 (14.944) seconds
Test Suite 'SpeakLocalNativeUITests.xctest' passed at 2026-06-01 04:12:28.661.
	 Executed 1 test, with 0 failures (0 unexpected) in 14.944 (14.945) seconds
Test Suite 'Selected tests' passed at 2026-06-01 04:12:28.662.
	 Executed 1 test, with 0 failures (0 unexpected) in 14.944 (14.946) seconds

Test session results, code coverage, and logs:
	/Users/jojolim/Library/Developer/XcodeBuildMCP/workspaces/orchestrator-309442864093/DerivedData/SpeakLocalNative-8f3e721625a0/Logs/Test/Test-SpeakLocalNative-2026.06.01_04-12-12-+0700.xcresult

** TEST EXECUTE SUCCEEDED **

Testing started

2026-06-01 04:12:13.782 xcodebuild[5304:7429947] [MT] IDELaunchParametersSnapshot: The operation couldn’t be completed. (DebuggerLLDB.DebuggerVersionStore.StoreError error 0.)
2026-06-01 04:12:13.782 xcodebuild[5304:7429947] [MT] IDELaunchParametersSnapshot: no debugger version
2026-06-01 04:12:23.886 xcodebuild[5304:7429947] [MT] IDELaunchParametersSnapshot: The operation couldn’t be completed. (DebuggerLLDB.DebuggerVersionStore.StoreError error 0.)
2026-06-01 04:12:23.886 xcodebuild[5304:7429947] [MT] IDELaunchParametersSnapshot: no debugger version
2026-06-01 04:12:28.970 xcodebuild[5304:7429947] [MT] IDETestOperationsObserverDebug: 16.453 elapsed -- Testing started completed.
2026-06-01 04:12:28.970 xcodebuild[5304:7429947] [MT] IDETestOperationsObserverDebug: 0.000 sec, +0.000 sec -- start
2026-06-01 04:12:28.970 xcodebuild[5304:7429947] [MT] IDETestOperationsObserverDebug: 16.453 sec, +16.453 sec -- end
