Command line invocation:
    /Applications/Xcode.app/Contents/Developer/usr/bin/xcodebuild test-without-building -project /Users/jojolim/Developer/products/speaklocal/app-family/.worktrees/city-listings-production-ready/native-ios/SpeakLocalNative.xcodeproj -scheme SpeakLocalNative -destination "platform=iOS Simulator,id=7C386DD3-4BF1-4A34-A918-768C43CD1258" -derivedDataPath /Users/jojolim/Library/Developer/XcodeBuildMCP/workspaces/orchestrator-309442864093/DerivedData/SpeakLocalNative-8f3e721625a0 "-only-testing:SpeakLocalNativeUITests/CityAppDetailV22RenderProofUITests/testCaptureCityAppDetailV22RenderProofBatch"

2026-06-01 03:51:40.600295+0700 SpeakLocalNativeUITests-Runner[80149:7336246] [Default] Running tests...
    t =      nans Interface orientation changed to Portrait
Test Suite 'Selected tests' started at 2026-06-01 03:51:40.971.
Test Suite 'SpeakLocalNativeUITests.xctest' started at 2026-06-01 03:51:40.971.
Test Suite 'CityAppDetailV22RenderProofUITests' started at 2026-06-01 03:51:40.971.
Test Case '-[SpeakLocalNativeUITests.CityAppDetailV22RenderProofUITests testCaptureCityAppDetailV22RenderProofBatch]' started.
    t =     0.00s Start Test at 2026-06-01 03:51:40.972
    t =     0.02s Set Up
    t =     0.02s Open app.speaklocal.vietnam.native
    t =     0.02s     Launch app.speaklocal.vietnam.native
objc[80149]: Class UIAccessibilityLoaderWebShared is implemented in both /Library/Developer/CoreSimulator/Volumes/iOS_23F77/Library/Developer/CoreSimulator/Profiles/Runtimes/iOS 26.5.simruntime/Contents/Resources/RuntimeRoot/System/Library/AccessibilityBundles/WebCore.axbundle/WebCore (0x10a3c0310) and /Library/Developer/CoreSimulator/Volumes/iOS_23F77/Library/Developer/CoreSimulator/Profiles/Runtimes/iOS 26.5.simruntime/Contents/Resources/RuntimeRoot/System/Library/AccessibilityBundles/WebKit.axbundle/WebKit (0x10a200398). This may cause spurious casting failures and mysterious crashes. One of the duplicates must be removed or renamed.
    t =     1.88s         Setting up automation session
    t =     2.31s         Wait for app.speaklocal.vietnam.native to idle
    t =     3.81s Checking existence of `"Chợ Hàng Da" StaticText`
    t =     3.97s Waiting 8.0s for "Chợ Hàng Da" StaticText to exist
    t =     5.01s     Checking `Expect predicate `existsNoRetry == 1` for object "Chợ Hàng Da" StaticText`
    t =     5.01s         Checking existence of `"Chợ Hàng Da" StaticText`
    t =     5.14s Swipe up Target Application 'app.speaklocal.vietnam.native'
    t =     5.14s     Wait for app.speaklocal.vietnam.native to idle
    t =     5.14s     Find the Target Application 'app.speaklocal.vietnam.native'
    t =     5.16s     Check for interrupting elements affecting "SpeakLocal Vietnam" Application
    t =     5.17s     Synthesize event
    t =     5.59s     Wait for app.speaklocal.vietnam.native to idle
    t =     7.69s Swipe up Target Application 'app.speaklocal.vietnam.native'
    t =     7.69s     Wait for app.speaklocal.vietnam.native to idle
    t =     7.70s     Find the Target Application 'app.speaklocal.vietnam.native'
    t =     7.73s     Check for interrupting elements affecting "SpeakLocal Vietnam" Application
    t =     7.75s     Synthesize event
    t =     8.17s     Wait for app.speaklocal.vietnam.native to idle
    t =     8.76s Terminate app.speaklocal.vietnam.native:80227
    t =     9.81s Open app.speaklocal.vietnam.native
    t =     9.81s     Launch app.speaklocal.vietnam.native
    t =    10.02s         Setting up automation session
    t =    10.53s         Wait for app.speaklocal.vietnam.native to idle
    t =    12.01s Waiting 4.0s for TabBar (First Match) to exist
    t =    13.04s     Checking `Expect predicate `existsNoRetry == 1` for object TabBar (First Match)`
    t =    13.04s         Checking existence of `TabBar (First Match)`
    t =    13.09s Checking existence of `"PhraseArticle.BottomSentinel.viet-family-city-hanoi-place-hang-da-market" Other`
    t =    13.18s Checking existence of `"PhraseArticle.BottomSentinel.viet-phrase-city-hanoi-place-hang-da-market" Other`
    t =    13.20s Find the "PhraseArticle.BottomSentinel.viet-phrase-city-hanoi-place-hang-da-market" Other
    t =    13.23s Checking existence of `TabBar (First Match)`
    t =    13.23s Find the TabBar (First Match)
    t =    13.24s Find the Target Application 'app.speaklocal.vietnam.native'
    t =    13.33s Terminate app.speaklocal.vietnam.native:80318
    t =    14.38s Tear Down
Test Case '-[SpeakLocalNativeUITests.CityAppDetailV22RenderProofUITests testCaptureCityAppDetailV22RenderProofBatch]' passed (14.458 seconds).
Test Suite 'CityAppDetailV22RenderProofUITests' passed at 2026-06-01 03:51:55.430.
	 Executed 1 test, with 0 failures (0 unexpected) in 14.458 (14.459) seconds
Test Suite 'SpeakLocalNativeUITests.xctest' passed at 2026-06-01 03:51:55.431.
	 Executed 1 test, with 0 failures (0 unexpected) in 14.458 (14.460) seconds
Test Suite 'Selected tests' passed at 2026-06-01 03:51:55.432.
	 Executed 1 test, with 0 failures (0 unexpected) in 14.458 (14.461) seconds

Test session results, code coverage, and logs:
	/Users/jojolim/Library/Developer/XcodeBuildMCP/workspaces/orchestrator-309442864093/DerivedData/SpeakLocalNative-8f3e721625a0/Logs/Test/Test-SpeakLocalNative-2026.06.01_03-51-39-+0700.xcresult

** TEST EXECUTE SUCCEEDED **

Testing started

2026-06-01 03:51:41.031 xcodebuild[80144:7336073] [MT] IDELaunchParametersSnapshot: The operation couldn’t be completed. (DebuggerLLDB.DebuggerVersionStore.StoreError error 0.)
2026-06-01 03:51:41.031 xcodebuild[80144:7336073] [MT] IDELaunchParametersSnapshot: no debugger version
2026-06-01 03:51:50.783 xcodebuild[80144:7336073] [MT] IDELaunchParametersSnapshot: The operation couldn’t be completed. (DebuggerLLDB.DebuggerVersionStore.StoreError error 0.)
2026-06-01 03:51:50.783 xcodebuild[80144:7336073] [MT] IDELaunchParametersSnapshot: no debugger version
2026-06-01 03:51:55.737 xcodebuild[80144:7336073] [MT] IDETestOperationsObserverDebug: 15.948 elapsed -- Testing started completed.
2026-06-01 03:51:55.737 xcodebuild[80144:7336073] [MT] IDETestOperationsObserverDebug: 0.000 sec, +0.000 sec -- start
2026-06-01 03:51:55.737 xcodebuild[80144:7336073] [MT] IDETestOperationsObserverDebug: 15.948 sec, +15.948 sec -- end
