Command line invocation:
    /Applications/Xcode.app/Contents/Developer/usr/bin/xcodebuild test-without-building -project /Users/jojolim/Developer/products/speaklocal/app-family/.worktrees/city-listings-production-ready/native-ios/SpeakLocalNative.xcodeproj -scheme SpeakLocalNative -destination "platform=iOS Simulator,id=7C386DD3-4BF1-4A34-A918-768C43CD1258" -derivedDataPath /Users/jojolim/Library/Developer/XcodeBuildMCP/workspaces/orchestrator-309442864093/DerivedData/SpeakLocalNative-8f3e721625a0 "-only-testing:SpeakLocalNativeUITests/CityAppDetailV22RenderProofUITests/testCaptureCityAppDetailV22RenderProofBatch"

2026-06-01 09:12:40.940365+0700 SpeakLocalNativeUITests-Runner[65933:8654839] [Default] Running tests...
    t =      nans Interface orientation changed to Portrait
Test Suite 'Selected tests' started at 2026-06-01 09:12:41.310.
Test Suite 'SpeakLocalNativeUITests.xctest' started at 2026-06-01 09:12:41.310.
Test Suite 'CityAppDetailV22RenderProofUITests' started at 2026-06-01 09:12:41.310.
Test Case '-[SpeakLocalNativeUITests.CityAppDetailV22RenderProofUITests testCaptureCityAppDetailV22RenderProofBatch]' started.
    t =     0.00s Start Test at 2026-06-01 09:12:41.311
    t =     0.02s Set Up
    t =     0.02s Open app.speaklocal.vietnam.native
    t =     0.02s     Launch app.speaklocal.vietnam.native
objc[65933]: Class UIAccessibilityLoaderWebShared is implemented in both /Library/Developer/CoreSimulator/Volumes/iOS_23F77/Library/Developer/CoreSimulator/Profiles/Runtimes/iOS 26.5.simruntime/Contents/Resources/RuntimeRoot/System/Library/AccessibilityBundles/WebCore.axbundle/WebCore (0x107b8c310) and /Library/Developer/CoreSimulator/Volumes/iOS_23F77/Library/Developer/CoreSimulator/Profiles/Runtimes/iOS 26.5.simruntime/Contents/Resources/RuntimeRoot/System/Library/AccessibilityBundles/WebKit.axbundle/WebKit (0x1078c8398). This may cause spurious casting failures and mysterious crashes. One of the duplicates must be removed or renamed.
    t =     1.89s         Setting up automation session
    t =     2.35s         Wait for app.speaklocal.vietnam.native to idle
    t =     3.80s Checking existence of `"Nhà hàng nổi Sông Hương" StaticText`
    t =     3.92s Waiting 8.0s for "Nhà hàng nổi Sông Hương" StaticText to exist
    t =     4.96s     Checking `Expect predicate `existsNoRetry == 1` for object "Nhà hàng nổi Sông Hương" StaticText`
    t =     4.96s         Checking existence of `"Nhà hàng nổi Sông Hương" StaticText`
    t =     5.11s Swipe up Target Application 'app.speaklocal.vietnam.native'
    t =     5.11s     Wait for app.speaklocal.vietnam.native to idle
    t =     5.11s     Find the Target Application 'app.speaklocal.vietnam.native'
    t =     5.12s     Check for interrupting elements affecting "SpeakLocal Vietnam" Application
    t =     5.14s     Synthesize event
    t =     5.56s     Wait for app.speaklocal.vietnam.native to idle
    t =     7.71s Swipe up Target Application 'app.speaklocal.vietnam.native'
    t =     7.71s     Wait for app.speaklocal.vietnam.native to idle
    t =     7.72s     Find the Target Application 'app.speaklocal.vietnam.native'
    t =     7.74s     Check for interrupting elements affecting "SpeakLocal Vietnam" Application
    t =     7.76s     Synthesize event
    t =     8.20s     Wait for app.speaklocal.vietnam.native to idle
    t =     9.12s Terminate app.speaklocal.vietnam.native:65941
    t =    10.18s Open app.speaklocal.vietnam.native
    t =    10.18s     Launch app.speaklocal.vietnam.native
    t =    10.40s         Setting up automation session
    t =    10.88s         Wait for app.speaklocal.vietnam.native to idle
    t =    12.32s Waiting 4.0s for TabBar (First Match) to exist
    t =    13.36s     Checking `Expect predicate `existsNoRetry == 1` for object TabBar (First Match)`
    t =    13.36s         Checking existence of `TabBar (First Match)`
    t =    13.41s Checking existence of `"PhraseArticle.BottomSentinel.viet-family-city-hue-place-song-huong-floating-restaurant" Other`
    t =    13.49s Checking existence of `"PhraseArticle.BottomSentinel.viet-phrase-city-hue-place-song-huong-floating-restaurant" Other`
    t =    13.51s Find the "PhraseArticle.BottomSentinel.viet-phrase-city-hue-place-song-huong-floating-restaurant" Other
    t =    13.53s Checking existence of `TabBar (First Match)`
    t =    13.53s Find the TabBar (First Match)
    t =    13.54s Find the Target Application 'app.speaklocal.vietnam.native'
    t =    13.63s Terminate app.speaklocal.vietnam.native:65959
    t =    14.66s Tear Down
Test Case '-[SpeakLocalNativeUITests.CityAppDetailV22RenderProofUITests testCaptureCityAppDetailV22RenderProofBatch]' passed (14.721 seconds).
Test Suite 'CityAppDetailV22RenderProofUITests' passed at 2026-06-01 09:12:56.033.
	 Executed 1 test, with 0 failures (0 unexpected) in 14.721 (14.723) seconds
Test Suite 'SpeakLocalNativeUITests.xctest' passed at 2026-06-01 09:12:56.034.
	 Executed 1 test, with 0 failures (0 unexpected) in 14.721 (14.724) seconds
Test Suite 'Selected tests' passed at 2026-06-01 09:12:56.035.
	 Executed 1 test, with 0 failures (0 unexpected) in 14.721 (14.725) seconds

Test session results, code coverage, and logs:
	/Users/jojolim/Library/Developer/XcodeBuildMCP/workspaces/orchestrator-309442864093/DerivedData/SpeakLocalNative-8f3e721625a0/Logs/Test/Test-SpeakLocalNative-2026.06.01_09-12-39-+0700.xcresult

** TEST EXECUTE SUCCEEDED **

Testing started

2026-06-01 09:12:41.371 xcodebuild[65930:8654671] [MT] IDELaunchParametersSnapshot: The operation couldn’t be completed. (DebuggerLLDB.DebuggerVersionStore.StoreError error 0.)
2026-06-01 09:12:41.371 xcodebuild[65930:8654671] [MT] IDELaunchParametersSnapshot: no debugger version
2026-06-01 09:12:51.496 xcodebuild[65930:8654671] [MT] IDELaunchParametersSnapshot: The operation couldn’t be completed. (DebuggerLLDB.DebuggerVersionStore.StoreError error 0.)
2026-06-01 09:12:51.496 xcodebuild[65930:8654671] [MT] IDELaunchParametersSnapshot: no debugger version
2026-06-01 09:12:56.335 xcodebuild[65930:8654671] [MT] IDETestOperationsObserverDebug: 16.235 elapsed -- Testing started completed.
2026-06-01 09:12:56.335 xcodebuild[65930:8654671] [MT] IDETestOperationsObserverDebug: 0.000 sec, +0.000 sec -- start
2026-06-01 09:12:56.335 xcodebuild[65930:8654671] [MT] IDETestOperationsObserverDebug: 16.235 sec, +16.235 sec -- end
