Command line invocation:
    /Applications/Xcode.app/Contents/Developer/usr/bin/xcodebuild test-without-building -project /Users/jojolim/Developer/products/speaklocal/app-family/.worktrees/city-listings-production-ready/native-ios/SpeakLocalNative.xcodeproj -scheme SpeakLocalNative -destination "platform=iOS Simulator,id=7C386DD3-4BF1-4A34-A918-768C43CD1258" -derivedDataPath /Users/jojolim/Library/Developer/XcodeBuildMCP/workspaces/orchestrator-309442864093/DerivedData/SpeakLocalNative-8f3e721625a0 "-only-testing:SpeakLocalNativeUITests/CityAppDetailV22RenderProofUITests/testCaptureCityAppDetailV22RenderProofBatch"

2026-06-01 08:30:29.693947+0700 SpeakLocalNativeUITests-Runner[35417:8522912] [Default] Running tests...
    t =      nans Interface orientation changed to Portrait
Test Suite 'Selected tests' started at 2026-06-01 08:30:30.070.
Test Suite 'SpeakLocalNativeUITests.xctest' started at 2026-06-01 08:30:30.070.
Test Suite 'CityAppDetailV22RenderProofUITests' started at 2026-06-01 08:30:30.070.
Test Case '-[SpeakLocalNativeUITests.CityAppDetailV22RenderProofUITests testCaptureCityAppDetailV22RenderProofBatch]' started.
    t =     0.00s Start Test at 2026-06-01 08:30:30.070
    t =     0.02s Set Up
    t =     0.02s Open app.speaklocal.vietnam.native
    t =     0.02s     Launch app.speaklocal.vietnam.native
objc[35417]: Class UIAccessibilityLoaderWebShared is implemented in both /Library/Developer/CoreSimulator/Volumes/iOS_23F77/Library/Developer/CoreSimulator/Profiles/Runtimes/iOS 26.5.simruntime/Contents/Resources/RuntimeRoot/System/Library/AccessibilityBundles/WebCore.axbundle/WebCore (0x108e44310) and /Library/Developer/CoreSimulator/Volumes/iOS_23F77/Library/Developer/CoreSimulator/Profiles/Runtimes/iOS 26.5.simruntime/Contents/Resources/RuntimeRoot/System/Library/AccessibilityBundles/WebKit.axbundle/WebKit (0x1082e0398). This may cause spurious casting failures and mysterious crashes. One of the duplicates must be removed or renamed.
    t =     1.90s         Setting up automation session
    t =     2.34s         Wait for app.speaklocal.vietnam.native to idle
    t =     3.82s Checking existence of `"Phin Coffee" StaticText`
    t =     3.96s Waiting 8.0s for "Phin Coffee" StaticText to exist
    t =     5.00s     Checking `Expect predicate `existsNoRetry == 1` for object "Phin Coffee" StaticText`
    t =     5.00s         Checking existence of `"Phin Coffee" StaticText`
    t =     5.17s Swipe up Target Application 'app.speaklocal.vietnam.native'
    t =     5.17s     Wait for app.speaklocal.vietnam.native to idle
    t =     5.17s     Find the Target Application 'app.speaklocal.vietnam.native'
    t =     5.18s     Check for interrupting elements affecting "SpeakLocal Vietnam" Application
    t =     5.20s     Synthesize event
    t =     5.63s     Wait for app.speaklocal.vietnam.native to idle
    t =     7.75s Swipe up Target Application 'app.speaklocal.vietnam.native'
    t =     7.75s     Wait for app.speaklocal.vietnam.native to idle
    t =     7.75s     Find the Target Application 'app.speaklocal.vietnam.native'
    t =     7.77s     Check for interrupting elements affecting "SpeakLocal Vietnam" Application
    t =     7.79s     Synthesize event
    t =     8.32s     Wait for app.speaklocal.vietnam.native to idle
    t =     8.96s Terminate app.speaklocal.vietnam.native:35430
    t =    10.01s Open app.speaklocal.vietnam.native
    t =    10.01s     Launch app.speaklocal.vietnam.native
    t =    10.23s         Setting up automation session
    t =    10.68s         Wait for app.speaklocal.vietnam.native to idle
    t =    12.13s Waiting 4.0s for TabBar (First Match) to exist
    t =    13.20s     Checking `Expect predicate `existsNoRetry == 1` for object TabBar (First Match)`
    t =    13.20s         Checking existence of `TabBar (First Match)`
    t =    13.25s Checking existence of `"PhraseArticle.BottomSentinel.viet-family-city-hoian-place-phin-coffee" Other`
    t =    13.33s Checking existence of `"PhraseArticle.BottomSentinel.viet-phrase-city-hoian-place-phin-coffee" Other`
    t =    13.35s Find the "PhraseArticle.BottomSentinel.viet-phrase-city-hoian-place-phin-coffee" Other
    t =    13.37s Checking existence of `TabBar (First Match)`
    t =    13.38s Find the TabBar (First Match)
    t =    13.39s Find the Target Application 'app.speaklocal.vietnam.native'
    t =    13.48s Terminate app.speaklocal.vietnam.native:35444
    t =    14.53s Tear Down
Test Case '-[SpeakLocalNativeUITests.CityAppDetailV22RenderProofUITests testCaptureCityAppDetailV22RenderProofBatch]' passed (14.608 seconds).
Test Suite 'CityAppDetailV22RenderProofUITests' passed at 2026-06-01 08:30:44.680.
	 Executed 1 test, with 0 failures (0 unexpected) in 14.608 (14.610) seconds
Test Suite 'SpeakLocalNativeUITests.xctest' passed at 2026-06-01 08:30:44.681.
	 Executed 1 test, with 0 failures (0 unexpected) in 14.608 (14.611) seconds
Test Suite 'Selected tests' passed at 2026-06-01 08:30:44.682.
	 Executed 1 test, with 0 failures (0 unexpected) in 14.608 (14.612) seconds

Test session results, code coverage, and logs:
	/Users/jojolim/Library/Developer/XcodeBuildMCP/workspaces/orchestrator-309442864093/DerivedData/SpeakLocalNative-8f3e721625a0/Logs/Test/Test-SpeakLocalNative-2026.06.01_08-30-28-+0700.xcresult

** TEST EXECUTE SUCCEEDED **

Testing started

2026-06-01 08:30:30.129 xcodebuild[35407:8522703] [MT] IDELaunchParametersSnapshot: The operation couldn’t be completed. (DebuggerLLDB.DebuggerVersionStore.StoreError error 0.)
2026-06-01 08:30:30.129 xcodebuild[35407:8522703] [MT] IDELaunchParametersSnapshot: no debugger version
2026-06-01 08:30:40.086 xcodebuild[35407:8522703] [MT] IDELaunchParametersSnapshot: The operation couldn’t be completed. (DebuggerLLDB.DebuggerVersionStore.StoreError error 0.)
2026-06-01 08:30:40.086 xcodebuild[35407:8522703] [MT] IDELaunchParametersSnapshot: no debugger version
2026-06-01 08:30:44.978 xcodebuild[35407:8522703] [MT] IDETestOperationsObserverDebug: 16.120 elapsed -- Testing started completed.
2026-06-01 08:30:44.979 xcodebuild[35407:8522703] [MT] IDETestOperationsObserverDebug: 0.000 sec, +0.000 sec -- start
2026-06-01 08:30:44.979 xcodebuild[35407:8522703] [MT] IDETestOperationsObserverDebug: 16.120 sec, +16.120 sec -- end
