Command line invocation:
    /Applications/Xcode.app/Contents/Developer/usr/bin/xcodebuild test-without-building -project /Users/jojolim/Developer/products/speaklocal/app-family/.worktrees/city-listings-production-ready/native-ios/SpeakLocalNative.xcodeproj -scheme SpeakLocalNative -destination "platform=iOS Simulator,id=7C386DD3-4BF1-4A34-A918-768C43CD1258" -derivedDataPath /Users/jojolim/Library/Developer/XcodeBuildMCP/workspaces/orchestrator-309442864093/DerivedData/SpeakLocalNative-8f3e721625a0 "-only-testing:SpeakLocalNativeUITests/CityAppDetailV22RenderProofUITests/testCaptureCityAppDetailV22RenderProofBatch"

2026-06-01 07:34:47.731102+0700 SpeakLocalNativeUITests-Runner[69603:8300297] [Default] Running tests...
    t =      nans Interface orientation changed to Portrait
Test Suite 'Selected tests' started at 2026-06-01 07:34:48.098.
Test Suite 'SpeakLocalNativeUITests.xctest' started at 2026-06-01 07:34:48.098.
Test Suite 'CityAppDetailV22RenderProofUITests' started at 2026-06-01 07:34:48.098.
Test Case '-[SpeakLocalNativeUITests.CityAppDetailV22RenderProofUITests testCaptureCityAppDetailV22RenderProofBatch]' started.
    t =     0.00s Start Test at 2026-06-01 07:34:48.098
    t =     0.02s Set Up
    t =     0.02s Open app.speaklocal.vietnam.native
    t =     0.02s     Launch app.speaklocal.vietnam.native
objc[69603]: Class UIAccessibilityLoaderWebShared is implemented in both /Library/Developer/CoreSimulator/Volumes/iOS_23F77/Library/Developer/CoreSimulator/Profiles/Runtimes/iOS 26.5.simruntime/Contents/Resources/RuntimeRoot/System/Library/AccessibilityBundles/WebCore.axbundle/WebCore (0x109bbc310) and /Library/Developer/CoreSimulator/Volumes/iOS_23F77/Library/Developer/CoreSimulator/Profiles/Runtimes/iOS 26.5.simruntime/Contents/Resources/RuntimeRoot/System/Library/AccessibilityBundles/WebKit.axbundle/WebKit (0x109b3c398). This may cause spurious casting failures and mysterious crashes. One of the duplicates must be removed or renamed.
    t =     1.89s         Setting up automation session
    t =     2.36s         Wait for app.speaklocal.vietnam.native to idle
    t =     3.83s Checking existence of `"Bảo tàng Lịch sử Quân sự Việt Nam" StaticText`
    t =     3.98s Waiting 8.0s for "Bảo tàng Lịch sử Quân sự Việt Nam" StaticText to exist
    t =     5.03s     Checking `Expect predicate `existsNoRetry == 1` for object "Bảo tàng Lịch sử Quân sự Việt Nam" StaticText`
    t =     5.03s         Checking existence of `"Bảo tàng Lịch sử Quân sự Việt Nam" StaticText`
    t =     5.19s Swipe up Target Application 'app.speaklocal.vietnam.native'
    t =     5.19s     Wait for app.speaklocal.vietnam.native to idle
    t =     5.19s     Find the Target Application 'app.speaklocal.vietnam.native'
    t =     5.20s     Check for interrupting elements affecting "SpeakLocal Vietnam" Application
    t =     5.22s     Synthesize event
    t =     5.65s     Wait for app.speaklocal.vietnam.native to idle
    t =     7.75s Swipe up Target Application 'app.speaklocal.vietnam.native'
    t =     7.75s     Wait for app.speaklocal.vietnam.native to idle
    t =     8.38s     Find the Target Application 'app.speaklocal.vietnam.native'
    t =     8.41s     Check for interrupting elements affecting "SpeakLocal Vietnam" Application
    t =     8.44s     Synthesize event
    t =     8.86s     Wait for app.speaklocal.vietnam.native to idle
    t =     9.60s Terminate app.speaklocal.vietnam.native:69680
    t =    10.68s Open app.speaklocal.vietnam.native
    t =    10.68s     Launch app.speaklocal.vietnam.native
    t =    10.90s         Setting up automation session
    t =    11.37s         Wait for app.speaklocal.vietnam.native to idle
    t =    12.81s Waiting 4.0s for TabBar (First Match) to exist
    t =    13.86s     Checking `Expect predicate `existsNoRetry == 1` for object TabBar (First Match)`
    t =    13.86s         Checking existence of `TabBar (First Match)`
    t =    13.92s Checking existence of `"PhraseArticle.BottomSentinel.viet-family-city-hanoi-place-vietnam-military-history-museum" Other`
    t =    14.00s Checking existence of `"PhraseArticle.BottomSentinel.viet-phrase-city-hanoi-place-vietnam-military-history-museum" Other`
    t =    14.02s Find the "PhraseArticle.BottomSentinel.viet-phrase-city-hanoi-place-vietnam-military-history-museum" Other
    t =    14.04s Checking existence of `TabBar (First Match)`
    t =    14.05s Find the TabBar (First Match)
    t =    14.06s Find the Target Application 'app.speaklocal.vietnam.native'
    t =    14.15s Terminate app.speaklocal.vietnam.native:69771
    t =    15.22s Tear Down
Test Case '-[SpeakLocalNativeUITests.CityAppDetailV22RenderProofUITests testCaptureCityAppDetailV22RenderProofBatch]' passed (15.306 seconds).
Test Suite 'CityAppDetailV22RenderProofUITests' passed at 2026-06-01 07:35:03.406.
	 Executed 1 test, with 0 failures (0 unexpected) in 15.306 (15.308) seconds
Test Suite 'SpeakLocalNativeUITests.xctest' passed at 2026-06-01 07:35:03.407.
	 Executed 1 test, with 0 failures (0 unexpected) in 15.306 (15.309) seconds
Test Suite 'Selected tests' passed at 2026-06-01 07:35:03.408.
	 Executed 1 test, with 0 failures (0 unexpected) in 15.306 (15.310) seconds

Test session results, code coverage, and logs:
	/Users/jojolim/Library/Developer/XcodeBuildMCP/workspaces/orchestrator-309442864093/DerivedData/SpeakLocalNative-8f3e721625a0/Logs/Test/Test-SpeakLocalNative-2026.06.01_07-34-46-+0700.xcresult

** TEST EXECUTE SUCCEEDED **

Testing started

2026-06-01 07:34:48.161 xcodebuild[69596:8300124] [MT] IDELaunchParametersSnapshot: The operation couldn’t be completed. (DebuggerLLDB.DebuggerVersionStore.StoreError error 0.)
2026-06-01 07:34:48.161 xcodebuild[69596:8300124] [MT] IDELaunchParametersSnapshot: no debugger version
2026-06-01 07:34:58.782 xcodebuild[69596:8300124] [MT] IDELaunchParametersSnapshot: The operation couldn’t be completed. (DebuggerLLDB.DebuggerVersionStore.StoreError error 0.)
2026-06-01 07:34:58.782 xcodebuild[69596:8300124] [MT] IDELaunchParametersSnapshot: no debugger version
2026-06-01 07:35:03.707 xcodebuild[69596:8300124] [MT] IDETestOperationsObserverDebug: 16.812 elapsed -- Testing started completed.
2026-06-01 07:35:03.707 xcodebuild[69596:8300124] [MT] IDETestOperationsObserverDebug: 0.000 sec, +0.000 sec -- start
2026-06-01 07:35:03.707 xcodebuild[69596:8300124] [MT] IDETestOperationsObserverDebug: 16.812 sec, +16.812 sec -- end
