Command line invocation:
    /Applications/Xcode.app/Contents/Developer/usr/bin/xcodebuild test-without-building -project /Users/jojolim/Developer/products/speaklocal/app-family/.worktrees/city-listings-production-ready/native-ios/SpeakLocalNative.xcodeproj -scheme SpeakLocalNative -destination "platform=iOS Simulator,id=7C386DD3-4BF1-4A34-A918-768C43CD1258" -derivedDataPath /Users/jojolim/Library/Developer/XcodeBuildMCP/workspaces/orchestrator-309442864093/DerivedData/SpeakLocalNative-8f3e721625a0 "-only-testing:SpeakLocalNativeUITests/CityAppDetailV22RenderProofUITests/testCaptureCityAppDetailV22RenderProofBatch"

2026-06-01 08:03:50.985337+0700 SpeakLocalNativeUITests-Runner[7126:8417493] [Default] Running tests...
    t =      nans Interface orientation changed to Portrait
Test Suite 'Selected tests' started at 2026-06-01 08:03:51.355.
Test Suite 'SpeakLocalNativeUITests.xctest' started at 2026-06-01 08:03:51.355.
Test Suite 'CityAppDetailV22RenderProofUITests' started at 2026-06-01 08:03:51.355.
Test Case '-[SpeakLocalNativeUITests.CityAppDetailV22RenderProofUITests testCaptureCityAppDetailV22RenderProofBatch]' started.
    t =     0.00s Start Test at 2026-06-01 08:03:51.356
    t =     0.02s Set Up
    t =     0.02s Open app.speaklocal.vietnam.native
    t =     0.02s     Launch app.speaklocal.vietnam.native
objc[7126]: Class UIAccessibilityLoaderWebShared is implemented in both /Library/Developer/CoreSimulator/Volumes/iOS_23F77/Library/Developer/CoreSimulator/Profiles/Runtimes/iOS 26.5.simruntime/Contents/Resources/RuntimeRoot/System/Library/AccessibilityBundles/WebCore.axbundle/WebCore (0x10afc8310) and /Library/Developer/CoreSimulator/Volumes/iOS_23F77/Library/Developer/CoreSimulator/Profiles/Runtimes/iOS 26.5.simruntime/Contents/Resources/RuntimeRoot/System/Library/AccessibilityBundles/WebKit.axbundle/WebKit (0x10a8a4398). This may cause spurious casting failures and mysterious crashes. One of the duplicates must be removed or renamed.
    t =     1.88s         Setting up automation session
    t =     2.27s         Wait for app.speaklocal.vietnam.native to idle
    t =     3.71s Checking existence of `"Saigon Square" StaticText`
    t =     3.83s Waiting 8.0s for "Saigon Square" StaticText to exist
    t =     4.89s     Checking `Expect predicate `existsNoRetry == 1` for object "Saigon Square" StaticText`
    t =     4.89s         Checking existence of `"Saigon Square" StaticText`
    t =     5.06s Swipe up Target Application 'app.speaklocal.vietnam.native'
    t =     5.06s     Wait for app.speaklocal.vietnam.native to idle
    t =     5.06s     Find the Target Application 'app.speaklocal.vietnam.native'
    t =     5.07s     Check for interrupting elements affecting "SpeakLocal Vietnam" Application
    t =     5.09s     Synthesize event
    t =     5.51s     Wait for app.speaklocal.vietnam.native to idle
    t =     7.61s Swipe up Target Application 'app.speaklocal.vietnam.native'
    t =     7.61s     Wait for app.speaklocal.vietnam.native to idle
    t =     7.61s     Find the Target Application 'app.speaklocal.vietnam.native'
    t =     7.63s     Check for interrupting elements affecting "SpeakLocal Vietnam" Application
    t =     7.66s     Synthesize event
    t =     8.09s     Wait for app.speaklocal.vietnam.native to idle
    t =     8.82s Terminate app.speaklocal.vietnam.native:7132
    t =     9.89s Open app.speaklocal.vietnam.native
    t =     9.89s     Launch app.speaklocal.vietnam.native
    t =    10.11s         Setting up automation session
    t =    10.59s         Wait for app.speaklocal.vietnam.native to idle
    t =    12.03s Waiting 4.0s for TabBar (First Match) to exist
    t =    13.07s     Checking `Expect predicate `existsNoRetry == 1` for object TabBar (First Match)`
    t =    13.07s         Checking existence of `TabBar (First Match)`
    t =    13.12s Checking existence of `"PhraseArticle.BottomSentinel.viet-family-city-hcmc-place-saigon-square" Other`
    t =    13.20s Checking existence of `"PhraseArticle.BottomSentinel.viet-phrase-city-hcmc-place-saigon-square" Other`
    t =    13.22s Find the "PhraseArticle.BottomSentinel.viet-phrase-city-hcmc-place-saigon-square" Other
    t =    13.24s Checking existence of `TabBar (First Match)`
    t =    13.25s Find the TabBar (First Match)
    t =    13.26s Find the Target Application 'app.speaklocal.vietnam.native'
    t =    13.35s Terminate app.speaklocal.vietnam.native:7152
    t =    14.43s Tear Down
Test Case '-[SpeakLocalNativeUITests.CityAppDetailV22RenderProofUITests testCaptureCityAppDetailV22RenderProofBatch]' passed (14.489 seconds).
Test Suite 'CityAppDetailV22RenderProofUITests' passed at 2026-06-01 08:04:05.846.
	 Executed 1 test, with 0 failures (0 unexpected) in 14.489 (14.491) seconds
Test Suite 'SpeakLocalNativeUITests.xctest' passed at 2026-06-01 08:04:05.847.
	 Executed 1 test, with 0 failures (0 unexpected) in 14.489 (14.492) seconds
Test Suite 'Selected tests' passed at 2026-06-01 08:04:05.848.
	 Executed 1 test, with 0 failures (0 unexpected) in 14.489 (14.493) seconds

Test session results, code coverage, and logs:
	/Users/jojolim/Library/Developer/XcodeBuildMCP/workspaces/orchestrator-309442864093/DerivedData/SpeakLocalNative-8f3e721625a0/Logs/Test/Test-SpeakLocalNative-2026.06.01_08-03-50-+0700.xcresult

** TEST EXECUTE SUCCEEDED **

Testing started

2026-06-01 08:03:51.414 xcodebuild[7124:8417319] [MT] IDELaunchParametersSnapshot: The operation couldn’t be completed. (DebuggerLLDB.DebuggerVersionStore.StoreError error 0.)
2026-06-01 08:03:51.414 xcodebuild[7124:8417319] [MT] IDELaunchParametersSnapshot: no debugger version
2026-06-01 08:04:01.253 xcodebuild[7124:8417319] [MT] IDELaunchParametersSnapshot: The operation couldn’t be completed. (DebuggerLLDB.DebuggerVersionStore.StoreError error 0.)
2026-06-01 08:04:01.253 xcodebuild[7124:8417319] [MT] IDELaunchParametersSnapshot: no debugger version
2026-06-01 08:04:06.153 xcodebuild[7124:8417319] [MT] IDETestOperationsObserverDebug: 15.972 elapsed -- Testing started completed.
2026-06-01 08:04:06.153 xcodebuild[7124:8417319] [MT] IDETestOperationsObserverDebug: 0.000 sec, +0.000 sec -- start
2026-06-01 08:04:06.153 xcodebuild[7124:8417319] [MT] IDETestOperationsObserverDebug: 15.972 sec, +15.972 sec -- end
