Command line invocation:
    /Applications/Xcode.app/Contents/Developer/usr/bin/xcodebuild test-without-building -project /Users/jojolim/Developer/products/speaklocal/app-family/.worktrees/city-listings-production-ready/native-ios/SpeakLocalNative.xcodeproj -scheme SpeakLocalNative -destination "platform=iOS Simulator,id=7C386DD3-4BF1-4A34-A918-768C43CD1258" -derivedDataPath /Users/jojolim/Library/Developer/XcodeBuildMCP/workspaces/orchestrator-309442864093/DerivedData/SpeakLocalNative-8f3e721625a0 "-only-testing:SpeakLocalNativeUITests/CityAppDetailV22RenderProofUITests/testCaptureCityAppDetailV22RenderProofBatch"

2026-06-01 07:37:38.490721+0700 SpeakLocalNativeUITests-Runner[72593:8314309] [Default] Running tests...
    t =      nans Interface orientation changed to Portrait
Test Suite 'Selected tests' started at 2026-06-01 07:37:38.858.
Test Suite 'SpeakLocalNativeUITests.xctest' started at 2026-06-01 07:37:38.858.
Test Suite 'CityAppDetailV22RenderProofUITests' started at 2026-06-01 07:37:38.859.
Test Case '-[SpeakLocalNativeUITests.CityAppDetailV22RenderProofUITests testCaptureCityAppDetailV22RenderProofBatch]' started.
    t =     0.00s Start Test at 2026-06-01 07:37:38.859
    t =     0.02s Set Up
    t =     0.02s Open app.speaklocal.vietnam.native
    t =     0.02s     Launch app.speaklocal.vietnam.native
objc[72593]: Class UIAccessibilityLoaderWebShared is implemented in both /Library/Developer/CoreSimulator/Volumes/iOS_23F77/Library/Developer/CoreSimulator/Profiles/Runtimes/iOS 26.5.simruntime/Contents/Resources/RuntimeRoot/System/Library/AccessibilityBundles/WebCore.axbundle/WebCore (0x1077bc310) and /Library/Developer/CoreSimulator/Volumes/iOS_23F77/Library/Developer/CoreSimulator/Profiles/Runtimes/iOS 26.5.simruntime/Contents/Resources/RuntimeRoot/System/Library/AccessibilityBundles/WebKit.axbundle/WebKit (0x107c48398). This may cause spurious casting failures and mysterious crashes. One of the duplicates must be removed or renamed.
    t =     1.88s         Setting up automation session
    t =     2.38s         Wait for app.speaklocal.vietnam.native to idle
    t =     3.88s Checking existence of `"Cục Gạch Quán" StaticText`
    t =     4.02s Waiting 8.0s for "Cục Gạch Quán" StaticText to exist
    t =     5.08s     Checking `Expect predicate `existsNoRetry == 1` for object "Cục Gạch Quán" StaticText`
    t =     5.09s         Checking existence of `"Cục Gạch Quán" StaticText`
    t =     5.24s Swipe up Target Application 'app.speaklocal.vietnam.native'
    t =     5.24s     Wait for app.speaklocal.vietnam.native to idle
    t =     5.24s     Find the Target Application 'app.speaklocal.vietnam.native'
    t =     5.26s     Check for interrupting elements affecting "SpeakLocal Vietnam" Application
    t =     5.28s     Synthesize event
    t =     5.70s     Wait for app.speaklocal.vietnam.native to idle
    t =     7.80s Swipe up Target Application 'app.speaklocal.vietnam.native'
    t =     7.80s     Wait for app.speaklocal.vietnam.native to idle
    t =     8.04s     Find the Target Application 'app.speaklocal.vietnam.native'
    t =     8.06s     Check for interrupting elements affecting "SpeakLocal Vietnam" Application
    t =     8.09s     Synthesize event
    t =     8.50s     Wait for app.speaklocal.vietnam.native to idle
    t =     9.20s Terminate app.speaklocal.vietnam.native:72627
    t =    10.24s Open app.speaklocal.vietnam.native
    t =    10.24s     Launch app.speaklocal.vietnam.native
    t =    10.45s         Setting up automation session
    t =    10.92s         Wait for app.speaklocal.vietnam.native to idle
    t =    12.37s Waiting 4.0s for TabBar (First Match) to exist
    t =    13.40s     Checking `Expect predicate `existsNoRetry == 1` for object TabBar (First Match)`
    t =    13.40s         Checking existence of `TabBar (First Match)`
    t =    13.46s Checking existence of `"PhraseArticle.BottomSentinel.viet-family-city-hcmc-place-cuc-gach-quan" Other`
    t =    13.54s Checking existence of `"PhraseArticle.BottomSentinel.viet-phrase-city-hcmc-place-cuc-gach-quan" Other`
    t =    13.56s Find the "PhraseArticle.BottomSentinel.viet-phrase-city-hcmc-place-cuc-gach-quan" Other
    t =    13.58s Checking existence of `TabBar (First Match)`
    t =    13.59s Find the TabBar (First Match)
    t =    13.60s Find the Target Application 'app.speaklocal.vietnam.native'
    t =    13.69s Terminate app.speaklocal.vietnam.native:72762
    t =    14.77s Tear Down
Test Case '-[SpeakLocalNativeUITests.CityAppDetailV22RenderProofUITests testCaptureCityAppDetailV22RenderProofBatch]' passed (14.815 seconds).
Test Suite 'CityAppDetailV22RenderProofUITests' passed at 2026-06-01 07:37:53.675.
	 Executed 1 test, with 0 failures (0 unexpected) in 14.815 (14.816) seconds
Test Suite 'SpeakLocalNativeUITests.xctest' passed at 2026-06-01 07:37:53.676.
	 Executed 1 test, with 0 failures (0 unexpected) in 14.815 (14.817) seconds
Test Suite 'Selected tests' passed at 2026-06-01 07:37:53.676.
	 Executed 1 test, with 0 failures (0 unexpected) in 14.815 (14.818) seconds

Test session results, code coverage, and logs:
	/Users/jojolim/Library/Developer/XcodeBuildMCP/workspaces/orchestrator-309442864093/DerivedData/SpeakLocalNative-8f3e721625a0/Logs/Test/Test-SpeakLocalNative-2026.06.01_07-37-37-+0700.xcresult

** TEST EXECUTE SUCCEEDED **

Testing started

2026-06-01 07:37:38.918 xcodebuild[72586:8314086] [MT] IDELaunchParametersSnapshot: The operation couldn’t be completed. (DebuggerLLDB.DebuggerVersionStore.StoreError error 0.)
2026-06-01 07:37:38.918 xcodebuild[72586:8314086] [MT] IDELaunchParametersSnapshot: no debugger version
2026-06-01 07:37:49.100 xcodebuild[72586:8314086] [MT] IDELaunchParametersSnapshot: The operation couldn’t be completed. (DebuggerLLDB.DebuggerVersionStore.StoreError error 0.)
2026-06-01 07:37:49.100 xcodebuild[72586:8314086] [MT] IDELaunchParametersSnapshot: no debugger version
2026-06-01 07:37:53.983 xcodebuild[72586:8314086] [MT] IDETestOperationsObserverDebug: 16.305 elapsed -- Testing started completed.
2026-06-01 07:37:53.983 xcodebuild[72586:8314086] [MT] IDETestOperationsObserverDebug: 0.000 sec, +0.000 sec -- start
2026-06-01 07:37:53.983 xcodebuild[72586:8314086] [MT] IDETestOperationsObserverDebug: 16.305 sec, +16.305 sec -- end
