Command line invocation:
    /Applications/Xcode.app/Contents/Developer/usr/bin/xcodebuild test-without-building -project /Users/jojolim/Developer/products/speaklocal/app-family/.worktrees/city-listings-production-ready/native-ios/SpeakLocalNative.xcodeproj -scheme SpeakLocalNative -destination "platform=iOS Simulator,id=7C386DD3-4BF1-4A34-A918-768C43CD1258" -derivedDataPath /Users/jojolim/Library/Developer/XcodeBuildMCP/workspaces/orchestrator-309442864093/DerivedData/SpeakLocalNative-8f3e721625a0 "-only-testing:SpeakLocalNativeUITests/CityAppDetailV22RenderProofUITests/testCaptureCityAppDetailV22RenderProofBatch"

2026-06-01 08:52:36.117363+0700 SpeakLocalNativeUITests-Runner[53450:8589109] [Default] Running tests...
    t =      nans Interface orientation changed to Portrait
Test Suite 'Selected tests' started at 2026-06-01 08:52:36.490.
Test Suite 'SpeakLocalNativeUITests.xctest' started at 2026-06-01 08:52:36.490.
Test Suite 'CityAppDetailV22RenderProofUITests' started at 2026-06-01 08:52:36.490.
Test Case '-[SpeakLocalNativeUITests.CityAppDetailV22RenderProofUITests testCaptureCityAppDetailV22RenderProofBatch]' started.
    t =     0.00s Start Test at 2026-06-01 08:52:36.491
    t =     0.02s Set Up
    t =     0.02s Open app.speaklocal.vietnam.native
    t =     0.02s     Launch app.speaklocal.vietnam.native
objc[53450]: Class UIAccessibilityLoaderWebShared is implemented in both /Library/Developer/CoreSimulator/Volumes/iOS_23F77/Library/Developer/CoreSimulator/Profiles/Runtimes/iOS 26.5.simruntime/Contents/Resources/RuntimeRoot/System/Library/AccessibilityBundles/WebCore.axbundle/WebCore (0x10ad0c310) and /Library/Developer/CoreSimulator/Volumes/iOS_23F77/Library/Developer/CoreSimulator/Profiles/Runtimes/iOS 26.5.simruntime/Contents/Resources/RuntimeRoot/System/Library/AccessibilityBundles/WebKit.axbundle/WebKit (0x10a56c398). This may cause spurious casting failures and mysterious crashes. One of the duplicates must be removed or renamed.
    t =     1.70s         Setting up automation session
    t =     2.27s         Wait for app.speaklocal.vietnam.native to idle
    t =     3.73s Checking existence of `"The Field Hội An" StaticText`
    t =     3.87s Waiting 8.0s for "The Field Hội An" StaticText to exist
    t =     4.91s     Checking `Expect predicate `existsNoRetry == 1` for object "The Field Hội An" StaticText`
    t =     4.91s         Checking existence of `"The Field Hội An" StaticText`
    t =     5.04s Swipe up Target Application 'app.speaklocal.vietnam.native'
    t =     5.04s     Wait for app.speaklocal.vietnam.native to idle
    t =     5.04s     Find the Target Application 'app.speaklocal.vietnam.native'
    t =     5.05s     Check for interrupting elements affecting "SpeakLocal Vietnam" Application
    t =     5.07s     Synthesize event
    t =     5.49s     Wait for app.speaklocal.vietnam.native to idle
    t =     7.62s Swipe up Target Application 'app.speaklocal.vietnam.native'
    t =     7.62s     Wait for app.speaklocal.vietnam.native to idle
    t =     7.63s     Find the Target Application 'app.speaklocal.vietnam.native'
    t =     7.64s     Check for interrupting elements affecting "SpeakLocal Vietnam" Application
    t =     7.66s     Synthesize event
    t =     8.09s     Wait for app.speaklocal.vietnam.native to idle
    t =     8.68s Terminate app.speaklocal.vietnam.native:53459
    t =     9.74s Open app.speaklocal.vietnam.native
    t =     9.74s     Launch app.speaklocal.vietnam.native
    t =     9.96s         Setting up automation session
    t =    10.43s         Wait for app.speaklocal.vietnam.native to idle
    t =    11.88s Waiting 4.0s for TabBar (First Match) to exist
    t =    12.92s     Checking `Expect predicate `existsNoRetry == 1` for object TabBar (First Match)`
    t =    12.92s         Checking existence of `TabBar (First Match)`
    t =    12.98s Checking existence of `"PhraseArticle.BottomSentinel.viet-family-city-hoian-place-the-field" Other`
    t =    13.06s Checking existence of `"PhraseArticle.BottomSentinel.viet-phrase-city-hoian-place-the-field" Other`
    t =    13.08s Find the "PhraseArticle.BottomSentinel.viet-phrase-city-hoian-place-the-field" Other
    t =    13.10s Checking existence of `TabBar (First Match)`
    t =    13.11s Find the TabBar (First Match)
    t =    13.11s Find the Target Application 'app.speaklocal.vietnam.native'
    t =    13.20s Terminate app.speaklocal.vietnam.native:53478
    t =    14.27s Tear Down
Test Case '-[SpeakLocalNativeUITests.CityAppDetailV22RenderProofUITests testCaptureCityAppDetailV22RenderProofBatch]' passed (14.326 seconds).
Test Suite 'CityAppDetailV22RenderProofUITests' passed at 2026-06-01 08:52:50.817.
	 Executed 1 test, with 0 failures (0 unexpected) in 14.326 (14.327) seconds
Test Suite 'SpeakLocalNativeUITests.xctest' passed at 2026-06-01 08:52:50.818.
	 Executed 1 test, with 0 failures (0 unexpected) in 14.326 (14.328) seconds
Test Suite 'Selected tests' passed at 2026-06-01 08:52:50.819.
	 Executed 1 test, with 0 failures (0 unexpected) in 14.326 (14.329) seconds

Test session results, code coverage, and logs:
	/Users/jojolim/Library/Developer/XcodeBuildMCP/workspaces/orchestrator-309442864093/DerivedData/SpeakLocalNative-8f3e721625a0/Logs/Test/Test-SpeakLocalNative-2026.06.01_08-52-35-+0700.xcresult

** TEST EXECUTE SUCCEEDED **

Testing started

2026-06-01 08:52:36.557 xcodebuild[53440:8588907] [MT] IDELaunchParametersSnapshot: The operation couldn’t be completed. (DebuggerLLDB.DebuggerVersionStore.StoreError error 0.)
2026-06-01 08:52:36.557 xcodebuild[53440:8588907] [MT] IDELaunchParametersSnapshot: no debugger version
2026-06-01 08:52:46.236 xcodebuild[53440:8588907] [MT] IDELaunchParametersSnapshot: The operation couldn’t be completed. (DebuggerLLDB.DebuggerVersionStore.StoreError error 0.)
2026-06-01 08:52:46.236 xcodebuild[53440:8588907] [MT] IDELaunchParametersSnapshot: no debugger version
2026-06-01 08:52:51.123 xcodebuild[53440:8588907] [MT] IDETestOperationsObserverDebug: 15.808 elapsed -- Testing started completed.
2026-06-01 08:52:51.123 xcodebuild[53440:8588907] [MT] IDETestOperationsObserverDebug: 0.000 sec, +0.000 sec -- start
2026-06-01 08:52:51.123 xcodebuild[53440:8588907] [MT] IDETestOperationsObserverDebug: 15.808 sec, +15.808 sec -- end
