Command line invocation:
    /Applications/Xcode.app/Contents/Developer/usr/bin/xcodebuild test-without-building -project /Users/jojolim/Developer/products/speaklocal/app-family/.worktrees/city-listings-production-ready/native-ios/SpeakLocalNative.xcodeproj -scheme SpeakLocalNative -destination "platform=iOS Simulator,id=7C386DD3-4BF1-4A34-A918-768C43CD1258" -derivedDataPath /Users/jojolim/Library/Developer/XcodeBuildMCP/workspaces/orchestrator-309442864093/DerivedData/SpeakLocalNative-8f3e721625a0 "-only-testing:SpeakLocalNativeUITests/CityAppDetailV22RenderProofUITests/testCaptureCityAppDetailV22RenderProofBatch"

2026-06-01 04:57:29.234579+0700 SpeakLocalNativeUITests-Runner[57767:7618219] [Default] Running tests...
    t =      nans Interface orientation changed to Portrait
Test Suite 'Selected tests' started at 2026-06-01 04:57:29.602.
Test Suite 'SpeakLocalNativeUITests.xctest' started at 2026-06-01 04:57:29.603.
Test Suite 'CityAppDetailV22RenderProofUITests' started at 2026-06-01 04:57:29.603.
Test Case '-[SpeakLocalNativeUITests.CityAppDetailV22RenderProofUITests testCaptureCityAppDetailV22RenderProofBatch]' started.
    t =     0.00s Start Test at 2026-06-01 04:57:29.603
    t =     0.02s Set Up
    t =     0.02s Open app.speaklocal.vietnam.native
    t =     0.02s     Launch app.speaklocal.vietnam.native
objc[57767]: Class UIAccessibilityLoaderWebShared is implemented in both /Library/Developer/CoreSimulator/Volumes/iOS_23F77/Library/Developer/CoreSimulator/Profiles/Runtimes/iOS 26.5.simruntime/Contents/Resources/RuntimeRoot/System/Library/AccessibilityBundles/WebCore.axbundle/WebCore (0x10a3f4310) and /Library/Developer/CoreSimulator/Volumes/iOS_23F77/Library/Developer/CoreSimulator/Profiles/Runtimes/iOS 26.5.simruntime/Contents/Resources/RuntimeRoot/System/Library/AccessibilityBundles/WebKit.axbundle/WebKit (0x10a0ac398). This may cause spurious casting failures and mysterious crashes. One of the duplicates must be removed or renamed.
    t =     1.69s         Setting up automation session
    t =     2.29s         Wait for app.speaklocal.vietnam.native to idle
    t =     3.79s Checking existence of `"Thuyền thúng Cẩm Thanh" StaticText`
    t =     3.93s Waiting 8.0s for "Thuyền thúng Cẩm Thanh" StaticText to exist
    t =     5.00s     Checking `Expect predicate `existsNoRetry == 1` for object "Thuyền thúng Cẩm Thanh" StaticText`
    t =     5.00s         Checking existence of `"Thuyền thúng Cẩm Thanh" StaticText`
    t =     5.16s Swipe up Target Application 'app.speaklocal.vietnam.native'
    t =     5.16s     Wait for app.speaklocal.vietnam.native to idle
    t =     5.16s     Find the Target Application 'app.speaklocal.vietnam.native'
    t =     5.18s     Check for interrupting elements affecting "SpeakLocal Vietnam" Application
    t =     5.20s     Synthesize event
    t =     5.62s     Wait for app.speaklocal.vietnam.native to idle
    t =     7.71s Swipe up Target Application 'app.speaklocal.vietnam.native'
    t =     7.71s     Wait for app.speaklocal.vietnam.native to idle
    t =     7.72s     Find the Target Application 'app.speaklocal.vietnam.native'
    t =     7.74s     Check for interrupting elements affecting "SpeakLocal Vietnam" Application
    t =     7.77s     Synthesize event
    t =     8.19s     Wait for app.speaklocal.vietnam.native to idle
    t =     9.00s Terminate app.speaklocal.vietnam.native:57783
    t =    10.09s Open app.speaklocal.vietnam.native
    t =    10.09s     Launch app.speaklocal.vietnam.native
    t =    10.30s         Setting up automation session
    t =    10.75s         Wait for app.speaklocal.vietnam.native to idle
    t =    12.22s Waiting 4.0s for TabBar (First Match) to exist
    t =    13.30s     Checking `Expect predicate `existsNoRetry == 1` for object TabBar (First Match)`
    t =    13.30s         Checking existence of `TabBar (First Match)`
    t =    13.35s Checking existence of `"PhraseArticle.BottomSentinel.viet-family-city-hoian-place-cam-thanh-basket-boat" Other`
    t =    13.43s Checking existence of `"PhraseArticle.BottomSentinel.viet-phrase-city-hoian-place-cam-thanh-basket-boat" Other`
    t =    13.45s Find the "PhraseArticle.BottomSentinel.viet-phrase-city-hoian-place-cam-thanh-basket-boat" Other
    t =    13.47s Checking existence of `TabBar (First Match)`
    t =    13.48s Find the TabBar (First Match)
    t =    13.49s Find the Target Application 'app.speaklocal.vietnam.native'
    t =    13.58s Terminate app.speaklocal.vietnam.native:57934
    t =    14.67s Tear Down
Test Case '-[SpeakLocalNativeUITests.CityAppDetailV22RenderProofUITests testCaptureCityAppDetailV22RenderProofBatch]' passed (14.728 seconds).
Test Suite 'CityAppDetailV22RenderProofUITests' passed at 2026-06-01 04:57:44.332.
	 Executed 1 test, with 0 failures (0 unexpected) in 14.728 (14.729) seconds
Test Suite 'SpeakLocalNativeUITests.xctest' passed at 2026-06-01 04:57:44.333.
	 Executed 1 test, with 0 failures (0 unexpected) in 14.728 (14.730) seconds
Test Suite 'Selected tests' passed at 2026-06-01 04:57:44.333.
	 Executed 1 test, with 0 failures (0 unexpected) in 14.728 (14.731) seconds

Test session results, code coverage, and logs:
	/Users/jojolim/Library/Developer/XcodeBuildMCP/workspaces/orchestrator-309442864093/DerivedData/SpeakLocalNative-8f3e721625a0/Logs/Test/Test-SpeakLocalNative-2026.06.01_04-57-28-+0700.xcresult

** TEST EXECUTE SUCCEEDED **

Testing started

2026-06-01 04:57:29.660 xcodebuild[57764:7618043] [MT] IDELaunchParametersSnapshot: The operation couldn’t be completed. (DebuggerLLDB.DebuggerVersionStore.StoreError error 0.)
2026-06-01 04:57:29.660 xcodebuild[57764:7618043] [MT] IDELaunchParametersSnapshot: no debugger version
2026-06-01 04:57:39.696 xcodebuild[57764:7618043] [MT] IDELaunchParametersSnapshot: The operation couldn’t be completed. (DebuggerLLDB.DebuggerVersionStore.StoreError error 0.)
2026-06-01 04:57:39.696 xcodebuild[57764:7618043] [MT] IDELaunchParametersSnapshot: no debugger version
2026-06-01 04:57:44.636 xcodebuild[57764:7618043] [MT] IDETestOperationsObserverDebug: 16.195 elapsed -- Testing started completed.
2026-06-01 04:57:44.636 xcodebuild[57764:7618043] [MT] IDETestOperationsObserverDebug: 0.000 sec, +0.000 sec -- start
2026-06-01 04:57:44.636 xcodebuild[57764:7618043] [MT] IDETestOperationsObserverDebug: 16.195 sec, +16.195 sec -- end
