Command line invocation:
    /Applications/Xcode.app/Contents/Developer/usr/bin/xcodebuild test-without-building -project /Users/jojolim/Developer/products/speaklocal/app-family/.worktrees/city-listings-production-ready/native-ios/SpeakLocalNative.xcodeproj -scheme SpeakLocalNative -destination "platform=iOS Simulator,id=7C386DD3-4BF1-4A34-A918-768C43CD1258" -derivedDataPath /Users/jojolim/Library/Developer/XcodeBuildMCP/workspaces/orchestrator-309442864093/DerivedData/SpeakLocalNative-8f3e721625a0 "-only-testing:SpeakLocalNativeUITests/CityAppDetailV22RenderProofUITests/testCaptureCityAppDetailV22RenderProofBatch"

2026-06-01 04:42:42.742470+0700 SpeakLocalNativeUITests-Runner[41369:7556600] [Default] Running tests...
    t =      nans Interface orientation changed to Portrait
Test Suite 'Selected tests' started at 2026-06-01 04:42:43.114.
Test Suite 'SpeakLocalNativeUITests.xctest' started at 2026-06-01 04:42:43.114.
Test Suite 'CityAppDetailV22RenderProofUITests' started at 2026-06-01 04:42:43.115.
Test Case '-[SpeakLocalNativeUITests.CityAppDetailV22RenderProofUITests testCaptureCityAppDetailV22RenderProofBatch]' started.
    t =     0.00s Start Test at 2026-06-01 04:42:43.115
    t =     0.02s Set Up
    t =     0.02s Open app.speaklocal.vietnam.native
    t =     0.02s     Launch app.speaklocal.vietnam.native
objc[41369]: Class UIAccessibilityLoaderWebShared is implemented in both /Library/Developer/CoreSimulator/Volumes/iOS_23F77/Library/Developer/CoreSimulator/Profiles/Runtimes/iOS 26.5.simruntime/Contents/Resources/RuntimeRoot/System/Library/AccessibilityBundles/WebCore.axbundle/WebCore (0x106a94310) and /Library/Developer/CoreSimulator/Volumes/iOS_23F77/Library/Developer/CoreSimulator/Profiles/Runtimes/iOS 26.5.simruntime/Contents/Resources/RuntimeRoot/System/Library/AccessibilityBundles/WebKit.axbundle/WebKit (0x1067cc398). This may cause spurious casting failures and mysterious crashes. One of the duplicates must be removed or renamed.
    t =     1.90s         Setting up automation session
    t =     2.32s         Wait for app.speaklocal.vietnam.native to idle
    t =     3.81s Checking existence of `"Bún hến ở Huế" StaticText`
    t =     3.95s Waiting 8.0s for "Bún hến ở Huế" StaticText to exist
    t =     5.02s     Checking `Expect predicate `existsNoRetry == 1` for object "Bún hến ở Huế" StaticText`
    t =     5.02s         Checking existence of `"Bún hến ở Huế" StaticText`
    t =     5.18s Swipe up Target Application 'app.speaklocal.vietnam.native'
    t =     5.18s     Wait for app.speaklocal.vietnam.native to idle
    t =     5.18s     Find the Target Application 'app.speaklocal.vietnam.native'
    t =     5.20s     Check for interrupting elements affecting "SpeakLocal Vietnam" Application
    t =     5.21s     Synthesize event
    t =     5.63s     Wait for app.speaklocal.vietnam.native to idle
    t =     7.73s Swipe up Target Application 'app.speaklocal.vietnam.native'
    t =     7.73s     Wait for app.speaklocal.vietnam.native to idle
    t =     7.74s     Find the Target Application 'app.speaklocal.vietnam.native'
    t =     7.76s     Check for interrupting elements affecting "SpeakLocal Vietnam" Application
    t =     7.79s     Synthesize event
    t =     8.21s     Wait for app.speaklocal.vietnam.native to idle
    t =     8.92s Terminate app.speaklocal.vietnam.native:41452
    t =    10.01s Open app.speaklocal.vietnam.native
    t =    10.01s     Launch app.speaklocal.vietnam.native
    t =    10.23s         Setting up automation session
    t =    10.72s         Wait for app.speaklocal.vietnam.native to idle
    t =    12.21s Waiting 4.0s for TabBar (First Match) to exist
    t =    13.28s     Checking `Expect predicate `existsNoRetry == 1` for object TabBar (First Match)`
    t =    13.28s         Checking existence of `TabBar (First Match)`
    t =    13.31s Checking existence of `"PhraseArticle.BottomSentinel.viet-family-city-hue-place-bun-hen" Other`
    t =    13.39s Checking existence of `"PhraseArticle.BottomSentinel.viet-phrase-city-hue-place-bun-hen" Other`
    t =    13.41s Find the "PhraseArticle.BottomSentinel.viet-phrase-city-hue-place-bun-hen" Other
    t =    13.43s Checking existence of `TabBar (First Match)`
    t =    13.44s Find the TabBar (First Match)
    t =    13.44s Find the Target Application 'app.speaklocal.vietnam.native'
    t =    13.54s Terminate app.speaklocal.vietnam.native:41536
    t =    14.63s Tear Down
Test Case '-[SpeakLocalNativeUITests.CityAppDetailV22RenderProofUITests testCaptureCityAppDetailV22RenderProofBatch]' passed (14.709 seconds).
Test Suite 'CityAppDetailV22RenderProofUITests' passed at 2026-06-01 04:42:57.824.
	 Executed 1 test, with 0 failures (0 unexpected) in 14.709 (14.710) seconds
Test Suite 'SpeakLocalNativeUITests.xctest' passed at 2026-06-01 04:42:57.825.
	 Executed 1 test, with 0 failures (0 unexpected) in 14.709 (14.711) seconds
Test Suite 'Selected tests' passed at 2026-06-01 04:42:57.826.
	 Executed 1 test, with 0 failures (0 unexpected) in 14.709 (14.712) seconds

Test session results, code coverage, and logs:
	/Users/jojolim/Library/Developer/XcodeBuildMCP/workspaces/orchestrator-309442864093/DerivedData/SpeakLocalNative-8f3e721625a0/Logs/Test/Test-SpeakLocalNative-2026.06.01_04-42-41-+0700.xcresult

** TEST EXECUTE SUCCEEDED **

Testing started

2026-06-01 04:42:43.173 xcodebuild[41367:7556436] [MT] IDELaunchParametersSnapshot: The operation couldn’t be completed. (DebuggerLLDB.DebuggerVersionStore.StoreError error 0.)
2026-06-01 04:42:43.173 xcodebuild[41367:7556436] [MT] IDELaunchParametersSnapshot: no debugger version
2026-06-01 04:42:53.130 xcodebuild[41367:7556436] [MT] IDELaunchParametersSnapshot: The operation couldn’t be completed. (DebuggerLLDB.DebuggerVersionStore.StoreError error 0.)
2026-06-01 04:42:53.130 xcodebuild[41367:7556436] [MT] IDELaunchParametersSnapshot: no debugger version
2026-06-01 04:42:58.130 xcodebuild[41367:7556436] [MT] IDETestOperationsObserverDebug: 16.186 elapsed -- Testing started completed.
2026-06-01 04:42:58.130 xcodebuild[41367:7556436] [MT] IDETestOperationsObserverDebug: 0.000 sec, +0.000 sec -- start
2026-06-01 04:42:58.130 xcodebuild[41367:7556436] [MT] IDETestOperationsObserverDebug: 16.186 sec, +16.186 sec -- end
