Command line invocation:
    /Applications/Xcode.app/Contents/Developer/usr/bin/xcodebuild test-without-building -project /Users/jojolim/Developer/products/speaklocal/app-family/.worktrees/city-listings-production-ready/native-ios/SpeakLocalNative.xcodeproj -scheme SpeakLocalNative -destination "platform=iOS Simulator,id=7C386DD3-4BF1-4A34-A918-768C43CD1258" -derivedDataPath /Users/jojolim/Library/Developer/XcodeBuildMCP/workspaces/orchestrator-309442864093/DerivedData/SpeakLocalNative-8f3e721625a0 "-only-testing:SpeakLocalNativeUITests/CityAppDetailV22RenderProofUITests/testCaptureCityAppDetailV22RenderProofBatch"

2026-06-01 08:06:06.343701+0700 SpeakLocalNativeUITests-Runner[7916:8425007] [Default] Running tests...
    t =      nans Interface orientation changed to Portrait
Test Suite 'Selected tests' started at 2026-06-01 08:06:06.715.
Test Suite 'SpeakLocalNativeUITests.xctest' started at 2026-06-01 08:06:06.716.
Test Suite 'CityAppDetailV22RenderProofUITests' started at 2026-06-01 08:06:06.716.
Test Case '-[SpeakLocalNativeUITests.CityAppDetailV22RenderProofUITests testCaptureCityAppDetailV22RenderProofBatch]' started.
    t =     0.00s Start Test at 2026-06-01 08:06:06.716
    t =     0.02s Set Up
    t =     0.02s Open app.speaklocal.vietnam.native
    t =     0.02s     Launch app.speaklocal.vietnam.native
objc[7916]: Class UIAccessibilityLoaderWebShared is implemented in both /Library/Developer/CoreSimulator/Volumes/iOS_23F77/Library/Developer/CoreSimulator/Profiles/Runtimes/iOS 26.5.simruntime/Contents/Resources/RuntimeRoot/System/Library/AccessibilityBundles/WebCore.axbundle/WebCore (0x10a3f4310) and /Library/Developer/CoreSimulator/Volumes/iOS_23F77/Library/Developer/CoreSimulator/Profiles/Runtimes/iOS 26.5.simruntime/Contents/Resources/RuntimeRoot/System/Library/AccessibilityBundles/WebKit.axbundle/WebKit (0x10a130398). This may cause spurious casting failures and mysterious crashes. One of the duplicates must be removed or renamed.
    t =     1.90s         Setting up automation session
    t =     2.47s         Wait for app.speaklocal.vietnam.native to idle
    t =     3.95s Checking existence of `"Vincom Đồng Khởi" StaticText`
    t =     4.06s Waiting 8.0s for "Vincom Đồng Khởi" StaticText to exist
    t =     5.10s     Checking `Expect predicate `existsNoRetry == 1` for object "Vincom Đồng Khởi" StaticText`
    t =     5.10s         Checking existence of `"Vincom Đồng Khởi" StaticText`
    t =     5.25s Swipe up Target Application 'app.speaklocal.vietnam.native'
    t =     5.25s     Wait for app.speaklocal.vietnam.native to idle
    t =     5.25s     Find the Target Application 'app.speaklocal.vietnam.native'
    t =     5.27s     Check for interrupting elements affecting "SpeakLocal Vietnam" Application
    t =     5.28s     Synthesize event
    t =     5.70s     Wait for app.speaklocal.vietnam.native to idle
    t =     7.84s Swipe up Target Application 'app.speaklocal.vietnam.native'
    t =     7.84s     Wait for app.speaklocal.vietnam.native to idle
    t =     8.26s     Find the Target Application 'app.speaklocal.vietnam.native'
    t =     8.28s     Check for interrupting elements affecting "SpeakLocal Vietnam" Application
    t =     8.31s     Synthesize event
    t =     8.73s     Wait for app.speaklocal.vietnam.native to idle
    t =     9.44s Terminate app.speaklocal.vietnam.native:7931
    t =    10.49s Open app.speaklocal.vietnam.native
    t =    10.49s     Launch app.speaklocal.vietnam.native
    t =    10.70s         Setting up automation session
    t =    11.20s         Wait for app.speaklocal.vietnam.native to idle
    t =    12.70s Waiting 4.0s for TabBar (First Match) to exist
    t =    13.77s     Checking `Expect predicate `existsNoRetry == 1` for object TabBar (First Match)`
    t =    13.77s         Checking existence of `TabBar (First Match)`
    t =    13.82s Checking existence of `"PhraseArticle.BottomSentinel.viet-family-city-hcmc-place-vincom-dong-khoi" Other`
    t =    13.90s Checking existence of `"PhraseArticle.BottomSentinel.viet-phrase-city-hcmc-place-vincom-dong-khoi" Other`
    t =    13.92s Find the "PhraseArticle.BottomSentinel.viet-phrase-city-hcmc-place-vincom-dong-khoi" Other
    t =    13.95s Checking existence of `TabBar (First Match)`
    t =    13.95s Find the TabBar (First Match)
    t =    13.96s Find the Target Application 'app.speaklocal.vietnam.native'
    t =    14.05s Terminate app.speaklocal.vietnam.native:8014
    t =    15.14s Tear Down
Test Case '-[SpeakLocalNativeUITests.CityAppDetailV22RenderProofUITests testCaptureCityAppDetailV22RenderProofBatch]' passed (15.244 seconds).
Test Suite 'CityAppDetailV22RenderProofUITests' passed at 2026-06-01 08:06:21.961.
	 Executed 1 test, with 0 failures (0 unexpected) in 15.244 (15.245) seconds
Test Suite 'SpeakLocalNativeUITests.xctest' passed at 2026-06-01 08:06:21.962.
	 Executed 1 test, with 0 failures (0 unexpected) in 15.244 (15.247) seconds
Test Suite 'Selected tests' passed at 2026-06-01 08:06:21.963.
	 Executed 1 test, with 0 failures (0 unexpected) in 15.244 (15.248) seconds

Test session results, code coverage, and logs:
	/Users/jojolim/Library/Developer/XcodeBuildMCP/workspaces/orchestrator-309442864093/DerivedData/SpeakLocalNative-8f3e721625a0/Logs/Test/Test-SpeakLocalNative-2026.06.01_08-06-05-+0700.xcresult

** TEST EXECUTE SUCCEEDED **

Testing started

2026-06-01 08:06:06.780 xcodebuild[7912:8424827] [MT] IDELaunchParametersSnapshot: The operation couldn’t be completed. (DebuggerLLDB.DebuggerVersionStore.StoreError error 0.)
2026-06-01 08:06:06.780 xcodebuild[7912:8424827] [MT] IDELaunchParametersSnapshot: no debugger version
2026-06-01 08:06:17.205 xcodebuild[7912:8424827] [MT] IDELaunchParametersSnapshot: The operation couldn’t be completed. (DebuggerLLDB.DebuggerVersionStore.StoreError error 0.)
2026-06-01 08:06:17.205 xcodebuild[7912:8424827] [MT] IDELaunchParametersSnapshot: no debugger version
2026-06-01 08:06:22.271 xcodebuild[7912:8424827] [MT] IDETestOperationsObserverDebug: 16.739 elapsed -- Testing started completed.
2026-06-01 08:06:22.271 xcodebuild[7912:8424827] [MT] IDETestOperationsObserverDebug: 0.000 sec, +0.000 sec -- start
2026-06-01 08:06:22.271 xcodebuild[7912:8424827] [MT] IDETestOperationsObserverDebug: 16.739 sec, +16.739 sec -- end
