Command line invocation:
    /Applications/Xcode.app/Contents/Developer/usr/bin/xcodebuild test-without-building -project /Users/jojolim/Developer/products/speaklocal/app-family/.worktrees/city-listings-production-ready/native-ios/SpeakLocalNative.xcodeproj -scheme SpeakLocalNative -destination "platform=iOS Simulator,id=7C386DD3-4BF1-4A34-A918-768C43CD1258" -derivedDataPath /Users/jojolim/Library/Developer/XcodeBuildMCP/workspaces/orchestrator-309442864093/DerivedData/SpeakLocalNative-8f3e721625a0 "-only-testing:SpeakLocalNativeUITests/CityAppDetailV22RenderProofUITests/testCaptureCityAppDetailV22RenderProofBatch"

2026-06-01 08:00:25.265812+0700 SpeakLocalNativeUITests-Runner[6090:8406650] [Default] Running tests...
    t =      nans Interface orientation changed to Portrait
Test Suite 'Selected tests' started at 2026-06-01 08:00:25.632.
Test Suite 'SpeakLocalNativeUITests.xctest' started at 2026-06-01 08:00:25.632.
Test Suite 'CityAppDetailV22RenderProofUITests' started at 2026-06-01 08:00:25.632.
Test Case '-[SpeakLocalNativeUITests.CityAppDetailV22RenderProofUITests testCaptureCityAppDetailV22RenderProofBatch]' started.
    t =     0.00s Start Test at 2026-06-01 08:00:25.633
    t =     0.02s Set Up
    t =     0.02s Open app.speaklocal.vietnam.native
    t =     0.02s     Launch app.speaklocal.vietnam.native
objc[6090]: Class UIAccessibilityLoaderWebShared is implemented in both /Library/Developer/CoreSimulator/Volumes/iOS_23F77/Library/Developer/CoreSimulator/Profiles/Runtimes/iOS 26.5.simruntime/Contents/Resources/RuntimeRoot/System/Library/AccessibilityBundles/WebCore.axbundle/WebCore (0x107234310) and /Library/Developer/CoreSimulator/Volumes/iOS_23F77/Library/Developer/CoreSimulator/Profiles/Runtimes/iOS 26.5.simruntime/Contents/Resources/RuntimeRoot/System/Library/AccessibilityBundles/WebKit.axbundle/WebKit (0x106af0398). This may cause spurious casting failures and mysterious crashes. One of the duplicates must be removed or renamed.
    t =     1.88s         Setting up automation session
    t =     2.34s         Wait for app.speaklocal.vietnam.native to idle
    t =     3.79s Checking existence of `"Đường Nguyễn Trãi" StaticText`
    t =     3.93s Waiting 8.0s for "Đường Nguyễn Trãi" StaticText to exist
    t =     4.98s     Checking `Expect predicate `existsNoRetry == 1` for object "Đường Nguyễn Trãi" StaticText`
    t =     4.98s         Checking existence of `"Đường Nguyễn Trãi" StaticText`
    t =     5.11s Swipe up Target Application 'app.speaklocal.vietnam.native'
    t =     5.11s     Wait for app.speaklocal.vietnam.native to idle
    t =     5.11s     Find the Target Application 'app.speaklocal.vietnam.native'
    t =     5.13s     Check for interrupting elements affecting "SpeakLocal Vietnam" Application
    t =     5.15s     Synthesize event
    t =     5.57s     Wait for app.speaklocal.vietnam.native to idle
    t =     7.70s Swipe up Target Application 'app.speaklocal.vietnam.native'
    t =     7.70s     Wait for app.speaklocal.vietnam.native to idle
    t =     7.70s     Find the Target Application 'app.speaklocal.vietnam.native'
    t =     7.73s     Check for interrupting elements affecting "SpeakLocal Vietnam" Application
    t =     7.76s     Synthesize event
    t =     8.18s     Wait for app.speaklocal.vietnam.native to idle
    t =     9.03s Terminate app.speaklocal.vietnam.native:6094
    t =    10.08s Open app.speaklocal.vietnam.native
    t =    10.08s     Launch app.speaklocal.vietnam.native
    t =    10.30s         Setting up automation session
    t =    10.78s         Wait for app.speaklocal.vietnam.native to idle
    t =    12.25s Waiting 4.0s for TabBar (First Match) to exist
    t =    13.29s     Checking `Expect predicate `existsNoRetry == 1` for object TabBar (First Match)`
    t =    13.29s         Checking existence of `TabBar (First Match)`
    t =    13.35s Checking existence of `"PhraseArticle.BottomSentinel.viet-family-city-hcmc-place-nguyen-trai-street" Other`
    t =    13.44s Checking existence of `"PhraseArticle.BottomSentinel.viet-phrase-city-hcmc-place-nguyen-trai-street" Other`
    t =    13.46s Find the "PhraseArticle.BottomSentinel.viet-phrase-city-hcmc-place-nguyen-trai-street" Other
    t =    13.48s Checking existence of `TabBar (First Match)`
    t =    13.49s Find the TabBar (First Match)
    t =    13.49s Find the Target Application 'app.speaklocal.vietnam.native'
    t =    13.59s Terminate app.speaklocal.vietnam.native:6205
    t =    14.64s Tear Down
Test Case '-[SpeakLocalNativeUITests.CityAppDetailV22RenderProofUITests testCaptureCityAppDetailV22RenderProofBatch]' passed (14.708 seconds).
Test Suite 'CityAppDetailV22RenderProofUITests' passed at 2026-06-01 08:00:40.341.
	 Executed 1 test, with 0 failures (0 unexpected) in 14.708 (14.709) seconds
Test Suite 'SpeakLocalNativeUITests.xctest' passed at 2026-06-01 08:00:40.342.
	 Executed 1 test, with 0 failures (0 unexpected) in 14.708 (14.709) seconds
Test Suite 'Selected tests' passed at 2026-06-01 08:00:40.342.
	 Executed 1 test, with 0 failures (0 unexpected) in 14.708 (14.710) seconds

Test session results, code coverage, and logs:
	/Users/jojolim/Library/Developer/XcodeBuildMCP/workspaces/orchestrator-309442864093/DerivedData/SpeakLocalNative-8f3e721625a0/Logs/Test/Test-SpeakLocalNative-2026.06.01_08-00-24-+0700.xcresult

** TEST EXECUTE SUCCEEDED **

Testing started

2026-06-01 08:00:25.692 xcodebuild[6087:8406445] [MT] IDELaunchParametersSnapshot: The operation couldn’t be completed. (DebuggerLLDB.DebuggerVersionStore.StoreError error 0.)
2026-06-01 08:00:25.692 xcodebuild[6087:8406445] [MT] IDELaunchParametersSnapshot: no debugger version
2026-06-01 08:00:35.716 xcodebuild[6087:8406445] [MT] IDELaunchParametersSnapshot: The operation couldn’t be completed. (DebuggerLLDB.DebuggerVersionStore.StoreError error 0.)
2026-06-01 08:00:35.716 xcodebuild[6087:8406445] [MT] IDELaunchParametersSnapshot: no debugger version
2026-06-01 08:00:40.624 xcodebuild[6087:8406445] [MT] IDETestOperationsObserverDebug: 16.169 elapsed -- Testing started completed.
2026-06-01 08:00:40.624 xcodebuild[6087:8406445] [MT] IDETestOperationsObserverDebug: 0.000 sec, +0.000 sec -- start
2026-06-01 08:00:40.624 xcodebuild[6087:8406445] [MT] IDETestOperationsObserverDebug: 16.169 sec, +16.169 sec -- end
