Command line invocation:
    /Applications/Xcode.app/Contents/Developer/usr/bin/xcodebuild test-without-building -project /Users/jojolim/Developer/products/speaklocal/app-family/.worktrees/city-listings-production-ready/native-ios/SpeakLocalNative.xcodeproj -scheme SpeakLocalNative -destination "platform=iOS Simulator,id=7C386DD3-4BF1-4A34-A918-768C43CD1258" -derivedDataPath /Users/jojolim/Library/Developer/XcodeBuildMCP/workspaces/orchestrator-309442864093/DerivedData/SpeakLocalNative-8f3e721625a0 "-only-testing:SpeakLocalNativeUITests/CityAppDetailV22RenderProofUITests/testCaptureCityAppDetailV22RenderProofBatch"

2026-06-01 05:00:55.340101+0700 SpeakLocalNativeUITests-Runner[61155:7633317] [Default] Running tests...
    t =      nans Interface orientation changed to Portrait
Test Suite 'Selected tests' started at 2026-06-01 05:00:55.713.
Test Suite 'SpeakLocalNativeUITests.xctest' started at 2026-06-01 05:00:55.713.
Test Suite 'CityAppDetailV22RenderProofUITests' started at 2026-06-01 05:00:55.713.
Test Case '-[SpeakLocalNativeUITests.CityAppDetailV22RenderProofUITests testCaptureCityAppDetailV22RenderProofBatch]' started.
    t =     0.00s Start Test at 2026-06-01 05:00:55.714
    t =     0.02s Set Up
    t =     0.02s Open app.speaklocal.vietnam.native
    t =     0.02s     Launch app.speaklocal.vietnam.native
objc[61155]: Class UIAccessibilityLoaderWebShared is implemented in both /Library/Developer/CoreSimulator/Volumes/iOS_23F77/Library/Developer/CoreSimulator/Profiles/Runtimes/iOS 26.5.simruntime/Contents/Resources/RuntimeRoot/System/Library/AccessibilityBundles/WebCore.axbundle/WebCore (0x10a230310) and /Library/Developer/CoreSimulator/Volumes/iOS_23F77/Library/Developer/CoreSimulator/Profiles/Runtimes/iOS 26.5.simruntime/Contents/Resources/RuntimeRoot/System/Library/AccessibilityBundles/WebKit.axbundle/WebKit (0x109b40398). This may cause spurious casting failures and mysterious crashes. One of the duplicates must be removed or renamed.
    t =     1.70s         Setting up automation session
    t =     2.26s         Wait for app.speaklocal.vietnam.native to idle
    t =     3.83s Checking existence of `"Bán đảo Sơn Trà" StaticText`
    t =     4.00s Waiting 8.0s for "Bán đảo Sơn Trà" StaticText to exist
    t =     5.06s     Checking `Expect predicate `existsNoRetry == 1` for object "Bán đảo Sơn Trà" StaticText`
    t =     5.07s         Checking existence of `"Bán đảo Sơn Trà" StaticText`
    t =     5.25s Swipe up Target Application 'app.speaklocal.vietnam.native'
    t =     5.25s     Wait for app.speaklocal.vietnam.native to idle
    t =     5.25s     Find the Target Application 'app.speaklocal.vietnam.native'
    t =     5.26s     Check for interrupting elements affecting "SpeakLocal Vietnam" Application
    t =     5.29s     Synthesize event
    t =     5.71s     Wait for app.speaklocal.vietnam.native to idle
    t =     7.85s Swipe up Target Application 'app.speaklocal.vietnam.native'
    t =     7.85s     Wait for app.speaklocal.vietnam.native to idle
    t =     7.85s     Find the Target Application 'app.speaklocal.vietnam.native'
    t =     7.89s     Check for interrupting elements affecting "SpeakLocal Vietnam" Application
    t =     7.91s     Synthesize event
    t =     8.33s     Wait for app.speaklocal.vietnam.native to idle
    t =     9.21s Terminate app.speaklocal.vietnam.native:61190
    t =    10.30s Open app.speaklocal.vietnam.native
    t =    10.30s     Launch app.speaklocal.vietnam.native
    t =    10.52s         Setting up automation session
    t =    11.01s         Wait for app.speaklocal.vietnam.native to idle
    t =    12.50s Waiting 4.0s for TabBar (First Match) to exist
    t =    13.58s     Checking `Expect predicate `existsNoRetry == 1` for object TabBar (First Match)`
    t =    13.58s         Checking existence of `TabBar (First Match)`
    t =    13.64s Checking existence of `"PhraseArticle.BottomSentinel.viet-family-city-danang-place-son-tra" Other`
    t =    13.72s Checking existence of `"PhraseArticle.BottomSentinel.viet-phrase-city-danang-place-son-tra" Other`
    t =    13.74s Find the "PhraseArticle.BottomSentinel.viet-phrase-city-danang-place-son-tra" Other
    t =    13.76s Checking existence of `TabBar (First Match)`
    t =    13.77s Find the TabBar (First Match)
    t =    13.78s Find the Target Application 'app.speaklocal.vietnam.native'
    t =    13.87s Terminate app.speaklocal.vietnam.native:61324
    t =    14.96s Tear Down
Test Case '-[SpeakLocalNativeUITests.CityAppDetailV22RenderProofUITests testCaptureCityAppDetailV22RenderProofBatch]' passed (15.023 seconds).
Test Suite 'CityAppDetailV22RenderProofUITests' passed at 2026-06-01 05:01:10.738.
	 Executed 1 test, with 0 failures (0 unexpected) in 15.023 (15.025) seconds
Test Suite 'SpeakLocalNativeUITests.xctest' passed at 2026-06-01 05:01:10.739.
	 Executed 1 test, with 0 failures (0 unexpected) in 15.023 (15.026) seconds
Test Suite 'Selected tests' passed at 2026-06-01 05:01:10.739.
	 Executed 1 test, with 0 failures (0 unexpected) in 15.023 (15.027) seconds

Test session results, code coverage, and logs:
	/Users/jojolim/Library/Developer/XcodeBuildMCP/workspaces/orchestrator-309442864093/DerivedData/SpeakLocalNative-8f3e721625a0/Logs/Test/Test-SpeakLocalNative-2026.06.01_05-00-54-+0700.xcresult

** TEST EXECUTE SUCCEEDED **

Testing started

2026-06-01 05:00:55.778 xcodebuild[61146:7633115] [MT] IDELaunchParametersSnapshot: The operation couldn’t be completed. (DebuggerLLDB.DebuggerVersionStore.StoreError error 0.)
2026-06-01 05:00:55.778 xcodebuild[61146:7633115] [MT] IDELaunchParametersSnapshot: no debugger version
2026-06-01 05:01:06.019 xcodebuild[61146:7633115] [MT] IDELaunchParametersSnapshot: The operation couldn’t be completed. (DebuggerLLDB.DebuggerVersionStore.StoreError error 0.)
2026-06-01 05:01:06.019 xcodebuild[61146:7633115] [MT] IDELaunchParametersSnapshot: no debugger version
2026-06-01 05:01:11.040 xcodebuild[61146:7633115] [MT] IDETestOperationsObserverDebug: 16.491 elapsed -- Testing started completed.
2026-06-01 05:01:11.040 xcodebuild[61146:7633115] [MT] IDETestOperationsObserverDebug: 0.000 sec, +0.000 sec -- start
2026-06-01 05:01:11.040 xcodebuild[61146:7633115] [MT] IDETestOperationsObserverDebug: 16.491 sec, +16.491 sec -- end
