Command line invocation:
    /Applications/Xcode.app/Contents/Developer/usr/bin/xcodebuild test-without-building -project /Users/jojolim/Developer/products/speaklocal/app-family/.worktrees/city-listings-production-ready/native-ios/SpeakLocalNative.xcodeproj -scheme SpeakLocalNative -destination "platform=iOS Simulator,id=7C386DD3-4BF1-4A34-A918-768C43CD1258" -derivedDataPath /Users/jojolim/Library/Developer/XcodeBuildMCP/workspaces/orchestrator-309442864093/DerivedData/SpeakLocalNative-8f3e721625a0 "-only-testing:SpeakLocalNativeUITests/CityAppDetailV22RenderProofUITests/testCaptureCityAppDetailV22RenderProofBatch"

2026-06-01 07:01:45.596714+0700 SpeakLocalNativeUITests-Runner[31807:8160132] [Default] Running tests...
    t =      nans Interface orientation changed to Portrait
Test Suite 'Selected tests' started at 2026-06-01 07:01:45.995.
Test Suite 'SpeakLocalNativeUITests.xctest' started at 2026-06-01 07:01:45.995.
Test Suite 'CityAppDetailV22RenderProofUITests' started at 2026-06-01 07:01:45.995.
Test Case '-[SpeakLocalNativeUITests.CityAppDetailV22RenderProofUITests testCaptureCityAppDetailV22RenderProofBatch]' started.
    t =     0.00s Start Test at 2026-06-01 07:01:45.996
    t =     0.02s Set Up
    t =     0.02s Open app.speaklocal.vietnam.native
    t =     0.02s     Launch app.speaklocal.vietnam.native
objc[31807]: Class UIAccessibilityLoaderWebShared is implemented in both /Library/Developer/CoreSimulator/Volumes/iOS_23F77/Library/Developer/CoreSimulator/Profiles/Runtimes/iOS 26.5.simruntime/Contents/Resources/RuntimeRoot/System/Library/AccessibilityBundles/WebCore.axbundle/WebCore (0x108400310) and /Library/Developer/CoreSimulator/Volumes/iOS_23F77/Library/Developer/CoreSimulator/Profiles/Runtimes/iOS 26.5.simruntime/Contents/Resources/RuntimeRoot/System/Library/AccessibilityBundles/WebKit.axbundle/WebKit (0x107c4c398). This may cause spurious casting failures and mysterious crashes. One of the duplicates must be removed or renamed.
    t =     1.89s         Setting up automation session
    t =     2.46s         Wait for app.speaklocal.vietnam.native to idle
    t =     3.95s Checking existence of `"The Note Coffee" StaticText`
    t =     4.09s Waiting 8.0s for "The Note Coffee" StaticText to exist
    t =     5.11s     Checking `Expect predicate `existsNoRetry == 1` for object "The Note Coffee" StaticText`
    t =     5.11s         Checking existence of `"The Note Coffee" StaticText`
    t =     5.25s Swipe up Target Application 'app.speaklocal.vietnam.native'
    t =     5.25s     Wait for app.speaklocal.vietnam.native to idle
    t =     5.25s     Find the Target Application 'app.speaklocal.vietnam.native'
    t =     5.27s     Check for interrupting elements affecting "SpeakLocal Vietnam" Application
    t =     5.29s     Synthesize event
    t =     5.71s     Wait for app.speaklocal.vietnam.native to idle
    t =     7.81s Swipe up Target Application 'app.speaklocal.vietnam.native'
    t =     7.81s     Wait for app.speaklocal.vietnam.native to idle
    t =     7.81s     Find the Target Application 'app.speaklocal.vietnam.native'
    t =     7.84s     Check for interrupting elements affecting "SpeakLocal Vietnam" Application
    t =     7.86s     Synthesize event
    t =     8.29s     Wait for app.speaklocal.vietnam.native to idle
    t =     9.29s Terminate app.speaklocal.vietnam.native:31892
    t =    10.36s Open app.speaklocal.vietnam.native
    t =    10.36s     Launch app.speaklocal.vietnam.native
    t =    10.58s         Setting up automation session
    t =    11.11s         Wait for app.speaklocal.vietnam.native to idle
    t =    12.59s Waiting 4.0s for TabBar (First Match) to exist
    t =    13.64s     Checking `Expect predicate `existsNoRetry == 1` for object TabBar (First Match)`
    t =    13.64s         Checking existence of `TabBar (First Match)`
    t =    13.69s Checking existence of `"PhraseArticle.BottomSentinel.viet-family-city-hanoi-place-the-note-coffee" Other`
    t =    13.78s Checking existence of `"PhraseArticle.BottomSentinel.viet-phrase-city-hanoi-place-the-note-coffee" Other`
    t =    13.80s Find the "PhraseArticle.BottomSentinel.viet-phrase-city-hanoi-place-the-note-coffee" Other
    t =    13.82s Checking existence of `TabBar (First Match)`
    t =    13.83s Find the TabBar (First Match)
    t =    13.84s Find the Target Application 'app.speaklocal.vietnam.native'
    t =    13.93s Terminate app.speaklocal.vietnam.native:31981
    t =    15.01s Tear Down
Test Case '-[SpeakLocalNativeUITests.CityAppDetailV22RenderProofUITests testCaptureCityAppDetailV22RenderProofBatch]' passed (15.083 seconds).
Test Suite 'CityAppDetailV22RenderProofUITests' passed at 2026-06-01 07:02:01.079.
	 Executed 1 test, with 0 failures (0 unexpected) in 15.083 (15.084) seconds
Test Suite 'SpeakLocalNativeUITests.xctest' passed at 2026-06-01 07:02:01.080.
	 Executed 1 test, with 0 failures (0 unexpected) in 15.083 (15.084) seconds
Test Suite 'Selected tests' passed at 2026-06-01 07:02:01.080.
	 Executed 1 test, with 0 failures (0 unexpected) in 15.083 (15.085) seconds

Test session results, code coverage, and logs:
	/Users/jojolim/Library/Developer/XcodeBuildMCP/workspaces/orchestrator-309442864093/DerivedData/SpeakLocalNative-8f3e721625a0/Logs/Test/Test-SpeakLocalNative-2026.06.01_07-01-44-+0700.xcresult

** TEST EXECUTE SUCCEEDED **

Testing started

2026-06-01 07:01:46.058 xcodebuild[31798:8159952] [MT] IDELaunchParametersSnapshot: The operation couldn’t be completed. (DebuggerLLDB.DebuggerVersionStore.StoreError error 0.)
2026-06-01 07:01:46.058 xcodebuild[31798:8159952] [MT] IDELaunchParametersSnapshot: no debugger version
2026-06-01 07:01:56.361 xcodebuild[31798:8159952] [MT] IDELaunchParametersSnapshot: The operation couldn’t be completed. (DebuggerLLDB.DebuggerVersionStore.StoreError error 0.)
2026-06-01 07:01:56.361 xcodebuild[31798:8159952] [MT] IDELaunchParametersSnapshot: no debugger version
2026-06-01 07:02:01.376 xcodebuild[31798:8159952] [MT] IDETestOperationsObserverDebug: 16.565 elapsed -- Testing started completed.
2026-06-01 07:02:01.376 xcodebuild[31798:8159952] [MT] IDETestOperationsObserverDebug: 0.000 sec, +0.000 sec -- start
2026-06-01 07:02:01.376 xcodebuild[31798:8159952] [MT] IDETestOperationsObserverDebug: 16.565 sec, +16.565 sec -- end
