Command line invocation:
    /Applications/Xcode.app/Contents/Developer/usr/bin/xcodebuild test-without-building -project /Users/jojolim/Developer/products/speaklocal/app-family/.worktrees/city-listings-production-ready/native-ios/SpeakLocalNative.xcodeproj -scheme SpeakLocalNative -destination "platform=iOS Simulator,id=7C386DD3-4BF1-4A34-A918-768C43CD1258" -derivedDataPath /Users/jojolim/Library/Developer/XcodeBuildMCP/workspaces/orchestrator-309442864093/DerivedData/SpeakLocalNative-8f3e721625a0 "-only-testing:SpeakLocalNativeUITests/CityAppDetailV22RenderProofUITests/testCaptureCityAppDetailV22RenderProofBatch"

2026-06-01 04:40:40.562094+0700 SpeakLocalNativeUITests-Runner[39363:7547302] [Default] Running tests...
    t =      nans Interface orientation changed to Portrait
Test Suite 'Selected tests' started at 2026-06-01 04:40:40.935.
Test Suite 'SpeakLocalNativeUITests.xctest' started at 2026-06-01 04:40:40.936.
Test Suite 'CityAppDetailV22RenderProofUITests' started at 2026-06-01 04:40:40.936.
Test Case '-[SpeakLocalNativeUITests.CityAppDetailV22RenderProofUITests testCaptureCityAppDetailV22RenderProofBatch]' started.
    t =     0.00s Start Test at 2026-06-01 04:40:40.936
    t =     0.02s Set Up
    t =     0.02s Open app.speaklocal.vietnam.native
    t =     0.02s     Launch app.speaklocal.vietnam.native
objc[39363]: Class UIAccessibilityLoaderWebShared is implemented in both /Library/Developer/CoreSimulator/Volumes/iOS_23F77/Library/Developer/CoreSimulator/Profiles/Runtimes/iOS 26.5.simruntime/Contents/Resources/RuntimeRoot/System/Library/AccessibilityBundles/WebCore.axbundle/WebCore (0x10a660310) and /Library/Developer/CoreSimulator/Volumes/iOS_23F77/Library/Developer/CoreSimulator/Profiles/Runtimes/iOS 26.5.simruntime/Contents/Resources/RuntimeRoot/System/Library/AccessibilityBundles/WebKit.axbundle/WebKit (0x109eb4398). This may cause spurious casting failures and mysterious crashes. One of the duplicates must be removed or renamed.
    t =     1.90s         Setting up automation session
    t =     2.27s         Wait for app.speaklocal.vietnam.native to idle
    t =     3.72s Checking existence of `"Bánh mì Huỳnh Hoa" StaticText`
    t =     3.86s Waiting 8.0s for "Bánh mì Huỳnh Hoa" StaticText to exist
    t =     4.92s     Checking `Expect predicate `existsNoRetry == 1` for object "Bánh mì Huỳnh Hoa" StaticText`
    t =     4.92s         Checking existence of `"Bánh mì Huỳnh Hoa" StaticText`
    t =     5.08s Swipe up Target Application 'app.speaklocal.vietnam.native'
    t =     5.08s     Wait for app.speaklocal.vietnam.native to idle
    t =     5.08s     Find the Target Application 'app.speaklocal.vietnam.native'
    t =     5.09s     Check for interrupting elements affecting "SpeakLocal Vietnam" Application
    t =     5.11s     Synthesize event
    t =     5.53s     Wait for app.speaklocal.vietnam.native to idle
    t =     7.63s Swipe up Target Application 'app.speaklocal.vietnam.native'
    t =     7.63s     Wait for app.speaklocal.vietnam.native to idle
    t =     7.75s     Find the Target Application 'app.speaklocal.vietnam.native'
    t =     7.78s     Check for interrupting elements affecting "SpeakLocal Vietnam" Application
    t =     7.81s     Synthesize event
    t =     8.23s     Wait for app.speaklocal.vietnam.native to idle
    t =     9.24s Terminate app.speaklocal.vietnam.native:39446
    t =    10.33s Open app.speaklocal.vietnam.native
    t =    10.33s     Launch app.speaklocal.vietnam.native
    t =    10.55s         Setting up automation session
    t =    11.05s         Wait for app.speaklocal.vietnam.native to idle
    t =    12.52s Waiting 4.0s for TabBar (First Match) to exist
    t =    13.60s     Checking `Expect predicate `existsNoRetry == 1` for object TabBar (First Match)`
    t =    13.60s         Checking existence of `TabBar (First Match)`
    t =    13.63s Checking existence of `"PhraseArticle.BottomSentinel.viet-family-city-hcmc-place-banh-mi-huynh-hoa" Other`
    t =    13.71s Checking existence of `"PhraseArticle.BottomSentinel.viet-phrase-city-hcmc-place-banh-mi-huynh-hoa" Other`
    t =    13.73s Find the "PhraseArticle.BottomSentinel.viet-phrase-city-hcmc-place-banh-mi-huynh-hoa" Other
    t =    13.76s Checking existence of `TabBar (First Match)`
    t =    13.76s Find the TabBar (First Match)
    t =    13.77s Find the Target Application 'app.speaklocal.vietnam.native'
    t =    13.87s Terminate app.speaklocal.vietnam.native:39532
    t =    14.95s Tear Down
Test Case '-[SpeakLocalNativeUITests.CityAppDetailV22RenderProofUITests testCaptureCityAppDetailV22RenderProofBatch]' passed (15.016 seconds).
Test Suite 'CityAppDetailV22RenderProofUITests' passed at 2026-06-01 04:40:55.953.
	 Executed 1 test, with 0 failures (0 unexpected) in 15.016 (15.017) seconds
Test Suite 'SpeakLocalNativeUITests.xctest' passed at 2026-06-01 04:40:55.954.
	 Executed 1 test, with 0 failures (0 unexpected) in 15.016 (15.018) seconds
Test Suite 'Selected tests' passed at 2026-06-01 04:40:55.954.
	 Executed 1 test, with 0 failures (0 unexpected) in 15.016 (15.019) seconds

Test session results, code coverage, and logs:
	/Users/jojolim/Library/Developer/XcodeBuildMCP/workspaces/orchestrator-309442864093/DerivedData/SpeakLocalNative-8f3e721625a0/Logs/Test/Test-SpeakLocalNative-2026.06.01_04-40-39-+0700.xcresult

** TEST EXECUTE SUCCEEDED **

Testing started

2026-06-01 04:40:40.994 xcodebuild[39361:7547121] [MT] IDELaunchParametersSnapshot: The operation couldn’t be completed. (DebuggerLLDB.DebuggerVersionStore.StoreError error 0.)
2026-06-01 04:40:40.994 xcodebuild[39361:7547121] [MT] IDELaunchParametersSnapshot: no debugger version
2026-06-01 04:40:51.274 xcodebuild[39361:7547121] [MT] IDELaunchParametersSnapshot: The operation couldn’t be completed. (DebuggerLLDB.DebuggerVersionStore.StoreError error 0.)
2026-06-01 04:40:51.274 xcodebuild[39361:7547121] [MT] IDELaunchParametersSnapshot: no debugger version
2026-06-01 04:40:56.258 xcodebuild[39361:7547121] [MT] IDETestOperationsObserverDebug: 16.488 elapsed -- Testing started completed.
2026-06-01 04:40:56.258 xcodebuild[39361:7547121] [MT] IDETestOperationsObserverDebug: 0.000 sec, +0.000 sec -- start
2026-06-01 04:40:56.258 xcodebuild[39361:7547121] [MT] IDETestOperationsObserverDebug: 16.488 sec, +16.488 sec -- end
