Command line invocation:
    /Applications/Xcode.app/Contents/Developer/usr/bin/xcodebuild test-without-building -project /Users/jojolim/Developer/products/speaklocal/app-family/.worktrees/city-listings-production-ready/native-ios/SpeakLocalNative.xcodeproj -scheme SpeakLocalNative -destination "platform=iOS Simulator,id=7C386DD3-4BF1-4A34-A918-768C43CD1258" -derivedDataPath /Users/jojolim/Library/Developer/XcodeBuildMCP/workspaces/orchestrator-309442864093/DerivedData/SpeakLocalNative-8f3e721625a0 "-only-testing:SpeakLocalNativeUITests/CityAppDetailV22RenderProofUITests/testCaptureCityAppDetailV22RenderProofBatch"

2026-06-01 02:51:35.412629+0700 SpeakLocalNativeUITests-Runner[10783:7115436] [Default] Running tests...
    t =      nans Interface orientation changed to Portrait
Test Suite 'Selected tests' started at 2026-06-01 02:51:35.948.
Test Suite 'SpeakLocalNativeUITests.xctest' started at 2026-06-01 02:51:35.948.
Test Suite 'CityAppDetailV22RenderProofUITests' started at 2026-06-01 02:51:35.948.
Test Case '-[SpeakLocalNativeUITests.CityAppDetailV22RenderProofUITests testCaptureCityAppDetailV22RenderProofBatch]' started.
    t =     0.00s Start Test at 2026-06-01 02:51:35.949
    t =     0.02s Set Up
    t =     0.03s Open app.speaklocal.vietnam.native
    t =     0.03s     Launch app.speaklocal.vietnam.native
objc[10783]: Class UIAccessibilityLoaderWebShared is implemented in both /Library/Developer/CoreSimulator/Volumes/iOS_23F77/Library/Developer/CoreSimulator/Profiles/Runtimes/iOS 26.5.simruntime/Contents/Resources/RuntimeRoot/System/Library/AccessibilityBundles/WebCore.axbundle/WebCore (0x108d48310) and /Library/Developer/CoreSimulator/Volumes/iOS_23F77/Library/Developer/CoreSimulator/Profiles/Runtimes/iOS 26.5.simruntime/Contents/Resources/RuntimeRoot/System/Library/AccessibilityBundles/WebKit.axbundle/WebKit (0x10860c398). This may cause spurious casting failures and mysterious crashes. One of the duplicates must be removed or renamed.
    t =     2.73s         Setting up automation session
    t =     3.41s         Wait for app.speaklocal.vietnam.native to idle
    t =     5.25s Checking existence of `"Gia" StaticText`
    t =     5.49s Waiting 8.0s for "Gia" StaticText to exist
    t =     6.56s     Checking `Expect predicate `existsNoRetry == 1` for object "Gia" StaticText`
    t =     6.56s         Checking existence of `"Gia" StaticText`
    t =     6.71s Swipe up Target Application 'app.speaklocal.vietnam.native'
    t =     6.71s     Wait for app.speaklocal.vietnam.native to idle
    t =     6.71s     Find the Target Application 'app.speaklocal.vietnam.native'
    t =     6.73s     Check for interrupting elements affecting "SpeakLocal Vietnam" Application
    t =     6.75s     Synthesize event
    t =     7.17s     Wait for app.speaklocal.vietnam.native to idle
    t =     9.27s Swipe up Target Application 'app.speaklocal.vietnam.native'
    t =     9.27s     Wait for app.speaklocal.vietnam.native to idle
    t =     9.28s     Find the Target Application 'app.speaklocal.vietnam.native'
    t =     9.30s     Check for interrupting elements affecting "SpeakLocal Vietnam" Application
    t =     9.33s     Synthesize event
    t =     9.75s     Wait for app.speaklocal.vietnam.native to idle
    t =    10.81s Terminate app.speaklocal.vietnam.native:10861
    t =    11.91s Open app.speaklocal.vietnam.native
    t =    11.91s     Launch app.speaklocal.vietnam.native
    t =    12.11s         Setting up automation session
    t =    12.76s         Wait for app.speaklocal.vietnam.native to idle
    t =    14.57s Waiting 4.0s for TabBar (First Match) to exist
    t =    15.65s     Checking `Expect predicate `existsNoRetry == 1` for object TabBar (First Match)`
    t =    15.65s         Checking existence of `TabBar (First Match)`
    t =    15.69s Checking existence of `"PhraseArticle.BottomSentinel.viet-family-city-hanoi-place-gia" Other`
    t =    15.81s Checking existence of `"PhraseArticle.BottomSentinel.viet-phrase-city-hanoi-place-gia" Other`
    t =    15.84s Find the "PhraseArticle.BottomSentinel.viet-phrase-city-hanoi-place-gia" Other
    t =    15.86s Checking existence of `TabBar (First Match)`
    t =    15.87s Find the TabBar (First Match)
    t =    15.88s Find the Target Application 'app.speaklocal.vietnam.native'
    t =    16.00s Terminate app.speaklocal.vietnam.native:10954
    t =    17.09s Tear Down
Test Case '-[SpeakLocalNativeUITests.CityAppDetailV22RenderProofUITests testCaptureCityAppDetailV22RenderProofBatch]' passed (17.144 seconds).
Test Suite 'CityAppDetailV22RenderProofUITests' passed at 2026-06-01 02:51:53.093.
	 Executed 1 test, with 0 failures (0 unexpected) in 17.144 (17.145) seconds
Test Suite 'SpeakLocalNativeUITests.xctest' passed at 2026-06-01 02:51:53.094.
	 Executed 1 test, with 0 failures (0 unexpected) in 17.144 (17.146) seconds
Test Suite 'Selected tests' passed at 2026-06-01 02:51:53.094.
	 Executed 1 test, with 0 failures (0 unexpected) in 17.144 (17.147) seconds

Test session results, code coverage, and logs:
	/Users/jojolim/Library/Developer/XcodeBuildMCP/workspaces/orchestrator-309442864093/DerivedData/SpeakLocalNative-8f3e721625a0/Logs/Test/Test-SpeakLocalNative-2026.06.01_02-51-34-+0700.xcresult

** TEST EXECUTE SUCCEEDED **

Testing started

2026-06-01 02:51:36.009 xcodebuild[10763:7115223] [MT] IDELaunchParametersSnapshot: The operation couldn’t be completed. (DebuggerLLDB.DebuggerVersionStore.StoreError error 0.)
2026-06-01 02:51:36.009 xcodebuild[10763:7115223] [MT] IDELaunchParametersSnapshot: no debugger version
2026-06-01 02:51:47.856 xcodebuild[10763:7115223] [MT] IDELaunchParametersSnapshot: The operation couldn’t be completed. (DebuggerLLDB.DebuggerVersionStore.StoreError error 0.)
2026-06-01 02:51:47.856 xcodebuild[10763:7115223] [MT] IDELaunchParametersSnapshot: no debugger version
2026-06-01 02:51:53.391 xcodebuild[10763:7115223] [MT] IDETestOperationsObserverDebug: 19.118 elapsed -- Testing started completed.
2026-06-01 02:51:53.391 xcodebuild[10763:7115223] [MT] IDETestOperationsObserverDebug: 0.000 sec, +0.000 sec -- start
2026-06-01 02:51:53.391 xcodebuild[10763:7115223] [MT] IDETestOperationsObserverDebug: 19.118 sec, +19.118 sec -- end
