Command line invocation:
    /Applications/Xcode.app/Contents/Developer/usr/bin/xcodebuild test-without-building -project /Users/jojolim/Developer/products/speaklocal/app-family/.worktrees/city-listings-production-ready/native-ios/SpeakLocalNative.xcodeproj -scheme SpeakLocalNative -destination "platform=iOS Simulator,id=7C386DD3-4BF1-4A34-A918-768C43CD1258" -derivedDataPath /Users/jojolim/Library/Developer/XcodeBuildMCP/workspaces/orchestrator-309442864093/DerivedData/SpeakLocalNative-8f3e721625a0 "-only-testing:SpeakLocalNativeUITests/CityAppDetailV22RenderProofUITests/testCaptureCityAppDetailV22RenderProofBatch"

2026-06-01 08:52:02.288870+0700 SpeakLocalNativeUITests-Runner[53299:8587327] [Default] Running tests...
    t =      nans Interface orientation changed to Portrait
Test Suite 'Selected tests' started at 2026-06-01 08:52:02.662.
Test Suite 'SpeakLocalNativeUITests.xctest' started at 2026-06-01 08:52:02.662.
Test Suite 'CityAppDetailV22RenderProofUITests' started at 2026-06-01 08:52:02.662.
Test Case '-[SpeakLocalNativeUITests.CityAppDetailV22RenderProofUITests testCaptureCityAppDetailV22RenderProofBatch]' started.
    t =     0.00s Start Test at 2026-06-01 08:52:02.662
    t =     0.02s Set Up
    t =     0.02s Open app.speaklocal.vietnam.native
    t =     0.02s     Launch app.speaklocal.vietnam.native
objc[53299]: Class UIAccessibilityLoaderWebShared is implemented in both /Library/Developer/CoreSimulator/Volumes/iOS_23F77/Library/Developer/CoreSimulator/Profiles/Runtimes/iOS 26.5.simruntime/Contents/Resources/RuntimeRoot/System/Library/AccessibilityBundles/WebCore.axbundle/WebCore (0x10a3bc310) and /Library/Developer/CoreSimulator/Volumes/iOS_23F77/Library/Developer/CoreSimulator/Profiles/Runtimes/iOS 26.5.simruntime/Contents/Resources/RuntimeRoot/System/Library/AccessibilityBundles/WebKit.axbundle/WebKit (0x10a280398). This may cause spurious casting failures and mysterious crashes. One of the duplicates must be removed or renamed.
    t =     1.89s         Setting up automation session
    t =     2.43s         Wait for app.speaklocal.vietnam.native to idle
    t =     3.87s Checking existence of `"Thử đồ may đo Hội An" StaticText`
    t =     4.01s Waiting 8.0s for "Thử đồ may đo Hội An" StaticText to exist
    t =     5.03s     Checking `Expect predicate `existsNoRetry == 1` for object "Thử đồ may đo Hội An" StaticText`
    t =     5.03s         Checking existence of `"Thử đồ may đo Hội An" StaticText`
    t =     5.20s Swipe up Target Application 'app.speaklocal.vietnam.native'
    t =     5.20s     Wait for app.speaklocal.vietnam.native to idle
    t =     5.20s     Find the Target Application 'app.speaklocal.vietnam.native'
    t =     5.22s     Check for interrupting elements affecting "SpeakLocal Vietnam" Application
    t =     5.23s     Synthesize event
    t =     5.66s     Wait for app.speaklocal.vietnam.native to idle
    t =     7.80s Swipe up Target Application 'app.speaklocal.vietnam.native'
    t =     7.80s     Wait for app.speaklocal.vietnam.native to idle
    t =     7.80s     Find the Target Application 'app.speaklocal.vietnam.native'
    t =     7.82s     Check for interrupting elements affecting "SpeakLocal Vietnam" Application
    t =     7.84s     Synthesize event
    t =     8.27s     Wait for app.speaklocal.vietnam.native to idle
    t =     9.00s Terminate app.speaklocal.vietnam.native:53313
    t =    10.07s Open app.speaklocal.vietnam.native
    t =    10.07s     Launch app.speaklocal.vietnam.native
    t =    10.29s         Setting up automation session
    t =    10.77s         Wait for app.speaklocal.vietnam.native to idle
    t =    12.22s Waiting 4.0s for TabBar (First Match) to exist
    t =    13.26s     Checking `Expect predicate `existsNoRetry == 1` for object TabBar (First Match)`
    t =    13.27s         Checking existence of `TabBar (First Match)`
    t =    13.30s Checking existence of `"PhraseArticle.BottomSentinel.viet-family-city-hoian-place-tailor-fitting" Other`
    t =    13.38s Checking existence of `"PhraseArticle.BottomSentinel.viet-phrase-city-hoian-place-tailor-fitting" Other`
    t =    13.40s Find the "PhraseArticle.BottomSentinel.viet-phrase-city-hoian-place-tailor-fitting" Other
    t =    13.43s Checking existence of `TabBar (First Match)`
    t =    13.43s Find the TabBar (First Match)
    t =    13.44s Find the Target Application 'app.speaklocal.vietnam.native'
    t =    13.53s Terminate app.speaklocal.vietnam.native:53330
    t =    14.60s Tear Down
Test Case '-[SpeakLocalNativeUITests.CityAppDetailV22RenderProofUITests testCaptureCityAppDetailV22RenderProofBatch]' passed (14.692 seconds).
Test Suite 'CityAppDetailV22RenderProofUITests' passed at 2026-06-01 08:52:17.355.
	 Executed 1 test, with 0 failures (0 unexpected) in 14.692 (14.693) seconds
Test Suite 'SpeakLocalNativeUITests.xctest' passed at 2026-06-01 08:52:17.356.
	 Executed 1 test, with 0 failures (0 unexpected) in 14.692 (14.694) seconds
Test Suite 'Selected tests' passed at 2026-06-01 08:52:17.356.
	 Executed 1 test, with 0 failures (0 unexpected) in 14.692 (14.695) seconds

Test session results, code coverage, and logs:
	/Users/jojolim/Library/Developer/XcodeBuildMCP/workspaces/orchestrator-309442864093/DerivedData/SpeakLocalNative-8f3e721625a0/Logs/Test/Test-SpeakLocalNative-2026.06.01_08-52-01-+0700.xcresult

** TEST EXECUTE SUCCEEDED **

Testing started

2026-06-01 08:52:02.724 xcodebuild[53295:8587152] [MT] IDELaunchParametersSnapshot: The operation couldn’t be completed. (DebuggerLLDB.DebuggerVersionStore.StoreError error 0.)
2026-06-01 08:52:02.724 xcodebuild[53295:8587152] [MT] IDELaunchParametersSnapshot: no debugger version
2026-06-01 08:52:12.736 xcodebuild[53295:8587152] [MT] IDELaunchParametersSnapshot: The operation couldn’t be completed. (DebuggerLLDB.DebuggerVersionStore.StoreError error 0.)
2026-06-01 08:52:12.736 xcodebuild[53295:8587152] [MT] IDELaunchParametersSnapshot: no debugger version
2026-06-01 08:52:17.657 xcodebuild[53295:8587152] [MT] IDETestOperationsObserverDebug: 16.218 elapsed -- Testing started completed.
2026-06-01 08:52:17.657 xcodebuild[53295:8587152] [MT] IDETestOperationsObserverDebug: 0.000 sec, +0.000 sec -- start
2026-06-01 08:52:17.657 xcodebuild[53295:8587152] [MT] IDETestOperationsObserverDebug: 16.218 sec, +16.218 sec -- end
