Command line invocation:
    /Applications/Xcode.app/Contents/Developer/usr/bin/xcodebuild test-without-building -project /Users/jojolim/Developer/products/speaklocal/app-family/.worktrees/city-listings-production-ready/native-ios/SpeakLocalNative.xcodeproj -scheme SpeakLocalNative -destination "platform=iOS Simulator,id=7C386DD3-4BF1-4A34-A918-768C43CD1258" -derivedDataPath /Users/jojolim/Library/Developer/XcodeBuildMCP/workspaces/orchestrator-309442864093/DerivedData/SpeakLocalNative-8f3e721625a0 "-only-testing:SpeakLocalNativeUITests/CityAppDetailV22RenderProofUITests/testCaptureCityAppDetailV22RenderProofBatch"

2026-06-01 08:55:08.174740+0700 SpeakLocalNativeUITests-Runner[54267:8597131] [Default] Running tests...
    t =      nans Interface orientation changed to Portrait
Test Suite 'Selected tests' started at 2026-06-01 08:55:08.541.
Test Suite 'SpeakLocalNativeUITests.xctest' started at 2026-06-01 08:55:08.541.
Test Suite 'CityAppDetailV22RenderProofUITests' started at 2026-06-01 08:55:08.541.
Test Case '-[SpeakLocalNativeUITests.CityAppDetailV22RenderProofUITests testCaptureCityAppDetailV22RenderProofBatch]' started.
    t =     0.00s Start Test at 2026-06-01 08:55:08.542
    t =     0.02s Set Up
    t =     0.02s Open app.speaklocal.vietnam.native
    t =     0.02s     Launch app.speaklocal.vietnam.native
objc[54267]: Class UIAccessibilityLoaderWebShared is implemented in both /Library/Developer/CoreSimulator/Volumes/iOS_23F77/Library/Developer/CoreSimulator/Profiles/Runtimes/iOS 26.5.simruntime/Contents/Resources/RuntimeRoot/System/Library/AccessibilityBundles/WebCore.axbundle/WebCore (0x108750310) and /Library/Developer/CoreSimulator/Volumes/iOS_23F77/Library/Developer/CoreSimulator/Profiles/Runtimes/iOS 26.5.simruntime/Contents/Resources/RuntimeRoot/System/Library/AccessibilityBundles/WebKit.axbundle/WebKit (0x107b98398). This may cause spurious casting failures and mysterious crashes. One of the duplicates must be removed or renamed.
    t =     1.91s         Setting up automation session
    t =     2.41s         Wait for app.speaklocal.vietnam.native to idle
    t =     3.86s Checking existence of `"Lăng Gia Long" StaticText`
    t =     3.99s Waiting 8.0s for "Lăng Gia Long" StaticText to exist
    t =     5.05s     Checking `Expect predicate `existsNoRetry == 1` for object "Lăng Gia Long" StaticText`
    t =     5.05s         Checking existence of `"Lăng Gia Long" StaticText`
    t =     5.23s Swipe up Target Application 'app.speaklocal.vietnam.native'
    t =     5.23s     Wait for app.speaklocal.vietnam.native to idle
    t =     5.23s     Find the Target Application 'app.speaklocal.vietnam.native'
    t =     5.25s     Check for interrupting elements affecting "SpeakLocal Vietnam" Application
    t =     5.27s     Synthesize event
    t =     5.69s     Wait for app.speaklocal.vietnam.native to idle
    t =     7.84s Swipe up Target Application 'app.speaklocal.vietnam.native'
    t =     7.84s     Wait for app.speaklocal.vietnam.native to idle
    t =     7.84s     Find the Target Application 'app.speaklocal.vietnam.native'
    t =     7.87s     Check for interrupting elements affecting "SpeakLocal Vietnam" Application
    t =     7.89s     Synthesize event
    t =     8.32s     Wait for app.speaklocal.vietnam.native to idle
    t =     9.10s Terminate app.speaklocal.vietnam.native:54284
    t =    10.17s Open app.speaklocal.vietnam.native
    t =    10.17s     Launch app.speaklocal.vietnam.native
    t =    10.39s         Setting up automation session
    t =    10.87s         Wait for app.speaklocal.vietnam.native to idle
    t =    12.33s Waiting 4.0s for TabBar (First Match) to exist
    t =    13.37s     Checking `Expect predicate `existsNoRetry == 1` for object TabBar (First Match)`
    t =    13.38s         Checking existence of `TabBar (First Match)`
    t =    13.41s Checking existence of `"PhraseArticle.BottomSentinel.viet-family-city-hue-place-gia-long-tomb" Other`
    t =    13.50s Checking existence of `"PhraseArticle.BottomSentinel.viet-phrase-city-hue-place-gia-long-tomb" Other`
    t =    13.52s Find the "PhraseArticle.BottomSentinel.viet-phrase-city-hue-place-gia-long-tomb" Other
    t =    13.54s Checking existence of `TabBar (First Match)`
    t =    13.55s Find the TabBar (First Match)
    t =    13.56s Find the Target Application 'app.speaklocal.vietnam.native'
    t =    13.66s Terminate app.speaklocal.vietnam.native:54308
    t =    14.71s Tear Down
Test Case '-[SpeakLocalNativeUITests.CityAppDetailV22RenderProofUITests testCaptureCityAppDetailV22RenderProofBatch]' passed (14.815 seconds).
Test Suite 'CityAppDetailV22RenderProofUITests' passed at 2026-06-01 08:55:23.357.
	 Executed 1 test, with 0 failures (0 unexpected) in 14.815 (14.816) seconds
Test Suite 'SpeakLocalNativeUITests.xctest' passed at 2026-06-01 08:55:23.358.
	 Executed 1 test, with 0 failures (0 unexpected) in 14.815 (14.816) seconds
Test Suite 'Selected tests' passed at 2026-06-01 08:55:23.358.
	 Executed 1 test, with 0 failures (0 unexpected) in 14.815 (14.817) seconds

Test session results, code coverage, and logs:
	/Users/jojolim/Library/Developer/XcodeBuildMCP/workspaces/orchestrator-309442864093/DerivedData/SpeakLocalNative-8f3e721625a0/Logs/Test/Test-SpeakLocalNative-2026.06.01_08-55-07-+0700.xcresult

** TEST EXECUTE SUCCEEDED **

Testing started

2026-06-01 08:55:08.605 xcodebuild[54263:8596945] [MT] IDELaunchParametersSnapshot: The operation couldn’t be completed. (DebuggerLLDB.DebuggerVersionStore.StoreError error 0.)
2026-06-01 08:55:08.605 xcodebuild[54263:8596945] [MT] IDELaunchParametersSnapshot: no debugger version
2026-06-01 08:55:18.718 xcodebuild[54263:8596945] [MT] IDELaunchParametersSnapshot: The operation couldn’t be completed. (DebuggerLLDB.DebuggerVersionStore.StoreError error 0.)
2026-06-01 08:55:18.718 xcodebuild[54263:8596945] [MT] IDELaunchParametersSnapshot: no debugger version
2026-06-01 08:55:23.657 xcodebuild[54263:8596945] [MT] IDETestOperationsObserverDebug: 16.340 elapsed -- Testing started completed.
2026-06-01 08:55:23.657 xcodebuild[54263:8596945] [MT] IDETestOperationsObserverDebug: 0.000 sec, +0.000 sec -- start
2026-06-01 08:55:23.657 xcodebuild[54263:8596945] [MT] IDETestOperationsObserverDebug: 16.340 sec, +16.340 sec -- end
