Command line invocation:
    /Applications/Xcode.app/Contents/Developer/usr/bin/xcodebuild test-without-building -project /Users/jojolim/Developer/products/speaklocal/app-family/.worktrees/city-listings-production-ready/native-ios/SpeakLocalNative.xcodeproj -scheme SpeakLocalNative -destination "platform=iOS Simulator,id=7C386DD3-4BF1-4A34-A918-768C43CD1258" -derivedDataPath /Users/jojolim/Library/Developer/XcodeBuildMCP/workspaces/orchestrator-309442864093/DerivedData/SpeakLocalNative-8f3e721625a0 "-only-testing:SpeakLocalNativeUITests/CityAppDetailV22RenderProofUITests/testCaptureCityAppDetailV22RenderProofBatch"

2026-06-01 09:10:58.369114+0700 SpeakLocalNativeUITests-Runner[64896:8647975] [Default] Running tests...
    t =      nans Interface orientation changed to Portrait
Test Suite 'Selected tests' started at 2026-06-01 09:10:58.746.
Test Suite 'SpeakLocalNativeUITests.xctest' started at 2026-06-01 09:10:58.746.
Test Suite 'CityAppDetailV22RenderProofUITests' started at 2026-06-01 09:10:58.746.
Test Case '-[SpeakLocalNativeUITests.CityAppDetailV22RenderProofUITests testCaptureCityAppDetailV22RenderProofBatch]' started.
    t =     0.00s Start Test at 2026-06-01 09:10:58.747
    t =     0.01s Set Up
    t =     0.02s Open app.speaklocal.vietnam.native
    t =     0.02s     Launch app.speaklocal.vietnam.native
objc[64896]: Class UIAccessibilityLoaderWebShared is implemented in both /Library/Developer/CoreSimulator/Volumes/iOS_23F77/Library/Developer/CoreSimulator/Profiles/Runtimes/iOS 26.5.simruntime/Contents/Resources/RuntimeRoot/System/Library/AccessibilityBundles/WebCore.axbundle/WebCore (0x10ada0310) and /Library/Developer/CoreSimulator/Volumes/iOS_23F77/Library/Developer/CoreSimulator/Profiles/Runtimes/iOS 26.5.simruntime/Contents/Resources/RuntimeRoot/System/Library/AccessibilityBundles/WebKit.axbundle/WebKit (0x10a7e8398). This may cause spurious casting failures and mysterious crashes. One of the duplicates must be removed or renamed.
    t =     1.88s         Setting up automation session
    t =     2.34s         Wait for app.speaklocal.vietnam.native to idle
    t =     3.87s Checking existence of `"Nhà thờ Phủ Cam" StaticText`
    t =     4.01s Waiting 8.0s for "Nhà thờ Phủ Cam" StaticText to exist
    t =     5.07s     Checking `Expect predicate `existsNoRetry == 1` for object "Nhà thờ Phủ Cam" StaticText`
    t =     5.07s         Checking existence of `"Nhà thờ Phủ Cam" StaticText`
    t =     5.24s Swipe up Target Application 'app.speaklocal.vietnam.native'
    t =     5.24s     Wait for app.speaklocal.vietnam.native to idle
    t =     5.24s     Find the Target Application 'app.speaklocal.vietnam.native'
    t =     5.26s     Check for interrupting elements affecting "SpeakLocal Vietnam" Application
    t =     5.27s     Synthesize event
    t =     5.70s     Wait for app.speaklocal.vietnam.native to idle
    t =     7.83s Swipe up Target Application 'app.speaklocal.vietnam.native'
    t =     7.83s     Wait for app.speaklocal.vietnam.native to idle
    t =     7.83s     Find the Target Application 'app.speaklocal.vietnam.native'
    t =     7.85s     Check for interrupting elements affecting "SpeakLocal Vietnam" Application
    t =     7.87s     Synthesize event
    t =     8.29s     Wait for app.speaklocal.vietnam.native to idle
    t =     9.46s Terminate app.speaklocal.vietnam.native:64902
    t =    10.53s Open app.speaklocal.vietnam.native
    t =    10.53s     Launch app.speaklocal.vietnam.native
    t =    10.74s         Setting up automation session
    t =    11.22s         Wait for app.speaklocal.vietnam.native to idle
    t =    12.70s Waiting 4.0s for TabBar (First Match) to exist
    t =    13.76s     Checking `Expect predicate `existsNoRetry == 1` for object TabBar (First Match)`
    t =    13.76s         Checking existence of `TabBar (First Match)`
    t =    13.81s Checking existence of `"PhraseArticle.BottomSentinel.viet-family-city-hue-place-phu-cam-church" Other`
    t =    13.90s Checking existence of `"PhraseArticle.BottomSentinel.viet-phrase-city-hue-place-phu-cam-church" Other`
    t =    13.92s Find the "PhraseArticle.BottomSentinel.viet-phrase-city-hue-place-phu-cam-church" Other
    t =    13.94s Checking existence of `TabBar (First Match)`
    t =    13.95s Find the TabBar (First Match)
    t =    13.95s Find the Target Application 'app.speaklocal.vietnam.native'
    t =    14.05s Terminate app.speaklocal.vietnam.native:65065
    t =    15.13s Tear Down
Test Case '-[SpeakLocalNativeUITests.CityAppDetailV22RenderProofUITests testCaptureCityAppDetailV22RenderProofBatch]' passed (15.222 seconds).
Test Suite 'CityAppDetailV22RenderProofUITests' passed at 2026-06-01 09:11:13.970.
	 Executed 1 test, with 0 failures (0 unexpected) in 15.222 (15.223) seconds
Test Suite 'SpeakLocalNativeUITests.xctest' passed at 2026-06-01 09:11:13.971.
	 Executed 1 test, with 0 failures (0 unexpected) in 15.222 (15.225) seconds
Test Suite 'Selected tests' passed at 2026-06-01 09:11:13.972.
	 Executed 1 test, with 0 failures (0 unexpected) in 15.222 (15.226) seconds

Test session results, code coverage, and logs:
	/Users/jojolim/Library/Developer/XcodeBuildMCP/workspaces/orchestrator-309442864093/DerivedData/SpeakLocalNative-8f3e721625a0/Logs/Test/Test-SpeakLocalNative-2026.06.01_09-10-57-+0700.xcresult

** TEST EXECUTE SUCCEEDED **

Testing started

2026-06-01 09:10:58.793 xcodebuild[64889:8647744] [MT] IDELaunchParametersSnapshot: The operation couldn’t be completed. (DebuggerLLDB.DebuggerVersionStore.StoreError error 0.)
2026-06-01 09:10:58.793 xcodebuild[64889:8647744] [MT] IDELaunchParametersSnapshot: no debugger version
2026-06-01 09:11:09.282 xcodebuild[64889:8647744] [MT] IDELaunchParametersSnapshot: The operation couldn’t be completed. (DebuggerLLDB.DebuggerVersionStore.StoreError error 0.)
2026-06-01 09:11:09.282 xcodebuild[64889:8647744] [MT] IDELaunchParametersSnapshot: no debugger version
2026-06-01 09:11:14.279 xcodebuild[64889:8647744] [MT] IDETestOperationsObserverDebug: 16.774 elapsed -- Testing started completed.
2026-06-01 09:11:14.279 xcodebuild[64889:8647744] [MT] IDETestOperationsObserverDebug: 0.000 sec, +0.000 sec -- start
2026-06-01 09:11:14.279 xcodebuild[64889:8647744] [MT] IDETestOperationsObserverDebug: 16.774 sec, +16.774 sec -- end
