Command line invocation:
    /Applications/Xcode.app/Contents/Developer/usr/bin/xcodebuild test-without-building -project /Users/jojolim/Developer/products/speaklocal/app-family/.worktrees/city-listings-production-ready/native-ios/SpeakLocalNative.xcodeproj -scheme SpeakLocalNative -destination "platform=iOS Simulator,id=7C386DD3-4BF1-4A34-A918-768C43CD1258" -derivedDataPath /Users/jojolim/Library/Developer/XcodeBuildMCP/workspaces/orchestrator-309442864093/DerivedData/SpeakLocalNative-8f3e721625a0 "-only-testing:SpeakLocalNativeUITests/CityAppDetailV22RenderProofUITests/testCaptureCityAppDetailV22RenderProofBatch"

2026-06-01 04:43:50.628143+0700 SpeakLocalNativeUITests-Runner[42482:7561496] [Default] Running tests...
    t =      nans Interface orientation changed to Portrait
Test Suite 'Selected tests' started at 2026-06-01 04:43:51.007.
Test Suite 'SpeakLocalNativeUITests.xctest' started at 2026-06-01 04:43:51.007.
Test Suite 'CityAppDetailV22RenderProofUITests' started at 2026-06-01 04:43:51.007.
Test Case '-[SpeakLocalNativeUITests.CityAppDetailV22RenderProofUITests testCaptureCityAppDetailV22RenderProofBatch]' started.
    t =     0.00s Start Test at 2026-06-01 04:43:51.008
    t =     0.02s Set Up
    t =     0.02s Open app.speaklocal.vietnam.native
    t =     0.02s     Launch app.speaklocal.vietnam.native
objc[42482]: Class UIAccessibilityLoaderWebShared is implemented in both /Library/Developer/CoreSimulator/Volumes/iOS_23F77/Library/Developer/CoreSimulator/Profiles/Runtimes/iOS 26.5.simruntime/Contents/Resources/RuntimeRoot/System/Library/AccessibilityBundles/WebCore.axbundle/WebCore (0x1066bc310) and /Library/Developer/CoreSimulator/Volumes/iOS_23F77/Library/Developer/CoreSimulator/Profiles/Runtimes/iOS 26.5.simruntime/Contents/Resources/RuntimeRoot/System/Library/AccessibilityBundles/WebKit.axbundle/WebKit (0x106764398). This may cause spurious casting failures and mysterious crashes. One of the duplicates must be removed or renamed.
    t =     1.91s         Setting up automation session
    t =     2.39s         Wait for app.speaklocal.vietnam.native to idle
    t =     3.88s Checking existence of `"The Espresso Station" StaticText`
    t =     4.03s Waiting 8.0s for "The Espresso Station" StaticText to exist
    t =     5.10s     Checking `Expect predicate `existsNoRetry == 1` for object "The Espresso Station" StaticText`
    t =     5.10s         Checking existence of `"The Espresso Station" StaticText`
    t =     5.25s Swipe up Target Application 'app.speaklocal.vietnam.native'
    t =     5.25s     Wait for app.speaklocal.vietnam.native to idle
    t =     5.25s     Find the Target Application 'app.speaklocal.vietnam.native'
    t =     5.27s     Check for interrupting elements affecting "SpeakLocal Vietnam" Application
    t =     5.28s     Synthesize event
    t =     5.71s     Wait for app.speaklocal.vietnam.native to idle
    t =     7.81s Swipe up Target Application 'app.speaklocal.vietnam.native'
    t =     7.81s     Wait for app.speaklocal.vietnam.native to idle
    t =     7.81s     Find the Target Application 'app.speaklocal.vietnam.native'
    t =     7.84s     Check for interrupting elements affecting "SpeakLocal Vietnam" Application
    t =     7.86s     Synthesize event
    t =     8.29s     Wait for app.speaklocal.vietnam.native to idle
    t =     9.01s Terminate app.speaklocal.vietnam.native:42561
    t =    10.09s Open app.speaklocal.vietnam.native
    t =    10.09s     Launch app.speaklocal.vietnam.native
    t =    10.31s         Setting up automation session
    t =    10.80s         Wait for app.speaklocal.vietnam.native to idle
    t =    12.30s Waiting 4.0s for TabBar (First Match) to exist
    t =    13.37s     Checking `Expect predicate `existsNoRetry == 1` for object TabBar (First Match)`
    t =    13.37s         Checking existence of `TabBar (First Match)`
    t =    13.43s Checking existence of `"PhraseArticle.BottomSentinel.viet-family-city-hoian-place-espresso-station" Other`
    t =    13.51s Checking existence of `"PhraseArticle.BottomSentinel.viet-phrase-city-hoian-place-espresso-station" Other`
    t =    13.53s Find the "PhraseArticle.BottomSentinel.viet-phrase-city-hoian-place-espresso-station" Other
    t =    13.55s Checking existence of `TabBar (First Match)`
    t =    13.56s Find the TabBar (First Match)
    t =    13.57s Find the Target Application 'app.speaklocal.vietnam.native'
    t =    13.66s Terminate app.speaklocal.vietnam.native:42651
    t =    14.75s Tear Down
Test Case '-[SpeakLocalNativeUITests.CityAppDetailV22RenderProofUITests testCaptureCityAppDetailV22RenderProofBatch]' passed (14.789 seconds).
Test Suite 'CityAppDetailV22RenderProofUITests' passed at 2026-06-01 04:44:05.797.
	 Executed 1 test, with 0 failures (0 unexpected) in 14.789 (14.790) seconds
Test Suite 'SpeakLocalNativeUITests.xctest' passed at 2026-06-01 04:44:05.798.
	 Executed 1 test, with 0 failures (0 unexpected) in 14.789 (14.790) seconds
Test Suite 'Selected tests' passed at 2026-06-01 04:44:05.798.
	 Executed 1 test, with 0 failures (0 unexpected) in 14.789 (14.791) seconds

Test session results, code coverage, and logs:
	/Users/jojolim/Library/Developer/XcodeBuildMCP/workspaces/orchestrator-309442864093/DerivedData/SpeakLocalNative-8f3e721625a0/Logs/Test/Test-SpeakLocalNative-2026.06.01_04-43-49-+0700.xcresult

** TEST EXECUTE SUCCEEDED **

Testing started

2026-06-01 04:43:51.071 xcodebuild[42478:7561313] [MT] IDELaunchParametersSnapshot: The operation couldn’t be completed. (DebuggerLLDB.DebuggerVersionStore.StoreError error 0.)
2026-06-01 04:43:51.071 xcodebuild[42478:7561313] [MT] IDELaunchParametersSnapshot: no debugger version
2026-06-01 04:44:01.103 xcodebuild[42478:7561313] [MT] IDELaunchParametersSnapshot: The operation couldn’t be completed. (DebuggerLLDB.DebuggerVersionStore.StoreError error 0.)
2026-06-01 04:44:01.103 xcodebuild[42478:7561313] [MT] IDELaunchParametersSnapshot: no debugger version
2026-06-01 04:44:06.087 xcodebuild[42478:7561313] [MT] IDETestOperationsObserverDebug: 16.258 elapsed -- Testing started completed.
2026-06-01 04:44:06.087 xcodebuild[42478:7561313] [MT] IDETestOperationsObserverDebug: 0.000 sec, +0.000 sec -- start
2026-06-01 04:44:06.087 xcodebuild[42478:7561313] [MT] IDETestOperationsObserverDebug: 16.258 sec, +16.258 sec -- end
