Command line invocation:
    /Applications/Xcode.app/Contents/Developer/usr/bin/xcodebuild test-without-building -project /Users/jojolim/Developer/products/speaklocal/app-family/.worktrees/city-listings-production-ready/native-ios/SpeakLocalNative.xcodeproj -scheme SpeakLocalNative -destination "platform=iOS Simulator,id=7C386DD3-4BF1-4A34-A918-768C43CD1258" -derivedDataPath /Users/jojolim/Library/Developer/XcodeBuildMCP/workspaces/orchestrator-309442864093/DerivedData/SpeakLocalNative-8f3e721625a0 "-only-testing:SpeakLocalNativeUITests/CityAppDetailV22RenderProofUITests/testCaptureCityAppDetailV22RenderProofBatch"

2026-06-01 02:49:24.654454+0700 SpeakLocalNativeUITests-Runner[8966:7106159] [Default] Running tests...
    t =      nans Interface orientation changed to Portrait
Test Suite 'Selected tests' started at 2026-06-01 02:49:25.269.
Test Suite 'SpeakLocalNativeUITests.xctest' started at 2026-06-01 02:49:25.269.
Test Suite 'CityAppDetailV22RenderProofUITests' started at 2026-06-01 02:49:25.269.
Test Case '-[SpeakLocalNativeUITests.CityAppDetailV22RenderProofUITests testCaptureCityAppDetailV22RenderProofBatch]' started.
    t =     0.00s Start Test at 2026-06-01 02:49:25.270
    t =     0.02s Set Up
    t =     0.03s Open app.speaklocal.vietnam.native
    t =     0.03s     Launch app.speaklocal.vietnam.native
objc[8966]: Class UIAccessibilityLoaderWebShared is implemented in both /Library/Developer/CoreSimulator/Volumes/iOS_23F77/Library/Developer/CoreSimulator/Profiles/Runtimes/iOS 26.5.simruntime/Contents/Resources/RuntimeRoot/System/Library/AccessibilityBundles/WebCore.axbundle/WebCore (0x106ccc310) and /Library/Developer/CoreSimulator/Volumes/iOS_23F77/Library/Developer/CoreSimulator/Profiles/Runtimes/iOS 26.5.simruntime/Contents/Resources/RuntimeRoot/System/Library/AccessibilityBundles/WebKit.axbundle/WebKit (0x1063f8398). This may cause spurious casting failures and mysterious crashes. One of the duplicates must be removed or renamed.
    t =     2.95s         Setting up automation session
    t =     3.73s         Wait for app.speaklocal.vietnam.native to idle
    t =     5.76s Checking existence of `"Bún Riêu Cua 39" StaticText`
    t =     6.06s Waiting 8.0s for "Bún Riêu Cua 39" StaticText to exist
    t =     7.13s     Checking `Expect predicate `existsNoRetry == 1` for object "Bún Riêu Cua 39" StaticText`
    t =     7.13s         Checking existence of `"Bún Riêu Cua 39" StaticText`
    t =     7.26s Swipe up Target Application 'app.speaklocal.vietnam.native'
    t =     7.26s     Wait for app.speaklocal.vietnam.native to idle
    t =     7.26s     Find the Target Application 'app.speaklocal.vietnam.native'
    t =     7.28s     Check for interrupting elements affecting "SpeakLocal Vietnam" Application
    t =     7.30s     Synthesize event
    t =     7.72s     Wait for app.speaklocal.vietnam.native to idle
    t =     9.84s Swipe up Target Application 'app.speaklocal.vietnam.native'
    t =     9.84s     Wait for app.speaklocal.vietnam.native to idle
    t =     9.91s     Find the Target Application 'app.speaklocal.vietnam.native'
    t =     9.95s     Check for interrupting elements affecting "SpeakLocal Vietnam" Application
    t =    10.01s     Synthesize event
    t =    10.44s     Wait for app.speaklocal.vietnam.native to idle
    t =    11.26s Terminate app.speaklocal.vietnam.native:9045
    t =    12.36s Open app.speaklocal.vietnam.native
    t =    12.36s     Launch app.speaklocal.vietnam.native
    t =    12.58s         Setting up automation session
    t =    13.25s         Wait for app.speaklocal.vietnam.native to idle
    t =    15.25s Waiting 4.0s for TabBar (First Match) to exist
    t =    16.32s     Checking `Expect predicate `existsNoRetry == 1` for object TabBar (First Match)`
    t =    16.32s         Checking existence of `TabBar (First Match)`
    t =    16.38s Checking existence of `"PhraseArticle.BottomSentinel.viet-family-city-danang-place-bun-rieu-cua-39" Other`
    t =    16.51s Checking existence of `"PhraseArticle.BottomSentinel.viet-phrase-city-danang-place-bun-rieu-cua-39" Other`
    t =    16.53s Find the "PhraseArticle.BottomSentinel.viet-phrase-city-danang-place-bun-rieu-cua-39" Other
    t =    16.56s Checking existence of `TabBar (First Match)`
    t =    16.57s Find the TabBar (First Match)
    t =    16.58s Find the Target Application 'app.speaklocal.vietnam.native'
    t =    16.70s Terminate app.speaklocal.vietnam.native:9154
    t =    17.80s Tear Down
Test Case '-[SpeakLocalNativeUITests.CityAppDetailV22RenderProofUITests testCaptureCityAppDetailV22RenderProofBatch]' passed (17.852 seconds).
Test Suite 'CityAppDetailV22RenderProofUITests' passed at 2026-06-01 02:49:43.122.
	 Executed 1 test, with 0 failures (0 unexpected) in 17.852 (17.853) seconds
Test Suite 'SpeakLocalNativeUITests.xctest' passed at 2026-06-01 02:49:43.123.
	 Executed 1 test, with 0 failures (0 unexpected) in 17.852 (17.854) seconds
Test Suite 'Selected tests' passed at 2026-06-01 02:49:43.123.
	 Executed 1 test, with 0 failures (0 unexpected) in 17.852 (17.855) seconds

Test session results, code coverage, and logs:
	/Users/jojolim/Library/Developer/XcodeBuildMCP/workspaces/orchestrator-309442864093/DerivedData/SpeakLocalNative-8f3e721625a0/Logs/Test/Test-SpeakLocalNative-2026.06.01_02-49-22-+0700.xcresult

** TEST EXECUTE SUCCEEDED **

Testing started

2026-06-01 02:49:25.343 xcodebuild[8945:7105942] [MT] IDELaunchParametersSnapshot: The operation couldn’t be completed. (DebuggerLLDB.DebuggerVersionStore.StoreError error 0.)
2026-06-01 02:49:25.343 xcodebuild[8945:7105942] [MT] IDELaunchParametersSnapshot: no debugger version
2026-06-01 02:49:37.632 xcodebuild[8945:7105942] [MT] IDELaunchParametersSnapshot: The operation couldn’t be completed. (DebuggerLLDB.DebuggerVersionStore.StoreError error 0.)
2026-06-01 02:49:37.632 xcodebuild[8945:7105942] [MT] IDELaunchParametersSnapshot: no debugger version
2026-06-01 02:49:43.414 xcodebuild[8945:7105942] [MT] IDETestOperationsObserverDebug: 19.966 elapsed -- Testing started completed.
2026-06-01 02:49:43.414 xcodebuild[8945:7105942] [MT] IDETestOperationsObserverDebug: 0.000 sec, +0.000 sec -- start
2026-06-01 02:49:43.414 xcodebuild[8945:7105942] [MT] IDETestOperationsObserverDebug: 19.966 sec, +19.966 sec -- end
