Command line invocation:
    /Applications/Xcode.app/Contents/Developer/usr/bin/xcodebuild test-without-building -project /Users/jojolim/Developer/products/speaklocal/app-family/.worktrees/city-listings-production-ready/native-ios/SpeakLocalNative.xcodeproj -scheme SpeakLocalNative -destination "platform=iOS Simulator,id=7C386DD3-4BF1-4A34-A918-768C43CD1258" -derivedDataPath /Users/jojolim/Library/Developer/XcodeBuildMCP/workspaces/orchestrator-309442864093/DerivedData/SpeakLocalNative-8f3e721625a0 "-only-testing:SpeakLocalNativeUITests/CityAppDetailV22RenderProofUITests/testCaptureCityAppDetailV22RenderProofBatch"

2026-06-01 04:40:22.028694+0700 SpeakLocalNativeUITests-Runner[39086:7545962] [Default] Running tests...
    t =      nans Interface orientation changed to Portrait
Test Suite 'Selected tests' started at 2026-06-01 04:40:22.398.
Test Suite 'SpeakLocalNativeUITests.xctest' started at 2026-06-01 04:40:22.398.
Test Suite 'CityAppDetailV22RenderProofUITests' started at 2026-06-01 04:40:22.398.
Test Case '-[SpeakLocalNativeUITests.CityAppDetailV22RenderProofUITests testCaptureCityAppDetailV22RenderProofBatch]' started.
    t =     0.00s Start Test at 2026-06-01 04:40:22.399
    t =     0.02s Set Up
    t =     0.02s Open app.speaklocal.vietnam.native
    t =     0.02s     Launch app.speaklocal.vietnam.native
objc[39086]: Class UIAccessibilityLoaderWebShared is implemented in both /Library/Developer/CoreSimulator/Volumes/iOS_23F77/Library/Developer/CoreSimulator/Profiles/Runtimes/iOS 26.5.simruntime/Contents/Resources/RuntimeRoot/System/Library/AccessibilityBundles/WebCore.axbundle/WebCore (0x1069d0310) and /Library/Developer/CoreSimulator/Volumes/iOS_23F77/Library/Developer/CoreSimulator/Profiles/Runtimes/iOS 26.5.simruntime/Contents/Resources/RuntimeRoot/System/Library/AccessibilityBundles/WebKit.axbundle/WebKit (0x1061f0398). This may cause spurious casting failures and mysterious crashes. One of the duplicates must be removed or renamed.
    t =     1.90s         Setting up automation session
    t =     2.41s         Wait for app.speaklocal.vietnam.native to idle
    t =     3.91s Checking existence of `"Bánh Cuốn Bà Xuân" StaticText`
    t =     4.06s Waiting 8.0s for "Bánh Cuốn Bà Xuân" StaticText to exist
    t =     5.13s     Checking `Expect predicate `existsNoRetry == 1` for object "Bánh Cuốn Bà Xuân" StaticText`
    t =     5.13s         Checking existence of `"Bánh Cuốn Bà Xuân" StaticText`
    t =     5.29s Swipe up Target Application 'app.speaklocal.vietnam.native'
    t =     5.29s     Wait for app.speaklocal.vietnam.native to idle
    t =     5.29s     Find the Target Application 'app.speaklocal.vietnam.native'
    t =     5.30s     Check for interrupting elements affecting "SpeakLocal Vietnam" Application
    t =     5.32s     Synthesize event
    t =     5.75s     Wait for app.speaklocal.vietnam.native to idle
    t =     7.85s Swipe up Target Application 'app.speaklocal.vietnam.native'
    t =     7.85s     Wait for app.speaklocal.vietnam.native to idle
    t =     7.85s     Find the Target Application 'app.speaklocal.vietnam.native'
    t =     7.88s     Check for interrupting elements affecting "SpeakLocal Vietnam" Application
    t =     7.92s     Synthesize event
    t =     8.35s     Wait for app.speaklocal.vietnam.native to idle
    t =    10.55s Terminate app.speaklocal.vietnam.native:39165
    t =    11.64s Open app.speaklocal.vietnam.native
    t =    11.65s     Launch app.speaklocal.vietnam.native
    t =    11.85s         Setting up automation session
    t =    12.29s         Wait for app.speaklocal.vietnam.native to idle
    t =    13.76s Waiting 4.0s for TabBar (First Match) to exist
    t =    14.83s     Checking `Expect predicate `existsNoRetry == 1` for object TabBar (First Match)`
    t =    14.83s         Checking existence of `TabBar (First Match)`
    t =    14.89s Checking existence of `"PhraseArticle.BottomSentinel.viet-family-city-hanoi-place-banh-cuon-ba-xuan" Other`
    t =    14.97s Checking existence of `"PhraseArticle.BottomSentinel.viet-phrase-city-hanoi-place-banh-cuon-ba-xuan" Other`
    t =    15.00s Find the "PhraseArticle.BottomSentinel.viet-phrase-city-hanoi-place-banh-cuon-ba-xuan" Other
    t =    15.02s Checking existence of `TabBar (First Match)`
    t =    15.03s Find the TabBar (First Match)
    t =    15.03s Find the Target Application 'app.speaklocal.vietnam.native'
    t =    15.14s Terminate app.speaklocal.vietnam.native:39259
    t =    16.23s Tear Down
Test Case '-[SpeakLocalNativeUITests.CityAppDetailV22RenderProofUITests testCaptureCityAppDetailV22RenderProofBatch]' passed (16.306 seconds).
Test Suite 'CityAppDetailV22RenderProofUITests' passed at 2026-06-01 04:40:38.705.
	 Executed 1 test, with 0 failures (0 unexpected) in 16.306 (16.307) seconds
Test Suite 'SpeakLocalNativeUITests.xctest' passed at 2026-06-01 04:40:38.706.
	 Executed 1 test, with 0 failures (0 unexpected) in 16.306 (16.308) seconds
Test Suite 'Selected tests' passed at 2026-06-01 04:40:38.707.
	 Executed 1 test, with 0 failures (0 unexpected) in 16.306 (16.309) seconds

Test session results, code coverage, and logs:
	/Users/jojolim/Library/Developer/XcodeBuildMCP/workspaces/orchestrator-309442864093/DerivedData/SpeakLocalNative-8f3e721625a0/Logs/Test/Test-SpeakLocalNative-2026.06.01_04-40-20-+0700.xcresult

** TEST EXECUTE SUCCEEDED **

Testing started

2026-06-01 04:40:22.459 xcodebuild[39077:7545773] [MT] IDELaunchParametersSnapshot: The operation couldn’t be completed. (DebuggerLLDB.DebuggerVersionStore.StoreError error 0.)
2026-06-01 04:40:22.459 xcodebuild[39077:7545773] [MT] IDELaunchParametersSnapshot: no debugger version
2026-06-01 04:40:34.045 xcodebuild[39077:7545773] [MT] IDELaunchParametersSnapshot: The operation couldn’t be completed. (DebuggerLLDB.DebuggerVersionStore.StoreError error 0.)
2026-06-01 04:40:34.045 xcodebuild[39077:7545773] [MT] IDELaunchParametersSnapshot: no debugger version
2026-06-01 04:40:39.008 xcodebuild[39077:7545773] [MT] IDETestOperationsObserverDebug: 17.790 elapsed -- Testing started completed.
2026-06-01 04:40:39.008 xcodebuild[39077:7545773] [MT] IDETestOperationsObserverDebug: 0.000 sec, +0.000 sec -- start
2026-06-01 04:40:39.008 xcodebuild[39077:7545773] [MT] IDETestOperationsObserverDebug: 17.790 sec, +17.790 sec -- end
