Command line invocation:
    /Applications/Xcode.app/Contents/Developer/usr/bin/xcodebuild test-without-building -project /Users/jojolim/Developer/products/speaklocal/app-family/.worktrees/city-listings-production-ready/native-ios/SpeakLocalNative.xcodeproj -scheme SpeakLocalNative -destination "platform=iOS Simulator,id=7C386DD3-4BF1-4A34-A918-768C43CD1258" -derivedDataPath /Users/jojolim/Library/Developer/XcodeBuildMCP/workspaces/orchestrator-309442864093/DerivedData/SpeakLocalNative-8f3e721625a0 "-only-testing:SpeakLocalNativeUITests/CityAppDetailV22RenderProofUITests/testCaptureCityAppDetailV22RenderProofBatch"

2026-06-01 07:57:50.373256+0700 SpeakLocalNativeUITests-Runner[4181:8395863] [Default] Running tests...
    t =      nans Interface orientation changed to Portrait
Test Suite 'Selected tests' started at 2026-06-01 07:57:50.743.
Test Suite 'SpeakLocalNativeUITests.xctest' started at 2026-06-01 07:57:50.743.
Test Suite 'CityAppDetailV22RenderProofUITests' started at 2026-06-01 07:57:50.743.
Test Case '-[SpeakLocalNativeUITests.CityAppDetailV22RenderProofUITests testCaptureCityAppDetailV22RenderProofBatch]' started.
    t =     0.00s Start Test at 2026-06-01 07:57:50.743
    t =     0.02s Set Up
    t =     0.02s Open app.speaklocal.vietnam.native
    t =     0.02s     Launch app.speaklocal.vietnam.native
objc[4181]: Class UIAccessibilityLoaderWebShared is implemented in both /Library/Developer/CoreSimulator/Volumes/iOS_23F77/Library/Developer/CoreSimulator/Profiles/Runtimes/iOS 26.5.simruntime/Contents/Resources/RuntimeRoot/System/Library/AccessibilityBundles/WebCore.axbundle/WebCore (0x10a448310) and /Library/Developer/CoreSimulator/Volumes/iOS_23F77/Library/Developer/CoreSimulator/Profiles/Runtimes/iOS 26.5.simruntime/Contents/Resources/RuntimeRoot/System/Library/AccessibilityBundles/WebKit.axbundle/WebKit (0x109d0c398). This may cause spurious casting failures and mysterious crashes. One of the duplicates must be removed or renamed.
    t =     2.11s         Setting up automation session
    t =     2.48s         Wait for app.speaklocal.vietnam.native to idle
    t =     3.95s Checking existence of `"Chùa Ngọc Hoàng" StaticText`
    t =     4.10s Waiting 8.0s for "Chùa Ngọc Hoàng" StaticText to exist
    t =     5.15s     Checking `Expect predicate `existsNoRetry == 1` for object "Chùa Ngọc Hoàng" StaticText`
    t =     5.15s         Checking existence of `"Chùa Ngọc Hoàng" StaticText`
    t =     5.31s Swipe up Target Application 'app.speaklocal.vietnam.native'
    t =     5.31s     Wait for app.speaklocal.vietnam.native to idle
    t =     5.31s     Find the Target Application 'app.speaklocal.vietnam.native'
    t =     5.33s     Check for interrupting elements affecting "SpeakLocal Vietnam" Application
    t =     5.35s     Synthesize event
    t =     5.77s     Wait for app.speaklocal.vietnam.native to idle
    t =     7.87s Swipe up Target Application 'app.speaklocal.vietnam.native'
    t =     7.87s     Wait for app.speaklocal.vietnam.native to idle
    t =     7.87s     Find the Target Application 'app.speaklocal.vietnam.native'
    t =     7.90s     Check for interrupting elements affecting "SpeakLocal Vietnam" Application
    t =     7.92s     Synthesize event
    t =     8.45s     Wait for app.speaklocal.vietnam.native to idle
    t =     9.36s Terminate app.speaklocal.vietnam.native:4260
    t =    10.42s Open app.speaklocal.vietnam.native
    t =    10.42s     Launch app.speaklocal.vietnam.native
    t =    10.63s         Setting up automation session
    t =    11.10s         Wait for app.speaklocal.vietnam.native to idle
    t =    12.59s Waiting 4.0s for TabBar (First Match) to exist
    t =    13.63s     Checking `Expect predicate `existsNoRetry == 1` for object TabBar (First Match)`
    t =    13.63s         Checking existence of `TabBar (First Match)`
    t =    13.69s Checking existence of `"PhraseArticle.BottomSentinel.viet-family-city-hcmc-place-jade-emperor-pagoda" Other`
    t =    13.77s Checking existence of `"PhraseArticle.BottomSentinel.viet-phrase-city-hcmc-place-jade-emperor-pagoda" Other`
    t =    13.80s Find the "PhraseArticle.BottomSentinel.viet-phrase-city-hcmc-place-jade-emperor-pagoda" Other
    t =    13.82s Checking existence of `TabBar (First Match)`
    t =    13.82s Find the TabBar (First Match)
    t =    13.83s Find the Target Application 'app.speaklocal.vietnam.native'
    t =    13.93s Terminate app.speaklocal.vietnam.native:4358
    t =    14.98s Tear Down
Test Case '-[SpeakLocalNativeUITests.CityAppDetailV22RenderProofUITests testCaptureCityAppDetailV22RenderProofBatch]' passed (15.086 seconds).
Test Suite 'CityAppDetailV22RenderProofUITests' passed at 2026-06-01 07:58:05.830.
	 Executed 1 test, with 0 failures (0 unexpected) in 15.086 (15.086) seconds
Test Suite 'SpeakLocalNativeUITests.xctest' passed at 2026-06-01 07:58:05.830.
	 Executed 1 test, with 0 failures (0 unexpected) in 15.086 (15.087) seconds
Test Suite 'Selected tests' passed at 2026-06-01 07:58:05.830.
	 Executed 1 test, with 0 failures (0 unexpected) in 15.086 (15.088) seconds

Test session results, code coverage, and logs:
	/Users/jojolim/Library/Developer/XcodeBuildMCP/workspaces/orchestrator-309442864093/DerivedData/SpeakLocalNative-8f3e721625a0/Logs/Test/Test-SpeakLocalNative-2026.06.01_07-57-49-+0700.xcresult

** TEST EXECUTE SUCCEEDED **

Testing started

2026-06-01 07:57:50.808 xcodebuild[4178:8395665] [MT] IDELaunchParametersSnapshot: The operation couldn’t be completed. (DebuggerLLDB.DebuggerVersionStore.StoreError error 0.)
2026-06-01 07:57:50.808 xcodebuild[4178:8395665] [MT] IDELaunchParametersSnapshot: no debugger version
2026-06-01 07:58:01.168 xcodebuild[4178:8395665] [MT] IDELaunchParametersSnapshot: The operation couldn’t be completed. (DebuggerLLDB.DebuggerVersionStore.StoreError error 0.)
2026-06-01 07:58:01.168 xcodebuild[4178:8395665] [MT] IDELaunchParametersSnapshot: no debugger version
2026-06-01 07:58:06.130 xcodebuild[4178:8395665] [MT] IDETestOperationsObserverDebug: 16.573 elapsed -- Testing started completed.
2026-06-01 07:58:06.130 xcodebuild[4178:8395665] [MT] IDETestOperationsObserverDebug: 0.000 sec, +0.000 sec -- start
2026-06-01 07:58:06.130 xcodebuild[4178:8395665] [MT] IDETestOperationsObserverDebug: 16.573 sec, +16.573 sec -- end
