Command line invocation:
    /Applications/Xcode.app/Contents/Developer/usr/bin/xcodebuild test-without-building -project /Users/jojolim/Developer/products/speaklocal/app-family/.worktrees/city-listings-production-ready/native-ios/SpeakLocalNative.xcodeproj -scheme SpeakLocalNative -destination "platform=iOS Simulator,id=7C386DD3-4BF1-4A34-A918-768C43CD1258" -derivedDataPath /Users/jojolim/Library/Developer/XcodeBuildMCP/workspaces/orchestrator-309442864093/DerivedData/SpeakLocalNative-8f3e721625a0 "-only-testing:SpeakLocalNativeUITests/CityAppDetailV22RenderProofUITests/testCaptureCityAppDetailV22RenderProofBatch"

2026-06-01 06:29:25.452607+0700 SpeakLocalNativeUITests-Runner[99229:8021374] [Default] Running tests...
    t =      nans Interface orientation changed to Portrait
Test Suite 'Selected tests' started at 2026-06-01 06:29:25.822.
Test Suite 'SpeakLocalNativeUITests.xctest' started at 2026-06-01 06:29:25.822.
Test Suite 'CityAppDetailV22RenderProofUITests' started at 2026-06-01 06:29:25.822.
Test Case '-[SpeakLocalNativeUITests.CityAppDetailV22RenderProofUITests testCaptureCityAppDetailV22RenderProofBatch]' started.
    t =     0.00s Start Test at 2026-06-01 06:29:25.822
    t =     0.02s Set Up
    t =     0.02s Open app.speaklocal.vietnam.native
    t =     0.02s     Launch app.speaklocal.vietnam.native
objc[99229]: Class UIAccessibilityLoaderWebShared is implemented in both /Library/Developer/CoreSimulator/Volumes/iOS_23F77/Library/Developer/CoreSimulator/Profiles/Runtimes/iOS 26.5.simruntime/Contents/Resources/RuntimeRoot/System/Library/AccessibilityBundles/WebCore.axbundle/WebCore (0x10648c310) and /Library/Developer/CoreSimulator/Volumes/iOS_23F77/Library/Developer/CoreSimulator/Profiles/Runtimes/iOS 26.5.simruntime/Contents/Resources/RuntimeRoot/System/Library/AccessibilityBundles/WebKit.axbundle/WebKit (0x105d30398). This may cause spurious casting failures and mysterious crashes. One of the duplicates must be removed or renamed.
    t =     1.69s         Setting up automation session
    t =     2.26s         Wait for app.speaklocal.vietnam.native to idle
    t =     3.70s Checking existence of `"Bánh xèo ở Đà Nẵng" StaticText`
    t =     3.85s Waiting 8.0s for "Bánh xèo ở Đà Nẵng" StaticText to exist
    t =     4.90s     Checking `Expect predicate `existsNoRetry == 1` for object "Bánh xèo ở Đà Nẵng" StaticText`
    t =     4.90s         Checking existence of `"Bánh xèo ở Đà Nẵng" StaticText`
    t =     5.01s Swipe up Target Application 'app.speaklocal.vietnam.native'
    t =     5.01s     Wait for app.speaklocal.vietnam.native to idle
    t =     5.02s     Find the Target Application 'app.speaklocal.vietnam.native'
    t =     5.03s     Check for interrupting elements affecting "SpeakLocal Vietnam" Application
    t =     5.05s     Synthesize event
    t =     5.47s     Wait for app.speaklocal.vietnam.native to idle
    t =     7.57s Swipe up Target Application 'app.speaklocal.vietnam.native'
    t =     7.57s     Wait for app.speaklocal.vietnam.native to idle
    t =     7.57s     Find the Target Application 'app.speaklocal.vietnam.native'
    t =     7.60s     Check for interrupting elements affecting "SpeakLocal Vietnam" Application
    t =     7.62s     Synthesize event
    t =     8.04s     Wait for app.speaklocal.vietnam.native to idle
    t =     9.02s Terminate app.speaklocal.vietnam.native:99233
    t =    10.08s Open app.speaklocal.vietnam.native
    t =    10.08s     Launch app.speaklocal.vietnam.native
    t =    10.30s         Setting up automation session
    t =    10.77s         Wait for app.speaklocal.vietnam.native to idle
    t =    12.24s Waiting 4.0s for TabBar (First Match) to exist
    t =    13.28s     Checking `Expect predicate `existsNoRetry == 1` for object TabBar (First Match)`
    t =    13.28s         Checking existence of `TabBar (First Match)`
    t =    13.34s Checking existence of `"PhraseArticle.BottomSentinel.viet-family-city-danang-place-banh-xeo" Other`
    t =    13.42s Checking existence of `"PhraseArticle.BottomSentinel.viet-phrase-city-danang-place-banh-xeo" Other`
    t =    13.43s Find the "PhraseArticle.BottomSentinel.viet-phrase-city-danang-place-banh-xeo" Other
    t =    13.46s Checking existence of `TabBar (First Match)`
    t =    13.46s Find the TabBar (First Match)
    t =    13.47s Find the Target Application 'app.speaklocal.vietnam.native'
    t =    13.56s Terminate app.speaklocal.vietnam.native:99398
    t =    14.61s Tear Down
Test Case '-[SpeakLocalNativeUITests.CityAppDetailV22RenderProofUITests testCaptureCityAppDetailV22RenderProofBatch]' passed (14.678 seconds).
Test Suite 'CityAppDetailV22RenderProofUITests' passed at 2026-06-01 06:29:40.501.
	 Executed 1 test, with 0 failures (0 unexpected) in 14.678 (14.679) seconds
Test Suite 'SpeakLocalNativeUITests.xctest' passed at 2026-06-01 06:29:40.502.
	 Executed 1 test, with 0 failures (0 unexpected) in 14.678 (14.680) seconds
Test Suite 'Selected tests' passed at 2026-06-01 06:29:40.503.
	 Executed 1 test, with 0 failures (0 unexpected) in 14.678 (14.681) seconds

Test session results, code coverage, and logs:
	/Users/jojolim/Library/Developer/XcodeBuildMCP/workspaces/orchestrator-309442864093/DerivedData/SpeakLocalNative-8f3e721625a0/Logs/Test/Test-SpeakLocalNative-2026.06.01_06-29-24-+0700.xcresult

** TEST EXECUTE SUCCEEDED **

Testing started

2026-06-01 06:29:25.885 xcodebuild[99225:8021223] [MT] IDELaunchParametersSnapshot: The operation couldn’t be completed. (DebuggerLLDB.DebuggerVersionStore.StoreError error 0.)
2026-06-01 06:29:25.885 xcodebuild[99225:8021223] [MT] IDELaunchParametersSnapshot: no debugger version
2026-06-01 06:29:35.907 xcodebuild[99225:8021223] [MT] IDELaunchParametersSnapshot: The operation couldn’t be completed. (DebuggerLLDB.DebuggerVersionStore.StoreError error 0.)
2026-06-01 06:29:35.907 xcodebuild[99225:8021223] [MT] IDELaunchParametersSnapshot: no debugger version
2026-06-01 06:29:40.805 xcodebuild[99225:8021223] [MT] IDETestOperationsObserverDebug: 16.131 elapsed -- Testing started completed.
2026-06-01 06:29:40.805 xcodebuild[99225:8021223] [MT] IDETestOperationsObserverDebug: 0.000 sec, +0.000 sec -- start
2026-06-01 06:29:40.805 xcodebuild[99225:8021223] [MT] IDETestOperationsObserverDebug: 16.131 sec, +16.131 sec -- end
