Command line invocation:
    /Applications/Xcode.app/Contents/Developer/usr/bin/xcodebuild test-without-building -project /Users/jojolim/Developer/products/speaklocal/app-family/.worktrees/city-listings-production-ready/native-ios/SpeakLocalNative.xcodeproj -scheme SpeakLocalNative -destination "platform=iOS Simulator,id=7C386DD3-4BF1-4A34-A918-768C43CD1258" -derivedDataPath /Users/jojolim/Library/Developer/XcodeBuildMCP/workspaces/orchestrator-309442864093/DerivedData/SpeakLocalNative-8f3e721625a0 "-only-testing:SpeakLocalNativeUITests/CityAppDetailV22RenderProofUITests/testCaptureCityAppDetailV22RenderProofBatch"

2026-06-01 07:23:12.841127+0700 SpeakLocalNativeUITests-Runner[56778:8255095] [Default] Running tests...
    t =      nans Interface orientation changed to Portrait
Test Suite 'Selected tests' started at 2026-06-01 07:23:13.207.
Test Suite 'SpeakLocalNativeUITests.xctest' started at 2026-06-01 07:23:13.207.
Test Suite 'CityAppDetailV22RenderProofUITests' started at 2026-06-01 07:23:13.207.
Test Case '-[SpeakLocalNativeUITests.CityAppDetailV22RenderProofUITests testCaptureCityAppDetailV22RenderProofBatch]' started.
    t =     0.00s Start Test at 2026-06-01 07:23:13.208
    t =     0.02s Set Up
    t =     0.02s Open app.speaklocal.vietnam.native
    t =     0.02s     Launch app.speaklocal.vietnam.native
objc[56778]: Class UIAccessibilityLoaderWebShared is implemented in both /Library/Developer/CoreSimulator/Volumes/iOS_23F77/Library/Developer/CoreSimulator/Profiles/Runtimes/iOS 26.5.simruntime/Contents/Resources/RuntimeRoot/System/Library/AccessibilityBundles/WebCore.axbundle/WebCore (0x10a594310) and /Library/Developer/CoreSimulator/Volumes/iOS_23F77/Library/Developer/CoreSimulator/Profiles/Runtimes/iOS 26.5.simruntime/Contents/Resources/RuntimeRoot/System/Library/AccessibilityBundles/WebKit.axbundle/WebKit (0x109e34398). This may cause spurious casting failures and mysterious crashes. One of the duplicates must be removed or renamed.
    t =     1.89s         Setting up automation session
    t =     2.35s         Wait for app.speaklocal.vietnam.native to idle
    t =     3.83s Checking existence of `"Quận 3" StaticText`
    t =     3.96s Waiting 8.0s for "Quận 3" StaticText to exist
    t =     5.00s     Checking `Expect predicate `existsNoRetry == 1` for object "Quận 3" StaticText`
    t =     5.00s         Checking existence of `"Quận 3" StaticText`
    t =     5.16s Swipe up Target Application 'app.speaklocal.vietnam.native'
    t =     5.16s     Wait for app.speaklocal.vietnam.native to idle
    t =     5.16s     Find the Target Application 'app.speaklocal.vietnam.native'
    t =     5.18s     Check for interrupting elements affecting "SpeakLocal Vietnam" Application
    t =     5.20s     Synthesize event
    t =     5.61s     Wait for app.speaklocal.vietnam.native to idle
    t =     7.72s Swipe up Target Application 'app.speaklocal.vietnam.native'
    t =     7.72s     Wait for app.speaklocal.vietnam.native to idle
    t =     7.72s     Find the Target Application 'app.speaklocal.vietnam.native'
    t =     7.74s     Check for interrupting elements affecting "SpeakLocal Vietnam" Application
    t =     7.76s     Synthesize event
    t =     8.18s     Wait for app.speaklocal.vietnam.native to idle
    t =     8.76s Terminate app.speaklocal.vietnam.native:56855
    t =     9.82s Open app.speaklocal.vietnam.native
    t =     9.82s     Launch app.speaklocal.vietnam.native
    t =    10.02s         Setting up automation session
    t =    10.48s         Wait for app.speaklocal.vietnam.native to idle
    t =    11.93s Waiting 4.0s for TabBar (First Match) to exist
    t =    12.98s     Checking `Expect predicate `existsNoRetry == 1` for object TabBar (First Match)`
    t =    12.98s         Checking existence of `TabBar (First Match)`
    t =    13.04s Checking existence of `"PhraseArticle.BottomSentinel.viet-family-city-hcmc-place-district-3" Other`
    t =    13.12s Checking existence of `"PhraseArticle.BottomSentinel.viet-phrase-city-hcmc-place-district-3" Other`
    t =    13.14s Find the "PhraseArticle.BottomSentinel.viet-phrase-city-hcmc-place-district-3" Other
    t =    13.16s Checking existence of `TabBar (First Match)`
    t =    13.16s Find the TabBar (First Match)
    t =    13.17s Find the Target Application 'app.speaklocal.vietnam.native'
    t =    13.26s Terminate app.speaklocal.vietnam.native:56945
    t =    14.32s Tear Down
Test Case '-[SpeakLocalNativeUITests.CityAppDetailV22RenderProofUITests testCaptureCityAppDetailV22RenderProofBatch]' passed (14.412 seconds).
Test Suite 'CityAppDetailV22RenderProofUITests' passed at 2026-06-01 07:23:27.620.
	 Executed 1 test, with 0 failures (0 unexpected) in 14.412 (14.413) seconds
Test Suite 'SpeakLocalNativeUITests.xctest' passed at 2026-06-01 07:23:27.621.
	 Executed 1 test, with 0 failures (0 unexpected) in 14.412 (14.414) seconds
Test Suite 'Selected tests' passed at 2026-06-01 07:23:27.621.
	 Executed 1 test, with 0 failures (0 unexpected) in 14.412 (14.415) seconds

Test session results, code coverage, and logs:
	/Users/jojolim/Library/Developer/XcodeBuildMCP/workspaces/orchestrator-309442864093/DerivedData/SpeakLocalNative-8f3e721625a0/Logs/Test/Test-SpeakLocalNative-2026.06.01_07-23-11-+0700.xcresult

** TEST EXECUTE SUCCEEDED **

Testing started

2026-06-01 07:23:13.268 xcodebuild[56770:8254920] [MT] IDELaunchParametersSnapshot: The operation couldn’t be completed. (DebuggerLLDB.DebuggerVersionStore.StoreError error 0.)
2026-06-01 07:23:13.268 xcodebuild[56770:8254920] [MT] IDELaunchParametersSnapshot: no debugger version
2026-06-01 07:23:23.025 xcodebuild[56770:8254920] [MT] IDELaunchParametersSnapshot: The operation couldn’t be completed. (DebuggerLLDB.DebuggerVersionStore.StoreError error 0.)
2026-06-01 07:23:23.025 xcodebuild[56770:8254920] [MT] IDELaunchParametersSnapshot: no debugger version
2026-06-01 07:23:27.917 xcodebuild[56770:8254920] [MT] IDETestOperationsObserverDebug: 15.878 elapsed -- Testing started completed.
2026-06-01 07:23:27.917 xcodebuild[56770:8254920] [MT] IDETestOperationsObserverDebug: 0.000 sec, +0.000 sec -- start
2026-06-01 07:23:27.917 xcodebuild[56770:8254920] [MT] IDETestOperationsObserverDebug: 15.878 sec, +15.878 sec -- end
