Command line invocation:
    /Applications/Xcode.app/Contents/Developer/usr/bin/xcodebuild test-without-building -project /Users/jojolim/Developer/products/speaklocal/app-family/.worktrees/city-listings-production-ready/native-ios/SpeakLocalNative.xcodeproj -scheme SpeakLocalNative -destination "platform=iOS Simulator,id=7C386DD3-4BF1-4A34-A918-768C43CD1258" -derivedDataPath /Users/jojolim/Library/Developer/XcodeBuildMCP/workspaces/orchestrator-309442864093/DerivedData/SpeakLocalNative-8f3e721625a0 "-only-testing:SpeakLocalNativeUITests/CityAppDetailV22RenderProofUITests/testCaptureCityAppDetailV22RenderProofBatch"

2026-06-01 07:57:16.576371+0700 SpeakLocalNativeUITests-Runner[3625:8393291] [Default] Running tests...
    t =      nans Interface orientation changed to Portrait
Test Suite 'Selected tests' started at 2026-06-01 07:57:16.949.
Test Suite 'SpeakLocalNativeUITests.xctest' started at 2026-06-01 07:57:16.949.
Test Suite 'CityAppDetailV22RenderProofUITests' started at 2026-06-01 07:57:16.949.
Test Case '-[SpeakLocalNativeUITests.CityAppDetailV22RenderProofUITests testCaptureCityAppDetailV22RenderProofBatch]' started.
    t =     0.00s Start Test at 2026-06-01 07:57:16.950
    t =     0.01s Set Up
    t =     0.02s Open app.speaklocal.vietnam.native
    t =     0.02s     Launch app.speaklocal.vietnam.native
objc[3625]: Class UIAccessibilityLoaderWebShared is implemented in both /Library/Developer/CoreSimulator/Volumes/iOS_23F77/Library/Developer/CoreSimulator/Profiles/Runtimes/iOS 26.5.simruntime/Contents/Resources/RuntimeRoot/System/Library/AccessibilityBundles/WebCore.axbundle/WebCore (0x10835c310) and /Library/Developer/CoreSimulator/Volumes/iOS_23F77/Library/Developer/CoreSimulator/Profiles/Runtimes/iOS 26.5.simruntime/Contents/Resources/RuntimeRoot/System/Library/AccessibilityBundles/WebKit.axbundle/WebKit (0x10777c398). This may cause spurious casting failures and mysterious crashes. One of the duplicates must be removed or renamed.
    t =     1.88s         Setting up automation session
    t =     2.44s         Wait for app.speaklocal.vietnam.native to idle
    t =     3.92s Checking existence of `"Hủ tiếu ở Thành phố Hồ Chí Minh" StaticText`
    t =     4.06s Waiting 8.0s for "Hủ tiếu ở Thành phố Hồ Chí Minh" StaticText to exist
    t =     5.11s     Checking `Expect predicate `existsNoRetry == 1` for object "Hủ tiếu ở Thành phố Hồ Chí Minh" StaticText`
    t =     5.11s         Checking existence of `"Hủ tiếu ở Thành phố Hồ Chí Minh" StaticText`
    t =     5.26s Swipe up Target Application 'app.speaklocal.vietnam.native'
    t =     5.26s     Wait for app.speaklocal.vietnam.native to idle
    t =     5.27s     Find the Target Application 'app.speaklocal.vietnam.native'
    t =     5.28s     Check for interrupting elements affecting "SpeakLocal Vietnam" Application
    t =     5.30s     Synthesize event
    t =     5.73s     Wait for app.speaklocal.vietnam.native to idle
    t =     7.83s Swipe up Target Application 'app.speaklocal.vietnam.native'
    t =     7.83s     Wait for app.speaklocal.vietnam.native to idle
    t =     7.83s     Find the Target Application 'app.speaklocal.vietnam.native'
    t =     7.85s     Check for interrupting elements affecting "SpeakLocal Vietnam" Application
    t =     7.88s     Synthesize event
    t =     8.30s     Wait for app.speaklocal.vietnam.native to idle
    t =     8.96s Terminate app.speaklocal.vietnam.native:3691
    t =    10.03s Open app.speaklocal.vietnam.native
    t =    10.03s     Launch app.speaklocal.vietnam.native
    t =    10.25s         Setting up automation session
    t =    10.74s         Wait for app.speaklocal.vietnam.native to idle
    t =    12.18s Waiting 4.0s for TabBar (First Match) to exist
    t =    13.24s     Checking `Expect predicate `existsNoRetry == 1` for object TabBar (First Match)`
    t =    13.24s         Checking existence of `TabBar (First Match)`
    t =    13.30s Checking existence of `"PhraseArticle.BottomSentinel.viet-family-city-hcmc-place-hu-tieu" Other`
    t =    13.38s Checking existence of `"PhraseArticle.BottomSentinel.viet-phrase-city-hcmc-place-hu-tieu" Other`
    t =    13.40s Find the "PhraseArticle.BottomSentinel.viet-phrase-city-hcmc-place-hu-tieu" Other
    t =    13.42s Checking existence of `TabBar (First Match)`
    t =    13.43s Find the TabBar (First Match)
    t =    13.44s Find the Target Application 'app.speaklocal.vietnam.native'
    t =    13.53s Terminate app.speaklocal.vietnam.native:3793
    t =    14.58s Tear Down
Test Case '-[SpeakLocalNativeUITests.CityAppDetailV22RenderProofUITests testCaptureCityAppDetailV22RenderProofBatch]' passed (14.621 seconds).
Test Suite 'CityAppDetailV22RenderProofUITests' passed at 2026-06-01 07:57:31.571.
	 Executed 1 test, with 0 failures (0 unexpected) in 14.621 (14.621) seconds
Test Suite 'SpeakLocalNativeUITests.xctest' passed at 2026-06-01 07:57:31.571.
	 Executed 1 test, with 0 failures (0 unexpected) in 14.621 (14.622) seconds
Test Suite 'Selected tests' passed at 2026-06-01 07:57:31.572.
	 Executed 1 test, with 0 failures (0 unexpected) in 14.621 (14.623) seconds

Test session results, code coverage, and logs:
	/Users/jojolim/Library/Developer/XcodeBuildMCP/workspaces/orchestrator-309442864093/DerivedData/SpeakLocalNative-8f3e721625a0/Logs/Test/Test-SpeakLocalNative-2026.06.01_07-57-15-+0700.xcresult

** TEST EXECUTE SUCCEEDED **

Testing started

2026-06-01 07:57:17.007 xcodebuild[3617:8393092] [MT] IDELaunchParametersSnapshot: The operation couldn’t be completed. (DebuggerLLDB.DebuggerVersionStore.StoreError error 0.)
2026-06-01 07:57:17.007 xcodebuild[3617:8393092] [MT] IDELaunchParametersSnapshot: no debugger version
2026-06-01 07:57:26.981 xcodebuild[3617:8393092] [MT] IDELaunchParametersSnapshot: The operation couldn’t be completed. (DebuggerLLDB.DebuggerVersionStore.StoreError error 0.)
2026-06-01 07:57:26.981 xcodebuild[3617:8393092] [MT] IDELaunchParametersSnapshot: no debugger version
2026-06-01 07:57:31.872 xcodebuild[3617:8393092] [MT] IDETestOperationsObserverDebug: 16.173 elapsed -- Testing started completed.
2026-06-01 07:57:31.872 xcodebuild[3617:8393092] [MT] IDETestOperationsObserverDebug: 0.000 sec, +0.000 sec -- start
2026-06-01 07:57:31.872 xcodebuild[3617:8393092] [MT] IDETestOperationsObserverDebug: 16.173 sec, +16.173 sec -- end
