Command line invocation:
    /Applications/Xcode.app/Contents/Developer/usr/bin/xcodebuild test-without-building -project /Users/jojolim/Developer/products/speaklocal/app-family/.worktrees/city-listings-production-ready/native-ios/SpeakLocalNative.xcodeproj -scheme SpeakLocalNative -destination "platform=iOS Simulator,id=7C386DD3-4BF1-4A34-A918-768C43CD1258" -derivedDataPath /Users/jojolim/Library/Developer/XcodeBuildMCP/workspaces/orchestrator-309442864093/DerivedData/SpeakLocalNative-8f3e721625a0 "-only-testing:SpeakLocalNativeUITests/CityAppDetailV22RenderProofUITests/testCaptureCityAppDetailV22RenderProofBatch"

2026-06-01 04:11:21.281139+0700 SpeakLocalNativeUITests-Runner[4443:7426268] [Default] Running tests...
    t =      nans Interface orientation changed to Portrait
Test Suite 'Selected tests' started at 2026-06-01 04:11:21.651.
Test Suite 'SpeakLocalNativeUITests.xctest' started at 2026-06-01 04:11:21.652.
Test Suite 'CityAppDetailV22RenderProofUITests' started at 2026-06-01 04:11:21.652.
Test Case '-[SpeakLocalNativeUITests.CityAppDetailV22RenderProofUITests testCaptureCityAppDetailV22RenderProofBatch]' started.
    t =     0.00s Start Test at 2026-06-01 04:11:21.652
    t =     0.02s Set Up
    t =     0.02s Open app.speaklocal.vietnam.native
    t =     0.02s     Launch app.speaklocal.vietnam.native
objc[4443]: Class UIAccessibilityLoaderWebShared is implemented in both /Library/Developer/CoreSimulator/Volumes/iOS_23F77/Library/Developer/CoreSimulator/Profiles/Runtimes/iOS 26.5.simruntime/Contents/Resources/RuntimeRoot/System/Library/AccessibilityBundles/WebCore.axbundle/WebCore (0x109bc8310) and /Library/Developer/CoreSimulator/Volumes/iOS_23F77/Library/Developer/CoreSimulator/Profiles/Runtimes/iOS 26.5.simruntime/Contents/Resources/RuntimeRoot/System/Library/AccessibilityBundles/WebKit.axbundle/WebKit (0x109b7c398). This may cause spurious casting failures and mysterious crashes. One of the duplicates must be removed or renamed.
    t =     1.90s         Setting up automation session
    t =     2.32s         Wait for app.speaklocal.vietnam.native to idle
    t =     3.86s Checking existence of `"Bánh bột lọc ở Huế" StaticText`
    t =     4.03s Waiting 8.0s for "Bánh bột lọc ở Huế" StaticText to exist
    t =     5.09s     Checking `Expect predicate `existsNoRetry == 1` for object "Bánh bột lọc ở Huế" StaticText`
    t =     5.10s         Checking existence of `"Bánh bột lọc ở Huế" StaticText`
    t =     5.26s Swipe up Target Application 'app.speaklocal.vietnam.native'
    t =     5.26s     Wait for app.speaklocal.vietnam.native to idle
    t =     5.26s     Find the Target Application 'app.speaklocal.vietnam.native'
    t =     5.28s     Check for interrupting elements affecting "SpeakLocal Vietnam" Application
    t =     5.30s     Synthesize event
    t =     5.72s     Wait for app.speaklocal.vietnam.native to idle
    t =     7.82s Swipe up Target Application 'app.speaklocal.vietnam.native'
    t =     7.82s     Wait for app.speaklocal.vietnam.native to idle
    t =     7.82s     Find the Target Application 'app.speaklocal.vietnam.native'
    t =     7.85s     Check for interrupting elements affecting "SpeakLocal Vietnam" Application
    t =     7.88s     Synthesize event
    t =     8.30s     Wait for app.speaklocal.vietnam.native to idle
    t =     9.03s Terminate app.speaklocal.vietnam.native:4521
    t =    10.12s Open app.speaklocal.vietnam.native
    t =    10.12s     Launch app.speaklocal.vietnam.native
    t =    10.34s         Setting up automation session
    t =    10.86s         Wait for app.speaklocal.vietnam.native to idle
    t =    12.38s Waiting 4.0s for TabBar (First Match) to exist
    t =    13.45s     Checking `Expect predicate `existsNoRetry == 1` for object TabBar (First Match)`
    t =    13.45s         Checking existence of `TabBar (First Match)`
    t =    13.50s Checking existence of `"PhraseArticle.BottomSentinel.viet-family-city-hue-place-banh-bot-loc" Other`
    t =    13.58s Checking existence of `"PhraseArticle.BottomSentinel.viet-phrase-city-hue-place-banh-bot-loc" Other`
    t =    13.60s Find the "PhraseArticle.BottomSentinel.viet-phrase-city-hue-place-banh-bot-loc" Other
    t =    13.62s Checking existence of `TabBar (First Match)`
    t =    13.63s Find the TabBar (First Match)
    t =    13.63s Find the Target Application 'app.speaklocal.vietnam.native'
    t =    13.72s Terminate app.speaklocal.vietnam.native:4629
    t =    14.81s Tear Down
Test Case '-[SpeakLocalNativeUITests.CityAppDetailV22RenderProofUITests testCaptureCityAppDetailV22RenderProofBatch]' passed (14.904 seconds).
Test Suite 'CityAppDetailV22RenderProofUITests' passed at 2026-06-01 04:11:36.558.
	 Executed 1 test, with 0 failures (0 unexpected) in 14.904 (14.906) seconds
Test Suite 'SpeakLocalNativeUITests.xctest' passed at 2026-06-01 04:11:36.558.
	 Executed 1 test, with 0 failures (0 unexpected) in 14.904 (14.907) seconds
Test Suite 'Selected tests' passed at 2026-06-01 04:11:36.559.
	 Executed 1 test, with 0 failures (0 unexpected) in 14.904 (14.908) seconds

Test session results, code coverage, and logs:
	/Users/jojolim/Library/Developer/XcodeBuildMCP/workspaces/orchestrator-309442864093/DerivedData/SpeakLocalNative-8f3e721625a0/Logs/Test/Test-SpeakLocalNative-2026.06.01_04-11-20-+0700.xcresult

** TEST EXECUTE SUCCEEDED **

Testing started

2026-06-01 04:11:21.715 xcodebuild[4433:7426086] [MT] IDELaunchParametersSnapshot: The operation couldn’t be completed. (DebuggerLLDB.DebuggerVersionStore.StoreError error 0.)
2026-06-01 04:11:21.715 xcodebuild[4433:7426086] [MT] IDELaunchParametersSnapshot: no debugger version
2026-06-01 04:11:31.780 xcodebuild[4433:7426086] [MT] IDELaunchParametersSnapshot: The operation couldn’t be completed. (DebuggerLLDB.DebuggerVersionStore.StoreError error 0.)
2026-06-01 04:11:31.780 xcodebuild[4433:7426086] [MT] IDELaunchParametersSnapshot: no debugger version
2026-06-01 04:11:36.873 xcodebuild[4433:7426086] [MT] IDETestOperationsObserverDebug: 16.428 elapsed -- Testing started completed.
2026-06-01 04:11:36.873 xcodebuild[4433:7426086] [MT] IDETestOperationsObserverDebug: 0.000 sec, +0.000 sec -- start
2026-06-01 04:11:36.873 xcodebuild[4433:7426086] [MT] IDETestOperationsObserverDebug: 16.428 sec, +16.428 sec -- end
