Command line invocation:
    /Applications/Xcode.app/Contents/Developer/usr/bin/xcodebuild test-without-building -project /Users/jojolim/Developer/products/speaklocal/app-family/.worktrees/city-listings-production-ready/native-ios/SpeakLocalNative.xcodeproj -scheme SpeakLocalNative -destination "platform=iOS Simulator,id=7C386DD3-4BF1-4A34-A918-768C43CD1258" -derivedDataPath /Users/jojolim/Library/Developer/XcodeBuildMCP/workspaces/orchestrator-309442864093/DerivedData/SpeakLocalNative-8f3e721625a0 "-only-testing:SpeakLocalNativeUITests/CityAppDetailV22RenderProofUITests/testCaptureCityAppDetailV22RenderProofBatch"

2026-06-01 08:05:32.635947+0700 SpeakLocalNativeUITests-Runner[7778:8423247] [Default] Running tests...
    t =      nans Interface orientation changed to Portrait
Test Suite 'Selected tests' started at 2026-06-01 08:05:33.011.
Test Suite 'SpeakLocalNativeUITests.xctest' started at 2026-06-01 08:05:33.011.
Test Suite 'CityAppDetailV22RenderProofUITests' started at 2026-06-01 08:05:33.011.
Test Case '-[SpeakLocalNativeUITests.CityAppDetailV22RenderProofUITests testCaptureCityAppDetailV22RenderProofBatch]' started.
    t =     0.00s Start Test at 2026-06-01 08:05:33.011
    t =     0.02s Set Up
    t =     0.02s Open app.speaklocal.vietnam.native
    t =     0.02s     Launch app.speaklocal.vietnam.native
objc[7778]: Class UIAccessibilityLoaderWebShared is implemented in both /Library/Developer/CoreSimulator/Volumes/iOS_23F77/Library/Developer/CoreSimulator/Profiles/Runtimes/iOS 26.5.simruntime/Contents/Resources/RuntimeRoot/System/Library/AccessibilityBundles/WebCore.axbundle/WebCore (0x107fb0310) and /Library/Developer/CoreSimulator/Volumes/iOS_23F77/Library/Developer/CoreSimulator/Profiles/Runtimes/iOS 26.5.simruntime/Contents/Resources/RuntimeRoot/System/Library/AccessibilityBundles/WebKit.axbundle/WebKit (0x107cec398). This may cause spurious casting failures and mysterious crashes. One of the duplicates must be removed or renamed.
    t =     1.89s         Setting up automation session
    t =     2.29s         Wait for app.speaklocal.vietnam.native to idle
    t =     3.76s Checking existence of `"Bảo tàng Tôn Đức Thắng" StaticText`
    t =     3.91s Waiting 8.0s for "Bảo tàng Tôn Đức Thắng" StaticText to exist
    t =     4.94s     Checking `Expect predicate `existsNoRetry == 1` for object "Bảo tàng Tôn Đức Thắng" StaticText`
    t =     4.94s         Checking existence of `"Bảo tàng Tôn Đức Thắng" StaticText`
    t =     5.10s Swipe up Target Application 'app.speaklocal.vietnam.native'
    t =     5.10s     Wait for app.speaklocal.vietnam.native to idle
    t =     5.10s     Find the Target Application 'app.speaklocal.vietnam.native'
    t =     5.11s     Check for interrupting elements affecting "SpeakLocal Vietnam" Application
    t =     5.13s     Synthesize event
    t =     5.56s     Wait for app.speaklocal.vietnam.native to idle
    t =     7.66s Swipe up Target Application 'app.speaklocal.vietnam.native'
    t =     7.66s     Wait for app.speaklocal.vietnam.native to idle
    t =     7.66s     Find the Target Application 'app.speaklocal.vietnam.native'
    t =     7.69s     Check for interrupting elements affecting "SpeakLocal Vietnam" Application
    t =     7.73s     Synthesize event
    t =     8.16s     Wait for app.speaklocal.vietnam.native to idle
    t =     8.95s Terminate app.speaklocal.vietnam.native:7787
    t =    10.02s Open app.speaklocal.vietnam.native
    t =    10.03s     Launch app.speaklocal.vietnam.native
    t =    10.24s         Setting up automation session
    t =    10.71s         Wait for app.speaklocal.vietnam.native to idle
    t =    12.16s Waiting 4.0s for TabBar (First Match) to exist
    t =    13.20s     Checking `Expect predicate `existsNoRetry == 1` for object TabBar (First Match)`
    t =    13.20s         Checking existence of `TabBar (First Match)`
    t =    13.25s Checking existence of `"PhraseArticle.BottomSentinel.viet-family-city-hcmc-place-ton-duc-thang-museum" Other`
    t =    13.33s Checking existence of `"PhraseArticle.BottomSentinel.viet-phrase-city-hcmc-place-ton-duc-thang-museum" Other`
    t =    13.36s Find the "PhraseArticle.BottomSentinel.viet-phrase-city-hcmc-place-ton-duc-thang-museum" Other
    t =    13.38s Checking existence of `TabBar (First Match)`
    t =    13.38s Find the TabBar (First Match)
    t =    13.39s Find the Target Application 'app.speaklocal.vietnam.native'
    t =    13.49s Terminate app.speaklocal.vietnam.native:7807
    t =    14.56s Tear Down
Test Case '-[SpeakLocalNativeUITests.CityAppDetailV22RenderProofUITests testCaptureCityAppDetailV22RenderProofBatch]' passed (14.645 seconds).
Test Suite 'CityAppDetailV22RenderProofUITests' passed at 2026-06-01 08:05:47.657.
	 Executed 1 test, with 0 failures (0 unexpected) in 14.645 (14.646) seconds
Test Suite 'SpeakLocalNativeUITests.xctest' passed at 2026-06-01 08:05:47.658.
	 Executed 1 test, with 0 failures (0 unexpected) in 14.645 (14.648) seconds
Test Suite 'Selected tests' passed at 2026-06-01 08:05:47.659.
	 Executed 1 test, with 0 failures (0 unexpected) in 14.645 (14.648) seconds

Test session results, code coverage, and logs:
	/Users/jojolim/Library/Developer/XcodeBuildMCP/workspaces/orchestrator-309442864093/DerivedData/SpeakLocalNative-8f3e721625a0/Logs/Test/Test-SpeakLocalNative-2026.06.01_08-05-31-+0700.xcresult

** TEST EXECUTE SUCCEEDED **

Testing started

2026-06-01 08:05:33.071 xcodebuild[7776:8423091] [MT] IDELaunchParametersSnapshot: The operation couldn’t be completed. (DebuggerLLDB.DebuggerVersionStore.StoreError error 0.)
2026-06-01 08:05:33.071 xcodebuild[7776:8423091] [MT] IDELaunchParametersSnapshot: no debugger version
2026-06-01 08:05:43.039 xcodebuild[7776:8423091] [MT] IDELaunchParametersSnapshot: The operation couldn’t be completed. (DebuggerLLDB.DebuggerVersionStore.StoreError error 0.)
2026-06-01 08:05:43.039 xcodebuild[7776:8423091] [MT] IDELaunchParametersSnapshot: no debugger version
2026-06-01 08:05:47.960 xcodebuild[7776:8423091] [MT] IDETestOperationsObserverDebug: 16.130 elapsed -- Testing started completed.
2026-06-01 08:05:47.960 xcodebuild[7776:8423091] [MT] IDETestOperationsObserverDebug: 0.000 sec, +0.000 sec -- start
2026-06-01 08:05:47.960 xcodebuild[7776:8423091] [MT] IDETestOperationsObserverDebug: 16.130 sec, +16.130 sec -- end
