Command line invocation:
    /Applications/Xcode.app/Contents/Developer/usr/bin/xcodebuild test-without-building -project /Users/jojolim/Developer/products/speaklocal/app-family/.worktrees/city-listings-production-ready/native-ios/SpeakLocalNative.xcodeproj -scheme SpeakLocalNative -destination "platform=iOS Simulator,id=7C386DD3-4BF1-4A34-A918-768C43CD1258" -derivedDataPath /Users/jojolim/Library/Developer/XcodeBuildMCP/workspaces/orchestrator-309442864093/DerivedData/SpeakLocalNative-8f3e721625a0 "-only-testing:SpeakLocalNativeUITests/CityAppDetailV22RenderProofUITests/testCaptureCityAppDetailV22RenderProofBatch"

2026-06-01 06:42:56.317989+0700 SpeakLocalNativeUITests-Runner[12150:8079963] [Default] Running tests...
    t =      nans Interface orientation changed to Portrait
Test Suite 'Selected tests' started at 2026-06-01 06:42:56.686.
Test Suite 'SpeakLocalNativeUITests.xctest' started at 2026-06-01 06:42:56.686.
Test Suite 'CityAppDetailV22RenderProofUITests' started at 2026-06-01 06:42:56.686.
Test Case '-[SpeakLocalNativeUITests.CityAppDetailV22RenderProofUITests testCaptureCityAppDetailV22RenderProofBatch]' started.
    t =     0.00s Start Test at 2026-06-01 06:42:56.687
    t =     0.02s Set Up
    t =     0.02s Open app.speaklocal.vietnam.native
    t =     0.02s     Launch app.speaklocal.vietnam.native
objc[12150]: Class UIAccessibilityLoaderWebShared is implemented in both /Library/Developer/CoreSimulator/Volumes/iOS_23F77/Library/Developer/CoreSimulator/Profiles/Runtimes/iOS 26.5.simruntime/Contents/Resources/RuntimeRoot/System/Library/AccessibilityBundles/WebCore.axbundle/WebCore (0x108d6c310) and /Library/Developer/CoreSimulator/Volumes/iOS_23F77/Library/Developer/CoreSimulator/Profiles/Runtimes/iOS 26.5.simruntime/Contents/Resources/RuntimeRoot/System/Library/AccessibilityBundles/WebKit.axbundle/WebKit (0x1086dc398). This may cause spurious casting failures and mysterious crashes. One of the duplicates must be removed or renamed.
    t =     1.90s         Setting up automation session
    t =     2.30s         Wait for app.speaklocal.vietnam.native to idle
    t =     3.79s Checking existence of `"Chùa Chúc Thánh" StaticText`
    t =     3.94s Waiting 8.0s for "Chùa Chúc Thánh" StaticText to exist
    t =     5.00s     Checking `Expect predicate `existsNoRetry == 1` for object "Chùa Chúc Thánh" StaticText`
    t =     5.00s         Checking existence of `"Chùa Chúc Thánh" StaticText`
    t =     5.16s Swipe up Target Application 'app.speaklocal.vietnam.native'
    t =     5.16s     Wait for app.speaklocal.vietnam.native to idle
    t =     5.16s     Find the Target Application 'app.speaklocal.vietnam.native'
    t =     5.18s     Check for interrupting elements affecting "SpeakLocal Vietnam" Application
    t =     5.20s     Synthesize event
    t =     5.62s     Wait for app.speaklocal.vietnam.native to idle
    t =     7.72s Swipe up Target Application 'app.speaklocal.vietnam.native'
    t =     7.72s     Wait for app.speaklocal.vietnam.native to idle
    t =     7.72s     Find the Target Application 'app.speaklocal.vietnam.native'
    t =     7.75s     Check for interrupting elements affecting "SpeakLocal Vietnam" Application
    t =     7.77s     Synthesize event
    t =     8.20s     Wait for app.speaklocal.vietnam.native to idle
    t =     8.96s Terminate app.speaklocal.vietnam.native:12232
    t =    10.03s Open app.speaklocal.vietnam.native
    t =    10.03s     Launch app.speaklocal.vietnam.native
    t =    10.24s         Setting up automation session
    t =    10.73s         Wait for app.speaklocal.vietnam.native to idle
    t =    12.20s Waiting 4.0s for TabBar (First Match) to exist
    t =    13.25s     Checking `Expect predicate `existsNoRetry == 1` for object TabBar (First Match)`
    t =    13.25s         Checking existence of `TabBar (First Match)`
    t =    13.31s Checking existence of `"PhraseArticle.BottomSentinel.viet-family-city-hoian-place-chuc-thanh-pagoda" Other`
    t =    13.39s Checking existence of `"PhraseArticle.BottomSentinel.viet-phrase-city-hoian-place-chuc-thanh-pagoda" Other`
    t =    13.41s Find the "PhraseArticle.BottomSentinel.viet-phrase-city-hoian-place-chuc-thanh-pagoda" Other
    t =    13.43s Checking existence of `TabBar (First Match)`
    t =    13.44s Find the TabBar (First Match)
    t =    13.44s Find the Target Application 'app.speaklocal.vietnam.native'
    t =    13.53s Terminate app.speaklocal.vietnam.native:12323
    t =    14.60s Tear Down
Test Case '-[SpeakLocalNativeUITests.CityAppDetailV22RenderProofUITests testCaptureCityAppDetailV22RenderProofBatch]' passed (14.658 seconds).
Test Suite 'CityAppDetailV22RenderProofUITests' passed at 2026-06-01 06:43:11.345.
	 Executed 1 test, with 0 failures (0 unexpected) in 14.658 (14.659) seconds
Test Suite 'SpeakLocalNativeUITests.xctest' passed at 2026-06-01 06:43:11.346.
	 Executed 1 test, with 0 failures (0 unexpected) in 14.658 (14.660) seconds
Test Suite 'Selected tests' passed at 2026-06-01 06:43:11.347.
	 Executed 1 test, with 0 failures (0 unexpected) in 14.658 (14.661) seconds

Test session results, code coverage, and logs:
	/Users/jojolim/Library/Developer/XcodeBuildMCP/workspaces/orchestrator-309442864093/DerivedData/SpeakLocalNative-8f3e721625a0/Logs/Test/Test-SpeakLocalNative-2026.06.01_06-42-55-+0700.xcresult

** TEST EXECUTE SUCCEEDED **

Testing started

2026-06-01 06:42:56.745 xcodebuild[12144:8079779] [MT] IDELaunchParametersSnapshot: The operation couldn’t be completed. (DebuggerLLDB.DebuggerVersionStore.StoreError error 0.)
2026-06-01 06:42:56.745 xcodebuild[12144:8079779] [MT] IDELaunchParametersSnapshot: no debugger version
2026-06-01 06:43:06.723 xcodebuild[12144:8079779] [MT] IDELaunchParametersSnapshot: The operation couldn’t be completed. (DebuggerLLDB.DebuggerVersionStore.StoreError error 0.)
2026-06-01 06:43:06.723 xcodebuild[12144:8079779] [MT] IDELaunchParametersSnapshot: no debugger version
2026-06-01 06:43:11.648 xcodebuild[12144:8079779] [MT] IDETestOperationsObserverDebug: 16.144 elapsed -- Testing started completed.
2026-06-01 06:43:11.648 xcodebuild[12144:8079779] [MT] IDETestOperationsObserverDebug: 0.000 sec, +0.000 sec -- start
2026-06-01 06:43:11.648 xcodebuild[12144:8079779] [MT] IDETestOperationsObserverDebug: 16.144 sec, +16.144 sec -- end
