Command line invocation:
    /Applications/Xcode.app/Contents/Developer/usr/bin/xcodebuild test-without-building -project /Users/jojolim/Developer/products/speaklocal/app-family/.worktrees/city-listings-production-ready/native-ios/SpeakLocalNative.xcodeproj -scheme SpeakLocalNative -destination "platform=iOS Simulator,id=7C386DD3-4BF1-4A34-A918-768C43CD1258" -derivedDataPath /Users/jojolim/Library/Developer/XcodeBuildMCP/workspaces/orchestrator-309442864093/DerivedData/SpeakLocalNative-8f3e721625a0 "-only-testing:SpeakLocalNativeUITests/CityAppDetailV22RenderProofUITests/testCaptureCityAppDetailV22RenderProofBatch"

2026-06-01 07:36:12.925508+0700 SpeakLocalNativeUITests-Runner[70986:8306645] [Default] Running tests...
    t =      nans Interface orientation changed to Portrait
Test Suite 'Selected tests' started at 2026-06-01 07:36:13.290.
Test Suite 'SpeakLocalNativeUITests.xctest' started at 2026-06-01 07:36:13.290.
Test Suite 'CityAppDetailV22RenderProofUITests' started at 2026-06-01 07:36:13.290.
Test Case '-[SpeakLocalNativeUITests.CityAppDetailV22RenderProofUITests testCaptureCityAppDetailV22RenderProofBatch]' started.
    t =     0.00s Start Test at 2026-06-01 07:36:13.290
    t =     0.02s Set Up
    t =     0.02s Open app.speaklocal.vietnam.native
    t =     0.02s     Launch app.speaklocal.vietnam.native
objc[70986]: Class UIAccessibilityLoaderWebShared is implemented in both /Library/Developer/CoreSimulator/Volumes/iOS_23F77/Library/Developer/CoreSimulator/Profiles/Runtimes/iOS 26.5.simruntime/Contents/Resources/RuntimeRoot/System/Library/AccessibilityBundles/WebCore.axbundle/WebCore (0x1096c8310) and /Library/Developer/CoreSimulator/Volumes/iOS_23F77/Library/Developer/CoreSimulator/Profiles/Runtimes/iOS 26.5.simruntime/Contents/Resources/RuntimeRoot/System/Library/AccessibilityBundles/WebKit.axbundle/WebKit (0x1097e8398). This may cause spurious casting failures and mysterious crashes. One of the duplicates must be removed or renamed.
    t =     1.89s         Setting up automation session
    t =     2.36s         Wait for app.speaklocal.vietnam.native to idle
    t =     3.84s Checking existence of `"Bún Bò Huế 14B" StaticText`
    t =     4.00s Waiting 8.0s for "Bún Bò Huế 14B" StaticText to exist
    t =     5.05s     Checking `Expect predicate `existsNoRetry == 1` for object "Bún Bò Huế 14B" StaticText`
    t =     5.05s         Checking existence of `"Bún Bò Huế 14B" StaticText`
    t =     5.20s Swipe up Target Application 'app.speaklocal.vietnam.native'
    t =     5.20s     Wait for app.speaklocal.vietnam.native to idle
    t =     5.20s     Find the Target Application 'app.speaklocal.vietnam.native'
    t =     5.22s     Check for interrupting elements affecting "SpeakLocal Vietnam" Application
    t =     5.23s     Synthesize event
    t =     5.65s     Wait for app.speaklocal.vietnam.native to idle
    t =     7.75s Swipe up Target Application 'app.speaklocal.vietnam.native'
    t =     7.75s     Wait for app.speaklocal.vietnam.native to idle
    t =     7.76s     Find the Target Application 'app.speaklocal.vietnam.native'
    t =     7.78s     Check for interrupting elements affecting "SpeakLocal Vietnam" Application
    t =     7.81s     Synthesize event
    t =     8.23s     Wait for app.speaklocal.vietnam.native to idle
    t =     9.09s Terminate app.speaklocal.vietnam.native:71074
    t =    10.17s Open app.speaklocal.vietnam.native
    t =    10.17s     Launch app.speaklocal.vietnam.native
    t =    10.39s         Setting up automation session
    t =    10.87s         Wait for app.speaklocal.vietnam.native to idle
    t =    12.36s Waiting 4.0s for TabBar (First Match) to exist
    t =    13.40s     Checking `Expect predicate `existsNoRetry == 1` for object TabBar (First Match)`
    t =    13.40s         Checking existence of `TabBar (First Match)`
    t =    13.46s Checking existence of `"PhraseArticle.BottomSentinel.viet-family-city-hcmc-place-bun-bo-hue-14b" Other`
    t =    13.54s Checking existence of `"PhraseArticle.BottomSentinel.viet-phrase-city-hcmc-place-bun-bo-hue-14b" Other`
    t =    13.56s Find the "PhraseArticle.BottomSentinel.viet-phrase-city-hcmc-place-bun-bo-hue-14b" Other
    t =    13.58s Checking existence of `TabBar (First Match)`
    t =    13.59s Find the TabBar (First Match)
    t =    13.59s Find the Target Application 'app.speaklocal.vietnam.native'
    t =    13.69s Terminate app.speaklocal.vietnam.native:71189
    t =    14.75s Tear Down
Test Case '-[SpeakLocalNativeUITests.CityAppDetailV22RenderProofUITests testCaptureCityAppDetailV22RenderProofBatch]' passed (14.830 seconds).
Test Suite 'CityAppDetailV22RenderProofUITests' passed at 2026-06-01 07:36:28.121.
	 Executed 1 test, with 0 failures (0 unexpected) in 14.830 (14.831) seconds
Test Suite 'SpeakLocalNativeUITests.xctest' passed at 2026-06-01 07:36:28.121.
	 Executed 1 test, with 0 failures (0 unexpected) in 14.830 (14.831) seconds
Test Suite 'Selected tests' passed at 2026-06-01 07:36:28.121.
	 Executed 1 test, with 0 failures (0 unexpected) in 14.830 (14.832) seconds

Test session results, code coverage, and logs:
	/Users/jojolim/Library/Developer/XcodeBuildMCP/workspaces/orchestrator-309442864093/DerivedData/SpeakLocalNative-8f3e721625a0/Logs/Test/Test-SpeakLocalNative-2026.06.01_07-36-11-+0700.xcresult

** TEST EXECUTE SUCCEEDED **

Testing started

2026-06-01 07:36:13.350 xcodebuild[70984:8306471] [MT] IDELaunchParametersSnapshot: The operation couldn’t be completed. (DebuggerLLDB.DebuggerVersionStore.StoreError error 0.)
2026-06-01 07:36:13.350 xcodebuild[70984:8306471] [MT] IDELaunchParametersSnapshot: no debugger version
2026-06-01 07:36:23.465 xcodebuild[70984:8306471] [MT] IDELaunchParametersSnapshot: The operation couldn’t be completed. (DebuggerLLDB.DebuggerVersionStore.StoreError error 0.)
2026-06-01 07:36:23.465 xcodebuild[70984:8306471] [MT] IDELaunchParametersSnapshot: no debugger version
2026-06-01 07:36:28.420 xcodebuild[70984:8306471] [MT] IDETestOperationsObserverDebug: 16.299 elapsed -- Testing started completed.
2026-06-01 07:36:28.420 xcodebuild[70984:8306471] [MT] IDETestOperationsObserverDebug: 0.000 sec, +0.000 sec -- start
2026-06-01 07:36:28.420 xcodebuild[70984:8306471] [MT] IDETestOperationsObserverDebug: 16.299 sec, +16.299 sec -- end
