Command line invocation:
    /Applications/Xcode.app/Contents/Developer/usr/bin/xcodebuild test-without-building -project /Users/jojolim/Developer/products/speaklocal/app-family/.worktrees/city-listings-production-ready/native-ios/SpeakLocalNative.xcodeproj -scheme SpeakLocalNative -destination "platform=iOS Simulator,id=7C386DD3-4BF1-4A34-A918-768C43CD1258" -derivedDataPath /Users/jojolim/Library/Developer/XcodeBuildMCP/workspaces/orchestrator-309442864093/DerivedData/SpeakLocalNative-8f3e721625a0 "-only-testing:SpeakLocalNativeUITests/CityAppDetailV22RenderProofUITests/testCaptureCityAppDetailV22RenderProofBatch"

2026-06-01 03:42:17.924175+0700 SpeakLocalNativeUITests-Runner[67977:7297919] [Default] Running tests...
    t =      nans Interface orientation changed to Portrait
Test Suite 'Selected tests' started at 2026-06-01 03:42:18.294.
Test Suite 'SpeakLocalNativeUITests.xctest' started at 2026-06-01 03:42:18.294.
Test Suite 'CityAppDetailV22RenderProofUITests' started at 2026-06-01 03:42:18.294.
Test Case '-[SpeakLocalNativeUITests.CityAppDetailV22RenderProofUITests testCaptureCityAppDetailV22RenderProofBatch]' started.
    t =     0.00s Start Test at 2026-06-01 03:42:18.295
    t =     0.01s Set Up
    t =     0.02s Open app.speaklocal.vietnam.native
    t =     0.02s     Launch app.speaklocal.vietnam.native
objc[67977]: Class UIAccessibilityLoaderWebShared is implemented in both /Library/Developer/CoreSimulator/Volumes/iOS_23F77/Library/Developer/CoreSimulator/Profiles/Runtimes/iOS 26.5.simruntime/Contents/Resources/RuntimeRoot/System/Library/AccessibilityBundles/WebCore.axbundle/WebCore (0x10830c310) and /Library/Developer/CoreSimulator/Volumes/iOS_23F77/Library/Developer/CoreSimulator/Profiles/Runtimes/iOS 26.5.simruntime/Contents/Resources/RuntimeRoot/System/Library/AccessibilityBundles/WebKit.axbundle/WebKit (0x107780398). This may cause spurious casting failures and mysterious crashes. One of the duplicates must be removed or renamed.
    t =     1.90s         Setting up automation session
    t =     2.29s         Wait for app.speaklocal.vietnam.native to idle
    t =     3.80s Checking existence of `"Chè Huế" StaticText`
    t =     3.95s Waiting 8.0s for "Chè Huế" StaticText to exist
    t =     4.99s     Checking `Expect predicate `existsNoRetry == 1` for object "Chè Huế" StaticText`
    t =     4.99s         Checking existence of `"Chè Huế" StaticText`
    t =     5.15s Swipe up Target Application 'app.speaklocal.vietnam.native'
    t =     5.15s     Wait for app.speaklocal.vietnam.native to idle
    t =     5.15s     Find the Target Application 'app.speaklocal.vietnam.native'
    t =     5.16s     Check for interrupting elements affecting "SpeakLocal Vietnam" Application
    t =     5.18s     Synthesize event
    t =     5.60s     Wait for app.speaklocal.vietnam.native to idle
    t =     7.71s Swipe up Target Application 'app.speaklocal.vietnam.native'
    t =     7.71s     Wait for app.speaklocal.vietnam.native to idle
    t =     7.71s     Find the Target Application 'app.speaklocal.vietnam.native'
    t =     7.73s     Check for interrupting elements affecting "SpeakLocal Vietnam" Application
    t =     7.75s     Synthesize event
    t =     8.17s     Wait for app.speaklocal.vietnam.native to idle
    t =     8.88s Terminate app.speaklocal.vietnam.native:68053
    t =     9.91s Open app.speaklocal.vietnam.native
    t =     9.91s     Launch app.speaklocal.vietnam.native
    t =    10.13s         Setting up automation session
    t =    10.59s         Wait for app.speaklocal.vietnam.native to idle
    t =    12.05s Waiting 4.0s for TabBar (First Match) to exist
    t =    13.11s     Checking `Expect predicate `existsNoRetry == 1` for object TabBar (First Match)`
    t =    13.11s         Checking existence of `TabBar (First Match)`
    t =    13.16s Checking existence of `"PhraseArticle.BottomSentinel.viet-family-city-hue-place-che-hue" Other`
    t =    13.24s Checking existence of `"PhraseArticle.BottomSentinel.viet-phrase-city-hue-place-che-hue" Other`
    t =    13.26s Find the "PhraseArticle.BottomSentinel.viet-phrase-city-hue-place-che-hue" Other
    t =    13.28s Checking existence of `TabBar (First Match)`
    t =    13.29s Find the TabBar (First Match)
    t =    13.30s Find the Target Application 'app.speaklocal.vietnam.native'
    t =    13.39s Terminate app.speaklocal.vietnam.native:68142
    t =    14.45s Tear Down
Test Case '-[SpeakLocalNativeUITests.CityAppDetailV22RenderProofUITests testCaptureCityAppDetailV22RenderProofBatch]' passed (14.493 seconds).
Test Suite 'CityAppDetailV22RenderProofUITests' passed at 2026-06-01 03:42:32.788.
	 Executed 1 test, with 0 failures (0 unexpected) in 14.493 (14.494) seconds
Test Suite 'SpeakLocalNativeUITests.xctest' passed at 2026-06-01 03:42:32.789.
	 Executed 1 test, with 0 failures (0 unexpected) in 14.493 (14.495) seconds
Test Suite 'Selected tests' passed at 2026-06-01 03:42:32.790.
	 Executed 1 test, with 0 failures (0 unexpected) in 14.493 (14.496) seconds

Test session results, code coverage, and logs:
	/Users/jojolim/Library/Developer/XcodeBuildMCP/workspaces/orchestrator-309442864093/DerivedData/SpeakLocalNative-8f3e721625a0/Logs/Test/Test-SpeakLocalNative-2026.06.01_03-42-17-+0700.xcresult

** TEST EXECUTE SUCCEEDED **

Testing started

2026-06-01 03:42:18.351 xcodebuild[67974:7297723] [MT] IDELaunchParametersSnapshot: The operation couldn’t be completed. (DebuggerLLDB.DebuggerVersionStore.StoreError error 0.)
2026-06-01 03:42:18.351 xcodebuild[67974:7297723] [MT] IDELaunchParametersSnapshot: no debugger version
2026-06-01 03:42:28.208 xcodebuild[67974:7297723] [MT] IDELaunchParametersSnapshot: The operation couldn’t be completed. (DebuggerLLDB.DebuggerVersionStore.StoreError error 0.)
2026-06-01 03:42:28.208 xcodebuild[67974:7297723] [MT] IDELaunchParametersSnapshot: no debugger version
2026-06-01 03:42:33.092 xcodebuild[67974:7297723] [MT] IDETestOperationsObserverDebug: 15.943 elapsed -- Testing started completed.
2026-06-01 03:42:33.092 xcodebuild[67974:7297723] [MT] IDETestOperationsObserverDebug: 0.000 sec, +0.000 sec -- start
2026-06-01 03:42:33.092 xcodebuild[67974:7297723] [MT] IDETestOperationsObserverDebug: 15.943 sec, +15.943 sec -- end
