Command line invocation:
    /Applications/Xcode.app/Contents/Developer/usr/bin/xcodebuild test-without-building -project /Users/jojolim/Developer/products/speaklocal/app-family/.worktrees/city-listings-production-ready/native-ios/SpeakLocalNative.xcodeproj -scheme SpeakLocalNative -destination "platform=iOS Simulator,id=7C386DD3-4BF1-4A34-A918-768C43CD1258" -derivedDataPath /Users/jojolim/Library/Developer/XcodeBuildMCP/workspaces/orchestrator-309442864093/DerivedData/SpeakLocalNative-8f3e721625a0 "-only-testing:SpeakLocalNativeUITests/CityAppDetailV22RenderProofUITests/testCaptureCityAppDetailV22RenderProofBatch"

2026-06-01 23:50:57.450702+0700 SpeakLocalNativeUITests-Runner[28169:10273336] [Default] Running tests...
    t =      nans Interface orientation changed to Portrait
Test Suite 'Selected tests' started at 2026-06-01 23:50:57.834.
Test Suite 'SpeakLocalNativeUITests.xctest' started at 2026-06-01 23:50:57.834.
Test Suite 'CityAppDetailV22RenderProofUITests' started at 2026-06-01 23:50:57.834.
Test Case '-[SpeakLocalNativeUITests.CityAppDetailV22RenderProofUITests testCaptureCityAppDetailV22RenderProofBatch]' started.
    t =     0.00s Start Test at 2026-06-01 23:50:57.834
    t =     0.02s Set Up
    t =     0.02s Open app.speaklocal.vietnam.native
    t =     0.02s     Launch app.speaklocal.vietnam.native
objc[28169]: Class UIAccessibilityLoaderWebShared is implemented in both /Library/Developer/CoreSimulator/Volumes/iOS_23F77/Library/Developer/CoreSimulator/Profiles/Runtimes/iOS 26.5.simruntime/Contents/Resources/RuntimeRoot/System/Library/AccessibilityBundles/WebCore.axbundle/WebCore (0x106e14310) and /Library/Developer/CoreSimulator/Volumes/iOS_23F77/Library/Developer/CoreSimulator/Profiles/Runtimes/iOS 26.5.simruntime/Contents/Resources/RuntimeRoot/System/Library/AccessibilityBundles/WebKit.axbundle/WebKit (0x10625c398). This may cause spurious casting failures and mysterious crashes. One of the duplicates must be removed or renamed.
    t =     2.74s         Setting up automation session
    t =     3.52s         Wait for app.speaklocal.vietnam.native to idle
    t =     5.27s Checking existence of `"Mè xửng ở Huế" StaticText`
    t =     5.43s Waiting 8.0s for "Mè xửng ở Huế" StaticText to exist
    t =     6.48s     Checking `Expect predicate `existsNoRetry == 1` for object "Mè xửng ở Huế" StaticText`
    t =     6.48s         Checking existence of `"Mè xửng ở Huế" StaticText`
    t =     6.65s Swipe up Target Application 'app.speaklocal.vietnam.native'
    t =     6.65s     Wait for app.speaklocal.vietnam.native to idle
    t =     6.65s     Find the Target Application 'app.speaklocal.vietnam.native'
    t =     6.66s     Check for interrupting elements affecting "SpeakLocal Vietnam" Application
    t =     6.68s     Synthesize event
    t =     7.10s     Wait for app.speaklocal.vietnam.native to idle
    t =     9.21s Swipe up Target Application 'app.speaklocal.vietnam.native'
    t =     9.21s     Wait for app.speaklocal.vietnam.native to idle
    t =     9.22s     Find the Target Application 'app.speaklocal.vietnam.native'
    t =     9.24s     Check for interrupting elements affecting "SpeakLocal Vietnam" Application
    t =     9.27s     Synthesize event
    t =     9.68s     Wait for app.speaklocal.vietnam.native to idle
    t =    10.72s Terminate app.speaklocal.vietnam.native:28247
    t =    11.76s Open app.speaklocal.vietnam.native
    t =    11.76s     Launch app.speaklocal.vietnam.native
    t =    11.96s         Setting up automation session
    t =    12.44s         Wait for app.speaklocal.vietnam.native to idle
    t =    13.93s Waiting 4.0s for TabBar (First Match) to exist
    t =    14.96s     Checking `Expect predicate `existsNoRetry == 1` for object TabBar (First Match)`
    t =    14.96s         Checking existence of `TabBar (First Match)`
    t =    15.02s Checking existence of `"PhraseArticle.BottomSentinel.viet-family-city-hue-place-me-xung" Other`
    t =    15.17s Checking existence of `"PhraseArticle.BottomSentinel.viet-phrase-city-hue-place-me-xung" Other`
    t =    15.22s Find the "PhraseArticle.BottomSentinel.viet-phrase-city-hue-place-me-xung" Other
    t =    15.26s Checking existence of `TabBar (First Match)`
    t =    15.28s Find the TabBar (First Match)
    t =    15.29s Find the Target Application 'app.speaklocal.vietnam.native'
    t =    15.47s Terminate app.speaklocal.vietnam.native:28334
    t =    16.54s Tear Down
Test Case '-[SpeakLocalNativeUITests.CityAppDetailV22RenderProofUITests testCaptureCityAppDetailV22RenderProofBatch]' passed (16.594 seconds).
Test Suite 'CityAppDetailV22RenderProofUITests' passed at 2026-06-01 23:51:14.429.
	 Executed 1 test, with 0 failures (0 unexpected) in 16.594 (16.595) seconds
Test Suite 'SpeakLocalNativeUITests.xctest' passed at 2026-06-01 23:51:14.430.
	 Executed 1 test, with 0 failures (0 unexpected) in 16.594 (16.596) seconds
Test Suite 'Selected tests' passed at 2026-06-01 23:51:14.430.
	 Executed 1 test, with 0 failures (0 unexpected) in 16.594 (16.596) seconds

Test session results, code coverage, and logs:
	/Users/jojolim/Library/Developer/XcodeBuildMCP/workspaces/orchestrator-309442864093/DerivedData/SpeakLocalNative-8f3e721625a0/Logs/Test/Test-SpeakLocalNative-2026.06.01_23-50-56-+0700.xcresult

** TEST EXECUTE SUCCEEDED **

Testing started

2026-06-01 23:50:57.896 xcodebuild[28150:10273154] [MT] IDELaunchParametersSnapshot: The operation couldn’t be completed. (DebuggerLLDB.DebuggerVersionStore.StoreError error 0.)
2026-06-01 23:50:57.896 xcodebuild[28150:10273154] [MT] IDELaunchParametersSnapshot: no debugger version
2026-06-01 23:51:09.593 xcodebuild[28150:10273154] [MT] IDELaunchParametersSnapshot: The operation couldn’t be completed. (DebuggerLLDB.DebuggerVersionStore.StoreError error 0.)
2026-06-01 23:51:09.593 xcodebuild[28150:10273154] [MT] IDELaunchParametersSnapshot: no debugger version
2026-06-01 23:51:14.715 xcodebuild[28150:10273154] [MT] IDETestOperationsObserverDebug: 18.072 elapsed -- Testing started completed.
2026-06-01 23:51:14.715 xcodebuild[28150:10273154] [MT] IDETestOperationsObserverDebug: 0.000 sec, +0.000 sec -- start
2026-06-01 23:51:14.715 xcodebuild[28150:10273154] [MT] IDETestOperationsObserverDebug: 18.072 sec, +18.072 sec -- end
