Command line invocation:
    /Applications/Xcode.app/Contents/Developer/usr/bin/xcodebuild test-without-building -project /Users/jojolim/Developer/products/speaklocal/app-family/.worktrees/city-listings-production-ready/native-ios/SpeakLocalNative.xcodeproj -scheme SpeakLocalNative -destination "platform=iOS Simulator,id=7C386DD3-4BF1-4A34-A918-768C43CD1258" -derivedDataPath /Users/jojolim/Library/Developer/XcodeBuildMCP/workspaces/orchestrator-309442864093/DerivedData/SpeakLocalNative-8f3e721625a0 "-only-testing:SpeakLocalNativeUITests/CityAppDetailV22RenderProofUITests/testCaptureCityAppDetailV22RenderProofBatch"

2026-06-01 23:32:53.922285+0700 SpeakLocalNativeUITests-Runner[12137:10196904] [Default] Running tests...
    t =      nans Interface orientation changed to Portrait
Test Suite 'Selected tests' started at 2026-06-01 23:32:54.300.
Test Suite 'SpeakLocalNativeUITests.xctest' started at 2026-06-01 23:32:54.300.
Test Suite 'CityAppDetailV22RenderProofUITests' started at 2026-06-01 23:32:54.300.
Test Case '-[SpeakLocalNativeUITests.CityAppDetailV22RenderProofUITests testCaptureCityAppDetailV22RenderProofBatch]' started.
    t =     0.00s Start Test at 2026-06-01 23:32:54.301
    t =     0.02s Set Up
    t =     0.02s Open app.speaklocal.vietnam.native
    t =     0.02s     Launch app.speaklocal.vietnam.native
objc[12137]: Class UIAccessibilityLoaderWebShared is implemented in both /Library/Developer/CoreSimulator/Volumes/iOS_23F77/Library/Developer/CoreSimulator/Profiles/Runtimes/iOS 26.5.simruntime/Contents/Resources/RuntimeRoot/System/Library/AccessibilityBundles/WebCore.axbundle/WebCore (0x1057bc310) and /Library/Developer/CoreSimulator/Volumes/iOS_23F77/Library/Developer/CoreSimulator/Profiles/Runtimes/iOS 26.5.simruntime/Contents/Resources/RuntimeRoot/System/Library/AccessibilityBundles/WebKit.axbundle/WebKit (0x105c48398). This may cause spurious casting failures and mysterious crashes. One of the duplicates must be removed or renamed.
    t =     2.12s         Setting up automation session
    t =     3.07s         Wait for app.speaklocal.vietnam.native to idle
    t =     5.03s Checking existence of `"Nhà tù Hỏa Lò" StaticText`
    t =     5.19s Waiting 8.0s for "Nhà tù Hỏa Lò" StaticText to exist
    t =     6.27s     Checking `Expect predicate `existsNoRetry == 1` for object "Nhà tù Hỏa Lò" StaticText`
    t =     6.27s         Checking existence of `"Nhà tù Hỏa Lò" StaticText`
    t =     6.45s Swipe up Target Application 'app.speaklocal.vietnam.native'
    t =     6.45s     Wait for app.speaklocal.vietnam.native to idle
    t =     6.45s     Find the Target Application 'app.speaklocal.vietnam.native'
    t =     6.47s     Check for interrupting elements affecting "SpeakLocal Vietnam" Application
    t =     6.49s     Synthesize event
    t =     6.91s     Wait for app.speaklocal.vietnam.native to idle
    t =     9.01s Swipe up Target Application 'app.speaklocal.vietnam.native'
    t =     9.01s     Wait for app.speaklocal.vietnam.native to idle
    t =     9.28s     Find the Target Application 'app.speaklocal.vietnam.native'
    t =     9.31s     Check for interrupting elements affecting "SpeakLocal Vietnam" Application
    t =     9.33s     Synthesize event
    t =     9.75s     Wait for app.speaklocal.vietnam.native to idle
    t =    10.53s Terminate app.speaklocal.vietnam.native:12216
    t =    11.62s Open app.speaklocal.vietnam.native
    t =    11.62s     Launch app.speaklocal.vietnam.native
    t =    11.83s         Setting up automation session
    t =    12.35s         Wait for app.speaklocal.vietnam.native to idle
    t =    13.83s Waiting 4.0s for TabBar (First Match) to exist
    t =    14.91s     Checking `Expect predicate `existsNoRetry == 1` for object TabBar (First Match)`
    t =    14.91s         Checking existence of `TabBar (First Match)`
    t =    14.96s Checking existence of `"PhraseArticle.BottomSentinel.viet-family-city-hanoi-place-hoa-lo-prison" Other`
    t =    15.06s Checking existence of `"PhraseArticle.BottomSentinel.viet-phrase-city-hanoi-place-hoa-lo-prison" Other`
    t =    15.08s Find the "PhraseArticle.BottomSentinel.viet-phrase-city-hanoi-place-hoa-lo-prison" Other
    t =    15.11s Checking existence of `TabBar (First Match)`
    t =    15.12s Find the TabBar (First Match)
    t =    15.13s Find the Target Application 'app.speaklocal.vietnam.native'
    t =    15.24s Terminate app.speaklocal.vietnam.native:12317
    t =    16.33s Tear Down
Test Case '-[SpeakLocalNativeUITests.CityAppDetailV22RenderProofUITests testCaptureCityAppDetailV22RenderProofBatch]' passed (16.407 seconds).
Test Suite 'CityAppDetailV22RenderProofUITests' passed at 2026-06-01 23:33:10.708.
	 Executed 1 test, with 0 failures (0 unexpected) in 16.407 (16.408) seconds
Test Suite 'SpeakLocalNativeUITests.xctest' passed at 2026-06-01 23:33:10.709.
	 Executed 1 test, with 0 failures (0 unexpected) in 16.407 (16.409) seconds
Test Suite 'Selected tests' passed at 2026-06-01 23:33:10.710.
	 Executed 1 test, with 0 failures (0 unexpected) in 16.407 (16.410) seconds

Test session results, code coverage, and logs:
	/Users/jojolim/Library/Developer/XcodeBuildMCP/workspaces/orchestrator-309442864093/DerivedData/SpeakLocalNative-8f3e721625a0/Logs/Test/Test-SpeakLocalNative-2026.06.01_23-32-52-+0700.xcresult

** TEST EXECUTE SUCCEEDED **

Testing started

2026-06-01 23:32:54.367 xcodebuild[12120:10196727] [MT] IDELaunchParametersSnapshot: The operation couldn’t be completed. (DebuggerLLDB.DebuggerVersionStore.StoreError error 0.)
2026-06-01 23:32:54.367 xcodebuild[12120:10196727] [MT] IDELaunchParametersSnapshot: no debugger version
2026-06-01 23:33:05.921 xcodebuild[12120:10196727] [MT] IDELaunchParametersSnapshot: The operation couldn’t be completed. (DebuggerLLDB.DebuggerVersionStore.StoreError error 0.)
2026-06-01 23:33:05.922 xcodebuild[12120:10196727] [MT] IDELaunchParametersSnapshot: no debugger version
2026-06-01 23:33:11.018 xcodebuild[12120:10196727] [MT] IDETestOperationsObserverDebug: 17.901 elapsed -- Testing started completed.
2026-06-01 23:33:11.018 xcodebuild[12120:10196727] [MT] IDETestOperationsObserverDebug: 0.000 sec, +0.000 sec -- start
2026-06-01 23:33:11.018 xcodebuild[12120:10196727] [MT] IDETestOperationsObserverDebug: 17.901 sec, +17.901 sec -- end
