Command line invocation:
    /Applications/Xcode.app/Contents/Developer/usr/bin/xcodebuild test-without-building -project /Users/jojolim/Developer/products/speaklocal/app-family/.worktrees/city-listings-production-ready/native-ios/SpeakLocalNative.xcodeproj -scheme SpeakLocalNative -destination "platform=iOS Simulator,id=7C386DD3-4BF1-4A34-A918-768C43CD1258" -derivedDataPath /Users/jojolim/Library/Developer/XcodeBuildMCP/workspaces/orchestrator-309442864093/DerivedData/SpeakLocalNative-8f3e721625a0 "-only-testing:SpeakLocalNativeUITests/CityAppDetailV22RenderProofUITests/testCaptureCityAppDetailV22RenderProofBatch"

2026-06-01 06:53:14.653570+0700 SpeakLocalNativeUITests-Runner[23335:8120742] [Default] Running tests...
    t =      nans Interface orientation changed to Portrait
Test Suite 'Selected tests' started at 2026-06-01 06:53:15.021.
Test Suite 'SpeakLocalNativeUITests.xctest' started at 2026-06-01 06:53:15.022.
Test Suite 'CityAppDetailV22RenderProofUITests' started at 2026-06-01 06:53:15.022.
Test Case '-[SpeakLocalNativeUITests.CityAppDetailV22RenderProofUITests testCaptureCityAppDetailV22RenderProofBatch]' started.
    t =     0.00s Start Test at 2026-06-01 06:53:15.022
    t =     0.02s Set Up
    t =     0.02s Open app.speaklocal.vietnam.native
    t =     0.02s     Launch app.speaklocal.vietnam.native
objc[23335]: Class UIAccessibilityLoaderWebShared is implemented in both /Library/Developer/CoreSimulator/Volumes/iOS_23F77/Library/Developer/CoreSimulator/Profiles/Runtimes/iOS 26.5.simruntime/Contents/Resources/RuntimeRoot/System/Library/AccessibilityBundles/WebCore.axbundle/WebCore (0x10a348310) and /Library/Developer/CoreSimulator/Volumes/iOS_23F77/Library/Developer/CoreSimulator/Profiles/Runtimes/iOS 26.5.simruntime/Contents/Resources/RuntimeRoot/System/Library/AccessibilityBundles/WebKit.axbundle/WebKit (0x1097dc398). This may cause spurious casting failures and mysterious crashes. One of the duplicates must be removed or renamed.
    t =     1.89s         Setting up automation session
    t =     2.38s         Wait for app.speaklocal.vietnam.native to idle
    t =     3.90s Checking existence of `"Lamai Garden" StaticText`
    t =     4.04s Waiting 8.0s for "Lamai Garden" StaticText to exist
    t =     5.08s     Checking `Expect predicate `existsNoRetry == 1` for object "Lamai Garden" StaticText`
    t =     5.08s         Checking existence of `"Lamai Garden" StaticText`
    t =     5.24s Swipe up Target Application 'app.speaklocal.vietnam.native'
    t =     5.24s     Wait for app.speaklocal.vietnam.native to idle
    t =     5.24s     Find the Target Application 'app.speaklocal.vietnam.native'
    t =     5.26s     Check for interrupting elements affecting "SpeakLocal Vietnam" Application
    t =     5.28s     Synthesize event
    t =     5.69s     Wait for app.speaklocal.vietnam.native to idle
    t =     7.82s Swipe up Target Application 'app.speaklocal.vietnam.native'
    t =     7.83s     Wait for app.speaklocal.vietnam.native to idle
    t =     8.37s     Find the Target Application 'app.speaklocal.vietnam.native'
    t =     8.40s     Check for interrupting elements affecting "SpeakLocal Vietnam" Application
    t =     8.42s     Synthesize event
    t =     8.84s     Wait for app.speaklocal.vietnam.native to idle
    t =     9.52s Terminate app.speaklocal.vietnam.native:23412
    t =    10.58s Open app.speaklocal.vietnam.native
    t =    10.58s     Launch app.speaklocal.vietnam.native
    t =    10.79s         Setting up automation session
    t =    11.29s         Wait for app.speaklocal.vietnam.native to idle
    t =    12.79s Waiting 4.0s for TabBar (First Match) to exist
    t =    13.82s     Checking `Expect predicate `existsNoRetry == 1` for object TabBar (First Match)`
    t =    13.83s         Checking existence of `TabBar (First Match)`
    t =    13.88s Checking existence of `"PhraseArticle.BottomSentinel.viet-family-city-hanoi-place-lamai-garden" Other`
    t =    13.96s Checking existence of `"PhraseArticle.BottomSentinel.viet-phrase-city-hanoi-place-lamai-garden" Other`
    t =    13.98s Find the "PhraseArticle.BottomSentinel.viet-phrase-city-hanoi-place-lamai-garden" Other
    t =    14.00s Checking existence of `TabBar (First Match)`
    t =    14.01s Find the TabBar (First Match)
    t =    14.02s Find the Target Application 'app.speaklocal.vietnam.native'
    t =    14.11s Terminate app.speaklocal.vietnam.native:23505
    t =    15.17s Tear Down
Test Case '-[SpeakLocalNativeUITests.CityAppDetailV22RenderProofUITests testCaptureCityAppDetailV22RenderProofBatch]' passed (15.234 seconds).
Test Suite 'CityAppDetailV22RenderProofUITests' passed at 2026-06-01 06:53:30.257.
	 Executed 1 test, with 0 failures (0 unexpected) in 15.234 (15.236) seconds
Test Suite 'SpeakLocalNativeUITests.xctest' passed at 2026-06-01 06:53:30.258.
	 Executed 1 test, with 0 failures (0 unexpected) in 15.234 (15.236) seconds
Test Suite 'Selected tests' passed at 2026-06-01 06:53:30.259.
	 Executed 1 test, with 0 failures (0 unexpected) in 15.234 (15.237) seconds

Test session results, code coverage, and logs:
	/Users/jojolim/Library/Developer/XcodeBuildMCP/workspaces/orchestrator-309442864093/DerivedData/SpeakLocalNative-8f3e721625a0/Logs/Test/Test-SpeakLocalNative-2026.06.01_06-53-13-+0700.xcresult

** TEST EXECUTE SUCCEEDED **

Testing started

2026-06-01 06:53:15.078 xcodebuild[23330:8120562] [MT] IDELaunchParametersSnapshot: The operation couldn’t be completed. (DebuggerLLDB.DebuggerVersionStore.StoreError error 0.)
2026-06-01 06:53:15.078 xcodebuild[23330:8120562] [MT] IDELaunchParametersSnapshot: no debugger version
2026-06-01 06:53:25.603 xcodebuild[23330:8120562] [MT] IDELaunchParametersSnapshot: The operation couldn’t be completed. (DebuggerLLDB.DebuggerVersionStore.StoreError error 0.)
2026-06-01 06:53:25.603 xcodebuild[23330:8120562] [MT] IDELaunchParametersSnapshot: no debugger version
2026-06-01 06:53:30.557 xcodebuild[23330:8120562] [MT] IDETestOperationsObserverDebug: 16.693 elapsed -- Testing started completed.
2026-06-01 06:53:30.557 xcodebuild[23330:8120562] [MT] IDETestOperationsObserverDebug: 0.000 sec, +0.000 sec -- start
2026-06-01 06:53:30.557 xcodebuild[23330:8120562] [MT] IDETestOperationsObserverDebug: 16.693 sec, +16.693 sec -- end
