Command line invocation:
    /Applications/Xcode.app/Contents/Developer/usr/bin/xcodebuild test-without-building -project /Users/jojolim/Developer/products/speaklocal/app-family/.worktrees/city-listings-production-ready/native-ios/SpeakLocalNative.xcodeproj -scheme SpeakLocalNative -destination "platform=iOS Simulator,id=7C386DD3-4BF1-4A34-A918-768C43CD1258" -derivedDataPath /Users/jojolim/Library/Developer/XcodeBuildMCP/workspaces/orchestrator-309442864093/DerivedData/SpeakLocalNative-8f3e721625a0 "-only-testing:SpeakLocalNativeUITests/CityAppDetailV22RenderProofUITests/testCaptureCityAppDetailV22RenderProofBatch"

2026-06-01 23:48:08.951183+0700 SpeakLocalNativeUITests-Runner[25764:10261401] [Default] Running tests...
    t =      nans Interface orientation changed to Portrait
Test Suite 'Selected tests' started at 2026-06-01 23:48:09.364.
Test Suite 'SpeakLocalNativeUITests.xctest' started at 2026-06-01 23:48:09.364.
Test Suite 'CityAppDetailV22RenderProofUITests' started at 2026-06-01 23:48:09.364.
Test Case '-[SpeakLocalNativeUITests.CityAppDetailV22RenderProofUITests testCaptureCityAppDetailV22RenderProofBatch]' started.
    t =     0.00s Start Test at 2026-06-01 23:48:09.365
    t =     0.02s Set Up
    t =     0.02s Open app.speaklocal.vietnam.native
    t =     0.02s     Launch app.speaklocal.vietnam.native
objc[25764]: Class UIAccessibilityLoaderWebShared is implemented in both /Library/Developer/CoreSimulator/Volumes/iOS_23F77/Library/Developer/CoreSimulator/Profiles/Runtimes/iOS 26.5.simruntime/Contents/Resources/RuntimeRoot/System/Library/AccessibilityBundles/WebCore.axbundle/WebCore (0x106998310) and /Library/Developer/CoreSimulator/Volumes/iOS_23F77/Library/Developer/CoreSimulator/Profiles/Runtimes/iOS 26.5.simruntime/Contents/Resources/RuntimeRoot/System/Library/AccessibilityBundles/WebKit.axbundle/WebKit (0x1061ec398). This may cause spurious casting failures and mysterious crashes. One of the duplicates must be removed or renamed.
    t =     2.92s         Setting up automation session
    t =     3.69s         Wait for app.speaklocal.vietnam.native to idle
    t =     5.45s Checking existence of `"Bánh bột lọc ở Huế" StaticText`
    t =     5.64s Waiting 8.0s for "Bánh bột lọc ở Huế" StaticText to exist
    t =     6.68s     Checking `Expect predicate `existsNoRetry == 1` for object "Bánh bột lọc ở Huế" StaticText`
    t =     6.68s         Checking existence of `"Bánh bột lọc ở Huế" StaticText`
    t =     6.84s Swipe up Target Application 'app.speaklocal.vietnam.native'
    t =     6.84s     Wait for app.speaklocal.vietnam.native to idle
    t =     6.84s     Find the Target Application 'app.speaklocal.vietnam.native'
    t =     6.86s     Check for interrupting elements affecting "SpeakLocal Vietnam" Application
    t =     6.87s     Synthesize event
    t =     7.30s     Wait for app.speaklocal.vietnam.native to idle
    t =     9.40s Swipe up Target Application 'app.speaklocal.vietnam.native'
    t =     9.40s     Wait for app.speaklocal.vietnam.native to idle
    t =     9.62s     Find the Target Application 'app.speaklocal.vietnam.native'
    t =     9.66s     Check for interrupting elements affecting "SpeakLocal Vietnam" Application
    t =     9.69s     Synthesize event
    t =    10.12s     Wait for app.speaklocal.vietnam.native to idle
    t =    10.79s Terminate app.speaklocal.vietnam.native:25842
    t =    11.88s Open app.speaklocal.vietnam.native
    t =    11.88s     Launch app.speaklocal.vietnam.native
    t =    12.09s         Setting up automation session
    t =    12.60s         Wait for app.speaklocal.vietnam.native to idle
    t =    14.17s Waiting 4.0s for TabBar (First Match) to exist
    t =    15.22s     Checking `Expect predicate `existsNoRetry == 1` for object TabBar (First Match)`
    t =    15.22s         Checking existence of `TabBar (First Match)`
    t =    15.28s Checking existence of `"PhraseArticle.BottomSentinel.viet-family-city-hue-place-banh-bot-loc" Other`
    t =    15.42s Checking existence of `"PhraseArticle.BottomSentinel.viet-phrase-city-hue-place-banh-bot-loc" Other`
    t =    15.45s Find the "PhraseArticle.BottomSentinel.viet-phrase-city-hue-place-banh-bot-loc" Other
    t =    15.48s Checking existence of `TabBar (First Match)`
    t =    15.49s Find the TabBar (First Match)
    t =    15.50s Find the Target Application 'app.speaklocal.vietnam.native'
    t =    15.63s Terminate app.speaklocal.vietnam.native:25930
    t =    16.68s Tear Down
Test Case '-[SpeakLocalNativeUITests.CityAppDetailV22RenderProofUITests testCaptureCityAppDetailV22RenderProofBatch]' passed (16.737 seconds).
Test Suite 'CityAppDetailV22RenderProofUITests' passed at 2026-06-01 23:48:26.102.
	 Executed 1 test, with 0 failures (0 unexpected) in 16.737 (16.738) seconds
Test Suite 'SpeakLocalNativeUITests.xctest' passed at 2026-06-01 23:48:26.102.
	 Executed 1 test, with 0 failures (0 unexpected) in 16.737 (16.738) seconds
Test Suite 'Selected tests' passed at 2026-06-01 23:48:26.103.
	 Executed 1 test, with 0 failures (0 unexpected) in 16.737 (16.739) seconds

Test session results, code coverage, and logs:
	/Users/jojolim/Library/Developer/XcodeBuildMCP/workspaces/orchestrator-309442864093/DerivedData/SpeakLocalNative-8f3e721625a0/Logs/Test/Test-SpeakLocalNative-2026.06.01_23-48-07-+0700.xcresult

** TEST EXECUTE SUCCEEDED **

Testing started

2026-06-01 23:48:09.421 xcodebuild[25747:10261222] [MT] IDELaunchParametersSnapshot: The operation couldn’t be completed. (DebuggerLLDB.DebuggerVersionStore.StoreError error 0.)
2026-06-01 23:48:09.421 xcodebuild[25747:10261222] [MT] IDELaunchParametersSnapshot: no debugger version
2026-06-01 23:48:21.243 xcodebuild[25747:10261222] [MT] IDELaunchParametersSnapshot: The operation couldn’t be completed. (DebuggerLLDB.DebuggerVersionStore.StoreError error 0.)
2026-06-01 23:48:21.243 xcodebuild[25747:10261222] [MT] IDELaunchParametersSnapshot: no debugger version
2026-06-01 23:48:26.389 xcodebuild[25747:10261222] [MT] IDETestOperationsObserverDebug: 18.270 elapsed -- Testing started completed.
2026-06-01 23:48:26.389 xcodebuild[25747:10261222] [MT] IDETestOperationsObserverDebug: 0.000 sec, +0.000 sec -- start
2026-06-01 23:48:26.389 xcodebuild[25747:10261222] [MT] IDETestOperationsObserverDebug: 18.270 sec, +18.270 sec -- end
