Command line invocation:
    /Applications/Xcode.app/Contents/Developer/usr/bin/xcodebuild test-without-building -project /Users/jojolim/Developer/products/speaklocal/app-family/.worktrees/city-listings-production-ready/native-ios/SpeakLocalNative.xcodeproj -scheme SpeakLocalNative -destination "platform=iOS Simulator,id=7C386DD3-4BF1-4A34-A918-768C43CD1258" -derivedDataPath /Users/jojolim/Library/Developer/XcodeBuildMCP/workspaces/orchestrator-309442864093/DerivedData/SpeakLocalNative-8f3e721625a0 "-only-testing:SpeakLocalNativeUITests/CityAppDetailV22RenderProofUITests/testCaptureCityAppDetailV22RenderProofBatch"

2026-06-01 03:58:33.911004+0700 SpeakLocalNativeUITests-Runner[87261:7369399] [Default] Running tests...
    t =      nans Interface orientation changed to Portrait
Test Suite 'Selected tests' started at 2026-06-01 03:58:34.280.
Test Suite 'SpeakLocalNativeUITests.xctest' started at 2026-06-01 03:58:34.280.
Test Suite 'CityAppDetailV22RenderProofUITests' started at 2026-06-01 03:58:34.280.
Test Case '-[SpeakLocalNativeUITests.CityAppDetailV22RenderProofUITests testCaptureCityAppDetailV22RenderProofBatch]' started.
    t =     0.00s Start Test at 2026-06-01 03:58:34.281
    t =     0.02s Set Up
    t =     0.02s Open app.speaklocal.vietnam.native
    t =     0.02s     Launch app.speaklocal.vietnam.native
objc[87261]: Class UIAccessibilityLoaderWebShared is implemented in both /Library/Developer/CoreSimulator/Volumes/iOS_23F77/Library/Developer/CoreSimulator/Profiles/Runtimes/iOS 26.5.simruntime/Contents/Resources/RuntimeRoot/System/Library/AccessibilityBundles/WebCore.axbundle/WebCore (0x10aecc310) and /Library/Developer/CoreSimulator/Volumes/iOS_23F77/Library/Developer/CoreSimulator/Profiles/Runtimes/iOS 26.5.simruntime/Contents/Resources/RuntimeRoot/System/Library/AccessibilityBundles/WebKit.axbundle/WebKit (0x10a320398). This may cause spurious casting failures and mysterious crashes. One of the duplicates must be removed or renamed.
    t =     1.90s         Setting up automation session
    t =     2.32s         Wait for app.speaklocal.vietnam.native to idle
    t =     3.82s Checking existence of `"Làng hương Thủy Xuân" StaticText`
    t =     3.98s Waiting 8.0s for "Làng hương Thủy Xuân" StaticText to exist
    t =     5.05s     Checking `Expect predicate `existsNoRetry == 1` for object "Làng hương Thủy Xuân" StaticText`
    t =     5.05s         Checking existence of `"Làng hương Thủy Xuân" StaticText`
    t =     5.23s Swipe up Target Application 'app.speaklocal.vietnam.native'
    t =     5.23s     Wait for app.speaklocal.vietnam.native to idle
    t =     5.23s     Find the Target Application 'app.speaklocal.vietnam.native'
    t =     5.24s     Check for interrupting elements affecting "SpeakLocal Vietnam" Application
    t =     5.26s     Synthesize event
    t =     5.69s     Wait for app.speaklocal.vietnam.native to idle
    t =     7.79s Swipe up Target Application 'app.speaklocal.vietnam.native'
    t =     7.79s     Wait for app.speaklocal.vietnam.native to idle
    t =     7.80s     Find the Target Application 'app.speaklocal.vietnam.native'
    t =     7.82s     Check for interrupting elements affecting "SpeakLocal Vietnam" Application
    t =     7.85s     Synthesize event
    t =     8.27s     Wait for app.speaklocal.vietnam.native to idle
    t =     9.56s Terminate app.speaklocal.vietnam.native:87336
    t =    10.65s Open app.speaklocal.vietnam.native
    t =    10.65s     Launch app.speaklocal.vietnam.native
    t =    10.87s         Setting up automation session
    t =    11.36s         Wait for app.speaklocal.vietnam.native to idle
    t =    12.85s Waiting 4.0s for TabBar (First Match) to exist
    t =    13.92s     Checking `Expect predicate `existsNoRetry == 1` for object TabBar (First Match)`
    t =    13.92s         Checking existence of `TabBar (First Match)`
    t =    13.99s Checking existence of `"PhraseArticle.BottomSentinel.viet-family-city-hue-place-thuy-xuan-incense-village" Other`
    t =    14.08s Checking existence of `"PhraseArticle.BottomSentinel.viet-phrase-city-hue-place-thuy-xuan-incense-village" Other`
    t =    14.10s Find the "PhraseArticle.BottomSentinel.viet-phrase-city-hue-place-thuy-xuan-incense-village" Other
    t =    14.13s Checking existence of `TabBar (First Match)`
    t =    14.13s Find the TabBar (First Match)
    t =    14.14s Find the Target Application 'app.speaklocal.vietnam.native'
    t =    14.24s Terminate app.speaklocal.vietnam.native:87429
    t =    15.33s Tear Down
Test Case '-[SpeakLocalNativeUITests.CityAppDetailV22RenderProofUITests testCaptureCityAppDetailV22RenderProofBatch]' passed (15.411 seconds).
Test Suite 'CityAppDetailV22RenderProofUITests' passed at 2026-06-01 03:58:49.692.
	 Executed 1 test, with 0 failures (0 unexpected) in 15.411 (15.412) seconds
Test Suite 'SpeakLocalNativeUITests.xctest' passed at 2026-06-01 03:58:49.693.
	 Executed 1 test, with 0 failures (0 unexpected) in 15.411 (15.413) seconds
Test Suite 'Selected tests' passed at 2026-06-01 03:58:49.693.
	 Executed 1 test, with 0 failures (0 unexpected) in 15.411 (15.414) seconds

Test session results, code coverage, and logs:
	/Users/jojolim/Library/Developer/XcodeBuildMCP/workspaces/orchestrator-309442864093/DerivedData/SpeakLocalNative-8f3e721625a0/Logs/Test/Test-SpeakLocalNative-2026.06.01_03-58-32-+0700.xcresult

** TEST EXECUTE SUCCEEDED **

Testing started

2026-06-01 03:58:34.339 xcodebuild[87250:7369194] [MT] IDELaunchParametersSnapshot: The operation couldn’t be completed. (DebuggerLLDB.DebuggerVersionStore.StoreError error 0.)
2026-06-01 03:58:34.339 xcodebuild[87250:7369194] [MT] IDELaunchParametersSnapshot: no debugger version
2026-06-01 03:58:44.936 xcodebuild[87250:7369194] [MT] IDELaunchParametersSnapshot: The operation couldn’t be completed. (DebuggerLLDB.DebuggerVersionStore.StoreError error 0.)
2026-06-01 03:58:44.936 xcodebuild[87250:7369194] [MT] IDELaunchParametersSnapshot: no debugger version
2026-06-01 03:58:50.002 xcodebuild[87250:7369194] [MT] IDETestOperationsObserverDebug: 16.905 elapsed -- Testing started completed.
2026-06-01 03:58:50.002 xcodebuild[87250:7369194] [MT] IDETestOperationsObserverDebug: 0.000 sec, +0.000 sec -- start
2026-06-01 03:58:50.002 xcodebuild[87250:7369194] [MT] IDETestOperationsObserverDebug: 16.905 sec, +16.905 sec -- end
