Command line invocation:
    /Applications/Xcode.app/Contents/Developer/usr/bin/xcodebuild test-without-building -project /Users/jojolim/Developer/products/speaklocal/app-family/.worktrees/city-listings-production-ready/native-ios/SpeakLocalNative.xcodeproj -scheme SpeakLocalNative -destination "platform=iOS Simulator,id=7C386DD3-4BF1-4A34-A918-768C43CD1258" -derivedDataPath /Users/jojolim/Library/Developer/XcodeBuildMCP/workspaces/orchestrator-309442864093/DerivedData/SpeakLocalNative-8f3e721625a0 "-only-testing:SpeakLocalNativeUITests/CityAppDetailV22RenderProofUITests/testCaptureCityAppDetailV22RenderProofBatch"

2026-06-01 06:57:45.489301+0700 SpeakLocalNativeUITests-Runner[27822:8141450] [Default] Running tests...
    t =      nans Interface orientation changed to Portrait
Test Suite 'Selected tests' started at 2026-06-01 06:57:45.860.
Test Suite 'SpeakLocalNativeUITests.xctest' started at 2026-06-01 06:57:45.860.
Test Suite 'CityAppDetailV22RenderProofUITests' started at 2026-06-01 06:57:45.860.
Test Case '-[SpeakLocalNativeUITests.CityAppDetailV22RenderProofUITests testCaptureCityAppDetailV22RenderProofBatch]' started.
    t =     0.00s Start Test at 2026-06-01 06:57:45.861
    t =     0.02s Set Up
    t =     0.02s Open app.speaklocal.vietnam.native
    t =     0.02s     Launch app.speaklocal.vietnam.native
objc[27822]: Class UIAccessibilityLoaderWebShared is implemented in both /Library/Developer/CoreSimulator/Volumes/iOS_23F77/Library/Developer/CoreSimulator/Profiles/Runtimes/iOS 26.5.simruntime/Contents/Resources/RuntimeRoot/System/Library/AccessibilityBundles/WebCore.axbundle/WebCore (0x10a48c310) and /Library/Developer/CoreSimulator/Volumes/iOS_23F77/Library/Developer/CoreSimulator/Profiles/Runtimes/iOS 26.5.simruntime/Contents/Resources/RuntimeRoot/System/Library/AccessibilityBundles/WebKit.axbundle/WebKit (0x109d2c398). This may cause spurious casting failures and mysterious crashes. One of the duplicates must be removed or renamed.
    t =     1.91s         Setting up automation session
    t =     2.35s         Wait for app.speaklocal.vietnam.native to idle
    t =     3.86s Checking existence of `"Phở Bát Đàn" StaticText`
    t =     4.00s Waiting 8.0s for "Phở Bát Đàn" StaticText to exist
    t =     5.04s     Checking `Expect predicate `existsNoRetry == 1` for object "Phở Bát Đàn" StaticText`
    t =     5.04s         Checking existence of `"Phở Bát Đàn" StaticText`
    t =     5.22s Swipe up Target Application 'app.speaklocal.vietnam.native'
    t =     5.22s     Wait for app.speaklocal.vietnam.native to idle
    t =     5.22s     Find the Target Application 'app.speaklocal.vietnam.native'
    t =     5.23s     Check for interrupting elements affecting "SpeakLocal Vietnam" Application
    t =     5.25s     Synthesize event
    t =     5.67s     Wait for app.speaklocal.vietnam.native to idle
    t =     7.78s Swipe up Target Application 'app.speaklocal.vietnam.native'
    t =     7.78s     Wait for app.speaklocal.vietnam.native to idle
    t =     7.78s     Find the Target Application 'app.speaklocal.vietnam.native'
    t =     7.81s     Check for interrupting elements affecting "SpeakLocal Vietnam" Application
    t =     7.83s     Synthesize event
    t =     8.26s     Wait for app.speaklocal.vietnam.native to idle
    t =     9.08s Terminate app.speaklocal.vietnam.native:27846
    t =    10.13s Open app.speaklocal.vietnam.native
    t =    10.13s     Launch app.speaklocal.vietnam.native
    t =    10.34s         Setting up automation session
    t =    10.82s         Wait for app.speaklocal.vietnam.native to idle
    t =    12.30s Waiting 4.0s for TabBar (First Match) to exist
    t =    13.34s     Checking `Expect predicate `existsNoRetry == 1` for object TabBar (First Match)`
    t =    13.34s         Checking existence of `TabBar (First Match)`
    t =    13.40s Checking existence of `"PhraseArticle.BottomSentinel.viet-family-city-hanoi-place-pho-bat-dan" Other`
    t =    13.48s Checking existence of `"PhraseArticle.BottomSentinel.viet-phrase-city-hanoi-place-pho-bat-dan" Other`
    t =    13.50s Find the "PhraseArticle.BottomSentinel.viet-phrase-city-hanoi-place-pho-bat-dan" Other
    t =    13.53s Checking existence of `TabBar (First Match)`
    t =    13.53s Find the TabBar (First Match)
    t =    13.54s Find the Target Application 'app.speaklocal.vietnam.native'
    t =    13.63s Terminate app.speaklocal.vietnam.native:27991
    t =    14.67s Tear Down
Test Case '-[SpeakLocalNativeUITests.CityAppDetailV22RenderProofUITests testCaptureCityAppDetailV22RenderProofBatch]' passed (14.780 seconds).
Test Suite 'CityAppDetailV22RenderProofUITests' passed at 2026-06-01 06:58:00.641.
	 Executed 1 test, with 0 failures (0 unexpected) in 14.780 (14.781) seconds
Test Suite 'SpeakLocalNativeUITests.xctest' passed at 2026-06-01 06:58:00.642.
	 Executed 1 test, with 0 failures (0 unexpected) in 14.780 (14.782) seconds
Test Suite 'Selected tests' passed at 2026-06-01 06:58:00.642.
	 Executed 1 test, with 0 failures (0 unexpected) in 14.780 (14.782) seconds

Test session results, code coverage, and logs:
	/Users/jojolim/Library/Developer/XcodeBuildMCP/workspaces/orchestrator-309442864093/DerivedData/SpeakLocalNative-8f3e721625a0/Logs/Test/Test-SpeakLocalNative-2026.06.01_06-57-44-+0700.xcresult

** TEST EXECUTE SUCCEEDED **

Testing started

2026-06-01 06:57:45.920 xcodebuild[27820:8141285] [MT] IDELaunchParametersSnapshot: The operation couldn’t be completed. (DebuggerLLDB.DebuggerVersionStore.StoreError error 0.)
2026-06-01 06:57:45.920 xcodebuild[27820:8141285] [MT] IDELaunchParametersSnapshot: no debugger version
2026-06-01 06:57:55.990 xcodebuild[27820:8141285] [MT] IDELaunchParametersSnapshot: The operation couldn’t be completed. (DebuggerLLDB.DebuggerVersionStore.StoreError error 0.)
2026-06-01 06:57:55.990 xcodebuild[27820:8141285] [MT] IDELaunchParametersSnapshot: no debugger version
2026-06-01 06:58:00.943 xcodebuild[27820:8141285] [MT] IDETestOperationsObserverDebug: 16.260 elapsed -- Testing started completed.
2026-06-01 06:58:00.944 xcodebuild[27820:8141285] [MT] IDETestOperationsObserverDebug: 0.000 sec, +0.000 sec -- start
2026-06-01 06:58:00.944 xcodebuild[27820:8141285] [MT] IDETestOperationsObserverDebug: 16.260 sec, +16.260 sec -- end
