Command line invocation:
    /Applications/Xcode.app/Contents/Developer/usr/bin/xcodebuild test-without-building -project /Users/jojolim/Developer/products/speaklocal/app-family/.worktrees/city-listings-production-ready/native-ios/SpeakLocalNative.xcodeproj -scheme SpeakLocalNative -destination "platform=iOS Simulator,id=7C386DD3-4BF1-4A34-A918-768C43CD1258" -derivedDataPath /Users/jojolim/Library/Developer/XcodeBuildMCP/workspaces/orchestrator-309442864093/DerivedData/SpeakLocalNative-8f3e721625a0 "-only-testing:SpeakLocalNativeUITests/CityAppDetailV22RenderProofUITests/testCaptureCityAppDetailV22RenderProofBatch"

2026-06-01 03:40:36.121085+0700 SpeakLocalNativeUITests-Runner[66235:7290026] [Default] Running tests...
    t =      nans Interface orientation changed to Portrait
Test Suite 'Selected tests' started at 2026-06-01 03:40:36.491.
Test Suite 'SpeakLocalNativeUITests.xctest' started at 2026-06-01 03:40:36.491.
Test Suite 'CityAppDetailV22RenderProofUITests' started at 2026-06-01 03:40:36.491.
Test Case '-[SpeakLocalNativeUITests.CityAppDetailV22RenderProofUITests testCaptureCityAppDetailV22RenderProofBatch]' started.
    t =     0.00s Start Test at 2026-06-01 03:40:36.491
    t =     0.01s Set Up
    t =     0.02s Open app.speaklocal.vietnam.native
    t =     0.02s     Launch app.speaklocal.vietnam.native
objc[66235]: Class UIAccessibilityLoaderWebShared is implemented in both /Library/Developer/CoreSimulator/Volumes/iOS_23F77/Library/Developer/CoreSimulator/Profiles/Runtimes/iOS 26.5.simruntime/Contents/Resources/RuntimeRoot/System/Library/AccessibilityBundles/WebCore.axbundle/WebCore (0x10a4dc310) and /Library/Developer/CoreSimulator/Volumes/iOS_23F77/Library/Developer/CoreSimulator/Profiles/Runtimes/iOS 26.5.simruntime/Contents/Resources/RuntimeRoot/System/Library/AccessibilityBundles/WebKit.axbundle/WebKit (0x109d2c398). This may cause spurious casting failures and mysterious crashes. One of the duplicates must be removed or renamed.
    t =     1.90s         Setting up automation session
    t =     2.34s         Wait for app.speaklocal.vietnam.native to idle
    t =     3.85s Checking existence of `"Sông Sài Gòn" StaticText`
    t =     4.01s Waiting 8.0s for "Sông Sài Gòn" StaticText to exist
    t =     5.04s     Checking `Expect predicate `existsNoRetry == 1` for object "Sông Sài Gòn" StaticText`
    t =     5.04s         Checking existence of `"Sông Sài Gòn" StaticText`
    t =     5.21s Swipe up Target Application 'app.speaklocal.vietnam.native'
    t =     5.21s     Wait for app.speaklocal.vietnam.native to idle
    t =     5.22s     Find the Target Application 'app.speaklocal.vietnam.native'
    t =     5.23s     Check for interrupting elements affecting "SpeakLocal Vietnam" Application
    t =     5.25s     Synthesize event
    t =     5.67s     Wait for app.speaklocal.vietnam.native to idle
    t =     7.78s Swipe up Target Application 'app.speaklocal.vietnam.native'
    t =     7.78s     Wait for app.speaklocal.vietnam.native to idle
    t =     7.78s     Find the Target Application 'app.speaklocal.vietnam.native'
    t =     7.80s     Check for interrupting elements affecting "SpeakLocal Vietnam" Application
    t =     7.82s     Synthesize event
    t =     8.23s     Wait for app.speaklocal.vietnam.native to idle
    t =     9.14s Terminate app.speaklocal.vietnam.native:66316
    t =    10.23s Open app.speaklocal.vietnam.native
    t =    10.23s     Launch app.speaklocal.vietnam.native
    t =    10.45s         Setting up automation session
    t =    10.91s         Wait for app.speaklocal.vietnam.native to idle
    t =    12.40s Waiting 4.0s for TabBar (First Match) to exist
    t =    13.44s     Checking `Expect predicate `existsNoRetry == 1` for object TabBar (First Match)`
    t =    13.44s         Checking existence of `TabBar (First Match)`
    t =    13.50s Checking existence of `"PhraseArticle.BottomSentinel.viet-family-city-hcmc-place-saigon-river" Other`
    t =    13.58s Checking existence of `"PhraseArticle.BottomSentinel.viet-phrase-city-hcmc-place-saigon-river" Other`
    t =    13.60s Find the "PhraseArticle.BottomSentinel.viet-phrase-city-hcmc-place-saigon-river" Other
    t =    13.63s Checking existence of `TabBar (First Match)`
    t =    13.63s Find the TabBar (First Match)
    t =    13.64s Find the Target Application 'app.speaklocal.vietnam.native'
    t =    13.73s Terminate app.speaklocal.vietnam.native:66404
    t =    14.80s Tear Down
Test Case '-[SpeakLocalNativeUITests.CityAppDetailV22RenderProofUITests testCaptureCityAppDetailV22RenderProofBatch]' passed (14.846 seconds).
Test Suite 'CityAppDetailV22RenderProofUITests' passed at 2026-06-01 03:40:51.338.
	 Executed 1 test, with 0 failures (0 unexpected) in 14.846 (14.847) seconds
Test Suite 'SpeakLocalNativeUITests.xctest' passed at 2026-06-01 03:40:51.339.
	 Executed 1 test, with 0 failures (0 unexpected) in 14.846 (14.848) seconds
Test Suite 'Selected tests' passed at 2026-06-01 03:40:51.339.
	 Executed 1 test, with 0 failures (0 unexpected) in 14.846 (14.849) seconds

Test session results, code coverage, and logs:
	/Users/jojolim/Library/Developer/XcodeBuildMCP/workspaces/orchestrator-309442864093/DerivedData/SpeakLocalNative-8f3e721625a0/Logs/Test/Test-SpeakLocalNative-2026.06.01_03-40-35-+0700.xcresult

** TEST EXECUTE SUCCEEDED **

Testing started

2026-06-01 03:40:36.553 xcodebuild[66231:7289841] [MT] IDELaunchParametersSnapshot: The operation couldn’t be completed. (DebuggerLLDB.DebuggerVersionStore.StoreError error 0.)
2026-06-01 03:40:36.553 xcodebuild[66231:7289841] [MT] IDELaunchParametersSnapshot: no debugger version
2026-06-01 03:40:46.726 xcodebuild[66231:7289841] [MT] IDELaunchParametersSnapshot: The operation couldn’t be completed. (DebuggerLLDB.DebuggerVersionStore.StoreError error 0.)
2026-06-01 03:40:46.726 xcodebuild[66231:7289841] [MT] IDELaunchParametersSnapshot: no debugger version
2026-06-01 03:40:51.641 xcodebuild[66231:7289841] [MT] IDETestOperationsObserverDebug: 16.315 elapsed -- Testing started completed.
2026-06-01 03:40:51.641 xcodebuild[66231:7289841] [MT] IDETestOperationsObserverDebug: 0.000 sec, +0.000 sec -- start
2026-06-01 03:40:51.641 xcodebuild[66231:7289841] [MT] IDETestOperationsObserverDebug: 16.315 sec, +16.315 sec -- end
