Command line invocation:
    /Applications/Xcode.app/Contents/Developer/usr/bin/xcodebuild test-without-building -project /Users/jojolim/Developer/products/speaklocal/app-family/.worktrees/city-listings-production-ready/native-ios/SpeakLocalNative.xcodeproj -scheme SpeakLocalNative -destination "platform=iOS Simulator,id=7C386DD3-4BF1-4A34-A918-768C43CD1258" -derivedDataPath /Users/jojolim/Library/Developer/XcodeBuildMCP/workspaces/orchestrator-309442864093/DerivedData/SpeakLocalNative-8f3e721625a0 "-only-testing:SpeakLocalNativeUITests/CityAppDetailV22RenderProofUITests/testCaptureCityAppDetailV22RenderProofBatch"

2026-06-01 07:33:06.295558+0700 SpeakLocalNativeUITests-Runner[67723:8291902] [Default] Running tests...
    t =      nans Interface orientation changed to Portrait
Test Suite 'Selected tests' started at 2026-06-01 07:33:06.669.
Test Suite 'SpeakLocalNativeUITests.xctest' started at 2026-06-01 07:33:06.669.
Test Suite 'CityAppDetailV22RenderProofUITests' started at 2026-06-01 07:33:06.669.
Test Case '-[SpeakLocalNativeUITests.CityAppDetailV22RenderProofUITests testCaptureCityAppDetailV22RenderProofBatch]' started.
    t =     0.00s Start Test at 2026-06-01 07:33:06.670
    t =     0.02s Set Up
    t =     0.02s Open app.speaklocal.vietnam.native
    t =     0.02s     Launch app.speaklocal.vietnam.native
objc[67723]: Class UIAccessibilityLoaderWebShared is implemented in both /Library/Developer/CoreSimulator/Volumes/iOS_23F77/Library/Developer/CoreSimulator/Profiles/Runtimes/iOS 26.5.simruntime/Contents/Resources/RuntimeRoot/System/Library/AccessibilityBundles/WebCore.axbundle/WebCore (0x107fb0310) and /Library/Developer/CoreSimulator/Volumes/iOS_23F77/Library/Developer/CoreSimulator/Profiles/Runtimes/iOS 26.5.simruntime/Contents/Resources/RuntimeRoot/System/Library/AccessibilityBundles/WebKit.axbundle/WebKit (0x107cec398). This may cause spurious casting failures and mysterious crashes. One of the duplicates must be removed or renamed.
    t =     1.90s         Setting up automation session
    t =     2.42s         Wait for app.speaklocal.vietnam.native to idle
    t =     3.86s Checking existence of `"Chùa Trấn Quốc" StaticText`
    t =     4.00s Waiting 8.0s for "Chùa Trấn Quốc" StaticText to exist
    t =     5.05s     Checking `Expect predicate `existsNoRetry == 1` for object "Chùa Trấn Quốc" StaticText`
    t =     5.05s         Checking existence of `"Chùa Trấn Quốc" StaticText`
    t =     5.20s Swipe up Target Application 'app.speaklocal.vietnam.native'
    t =     5.20s     Wait for app.speaklocal.vietnam.native to idle
    t =     5.20s     Find the Target Application 'app.speaklocal.vietnam.native'
    t =     5.22s     Check for interrupting elements affecting "SpeakLocal Vietnam" Application
    t =     5.24s     Synthesize event
    t =     5.65s     Wait for app.speaklocal.vietnam.native to idle
    t =     7.77s Swipe up Target Application 'app.speaklocal.vietnam.native'
    t =     7.77s     Wait for app.speaklocal.vietnam.native to idle
    t =     7.78s     Find the Target Application 'app.speaklocal.vietnam.native'
    t =     7.80s     Check for interrupting elements affecting "SpeakLocal Vietnam" Application
    t =     7.83s     Synthesize event
    t =     8.25s     Wait for app.speaklocal.vietnam.native to idle
    t =     9.13s Terminate app.speaklocal.vietnam.native:67800
    t =    10.19s Open app.speaklocal.vietnam.native
    t =    10.19s     Launch app.speaklocal.vietnam.native
    t =    10.41s         Setting up automation session
    t =    10.88s         Wait for app.speaklocal.vietnam.native to idle
    t =    12.36s Waiting 4.0s for TabBar (First Match) to exist
    t =    13.39s     Checking `Expect predicate `existsNoRetry == 1` for object TabBar (First Match)`
    t =    13.39s         Checking existence of `TabBar (First Match)`
    t =    13.45s Checking existence of `"PhraseArticle.BottomSentinel.viet-family-city-hanoi-place-tran-quoc-pagoda" Other`
    t =    13.53s Checking existence of `"PhraseArticle.BottomSentinel.viet-phrase-city-hanoi-place-tran-quoc-pagoda" Other`
    t =    13.55s Find the "PhraseArticle.BottomSentinel.viet-phrase-city-hanoi-place-tran-quoc-pagoda" Other
    t =    13.57s Checking existence of `TabBar (First Match)`
    t =    13.58s Find the TabBar (First Match)
    t =    13.58s Find the Target Application 'app.speaklocal.vietnam.native'
    t =    13.68s Terminate app.speaklocal.vietnam.native:67905
    t =    14.74s Tear Down
Test Case '-[SpeakLocalNativeUITests.CityAppDetailV22RenderProofUITests testCaptureCityAppDetailV22RenderProofBatch]' passed (14.824 seconds).
Test Suite 'CityAppDetailV22RenderProofUITests' passed at 2026-06-01 07:33:21.496.
	 Executed 1 test, with 0 failures (0 unexpected) in 14.824 (14.826) seconds
Test Suite 'SpeakLocalNativeUITests.xctest' passed at 2026-06-01 07:33:21.496.
	 Executed 1 test, with 0 failures (0 unexpected) in 14.824 (14.827) seconds
Test Suite 'Selected tests' passed at 2026-06-01 07:33:21.497.
	 Executed 1 test, with 0 failures (0 unexpected) in 14.824 (14.828) seconds

Test session results, code coverage, and logs:
	/Users/jojolim/Library/Developer/XcodeBuildMCP/workspaces/orchestrator-309442864093/DerivedData/SpeakLocalNative-8f3e721625a0/Logs/Test/Test-SpeakLocalNative-2026.06.01_07-33-05-+0700.xcresult

** TEST EXECUTE SUCCEEDED **

Testing started

2026-06-01 07:33:06.734 xcodebuild[67720:8291687] [MT] IDELaunchParametersSnapshot: The operation couldn’t be completed. (DebuggerLLDB.DebuggerVersionStore.StoreError error 0.)
2026-06-01 07:33:06.734 xcodebuild[67720:8291687] [MT] IDELaunchParametersSnapshot: no debugger version
2026-06-01 07:33:16.865 xcodebuild[67720:8291687] [MT] IDELaunchParametersSnapshot: The operation couldn’t be completed. (DebuggerLLDB.DebuggerVersionStore.StoreError error 0.)
2026-06-01 07:33:16.865 xcodebuild[67720:8291687] [MT] IDELaunchParametersSnapshot: no debugger version
2026-06-01 07:33:21.803 xcodebuild[67720:8291687] [MT] IDETestOperationsObserverDebug: 16.308 elapsed -- Testing started completed.
2026-06-01 07:33:21.803 xcodebuild[67720:8291687] [MT] IDETestOperationsObserverDebug: 0.000 sec, +0.000 sec -- start
2026-06-01 07:33:21.803 xcodebuild[67720:8291687] [MT] IDETestOperationsObserverDebug: 16.308 sec, +16.308 sec -- end
