Command line invocation:
    /Applications/Xcode.app/Contents/Developer/usr/bin/xcodebuild test-without-building -project /Users/jojolim/Developer/products/speaklocal/app-family/.worktrees/city-listings-production-ready/native-ios/SpeakLocalNative.xcodeproj -scheme SpeakLocalNative -destination "platform=iOS Simulator,id=7C386DD3-4BF1-4A34-A918-768C43CD1258" -derivedDataPath /Users/jojolim/Library/Developer/XcodeBuildMCP/workspaces/orchestrator-309442864093/DerivedData/SpeakLocalNative-8f3e721625a0 "-only-testing:SpeakLocalNativeUITests/CityAppDetailV22RenderProofUITests/testCaptureCityAppDetailV22RenderProofBatch"

2026-06-01 05:00:38.486065+0700 SpeakLocalNativeUITests-Runner[60873:7632096] [Default] Running tests...
    t =      nans Interface orientation changed to Portrait
Test Suite 'Selected tests' started at 2026-06-01 05:00:38.856.
Test Suite 'SpeakLocalNativeUITests.xctest' started at 2026-06-01 05:00:38.856.
Test Suite 'CityAppDetailV22RenderProofUITests' started at 2026-06-01 05:00:38.856.
Test Case '-[SpeakLocalNativeUITests.CityAppDetailV22RenderProofUITests testCaptureCityAppDetailV22RenderProofBatch]' started.
    t =     0.00s Start Test at 2026-06-01 05:00:38.857
    t =     0.02s Set Up
    t =     0.02s Open app.speaklocal.vietnam.native
    t =     0.02s     Launch app.speaklocal.vietnam.native
objc[60873]: Class UIAccessibilityLoaderWebShared is implemented in both /Library/Developer/CoreSimulator/Volumes/iOS_23F77/Library/Developer/CoreSimulator/Profiles/Runtimes/iOS 26.5.simruntime/Contents/Resources/RuntimeRoot/System/Library/AccessibilityBundles/WebCore.axbundle/WebCore (0x1072a4310) and /Library/Developer/CoreSimulator/Volumes/iOS_23F77/Library/Developer/CoreSimulator/Profiles/Runtimes/iOS 26.5.simruntime/Contents/Resources/RuntimeRoot/System/Library/AccessibilityBundles/WebKit.axbundle/WebKit (0x106b34398). This may cause spurious casting failures and mysterious crashes. One of the duplicates must be removed or renamed.
    t =     1.91s         Setting up automation session
    t =     2.29s         Wait for app.speaklocal.vietnam.native to idle
    t =     3.76s Checking existence of `"Bến xe phía Bắc Huế" StaticText`
    t =     3.89s Waiting 8.0s for "Bến xe phía Bắc Huế" StaticText to exist
    t =     4.95s     Checking `Expect predicate `existsNoRetry == 1` for object "Bến xe phía Bắc Huế" StaticText`
    t =     4.95s         Checking existence of `"Bến xe phía Bắc Huế" StaticText`
    t =     5.08s Swipe up Target Application 'app.speaklocal.vietnam.native'
    t =     5.08s     Wait for app.speaklocal.vietnam.native to idle
    t =     5.08s     Find the Target Application 'app.speaklocal.vietnam.native'
    t =     5.10s     Check for interrupting elements affecting "SpeakLocal Vietnam" Application
    t =     5.11s     Synthesize event
    t =     5.53s     Wait for app.speaklocal.vietnam.native to idle
    t =     7.64s Swipe up Target Application 'app.speaklocal.vietnam.native'
    t =     7.64s     Wait for app.speaklocal.vietnam.native to idle
    t =     7.64s     Find the Target Application 'app.speaklocal.vietnam.native'
    t =     7.66s     Check for interrupting elements affecting "SpeakLocal Vietnam" Application
    t =     7.69s     Synthesize event
    t =     8.11s     Wait for app.speaklocal.vietnam.native to idle
    t =     8.87s Terminate app.speaklocal.vietnam.native:60950
    t =     9.97s Open app.speaklocal.vietnam.native
    t =     9.97s     Launch app.speaklocal.vietnam.native
    t =    10.18s         Setting up automation session
    t =    10.65s         Wait for app.speaklocal.vietnam.native to idle
    t =    12.12s Waiting 4.0s for TabBar (First Match) to exist
    t =    13.19s     Checking `Expect predicate `existsNoRetry == 1` for object TabBar (First Match)`
    t =    13.19s         Checking existence of `TabBar (First Match)`
    t =    13.25s Checking existence of `"PhraseArticle.BottomSentinel.viet-family-city-hue-place-northern-bus-station" Other`
    t =    13.33s Checking existence of `"PhraseArticle.BottomSentinel.viet-phrase-city-hue-place-northern-bus-station" Other`
    t =    13.35s Find the "PhraseArticle.BottomSentinel.viet-phrase-city-hue-place-northern-bus-station" Other
    t =    13.37s Checking existence of `TabBar (First Match)`
    t =    13.37s Find the TabBar (First Match)
    t =    13.38s Find the Target Application 'app.speaklocal.vietnam.native'
    t =    13.47s Terminate app.speaklocal.vietnam.native:61041
    t =    14.56s Tear Down
Test Case '-[SpeakLocalNativeUITests.CityAppDetailV22RenderProofUITests testCaptureCityAppDetailV22RenderProofBatch]' passed (14.606 seconds).
Test Suite 'CityAppDetailV22RenderProofUITests' passed at 2026-06-01 05:00:53.463.
	 Executed 1 test, with 0 failures (0 unexpected) in 14.606 (14.607) seconds
Test Suite 'SpeakLocalNativeUITests.xctest' passed at 2026-06-01 05:00:53.464.
	 Executed 1 test, with 0 failures (0 unexpected) in 14.606 (14.608) seconds
Test Suite 'Selected tests' passed at 2026-06-01 05:00:53.465.
	 Executed 1 test, with 0 failures (0 unexpected) in 14.606 (14.609) seconds

Test session results, code coverage, and logs:
	/Users/jojolim/Library/Developer/XcodeBuildMCP/workspaces/orchestrator-309442864093/DerivedData/SpeakLocalNative-8f3e721625a0/Logs/Test/Test-SpeakLocalNative-2026.06.01_05-00-37-+0700.xcresult

** TEST EXECUTE SUCCEEDED **

Testing started

2026-06-01 05:00:38.918 xcodebuild[60870:7631932] [MT] IDELaunchParametersSnapshot: The operation couldn’t be completed. (DebuggerLLDB.DebuggerVersionStore.StoreError error 0.)
2026-06-01 05:00:38.918 xcodebuild[60870:7631932] [MT] IDELaunchParametersSnapshot: no debugger version
2026-06-01 05:00:48.826 xcodebuild[60870:7631932] [MT] IDELaunchParametersSnapshot: The operation couldn’t be completed. (DebuggerLLDB.DebuggerVersionStore.StoreError error 0.)
2026-06-01 05:00:48.826 xcodebuild[60870:7631932] [MT] IDELaunchParametersSnapshot: no debugger version
2026-06-01 05:00:53.771 xcodebuild[60870:7631932] [MT] IDETestOperationsObserverDebug: 16.070 elapsed -- Testing started completed.
2026-06-01 05:00:53.771 xcodebuild[60870:7631932] [MT] IDETestOperationsObserverDebug: 0.000 sec, +0.000 sec -- start
2026-06-01 05:00:53.771 xcodebuild[60870:7631932] [MT] IDETestOperationsObserverDebug: 16.070 sec, +16.070 sec -- end
