Command line invocation:
    /Applications/Xcode.app/Contents/Developer/usr/bin/xcodebuild test-without-building -project /Users/jojolim/Developer/products/speaklocal/app-family/.worktrees/city-listings-production-ready/native-ios/SpeakLocalNative.xcodeproj -scheme SpeakLocalNative -destination "platform=iOS Simulator,id=7C386DD3-4BF1-4A34-A918-768C43CD1258" -derivedDataPath /Users/jojolim/Library/Developer/XcodeBuildMCP/workspaces/orchestrator-309442864093/DerivedData/SpeakLocalNative-8f3e721625a0 "-only-testing:SpeakLocalNativeUITests/CityAppDetailV22RenderProofUITests/testCaptureCityAppDetailV22RenderProofBatch"

2026-06-01 05:43:52.053976+0700 SpeakLocalNativeUITests-Runner[25708:7814279] [Default] Running tests...
    t =      nans Interface orientation changed to Portrait
Test Suite 'Selected tests' started at 2026-06-01 05:43:52.427.
Test Suite 'SpeakLocalNativeUITests.xctest' started at 2026-06-01 05:43:52.427.
Test Suite 'CityAppDetailV22RenderProofUITests' started at 2026-06-01 05:43:52.427.
Test Case '-[SpeakLocalNativeUITests.CityAppDetailV22RenderProofUITests testCaptureCityAppDetailV22RenderProofBatch]' started.
    t =     0.00s Start Test at 2026-06-01 05:43:52.427
    t =     0.02s Set Up
    t =     0.02s Open app.speaklocal.vietnam.native
    t =     0.02s     Launch app.speaklocal.vietnam.native
objc[25708]: Class UIAccessibilityLoaderWebShared is implemented in both /Library/Developer/CoreSimulator/Volumes/iOS_23F77/Library/Developer/CoreSimulator/Profiles/Runtimes/iOS 26.5.simruntime/Contents/Resources/RuntimeRoot/System/Library/AccessibilityBundles/WebCore.axbundle/WebCore (0x10690c310) and /Library/Developer/CoreSimulator/Volumes/iOS_23F77/Library/Developer/CoreSimulator/Profiles/Runtimes/iOS 26.5.simruntime/Contents/Resources/RuntimeRoot/System/Library/AccessibilityBundles/WebKit.axbundle/WebKit (0x1061b0398). This may cause spurious casting failures and mysterious crashes. One of the duplicates must be removed or renamed.
    t =     1.90s         Setting up automation session
    t =     2.31s         Wait for app.speaklocal.vietnam.native to idle
    t =     3.84s Checking existence of `"Phố Hàng Gai" StaticText`
    t =     3.99s Waiting 8.0s for "Phố Hàng Gai" StaticText to exist
    t =     5.05s     Checking `Expect predicate `existsNoRetry == 1` for object "Phố Hàng Gai" StaticText`
    t =     5.05s         Checking existence of `"Phố Hàng Gai" StaticText`
    t =     5.22s Swipe up Target Application 'app.speaklocal.vietnam.native'
    t =     5.22s     Wait for app.speaklocal.vietnam.native to idle
    t =     5.23s     Find the Target Application 'app.speaklocal.vietnam.native'
    t =     5.24s     Check for interrupting elements affecting "SpeakLocal Vietnam" Application
    t =     5.26s     Synthesize event
    t =     5.68s     Wait for app.speaklocal.vietnam.native to idle
    t =     7.78s Swipe up Target Application 'app.speaklocal.vietnam.native'
    t =     7.78s     Wait for app.speaklocal.vietnam.native to idle
    t =     7.78s     Find the Target Application 'app.speaklocal.vietnam.native'
    t =     7.81s     Check for interrupting elements affecting "SpeakLocal Vietnam" Application
    t =     7.84s     Synthesize event
    t =     8.26s     Wait for app.speaklocal.vietnam.native to idle
    t =     9.09s Terminate app.speaklocal.vietnam.native:25720
    t =    10.18s Open app.speaklocal.vietnam.native
    t =    10.18s     Launch app.speaklocal.vietnam.native
    t =    10.40s         Setting up automation session
    t =    10.86s         Wait for app.speaklocal.vietnam.native to idle
    t =    12.35s Waiting 4.0s for TabBar (First Match) to exist
    t =    13.43s     Checking `Expect predicate `existsNoRetry == 1` for object TabBar (First Match)`
    t =    13.43s         Checking existence of `TabBar (First Match)`
    t =    13.48s Checking existence of `"PhraseArticle.BottomSentinel.viet-family-city-hanoi-place-hang-gai-street" Other`
    t =    13.57s Checking existence of `"PhraseArticle.BottomSentinel.viet-phrase-city-hanoi-place-hang-gai-street" Other`
    t =    13.59s Find the "PhraseArticle.BottomSentinel.viet-phrase-city-hanoi-place-hang-gai-street" Other
    t =    13.61s Checking existence of `TabBar (First Match)`
    t =    13.62s Find the TabBar (First Match)
    t =    13.63s Find the Target Application 'app.speaklocal.vietnam.native'
    t =    13.72s Terminate app.speaklocal.vietnam.native:25736
    t =    14.82s Tear Down
Test Case '-[SpeakLocalNativeUITests.CityAppDetailV22RenderProofUITests testCaptureCityAppDetailV22RenderProofBatch]' passed (14.878 seconds).
Test Suite 'CityAppDetailV22RenderProofUITests' passed at 2026-06-01 05:44:07.306.
	 Executed 1 test, with 0 failures (0 unexpected) in 14.878 (14.879) seconds
Test Suite 'SpeakLocalNativeUITests.xctest' passed at 2026-06-01 05:44:07.307.
	 Executed 1 test, with 0 failures (0 unexpected) in 14.878 (14.880) seconds
Test Suite 'Selected tests' passed at 2026-06-01 05:44:07.308.
	 Executed 1 test, with 0 failures (0 unexpected) in 14.878 (14.881) seconds

Test session results, code coverage, and logs:
	/Users/jojolim/Library/Developer/XcodeBuildMCP/workspaces/orchestrator-309442864093/DerivedData/SpeakLocalNative-8f3e721625a0/Logs/Test/Test-SpeakLocalNative-2026.06.01_05-43-51-+0700.xcresult

** TEST EXECUTE SUCCEEDED **

Testing started

2026-06-01 05:43:52.489 xcodebuild[25705:7814110] [MT] IDELaunchParametersSnapshot: The operation couldn’t be completed. (DebuggerLLDB.DebuggerVersionStore.StoreError error 0.)
2026-06-01 05:43:52.489 xcodebuild[25705:7814110] [MT] IDELaunchParametersSnapshot: no debugger version
2026-06-01 05:44:02.611 xcodebuild[25705:7814110] [MT] IDELaunchParametersSnapshot: The operation couldn’t be completed. (DebuggerLLDB.DebuggerVersionStore.StoreError error 0.)
2026-06-01 05:44:02.611 xcodebuild[25705:7814110] [MT] IDELaunchParametersSnapshot: no debugger version
2026-06-01 05:44:07.615 xcodebuild[25705:7814110] [MT] IDETestOperationsObserverDebug: 16.358 elapsed -- Testing started completed.
2026-06-01 05:44:07.615 xcodebuild[25705:7814110] [MT] IDETestOperationsObserverDebug: 0.000 sec, +0.000 sec -- start
2026-06-01 05:44:07.615 xcodebuild[25705:7814110] [MT] IDETestOperationsObserverDebug: 16.358 sec, +16.358 sec -- end
