Command line invocation:
    /Applications/Xcode.app/Contents/Developer/usr/bin/xcodebuild test-without-building -project /Users/jojolim/Developer/products/speaklocal/app-family/.worktrees/city-listings-production-ready/native-ios/SpeakLocalNative.xcodeproj -scheme SpeakLocalNative -destination "platform=iOS Simulator,id=7C386DD3-4BF1-4A34-A918-768C43CD1258" -derivedDataPath /Users/jojolim/Library/Developer/XcodeBuildMCP/workspaces/orchestrator-309442864093/DerivedData/SpeakLocalNative-8f3e721625a0 "-only-testing:SpeakLocalNativeUITests/CityAppDetailV22RenderProofUITests/testCaptureCityAppDetailV22RenderProofBatch"

2026-06-01 07:17:11.692589+0700 SpeakLocalNativeUITests-Runner[50709:8227176] [Default] Running tests...
    t =      nans Interface orientation changed to Portrait
Test Suite 'Selected tests' started at 2026-06-01 07:17:12.065.
Test Suite 'SpeakLocalNativeUITests.xctest' started at 2026-06-01 07:17:12.065.
Test Suite 'CityAppDetailV22RenderProofUITests' started at 2026-06-01 07:17:12.065.
Test Case '-[SpeakLocalNativeUITests.CityAppDetailV22RenderProofUITests testCaptureCityAppDetailV22RenderProofBatch]' started.
    t =     0.00s Start Test at 2026-06-01 07:17:12.065
    t =     0.02s Set Up
    t =     0.02s Open app.speaklocal.vietnam.native
    t =     0.02s     Launch app.speaklocal.vietnam.native
objc[50709]: Class UIAccessibilityLoaderWebShared is implemented in both /Library/Developer/CoreSimulator/Volumes/iOS_23F77/Library/Developer/CoreSimulator/Profiles/Runtimes/iOS 26.5.simruntime/Contents/Resources/RuntimeRoot/System/Library/AccessibilityBundles/WebCore.axbundle/WebCore (0x10aa98310) and /Library/Developer/CoreSimulator/Volumes/iOS_23F77/Library/Developer/CoreSimulator/Profiles/Runtimes/iOS 26.5.simruntime/Contents/Resources/RuntimeRoot/System/Library/AccessibilityBundles/WebKit.axbundle/WebKit (0x10a318398). This may cause spurious casting failures and mysterious crashes. One of the duplicates must be removed or renamed.
    t =     1.90s         Setting up automation session
    t =     2.41s         Wait for app.speaklocal.vietnam.native to idle
    t =     3.89s Checking existence of `"Vòng Hồ Tây" StaticText`
    t =     4.01s Waiting 8.0s for "Vòng Hồ Tây" StaticText to exist
    t =     5.07s     Checking `Expect predicate `existsNoRetry == 1` for object "Vòng Hồ Tây" StaticText`
    t =     5.07s         Checking existence of `"Vòng Hồ Tây" StaticText`
    t =     5.24s Swipe up Target Application 'app.speaklocal.vietnam.native'
    t =     5.24s     Wait for app.speaklocal.vietnam.native to idle
    t =     5.24s     Find the Target Application 'app.speaklocal.vietnam.native'
    t =     5.25s     Check for interrupting elements affecting "SpeakLocal Vietnam" Application
    t =     5.27s     Synthesize event
    t =     5.69s     Wait for app.speaklocal.vietnam.native to idle
    t =     7.80s Swipe up Target Application 'app.speaklocal.vietnam.native'
    t =     7.80s     Wait for app.speaklocal.vietnam.native to idle
    t =     7.81s     Find the Target Application 'app.speaklocal.vietnam.native'
    t =     7.83s     Check for interrupting elements affecting "SpeakLocal Vietnam" Application
    t =     7.85s     Synthesize event
    t =     8.27s     Wait for app.speaklocal.vietnam.native to idle
    t =     8.88s Terminate app.speaklocal.vietnam.native:50776
    t =     9.92s Open app.speaklocal.vietnam.native
    t =     9.92s     Launch app.speaklocal.vietnam.native
    t =    10.14s         Setting up automation session
    t =    10.61s         Wait for app.speaklocal.vietnam.native to idle
    t =    12.06s Waiting 4.0s for TabBar (First Match) to exist
    t =    13.10s     Checking `Expect predicate `existsNoRetry == 1` for object TabBar (First Match)`
    t =    13.10s         Checking existence of `TabBar (First Match)`
    t =    13.16s Checking existence of `"PhraseArticle.BottomSentinel.viet-family-city-hanoi-place-west-lake-loop" Other`
    t =    13.24s Checking existence of `"PhraseArticle.BottomSentinel.viet-phrase-city-hanoi-place-west-lake-loop" Other`
    t =    13.26s Find the "PhraseArticle.BottomSentinel.viet-phrase-city-hanoi-place-west-lake-loop" Other
    t =    13.28s Checking existence of `TabBar (First Match)`
    t =    13.29s Find the TabBar (First Match)
    t =    13.30s Find the Target Application 'app.speaklocal.vietnam.native'
    t =    13.39s Terminate app.speaklocal.vietnam.native:50877
    t =    14.44s Tear Down
Test Case '-[SpeakLocalNativeUITests.CityAppDetailV22RenderProofUITests testCaptureCityAppDetailV22RenderProofBatch]' passed (14.515 seconds).
Test Suite 'CityAppDetailV22RenderProofUITests' passed at 2026-06-01 07:17:26.580.
	 Executed 1 test, with 0 failures (0 unexpected) in 14.515 (14.515) seconds
Test Suite 'SpeakLocalNativeUITests.xctest' passed at 2026-06-01 07:17:26.581.
	 Executed 1 test, with 0 failures (0 unexpected) in 14.515 (14.516) seconds
Test Suite 'Selected tests' passed at 2026-06-01 07:17:26.581.
	 Executed 1 test, with 0 failures (0 unexpected) in 14.515 (14.517) seconds

Test session results, code coverage, and logs:
	/Users/jojolim/Library/Developer/XcodeBuildMCP/workspaces/orchestrator-309442864093/DerivedData/SpeakLocalNative-8f3e721625a0/Logs/Test/Test-SpeakLocalNative-2026.06.01_07-17-10-+0700.xcresult

** TEST EXECUTE SUCCEEDED **

Testing started

2026-06-01 07:17:12.129 xcodebuild[50695:8226868] [MT] IDELaunchParametersSnapshot: The operation couldn’t be completed. (DebuggerLLDB.DebuggerVersionStore.StoreError error 0.)
2026-06-01 07:17:12.129 xcodebuild[50695:8226868] [MT] IDELaunchParametersSnapshot: no debugger version
2026-06-01 07:17:21.992 xcodebuild[50695:8226868] [MT] IDELaunchParametersSnapshot: The operation couldn’t be completed. (DebuggerLLDB.DebuggerVersionStore.StoreError error 0.)
2026-06-01 07:17:21.992 xcodebuild[50695:8226868] [MT] IDELaunchParametersSnapshot: no debugger version
2026-06-01 07:17:26.883 xcodebuild[50695:8226868] [MT] IDETestOperationsObserverDebug: 16.000 elapsed -- Testing started completed.
2026-06-01 07:17:26.883 xcodebuild[50695:8226868] [MT] IDETestOperationsObserverDebug: 0.000 sec, +0.000 sec -- start
2026-06-01 07:17:26.883 xcodebuild[50695:8226868] [MT] IDETestOperationsObserverDebug: 16.000 sec, +16.000 sec -- end
