Command line invocation:
    /Applications/Xcode.app/Contents/Developer/usr/bin/xcodebuild test-without-building -project /Users/jojolim/Developer/products/speaklocal/app-family/.worktrees/city-listings-production-ready/native-ios/SpeakLocalNative.xcodeproj -scheme SpeakLocalNative -destination "platform=iOS Simulator,id=7C386DD3-4BF1-4A34-A918-768C43CD1258" -derivedDataPath /Users/jojolim/Library/Developer/XcodeBuildMCP/workspaces/orchestrator-309442864093/DerivedData/SpeakLocalNative-8f3e721625a0 "-only-testing:SpeakLocalNativeUITests/CityAppDetailV22RenderProofUITests/testCaptureCityAppDetailV22RenderProofBatch"

2026-06-01 23:38:30.808406+0700 SpeakLocalNativeUITests-Runner[17229:10221330] [Default] Running tests...
    t =      nans Interface orientation changed to Portrait
Test Suite 'Selected tests' started at 2026-06-01 23:38:31.185.
Test Suite 'SpeakLocalNativeUITests.xctest' started at 2026-06-01 23:38:31.185.
Test Suite 'CityAppDetailV22RenderProofUITests' started at 2026-06-01 23:38:31.185.
Test Case '-[SpeakLocalNativeUITests.CityAppDetailV22RenderProofUITests testCaptureCityAppDetailV22RenderProofBatch]' started.
    t =     0.00s Start Test at 2026-06-01 23:38:31.186
    t =     0.02s Set Up
    t =     0.02s Open app.speaklocal.vietnam.native
    t =     0.02s     Launch app.speaklocal.vietnam.native
objc[17229]: Class UIAccessibilityLoaderWebShared is implemented in both /Library/Developer/CoreSimulator/Volumes/iOS_23F77/Library/Developer/CoreSimulator/Profiles/Runtimes/iOS 26.5.simruntime/Contents/Resources/RuntimeRoot/System/Library/AccessibilityBundles/WebCore.axbundle/WebCore (0x10840c310) and /Library/Developer/CoreSimulator/Volumes/iOS_23F77/Library/Developer/CoreSimulator/Profiles/Runtimes/iOS 26.5.simruntime/Contents/Resources/RuntimeRoot/System/Library/AccessibilityBundles/WebKit.axbundle/WebKit (0x107c54398). This may cause spurious casting failures and mysterious crashes. One of the duplicates must be removed or renamed.
    t =     2.12s         Setting up automation session
    t =     2.97s         Wait for app.speaklocal.vietnam.native to idle
    t =     4.75s Checking existence of `"Cà phê sữa đá Sài Gòn ở Thành phố Hồ Chí Minh" StaticText`
    t =     4.94s Waiting 8.0s for "Cà phê sữa đá Sài Gòn ở Thành phố Hồ Chí Minh" StaticText to exist
    t =     6.01s     Checking `Expect predicate `existsNoRetry == 1` for object "Cà phê sữa đá Sài Gòn ở Thành phố Hồ Chí Minh" StaticText`
    t =     6.01s         Checking existence of `"Cà phê sữa đá Sài Gòn ở Thành phố Hồ Chí Minh" StaticText`
    t =     6.18s Swipe up Target Application 'app.speaklocal.vietnam.native'
    t =     6.18s     Wait for app.speaklocal.vietnam.native to idle
    t =     6.18s     Find the Target Application 'app.speaklocal.vietnam.native'
    t =     6.20s     Check for interrupting elements affecting "SpeakLocal Vietnam" Application
    t =     6.22s     Synthesize event
    t =     6.64s     Wait for app.speaklocal.vietnam.native to idle
    t =     8.74s Swipe up Target Application 'app.speaklocal.vietnam.native'
    t =     8.74s     Wait for app.speaklocal.vietnam.native to idle
    t =     8.75s     Find the Target Application 'app.speaklocal.vietnam.native'
    t =     8.77s     Check for interrupting elements affecting "SpeakLocal Vietnam" Application
    t =     8.79s     Synthesize event
    t =     9.21s     Wait for app.speaklocal.vietnam.native to idle
    t =     9.83s Terminate app.speaklocal.vietnam.native:17306
    t =    10.93s Open app.speaklocal.vietnam.native
    t =    10.93s     Launch app.speaklocal.vietnam.native
    t =    11.14s         Setting up automation session
    t =    11.61s         Wait for app.speaklocal.vietnam.native to idle
    t =    13.11s Waiting 4.0s for TabBar (First Match) to exist
    t =    14.17s     Checking `Expect predicate `existsNoRetry == 1` for object TabBar (First Match)`
    t =    14.17s         Checking existence of `TabBar (First Match)`
    t =    14.21s Checking existence of `"PhraseArticle.BottomSentinel.viet-family-city-hcmc-place-ca-phe-sua-da" Other`
    t =    14.28s Checking existence of `"PhraseArticle.BottomSentinel.viet-phrase-city-hcmc-place-ca-phe-sua-da" Other`
    t =    14.30s Find the "PhraseArticle.BottomSentinel.viet-phrase-city-hcmc-place-ca-phe-sua-da" Other
    t =    14.32s Checking existence of `TabBar (First Match)`
    t =    14.33s Find the TabBar (First Match)
    t =    14.34s Find the Target Application 'app.speaklocal.vietnam.native'
    t =    14.44s Terminate app.speaklocal.vietnam.native:17392
    t =    15.53s Tear Down
Test Case '-[SpeakLocalNativeUITests.CityAppDetailV22RenderProofUITests testCaptureCityAppDetailV22RenderProofBatch]' passed (15.589 seconds).
Test Suite 'CityAppDetailV22RenderProofUITests' passed at 2026-06-01 23:38:46.776.
	 Executed 1 test, with 0 failures (0 unexpected) in 15.589 (15.590) seconds
Test Suite 'SpeakLocalNativeUITests.xctest' passed at 2026-06-01 23:38:46.776.
	 Executed 1 test, with 0 failures (0 unexpected) in 15.589 (15.590) seconds
Test Suite 'Selected tests' passed at 2026-06-01 23:38:46.776.
	 Executed 1 test, with 0 failures (0 unexpected) in 15.589 (15.591) seconds

Test session results, code coverage, and logs:
	/Users/jojolim/Library/Developer/XcodeBuildMCP/workspaces/orchestrator-309442864093/DerivedData/SpeakLocalNative-8f3e721625a0/Logs/Test/Test-SpeakLocalNative-2026.06.01_23-38-29-+0700.xcresult

** TEST EXECUTE SUCCEEDED **

Testing started

2026-06-01 23:38:31.249 xcodebuild[17214:10221171] [MT] IDELaunchParametersSnapshot: The operation couldn’t be completed. (DebuggerLLDB.DebuggerVersionStore.StoreError error 0.)
2026-06-01 23:38:31.249 xcodebuild[17214:10221171] [MT] IDELaunchParametersSnapshot: no debugger version
2026-06-01 23:38:42.118 xcodebuild[17214:10221171] [MT] IDELaunchParametersSnapshot: The operation couldn’t be completed. (DebuggerLLDB.DebuggerVersionStore.StoreError error 0.)
2026-06-01 23:38:42.118 xcodebuild[17214:10221171] [MT] IDELaunchParametersSnapshot: no debugger version
2026-06-01 23:38:47.068 xcodebuild[17214:10221171] [MT] IDETestOperationsObserverDebug: 17.066 elapsed -- Testing started completed.
2026-06-01 23:38:47.069 xcodebuild[17214:10221171] [MT] IDETestOperationsObserverDebug: 0.000 sec, +0.000 sec -- start
2026-06-01 23:38:47.069 xcodebuild[17214:10221171] [MT] IDETestOperationsObserverDebug: 17.066 sec, +17.066 sec -- end
