Command line invocation:
    /Applications/Xcode.app/Contents/Developer/usr/bin/xcodebuild test-without-building -project /Users/jojolim/Developer/products/speaklocal/app-family/.worktrees/city-listings-production-ready/native-ios/SpeakLocalNative.xcodeproj -scheme SpeakLocalNative -destination "platform=iOS Simulator,id=7C386DD3-4BF1-4A34-A918-768C43CD1258" -derivedDataPath /Users/jojolim/Library/Developer/XcodeBuildMCP/workspaces/orchestrator-309442864093/DerivedData/SpeakLocalNative-8f3e721625a0 "-only-testing:SpeakLocalNativeUITests/CityAppDetailV22RenderProofUITests/testCaptureCityAppDetailV22RenderProofBatch"

2026-06-01 06:42:22.368491+0700 SpeakLocalNativeUITests-Runner[11584:8077445] [Default] Running tests...
    t =      nans Interface orientation changed to Portrait
Test Suite 'Selected tests' started at 2026-06-01 06:42:22.741.
Test Suite 'SpeakLocalNativeUITests.xctest' started at 2026-06-01 06:42:22.741.
Test Suite 'CityAppDetailV22RenderProofUITests' started at 2026-06-01 06:42:22.741.
Test Case '-[SpeakLocalNativeUITests.CityAppDetailV22RenderProofUITests testCaptureCityAppDetailV22RenderProofBatch]' started.
    t =     0.00s Start Test at 2026-06-01 06:42:22.742
    t =     0.02s Set Up
    t =     0.02s Open app.speaklocal.vietnam.native
    t =     0.02s     Launch app.speaklocal.vietnam.native
objc[11584]: Class UIAccessibilityLoaderWebShared is implemented in both /Library/Developer/CoreSimulator/Volumes/iOS_23F77/Library/Developer/CoreSimulator/Profiles/Runtimes/iOS 26.5.simruntime/Contents/Resources/RuntimeRoot/System/Library/AccessibilityBundles/WebCore.axbundle/WebCore (0x108cc4310) and /Library/Developer/CoreSimulator/Volumes/iOS_23F77/Library/Developer/CoreSimulator/Profiles/Runtimes/iOS 26.5.simruntime/Contents/Resources/RuntimeRoot/System/Library/AccessibilityBundles/WebKit.axbundle/WebKit (0x10847c398). This may cause spurious casting failures and mysterious crashes. One of the duplicates must be removed or renamed.
    t =     1.90s         Setting up automation session
    t =     2.37s         Wait for app.speaklocal.vietnam.native to idle
    t =     3.87s Checking existence of `"Đi thuyền sông Sài Gòn" StaticText`
    t =     4.00s Waiting 8.0s for "Đi thuyền sông Sài Gòn" StaticText to exist
    t =     5.06s     Checking `Expect predicate `existsNoRetry == 1` for object "Đi thuyền sông Sài Gòn" StaticText`
    t =     5.06s         Checking existence of `"Đi thuyền sông Sài Gòn" StaticText`
    t =     5.23s Swipe up Target Application 'app.speaklocal.vietnam.native'
    t =     5.23s     Wait for app.speaklocal.vietnam.native to idle
    t =     5.23s     Find the Target Application 'app.speaklocal.vietnam.native'
    t =     5.24s     Check for interrupting elements affecting "SpeakLocal Vietnam" Application
    t =     5.26s     Synthesize event
    t =     5.68s     Wait for app.speaklocal.vietnam.native to idle
    t =     7.78s Swipe up Target Application 'app.speaklocal.vietnam.native'
    t =     7.78s     Wait for app.speaklocal.vietnam.native to idle
    t =     7.78s     Find the Target Application 'app.speaklocal.vietnam.native'
    t =     7.81s     Check for interrupting elements affecting "SpeakLocal Vietnam" Application
    t =     7.84s     Synthesize event
    t =     8.27s     Wait for app.speaklocal.vietnam.native to idle
    t =     9.18s Terminate app.speaklocal.vietnam.native:11669
    t =    10.25s Open app.speaklocal.vietnam.native
    t =    10.25s     Launch app.speaklocal.vietnam.native
    t =    10.46s         Setting up automation session
    t =    10.94s         Wait for app.speaklocal.vietnam.native to idle
    t =    12.42s Waiting 4.0s for TabBar (First Match) to exist
    t =    13.48s     Checking `Expect predicate `existsNoRetry == 1` for object TabBar (First Match)`
    t =    13.48s         Checking existence of `TabBar (First Match)`
    t =    13.54s Checking existence of `"PhraseArticle.BottomSentinel.viet-family-city-hcmc-place-saigon-river-boat" Other`
    t =    13.61s Checking existence of `"PhraseArticle.BottomSentinel.viet-phrase-city-hcmc-place-saigon-river-boat" Other`
    t =    13.64s Find the "PhraseArticle.BottomSentinel.viet-phrase-city-hcmc-place-saigon-river-boat" Other
    t =    13.66s Checking existence of `TabBar (First Match)`
    t =    13.67s Find the TabBar (First Match)
    t =    13.67s Find the Target Application 'app.speaklocal.vietnam.native'
    t =    13.77s Terminate app.speaklocal.vietnam.native:11753
    t =    14.84s Tear Down
Test Case '-[SpeakLocalNativeUITests.CityAppDetailV22RenderProofUITests testCaptureCityAppDetailV22RenderProofBatch]' passed (14.951 seconds).
Test Suite 'CityAppDetailV22RenderProofUITests' passed at 2026-06-01 06:42:37.694.
	 Executed 1 test, with 0 failures (0 unexpected) in 14.951 (14.952) seconds
Test Suite 'SpeakLocalNativeUITests.xctest' passed at 2026-06-01 06:42:37.695.
	 Executed 1 test, with 0 failures (0 unexpected) in 14.951 (14.954) seconds
Test Suite 'Selected tests' passed at 2026-06-01 06:42:37.695.
	 Executed 1 test, with 0 failures (0 unexpected) in 14.951 (14.955) seconds

Test session results, code coverage, and logs:
	/Users/jojolim/Library/Developer/XcodeBuildMCP/workspaces/orchestrator-309442864093/DerivedData/SpeakLocalNative-8f3e721625a0/Logs/Test/Test-SpeakLocalNative-2026.06.01_06-42-21-+0700.xcresult

** TEST EXECUTE SUCCEEDED **

Testing started

2026-06-01 06:42:22.799 xcodebuild[11582:8077296] [MT] IDELaunchParametersSnapshot: The operation couldn’t be completed. (DebuggerLLDB.DebuggerVersionStore.StoreError error 0.)
2026-06-01 06:42:22.799 xcodebuild[11582:8077296] [MT] IDELaunchParametersSnapshot: no debugger version
2026-06-01 06:42:32.992 xcodebuild[11582:8077296] [MT] IDELaunchParametersSnapshot: The operation couldn’t be completed. (DebuggerLLDB.DebuggerVersionStore.StoreError error 0.)
2026-06-01 06:42:32.992 xcodebuild[11582:8077296] [MT] IDELaunchParametersSnapshot: no debugger version
2026-06-01 06:42:38.002 xcodebuild[11582:8077296] [MT] IDETestOperationsObserverDebug: 16.420 elapsed -- Testing started completed.
2026-06-01 06:42:38.002 xcodebuild[11582:8077296] [MT] IDETestOperationsObserverDebug: 0.000 sec, +0.000 sec -- start
2026-06-01 06:42:38.002 xcodebuild[11582:8077296] [MT] IDETestOperationsObserverDebug: 16.420 sec, +16.420 sec -- end
