Command line invocation:
    /Applications/Xcode.app/Contents/Developer/usr/bin/xcodebuild test-without-building -project /Users/jojolim/Developer/products/speaklocal/app-family/.worktrees/city-listings-production-ready/native-ios/SpeakLocalNative.xcodeproj -scheme SpeakLocalNative -destination "platform=iOS Simulator,id=7C386DD3-4BF1-4A34-A918-768C43CD1258" -derivedDataPath /Users/jojolim/Library/Developer/XcodeBuildMCP/workspaces/orchestrator-309442864093/DerivedData/SpeakLocalNative-8f3e721625a0 "-only-testing:SpeakLocalNativeUITests/CityAppDetailV22RenderProofUITests/testCaptureCityAppDetailV22RenderProofBatch"

2026-06-01 08:04:42.048167+0700 SpeakLocalNativeUITests-Runner[7501:8420416] [Default] Running tests...
    t =      nans Interface orientation changed to Portrait
Test Suite 'Selected tests' started at 2026-06-01 08:04:42.416.
Test Suite 'SpeakLocalNativeUITests.xctest' started at 2026-06-01 08:04:42.416.
Test Suite 'CityAppDetailV22RenderProofUITests' started at 2026-06-01 08:04:42.416.
Test Case '-[SpeakLocalNativeUITests.CityAppDetailV22RenderProofUITests testCaptureCityAppDetailV22RenderProofBatch]' started.
    t =     0.00s Start Test at 2026-06-01 08:04:42.416
    t =     0.02s Set Up
    t =     0.02s Open app.speaklocal.vietnam.native
    t =     0.02s     Launch app.speaklocal.vietnam.native
objc[7501]: Class UIAccessibilityLoaderWebShared is implemented in both /Library/Developer/CoreSimulator/Volumes/iOS_23F77/Library/Developer/CoreSimulator/Profiles/Runtimes/iOS 26.5.simruntime/Contents/Resources/RuntimeRoot/System/Library/AccessibilityBundles/WebCore.axbundle/WebCore (0x108748310) and /Library/Developer/CoreSimulator/Volumes/iOS_23F77/Library/Developer/CoreSimulator/Profiles/Runtimes/iOS 26.5.simruntime/Contents/Resources/RuntimeRoot/System/Library/AccessibilityBundles/WebKit.axbundle/WebKit (0x107bc0398). This may cause spurious casting failures and mysterious crashes. One of the duplicates must be removed or renamed.
    t =     1.68s         Setting up automation session
    t =     2.24s         Wait for app.speaklocal.vietnam.native to idle
    t =     3.70s Checking existence of `"Saigon Centre" StaticText`
    t =     3.85s Waiting 8.0s for "Saigon Centre" StaticText to exist
    t =     4.89s     Checking `Expect predicate `existsNoRetry == 1` for object "Saigon Centre" StaticText`
    t =     4.89s         Checking existence of `"Saigon Centre" StaticText`
    t =     5.06s Swipe up Target Application 'app.speaklocal.vietnam.native'
    t =     5.06s     Wait for app.speaklocal.vietnam.native to idle
    t =     5.06s     Find the Target Application 'app.speaklocal.vietnam.native'
    t =     5.08s     Check for interrupting elements affecting "SpeakLocal Vietnam" Application
    t =     5.10s     Synthesize event
    t =     5.52s     Wait for app.speaklocal.vietnam.native to idle
    t =     7.62s Swipe up Target Application 'app.speaklocal.vietnam.native'
    t =     7.62s     Wait for app.speaklocal.vietnam.native to idle
    t =     7.62s     Find the Target Application 'app.speaklocal.vietnam.native'
    t =     7.65s     Check for interrupting elements affecting "SpeakLocal Vietnam" Application
    t =     7.68s     Synthesize event
    t =     8.10s     Wait for app.speaklocal.vietnam.native to idle
    t =     8.83s Terminate app.speaklocal.vietnam.native:7508
    t =     9.90s Open app.speaklocal.vietnam.native
    t =     9.90s     Launch app.speaklocal.vietnam.native
    t =    10.12s         Setting up automation session
    t =    10.61s         Wait for app.speaklocal.vietnam.native to idle
    t =    12.08s Waiting 4.0s for TabBar (First Match) to exist
    t =    13.13s     Checking `Expect predicate `existsNoRetry == 1` for object TabBar (First Match)`
    t =    13.13s         Checking existence of `TabBar (First Match)`
    t =    13.18s Checking existence of `"PhraseArticle.BottomSentinel.viet-family-city-hcmc-place-takashimaya-saigon-centre" Other`
    t =    13.25s Checking existence of `"PhraseArticle.BottomSentinel.viet-phrase-city-hcmc-place-takashimaya-saigon-centre" Other`
    t =    13.28s Find the "PhraseArticle.BottomSentinel.viet-phrase-city-hcmc-place-takashimaya-saigon-centre" Other
    t =    13.30s Checking existence of `TabBar (First Match)`
    t =    13.31s Find the TabBar (First Match)
    t =    13.32s Find the Target Application 'app.speaklocal.vietnam.native'
    t =    13.41s Terminate app.speaklocal.vietnam.native:7527
    t =    14.49s Tear Down
Test Case '-[SpeakLocalNativeUITests.CityAppDetailV22RenderProofUITests testCaptureCityAppDetailV22RenderProofBatch]' passed (14.547 seconds).
Test Suite 'CityAppDetailV22RenderProofUITests' passed at 2026-06-01 08:04:56.965.
	 Executed 1 test, with 0 failures (0 unexpected) in 14.547 (14.549) seconds
Test Suite 'SpeakLocalNativeUITests.xctest' passed at 2026-06-01 08:04:56.966.
	 Executed 1 test, with 0 failures (0 unexpected) in 14.547 (14.550) seconds
Test Suite 'Selected tests' passed at 2026-06-01 08:04:56.966.
	 Executed 1 test, with 0 failures (0 unexpected) in 14.547 (14.551) seconds

Test session results, code coverage, and logs:
	/Users/jojolim/Library/Developer/XcodeBuildMCP/workspaces/orchestrator-309442864093/DerivedData/SpeakLocalNative-8f3e721625a0/Logs/Test/Test-SpeakLocalNative-2026.06.01_08-04-41-+0700.xcresult

** TEST EXECUTE SUCCEEDED **

Testing started

2026-06-01 08:04:42.474 xcodebuild[7498:8420242] [MT] IDELaunchParametersSnapshot: The operation couldn’t be completed. (DebuggerLLDB.DebuggerVersionStore.StoreError error 0.)
2026-06-01 08:04:42.474 xcodebuild[7498:8420242] [MT] IDELaunchParametersSnapshot: no debugger version
2026-06-01 08:04:52.319 xcodebuild[7498:8420242] [MT] IDELaunchParametersSnapshot: The operation couldn’t be completed. (DebuggerLLDB.DebuggerVersionStore.StoreError error 0.)
2026-06-01 08:04:52.319 xcodebuild[7498:8420242] [MT] IDELaunchParametersSnapshot: no debugger version
2026-06-01 08:04:57.273 xcodebuild[7498:8420242] [MT] IDETestOperationsObserverDebug: 16.024 elapsed -- Testing started completed.
2026-06-01 08:04:57.273 xcodebuild[7498:8420242] [MT] IDETestOperationsObserverDebug: 0.000 sec, +0.000 sec -- start
2026-06-01 08:04:57.273 xcodebuild[7498:8420242] [MT] IDETestOperationsObserverDebug: 16.024 sec, +16.024 sec -- end
