Command line invocation:
    /Applications/Xcode.app/Contents/Developer/usr/bin/xcodebuild test-without-building -project /Users/jojolim/Developer/products/speaklocal/app-family/.worktrees/city-listings-production-ready/native-ios/SpeakLocalNative.xcodeproj -scheme SpeakLocalNative -destination "platform=iOS Simulator,id=7C386DD3-4BF1-4A34-A918-768C43CD1258" -derivedDataPath /Users/jojolim/Library/Developer/XcodeBuildMCP/workspaces/orchestrator-309442864093/DerivedData/SpeakLocalNative-8f3e721625a0 "-only-testing:SpeakLocalNativeUITests/CityAppDetailV22RenderProofUITests/testCaptureCityAppDetailV22RenderProofBatch"

2026-06-01 05:58:48.300064+0700 SpeakLocalNativeUITests-Runner[40106:7874106] [Default] Running tests...
    t =      nans Interface orientation changed to Portrait
Test Suite 'Selected tests' started at 2026-06-01 05:58:48.670.
Test Suite 'SpeakLocalNativeUITests.xctest' started at 2026-06-01 05:58:48.670.
Test Suite 'CityAppDetailV22RenderProofUITests' started at 2026-06-01 05:58:48.670.
Test Case '-[SpeakLocalNativeUITests.CityAppDetailV22RenderProofUITests testCaptureCityAppDetailV22RenderProofBatch]' started.
    t =     0.00s Start Test at 2026-06-01 05:58:48.671
    t =     0.02s Set Up
    t =     0.02s Open app.speaklocal.vietnam.native
    t =     0.02s     Launch app.speaklocal.vietnam.native
objc[40106]: Class UIAccessibilityLoaderWebShared is implemented in both /Library/Developer/CoreSimulator/Volumes/iOS_23F77/Library/Developer/CoreSimulator/Profiles/Runtimes/iOS 26.5.simruntime/Contents/Resources/RuntimeRoot/System/Library/AccessibilityBundles/WebCore.axbundle/WebCore (0x10a38c310) and /Library/Developer/CoreSimulator/Volumes/iOS_23F77/Library/Developer/CoreSimulator/Profiles/Runtimes/iOS 26.5.simruntime/Contents/Resources/RuntimeRoot/System/Library/AccessibilityBundles/WebKit.axbundle/WebKit (0x109c0c398). This may cause spurious casting failures and mysterious crashes. One of the duplicates must be removed or renamed.
    t =     1.91s         Setting up automation session
    t =     2.33s         Wait for app.speaklocal.vietnam.native to idle
    t =     3.87s Checking existence of `"Bún chả ở Hà Nội" StaticText`
    t =     4.00s Waiting 8.0s for "Bún chả ở Hà Nội" StaticText to exist
    t =     5.07s     Checking `Expect predicate `existsNoRetry == 1` for object "Bún chả ở Hà Nội" StaticText`
    t =     5.07s         Checking existence of `"Bún chả ở Hà Nội" StaticText`
    t =     5.22s Swipe up Target Application 'app.speaklocal.vietnam.native'
    t =     5.22s     Wait for app.speaklocal.vietnam.native to idle
    t =     5.22s     Find the Target Application 'app.speaklocal.vietnam.native'
    t =     5.24s     Check for interrupting elements affecting "SpeakLocal Vietnam" Application
    t =     5.26s     Synthesize event
    t =     5.67s     Wait for app.speaklocal.vietnam.native to idle
    t =     7.77s Swipe up Target Application 'app.speaklocal.vietnam.native'
    t =     7.77s     Wait for app.speaklocal.vietnam.native to idle
    t =     7.78s     Find the Target Application 'app.speaklocal.vietnam.native'
    t =     7.80s     Check for interrupting elements affecting "SpeakLocal Vietnam" Application
    t =     7.83s     Synthesize event
    t =     8.25s     Wait for app.speaklocal.vietnam.native to idle
    t =     8.90s Terminate app.speaklocal.vietnam.native:40157
    t =    10.00s Open app.speaklocal.vietnam.native
    t =    10.00s     Launch app.speaklocal.vietnam.native
    t =    10.22s         Setting up automation session
    t =    10.69s         Wait for app.speaklocal.vietnam.native to idle
    t =    12.19s Waiting 4.0s for TabBar (First Match) to exist
    t =    13.26s     Checking `Expect predicate `existsNoRetry == 1` for object TabBar (First Match)`
    t =    13.26s         Checking existence of `TabBar (First Match)`
    t =    13.32s Checking existence of `"PhraseArticle.BottomSentinel.viet-family-city-hanoi-place-bun-cha" Other`
    t =    13.40s Checking existence of `"PhraseArticle.BottomSentinel.viet-phrase-city-hanoi-place-bun-cha" Other`
    t =    13.42s Find the "PhraseArticle.BottomSentinel.viet-phrase-city-hanoi-place-bun-cha" Other
    t =    13.44s Checking existence of `TabBar (First Match)`
    t =    13.45s Find the TabBar (First Match)
    t =    13.45s Find the Target Application 'app.speaklocal.vietnam.native'
    t =    13.55s Terminate app.speaklocal.vietnam.native:40275
    t =    14.64s Tear Down
Test Case '-[SpeakLocalNativeUITests.CityAppDetailV22RenderProofUITests testCaptureCityAppDetailV22RenderProofBatch]' passed (14.715 seconds).
Test Suite 'CityAppDetailV22RenderProofUITests' passed at 2026-06-01 05:59:03.387.
	 Executed 1 test, with 0 failures (0 unexpected) in 14.715 (14.716) seconds
Test Suite 'SpeakLocalNativeUITests.xctest' passed at 2026-06-01 05:59:03.387.
	 Executed 1 test, with 0 failures (0 unexpected) in 14.715 (14.717) seconds
Test Suite 'Selected tests' passed at 2026-06-01 05:59:03.387.
	 Executed 1 test, with 0 failures (0 unexpected) in 14.715 (14.717) seconds

Test session results, code coverage, and logs:
	/Users/jojolim/Library/Developer/XcodeBuildMCP/workspaces/orchestrator-309442864093/DerivedData/SpeakLocalNative-8f3e721625a0/Logs/Test/Test-SpeakLocalNative-2026.06.01_05-58-47-+0700.xcresult

** TEST EXECUTE SUCCEEDED **

Testing started

2026-06-01 05:58:48.731 xcodebuild[40102:7873940] [MT] IDELaunchParametersSnapshot: The operation couldn’t be completed. (DebuggerLLDB.DebuggerVersionStore.StoreError error 0.)
2026-06-01 05:58:48.731 xcodebuild[40102:7873940] [MT] IDELaunchParametersSnapshot: no debugger version
2026-06-01 05:58:58.672 xcodebuild[40102:7873940] [MT] IDELaunchParametersSnapshot: The operation couldn’t be completed. (DebuggerLLDB.DebuggerVersionStore.StoreError error 0.)
2026-06-01 05:58:58.672 xcodebuild[40102:7873940] [MT] IDELaunchParametersSnapshot: no debugger version
2026-06-01 05:59:03.694 xcodebuild[40102:7873940] [MT] IDETestOperationsObserverDebug: 16.204 elapsed -- Testing started completed.
2026-06-01 05:59:03.694 xcodebuild[40102:7873940] [MT] IDETestOperationsObserverDebug: 0.000 sec, +0.000 sec -- start
2026-06-01 05:59:03.694 xcodebuild[40102:7873940] [MT] IDETestOperationsObserverDebug: 16.204 sec, +16.204 sec -- end
