Command line invocation:
    /Applications/Xcode.app/Contents/Developer/usr/bin/xcodebuild test-without-building -project /Users/jojolim/Developer/products/speaklocal/app-family/.worktrees/city-listings-production-ready/native-ios/SpeakLocalNative.xcodeproj -scheme SpeakLocalNative -destination "platform=iOS Simulator,id=7C386DD3-4BF1-4A34-A918-768C43CD1258" -derivedDataPath /Users/jojolim/Library/Developer/XcodeBuildMCP/workspaces/orchestrator-309442864093/DerivedData/SpeakLocalNative-8f3e721625a0 "-only-testing:SpeakLocalNativeUITests/CityAppDetailV22RenderProofUITests/testCaptureCityAppDetailV22RenderProofBatch"

2026-06-01 09:16:55.444957+0700 SpeakLocalNativeUITests-Runner[67871:8669355] [Default] Running tests...
    t =      nans Interface orientation changed to Portrait
Test Suite 'Selected tests' started at 2026-06-01 09:16:55.814.
Test Suite 'SpeakLocalNativeUITests.xctest' started at 2026-06-01 09:16:55.814.
Test Suite 'CityAppDetailV22RenderProofUITests' started at 2026-06-01 09:16:55.814.
Test Case '-[SpeakLocalNativeUITests.CityAppDetailV22RenderProofUITests testCaptureCityAppDetailV22RenderProofBatch]' started.
    t =     0.00s Start Test at 2026-06-01 09:16:55.815
    t =     0.01s Set Up
    t =     0.02s Open app.speaklocal.vietnam.native
    t =     0.02s     Launch app.speaklocal.vietnam.native
objc[67871]: Class UIAccessibilityLoaderWebShared is implemented in both /Library/Developer/CoreSimulator/Volumes/iOS_23F77/Library/Developer/CoreSimulator/Profiles/Runtimes/iOS 26.5.simruntime/Contents/Resources/RuntimeRoot/System/Library/AccessibilityBundles/WebCore.axbundle/WebCore (0x1087bc310) and /Library/Developer/CoreSimulator/Volumes/iOS_23F77/Library/Developer/CoreSimulator/Profiles/Runtimes/iOS 26.5.simruntime/Contents/Resources/RuntimeRoot/System/Library/AccessibilityBundles/WebKit.axbundle/WebKit (0x108744398). This may cause spurious casting failures and mysterious crashes. One of the duplicates must be removed or renamed.
    t =     1.88s         Setting up automation session
    t =     2.34s         Wait for app.speaklocal.vietnam.native to idle
    t =     3.86s Checking existence of `"Đồi Vọng Cảnh" StaticText`
    t =     3.99s Waiting 8.0s for "Đồi Vọng Cảnh" StaticText to exist
    t =     5.04s     Checking `Expect predicate `existsNoRetry == 1` for object "Đồi Vọng Cảnh" StaticText`
    t =     5.04s         Checking existence of `"Đồi Vọng Cảnh" StaticText`
    t =     5.22s Swipe up Target Application 'app.speaklocal.vietnam.native'
    t =     5.22s     Wait for app.speaklocal.vietnam.native to idle
    t =     5.22s     Find the Target Application 'app.speaklocal.vietnam.native'
    t =     5.24s     Check for interrupting elements affecting "SpeakLocal Vietnam" Application
    t =     5.26s     Synthesize event
    t =     5.68s     Wait for app.speaklocal.vietnam.native to idle
    t =     7.84s Swipe up Target Application 'app.speaklocal.vietnam.native'
    t =     7.84s     Wait for app.speaklocal.vietnam.native to idle
    t =     7.85s     Find the Target Application 'app.speaklocal.vietnam.native'
    t =     7.86s     Check for interrupting elements affecting "SpeakLocal Vietnam" Application
    t =     7.89s     Synthesize event
    t =     8.31s     Wait for app.speaklocal.vietnam.native to idle
    t =     9.06s Terminate app.speaklocal.vietnam.native:67877
    t =    10.13s Open app.speaklocal.vietnam.native
    t =    10.13s     Launch app.speaklocal.vietnam.native
    t =    10.34s         Setting up automation session
    t =    10.82s         Wait for app.speaklocal.vietnam.native to idle
    t =    12.29s Waiting 4.0s for TabBar (First Match) to exist
    t =    13.34s     Checking `Expect predicate `existsNoRetry == 1` for object TabBar (First Match)`
    t =    13.34s         Checking existence of `TabBar (First Match)`
    t =    13.40s Checking existence of `"PhraseArticle.BottomSentinel.viet-family-city-hue-place-vong-canh-hill" Other`
    t =    13.48s Checking existence of `"PhraseArticle.BottomSentinel.viet-phrase-city-hue-place-vong-canh-hill" Other`
    t =    13.50s Find the "PhraseArticle.BottomSentinel.viet-phrase-city-hue-place-vong-canh-hill" Other
    t =    13.53s Checking existence of `TabBar (First Match)`
    t =    13.53s Find the TabBar (First Match)
    t =    13.54s Find the Target Application 'app.speaklocal.vietnam.native'
    t =    13.64s Terminate app.speaklocal.vietnam.native:68040
    t =    14.69s Tear Down
Test Case '-[SpeakLocalNativeUITests.CityAppDetailV22RenderProofUITests testCaptureCityAppDetailV22RenderProofBatch]' passed (14.786 seconds).
Test Suite 'CityAppDetailV22RenderProofUITests' passed at 2026-06-01 09:17:10.601.
	 Executed 1 test, with 0 failures (0 unexpected) in 14.786 (14.787) seconds
Test Suite 'SpeakLocalNativeUITests.xctest' passed at 2026-06-01 09:17:10.602.
	 Executed 1 test, with 0 failures (0 unexpected) in 14.786 (14.788) seconds
Test Suite 'Selected tests' passed at 2026-06-01 09:17:10.602.
	 Executed 1 test, with 0 failures (0 unexpected) in 14.786 (14.789) seconds

Test session results, code coverage, and logs:
	/Users/jojolim/Library/Developer/XcodeBuildMCP/workspaces/orchestrator-309442864093/DerivedData/SpeakLocalNative-8f3e721625a0/Logs/Test/Test-SpeakLocalNative-2026.06.01_09-16-54-+0700.xcresult

** TEST EXECUTE SUCCEEDED **

Testing started

2026-06-01 09:16:55.862 xcodebuild[67868:8669193] [MT] IDELaunchParametersSnapshot: The operation couldn’t be completed. (DebuggerLLDB.DebuggerVersionStore.StoreError error 0.)
2026-06-01 09:16:55.862 xcodebuild[67868:8669193] [MT] IDELaunchParametersSnapshot: no debugger version
2026-06-01 09:17:05.944 xcodebuild[67868:8669193] [MT] IDELaunchParametersSnapshot: The operation couldn’t be completed. (DebuggerLLDB.DebuggerVersionStore.StoreError error 0.)
2026-06-01 09:17:05.944 xcodebuild[67868:8669193] [MT] IDELaunchParametersSnapshot: no debugger version
2026-06-01 09:17:10.894 xcodebuild[67868:8669193] [MT] IDETestOperationsObserverDebug: 16.255 elapsed -- Testing started completed.
2026-06-01 09:17:10.894 xcodebuild[67868:8669193] [MT] IDETestOperationsObserverDebug: 0.000 sec, +0.000 sec -- start
2026-06-01 09:17:10.894 xcodebuild[67868:8669193] [MT] IDETestOperationsObserverDebug: 16.255 sec, +16.255 sec -- end
