Command line invocation:
    /Applications/Xcode.app/Contents/Developer/usr/bin/xcodebuild test-without-building -project /Users/jojolim/Developer/products/speaklocal/app-family/.worktrees/city-listings-production-ready/native-ios/SpeakLocalNative.xcodeproj -scheme SpeakLocalNative -destination "platform=iOS Simulator,id=7C386DD3-4BF1-4A34-A918-768C43CD1258" -derivedDataPath /Users/jojolim/Library/Developer/XcodeBuildMCP/workspaces/orchestrator-309442864093/DerivedData/SpeakLocalNative-8f3e721625a0 "-only-testing:SpeakLocalNativeUITests/CityAppDetailV22RenderProofUITests/testCaptureCityAppDetailV22RenderProofBatch"

2026-06-01 08:58:32.286766+0700 SpeakLocalNativeUITests-Runner[56112:8609692] [Default] Running tests...
    t =      nans Interface orientation changed to Portrait
Test Suite 'Selected tests' started at 2026-06-01 08:58:32.692.
Test Suite 'SpeakLocalNativeUITests.xctest' started at 2026-06-01 08:58:32.693.
Test Suite 'CityAppDetailV22RenderProofUITests' started at 2026-06-01 08:58:32.693.
Test Case '-[SpeakLocalNativeUITests.CityAppDetailV22RenderProofUITests testCaptureCityAppDetailV22RenderProofBatch]' started.
    t =     0.00s Start Test at 2026-06-01 08:58:32.693
    t =     0.02s Set Up
    t =     0.02s Open app.speaklocal.vietnam.native
    t =     0.02s     Launch app.speaklocal.vietnam.native
objc[56112]: Class UIAccessibilityLoaderWebShared is implemented in both /Library/Developer/CoreSimulator/Volumes/iOS_23F77/Library/Developer/CoreSimulator/Profiles/Runtimes/iOS 26.5.simruntime/Contents/Resources/RuntimeRoot/System/Library/AccessibilityBundles/WebCore.axbundle/WebCore (0x10a4d0310) and /Library/Developer/CoreSimulator/Volumes/iOS_23F77/Library/Developer/CoreSimulator/Profiles/Runtimes/iOS 26.5.simruntime/Contents/Resources/RuntimeRoot/System/Library/AccessibilityBundles/WebKit.axbundle/WebKit (0x109cf0398). This may cause spurious casting failures and mysterious crashes. One of the duplicates must be removed or renamed.
    t =     1.90s         Setting up automation session
    t =     2.32s         Wait for app.speaklocal.vietnam.native to idle
    t =     3.80s Checking existence of `"Nhà hàng chay Liên Hoa" StaticText`
    t =     3.93s Waiting 8.0s for "Nhà hàng chay Liên Hoa" StaticText to exist
    t =     4.97s     Checking `Expect predicate `existsNoRetry == 1` for object "Nhà hàng chay Liên Hoa" StaticText`
    t =     4.97s         Checking existence of `"Nhà hàng chay Liên Hoa" StaticText`
    t =     5.12s Swipe up Target Application 'app.speaklocal.vietnam.native'
    t =     5.12s     Wait for app.speaklocal.vietnam.native to idle
    t =     5.12s     Find the Target Application 'app.speaklocal.vietnam.native'
    t =     5.13s     Check for interrupting elements affecting "SpeakLocal Vietnam" Application
    t =     5.15s     Synthesize event
    t =     5.57s     Wait for app.speaklocal.vietnam.native to idle
    t =     7.74s Swipe up Target Application 'app.speaklocal.vietnam.native'
    t =     7.74s     Wait for app.speaklocal.vietnam.native to idle
    t =     7.74s     Find the Target Application 'app.speaklocal.vietnam.native'
    t =     7.76s     Check for interrupting elements affecting "SpeakLocal Vietnam" Application
    t =     7.78s     Synthesize event
    t =     8.22s     Wait for app.speaklocal.vietnam.native to idle
    t =     8.98s Terminate app.speaklocal.vietnam.native:56124
    t =    10.02s Open app.speaklocal.vietnam.native
    t =    10.02s     Launch app.speaklocal.vietnam.native
    t =    10.23s         Setting up automation session
    t =    10.69s         Wait for app.speaklocal.vietnam.native to idle
    t =    12.18s Waiting 4.0s for TabBar (First Match) to exist
    t =    13.22s     Checking `Expect predicate `existsNoRetry == 1` for object TabBar (First Match)`
    t =    13.22s         Checking existence of `TabBar (First Match)`
    t =    13.28s Checking existence of `"PhraseArticle.BottomSentinel.viet-family-city-hue-place-lien-hoa-vegetarian" Other`
    t =    13.36s Checking existence of `"PhraseArticle.BottomSentinel.viet-phrase-city-hue-place-lien-hoa-vegetarian" Other`
    t =    13.38s Find the "PhraseArticle.BottomSentinel.viet-phrase-city-hue-place-lien-hoa-vegetarian" Other
    t =    13.40s Checking existence of `TabBar (First Match)`
    t =    13.41s Find the TabBar (First Match)
    t =    13.41s Find the Target Application 'app.speaklocal.vietnam.native'
    t =    13.50s Terminate app.speaklocal.vietnam.native:56145
    t =    14.57s Tear Down
Test Case '-[SpeakLocalNativeUITests.CityAppDetailV22RenderProofUITests testCaptureCityAppDetailV22RenderProofBatch]' passed (14.652 seconds).
Test Suite 'CityAppDetailV22RenderProofUITests' passed at 2026-06-01 08:58:47.346.
	 Executed 1 test, with 0 failures (0 unexpected) in 14.652 (14.653) seconds
Test Suite 'SpeakLocalNativeUITests.xctest' passed at 2026-06-01 08:58:47.347.
	 Executed 1 test, with 0 failures (0 unexpected) in 14.652 (14.654) seconds
Test Suite 'Selected tests' passed at 2026-06-01 08:58:47.348.
	 Executed 1 test, with 0 failures (0 unexpected) in 14.652 (14.655) seconds

Test session results, code coverage, and logs:
	/Users/jojolim/Library/Developer/XcodeBuildMCP/workspaces/orchestrator-309442864093/DerivedData/SpeakLocalNative-8f3e721625a0/Logs/Test/Test-SpeakLocalNative-2026.06.01_08-58-31-+0700.xcresult

** TEST EXECUTE SUCCEEDED **

Testing started

2026-06-01 08:58:32.753 xcodebuild[56108:8609477] [MT] IDELaunchParametersSnapshot: The operation couldn’t be completed. (DebuggerLLDB.DebuggerVersionStore.StoreError error 0.)
2026-06-01 08:58:32.753 xcodebuild[56108:8609477] [MT] IDELaunchParametersSnapshot: no debugger version
2026-06-01 08:58:42.714 xcodebuild[56108:8609477] [MT] IDELaunchParametersSnapshot: The operation couldn’t be completed. (DebuggerLLDB.DebuggerVersionStore.StoreError error 0.)
2026-06-01 08:58:42.714 xcodebuild[56108:8609477] [MT] IDELaunchParametersSnapshot: no debugger version
2026-06-01 08:58:47.648 xcodebuild[56108:8609477] [MT] IDETestOperationsObserverDebug: 16.175 elapsed -- Testing started completed.
2026-06-01 08:58:47.648 xcodebuild[56108:8609477] [MT] IDETestOperationsObserverDebug: 0.000 sec, +0.000 sec -- start
2026-06-01 08:58:47.648 xcodebuild[56108:8609477] [MT] IDETestOperationsObserverDebug: 16.175 sec, +16.175 sec -- end
