Command line invocation:
    /Applications/Xcode.app/Contents/Developer/usr/bin/xcodebuild test-without-building -project /Users/jojolim/Developer/products/speaklocal/app-family/.worktrees/city-listings-production-ready/native-ios/SpeakLocalNative.xcodeproj -scheme SpeakLocalNative -destination "platform=iOS Simulator,id=7C386DD3-4BF1-4A34-A918-768C43CD1258" -derivedDataPath /Users/jojolim/Library/Developer/XcodeBuildMCP/workspaces/orchestrator-309442864093/DerivedData/SpeakLocalNative-8f3e721625a0 "-only-testing:SpeakLocalNativeUITests/CityAppDetailV22RenderProofUITests/testCaptureCityAppDetailV22RenderProofBatch"

2026-06-01 07:07:39.160546+0700 SpeakLocalNativeUITests-Runner[41612:8188652] [Default] Running tests...
    t =      nans Interface orientation changed to Portrait
Test Suite 'Selected tests' started at 2026-06-01 07:07:39.529.
Test Suite 'SpeakLocalNativeUITests.xctest' started at 2026-06-01 07:07:39.529.
Test Suite 'CityAppDetailV22RenderProofUITests' started at 2026-06-01 07:07:39.530.
Test Case '-[SpeakLocalNativeUITests.CityAppDetailV22RenderProofUITests testCaptureCityAppDetailV22RenderProofBatch]' started.
    t =     0.00s Start Test at 2026-06-01 07:07:39.530
    t =     0.02s Set Up
    t =     0.02s Open app.speaklocal.vietnam.native
    t =     0.02s     Launch app.speaklocal.vietnam.native
objc[41612]: Class UIAccessibilityLoaderWebShared is implemented in both /Library/Developer/CoreSimulator/Volumes/iOS_23F77/Library/Developer/CoreSimulator/Profiles/Runtimes/iOS 26.5.simruntime/Contents/Resources/RuntimeRoot/System/Library/AccessibilityBundles/WebCore.axbundle/WebCore (0x108818310) and /Library/Developer/CoreSimulator/Volumes/iOS_23F77/Library/Developer/CoreSimulator/Profiles/Runtimes/iOS 26.5.simruntime/Contents/Resources/RuntimeRoot/System/Library/AccessibilityBundles/WebKit.axbundle/WebKit (0x108068398). This may cause spurious casting failures and mysterious crashes. One of the duplicates must be removed or renamed.
    t =     1.89s         Setting up automation session
    t =     2.37s         Wait for app.speaklocal.vietnam.native to idle
    t =     3.93s Checking existence of `"Cầu Long Biên" StaticText`
    t =     4.08s Waiting 8.0s for "Cầu Long Biên" StaticText to exist
    t =     5.11s     Checking `Expect predicate `existsNoRetry == 1` for object "Cầu Long Biên" StaticText`
    t =     5.11s         Checking existence of `"Cầu Long Biên" StaticText`
    t =     5.29s Swipe up Target Application 'app.speaklocal.vietnam.native'
    t =     5.29s     Wait for app.speaklocal.vietnam.native to idle
    t =     5.29s     Find the Target Application 'app.speaklocal.vietnam.native'
    t =     5.31s     Check for interrupting elements affecting "SpeakLocal Vietnam" Application
    t =     5.33s     Synthesize event
    t =     5.74s     Wait for app.speaklocal.vietnam.native to idle
    t =     7.85s Swipe up Target Application 'app.speaklocal.vietnam.native'
    t =     7.85s     Wait for app.speaklocal.vietnam.native to idle
    t =     7.85s     Find the Target Application 'app.speaklocal.vietnam.native'
    t =     7.87s     Check for interrupting elements affecting "SpeakLocal Vietnam" Application
    t =     7.90s     Synthesize event
    t =     8.32s     Wait for app.speaklocal.vietnam.native to idle
    t =     9.19s Terminate app.speaklocal.vietnam.native:41692
    t =    10.27s Open app.speaklocal.vietnam.native
    t =    10.27s     Launch app.speaklocal.vietnam.native
    t =    10.48s         Setting up automation session
    t =    10.96s         Wait for app.speaklocal.vietnam.native to idle
    t =    12.44s Waiting 4.0s for TabBar (First Match) to exist
    t =    13.48s     Checking `Expect predicate `existsNoRetry == 1` for object TabBar (First Match)`
    t =    13.48s         Checking existence of `TabBar (First Match)`
    t =    13.53s Checking existence of `"PhraseArticle.BottomSentinel.viet-family-city-hanoi-place-long-bien-bridge" Other`
    t =    13.62s Checking existence of `"PhraseArticle.BottomSentinel.viet-phrase-city-hanoi-place-long-bien-bridge" Other`
    t =    13.64s Find the "PhraseArticle.BottomSentinel.viet-phrase-city-hanoi-place-long-bien-bridge" Other
    t =    13.66s Checking existence of `TabBar (First Match)`
    t =    13.67s Find the TabBar (First Match)
    t =    13.68s Find the Target Application 'app.speaklocal.vietnam.native'
    t =    13.77s Terminate app.speaklocal.vietnam.native:41779
    t =    14.85s Tear Down
Test Case '-[SpeakLocalNativeUITests.CityAppDetailV22RenderProofUITests testCaptureCityAppDetailV22RenderProofBatch]' passed (14.916 seconds).
Test Suite 'CityAppDetailV22RenderProofUITests' passed at 2026-06-01 07:07:54.446.
	 Executed 1 test, with 0 failures (0 unexpected) in 14.916 (14.917) seconds
Test Suite 'SpeakLocalNativeUITests.xctest' passed at 2026-06-01 07:07:54.447.
	 Executed 1 test, with 0 failures (0 unexpected) in 14.916 (14.918) seconds
Test Suite 'Selected tests' passed at 2026-06-01 07:07:54.448.
	 Executed 1 test, with 0 failures (0 unexpected) in 14.916 (14.919) seconds

Test session results, code coverage, and logs:
	/Users/jojolim/Library/Developer/XcodeBuildMCP/workspaces/orchestrator-309442864093/DerivedData/SpeakLocalNative-8f3e721625a0/Logs/Test/Test-SpeakLocalNative-2026.06.01_07-07-38-+0700.xcresult

** TEST EXECUTE SUCCEEDED **

Testing started

2026-06-01 07:07:39.588 xcodebuild[41608:8188494] [MT] IDELaunchParametersSnapshot: The operation couldn’t be completed. (DebuggerLLDB.DebuggerVersionStore.StoreError error 0.)
2026-06-01 07:07:39.588 xcodebuild[41608:8188494] [MT] IDELaunchParametersSnapshot: no debugger version
2026-06-01 07:07:49.798 xcodebuild[41608:8188494] [MT] IDELaunchParametersSnapshot: The operation couldn’t be completed. (DebuggerLLDB.DebuggerVersionStore.StoreError error 0.)
2026-06-01 07:07:49.798 xcodebuild[41608:8188494] [MT] IDELaunchParametersSnapshot: no debugger version
2026-06-01 07:07:54.754 xcodebuild[41608:8188494] [MT] IDETestOperationsObserverDebug: 16.384 elapsed -- Testing started completed.
2026-06-01 07:07:54.754 xcodebuild[41608:8188494] [MT] IDETestOperationsObserverDebug: 0.000 sec, +0.000 sec -- start
2026-06-01 07:07:54.754 xcodebuild[41608:8188494] [MT] IDETestOperationsObserverDebug: 16.384 sec, +16.384 sec -- end
