Command line invocation:
    /Applications/Xcode.app/Contents/Developer/usr/bin/xcodebuild test-without-building -project /Users/jojolim/Developer/products/speaklocal/app-family/.worktrees/city-listings-production-ready/native-ios/SpeakLocalNative.xcodeproj -scheme SpeakLocalNative -destination "platform=iOS Simulator,id=7C386DD3-4BF1-4A34-A918-768C43CD1258" -derivedDataPath /Users/jojolim/Library/Developer/XcodeBuildMCP/workspaces/orchestrator-309442864093/DerivedData/SpeakLocalNative-8f3e721625a0 "-only-testing:SpeakLocalNativeUITests/CityAppDetailV22RenderProofUITests/testCaptureCityAppDetailV22RenderProofBatch"

2026-06-01 04:32:18.926965+0700 SpeakLocalNativeUITests-Runner[28187:7514421] [Default] Running tests...
    t =      nans Interface orientation changed to Portrait
Test Suite 'Selected tests' started at 2026-06-01 04:32:19.304.
Test Suite 'SpeakLocalNativeUITests.xctest' started at 2026-06-01 04:32:19.304.
Test Suite 'CityAppDetailV22RenderProofUITests' started at 2026-06-01 04:32:19.304.
Test Case '-[SpeakLocalNativeUITests.CityAppDetailV22RenderProofUITests testCaptureCityAppDetailV22RenderProofBatch]' started.
    t =     0.00s Start Test at 2026-06-01 04:32:19.305
    t =     0.02s Set Up
    t =     0.02s Open app.speaklocal.vietnam.native
    t =     0.02s     Launch app.speaklocal.vietnam.native
objc[28187]: Class UIAccessibilityLoaderWebShared is implemented in both /Library/Developer/CoreSimulator/Volumes/iOS_23F77/Library/Developer/CoreSimulator/Profiles/Runtimes/iOS 26.5.simruntime/Contents/Resources/RuntimeRoot/System/Library/AccessibilityBundles/WebCore.axbundle/WebCore (0x106b48310) and /Library/Developer/CoreSimulator/Volumes/iOS_23F77/Library/Developer/CoreSimulator/Profiles/Runtimes/iOS 26.5.simruntime/Contents/Resources/RuntimeRoot/System/Library/AccessibilityBundles/WebKit.axbundle/WebKit (0x10640c398). This may cause spurious casting failures and mysterious crashes. One of the duplicates must be removed or renamed.
    t =     1.89s         Setting up automation session
    t =     2.31s         Wait for app.speaklocal.vietnam.native to idle
    t =     3.80s Checking existence of `"BeBe Tailor" StaticText`
    t =     3.94s Waiting 8.0s for "BeBe Tailor" StaticText to exist
    t =     5.01s     Checking `Expect predicate `existsNoRetry == 1` for object "BeBe Tailor" StaticText`
    t =     5.01s         Checking existence of `"BeBe Tailor" StaticText`
    t =     5.17s Swipe up Target Application 'app.speaklocal.vietnam.native'
    t =     5.17s     Wait for app.speaklocal.vietnam.native to idle
    t =     5.17s     Find the Target Application 'app.speaklocal.vietnam.native'
    t =     5.18s     Check for interrupting elements affecting "SpeakLocal Vietnam" Application
    t =     5.20s     Synthesize event
    t =     5.63s     Wait for app.speaklocal.vietnam.native to idle
    t =     7.76s Swipe up Target Application 'app.speaklocal.vietnam.native'
    t =     7.76s     Wait for app.speaklocal.vietnam.native to idle
    t =     7.88s     Find the Target Application 'app.speaklocal.vietnam.native'
    t =     7.90s     Check for interrupting elements affecting "SpeakLocal Vietnam" Application
    t =     7.93s     Synthesize event
    t =     8.35s     Wait for app.speaklocal.vietnam.native to idle
    t =     9.10s Terminate app.speaklocal.vietnam.native:28266
    t =    10.20s Open app.speaklocal.vietnam.native
    t =    10.20s     Launch app.speaklocal.vietnam.native
    t =    10.41s         Setting up automation session
    t =    10.92s         Wait for app.speaklocal.vietnam.native to idle
    t =    12.41s Waiting 4.0s for TabBar (First Match) to exist
    t =    13.48s     Checking `Expect predicate `existsNoRetry == 1` for object TabBar (First Match)`
    t =    13.48s         Checking existence of `TabBar (First Match)`
    t =    13.54s Checking existence of `"PhraseArticle.BottomSentinel.viet-family-city-hoian-place-bebe-tailor" Other`
    t =    13.62s Checking existence of `"PhraseArticle.BottomSentinel.viet-phrase-city-hoian-place-bebe-tailor" Other`
    t =    13.64s Find the "PhraseArticle.BottomSentinel.viet-phrase-city-hoian-place-bebe-tailor" Other
    t =    13.66s Checking existence of `TabBar (First Match)`
    t =    13.67s Find the TabBar (First Match)
    t =    13.67s Find the Target Application 'app.speaklocal.vietnam.native'
    t =    13.77s Terminate app.speaklocal.vietnam.native:28354
    t =    14.86s Tear Down
Test Case '-[SpeakLocalNativeUITests.CityAppDetailV22RenderProofUITests testCaptureCityAppDetailV22RenderProofBatch]' passed (14.933 seconds).
Test Suite 'CityAppDetailV22RenderProofUITests' passed at 2026-06-01 04:32:34.238.
	 Executed 1 test, with 0 failures (0 unexpected) in 14.933 (14.934) seconds
Test Suite 'SpeakLocalNativeUITests.xctest' passed at 2026-06-01 04:32:34.239.
	 Executed 1 test, with 0 failures (0 unexpected) in 14.933 (14.935) seconds
Test Suite 'Selected tests' passed at 2026-06-01 04:32:34.239.
	 Executed 1 test, with 0 failures (0 unexpected) in 14.933 (14.935) seconds

Test session results, code coverage, and logs:
	/Users/jojolim/Library/Developer/XcodeBuildMCP/workspaces/orchestrator-309442864093/DerivedData/SpeakLocalNative-8f3e721625a0/Logs/Test/Test-SpeakLocalNative-2026.06.01_04-32-17-+0700.xcresult

** TEST EXECUTE SUCCEEDED **

Testing started

2026-06-01 04:32:19.362 xcodebuild[28184:7514236] [MT] IDELaunchParametersSnapshot: The operation couldn’t be completed. (DebuggerLLDB.DebuggerVersionStore.StoreError error 0.)
2026-06-01 04:32:19.362 xcodebuild[28184:7514236] [MT] IDELaunchParametersSnapshot: no debugger version
2026-06-01 04:32:29.505 xcodebuild[28184:7514236] [MT] IDELaunchParametersSnapshot: The operation couldn’t be completed. (DebuggerLLDB.DebuggerVersionStore.StoreError error 0.)
2026-06-01 04:32:29.505 xcodebuild[28184:7514236] [MT] IDELaunchParametersSnapshot: no debugger version
2026-06-01 04:32:34.548 xcodebuild[28184:7514236] [MT] IDETestOperationsObserverDebug: 16.405 elapsed -- Testing started completed.
2026-06-01 04:32:34.548 xcodebuild[28184:7514236] [MT] IDETestOperationsObserverDebug: 0.000 sec, +0.000 sec -- start
2026-06-01 04:32:34.548 xcodebuild[28184:7514236] [MT] IDETestOperationsObserverDebug: 16.405 sec, +16.405 sec -- end
