Command line invocation:
    /Applications/Xcode.app/Contents/Developer/usr/bin/xcodebuild test-without-building -project /Users/jojolim/Developer/products/speaklocal/app-family/.worktrees/city-listings-production-ready/native-ios/SpeakLocalNative.xcodeproj -scheme SpeakLocalNative -destination "platform=iOS Simulator,id=7C386DD3-4BF1-4A34-A918-768C43CD1258" -derivedDataPath /Users/jojolim/Library/Developer/XcodeBuildMCP/workspaces/orchestrator-309442864093/DerivedData/SpeakLocalNative-8f3e721625a0 "-only-testing:SpeakLocalNativeUITests/CityAppDetailV22RenderProofUITests/testCaptureCityAppDetailV22RenderProofBatch"

2026-06-01 08:57:41.381803+0700 SpeakLocalNativeUITests-Runner[55483:8606238] [Default] Running tests...
    t =      nans Interface orientation changed to Portrait
Test Suite 'Selected tests' started at 2026-06-01 08:57:41.752.
Test Suite 'SpeakLocalNativeUITests.xctest' started at 2026-06-01 08:57:41.753.
Test Suite 'CityAppDetailV22RenderProofUITests' started at 2026-06-01 08:57:41.753.
Test Case '-[SpeakLocalNativeUITests.CityAppDetailV22RenderProofUITests testCaptureCityAppDetailV22RenderProofBatch]' started.
    t =     0.00s Start Test at 2026-06-01 08:57:41.753
    t =     0.02s Set Up
    t =     0.02s Open app.speaklocal.vietnam.native
    t =     0.02s     Launch app.speaklocal.vietnam.native
objc[55483]: Class UIAccessibilityLoaderWebShared is implemented in both /Library/Developer/CoreSimulator/Volumes/iOS_23F77/Library/Developer/CoreSimulator/Profiles/Runtimes/iOS 26.5.simruntime/Contents/Resources/RuntimeRoot/System/Library/AccessibilityBundles/WebCore.axbundle/WebCore (0x108dc4310) and /Library/Developer/CoreSimulator/Volumes/iOS_23F77/Library/Developer/CoreSimulator/Profiles/Runtimes/iOS 26.5.simruntime/Contents/Resources/RuntimeRoot/System/Library/AccessibilityBundles/WebKit.axbundle/WebKit (0x1081fc398). This may cause spurious casting failures and mysterious crashes. One of the duplicates must be removed or renamed.
    t =     1.88s         Setting up automation session
    t =     2.30s         Wait for app.speaklocal.vietnam.native to idle
    t =     3.80s Checking existence of `"Lang Thang Coffee" StaticText`
    t =     3.93s Waiting 8.0s for "Lang Thang Coffee" StaticText to exist
    t =     4.99s     Checking `Expect predicate `existsNoRetry == 1` for object "Lang Thang Coffee" StaticText`
    t =     4.99s         Checking existence of `"Lang Thang Coffee" StaticText`
    t =     5.14s Swipe up Target Application 'app.speaklocal.vietnam.native'
    t =     5.14s     Wait for app.speaklocal.vietnam.native to idle
    t =     5.14s     Find the Target Application 'app.speaklocal.vietnam.native'
    t =     5.15s     Check for interrupting elements affecting "SpeakLocal Vietnam" Application
    t =     5.17s     Synthesize event
    t =     5.59s     Wait for app.speaklocal.vietnam.native to idle
    t =     7.74s Swipe up Target Application 'app.speaklocal.vietnam.native'
    t =     7.74s     Wait for app.speaklocal.vietnam.native to idle
    t =     8.07s     Find the Target Application 'app.speaklocal.vietnam.native'
    t =     8.08s     Check for interrupting elements affecting "SpeakLocal Vietnam" Application
    t =     8.10s     Synthesize event
    t =     8.52s     Wait for app.speaklocal.vietnam.native to idle
    t =     9.23s Terminate app.speaklocal.vietnam.native:55495
    t =    10.31s Open app.speaklocal.vietnam.native
    t =    10.31s     Launch app.speaklocal.vietnam.native
    t =    10.53s         Setting up automation session
    t =    11.01s         Wait for app.speaklocal.vietnam.native to idle
    t =    12.50s Waiting 4.0s for TabBar (First Match) to exist
    t =    13.54s     Checking `Expect predicate `existsNoRetry == 1` for object TabBar (First Match)`
    t =    13.54s         Checking existence of `TabBar (First Match)`
    t =    13.60s Checking existence of `"PhraseArticle.BottomSentinel.viet-family-city-hue-place-lang-thang-coffee" Other`
    t =    13.67s Checking existence of `"PhraseArticle.BottomSentinel.viet-phrase-city-hue-place-lang-thang-coffee" Other`
    t =    13.69s Find the "PhraseArticle.BottomSentinel.viet-phrase-city-hue-place-lang-thang-coffee" Other
    t =    13.72s Checking existence of `TabBar (First Match)`
    t =    13.72s Find the TabBar (First Match)
    t =    13.73s Find the Target Application 'app.speaklocal.vietnam.native'
    t =    13.82s Terminate app.speaklocal.vietnam.native:55587
    t =    14.88s Tear Down
Test Case '-[SpeakLocalNativeUITests.CityAppDetailV22RenderProofUITests testCaptureCityAppDetailV22RenderProofBatch]' passed (14.954 seconds).
Test Suite 'CityAppDetailV22RenderProofUITests' passed at 2026-06-01 08:57:56.707.
	 Executed 1 test, with 0 failures (0 unexpected) in 14.954 (14.955) seconds
Test Suite 'SpeakLocalNativeUITests.xctest' passed at 2026-06-01 08:57:56.708.
	 Executed 1 test, with 0 failures (0 unexpected) in 14.954 (14.955) seconds
Test Suite 'Selected tests' passed at 2026-06-01 08:57:56.709.
	 Executed 1 test, with 0 failures (0 unexpected) in 14.954 (14.956) seconds

Test session results, code coverage, and logs:
	/Users/jojolim/Library/Developer/XcodeBuildMCP/workspaces/orchestrator-309442864093/DerivedData/SpeakLocalNative-8f3e721625a0/Logs/Test/Test-SpeakLocalNative-2026.06.01_08-57-40-+0700.xcresult

** TEST EXECUTE SUCCEEDED **

Testing started

2026-06-01 08:57:41.812 xcodebuild[55479:8606037] [MT] IDELaunchParametersSnapshot: The operation couldn’t be completed. (DebuggerLLDB.DebuggerVersionStore.StoreError error 0.)
2026-06-01 08:57:41.812 xcodebuild[55479:8606037] [MT] IDELaunchParametersSnapshot: no debugger version
2026-06-01 08:57:52.067 xcodebuild[55479:8606037] [MT] IDELaunchParametersSnapshot: The operation couldn’t be completed. (DebuggerLLDB.DebuggerVersionStore.StoreError error 0.)
2026-06-01 08:57:52.067 xcodebuild[55479:8606037] [MT] IDELaunchParametersSnapshot: no debugger version
2026-06-01 08:57:57.002 xcodebuild[55479:8606037] [MT] IDETestOperationsObserverDebug: 16.486 elapsed -- Testing started completed.
2026-06-01 08:57:57.002 xcodebuild[55479:8606037] [MT] IDETestOperationsObserverDebug: 0.000 sec, +0.000 sec -- start
2026-06-01 08:57:57.002 xcodebuild[55479:8606037] [MT] IDETestOperationsObserverDebug: 16.486 sec, +16.486 sec -- end
