Command line invocation:
    /Applications/Xcode.app/Contents/Developer/usr/bin/xcodebuild test-without-building -project /Users/jojolim/Developer/products/speaklocal/app-family/.worktrees/city-listings-production-ready/native-ios/SpeakLocalNative.xcodeproj -scheme SpeakLocalNative -destination "platform=iOS Simulator,id=7C386DD3-4BF1-4A34-A918-768C43CD1258" -derivedDataPath /Users/jojolim/Library/Developer/XcodeBuildMCP/workspaces/orchestrator-309442864093/DerivedData/SpeakLocalNative-8f3e721625a0 "-only-testing:SpeakLocalNativeUITests/CityAppDetailV22RenderProofUITests/testCaptureCityAppDetailV22RenderProofBatch"

2026-06-01 07:08:30.649739+0700 SpeakLocalNativeUITests-Runner[42447:8192749] [Default] Running tests...
    t =      nans Interface orientation changed to Portrait
Test Suite 'Selected tests' started at 2026-06-01 07:08:31.027.
Test Suite 'SpeakLocalNativeUITests.xctest' started at 2026-06-01 07:08:31.027.
Test Suite 'CityAppDetailV22RenderProofUITests' started at 2026-06-01 07:08:31.027.
Test Case '-[SpeakLocalNativeUITests.CityAppDetailV22RenderProofUITests testCaptureCityAppDetailV22RenderProofBatch]' started.
    t =     0.00s Start Test at 2026-06-01 07:08:31.028
    t =     0.02s Set Up
    t =     0.02s Open app.speaklocal.vietnam.native
    t =     0.02s     Launch app.speaklocal.vietnam.native
objc[42447]: Class UIAccessibilityLoaderWebShared is implemented in both /Library/Developer/CoreSimulator/Volumes/iOS_23F77/Library/Developer/CoreSimulator/Profiles/Runtimes/iOS 26.5.simruntime/Contents/Resources/RuntimeRoot/System/Library/AccessibilityBundles/WebCore.axbundle/WebCore (0x106bc8310) and /Library/Developer/CoreSimulator/Volumes/iOS_23F77/Library/Developer/CoreSimulator/Profiles/Runtimes/iOS 26.5.simruntime/Contents/Resources/RuntimeRoot/System/Library/AccessibilityBundles/WebKit.axbundle/WebKit (0x106448398). This may cause spurious casting failures and mysterious crashes. One of the duplicates must be removed or renamed.
    t =     1.89s         Setting up automation session
    t =     2.44s         Wait for app.speaklocal.vietnam.native to idle
    t =     3.92s Checking existence of `"Cà phê Năng" StaticText`
    t =     4.08s Waiting 8.0s for "Cà phê Năng" StaticText to exist
    t =     5.11s     Checking `Expect predicate `existsNoRetry == 1` for object "Cà phê Năng" StaticText`
    t =     5.11s         Checking existence of `"Cà phê Năng" StaticText`
    t =     5.27s Swipe up Target Application 'app.speaklocal.vietnam.native'
    t =     5.27s     Wait for app.speaklocal.vietnam.native to idle
    t =     5.28s     Find the Target Application 'app.speaklocal.vietnam.native'
    t =     5.29s     Check for interrupting elements affecting "SpeakLocal Vietnam" Application
    t =     5.31s     Synthesize event
    t =     5.73s     Wait for app.speaklocal.vietnam.native to idle
    t =     7.83s Swipe up Target Application 'app.speaklocal.vietnam.native'
    t =     7.83s     Wait for app.speaklocal.vietnam.native to idle
    t =     8.14s     Find the Target Application 'app.speaklocal.vietnam.native'
    t =     8.16s     Check for interrupting elements affecting "SpeakLocal Vietnam" Application
    t =     8.18s     Synthesize event
    t =     8.60s     Wait for app.speaklocal.vietnam.native to idle
    t =     9.24s Terminate app.speaklocal.vietnam.native:42517
    t =    10.30s Open app.speaklocal.vietnam.native
    t =    10.30s     Launch app.speaklocal.vietnam.native
    t =    10.52s         Setting up automation session
    t =    11.01s         Wait for app.speaklocal.vietnam.native to idle
    t =    12.48s Waiting 4.0s for TabBar (First Match) to exist
    t =    13.53s     Checking `Expect predicate `existsNoRetry == 1` for object TabBar (First Match)`
    t =    13.53s         Checking existence of `TabBar (First Match)`
    t =    13.59s Checking existence of `"PhraseArticle.BottomSentinel.viet-family-city-hanoi-place-nang-cafe" Other`
    t =    13.67s Checking existence of `"PhraseArticle.BottomSentinel.viet-phrase-city-hanoi-place-nang-cafe" Other`
    t =    13.68s Find the "PhraseArticle.BottomSentinel.viet-phrase-city-hanoi-place-nang-cafe" Other
    t =    13.71s Checking existence of `TabBar (First Match)`
    t =    13.71s Find the TabBar (First Match)
    t =    13.72s Find the Target Application 'app.speaklocal.vietnam.native'
    t =    13.81s Terminate app.speaklocal.vietnam.native:42615
    t =    14.88s Tear Down
Test Case '-[SpeakLocalNativeUITests.CityAppDetailV22RenderProofUITests testCaptureCityAppDetailV22RenderProofBatch]' passed (14.955 seconds).
Test Suite 'CityAppDetailV22RenderProofUITests' passed at 2026-06-01 07:08:45.984.
	 Executed 1 test, with 0 failures (0 unexpected) in 14.955 (14.957) seconds
Test Suite 'SpeakLocalNativeUITests.xctest' passed at 2026-06-01 07:08:45.985.
	 Executed 1 test, with 0 failures (0 unexpected) in 14.955 (14.958) seconds
Test Suite 'Selected tests' passed at 2026-06-01 07:08:45.986.
	 Executed 1 test, with 0 failures (0 unexpected) in 14.955 (14.959) seconds

Test session results, code coverage, and logs:
	/Users/jojolim/Library/Developer/XcodeBuildMCP/workspaces/orchestrator-309442864093/DerivedData/SpeakLocalNative-8f3e721625a0/Logs/Test/Test-SpeakLocalNative-2026.06.01_07-08-29-+0700.xcresult

** TEST EXECUTE SUCCEEDED **

Testing started

2026-06-01 07:08:31.091 xcodebuild[42445:8192585] [MT] IDELaunchParametersSnapshot: The operation couldn’t be completed. (DebuggerLLDB.DebuggerVersionStore.StoreError error 0.)
2026-06-01 07:08:31.091 xcodebuild[42445:8192585] [MT] IDELaunchParametersSnapshot: no debugger version
2026-06-01 07:08:41.334 xcodebuild[42445:8192585] [MT] IDELaunchParametersSnapshot: The operation couldn’t be completed. (DebuggerLLDB.DebuggerVersionStore.StoreError error 0.)
2026-06-01 07:08:41.334 xcodebuild[42445:8192585] [MT] IDELaunchParametersSnapshot: no debugger version
2026-06-01 07:08:46.288 xcodebuild[42445:8192585] [MT] IDETestOperationsObserverDebug: 16.451 elapsed -- Testing started completed.
2026-06-01 07:08:46.288 xcodebuild[42445:8192585] [MT] IDETestOperationsObserverDebug: 0.000 sec, +0.000 sec -- start
2026-06-01 07:08:46.288 xcodebuild[42445:8192585] [MT] IDETestOperationsObserverDebug: 16.451 sec, +16.451 sec -- end
