Command line invocation:
    /Applications/Xcode.app/Contents/Developer/usr/bin/xcodebuild test-without-building -project /Users/jojolim/Developer/products/speaklocal/app-family/.worktrees/city-listings-production-ready/native-ios/SpeakLocalNative.xcodeproj -scheme SpeakLocalNative -destination "platform=iOS Simulator,id=7C386DD3-4BF1-4A34-A918-768C43CD1258" -derivedDataPath /Users/jojolim/Library/Developer/XcodeBuildMCP/workspaces/orchestrator-309442864093/DerivedData/SpeakLocalNative-8f3e721625a0 "-only-testing:SpeakLocalNativeUITests/CityAppDetailV22RenderProofUITests/testCaptureCityAppDetailV22RenderProofBatch"

2026-06-01 04:16:31.842171+0700 SpeakLocalNativeUITests-Runner[9973:7446429] [Default] Running tests...
    t =      nans Interface orientation changed to Portrait
Test Suite 'Selected tests' started at 2026-06-01 04:16:32.216.
Test Suite 'SpeakLocalNativeUITests.xctest' started at 2026-06-01 04:16:32.216.
Test Suite 'CityAppDetailV22RenderProofUITests' started at 2026-06-01 04:16:32.216.
Test Case '-[SpeakLocalNativeUITests.CityAppDetailV22RenderProofUITests testCaptureCityAppDetailV22RenderProofBatch]' started.
    t =     0.00s Start Test at 2026-06-01 04:16:32.217
    t =     0.02s Set Up
    t =     0.02s Open app.speaklocal.vietnam.native
    t =     0.02s     Launch app.speaklocal.vietnam.native
objc[9973]: Class UIAccessibilityLoaderWebShared is implemented in both /Library/Developer/CoreSimulator/Volumes/iOS_23F77/Library/Developer/CoreSimulator/Profiles/Runtimes/iOS 26.5.simruntime/Contents/Resources/RuntimeRoot/System/Library/AccessibilityBundles/WebCore.axbundle/WebCore (0x108a30310) and /Library/Developer/CoreSimulator/Volumes/iOS_23F77/Library/Developer/CoreSimulator/Profiles/Runtimes/iOS 26.5.simruntime/Contents/Resources/RuntimeRoot/System/Library/AccessibilityBundles/WebKit.axbundle/WebKit (0x108364398). This may cause spurious casting failures and mysterious crashes. One of the duplicates must be removed or renamed.
    t =     1.90s         Setting up automation session
    t =     2.42s         Wait for app.speaklocal.vietnam.native to idle
    t =     3.88s Checking existence of `"Phố Trần Phú" StaticText`
    t =     4.03s Waiting 8.0s for "Phố Trần Phú" StaticText to exist
    t =     5.10s     Checking `Expect predicate `existsNoRetry == 1` for object "Phố Trần Phú" StaticText`
    t =     5.10s         Checking existence of `"Phố Trần Phú" StaticText`
    t =     5.25s Swipe up Target Application 'app.speaklocal.vietnam.native'
    t =     5.25s     Wait for app.speaklocal.vietnam.native to idle
    t =     5.25s     Find the Target Application 'app.speaklocal.vietnam.native'
    t =     5.27s     Check for interrupting elements affecting "SpeakLocal Vietnam" Application
    t =     5.29s     Synthesize event
    t =     5.72s     Wait for app.speaklocal.vietnam.native to idle
    t =     7.84s Swipe up Target Application 'app.speaklocal.vietnam.native'
    t =     7.84s     Wait for app.speaklocal.vietnam.native to idle
    t =     7.84s     Find the Target Application 'app.speaklocal.vietnam.native'
    t =     7.87s     Check for interrupting elements affecting "SpeakLocal Vietnam" Application
    t =     7.89s     Synthesize event
    t =     8.32s     Wait for app.speaklocal.vietnam.native to idle
    t =     9.15s Terminate app.speaklocal.vietnam.native:10056
    t =    10.24s Open app.speaklocal.vietnam.native
    t =    10.25s     Launch app.speaklocal.vietnam.native
    t =    10.46s         Setting up automation session
    t =    10.96s         Wait for app.speaklocal.vietnam.native to idle
    t =    12.47s Waiting 4.0s for TabBar (First Match) to exist
    t =    13.55s     Checking `Expect predicate `existsNoRetry == 1` for object TabBar (First Match)`
    t =    13.55s         Checking existence of `TabBar (First Match)`
    t =    13.60s Checking existence of `"PhraseArticle.BottomSentinel.viet-family-city-hoian-place-tran-phu-street" Other`
    t =    13.68s Checking existence of `"PhraseArticle.BottomSentinel.viet-phrase-city-hoian-place-tran-phu-street" Other`
    t =    13.71s Find the "PhraseArticle.BottomSentinel.viet-phrase-city-hoian-place-tran-phu-street" Other
    t =    13.73s Checking existence of `TabBar (First Match)`
    t =    13.74s Find the TabBar (First Match)
    t =    13.74s Find the Target Application 'app.speaklocal.vietnam.native'
    t =    13.84s Terminate app.speaklocal.vietnam.native:10145
    t =    14.92s Tear Down
Test Case '-[SpeakLocalNativeUITests.CityAppDetailV22RenderProofUITests testCaptureCityAppDetailV22RenderProofBatch]' passed (15.029 seconds).
Test Suite 'CityAppDetailV22RenderProofUITests' passed at 2026-06-01 04:16:47.246.
	 Executed 1 test, with 0 failures (0 unexpected) in 15.029 (15.030) seconds
Test Suite 'SpeakLocalNativeUITests.xctest' passed at 2026-06-01 04:16:47.247.
	 Executed 1 test, with 0 failures (0 unexpected) in 15.029 (15.030) seconds
Test Suite 'Selected tests' passed at 2026-06-01 04:16:47.247.
	 Executed 1 test, with 0 failures (0 unexpected) in 15.029 (15.031) seconds

Test session results, code coverage, and logs:
	/Users/jojolim/Library/Developer/XcodeBuildMCP/workspaces/orchestrator-309442864093/DerivedData/SpeakLocalNative-8f3e721625a0/Logs/Test/Test-SpeakLocalNative-2026.06.01_04-16-30-+0700.xcresult

** TEST EXECUTE SUCCEEDED **

Testing started

2026-06-01 04:16:32.282 xcodebuild[9969:7446268] [MT] IDELaunchParametersSnapshot: The operation couldn’t be completed. (DebuggerLLDB.DebuggerVersionStore.StoreError error 0.)
2026-06-01 04:16:32.282 xcodebuild[9969:7446268] [MT] IDELaunchParametersSnapshot: no debugger version
2026-06-01 04:16:42.465 xcodebuild[9969:7446268] [MT] IDELaunchParametersSnapshot: The operation couldn’t be completed. (DebuggerLLDB.DebuggerVersionStore.StoreError error 0.)
2026-06-01 04:16:42.465 xcodebuild[9969:7446268] [MT] IDELaunchParametersSnapshot: no debugger version
2026-06-01 04:16:47.544 xcodebuild[9969:7446268] [MT] IDETestOperationsObserverDebug: 16.501 elapsed -- Testing started completed.
2026-06-01 04:16:47.544 xcodebuild[9969:7446268] [MT] IDETestOperationsObserverDebug: 0.000 sec, +0.000 sec -- start
2026-06-01 04:16:47.544 xcodebuild[9969:7446268] [MT] IDETestOperationsObserverDebug: 16.501 sec, +16.501 sec -- end
