Command line invocation:
    /Applications/Xcode.app/Contents/Developer/usr/bin/xcodebuild test-without-building -project /Users/jojolim/Developer/products/speaklocal/app-family/.worktrees/city-listings-production-ready/native-ios/SpeakLocalNative.xcodeproj -scheme SpeakLocalNative -destination "platform=iOS Simulator,id=7C386DD3-4BF1-4A34-A918-768C43CD1258" -derivedDataPath /Users/jojolim/Library/Developer/XcodeBuildMCP/workspaces/orchestrator-309442864093/DerivedData/SpeakLocalNative-8f3e721625a0 "-only-testing:SpeakLocalNativeUITests/CityAppDetailV22RenderProofUITests/testCaptureCityAppDetailV22RenderProofBatch"

2026-06-01 04:46:07.633239+0700 SpeakLocalNativeUITests-Runner[44719:7571707] [Default] Running tests...
    t =      nans Interface orientation changed to Portrait
Test Suite 'Selected tests' started at 2026-06-01 04:46:08.030.
Test Suite 'SpeakLocalNativeUITests.xctest' started at 2026-06-01 04:46:08.030.
Test Suite 'CityAppDetailV22RenderProofUITests' started at 2026-06-01 04:46:08.031.
Test Case '-[SpeakLocalNativeUITests.CityAppDetailV22RenderProofUITests testCaptureCityAppDetailV22RenderProofBatch]' started.
    t =     0.00s Start Test at 2026-06-01 04:46:08.031
    t =     0.02s Set Up
    t =     0.02s Open app.speaklocal.vietnam.native
    t =     0.02s     Launch app.speaklocal.vietnam.native
objc[44719]: Class UIAccessibilityLoaderWebShared is implemented in both /Library/Developer/CoreSimulator/Volumes/iOS_23F77/Library/Developer/CoreSimulator/Profiles/Runtimes/iOS 26.5.simruntime/Contents/Resources/RuntimeRoot/System/Library/AccessibilityBundles/WebCore.axbundle/WebCore (0x10843c310) and /Library/Developer/CoreSimulator/Volumes/iOS_23F77/Library/Developer/CoreSimulator/Profiles/Runtimes/iOS 26.5.simruntime/Contents/Resources/RuntimeRoot/System/Library/AccessibilityBundles/WebKit.axbundle/WebKit (0x107cbc398). This may cause spurious casting failures and mysterious crashes. One of the duplicates must be removed or renamed.
    t =     1.90s         Setting up automation session
    t =     2.43s         Wait for app.speaklocal.vietnam.native to idle
    t =     3.90s Checking existence of `"Mè xửng ở Huế" StaticText`
    t =     4.03s Waiting 8.0s for "Mè xửng ở Huế" StaticText to exist
    t =     5.10s     Checking `Expect predicate `existsNoRetry == 1` for object "Mè xửng ở Huế" StaticText`
    t =     5.10s         Checking existence of `"Mè xửng ở Huế" StaticText`
    t =     5.26s Swipe up Target Application 'app.speaklocal.vietnam.native'
    t =     5.26s     Wait for app.speaklocal.vietnam.native to idle
    t =     5.26s     Find the Target Application 'app.speaklocal.vietnam.native'
    t =     5.27s     Check for interrupting elements affecting "SpeakLocal Vietnam" Application
    t =     5.29s     Synthesize event
    t =     5.71s     Wait for app.speaklocal.vietnam.native to idle
    t =     7.82s Swipe up Target Application 'app.speaklocal.vietnam.native'
    t =     7.82s     Wait for app.speaklocal.vietnam.native to idle
    t =     7.82s     Find the Target Application 'app.speaklocal.vietnam.native'
    t =     7.84s     Check for interrupting elements affecting "SpeakLocal Vietnam" Application
    t =     7.87s     Synthesize event
    t =     8.30s     Wait for app.speaklocal.vietnam.native to idle
    t =     9.38s Terminate app.speaklocal.vietnam.native:44804
    t =    10.47s Open app.speaklocal.vietnam.native
    t =    10.47s     Launch app.speaklocal.vietnam.native
    t =    10.69s         Setting up automation session
    t =    11.18s         Wait for app.speaklocal.vietnam.native to idle
    t =    12.65s Waiting 4.0s for TabBar (First Match) to exist
    t =    13.73s     Checking `Expect predicate `existsNoRetry == 1` for object TabBar (First Match)`
    t =    13.73s         Checking existence of `TabBar (First Match)`
    t =    13.79s Checking existence of `"PhraseArticle.BottomSentinel.viet-family-city-hue-place-me-xung" Other`
    t =    13.87s Checking existence of `"PhraseArticle.BottomSentinel.viet-phrase-city-hue-place-me-xung" Other`
    t =    13.89s Find the "PhraseArticle.BottomSentinel.viet-phrase-city-hue-place-me-xung" Other
    t =    13.91s Checking existence of `TabBar (First Match)`
    t =    13.92s Find the TabBar (First Match)
    t =    13.92s Find the Target Application 'app.speaklocal.vietnam.native'
    t =    14.02s Terminate app.speaklocal.vietnam.native:44891
    t =    15.11s Tear Down
Test Case '-[SpeakLocalNativeUITests.CityAppDetailV22RenderProofUITests testCaptureCityAppDetailV22RenderProofBatch]' passed (15.157 seconds).
Test Suite 'CityAppDetailV22RenderProofUITests' passed at 2026-06-01 04:46:23.189.
	 Executed 1 test, with 0 failures (0 unexpected) in 15.157 (15.158) seconds
Test Suite 'SpeakLocalNativeUITests.xctest' passed at 2026-06-01 04:46:23.190.
	 Executed 1 test, with 0 failures (0 unexpected) in 15.157 (15.159) seconds
Test Suite 'Selected tests' passed at 2026-06-01 04:46:23.190.
	 Executed 1 test, with 0 failures (0 unexpected) in 15.157 (15.160) seconds

Test session results, code coverage, and logs:
	/Users/jojolim/Library/Developer/XcodeBuildMCP/workspaces/orchestrator-309442864093/DerivedData/SpeakLocalNative-8f3e721625a0/Logs/Test/Test-SpeakLocalNative-2026.06.01_04-46-06-+0700.xcresult

** TEST EXECUTE SUCCEEDED **

Testing started

2026-06-01 04:46:08.092 xcodebuild[44717:7571531] [MT] IDELaunchParametersSnapshot: The operation couldn’t be completed. (DebuggerLLDB.DebuggerVersionStore.StoreError error 0.)
2026-06-01 04:46:08.092 xcodebuild[44717:7571531] [MT] IDELaunchParametersSnapshot: no debugger version
2026-06-01 04:46:18.508 xcodebuild[44717:7571531] [MT] IDELaunchParametersSnapshot: The operation couldn’t be completed. (DebuggerLLDB.DebuggerVersionStore.StoreError error 0.)
2026-06-01 04:46:18.508 xcodebuild[44717:7571531] [MT] IDELaunchParametersSnapshot: no debugger version
2026-06-01 04:46:23.499 xcodebuild[44717:7571531] [MT] IDETestOperationsObserverDebug: 16.665 elapsed -- Testing started completed.
2026-06-01 04:46:23.499 xcodebuild[44717:7571531] [MT] IDETestOperationsObserverDebug: 0.000 sec, +0.000 sec -- start
2026-06-01 04:46:23.499 xcodebuild[44717:7571531] [MT] IDETestOperationsObserverDebug: 16.665 sec, +16.665 sec -- end
