Command line invocation:
    /Applications/Xcode.app/Contents/Developer/usr/bin/xcodebuild test-without-building -project /Users/jojolim/Developer/products/speaklocal/app-family/.worktrees/city-listings-production-ready/native-ios/SpeakLocalNative.xcodeproj -scheme SpeakLocalNative -destination "platform=iOS Simulator,id=7C386DD3-4BF1-4A34-A918-768C43CD1258" -derivedDataPath /Users/jojolim/Library/Developer/XcodeBuildMCP/workspaces/orchestrator-309442864093/DerivedData/SpeakLocalNative-8f3e721625a0 "-only-testing:SpeakLocalNativeUITests/CityAppDetailV22RenderProofUITests/testCaptureCityAppDetailV22RenderProofBatch"

2026-06-01 02:46:33.059167+0700 SpeakLocalNativeUITests-Runner[6567:7094270] [Default] Running tests...
    t =      nans Interface orientation changed to Portrait
Test Suite 'Selected tests' started at 2026-06-01 02:46:33.708.
Test Suite 'SpeakLocalNativeUITests.xctest' started at 2026-06-01 02:46:33.708.
Test Suite 'CityAppDetailV22RenderProofUITests' started at 2026-06-01 02:46:33.708.
Test Case '-[SpeakLocalNativeUITests.CityAppDetailV22RenderProofUITests testCaptureCityAppDetailV22RenderProofBatch]' started.
    t =     0.00s Start Test at 2026-06-01 02:46:33.709
    t =     0.02s Set Up
    t =     0.03s Open app.speaklocal.vietnam.native
    t =     0.03s     Launch app.speaklocal.vietnam.native
objc[6567]: Class UIAccessibilityLoaderWebShared is implemented in both /Library/Developer/CoreSimulator/Volumes/iOS_23F77/Library/Developer/CoreSimulator/Profiles/Runtimes/iOS 26.5.simruntime/Contents/Resources/RuntimeRoot/System/Library/AccessibilityBundles/WebCore.axbundle/WebCore (0x109204310) and /Library/Developer/CoreSimulator/Volumes/iOS_23F77/Library/Developer/CoreSimulator/Profiles/Runtimes/iOS 26.5.simruntime/Contents/Resources/RuntimeRoot/System/Library/AccessibilityBundles/WebKit.axbundle/WebKit (0x10865c398). This may cause spurious casting failures and mysterious crashes. One of the duplicates must be removed or renamed.
    t =     2.95s         Setting up automation session
    t =     3.83s         Wait for app.speaklocal.vietnam.native to idle
    t =     5.76s Checking existence of `"Hải sản Bé Mặn" StaticText`
    t =     6.06s Waiting 8.0s for "Hải sản Bé Mặn" StaticText to exist
    t =     7.14s     Checking `Expect predicate `existsNoRetry == 1` for object "Hải sản Bé Mặn" StaticText`
    t =     7.14s         Checking existence of `"Hải sản Bé Mặn" StaticText`
    t =     7.29s Swipe up Target Application 'app.speaklocal.vietnam.native'
    t =     7.29s     Wait for app.speaklocal.vietnam.native to idle
    t =     7.29s     Find the Target Application 'app.speaklocal.vietnam.native'
    t =     7.31s     Check for interrupting elements affecting "SpeakLocal Vietnam" Application
    t =     7.33s     Synthesize event
    t =     7.75s     Wait for app.speaklocal.vietnam.native to idle
    t =     9.86s Swipe up Target Application 'app.speaklocal.vietnam.native'
    t =     9.86s     Wait for app.speaklocal.vietnam.native to idle
    t =     9.87s     Find the Target Application 'app.speaklocal.vietnam.native'
    t =     9.91s     Check for interrupting elements affecting "SpeakLocal Vietnam" Application
    t =     9.95s     Synthesize event
    t =    10.38s     Wait for app.speaklocal.vietnam.native to idle
    t =    11.37s Terminate app.speaklocal.vietnam.native:6656
    t =    12.47s Open app.speaklocal.vietnam.native
    t =    12.47s     Launch app.speaklocal.vietnam.native
    t =    12.69s         Setting up automation session
    t =    13.47s         Wait for app.speaklocal.vietnam.native to idle
    t =    15.58s Waiting 4.0s for TabBar (First Match) to exist
    t =    16.65s     Checking `Expect predicate `existsNoRetry == 1` for object TabBar (First Match)`
    t =    16.65s         Checking existence of `TabBar (First Match)`
    t =    16.70s Checking existence of `"PhraseArticle.BottomSentinel.viet-family-city-danang-place-be-man" Other`
    t =    16.84s Checking existence of `"PhraseArticle.BottomSentinel.viet-phrase-city-danang-place-be-man" Other`
    t =    16.87s Find the "PhraseArticle.BottomSentinel.viet-phrase-city-danang-place-be-man" Other
    t =    16.90s Checking existence of `TabBar (First Match)`
    t =    16.91s Find the TabBar (First Match)
    t =    16.92s Find the Target Application 'app.speaklocal.vietnam.native'
    t =    17.04s Terminate app.speaklocal.vietnam.native:6748
    t =    18.13s Tear Down
Test Case '-[SpeakLocalNativeUITests.CityAppDetailV22RenderProofUITests testCaptureCityAppDetailV22RenderProofBatch]' passed (18.204 seconds).
Test Suite 'CityAppDetailV22RenderProofUITests' passed at 2026-06-01 02:46:51.914.
	 Executed 1 test, with 0 failures (0 unexpected) in 18.204 (18.205) seconds
Test Suite 'SpeakLocalNativeUITests.xctest' passed at 2026-06-01 02:46:51.914.
	 Executed 1 test, with 0 failures (0 unexpected) in 18.204 (18.206) seconds
Test Suite 'Selected tests' passed at 2026-06-01 02:46:51.914.
	 Executed 1 test, with 0 failures (0 unexpected) in 18.204 (18.207) seconds

Test session results, code coverage, and logs:
	/Users/jojolim/Library/Developer/XcodeBuildMCP/workspaces/orchestrator-309442864093/DerivedData/SpeakLocalNative-8f3e721625a0/Logs/Test/Test-SpeakLocalNative-2026.06.01_02-46-31-+0700.xcresult

** TEST EXECUTE SUCCEEDED **

Testing started

2026-06-01 02:46:33.779 xcodebuild[6563:7094071] [MT] IDELaunchParametersSnapshot: The operation couldn’t be completed. (DebuggerLLDB.DebuggerVersionStore.StoreError error 0.)
2026-06-01 02:46:33.779 xcodebuild[6563:7094071] [MT] IDELaunchParametersSnapshot: no debugger version
2026-06-01 02:46:46.185 xcodebuild[6563:7094071] [MT] IDELaunchParametersSnapshot: The operation couldn’t be completed. (DebuggerLLDB.DebuggerVersionStore.StoreError error 0.)
2026-06-01 02:46:46.185 xcodebuild[6563:7094071] [MT] IDELaunchParametersSnapshot: no debugger version
2026-06-01 02:46:52.211 xcodebuild[6563:7094071] [MT] IDETestOperationsObserverDebug: 20.584 elapsed -- Testing started completed.
2026-06-01 02:46:52.211 xcodebuild[6563:7094071] [MT] IDETestOperationsObserverDebug: 0.000 sec, +0.000 sec -- start
2026-06-01 02:46:52.211 xcodebuild[6563:7094071] [MT] IDETestOperationsObserverDebug: 20.584 sec, +20.584 sec -- end
