Command line invocation:
    /Applications/Xcode.app/Contents/Developer/usr/bin/xcodebuild test-without-building -project /Users/jojolim/Developer/products/speaklocal/app-family/.worktrees/city-listings-production-ready/native-ios/SpeakLocalNative.xcodeproj -scheme SpeakLocalNative -destination "platform=iOS Simulator,id=7C386DD3-4BF1-4A34-A918-768C43CD1258" -derivedDataPath /Users/jojolim/Library/Developer/XcodeBuildMCP/workspaces/orchestrator-309442864093/DerivedData/SpeakLocalNative-8f3e721625a0 "-only-testing:SpeakLocalNativeUITests/CityAppDetailV22RenderProofUITests/testCaptureCityAppDetailV22RenderProofBatch"

2026-06-02 11:44:41.708577+0700 SpeakLocalNativeUITests-Runner[80665:11502318] [Default] Running tests...
    t =      nans Interface orientation changed to Portrait
Test Suite 'Selected tests' started at 2026-06-02 11:44:42.092.
Test Suite 'SpeakLocalNativeUITests.xctest' started at 2026-06-02 11:44:42.092.
Test Suite 'CityAppDetailV22RenderProofUITests' started at 2026-06-02 11:44:42.092.
Test Case '-[SpeakLocalNativeUITests.CityAppDetailV22RenderProofUITests testCaptureCityAppDetailV22RenderProofBatch]' started.
    t =     0.00s Start Test at 2026-06-02 11:44:42.093
    t =     0.02s Set Up
    t =     0.02s Open app.speaklocal.vietnam.native
    t =     0.02s     Launch app.speaklocal.vietnam.native
objc[80665]: Class UIAccessibilityLoaderWebShared is implemented in both /Library/Developer/CoreSimulator/Volumes/iOS_23F77/Library/Developer/CoreSimulator/Profiles/Runtimes/iOS 26.5.simruntime/Contents/Resources/RuntimeRoot/System/Library/AccessibilityBundles/WebCore.axbundle/WebCore (0x106bdc310) and /Library/Developer/CoreSimulator/Volumes/iOS_23F77/Library/Developer/CoreSimulator/Profiles/Runtimes/iOS 26.5.simruntime/Contents/Resources/RuntimeRoot/System/Library/AccessibilityBundles/WebKit.axbundle/WebKit (0x10642c398). This may cause spurious casting failures and mysterious crashes. One of the duplicates must be removed or renamed.
    t =     2.12s         Setting up automation session
    t =     2.62s         Wait for app.speaklocal.vietnam.native to idle
    t =     4.16s Checking existence of `"Hồ Bảy Mẫu" StaticText`
    t =     4.27s Waiting 8.0s for "Hồ Bảy Mẫu" StaticText to exist
    t =     5.33s     Checking `Expect predicate `existsNoRetry == 1` for object "Hồ Bảy Mẫu" StaticText`
    t =     5.34s         Checking existence of `"Hồ Bảy Mẫu" StaticText`
    t =     5.52s Swipe up Target Application 'app.speaklocal.vietnam.native'
    t =     5.52s     Wait for app.speaklocal.vietnam.native to idle
    t =     5.52s     Find the Target Application 'app.speaklocal.vietnam.native'
    t =     5.53s     Check for interrupting elements affecting "SpeakLocal Vietnam" Application
    t =     5.55s     Synthesize event
    t =     5.97s     Wait for app.speaklocal.vietnam.native to idle
    t =     8.07s Swipe up Target Application 'app.speaklocal.vietnam.native'
    t =     8.07s     Wait for app.speaklocal.vietnam.native to idle
    t =     8.14s     Find the Target Application 'app.speaklocal.vietnam.native'
    t =     8.17s     Check for interrupting elements affecting "SpeakLocal Vietnam" Application
    t =     8.19s     Synthesize event
    t =     8.62s     Wait for app.speaklocal.vietnam.native to idle
    t =     9.30s Terminate app.speaklocal.vietnam.native:80676
    t =    10.39s Open app.speaklocal.vietnam.native
    t =    10.40s     Launch app.speaklocal.vietnam.native
    t =    10.61s         Setting up automation session
    t =    11.12s         Wait for app.speaklocal.vietnam.native to idle
    t =    12.64s Waiting 4.0s for TabBar (First Match) to exist
    t =    13.71s     Checking `Expect predicate `existsNoRetry == 1` for object TabBar (First Match)`
    t =    13.71s         Checking existence of `TabBar (First Match)`
    t =    13.77s Checking existence of `"PhraseArticle.BottomSentinel.viet-family-city-hanoi-place-bay-mau-lake" Other`
    t =    13.85s Checking existence of `"PhraseArticle.BottomSentinel.viet-phrase-city-hanoi-place-bay-mau-lake" Other`
    t =    13.87s Find the "PhraseArticle.BottomSentinel.viet-phrase-city-hanoi-place-bay-mau-lake" Other
    t =    13.89s Checking existence of `TabBar (First Match)`
    t =    13.90s Find the TabBar (First Match)
    t =    13.90s Find the Target Application 'app.speaklocal.vietnam.native'
    t =    14.00s Terminate app.speaklocal.vietnam.native:80711
    t =    15.09s Tear Down
Test Case '-[SpeakLocalNativeUITests.CityAppDetailV22RenderProofUITests testCaptureCityAppDetailV22RenderProofBatch]' passed (15.155 seconds).
Test Suite 'CityAppDetailV22RenderProofUITests' passed at 2026-06-02 11:44:57.248.
	 Executed 1 test, with 0 failures (0 unexpected) in 15.155 (15.156) seconds
Test Suite 'SpeakLocalNativeUITests.xctest' passed at 2026-06-02 11:44:57.249.
	 Executed 1 test, with 0 failures (0 unexpected) in 15.155 (15.157) seconds
Test Suite 'Selected tests' passed at 2026-06-02 11:44:57.250.
	 Executed 1 test, with 0 failures (0 unexpected) in 15.155 (15.158) seconds

Test session results, code coverage, and logs:
	/Users/jojolim/Library/Developer/XcodeBuildMCP/workspaces/orchestrator-309442864093/DerivedData/SpeakLocalNative-8f3e721625a0/Logs/Test/Test-SpeakLocalNative-2026.06.02_11-44-40-+0700.xcresult

** TEST EXECUTE SUCCEEDED **

Testing started

2026-06-02 11:44:42.159 xcodebuild[80650:11502121] [MT] IDELaunchParametersSnapshot: The operation couldn’t be completed. (DebuggerLLDB.DebuggerVersionStore.StoreError error 0.)
2026-06-02 11:44:42.159 xcodebuild[80650:11502121] [MT] IDELaunchParametersSnapshot: no debugger version
2026-06-02 11:44:52.490 xcodebuild[80650:11502121] [MT] IDELaunchParametersSnapshot: The operation couldn’t be completed. (DebuggerLLDB.DebuggerVersionStore.StoreError error 0.)
2026-06-02 11:44:52.490 xcodebuild[80650:11502121] [MT] IDELaunchParametersSnapshot: no debugger version
2026-06-02 11:44:57.563 xcodebuild[80650:11502121] [MT] IDETestOperationsObserverDebug: 16.689 elapsed -- Testing started completed.
2026-06-02 11:44:57.563 xcodebuild[80650:11502121] [MT] IDETestOperationsObserverDebug: 0.000 sec, +0.000 sec -- start
2026-06-02 11:44:57.563 xcodebuild[80650:11502121] [MT] IDETestOperationsObserverDebug: 16.689 sec, +16.689 sec -- end
