Command line invocation:
    /Applications/Xcode.app/Contents/Developer/usr/bin/xcodebuild test-without-building -project /Users/jojolim/Developer/products/speaklocal/app-family/.worktrees/city-listings-production-ready/native-ios/SpeakLocalNative.xcodeproj -scheme SpeakLocalNative -destination "platform=iOS Simulator,id=7C386DD3-4BF1-4A34-A918-768C43CD1258" -derivedDataPath /Users/jojolim/Library/Developer/XcodeBuildMCP/workspaces/orchestrator-309442864093/DerivedData/SpeakLocalNative-8f3e721625a0 "-only-testing:SpeakLocalNativeUITests/CityAppDetailV22RenderProofUITests/testCaptureCityAppDetailV22RenderProofBatch"

2026-06-01 09:12:24.195209+0700 SpeakLocalNativeUITests-Runner[65869:8654004] [Default] Running tests...
    t =      nans Interface orientation changed to Portrait
Test Suite 'Selected tests' started at 2026-06-01 09:12:24.560.
Test Suite 'SpeakLocalNativeUITests.xctest' started at 2026-06-01 09:12:24.560.
Test Suite 'CityAppDetailV22RenderProofUITests' started at 2026-06-01 09:12:24.560.
Test Case '-[SpeakLocalNativeUITests.CityAppDetailV22RenderProofUITests testCaptureCityAppDetailV22RenderProofBatch]' started.
    t =     0.00s Start Test at 2026-06-01 09:12:24.561
    t =     0.02s Set Up
    t =     0.02s Open app.speaklocal.vietnam.native
    t =     0.02s     Launch app.speaklocal.vietnam.native
objc[65869]: Class UIAccessibilityLoaderWebShared is implemented in both /Library/Developer/CoreSimulator/Volumes/iOS_23F77/Library/Developer/CoreSimulator/Profiles/Runtimes/iOS 26.5.simruntime/Contents/Resources/RuntimeRoot/System/Library/AccessibilityBundles/WebCore.axbundle/WebCore (0x106edc310) and /Library/Developer/CoreSimulator/Volumes/iOS_23F77/Library/Developer/CoreSimulator/Profiles/Runtimes/iOS 26.5.simruntime/Contents/Resources/RuntimeRoot/System/Library/AccessibilityBundles/WebKit.axbundle/WebKit (0x106760398). This may cause spurious casting failures and mysterious crashes. One of the duplicates must be removed or renamed.
    t =     1.88s         Setting up automation session
    t =     2.32s         Wait for app.speaklocal.vietnam.native to idle
    t =     3.77s Checking existence of `"Rú Chá" StaticText`
    t =     3.92s Waiting 8.0s for "Rú Chá" StaticText to exist
    t =     4.96s     Checking `Expect predicate `existsNoRetry == 1` for object "Rú Chá" StaticText`
    t =     4.96s         Checking existence of `"Rú Chá" StaticText`
    t =     5.11s Swipe up Target Application 'app.speaklocal.vietnam.native'
    t =     5.11s     Wait for app.speaklocal.vietnam.native to idle
    t =     5.11s     Find the Target Application 'app.speaklocal.vietnam.native'
    t =     5.13s     Check for interrupting elements affecting "SpeakLocal Vietnam" Application
    t =     5.14s     Synthesize event
    t =     5.56s     Wait for app.speaklocal.vietnam.native to idle
    t =     7.70s Swipe up Target Application 'app.speaklocal.vietnam.native'
    t =     7.70s     Wait for app.speaklocal.vietnam.native to idle
    t =     7.70s     Find the Target Application 'app.speaklocal.vietnam.native'
    t =     7.72s     Check for interrupting elements affecting "SpeakLocal Vietnam" Application
    t =     7.74s     Synthesize event
    t =     8.17s     Wait for app.speaklocal.vietnam.native to idle
    t =     8.84s Terminate app.speaklocal.vietnam.native:65877
    t =     9.92s Open app.speaklocal.vietnam.native
    t =     9.92s     Launch app.speaklocal.vietnam.native
    t =    10.13s         Setting up automation session
    t =    10.61s         Wait for app.speaklocal.vietnam.native to idle
    t =    12.08s Waiting 4.0s for TabBar (First Match) to exist
    t =    13.14s     Checking `Expect predicate `existsNoRetry == 1` for object TabBar (First Match)`
    t =    13.14s         Checking existence of `TabBar (First Match)`
    t =    13.19s Checking existence of `"PhraseArticle.BottomSentinel.viet-family-city-hue-place-ru-cha-mangrove" Other`
    t =    13.27s Checking existence of `"PhraseArticle.BottomSentinel.viet-phrase-city-hue-place-ru-cha-mangrove" Other`
    t =    13.29s Find the "PhraseArticle.BottomSentinel.viet-phrase-city-hue-place-ru-cha-mangrove" Other
    t =    13.31s Checking existence of `TabBar (First Match)`
    t =    13.32s Find the TabBar (First Match)
    t =    13.33s Find the Target Application 'app.speaklocal.vietnam.native'
    t =    13.42s Terminate app.speaklocal.vietnam.native:65895
    t =    14.50s Tear Down
Test Case '-[SpeakLocalNativeUITests.CityAppDetailV22RenderProofUITests testCaptureCityAppDetailV22RenderProofBatch]' passed (14.550 seconds).
Test Suite 'CityAppDetailV22RenderProofUITests' passed at 2026-06-01 09:12:39.111.
	 Executed 1 test, with 0 failures (0 unexpected) in 14.550 (14.551) seconds
Test Suite 'SpeakLocalNativeUITests.xctest' passed at 2026-06-01 09:12:39.112.
	 Executed 1 test, with 0 failures (0 unexpected) in 14.550 (14.552) seconds
Test Suite 'Selected tests' passed at 2026-06-01 09:12:39.113.
	 Executed 1 test, with 0 failures (0 unexpected) in 14.550 (14.553) seconds

Test session results, code coverage, and logs:
	/Users/jojolim/Library/Developer/XcodeBuildMCP/workspaces/orchestrator-309442864093/DerivedData/SpeakLocalNative-8f3e721625a0/Logs/Test/Test-SpeakLocalNative-2026.06.01_09-12-23-+0700.xcresult

** TEST EXECUTE SUCCEEDED **

Testing started

2026-06-01 09:12:24.620 xcodebuild[65862:8653815] [MT] IDELaunchParametersSnapshot: The operation couldn’t be completed. (DebuggerLLDB.DebuggerVersionStore.StoreError error 0.)
2026-06-01 09:12:24.620 xcodebuild[65862:8653815] [MT] IDELaunchParametersSnapshot: no debugger version
2026-06-01 09:12:34.483 xcodebuild[65862:8653815] [MT] IDELaunchParametersSnapshot: The operation couldn’t be completed. (DebuggerLLDB.DebuggerVersionStore.StoreError error 0.)
2026-06-01 09:12:34.484 xcodebuild[65862:8653815] [MT] IDELaunchParametersSnapshot: no debugger version
2026-06-01 09:12:39.416 xcodebuild[65862:8653815] [MT] IDETestOperationsObserverDebug: 16.030 elapsed -- Testing started completed.
2026-06-01 09:12:39.416 xcodebuild[65862:8653815] [MT] IDETestOperationsObserverDebug: 0.000 sec, +0.000 sec -- start
2026-06-01 09:12:39.416 xcodebuild[65862:8653815] [MT] IDETestOperationsObserverDebug: 16.030 sec, +16.030 sec -- end
