Command line invocation:
    /Applications/Xcode.app/Contents/Developer/usr/bin/xcodebuild test-without-building -project /Users/jojolim/Developer/products/speaklocal/app-family/.worktrees/city-listings-production-ready/native-ios/SpeakLocalNative.xcodeproj -scheme SpeakLocalNative -destination "platform=iOS Simulator,id=7C386DD3-4BF1-4A34-A918-768C43CD1258" -derivedDataPath /Users/jojolim/Library/Developer/XcodeBuildMCP/workspaces/orchestrator-309442864093/DerivedData/SpeakLocalNative-8f3e721625a0 "-only-testing:SpeakLocalNativeUITests/CityAppDetailV22RenderProofUITests/testCaptureCityAppDetailV22RenderProofBatch"

2026-06-01 08:30:12.549310+0700 SpeakLocalNativeUITests-Runner[35281:8521937] [Default] Running tests...
    t =      nans Interface orientation changed to Portrait
Test Suite 'Selected tests' started at 2026-06-01 08:30:12.918.
Test Suite 'SpeakLocalNativeUITests.xctest' started at 2026-06-01 08:30:12.918.
Test Suite 'CityAppDetailV22RenderProofUITests' started at 2026-06-01 08:30:12.919.
Test Case '-[SpeakLocalNativeUITests.CityAppDetailV22RenderProofUITests testCaptureCityAppDetailV22RenderProofBatch]' started.
    t =     0.00s Start Test at 2026-06-01 08:30:12.919
    t =     0.02s Set Up
    t =     0.02s Open app.speaklocal.vietnam.native
    t =     0.02s     Launch app.speaklocal.vietnam.native
objc[35281]: Class UIAccessibilityLoaderWebShared is implemented in both /Library/Developer/CoreSimulator/Volumes/iOS_23F77/Library/Developer/CoreSimulator/Profiles/Runtimes/iOS 26.5.simruntime/Contents/Resources/RuntimeRoot/System/Library/AccessibilityBundles/WebCore.axbundle/WebCore (0x1069c4310) and /Library/Developer/CoreSimulator/Volumes/iOS_23F77/Library/Developer/CoreSimulator/Profiles/Runtimes/iOS 26.5.simruntime/Contents/Resources/RuntimeRoot/System/Library/AccessibilityBundles/WebKit.axbundle/WebKit (0x105e38398). This may cause spurious casting failures and mysterious crashes. One of the duplicates must be removed or renamed.
    t =     1.89s         Setting up automation session
    t =     2.26s         Wait for app.speaklocal.vietnam.native to idle
    t =     3.75s Checking existence of `"Chợ đêm Hội An" StaticText`
    t =     3.91s Waiting 8.0s for "Chợ đêm Hội An" StaticText to exist
    t =     4.96s     Checking `Expect predicate `existsNoRetry == 1` for object "Chợ đêm Hội An" StaticText`
    t =     4.96s         Checking existence of `"Chợ đêm Hội An" StaticText`
    t =     5.13s Swipe up Target Application 'app.speaklocal.vietnam.native'
    t =     5.13s     Wait for app.speaklocal.vietnam.native to idle
    t =     5.14s     Find the Target Application 'app.speaklocal.vietnam.native'
    t =     5.15s     Check for interrupting elements affecting "SpeakLocal Vietnam" Application
    t =     5.17s     Synthesize event
    t =     5.71s     Wait for app.speaklocal.vietnam.native to idle
    t =     7.84s Swipe up Target Application 'app.speaklocal.vietnam.native'
    t =     7.84s     Wait for app.speaklocal.vietnam.native to idle
    t =     7.84s     Find the Target Application 'app.speaklocal.vietnam.native'
    t =     7.86s     Check for interrupting elements affecting "SpeakLocal Vietnam" Application
    t =     7.88s     Synthesize event
    t =     8.30s     Wait for app.speaklocal.vietnam.native to idle
    t =     9.23s Terminate app.speaklocal.vietnam.native:35287
    t =    10.28s Open app.speaklocal.vietnam.native
    t =    10.29s     Launch app.speaklocal.vietnam.native
    t =    10.50s         Setting up automation session
    t =    10.98s         Wait for app.speaklocal.vietnam.native to idle
    t =    12.45s Waiting 4.0s for TabBar (First Match) to exist
    t =    13.50s     Checking `Expect predicate `existsNoRetry == 1` for object TabBar (First Match)`
    t =    13.50s         Checking existence of `TabBar (First Match)`
    t =    13.56s Checking existence of `"PhraseArticle.BottomSentinel.viet-family-city-hoian-place-night-market" Other`
    t =    13.64s Checking existence of `"PhraseArticle.BottomSentinel.viet-phrase-city-hoian-place-night-market" Other`
    t =    13.66s Find the "PhraseArticle.BottomSentinel.viet-phrase-city-hoian-place-night-market" Other
    t =    13.68s Checking existence of `TabBar (First Match)`
    t =    13.69s Find the TabBar (First Match)
    t =    13.70s Find the Target Application 'app.speaklocal.vietnam.native'
    t =    13.79s Terminate app.speaklocal.vietnam.native:35308
    t =    14.87s Tear Down
Test Case '-[SpeakLocalNativeUITests.CityAppDetailV22RenderProofUITests testCaptureCityAppDetailV22RenderProofBatch]' passed (14.936 seconds).
Test Suite 'CityAppDetailV22RenderProofUITests' passed at 2026-06-01 08:30:27.856.
	 Executed 1 test, with 0 failures (0 unexpected) in 14.936 (14.937) seconds
Test Suite 'SpeakLocalNativeUITests.xctest' passed at 2026-06-01 08:30:27.856.
	 Executed 1 test, with 0 failures (0 unexpected) in 14.936 (14.938) seconds
Test Suite 'Selected tests' passed at 2026-06-01 08:30:27.857.
	 Executed 1 test, with 0 failures (0 unexpected) in 14.936 (14.938) seconds

Test session results, code coverage, and logs:
	/Users/jojolim/Library/Developer/XcodeBuildMCP/workspaces/orchestrator-309442864093/DerivedData/SpeakLocalNative-8f3e721625a0/Logs/Test/Test-SpeakLocalNative-2026.06.01_08-30-11-+0700.xcresult

** TEST EXECUTE SUCCEEDED **

Testing started

2026-06-01 08:30:12.977 xcodebuild[35279:8521777] [MT] IDELaunchParametersSnapshot: The operation couldn’t be completed. (DebuggerLLDB.DebuggerVersionStore.StoreError error 0.)
2026-06-01 08:30:12.977 xcodebuild[35279:8521777] [MT] IDELaunchParametersSnapshot: no debugger version
2026-06-01 08:30:23.207 xcodebuild[35279:8521777] [MT] IDELaunchParametersSnapshot: The operation couldn’t be completed. (DebuggerLLDB.DebuggerVersionStore.StoreError error 0.)
2026-06-01 08:30:23.207 xcodebuild[35279:8521777] [MT] IDELaunchParametersSnapshot: no debugger version
2026-06-01 08:30:28.162 xcodebuild[35279:8521777] [MT] IDETestOperationsObserverDebug: 16.413 elapsed -- Testing started completed.
2026-06-01 08:30:28.162 xcodebuild[35279:8521777] [MT] IDETestOperationsObserverDebug: 0.000 sec, +0.000 sec -- start
2026-06-01 08:30:28.162 xcodebuild[35279:8521777] [MT] IDETestOperationsObserverDebug: 16.413 sec, +16.413 sec -- end
