Command line invocation:
    /Applications/Xcode.app/Contents/Developer/usr/bin/xcodebuild test-without-building -project /Users/jojolim/Developer/products/speaklocal/app-family/.worktrees/city-listings-production-ready/native-ios/SpeakLocalNative.xcodeproj -scheme SpeakLocalNative -destination "platform=iOS Simulator,id=7C386DD3-4BF1-4A34-A918-768C43CD1258" -derivedDataPath /Users/jojolim/Library/Developer/XcodeBuildMCP/workspaces/orchestrator-309442864093/DerivedData/SpeakLocalNative-8f3e721625a0 "-only-testing:SpeakLocalNativeUITests/CityAppDetailV22RenderProofUITests/testCaptureCityAppDetailV22RenderProofBatch"

2026-06-01 09:12:07.098442+0700 SpeakLocalNativeUITests-Runner[65770:8652913] [Default] Running tests...
    t =      nans Interface orientation changed to Portrait
Test Suite 'Selected tests' started at 2026-06-01 09:12:07.468.
Test Suite 'SpeakLocalNativeUITests.xctest' started at 2026-06-01 09:12:07.469.
Test Suite 'CityAppDetailV22RenderProofUITests' started at 2026-06-01 09:12:07.469.
Test Case '-[SpeakLocalNativeUITests.CityAppDetailV22RenderProofUITests testCaptureCityAppDetailV22RenderProofBatch]' started.
    t =     0.00s Start Test at 2026-06-01 09:12:07.469
    t =     0.02s Set Up
    t =     0.02s Open app.speaklocal.vietnam.native
    t =     0.02s     Launch app.speaklocal.vietnam.native
objc[65770]: Class UIAccessibilityLoaderWebShared is implemented in both /Library/Developer/CoreSimulator/Volumes/iOS_23F77/Library/Developer/CoreSimulator/Profiles/Runtimes/iOS 26.5.simruntime/Contents/Resources/RuntimeRoot/System/Library/AccessibilityBundles/WebCore.axbundle/WebCore (0x10aa34310) and /Library/Developer/CoreSimulator/Volumes/iOS_23F77/Library/Developer/CoreSimulator/Profiles/Runtimes/iOS 26.5.simruntime/Contents/Resources/RuntimeRoot/System/Library/AccessibilityBundles/WebKit.axbundle/WebKit (0x10a310398). This may cause spurious casting failures and mysterious crashes. One of the duplicates must be removed or renamed.
    t =     2.11s         Setting up automation session
    t =     2.51s         Wait for app.speaklocal.vietnam.native to idle
    t =     4.00s Checking existence of `"Biểu diễn nhã nhạc cung đình" StaticText`
    t =     4.13s Waiting 8.0s for "Biểu diễn nhã nhạc cung đình" StaticText to exist
    t =     5.17s     Checking `Expect predicate `existsNoRetry == 1` for object "Biểu diễn nhã nhạc cung đình" StaticText`
    t =     5.17s         Checking existence of `"Biểu diễn nhã nhạc cung đình" StaticText`
    t =     5.32s Swipe up Target Application 'app.speaklocal.vietnam.native'
    t =     5.32s     Wait for app.speaklocal.vietnam.native to idle
    t =     5.32s     Find the Target Application 'app.speaklocal.vietnam.native'
    t =     5.34s     Check for interrupting elements affecting "SpeakLocal Vietnam" Application
    t =     5.35s     Synthesize event
    t =     5.78s     Wait for app.speaklocal.vietnam.native to idle
    t =     7.96s Swipe up Target Application 'app.speaklocal.vietnam.native'
    t =     7.96s     Wait for app.speaklocal.vietnam.native to idle
    t =     7.96s     Find the Target Application 'app.speaklocal.vietnam.native'
    t =     7.99s     Check for interrupting elements affecting "SpeakLocal Vietnam" Application
    t =     8.01s     Synthesize event
    t =     8.44s     Wait for app.speaklocal.vietnam.native to idle
    t =     9.20s Terminate app.speaklocal.vietnam.native:65780
    t =    10.24s Open app.speaklocal.vietnam.native
    t =    10.24s     Launch app.speaklocal.vietnam.native
    t =    10.46s         Setting up automation session
    t =    10.94s         Wait for app.speaklocal.vietnam.native to idle
    t =    12.44s Waiting 4.0s for TabBar (First Match) to exist
    t =    13.49s     Checking `Expect predicate `existsNoRetry == 1` for object TabBar (First Match)`
    t =    13.49s         Checking existence of `TabBar (First Match)`
    t =    13.55s Checking existence of `"PhraseArticle.BottomSentinel.viet-family-city-hue-place-royal-court-music-show" Other`
    t =    13.62s Checking existence of `"PhraseArticle.BottomSentinel.viet-phrase-city-hue-place-royal-court-music-show" Other`
    t =    13.64s Find the "PhraseArticle.BottomSentinel.viet-phrase-city-hue-place-royal-court-music-show" Other
    t =    13.67s Checking existence of `TabBar (First Match)`
    t =    13.67s Find the TabBar (First Match)
    t =    13.68s Find the Target Application 'app.speaklocal.vietnam.native'
    t =    13.77s Terminate app.speaklocal.vietnam.native:65818
    t =    14.82s Tear Down
Test Case '-[SpeakLocalNativeUITests.CityAppDetailV22RenderProofUITests testCaptureCityAppDetailV22RenderProofBatch]' passed (14.900 seconds).
Test Suite 'CityAppDetailV22RenderProofUITests' passed at 2026-06-01 09:12:22.370.
	 Executed 1 test, with 0 failures (0 unexpected) in 14.900 (14.901) seconds
Test Suite 'SpeakLocalNativeUITests.xctest' passed at 2026-06-01 09:12:22.371.
	 Executed 1 test, with 0 failures (0 unexpected) in 14.900 (14.902) seconds
Test Suite 'Selected tests' passed at 2026-06-01 09:12:22.372.
	 Executed 1 test, with 0 failures (0 unexpected) in 14.900 (14.903) seconds

Test session results, code coverage, and logs:
	/Users/jojolim/Library/Developer/XcodeBuildMCP/workspaces/orchestrator-309442864093/DerivedData/SpeakLocalNative-8f3e721625a0/Logs/Test/Test-SpeakLocalNative-2026.06.01_09-12-06-+0700.xcresult

** TEST EXECUTE SUCCEEDED **

Testing started

2026-06-01 09:12:07.535 xcodebuild[65767:8652734] [MT] IDELaunchParametersSnapshot: The operation couldn’t be completed. (DebuggerLLDB.DebuggerVersionStore.StoreError error 0.)
2026-06-01 09:12:07.535 xcodebuild[65767:8652734] [MT] IDELaunchParametersSnapshot: no debugger version
2026-06-01 09:12:17.710 xcodebuild[65767:8652734] [MT] IDELaunchParametersSnapshot: The operation couldn’t be completed. (DebuggerLLDB.DebuggerVersionStore.StoreError error 0.)
2026-06-01 09:12:17.710 xcodebuild[65767:8652734] [MT] IDELaunchParametersSnapshot: no debugger version
2026-06-01 09:12:22.679 xcodebuild[65767:8652734] [MT] IDETestOperationsObserverDebug: 16.402 elapsed -- Testing started completed.
2026-06-01 09:12:22.679 xcodebuild[65767:8652734] [MT] IDETestOperationsObserverDebug: 0.000 sec, +0.000 sec -- start
2026-06-01 09:12:22.679 xcodebuild[65767:8652734] [MT] IDETestOperationsObserverDebug: 16.402 sec, +16.402 sec -- end
