Command line invocation:
    /Applications/Xcode.app/Contents/Developer/usr/bin/xcodebuild test-without-building -project /Users/jojolim/Developer/products/speaklocal/app-family/.worktrees/city-listings-production-ready/native-ios/SpeakLocalNative.xcodeproj -scheme SpeakLocalNative -destination "platform=iOS Simulator,id=7C386DD3-4BF1-4A34-A918-768C43CD1258" -derivedDataPath /Users/jojolim/Library/Developer/XcodeBuildMCP/workspaces/orchestrator-309442864093/DerivedData/SpeakLocalNative-8f3e721625a0 "-only-testing:SpeakLocalNativeUITests/CityAppDetailV22RenderProofUITests/testCaptureCityAppDetailV22RenderProofBatch"

2026-06-01 07:59:51.230163+0700 SpeakLocalNativeUITests-Runner[5748:8404403] [Default] Running tests...
    t =      nans Interface orientation changed to Portrait
Test Suite 'Selected tests' started at 2026-06-01 07:59:51.608.
Test Suite 'SpeakLocalNativeUITests.xctest' started at 2026-06-01 07:59:51.608.
Test Suite 'CityAppDetailV22RenderProofUITests' started at 2026-06-01 07:59:51.609.
Test Case '-[SpeakLocalNativeUITests.CityAppDetailV22RenderProofUITests testCaptureCityAppDetailV22RenderProofBatch]' started.
    t =     0.00s Start Test at 2026-06-01 07:59:51.609
    t =     0.02s Set Up
    t =     0.02s Open app.speaklocal.vietnam.native
    t =     0.02s     Launch app.speaklocal.vietnam.native
objc[5748]: Class UIAccessibilityLoaderWebShared is implemented in both /Library/Developer/CoreSimulator/Volumes/iOS_23F77/Library/Developer/CoreSimulator/Profiles/Runtimes/iOS 26.5.simruntime/Contents/Resources/RuntimeRoot/System/Library/AccessibilityBundles/WebCore.axbundle/WebCore (0x10a4d0310) and /Library/Developer/CoreSimulator/Volumes/iOS_23F77/Library/Developer/CoreSimulator/Profiles/Runtimes/iOS 26.5.simruntime/Contents/Resources/RuntimeRoot/System/Library/AccessibilityBundles/WebKit.axbundle/WebKit (0x109d50398). This may cause spurious casting failures and mysterious crashes. One of the duplicates must be removed or renamed.
    t =     1.89s         Setting up automation session
    t =     2.29s         Wait for app.speaklocal.vietnam.native to idle
    t =     3.76s Checking existence of `"Công trường Lam Sơn" StaticText`
    t =     3.90s Waiting 8.0s for "Công trường Lam Sơn" StaticText to exist
    t =     4.94s     Checking `Expect predicate `existsNoRetry == 1` for object "Công trường Lam Sơn" StaticText`
    t =     4.94s         Checking existence of `"Công trường Lam Sơn" StaticText`
    t =     5.09s Swipe up Target Application 'app.speaklocal.vietnam.native'
    t =     5.09s     Wait for app.speaklocal.vietnam.native to idle
    t =     5.09s     Find the Target Application 'app.speaklocal.vietnam.native'
    t =     5.10s     Check for interrupting elements affecting "SpeakLocal Vietnam" Application
    t =     5.12s     Synthesize event
    t =     5.54s     Wait for app.speaklocal.vietnam.native to idle
    t =     7.69s Swipe up Target Application 'app.speaklocal.vietnam.native'
    t =     7.69s     Wait for app.speaklocal.vietnam.native to idle
    t =     7.69s     Find the Target Application 'app.speaklocal.vietnam.native'
    t =     7.71s     Check for interrupting elements affecting "SpeakLocal Vietnam" Application
    t =     7.73s     Synthesize event
    t =     8.17s     Wait for app.speaklocal.vietnam.native to idle
    t =     8.82s Terminate app.speaklocal.vietnam.native:5756
    t =     9.86s Open app.speaklocal.vietnam.native
    t =     9.86s     Launch app.speaklocal.vietnam.native
    t =    10.07s         Setting up automation session
    t =    10.57s         Wait for app.speaklocal.vietnam.native to idle
    t =    12.06s Waiting 4.0s for TabBar (First Match) to exist
    t =    13.12s     Checking `Expect predicate `existsNoRetry == 1` for object TabBar (First Match)`
    t =    13.13s         Checking existence of `TabBar (First Match)`
    t =    13.18s Checking existence of `"PhraseArticle.BottomSentinel.viet-family-city-hcmc-place-municipal-theatre-square" Other`
    t =    13.26s Checking existence of `"PhraseArticle.BottomSentinel.viet-phrase-city-hcmc-place-municipal-theatre-square" Other`
    t =    13.28s Find the "PhraseArticle.BottomSentinel.viet-phrase-city-hcmc-place-municipal-theatre-square" Other
    t =    13.31s Checking existence of `TabBar (First Match)`
    t =    13.31s Find the TabBar (First Match)
    t =    13.32s Find the Target Application 'app.speaklocal.vietnam.native'
    t =    13.41s Terminate app.speaklocal.vietnam.native:5775
    t =    14.49s Tear Down
Test Case '-[SpeakLocalNativeUITests.CityAppDetailV22RenderProofUITests testCaptureCityAppDetailV22RenderProofBatch]' passed (14.582 seconds).
Test Suite 'CityAppDetailV22RenderProofUITests' passed at 2026-06-01 08:00:06.192.
	 Executed 1 test, with 0 failures (0 unexpected) in 14.582 (14.583) seconds
Test Suite 'SpeakLocalNativeUITests.xctest' passed at 2026-06-01 08:00:06.193.
	 Executed 1 test, with 0 failures (0 unexpected) in 14.582 (14.584) seconds
Test Suite 'Selected tests' passed at 2026-06-01 08:00:06.194.
	 Executed 1 test, with 0 failures (0 unexpected) in 14.582 (14.585) seconds

Test session results, code coverage, and logs:
	/Users/jojolim/Library/Developer/XcodeBuildMCP/workspaces/orchestrator-309442864093/DerivedData/SpeakLocalNative-8f3e721625a0/Logs/Test/Test-SpeakLocalNative-2026.06.01_07-59-50-+0700.xcresult

** TEST EXECUTE SUCCEEDED **

Testing started

2026-06-01 07:59:51.667 xcodebuild[5746:8404223] [MT] IDELaunchParametersSnapshot: The operation couldn’t be completed. (DebuggerLLDB.DebuggerVersionStore.StoreError error 0.)
2026-06-01 07:59:51.667 xcodebuild[5746:8404223] [MT] IDELaunchParametersSnapshot: no debugger version
2026-06-01 08:00:01.468 xcodebuild[5746:8404223] [MT] IDELaunchParametersSnapshot: The operation couldn’t be completed. (DebuggerLLDB.DebuggerVersionStore.StoreError error 0.)
2026-06-01 08:00:01.468 xcodebuild[5746:8404223] [MT] IDELaunchParametersSnapshot: no debugger version
2026-06-01 08:00:06.496 xcodebuild[5746:8404223] [MT] IDETestOperationsObserverDebug: 16.060 elapsed -- Testing started completed.
2026-06-01 08:00:06.496 xcodebuild[5746:8404223] [MT] IDETestOperationsObserverDebug: 0.000 sec, +0.000 sec -- start
2026-06-01 08:00:06.496 xcodebuild[5746:8404223] [MT] IDETestOperationsObserverDebug: 16.060 sec, +16.060 sec -- end
