Command line invocation:
    /Applications/Xcode.app/Contents/Developer/usr/bin/xcodebuild test-without-building -project /Users/jojolim/Developer/products/speaklocal/app-family/.worktrees/city-listings-production-ready/native-ios/SpeakLocalNative.xcodeproj -scheme SpeakLocalNative -destination "platform=iOS Simulator,id=7C386DD3-4BF1-4A34-A918-768C43CD1258" -derivedDataPath /Users/jojolim/Library/Developer/XcodeBuildMCP/workspaces/orchestrator-309442864093/DerivedData/SpeakLocalNative-8f3e721625a0 "-only-testing:SpeakLocalNativeUITests/CityAppDetailV22RenderProofUITests/testCaptureCityAppDetailV22RenderProofBatch"

2026-06-01 04:59:12.861088+0700 SpeakLocalNativeUITests-Runner[59462:7625671] [Default] Running tests...
    t =      nans Interface orientation changed to Portrait
Test Suite 'Selected tests' started at 2026-06-01 04:59:13.261.
Test Suite 'SpeakLocalNativeUITests.xctest' started at 2026-06-01 04:59:13.261.
Test Suite 'CityAppDetailV22RenderProofUITests' started at 2026-06-01 04:59:13.261.
Test Case '-[SpeakLocalNativeUITests.CityAppDetailV22RenderProofUITests testCaptureCityAppDetailV22RenderProofBatch]' started.
    t =     0.00s Start Test at 2026-06-01 04:59:13.262
    t =     0.02s Set Up
    t =     0.02s Open app.speaklocal.vietnam.native
    t =     0.02s     Launch app.speaklocal.vietnam.native
objc[59462]: Class UIAccessibilityLoaderWebShared is implemented in both /Library/Developer/CoreSimulator/Volumes/iOS_23F77/Library/Developer/CoreSimulator/Profiles/Runtimes/iOS 26.5.simruntime/Contents/Resources/RuntimeRoot/System/Library/AccessibilityBundles/WebCore.axbundle/WebCore (0x108d64310) and /Library/Developer/CoreSimulator/Volumes/iOS_23F77/Library/Developer/CoreSimulator/Profiles/Runtimes/iOS 26.5.simruntime/Contents/Resources/RuntimeRoot/System/Library/AccessibilityBundles/WebKit.axbundle/WebKit (0x1085d0398). This may cause spurious casting failures and mysterious crashes. One of the duplicates must be removed or renamed.
    t =     1.91s         Setting up automation session
    t =     2.29s         Wait for app.speaklocal.vietnam.native to idle
    t =     3.78s Checking existence of `"Đường Chu Văn An" StaticText`
    t =     3.94s Waiting 8.0s for "Đường Chu Văn An" StaticText to exist
    t =     5.00s     Checking `Expect predicate `existsNoRetry == 1` for object "Đường Chu Văn An" StaticText`
    t =     5.00s         Checking existence of `"Đường Chu Văn An" StaticText`
    t =     5.17s Swipe up Target Application 'app.speaklocal.vietnam.native'
    t =     5.17s     Wait for app.speaklocal.vietnam.native to idle
    t =     5.17s     Find the Target Application 'app.speaklocal.vietnam.native'
    t =     5.18s     Check for interrupting elements affecting "SpeakLocal Vietnam" Application
    t =     5.20s     Synthesize event
    t =     5.62s     Wait for app.speaklocal.vietnam.native to idle
    t =     7.72s Swipe up Target Application 'app.speaklocal.vietnam.native'
    t =     7.72s     Wait for app.speaklocal.vietnam.native to idle
    t =     7.72s     Find the Target Application 'app.speaklocal.vietnam.native'
    t =     7.75s     Check for interrupting elements affecting "SpeakLocal Vietnam" Application
    t =     7.77s     Synthesize event
    t =     8.19s     Wait for app.speaklocal.vietnam.native to idle
    t =     8.91s Terminate app.speaklocal.vietnam.native:59554
    t =    10.00s Open app.speaklocal.vietnam.native
    t =    10.00s     Launch app.speaklocal.vietnam.native
    t =    10.21s         Setting up automation session
    t =    10.68s         Wait for app.speaklocal.vietnam.native to idle
    t =    12.17s Waiting 4.0s for TabBar (First Match) to exist
    t =    13.23s     Checking `Expect predicate `existsNoRetry == 1` for object TabBar (First Match)`
    t =    13.24s         Checking existence of `TabBar (First Match)`
    t =    13.29s Checking existence of `"PhraseArticle.BottomSentinel.viet-family-city-hue-place-chu-van-an-street" Other`
    t =    13.37s Checking existence of `"PhraseArticle.BottomSentinel.viet-phrase-city-hue-place-chu-van-an-street" Other`
    t =    13.39s Find the "PhraseArticle.BottomSentinel.viet-phrase-city-hue-place-chu-van-an-street" Other
    t =    13.41s Checking existence of `TabBar (First Match)`
    t =    13.42s Find the TabBar (First Match)
    t =    13.43s Find the Target Application 'app.speaklocal.vietnam.native'
    t =    13.52s Terminate app.speaklocal.vietnam.native:59644
    t =    14.61s Tear Down
Test Case '-[SpeakLocalNativeUITests.CityAppDetailV22RenderProofUITests testCaptureCityAppDetailV22RenderProofBatch]' passed (14.673 seconds).
Test Suite 'CityAppDetailV22RenderProofUITests' passed at 2026-06-01 04:59:27.936.
	 Executed 1 test, with 0 failures (0 unexpected) in 14.673 (14.674) seconds
Test Suite 'SpeakLocalNativeUITests.xctest' passed at 2026-06-01 04:59:27.937.
	 Executed 1 test, with 0 failures (0 unexpected) in 14.673 (14.676) seconds
Test Suite 'Selected tests' passed at 2026-06-01 04:59:27.938.
	 Executed 1 test, with 0 failures (0 unexpected) in 14.673 (14.677) seconds

Test session results, code coverage, and logs:
	/Users/jojolim/Library/Developer/XcodeBuildMCP/workspaces/orchestrator-309442864093/DerivedData/SpeakLocalNative-8f3e721625a0/Logs/Test/Test-SpeakLocalNative-2026.06.01_04-59-11-+0700.xcresult

** TEST EXECUTE SUCCEEDED **

Testing started

2026-06-01 04:59:13.327 xcodebuild[59452:7625480] [MT] IDELaunchParametersSnapshot: The operation couldn’t be completed. (DebuggerLLDB.DebuggerVersionStore.StoreError error 0.)
2026-06-01 04:59:13.327 xcodebuild[59452:7625480] [MT] IDELaunchParametersSnapshot: no debugger version
2026-06-01 04:59:23.266 xcodebuild[59452:7625480] [MT] IDELaunchParametersSnapshot: The operation couldn’t be completed. (DebuggerLLDB.DebuggerVersionStore.StoreError error 0.)
2026-06-01 04:59:23.266 xcodebuild[59452:7625480] [MT] IDELaunchParametersSnapshot: no debugger version
2026-06-01 04:59:28.244 xcodebuild[59452:7625480] [MT] IDETestOperationsObserverDebug: 16.239 elapsed -- Testing started completed.
2026-06-01 04:59:28.244 xcodebuild[59452:7625480] [MT] IDETestOperationsObserverDebug: 0.000 sec, +0.000 sec -- start
2026-06-01 04:59:28.244 xcodebuild[59452:7625480] [MT] IDETestOperationsObserverDebug: 16.239 sec, +16.239 sec -- end
