Command line invocation:
    /Applications/Xcode.app/Contents/Developer/usr/bin/xcodebuild test-without-building -project /Users/jojolim/Developer/products/speaklocal/app-family/.worktrees/city-listings-production-ready/native-ios/SpeakLocalNative.xcodeproj -scheme SpeakLocalNative -destination "platform=iOS Simulator,id=7C386DD3-4BF1-4A34-A918-768C43CD1258" -derivedDataPath /Users/jojolim/Library/Developer/XcodeBuildMCP/workspaces/orchestrator-309442864093/DerivedData/SpeakLocalNative-8f3e721625a0 "-only-testing:SpeakLocalNativeUITests/CityAppDetailV22RenderProofUITests/testCaptureCityAppDetailV22RenderProofBatch"

2026-06-01 08:07:14.626521+0700 SpeakLocalNativeUITests-Runner[8816:8429709] [Default] Running tests...
    t =      nans Interface orientation changed to Portrait
Test Suite 'Selected tests' started at 2026-06-01 08:07:14.996.
Test Suite 'SpeakLocalNativeUITests.xctest' started at 2026-06-01 08:07:14.996.
Test Suite 'CityAppDetailV22RenderProofUITests' started at 2026-06-01 08:07:14.996.
Test Case '-[SpeakLocalNativeUITests.CityAppDetailV22RenderProofUITests testCaptureCityAppDetailV22RenderProofBatch]' started.
    t =     0.00s Start Test at 2026-06-01 08:07:14.997
    t =     0.02s Set Up
    t =     0.02s Open app.speaklocal.vietnam.native
    t =     0.02s     Launch app.speaklocal.vietnam.native
objc[8816]: Class UIAccessibilityLoaderWebShared is implemented in both /Library/Developer/CoreSimulator/Volumes/iOS_23F77/Library/Developer/CoreSimulator/Profiles/Runtimes/iOS 26.5.simruntime/Contents/Resources/RuntimeRoot/System/Library/AccessibilityBundles/WebCore.axbundle/WebCore (0x108b38310) and /Library/Developer/CoreSimulator/Volumes/iOS_23F77/Library/Developer/CoreSimulator/Profiles/Runtimes/iOS 26.5.simruntime/Contents/Resources/RuntimeRoot/System/Library/AccessibilityBundles/WebKit.axbundle/WebKit (0x10838c398). This may cause spurious casting failures and mysterious crashes. One of the duplicates must be removed or renamed.
    t =     1.89s         Setting up automation session
    t =     2.29s         Wait for app.speaklocal.vietnam.native to idle
    t =     3.80s Checking existence of `"Phố cổ Hội An" StaticText`
    t =     3.95s Waiting 8.0s for "Phố cổ Hội An" StaticText to exist
    t =     5.00s     Checking `Expect predicate `existsNoRetry == 1` for object "Phố cổ Hội An" StaticText`
    t =     5.00s         Checking existence of `"Phố cổ Hội An" StaticText`
    t =     5.17s Swipe up Target Application 'app.speaklocal.vietnam.native'
    t =     5.17s     Wait for app.speaklocal.vietnam.native to idle
    t =     5.17s     Find the Target Application 'app.speaklocal.vietnam.native'
    t =     5.19s     Check for interrupting elements affecting "SpeakLocal Vietnam" Application
    t =     5.20s     Synthesize event
    t =     5.62s     Wait for app.speaklocal.vietnam.native to idle
    t =     7.74s Swipe up Target Application 'app.speaklocal.vietnam.native'
    t =     7.74s     Wait for app.speaklocal.vietnam.native to idle
    t =     7.74s     Find the Target Application 'app.speaklocal.vietnam.native'
    t =     7.77s     Check for interrupting elements affecting "SpeakLocal Vietnam" Application
    t =     7.80s     Synthesize event
    t =     8.22s     Wait for app.speaklocal.vietnam.native to idle
    t =     9.20s Terminate app.speaklocal.vietnam.native:8822
    t =    10.26s Open app.speaklocal.vietnam.native
    t =    10.26s     Launch app.speaklocal.vietnam.native
    t =    10.47s         Setting up automation session
    t =    10.97s         Wait for app.speaklocal.vietnam.native to idle
    t =    12.47s Waiting 4.0s for TabBar (First Match) to exist
    t =    13.49s     Checking `Expect predicate `existsNoRetry == 1` for object TabBar (First Match)`
    t =    13.49s         Checking existence of `TabBar (First Match)`
    t =    13.54s Checking existence of `"PhraseArticle.BottomSentinel.viet-family-city-hoian-place-ancient-town" Other`
    t =    13.63s Checking existence of `"PhraseArticle.BottomSentinel.viet-phrase-city-hoian-place-ancient-town" Other`
    t =    13.65s Find the "PhraseArticle.BottomSentinel.viet-phrase-city-hoian-place-ancient-town" Other
    t =    13.67s Checking existence of `TabBar (First Match)`
    t =    13.68s Find the TabBar (First Match)
    t =    13.69s Find the Target Application 'app.speaklocal.vietnam.native'
    t =    13.78s Terminate app.speaklocal.vietnam.native:8912
    t =    14.85s Tear Down
Test Case '-[SpeakLocalNativeUITests.CityAppDetailV22RenderProofUITests testCaptureCityAppDetailV22RenderProofBatch]' passed (14.940 seconds).
Test Suite 'CityAppDetailV22RenderProofUITests' passed at 2026-06-01 08:07:29.937.
	 Executed 1 test, with 0 failures (0 unexpected) in 14.940 (14.941) seconds
Test Suite 'SpeakLocalNativeUITests.xctest' passed at 2026-06-01 08:07:29.937.
	 Executed 1 test, with 0 failures (0 unexpected) in 14.940 (14.941) seconds
Test Suite 'Selected tests' passed at 2026-06-01 08:07:29.938.
	 Executed 1 test, with 0 failures (0 unexpected) in 14.940 (14.942) seconds

Test session results, code coverage, and logs:
	/Users/jojolim/Library/Developer/XcodeBuildMCP/workspaces/orchestrator-309442864093/DerivedData/SpeakLocalNative-8f3e721625a0/Logs/Test/Test-SpeakLocalNative-2026.06.01_08-07-13-+0700.xcresult

** TEST EXECUTE SUCCEEDED **

Testing started

2026-06-01 08:07:15.055 xcodebuild[8813:8429549] [MT] IDELaunchParametersSnapshot: The operation couldn’t be completed. (DebuggerLLDB.DebuggerVersionStore.StoreError error 0.)
2026-06-01 08:07:15.055 xcodebuild[8813:8429549] [MT] IDELaunchParametersSnapshot: no debugger version
2026-06-01 08:07:25.258 xcodebuild[8813:8429549] [MT] IDELaunchParametersSnapshot: The operation couldn’t be completed. (DebuggerLLDB.DebuggerVersionStore.StoreError error 0.)
2026-06-01 08:07:25.258 xcodebuild[8813:8429549] [MT] IDELaunchParametersSnapshot: no debugger version
2026-06-01 08:07:30.237 xcodebuild[8813:8429549] [MT] IDETestOperationsObserverDebug: 16.417 elapsed -- Testing started completed.
2026-06-01 08:07:30.237 xcodebuild[8813:8429549] [MT] IDETestOperationsObserverDebug: 0.000 sec, +0.000 sec -- start
2026-06-01 08:07:30.237 xcodebuild[8813:8429549] [MT] IDETestOperationsObserverDebug: 16.417 sec, +16.417 sec -- end
