Command line invocation:
    /Applications/Xcode.app/Contents/Developer/usr/bin/xcodebuild test-without-building -project /Users/jojolim/Developer/products/speaklocal/app-family/.worktrees/city-listings-production-ready/native-ios/SpeakLocalNative.xcodeproj -scheme SpeakLocalNative -destination "platform=iOS Simulator,id=7C386DD3-4BF1-4A34-A918-768C43CD1258" -derivedDataPath /Users/jojolim/Library/Developer/XcodeBuildMCP/workspaces/orchestrator-309442864093/DerivedData/SpeakLocalNative-8f3e721625a0 "-only-testing:SpeakLocalNativeUITests/CityAppDetailV22RenderProofUITests/testCaptureCityAppDetailV22RenderProofBatch"

2026-06-01 04:13:22.283640+0700 SpeakLocalNativeUITests-Runner[6442:7435301] [Default] Running tests...
    t =      nans Interface orientation changed to Portrait
Test Suite 'Selected tests' started at 2026-06-01 04:13:22.652.
Test Suite 'SpeakLocalNativeUITests.xctest' started at 2026-06-01 04:13:22.653.
Test Suite 'CityAppDetailV22RenderProofUITests' started at 2026-06-01 04:13:22.653.
Test Case '-[SpeakLocalNativeUITests.CityAppDetailV22RenderProofUITests testCaptureCityAppDetailV22RenderProofBatch]' started.
    t =     0.00s Start Test at 2026-06-01 04:13:22.653
    t =     0.02s Set Up
    t =     0.02s Open app.speaklocal.vietnam.native
    t =     0.02s     Launch app.speaklocal.vietnam.native
objc[6442]: Class UIAccessibilityLoaderWebShared is implemented in both /Library/Developer/CoreSimulator/Volumes/iOS_23F77/Library/Developer/CoreSimulator/Profiles/Runtimes/iOS 26.5.simruntime/Contents/Resources/RuntimeRoot/System/Library/AccessibilityBundles/WebCore.axbundle/WebCore (0x109000310) and /Library/Developer/CoreSimulator/Volumes/iOS_23F77/Library/Developer/CoreSimulator/Profiles/Runtimes/iOS 26.5.simruntime/Contents/Resources/RuntimeRoot/System/Library/AccessibilityBundles/WebKit.axbundle/WebKit (0x108870398). This may cause spurious casting failures and mysterious crashes. One of the duplicates must be removed or renamed.
    t =     1.90s         Setting up automation session
    t =     2.31s         Wait for app.speaklocal.vietnam.native to idle
    t =     3.83s Checking existence of `"Bún bò Huế" StaticText`
    t =     3.99s Waiting 8.0s for "Bún bò Huế" StaticText to exist
    t =     5.06s     Checking `Expect predicate `existsNoRetry == 1` for object "Bún bò Huế" StaticText`
    t =     5.06s         Checking existence of `"Bún bò Huế" StaticText`
    t =     5.21s Swipe up Target Application 'app.speaklocal.vietnam.native'
    t =     5.21s     Wait for app.speaklocal.vietnam.native to idle
    t =     5.21s     Find the Target Application 'app.speaklocal.vietnam.native'
    t =     5.23s     Check for interrupting elements affecting "SpeakLocal Vietnam" Application
    t =     5.25s     Synthesize event
    t =     5.67s     Wait for app.speaklocal.vietnam.native to idle
    t =     7.78s Swipe up Target Application 'app.speaklocal.vietnam.native'
    t =     7.78s     Wait for app.speaklocal.vietnam.native to idle
    t =     7.78s     Find the Target Application 'app.speaklocal.vietnam.native'
    t =     7.81s     Check for interrupting elements affecting "SpeakLocal Vietnam" Application
    t =     7.84s     Synthesize event
    t =     8.26s     Wait for app.speaklocal.vietnam.native to idle
    t =     9.53s Terminate app.speaklocal.vietnam.native:6527
    t =    10.63s Open app.speaklocal.vietnam.native
    t =    10.63s     Launch app.speaklocal.vietnam.native
    t =    10.85s         Setting up automation session
    t =    11.36s         Wait for app.speaklocal.vietnam.native to idle
    t =    12.87s Waiting 4.0s for TabBar (First Match) to exist
    t =    13.95s     Checking `Expect predicate `existsNoRetry == 1` for object TabBar (First Match)`
    t =    13.95s         Checking existence of `TabBar (First Match)`
    t =    14.01s Checking existence of `"PhraseArticle.BottomSentinel.viet-family-city-hue-place-bun-bo-city" Other`
    t =    14.11s Checking existence of `"PhraseArticle.BottomSentinel.viet-phrase-city-hue-place-bun-bo-city" Other`
    t =    14.13s Find the "PhraseArticle.BottomSentinel.viet-phrase-city-hue-place-bun-bo-city" Other
    t =    14.16s Checking existence of `TabBar (First Match)`
    t =    14.17s Find the TabBar (First Match)
    t =    14.17s Find the Target Application 'app.speaklocal.vietnam.native'
    t =    14.29s Terminate app.speaklocal.vietnam.native:6637
    t =    15.38s Tear Down
Test Case '-[SpeakLocalNativeUITests.CityAppDetailV22RenderProofUITests testCaptureCityAppDetailV22RenderProofBatch]' passed (15.493 seconds).
Test Suite 'CityAppDetailV22RenderProofUITests' passed at 2026-06-01 04:13:38.147.
	 Executed 1 test, with 0 failures (0 unexpected) in 15.493 (15.495) seconds
Test Suite 'SpeakLocalNativeUITests.xctest' passed at 2026-06-01 04:13:38.148.
	 Executed 1 test, with 0 failures (0 unexpected) in 15.493 (15.496) seconds
Test Suite 'Selected tests' passed at 2026-06-01 04:13:38.149.
	 Executed 1 test, with 0 failures (0 unexpected) in 15.493 (15.496) seconds

Test session results, code coverage, and logs:
	/Users/jojolim/Library/Developer/XcodeBuildMCP/workspaces/orchestrator-309442864093/DerivedData/SpeakLocalNative-8f3e721625a0/Logs/Test/Test-SpeakLocalNative-2026.06.01_04-13-21-+0700.xcresult

** TEST EXECUTE SUCCEEDED **

Testing started

2026-06-01 04:13:22.713 xcodebuild[6440:7435133] [MT] IDELaunchParametersSnapshot: The operation couldn’t be completed. (DebuggerLLDB.DebuggerVersionStore.StoreError error 0.)
2026-06-01 04:13:22.713 xcodebuild[6440:7435133] [MT] IDELaunchParametersSnapshot: no debugger version
2026-06-01 04:13:33.285 xcodebuild[6440:7435133] [MT] IDELaunchParametersSnapshot: The operation couldn’t be completed. (DebuggerLLDB.DebuggerVersionStore.StoreError error 0.)
2026-06-01 04:13:33.285 xcodebuild[6440:7435133] [MT] IDELaunchParametersSnapshot: no debugger version
2026-06-01 04:13:38.467 xcodebuild[6440:7435133] [MT] IDETestOperationsObserverDebug: 17.005 elapsed -- Testing started completed.
2026-06-01 04:13:38.467 xcodebuild[6440:7435133] [MT] IDETestOperationsObserverDebug: 0.000 sec, +0.000 sec -- start
2026-06-01 04:13:38.467 xcodebuild[6440:7435133] [MT] IDETestOperationsObserverDebug: 17.005 sec, +17.005 sec -- end
