Command line invocation:
    /Applications/Xcode.app/Contents/Developer/usr/bin/xcodebuild test-without-building -project /Users/jojolim/Developer/products/speaklocal/app-family/.worktrees/city-listings-production-ready/native-ios/SpeakLocalNative.xcodeproj -scheme SpeakLocalNative -destination "platform=iOS Simulator,id=7C386DD3-4BF1-4A34-A918-768C43CD1258" -derivedDataPath /Users/jojolim/Library/Developer/XcodeBuildMCP/workspaces/orchestrator-309442864093/DerivedData/SpeakLocalNative-8f3e721625a0 "-only-testing:SpeakLocalNativeUITests/CityAppDetailV22RenderProofUITests/testCaptureCityAppDetailV22RenderProofBatch"

2026-06-01 08:22:27.961967+0700 SpeakLocalNativeUITests-Runner[28845:8488012] [Default] Running tests...
    t =      nans Interface orientation changed to Portrait
Test Suite 'Selected tests' started at 2026-06-01 08:22:28.333.
Test Suite 'SpeakLocalNativeUITests.xctest' started at 2026-06-01 08:22:28.333.
Test Suite 'CityAppDetailV22RenderProofUITests' started at 2026-06-01 08:22:28.333.
Test Case '-[SpeakLocalNativeUITests.CityAppDetailV22RenderProofUITests testCaptureCityAppDetailV22RenderProofBatch]' started.
    t =     0.00s Start Test at 2026-06-01 08:22:28.334
    t =     0.02s Set Up
    t =     0.02s Open app.speaklocal.vietnam.native
    t =     0.02s     Launch app.speaklocal.vietnam.native
objc[28845]: Class UIAccessibilityLoaderWebShared is implemented in both /Library/Developer/CoreSimulator/Volumes/iOS_23F77/Library/Developer/CoreSimulator/Profiles/Runtimes/iOS 26.5.simruntime/Contents/Resources/RuntimeRoot/System/Library/AccessibilityBundles/WebCore.axbundle/WebCore (0x10908c310) and /Library/Developer/CoreSimulator/Volumes/iOS_23F77/Library/Developer/CoreSimulator/Profiles/Runtimes/iOS 26.5.simruntime/Contents/Resources/RuntimeRoot/System/Library/AccessibilityBundles/WebKit.axbundle/WebKit (0x10892c398). This may cause spurious casting failures and mysterious crashes. One of the duplicates must be removed or renamed.
    t =     1.88s         Setting up automation session
    t =     2.32s         Wait for app.speaklocal.vietnam.native to idle
    t =     3.83s Checking existence of `"Cơm gà Hội An" StaticText`
    t =     3.97s Waiting 8.0s for "Cơm gà Hội An" StaticText to exist
    t =     5.01s     Checking `Expect predicate `existsNoRetry == 1` for object "Cơm gà Hội An" StaticText`
    t =     5.01s         Checking existence of `"Cơm gà Hội An" StaticText`
    t =     5.19s Swipe up Target Application 'app.speaklocal.vietnam.native'
    t =     5.19s     Wait for app.speaklocal.vietnam.native to idle
    t =     5.19s     Find the Target Application 'app.speaklocal.vietnam.native'
    t =     5.21s     Check for interrupting elements affecting "SpeakLocal Vietnam" Application
    t =     5.23s     Synthesize event
    t =     5.65s     Wait for app.speaklocal.vietnam.native to idle
    t =     7.77s Swipe up Target Application 'app.speaklocal.vietnam.native'
    t =     7.77s     Wait for app.speaklocal.vietnam.native to idle
    t =     7.77s     Find the Target Application 'app.speaklocal.vietnam.native'
    t =     7.80s     Check for interrupting elements affecting "SpeakLocal Vietnam" Application
    t =     7.83s     Synthesize event
    t =     8.25s     Wait for app.speaklocal.vietnam.native to idle
    t =    10.49s Terminate app.speaklocal.vietnam.native:28920
    t =    11.57s Open app.speaklocal.vietnam.native
    t =    11.57s     Launch app.speaklocal.vietnam.native
    t =    11.78s         Setting up automation session
    t =    12.26s         Wait for app.speaklocal.vietnam.native to idle
    t =    13.71s Waiting 4.0s for TabBar (First Match) to exist
    t =    14.75s     Checking `Expect predicate `existsNoRetry == 1` for object TabBar (First Match)`
    t =    14.75s         Checking existence of `TabBar (First Match)`
    t =    14.80s Checking existence of `"PhraseArticle.BottomSentinel.viet-family-city-hoian-place-com-ga" Other`
    t =    14.88s Checking existence of `"PhraseArticle.BottomSentinel.viet-phrase-city-hoian-place-com-ga" Other`
    t =    14.91s Find the "PhraseArticle.BottomSentinel.viet-phrase-city-hoian-place-com-ga" Other
    t =    14.94s Checking existence of `TabBar (First Match)`
    t =    14.94s Find the TabBar (First Match)
    t =    14.95s Find the Target Application 'app.speaklocal.vietnam.native'
    t =    15.05s Terminate app.speaklocal.vietnam.native:29013
    t =    16.08s Tear Down
Test Case '-[SpeakLocalNativeUITests.CityAppDetailV22RenderProofUITests testCaptureCityAppDetailV22RenderProofBatch]' passed (16.143 seconds).
Test Suite 'CityAppDetailV22RenderProofUITests' passed at 2026-06-01 08:22:44.477.
	 Executed 1 test, with 0 failures (0 unexpected) in 16.143 (16.144) seconds
Test Suite 'SpeakLocalNativeUITests.xctest' passed at 2026-06-01 08:22:44.478.
	 Executed 1 test, with 0 failures (0 unexpected) in 16.143 (16.144) seconds
Test Suite 'Selected tests' passed at 2026-06-01 08:22:44.478.
	 Executed 1 test, with 0 failures (0 unexpected) in 16.143 (16.145) seconds

Test session results, code coverage, and logs:
	/Users/jojolim/Library/Developer/XcodeBuildMCP/workspaces/orchestrator-309442864093/DerivedData/SpeakLocalNative-8f3e721625a0/Logs/Test/Test-SpeakLocalNative-2026.06.01_08-22-26-+0700.xcresult

** TEST EXECUTE SUCCEEDED **

Testing started

2026-06-01 08:22:28.391 xcodebuild[28831:8487802] [MT] IDELaunchParametersSnapshot: The operation couldn’t be completed. (DebuggerLLDB.DebuggerVersionStore.StoreError error 0.)
2026-06-01 08:22:28.391 xcodebuild[28831:8487802] [MT] IDELaunchParametersSnapshot: no debugger version
2026-06-01 08:22:39.905 xcodebuild[28831:8487802] [MT] IDELaunchParametersSnapshot: The operation couldn’t be completed. (DebuggerLLDB.DebuggerVersionStore.StoreError error 0.)
2026-06-01 08:22:39.905 xcodebuild[28831:8487802] [MT] IDELaunchParametersSnapshot: no debugger version
2026-06-01 08:22:44.765 xcodebuild[28831:8487802] [MT] IDETestOperationsObserverDebug: 17.787 elapsed -- Testing started completed.
2026-06-01 08:22:44.765 xcodebuild[28831:8487802] [MT] IDETestOperationsObserverDebug: 0.000 sec, +0.000 sec -- start
2026-06-01 08:22:44.765 xcodebuild[28831:8487802] [MT] IDETestOperationsObserverDebug: 17.787 sec, +17.787 sec -- end
