Command line invocation:
    /Applications/Xcode.app/Contents/Developer/usr/bin/xcodebuild test-without-building -project /Users/jojolim/Developer/products/speaklocal/app-family/.worktrees/city-listings-production-ready/native-ios/SpeakLocalNative.xcodeproj -scheme SpeakLocalNative -destination "platform=iOS Simulator,id=7C386DD3-4BF1-4A34-A918-768C43CD1258" -derivedDataPath /Users/jojolim/Library/Developer/XcodeBuildMCP/workspaces/orchestrator-309442864093/DerivedData/SpeakLocalNative-8f3e721625a0 "-only-testing:SpeakLocalNativeUITests/CityAppDetailV22RenderProofUITests/testCaptureCityAppDetailV22RenderProofBatch"

2026-06-01 23:49:05.894519+0700 SpeakLocalNativeUITests-Runner[26557:10265566] [Default] Running tests...
    t =      nans Interface orientation changed to Portrait
Test Suite 'Selected tests' started at 2026-06-01 23:49:06.270.
Test Suite 'SpeakLocalNativeUITests.xctest' started at 2026-06-01 23:49:06.271.
Test Suite 'CityAppDetailV22RenderProofUITests' started at 2026-06-01 23:49:06.271.
Test Case '-[SpeakLocalNativeUITests.CityAppDetailV22RenderProofUITests testCaptureCityAppDetailV22RenderProofBatch]' started.
    t =     0.00s Start Test at 2026-06-01 23:49:06.271
    t =     0.02s Set Up
    t =     0.02s Open app.speaklocal.vietnam.native
    t =     0.02s     Launch app.speaklocal.vietnam.native
objc[26557]: Class UIAccessibilityLoaderWebShared is implemented in both /Library/Developer/CoreSimulator/Volumes/iOS_23F77/Library/Developer/CoreSimulator/Profiles/Runtimes/iOS 26.5.simruntime/Contents/Resources/RuntimeRoot/System/Library/AccessibilityBundles/WebCore.axbundle/WebCore (0x106910310) and /Library/Developer/CoreSimulator/Volumes/iOS_23F77/Library/Developer/CoreSimulator/Profiles/Runtimes/iOS 26.5.simruntime/Contents/Resources/RuntimeRoot/System/Library/AccessibilityBundles/WebKit.axbundle/WebKit (0x1063fc398). This may cause spurious casting failures and mysterious crashes. One of the duplicates must be removed or renamed.
    t =     2.31s         Setting up automation session
    t =     3.22s         Wait for app.speaklocal.vietnam.native to idle
    t =     5.06s Checking existence of `"Bún hến ở Huế" StaticText`
    t =     5.19s Waiting 8.0s for "Bún hến ở Huế" StaticText to exist
    t =     6.22s     Checking `Expect predicate `existsNoRetry == 1` for object "Bún hến ở Huế" StaticText`
    t =     6.22s         Checking existence of `"Bún hến ở Huế" StaticText`
    t =     6.38s Swipe up Target Application 'app.speaklocal.vietnam.native'
    t =     6.38s     Wait for app.speaklocal.vietnam.native to idle
    t =     6.38s     Find the Target Application 'app.speaklocal.vietnam.native'
    t =     6.40s     Check for interrupting elements affecting "SpeakLocal Vietnam" Application
    t =     6.41s     Synthesize event
    t =     6.84s     Wait for app.speaklocal.vietnam.native to idle
    t =     8.96s Swipe up Target Application 'app.speaklocal.vietnam.native'
    t =     8.96s     Wait for app.speaklocal.vietnam.native to idle
    t =     8.96s     Find the Target Application 'app.speaklocal.vietnam.native'
    t =     8.99s     Check for interrupting elements affecting "SpeakLocal Vietnam" Application
    t =     9.01s     Synthesize event
    t =     9.43s     Wait for app.speaklocal.vietnam.native to idle
    t =    10.21s Terminate app.speaklocal.vietnam.native:26636
    t =    11.26s Open app.speaklocal.vietnam.native
    t =    11.26s     Launch app.speaklocal.vietnam.native
    t =    11.47s         Setting up automation session
    t =    11.94s         Wait for app.speaklocal.vietnam.native to idle
    t =    13.41s Waiting 4.0s for TabBar (First Match) to exist
    t =    14.46s     Checking `Expect predicate `existsNoRetry == 1` for object TabBar (First Match)`
    t =    14.46s         Checking existence of `TabBar (First Match)`
    t =    14.51s Checking existence of `"PhraseArticle.BottomSentinel.viet-family-city-hue-place-bun-hen" Other`
    t =    14.60s Checking existence of `"PhraseArticle.BottomSentinel.viet-phrase-city-hue-place-bun-hen" Other`
    t =    14.63s Find the "PhraseArticle.BottomSentinel.viet-phrase-city-hue-place-bun-hen" Other
    t =    14.65s Checking existence of `TabBar (First Match)`
    t =    14.66s Find the TabBar (First Match)
    t =    14.67s Find the Target Application 'app.speaklocal.vietnam.native'
    t =    14.79s Terminate app.speaklocal.vietnam.native:26722
    t =    15.86s Tear Down
Test Case '-[SpeakLocalNativeUITests.CityAppDetailV22RenderProofUITests testCaptureCityAppDetailV22RenderProofBatch]' passed (15.913 seconds).
Test Suite 'CityAppDetailV22RenderProofUITests' passed at 2026-06-01 23:49:22.184.
	 Executed 1 test, with 0 failures (0 unexpected) in 15.913 (15.914) seconds
Test Suite 'SpeakLocalNativeUITests.xctest' passed at 2026-06-01 23:49:22.185.
	 Executed 1 test, with 0 failures (0 unexpected) in 15.913 (15.914) seconds
Test Suite 'Selected tests' passed at 2026-06-01 23:49:22.185.
	 Executed 1 test, with 0 failures (0 unexpected) in 15.913 (15.915) seconds

Test session results, code coverage, and logs:
	/Users/jojolim/Library/Developer/XcodeBuildMCP/workspaces/orchestrator-309442864093/DerivedData/SpeakLocalNative-8f3e721625a0/Logs/Test/Test-SpeakLocalNative-2026.06.01_23-49-04-+0700.xcresult

** TEST EXECUTE SUCCEEDED **

Testing started

2026-06-01 23:49:06.333 xcodebuild[26542:10265399] [MT] IDELaunchParametersSnapshot: The operation couldn’t be completed. (DebuggerLLDB.DebuggerVersionStore.StoreError error 0.)
2026-06-01 23:49:06.333 xcodebuild[26542:10265399] [MT] IDELaunchParametersSnapshot: no debugger version
2026-06-01 23:49:17.529 xcodebuild[26542:10265399] [MT] IDELaunchParametersSnapshot: The operation couldn’t be completed. (DebuggerLLDB.DebuggerVersionStore.StoreError error 0.)
2026-06-01 23:49:17.529 xcodebuild[26542:10265399] [MT] IDELaunchParametersSnapshot: no debugger version
2026-06-01 23:49:22.469 xcodebuild[26542:10265399] [MT] IDETestOperationsObserverDebug: 17.375 elapsed -- Testing started completed.
2026-06-01 23:49:22.469 xcodebuild[26542:10265399] [MT] IDETestOperationsObserverDebug: 0.000 sec, +0.000 sec -- start
2026-06-01 23:49:22.469 xcodebuild[26542:10265399] [MT] IDETestOperationsObserverDebug: 17.375 sec, +17.375 sec -- end
