Command line invocation:
    /Applications/Xcode.app/Contents/Developer/usr/bin/xcodebuild test-without-building -project /Users/jojolim/Developer/products/speaklocal/app-family/.worktrees/city-listings-production-ready/native-ios/SpeakLocalNative.xcodeproj -scheme SpeakLocalNative -destination "platform=iOS Simulator,id=7C386DD3-4BF1-4A34-A918-768C43CD1258" -derivedDataPath /Users/jojolim/Library/Developer/XcodeBuildMCP/workspaces/orchestrator-309442864093/DerivedData/SpeakLocalNative-8f3e721625a0 "-only-testing:SpeakLocalNativeUITests/CityAppDetailV22RenderProofUITests/testCaptureCityAppDetailV22RenderProofBatch"

2026-06-01 06:05:21.188730+0700 SpeakLocalNativeUITests-Runner[50869:7904698] [Default] Running tests...
    t =      nans Interface orientation changed to Portrait
Test Suite 'Selected tests' started at 2026-06-01 06:05:21.561.
Test Suite 'SpeakLocalNativeUITests.xctest' started at 2026-06-01 06:05:21.561.
Test Suite 'CityAppDetailV22RenderProofUITests' started at 2026-06-01 06:05:21.561.
Test Case '-[SpeakLocalNativeUITests.CityAppDetailV22RenderProofUITests testCaptureCityAppDetailV22RenderProofBatch]' started.
    t =     0.00s Start Test at 2026-06-01 06:05:21.561
    t =     0.02s Set Up
    t =     0.03s Open app.speaklocal.vietnam.native
    t =     0.03s     Launch app.speaklocal.vietnam.native
objc[50869]: Class UIAccessibilityLoaderWebShared is implemented in both /Library/Developer/CoreSimulator/Volumes/iOS_23F77/Library/Developer/CoreSimulator/Profiles/Runtimes/iOS 26.5.simruntime/Contents/Resources/RuntimeRoot/System/Library/AccessibilityBundles/WebCore.axbundle/WebCore (0x106604310) and /Library/Developer/CoreSimulator/Volumes/iOS_23F77/Library/Developer/CoreSimulator/Profiles/Runtimes/iOS 26.5.simruntime/Contents/Resources/RuntimeRoot/System/Library/AccessibilityBundles/WebKit.axbundle/WebKit (0x105aa0398). This may cause spurious casting failures and mysterious crashes. One of the duplicates must be removed or renamed.
    t =     1.91s         Setting up automation session
    t =     2.33s         Wait for app.speaklocal.vietnam.native to idle
    t =     3.82s Checking existence of `"Biển Mỹ Khê" StaticText`
    t =     3.98s Waiting 8.0s for "Biển Mỹ Khê" StaticText to exist
    t =     5.05s     Checking `Expect predicate `existsNoRetry == 1` for object "Biển Mỹ Khê" StaticText`
    t =     5.05s         Checking existence of `"Biển Mỹ Khê" StaticText`
    t =     5.23s Swipe up Target Application 'app.speaklocal.vietnam.native'
    t =     5.23s     Wait for app.speaklocal.vietnam.native to idle
    t =     5.23s     Find the Target Application 'app.speaklocal.vietnam.native'
    t =     5.24s     Check for interrupting elements affecting "SpeakLocal Vietnam" Application
    t =     5.26s     Synthesize event
    t =     5.68s     Wait for app.speaklocal.vietnam.native to idle
    t =     7.80s Swipe up Target Application 'app.speaklocal.vietnam.native'
    t =     7.80s     Wait for app.speaklocal.vietnam.native to idle
    t =     7.80s     Find the Target Application 'app.speaklocal.vietnam.native'
    t =     7.83s     Check for interrupting elements affecting "SpeakLocal Vietnam" Application
    t =     7.86s     Synthesize event
    t =     8.28s     Wait for app.speaklocal.vietnam.native to idle
    t =     9.18s Terminate app.speaklocal.vietnam.native:50874
    t =    10.27s Open app.speaklocal.vietnam.native
    t =    10.27s     Launch app.speaklocal.vietnam.native
    t =    10.48s         Setting up automation session
    t =    10.92s         Wait for app.speaklocal.vietnam.native to idle
    t =    12.37s Waiting 4.0s for TabBar (First Match) to exist
    t =    13.44s     Checking `Expect predicate `existsNoRetry == 1` for object TabBar (First Match)`
    t =    13.44s         Checking existence of `TabBar (First Match)`
    t =    13.49s Checking existence of `"PhraseArticle.BottomSentinel.viet-family-city-danang-place-my-khe" Other`
    t =    13.58s Checking existence of `"PhraseArticle.BottomSentinel.viet-phrase-city-danang-place-my-khe" Other`
    t =    13.60s Find the "PhraseArticle.BottomSentinel.viet-phrase-city-danang-place-my-khe" Other
    t =    13.63s Checking existence of `TabBar (First Match)`
    t =    13.63s Find the TabBar (First Match)
    t =    13.64s Find the Target Application 'app.speaklocal.vietnam.native'
    t =    13.73s Terminate app.speaklocal.vietnam.native:51037
    t =    14.82s Tear Down
Test Case '-[SpeakLocalNativeUITests.CityAppDetailV22RenderProofUITests testCaptureCityAppDetailV22RenderProofBatch]' passed (14.886 seconds).
Test Suite 'CityAppDetailV22RenderProofUITests' passed at 2026-06-01 06:05:36.448.
	 Executed 1 test, with 0 failures (0 unexpected) in 14.886 (14.887) seconds
Test Suite 'SpeakLocalNativeUITests.xctest' passed at 2026-06-01 06:05:36.448.
	 Executed 1 test, with 0 failures (0 unexpected) in 14.886 (14.887) seconds
Test Suite 'Selected tests' passed at 2026-06-01 06:05:36.448.
	 Executed 1 test, with 0 failures (0 unexpected) in 14.886 (14.888) seconds

Test session results, code coverage, and logs:
	/Users/jojolim/Library/Developer/XcodeBuildMCP/workspaces/orchestrator-309442864093/DerivedData/SpeakLocalNative-8f3e721625a0/Logs/Test/Test-SpeakLocalNative-2026.06.01_06-05-20-+0700.xcresult

** TEST EXECUTE SUCCEEDED **

Testing started

2026-06-01 06:05:21.618 xcodebuild[50866:7904528] [MT] IDELaunchParametersSnapshot: The operation couldn’t be completed. (DebuggerLLDB.DebuggerVersionStore.StoreError error 0.)
2026-06-01 06:05:21.618 xcodebuild[50866:7904528] [MT] IDELaunchParametersSnapshot: no debugger version
2026-06-01 06:05:31.833 xcodebuild[50866:7904528] [MT] IDELaunchParametersSnapshot: The operation couldn’t be completed. (DebuggerLLDB.DebuggerVersionStore.StoreError error 0.)
2026-06-01 06:05:31.833 xcodebuild[50866:7904528] [MT] IDELaunchParametersSnapshot: no debugger version
2026-06-01 06:05:36.733 xcodebuild[50866:7904528] [MT] IDETestOperationsObserverDebug: 16.353 elapsed -- Testing started completed.
2026-06-01 06:05:36.733 xcodebuild[50866:7904528] [MT] IDETestOperationsObserverDebug: 0.000 sec, +0.000 sec -- start
2026-06-01 06:05:36.733 xcodebuild[50866:7904528] [MT] IDETestOperationsObserverDebug: 16.353 sec, +16.353 sec -- end
