Command line invocation:
    /Applications/Xcode.app/Contents/Developer/usr/bin/xcodebuild test-without-building -project /Users/jojolim/Developer/products/speaklocal/app-family/.worktrees/city-listings-production-ready/native-ios/SpeakLocalNative.xcodeproj -scheme SpeakLocalNative -destination "platform=iOS Simulator,id=7C386DD3-4BF1-4A34-A918-768C43CD1258" -derivedDataPath /Users/jojolim/Library/Developer/XcodeBuildMCP/workspaces/orchestrator-309442864093/DerivedData/SpeakLocalNative-8f3e721625a0 "-only-testing:SpeakLocalNativeUITests/CityAppDetailV22RenderProofUITests/testCaptureCityAppDetailV22RenderProofBatch"

2026-06-01 08:22:46.290459+0700 SpeakLocalNativeUITests-Runner[29143:8489499] [Default] Running tests...
    t =      nans Interface orientation changed to Portrait
Test Suite 'Selected tests' started at 2026-06-01 08:22:46.660.
Test Suite 'SpeakLocalNativeUITests.xctest' started at 2026-06-01 08:22:46.661.
Test Suite 'CityAppDetailV22RenderProofUITests' started at 2026-06-01 08:22:46.661.
Test Case '-[SpeakLocalNativeUITests.CityAppDetailV22RenderProofUITests testCaptureCityAppDetailV22RenderProofBatch]' started.
    t =     0.00s Start Test at 2026-06-01 08:22:46.661
    t =     0.02s Set Up
    t =     0.02s Open app.speaklocal.vietnam.native
    t =     0.02s     Launch app.speaklocal.vietnam.native
objc[29143]: Class UIAccessibilityLoaderWebShared is implemented in both /Library/Developer/CoreSimulator/Volumes/iOS_23F77/Library/Developer/CoreSimulator/Profiles/Runtimes/iOS 26.5.simruntime/Contents/Resources/RuntimeRoot/System/Library/AccessibilityBundles/WebCore.axbundle/WebCore (0x1066c8310) and /Library/Developer/CoreSimulator/Volumes/iOS_23F77/Library/Developer/CoreSimulator/Profiles/Runtimes/iOS 26.5.simruntime/Contents/Resources/RuntimeRoot/System/Library/AccessibilityBundles/WebKit.axbundle/WebKit (0x105b40398). This may cause spurious casting failures and mysterious crashes. One of the duplicates must be removed or renamed.
    t =     2.11s         Setting up automation session
    t =     2.54s         Wait for app.speaklocal.vietnam.native to idle
    t =     4.02s Checking existence of `"Cơm Gà Bà Buội" StaticText`
    t =     4.20s Waiting 8.0s for "Cơm Gà Bà Buội" StaticText to exist
    t =     5.25s     Checking `Expect predicate `existsNoRetry == 1` for object "Cơm Gà Bà Buội" StaticText`
    t =     5.25s         Checking existence of `"Cơm Gà Bà Buội" StaticText`
    t =     5.40s Swipe up Target Application 'app.speaklocal.vietnam.native'
    t =     5.40s     Wait for app.speaklocal.vietnam.native to idle
    t =     5.40s     Find the Target Application 'app.speaklocal.vietnam.native'
    t =     5.42s     Check for interrupting elements affecting "SpeakLocal Vietnam" Application
    t =     5.44s     Synthesize event
    t =     5.87s     Wait for app.speaklocal.vietnam.native to idle
    t =     7.99s Swipe up Target Application 'app.speaklocal.vietnam.native'
    t =     7.99s     Wait for app.speaklocal.vietnam.native to idle
    t =     7.99s     Find the Target Application 'app.speaklocal.vietnam.native'
    t =     8.02s     Check for interrupting elements affecting "SpeakLocal Vietnam" Application
    t =     8.05s     Synthesize event
    t =     8.47s     Wait for app.speaklocal.vietnam.native to idle
    t =    10.71s Terminate app.speaklocal.vietnam.native:29160
    t =    11.76s Open app.speaklocal.vietnam.native
    t =    11.76s     Launch app.speaklocal.vietnam.native
    t =    11.97s         Setting up automation session
    t =    12.46s         Wait for app.speaklocal.vietnam.native to idle
    t =    13.94s Waiting 4.0s for TabBar (First Match) to exist
    t =    15.00s     Checking `Expect predicate `existsNoRetry == 1` for object TabBar (First Match)`
    t =    15.01s         Checking existence of `TabBar (First Match)`
    t =    15.09s Checking existence of `"PhraseArticle.BottomSentinel.viet-family-city-hoian-place-com-ga-ba-buoi" Other`
    t =    15.17s Checking existence of `"PhraseArticle.BottomSentinel.viet-phrase-city-hoian-place-com-ga-ba-buoi" Other`
    t =    15.20s Find the "PhraseArticle.BottomSentinel.viet-phrase-city-hoian-place-com-ga-ba-buoi" Other
    t =    15.22s Checking existence of `TabBar (First Match)`
    t =    15.23s Find the TabBar (First Match)
    t =    15.24s Find the Target Application 'app.speaklocal.vietnam.native'
    t =    15.35s Terminate app.speaklocal.vietnam.native:29372
    t =    16.42s Tear Down
Test Case '-[SpeakLocalNativeUITests.CityAppDetailV22RenderProofUITests testCaptureCityAppDetailV22RenderProofBatch]' passed (16.490 seconds).
Test Suite 'CityAppDetailV22RenderProofUITests' passed at 2026-06-01 08:23:03.152.
	 Executed 1 test, with 0 failures (0 unexpected) in 16.490 (16.491) seconds
Test Suite 'SpeakLocalNativeUITests.xctest' passed at 2026-06-01 08:23:03.153.
	 Executed 1 test, with 0 failures (0 unexpected) in 16.490 (16.492) seconds
Test Suite 'Selected tests' passed at 2026-06-01 08:23:03.154.
	 Executed 1 test, with 0 failures (0 unexpected) in 16.490 (16.493) seconds

Test session results, code coverage, and logs:
	/Users/jojolim/Library/Developer/XcodeBuildMCP/workspaces/orchestrator-309442864093/DerivedData/SpeakLocalNative-8f3e721625a0/Logs/Test/Test-SpeakLocalNative-2026.06.01_08-22-45-+0700.xcresult

** TEST EXECUTE SUCCEEDED **

Testing started

2026-06-01 08:22:46.719 xcodebuild[29140:8489334] [MT] IDELaunchParametersSnapshot: The operation couldn’t be completed. (DebuggerLLDB.DebuggerVersionStore.StoreError error 0.)
2026-06-01 08:22:46.719 xcodebuild[29140:8489334] [MT] IDELaunchParametersSnapshot: no debugger version
2026-06-01 08:22:58.421 xcodebuild[29140:8489334] [MT] IDELaunchParametersSnapshot: The operation couldn’t be completed. (DebuggerLLDB.DebuggerVersionStore.StoreError error 0.)
2026-06-01 08:22:58.421 xcodebuild[29140:8489334] [MT] IDELaunchParametersSnapshot: no debugger version
2026-06-01 08:23:03.460 xcodebuild[29140:8489334] [MT] IDETestOperationsObserverDebug: 17.992 elapsed -- Testing started completed.
2026-06-01 08:23:03.460 xcodebuild[29140:8489334] [MT] IDETestOperationsObserverDebug: 0.000 sec, +0.000 sec -- start
2026-06-01 08:23:03.460 xcodebuild[29140:8489334] [MT] IDETestOperationsObserverDebug: 17.992 sec, +17.992 sec -- end
