Command line invocation:
    /Applications/Xcode.app/Contents/Developer/usr/bin/xcodebuild test-without-building -project /Users/jojolim/Developer/products/speaklocal/app-family/.worktrees/city-listings-production-ready/native-ios/SpeakLocalNative.xcodeproj -scheme SpeakLocalNative -destination "platform=iOS Simulator,id=7C386DD3-4BF1-4A34-A918-768C43CD1258" -derivedDataPath /Users/jojolim/Library/Developer/XcodeBuildMCP/workspaces/orchestrator-309442864093/DerivedData/SpeakLocalNative-8f3e721625a0 "-only-testing:SpeakLocalNativeUITests/CityAppDetailV22RenderProofUITests/testCaptureCityAppDetailV22RenderProofBatch"

2026-06-01 03:47:04.040047+0700 SpeakLocalNativeUITests-Runner[73863:7315303] [Default] Running tests...
    t =      nans Interface orientation changed to Portrait
Test Suite 'Selected tests' started at 2026-06-01 03:47:04.408.
Test Suite 'SpeakLocalNativeUITests.xctest' started at 2026-06-01 03:47:04.408.
Test Suite 'CityAppDetailV22RenderProofUITests' started at 2026-06-01 03:47:04.408.
Test Case '-[SpeakLocalNativeUITests.CityAppDetailV22RenderProofUITests testCaptureCityAppDetailV22RenderProofBatch]' started.
    t =     0.00s Start Test at 2026-06-01 03:47:04.409
    t =     0.02s Set Up
    t =     0.02s Open app.speaklocal.vietnam.native
    t =     0.02s     Launch app.speaklocal.vietnam.native
objc[73863]: Class UIAccessibilityLoaderWebShared is implemented in both /Library/Developer/CoreSimulator/Volumes/iOS_23F77/Library/Developer/CoreSimulator/Profiles/Runtimes/iOS 26.5.simruntime/Contents/Resources/RuntimeRoot/System/Library/AccessibilityBundles/WebCore.axbundle/WebCore (0x10aec4310) and /Library/Developer/CoreSimulator/Volumes/iOS_23F77/Library/Developer/CoreSimulator/Profiles/Runtimes/iOS 26.5.simruntime/Contents/Resources/RuntimeRoot/System/Library/AccessibilityBundles/WebKit.axbundle/WebKit (0x10a730398). This may cause spurious casting failures and mysterious crashes. One of the duplicates must be removed or renamed.
    t =     1.89s         Setting up automation session
    t =     2.31s         Wait for app.speaklocal.vietnam.native to idle
    t =     3.78s Checking existence of `"Sân bay Nội Bài" StaticText`
    t =     3.97s Waiting 8.0s for "Sân bay Nội Bài" StaticText to exist
    t =     5.00s     Checking `Expect predicate `existsNoRetry == 1` for object "Sân bay Nội Bài" StaticText`
    t =     5.00s         Checking existence of `"Sân bay Nội Bài" StaticText`
    t =     5.14s Swipe up Target Application 'app.speaklocal.vietnam.native'
    t =     5.14s     Wait for app.speaklocal.vietnam.native to idle
    t =     5.14s     Find the Target Application 'app.speaklocal.vietnam.native'
    t =     5.15s     Check for interrupting elements affecting "SpeakLocal Vietnam" Application
    t =     5.17s     Synthesize event
    t =     5.59s     Wait for app.speaklocal.vietnam.native to idle
    t =     7.69s Swipe up Target Application 'app.speaklocal.vietnam.native'
    t =     7.69s     Wait for app.speaklocal.vietnam.native to idle
    t =     7.69s     Find the Target Application 'app.speaklocal.vietnam.native'
    t =     7.72s     Check for interrupting elements affecting "SpeakLocal Vietnam" Application
    t =     7.75s     Synthesize event
    t =     8.17s     Wait for app.speaklocal.vietnam.native to idle
    t =     9.09s Terminate app.speaklocal.vietnam.native:73945
    t =    10.16s Open app.speaklocal.vietnam.native
    t =    10.16s     Launch app.speaklocal.vietnam.native
    t =    10.38s         Setting up automation session
    t =    10.84s         Wait for app.speaklocal.vietnam.native to idle
    t =    12.32s Waiting 4.0s for TabBar (First Match) to exist
    t =    13.37s     Checking `Expect predicate `existsNoRetry == 1` for object TabBar (First Match)`
    t =    13.37s         Checking existence of `TabBar (First Match)`
    t =    13.43s Checking existence of `"PhraseArticle.BottomSentinel.viet-family-city-hanoi-place-noi-bai-airport" Other`
    t =    13.51s Checking existence of `"PhraseArticle.BottomSentinel.viet-phrase-city-hanoi-place-noi-bai-airport" Other`
    t =    13.53s Find the "PhraseArticle.BottomSentinel.viet-phrase-city-hanoi-place-noi-bai-airport" Other
    t =    13.56s Checking existence of `TabBar (First Match)`
    t =    13.56s Find the TabBar (First Match)
    t =    13.57s Find the Target Application 'app.speaklocal.vietnam.native'
    t =    13.67s Terminate app.speaklocal.vietnam.native:74029
    t =    14.76s Tear Down
Test Case '-[SpeakLocalNativeUITests.CityAppDetailV22RenderProofUITests testCaptureCityAppDetailV22RenderProofBatch]' passed (14.820 seconds).
Test Suite 'CityAppDetailV22RenderProofUITests' passed at 2026-06-01 03:47:19.229.
	 Executed 1 test, with 0 failures (0 unexpected) in 14.820 (14.821) seconds
Test Suite 'SpeakLocalNativeUITests.xctest' passed at 2026-06-01 03:47:19.230.
	 Executed 1 test, with 0 failures (0 unexpected) in 14.820 (14.822) seconds
Test Suite 'Selected tests' passed at 2026-06-01 03:47:19.231.
	 Executed 1 test, with 0 failures (0 unexpected) in 14.820 (14.823) seconds

Test session results, code coverage, and logs:
	/Users/jojolim/Library/Developer/XcodeBuildMCP/workspaces/orchestrator-309442864093/DerivedData/SpeakLocalNative-8f3e721625a0/Logs/Test/Test-SpeakLocalNative-2026.06.01_03-47-03-+0700.xcresult

** TEST EXECUTE SUCCEEDED **

Testing started

2026-06-01 03:47:04.469 xcodebuild[73861:7315125] [MT] IDELaunchParametersSnapshot: The operation couldn’t be completed. (DebuggerLLDB.DebuggerVersionStore.StoreError error 0.)
2026-06-01 03:47:04.469 xcodebuild[73861:7315125] [MT] IDELaunchParametersSnapshot: no debugger version
2026-06-01 03:47:14.572 xcodebuild[73861:7315125] [MT] IDELaunchParametersSnapshot: The operation couldn’t be completed. (DebuggerLLDB.DebuggerVersionStore.StoreError error 0.)
2026-06-01 03:47:14.572 xcodebuild[73861:7315125] [MT] IDELaunchParametersSnapshot: no debugger version
2026-06-01 03:47:19.524 xcodebuild[73861:7315125] [MT] IDETestOperationsObserverDebug: 16.270 elapsed -- Testing started completed.
2026-06-01 03:47:19.524 xcodebuild[73861:7315125] [MT] IDETestOperationsObserverDebug: 0.000 sec, +0.000 sec -- start
2026-06-01 03:47:19.524 xcodebuild[73861:7315125] [MT] IDETestOperationsObserverDebug: 16.270 sec, +16.270 sec -- end
