Command line invocation:
    /Applications/Xcode.app/Contents/Developer/usr/bin/xcodebuild test-without-building -project /Users/jojolim/Developer/products/speaklocal/app-family/.worktrees/city-listings-production-ready/native-ios/SpeakLocalNative.xcodeproj -scheme SpeakLocalNative -destination "platform=iOS Simulator,id=7C386DD3-4BF1-4A34-A918-768C43CD1258" -derivedDataPath /Users/jojolim/Library/Developer/XcodeBuildMCP/workspaces/orchestrator-309442864093/DerivedData/SpeakLocalNative-8f3e721625a0 "-only-testing:SpeakLocalNativeUITests/CityAppDetailV22RenderProofUITests/testCaptureCityAppDetailV22RenderProofBatch"

2026-06-01 05:54:15.356545+0700 SpeakLocalNativeUITests-Runner[35196:7852338] [Default] Running tests...
    t =      nans Interface orientation changed to Portrait
Test Suite 'Selected tests' started at 2026-06-01 05:54:15.723.
Test Suite 'SpeakLocalNativeUITests.xctest' started at 2026-06-01 05:54:15.723.
Test Suite 'CityAppDetailV22RenderProofUITests' started at 2026-06-01 05:54:15.723.
Test Case '-[SpeakLocalNativeUITests.CityAppDetailV22RenderProofUITests testCaptureCityAppDetailV22RenderProofBatch]' started.
    t =     0.00s Start Test at 2026-06-01 05:54:15.724
    t =     0.02s Set Up
    t =     0.02s Open app.speaklocal.vietnam.native
    t =     0.02s     Launch app.speaklocal.vietnam.native
objc[35196]: Class UIAccessibilityLoaderWebShared is implemented in both /Library/Developer/CoreSimulator/Volumes/iOS_23F77/Library/Developer/CoreSimulator/Profiles/Runtimes/iOS 26.5.simruntime/Contents/Resources/RuntimeRoot/System/Library/AccessibilityBundles/WebCore.axbundle/WebCore (0x10a984310) and /Library/Developer/CoreSimulator/Volumes/iOS_23F77/Library/Developer/CoreSimulator/Profiles/Runtimes/iOS 26.5.simruntime/Contents/Resources/RuntimeRoot/System/Library/AccessibilityBundles/WebKit.axbundle/WebKit (0x10a3b0398). This may cause spurious casting failures and mysterious crashes. One of the duplicates must be removed or renamed.
    t =     1.89s         Setting up automation session
    t =     2.28s         Wait for app.speaklocal.vietnam.native to idle
    t =     3.74s Checking existence of `"Ốc hút ở Đà Nẵng" StaticText`
    t =     3.90s Waiting 8.0s for "Ốc hút ở Đà Nẵng" StaticText to exist
    t =     4.96s     Checking `Expect predicate `existsNoRetry == 1` for object "Ốc hút ở Đà Nẵng" StaticText`
    t =     4.96s         Checking existence of `"Ốc hút ở Đà Nẵng" StaticText`
    t =     5.12s Swipe up Target Application 'app.speaklocal.vietnam.native'
    t =     5.12s     Wait for app.speaklocal.vietnam.native to idle
    t =     5.12s     Find the Target Application 'app.speaklocal.vietnam.native'
    t =     5.13s     Check for interrupting elements affecting "SpeakLocal Vietnam" Application
    t =     5.15s     Synthesize event
    t =     5.57s     Wait for app.speaklocal.vietnam.native to idle
    t =     7.67s Swipe up Target Application 'app.speaklocal.vietnam.native'
    t =     7.67s     Wait for app.speaklocal.vietnam.native to idle
    t =     7.68s     Find the Target Application 'app.speaklocal.vietnam.native'
    t =     7.70s     Check for interrupting elements affecting "SpeakLocal Vietnam" Application
    t =     7.72s     Synthesize event
    t =     8.14s     Wait for app.speaklocal.vietnam.native to idle
    t =     8.83s Terminate app.speaklocal.vietnam.native:35257
    t =     9.92s Open app.speaklocal.vietnam.native
    t =     9.92s     Launch app.speaklocal.vietnam.native
    t =    10.13s         Setting up automation session
    t =    10.60s         Wait for app.speaklocal.vietnam.native to idle
    t =    12.12s Waiting 4.0s for TabBar (First Match) to exist
    t =    13.19s     Checking `Expect predicate `existsNoRetry == 1` for object TabBar (First Match)`
    t =    13.19s         Checking existence of `TabBar (First Match)`
    t =    13.25s Checking existence of `"PhraseArticle.BottomSentinel.viet-family-city-danang-place-oc-hut" Other`
    t =    13.33s Checking existence of `"PhraseArticle.BottomSentinel.viet-phrase-city-danang-place-oc-hut" Other`
    t =    13.35s Find the "PhraseArticle.BottomSentinel.viet-phrase-city-danang-place-oc-hut" Other
    t =    13.37s Checking existence of `TabBar (First Match)`
    t =    13.37s Find the TabBar (First Match)
    t =    13.38s Find the Target Application 'app.speaklocal.vietnam.native'
    t =    13.47s Terminate app.speaklocal.vietnam.native:35384
    t =    14.56s Tear Down
Test Case '-[SpeakLocalNativeUITests.CityAppDetailV22RenderProofUITests testCaptureCityAppDetailV22RenderProofBatch]' passed (14.604 seconds).
Test Suite 'CityAppDetailV22RenderProofUITests' passed at 2026-06-01 05:54:30.328.
	 Executed 1 test, with 0 failures (0 unexpected) in 14.604 (14.605) seconds
Test Suite 'SpeakLocalNativeUITests.xctest' passed at 2026-06-01 05:54:30.329.
	 Executed 1 test, with 0 failures (0 unexpected) in 14.604 (14.606) seconds
Test Suite 'Selected tests' passed at 2026-06-01 05:54:30.329.
	 Executed 1 test, with 0 failures (0 unexpected) in 14.604 (14.607) seconds

Test session results, code coverage, and logs:
	/Users/jojolim/Library/Developer/XcodeBuildMCP/workspaces/orchestrator-309442864093/DerivedData/SpeakLocalNative-8f3e721625a0/Logs/Test/Test-SpeakLocalNative-2026.06.01_05-54-14-+0700.xcresult

** TEST EXECUTE SUCCEEDED **

Testing started

2026-06-01 05:54:15.783 xcodebuild[35190:7852169] [MT] IDELaunchParametersSnapshot: The operation couldn’t be completed. (DebuggerLLDB.DebuggerVersionStore.StoreError error 0.)
2026-06-01 05:54:15.783 xcodebuild[35190:7852169] [MT] IDELaunchParametersSnapshot: no debugger version
2026-06-01 05:54:25.644 xcodebuild[35190:7852169] [MT] IDELaunchParametersSnapshot: The operation couldn’t be completed. (DebuggerLLDB.DebuggerVersionStore.StoreError error 0.)
2026-06-01 05:54:25.644 xcodebuild[35190:7852169] [MT] IDELaunchParametersSnapshot: no debugger version
2026-06-01 05:54:30.633 xcodebuild[35190:7852169] [MT] IDETestOperationsObserverDebug: 16.068 elapsed -- Testing started completed.
2026-06-01 05:54:30.633 xcodebuild[35190:7852169] [MT] IDETestOperationsObserverDebug: 0.000 sec, +0.000 sec -- start
2026-06-01 05:54:30.633 xcodebuild[35190:7852169] [MT] IDETestOperationsObserverDebug: 16.068 sec, +16.068 sec -- end
