Command line invocation:
    /Applications/Xcode.app/Contents/Developer/usr/bin/xcodebuild test-without-building -project /Users/jojolim/Developer/products/speaklocal/app-family/.worktrees/city-listings-production-ready/native-ios/SpeakLocalNative.xcodeproj -scheme SpeakLocalNative -destination "platform=iOS Simulator,id=7C386DD3-4BF1-4A34-A918-768C43CD1258" -derivedDataPath /Users/jojolim/Library/Developer/XcodeBuildMCP/workspaces/orchestrator-309442864093/DerivedData/SpeakLocalNative-8f3e721625a0 "-only-testing:SpeakLocalNativeUITests/CityAppDetailV22RenderProofUITests/testCaptureCityAppDetailV22RenderProofBatch"

2026-06-01 05:58:31.541675+0700 SpeakLocalNativeUITests-Runner[39829:7872800] [Default] Running tests...
    t =      nans Interface orientation changed to Portrait
Test Suite 'Selected tests' started at 2026-06-01 05:58:31.914.
Test Suite 'SpeakLocalNativeUITests.xctest' started at 2026-06-01 05:58:31.914.
Test Suite 'CityAppDetailV22RenderProofUITests' started at 2026-06-01 05:58:31.914.
Test Case '-[SpeakLocalNativeUITests.CityAppDetailV22RenderProofUITests testCaptureCityAppDetailV22RenderProofBatch]' started.
    t =     0.00s Start Test at 2026-06-01 05:58:31.915
    t =     0.02s Set Up
    t =     0.02s Open app.speaklocal.vietnam.native
    t =     0.02s     Launch app.speaklocal.vietnam.native
objc[39829]: Class UIAccessibilityLoaderWebShared is implemented in both /Library/Developer/CoreSimulator/Volumes/iOS_23F77/Library/Developer/CoreSimulator/Profiles/Runtimes/iOS 26.5.simruntime/Contents/Resources/RuntimeRoot/System/Library/AccessibilityBundles/WebCore.axbundle/WebCore (0x106ccc310) and /Library/Developer/CoreSimulator/Volumes/iOS_23F77/Library/Developer/CoreSimulator/Profiles/Runtimes/iOS 26.5.simruntime/Contents/Resources/RuntimeRoot/System/Library/AccessibilityBundles/WebKit.axbundle/WebKit (0x10654c398). This may cause spurious casting failures and mysterious crashes. One of the duplicates must be removed or renamed.
    t =     1.91s         Setting up automation session
    t =     2.32s         Wait for app.speaklocal.vietnam.native to idle
    t =     3.79s Checking existence of `"Yên Retreat" StaticText`
    t =     3.91s Waiting 8.0s for "Yên Retreat" StaticText to exist
    t =     4.98s     Checking `Expect predicate `existsNoRetry == 1` for object "Yên Retreat" StaticText`
    t =     4.98s         Checking existence of `"Yên Retreat" StaticText`
    t =     5.13s Swipe up Target Application 'app.speaklocal.vietnam.native'
    t =     5.13s     Wait for app.speaklocal.vietnam.native to idle
    t =     5.13s     Find the Target Application 'app.speaklocal.vietnam.native'
    t =     5.15s     Check for interrupting elements affecting "SpeakLocal Vietnam" Application
    t =     5.16s     Synthesize event
    t =     5.59s     Wait for app.speaklocal.vietnam.native to idle
    t =     7.70s Swipe up Target Application 'app.speaklocal.vietnam.native'
    t =     7.70s     Wait for app.speaklocal.vietnam.native to idle
    t =     7.70s     Find the Target Application 'app.speaklocal.vietnam.native'
    t =     7.72s     Check for interrupting elements affecting "SpeakLocal Vietnam" Application
    t =     7.75s     Synthesize event
    t =     8.17s     Wait for app.speaklocal.vietnam.native to idle
    t =     8.89s Terminate app.speaklocal.vietnam.native:39906
    t =     9.99s Open app.speaklocal.vietnam.native
    t =     9.99s     Launch app.speaklocal.vietnam.native
    t =    10.21s         Setting up automation session
    t =    10.67s         Wait for app.speaklocal.vietnam.native to idle
    t =    12.11s Waiting 4.0s for TabBar (First Match) to exist
    t =    13.18s     Checking `Expect predicate `existsNoRetry == 1` for object TabBar (First Match)`
    t =    13.18s         Checking existence of `TabBar (First Match)`
    t =    13.24s Checking existence of `"PhraseArticle.BottomSentinel.viet-family-city-danang-place-yen-retreat" Other`
    t =    13.32s Checking existence of `"PhraseArticle.BottomSentinel.viet-phrase-city-danang-place-yen-retreat" Other`
    t =    13.34s Find the "PhraseArticle.BottomSentinel.viet-phrase-city-danang-place-yen-retreat" Other
    t =    13.36s Checking existence of `TabBar (First Match)`
    t =    13.37s Find the TabBar (First Match)
    t =    13.37s Find the Target Application 'app.speaklocal.vietnam.native'
    t =    13.46s Terminate app.speaklocal.vietnam.native:39998
    t =    14.55s Tear Down
Test Case '-[SpeakLocalNativeUITests.CityAppDetailV22RenderProofUITests testCaptureCityAppDetailV22RenderProofBatch]' passed (14.603 seconds).
Test Suite 'CityAppDetailV22RenderProofUITests' passed at 2026-06-01 05:58:46.517.
	 Executed 1 test, with 0 failures (0 unexpected) in 14.603 (14.603) seconds
Test Suite 'SpeakLocalNativeUITests.xctest' passed at 2026-06-01 05:58:46.518.
	 Executed 1 test, with 0 failures (0 unexpected) in 14.603 (14.603) seconds
Test Suite 'Selected tests' passed at 2026-06-01 05:58:46.518.
	 Executed 1 test, with 0 failures (0 unexpected) in 14.603 (14.604) seconds

Test session results, code coverage, and logs:
	/Users/jojolim/Library/Developer/XcodeBuildMCP/workspaces/orchestrator-309442864093/DerivedData/SpeakLocalNative-8f3e721625a0/Logs/Test/Test-SpeakLocalNative-2026.06.01_05-58-30-+0700.xcresult

** TEST EXECUTE SUCCEEDED **

Testing started

2026-06-01 05:58:31.972 xcodebuild[39825:7872563] [MT] IDELaunchParametersSnapshot: The operation couldn’t be completed. (DebuggerLLDB.DebuggerVersionStore.StoreError error 0.)
2026-06-01 05:58:31.972 xcodebuild[39825:7872563] [MT] IDELaunchParametersSnapshot: no debugger version
2026-06-01 05:58:41.905 xcodebuild[39825:7872563] [MT] IDELaunchParametersSnapshot: The operation couldn’t be completed. (DebuggerLLDB.DebuggerVersionStore.StoreError error 0.)
2026-06-01 05:58:41.905 xcodebuild[39825:7872563] [MT] IDELaunchParametersSnapshot: no debugger version
2026-06-01 05:58:46.803 xcodebuild[39825:7872563] [MT] IDETestOperationsObserverDebug: 16.088 elapsed -- Testing started completed.
2026-06-01 05:58:46.803 xcodebuild[39825:7872563] [MT] IDETestOperationsObserverDebug: 0.000 sec, +0.000 sec -- start
2026-06-01 05:58:46.803 xcodebuild[39825:7872563] [MT] IDETestOperationsObserverDebug: 16.088 sec, +16.088 sec -- end
