Command line invocation:
    /Applications/Xcode.app/Contents/Developer/usr/bin/xcodebuild test-without-building -project /Users/jojolim/Developer/products/speaklocal/app-family/.worktrees/city-listings-production-ready/native-ios/SpeakLocalNative.xcodeproj -scheme SpeakLocalNative -destination "platform=iOS Simulator,id=7C386DD3-4BF1-4A34-A918-768C43CD1258" -derivedDataPath /Users/jojolim/Library/Developer/XcodeBuildMCP/workspaces/orchestrator-309442864093/DerivedData/SpeakLocalNative-8f3e721625a0 "-only-testing:SpeakLocalNativeUITests/CityAppDetailV22RenderProofUITests/testCaptureCityAppDetailV22RenderProofBatch"

2026-06-01 07:08:47.788838+0700 SpeakLocalNativeUITests-Runner[42727:8194047] [Default] Running tests...
    t =      nans Interface orientation changed to Portrait
Test Suite 'Selected tests' started at 2026-06-01 07:08:48.154.
Test Suite 'SpeakLocalNativeUITests.xctest' started at 2026-06-01 07:08:48.154.
Test Suite 'CityAppDetailV22RenderProofUITests' started at 2026-06-01 07:08:48.154.
Test Case '-[SpeakLocalNativeUITests.CityAppDetailV22RenderProofUITests testCaptureCityAppDetailV22RenderProofBatch]' started.
    t =     0.00s Start Test at 2026-06-01 07:08:48.154
    t =     0.02s Set Up
    t =     0.02s Open app.speaklocal.vietnam.native
    t =     0.02s     Launch app.speaklocal.vietnam.native
objc[42727]: Class UIAccessibilityLoaderWebShared is implemented in both /Library/Developer/CoreSimulator/Volumes/iOS_23F77/Library/Developer/CoreSimulator/Profiles/Runtimes/iOS 26.5.simruntime/Contents/Resources/RuntimeRoot/System/Library/AccessibilityBundles/WebCore.axbundle/WebCore (0x10b220310) and /Library/Developer/CoreSimulator/Volumes/iOS_23F77/Library/Developer/CoreSimulator/Profiles/Runtimes/iOS 26.5.simruntime/Contents/Resources/RuntimeRoot/System/Library/AccessibilityBundles/WebKit.axbundle/WebKit (0x10aa8c398). This may cause spurious casting failures and mysterious crashes. One of the duplicates must be removed or renamed.
    t =     1.89s         Setting up automation session
    t =     2.35s         Wait for app.speaklocal.vietnam.native to idle
    t =     3.80s Checking existence of `"Đi chợ đêm phố cổ" StaticText`
    t =     3.94s Waiting 8.0s for "Đi chợ đêm phố cổ" StaticText to exist
    t =     5.01s     Checking `Expect predicate `existsNoRetry == 1` for object "Đi chợ đêm phố cổ" StaticText`
    t =     5.01s         Checking existence of `"Đi chợ đêm phố cổ" StaticText`
    t =     5.17s Swipe up Target Application 'app.speaklocal.vietnam.native'
    t =     5.17s     Wait for app.speaklocal.vietnam.native to idle
    t =     5.17s     Find the Target Application 'app.speaklocal.vietnam.native'
    t =     5.18s     Check for interrupting elements affecting "SpeakLocal Vietnam" Application
    t =     5.20s     Synthesize event
    t =     5.62s     Wait for app.speaklocal.vietnam.native to idle
    t =     7.72s Swipe up Target Application 'app.speaklocal.vietnam.native'
    t =     7.72s     Wait for app.speaklocal.vietnam.native to idle
    t =     7.80s     Find the Target Application 'app.speaklocal.vietnam.native'
    t =     7.82s     Check for interrupting elements affecting "SpeakLocal Vietnam" Application
    t =     7.84s     Synthesize event
    t =     8.26s     Wait for app.speaklocal.vietnam.native to idle
    t =     9.00s Terminate app.speaklocal.vietnam.native:42805
    t =    10.06s Open app.speaklocal.vietnam.native
    t =    10.06s     Launch app.speaklocal.vietnam.native
    t =    10.28s         Setting up automation session
    t =    10.75s         Wait for app.speaklocal.vietnam.native to idle
    t =    12.19s Waiting 4.0s for TabBar (First Match) to exist
    t =    13.22s     Checking `Expect predicate `existsNoRetry == 1` for object TabBar (First Match)`
    t =    13.22s         Checking existence of `TabBar (First Match)`
    t =    13.26s Checking existence of `"PhraseArticle.BottomSentinel.viet-family-city-hanoi-place-night-market-walk" Other`
    t =    13.34s Checking existence of `"PhraseArticle.BottomSentinel.viet-phrase-city-hanoi-place-night-market-walk" Other`
    t =    13.37s Find the "PhraseArticle.BottomSentinel.viet-phrase-city-hanoi-place-night-market-walk" Other
    t =    13.39s Checking existence of `TabBar (First Match)`
    t =    13.39s Find the TabBar (First Match)
    t =    13.40s Find the Target Application 'app.speaklocal.vietnam.native'
    t =    13.49s Terminate app.speaklocal.vietnam.native:42896
    t =    14.56s Tear Down
Test Case '-[SpeakLocalNativeUITests.CityAppDetailV22RenderProofUITests testCaptureCityAppDetailV22RenderProofBatch]' passed (14.598 seconds).
Test Suite 'CityAppDetailV22RenderProofUITests' passed at 2026-06-01 07:09:02.753.
	 Executed 1 test, with 0 failures (0 unexpected) in 14.598 (14.599) seconds
Test Suite 'SpeakLocalNativeUITests.xctest' passed at 2026-06-01 07:09:02.753.
	 Executed 1 test, with 0 failures (0 unexpected) in 14.598 (14.599) seconds
Test Suite 'Selected tests' passed at 2026-06-01 07:09:02.753.
	 Executed 1 test, with 0 failures (0 unexpected) in 14.598 (14.600) seconds

Test session results, code coverage, and logs:
	/Users/jojolim/Library/Developer/XcodeBuildMCP/workspaces/orchestrator-309442864093/DerivedData/SpeakLocalNative-8f3e721625a0/Logs/Test/Test-SpeakLocalNative-2026.06.01_07-08-46-+0700.xcresult

** TEST EXECUTE SUCCEEDED **

Testing started

2026-06-01 07:08:48.213 xcodebuild[42725:8193897] [MT] IDELaunchParametersSnapshot: The operation couldn’t be completed. (DebuggerLLDB.DebuggerVersionStore.StoreError error 0.)
2026-06-01 07:08:48.213 xcodebuild[42725:8193897] [MT] IDELaunchParametersSnapshot: no debugger version
2026-06-01 07:08:58.220 xcodebuild[42725:8193897] [MT] IDELaunchParametersSnapshot: The operation couldn’t be completed. (DebuggerLLDB.DebuggerVersionStore.StoreError error 0.)
2026-06-01 07:08:58.220 xcodebuild[42725:8193897] [MT] IDELaunchParametersSnapshot: no debugger version
2026-06-01 07:09:03.043 xcodebuild[42725:8193897] [MT] IDETestOperationsObserverDebug: 16.070 elapsed -- Testing started completed.
2026-06-01 07:09:03.043 xcodebuild[42725:8193897] [MT] IDETestOperationsObserverDebug: 0.000 sec, +0.000 sec -- start
2026-06-01 07:09:03.043 xcodebuild[42725:8193897] [MT] IDETestOperationsObserverDebug: 16.070 sec, +16.070 sec -- end
