Command line invocation:
    /Applications/Xcode.app/Contents/Developer/usr/bin/xcodebuild test-without-building -project /Users/jojolim/Developer/products/speaklocal/app-family/.worktrees/city-listings-production-ready/native-ios/SpeakLocalNative.xcodeproj -scheme SpeakLocalNative -destination "platform=iOS Simulator,id=7C386DD3-4BF1-4A34-A918-768C43CD1258" -derivedDataPath /Users/jojolim/Library/Developer/XcodeBuildMCP/workspaces/orchestrator-309442864093/DerivedData/SpeakLocalNative-8f3e721625a0 "-only-testing:SpeakLocalNativeUITests/CityAppDetailV22RenderProofUITests/testCaptureCityAppDetailV22RenderProofBatch"

2026-06-01 04:55:46.383119+0700 SpeakLocalNativeUITests-Runner[56054:7610768] [Default] Running tests...
    t =      nans Interface orientation changed to Portrait
Test Suite 'Selected tests' started at 2026-06-01 04:55:46.751.
Test Suite 'SpeakLocalNativeUITests.xctest' started at 2026-06-01 04:55:46.752.
Test Suite 'CityAppDetailV22RenderProofUITests' started at 2026-06-01 04:55:46.752.
Test Case '-[SpeakLocalNativeUITests.CityAppDetailV22RenderProofUITests testCaptureCityAppDetailV22RenderProofBatch]' started.
    t =     0.00s Start Test at 2026-06-01 04:55:46.752
    t =     0.02s Set Up
    t =     0.02s Open app.speaklocal.vietnam.native
    t =     0.02s     Launch app.speaklocal.vietnam.native
objc[56054]: Class UIAccessibilityLoaderWebShared is implemented in both /Library/Developer/CoreSimulator/Volumes/iOS_23F77/Library/Developer/CoreSimulator/Profiles/Runtimes/iOS 26.5.simruntime/Contents/Resources/RuntimeRoot/System/Library/AccessibilityBundles/WebCore.axbundle/WebCore (0x10830c310) and /Library/Developer/CoreSimulator/Volumes/iOS_23F77/Library/Developer/CoreSimulator/Profiles/Runtimes/iOS 26.5.simruntime/Contents/Resources/RuntimeRoot/System/Library/AccessibilityBundles/WebKit.axbundle/WebKit (0x107778398). This may cause spurious casting failures and mysterious crashes. One of the duplicates must be removed or renamed.
    t =     1.69s         Setting up automation session
    t =     2.27s         Wait for app.speaklocal.vietnam.native to idle
    t =     3.78s Checking existence of `"Tòa nhà Bitexco" StaticText`
    t =     3.95s Waiting 8.0s for "Tòa nhà Bitexco" StaticText to exist
    t =     5.02s     Checking `Expect predicate `existsNoRetry == 1` for object "Tòa nhà Bitexco" StaticText`
    t =     5.02s         Checking existence of `"Tòa nhà Bitexco" StaticText`
    t =     5.20s Swipe up Target Application 'app.speaklocal.vietnam.native'
    t =     5.20s     Wait for app.speaklocal.vietnam.native to idle
    t =     5.20s     Find the Target Application 'app.speaklocal.vietnam.native'
    t =     5.22s     Check for interrupting elements affecting "SpeakLocal Vietnam" Application
    t =     5.23s     Synthesize event
    t =     5.65s     Wait for app.speaklocal.vietnam.native to idle
    t =     7.77s Swipe up Target Application 'app.speaklocal.vietnam.native'
    t =     7.77s     Wait for app.speaklocal.vietnam.native to idle
    t =     7.77s     Find the Target Application 'app.speaklocal.vietnam.native'
    t =     7.80s     Check for interrupting elements affecting "SpeakLocal Vietnam" Application
    t =     7.82s     Synthesize event
    t =     8.25s     Wait for app.speaklocal.vietnam.native to idle
    t =     9.31s Terminate app.speaklocal.vietnam.native:56098
    t =    10.40s Open app.speaklocal.vietnam.native
    t =    10.40s     Launch app.speaklocal.vietnam.native
    t =    10.62s         Setting up automation session
    t =    11.11s         Wait for app.speaklocal.vietnam.native to idle
    t =    12.60s Waiting 4.0s for TabBar (First Match) to exist
    t =    13.67s     Checking `Expect predicate `existsNoRetry == 1` for object TabBar (First Match)`
    t =    13.67s         Checking existence of `TabBar (First Match)`
    t =    13.73s Checking existence of `"PhraseArticle.BottomSentinel.viet-family-city-hcmc-place-bitexco-tower" Other`
    t =    13.82s Checking existence of `"PhraseArticle.BottomSentinel.viet-phrase-city-hcmc-place-bitexco-tower" Other`
    t =    13.84s Find the "PhraseArticle.BottomSentinel.viet-phrase-city-hcmc-place-bitexco-tower" Other
    t =    13.86s Checking existence of `TabBar (First Match)`
    t =    13.87s Find the TabBar (First Match)
    t =    13.88s Find the Target Application 'app.speaklocal.vietnam.native'
    t =    13.97s Terminate app.speaklocal.vietnam.native:56220
    t =    15.06s Tear Down
Test Case '-[SpeakLocalNativeUITests.CityAppDetailV22RenderProofUITests testCaptureCityAppDetailV22RenderProofBatch]' passed (15.131 seconds).
Test Suite 'CityAppDetailV22RenderProofUITests' passed at 2026-06-01 04:56:01.885.
	 Executed 1 test, with 0 failures (0 unexpected) in 15.131 (15.133) seconds
Test Suite 'SpeakLocalNativeUITests.xctest' passed at 2026-06-01 04:56:01.886.
	 Executed 1 test, with 0 failures (0 unexpected) in 15.131 (15.134) seconds
Test Suite 'Selected tests' passed at 2026-06-01 04:56:01.887.
	 Executed 1 test, with 0 failures (0 unexpected) in 15.131 (15.135) seconds

Test session results, code coverage, and logs:
	/Users/jojolim/Library/Developer/XcodeBuildMCP/workspaces/orchestrator-309442864093/DerivedData/SpeakLocalNative-8f3e721625a0/Logs/Test/Test-SpeakLocalNative-2026.06.01_04-55-45-+0700.xcresult

** TEST EXECUTE SUCCEEDED **

Testing started

2026-06-01 04:55:46.813 xcodebuild[56052:7610608] [MT] IDELaunchParametersSnapshot: The operation couldn’t be completed. (DebuggerLLDB.DebuggerVersionStore.StoreError error 0.)
2026-06-01 04:55:46.813 xcodebuild[56052:7610608] [MT] IDELaunchParametersSnapshot: no debugger version
2026-06-01 04:55:57.159 xcodebuild[56052:7610608] [MT] IDELaunchParametersSnapshot: The operation couldn’t be completed. (DebuggerLLDB.DebuggerVersionStore.StoreError error 0.)
2026-06-01 04:55:57.159 xcodebuild[56052:7610608] [MT] IDELaunchParametersSnapshot: no debugger version
2026-06-01 04:56:02.189 xcodebuild[56052:7610608] [MT] IDETestOperationsObserverDebug: 16.606 elapsed -- Testing started completed.
2026-06-01 04:56:02.189 xcodebuild[56052:7610608] [MT] IDETestOperationsObserverDebug: 0.000 sec, +0.000 sec -- start
2026-06-01 04:56:02.189 xcodebuild[56052:7610608] [MT] IDETestOperationsObserverDebug: 16.606 sec, +16.606 sec -- end
