Command line invocation:
    /Applications/Xcode.app/Contents/Developer/usr/bin/xcodebuild test-without-building -project /Users/jojolim/Developer/products/speaklocal/app-family/.worktrees/city-listings-production-ready/native-ios/SpeakLocalNative.xcodeproj -scheme SpeakLocalNative -destination "platform=iOS Simulator,id=7C386DD3-4BF1-4A34-A918-768C43CD1258" -derivedDataPath /Users/jojolim/Library/Developer/XcodeBuildMCP/workspaces/orchestrator-309442864093/DerivedData/SpeakLocalNative-8f3e721625a0 "-only-testing:SpeakLocalNativeUITests/CityAppDetailV22RenderProofUITests/testCaptureCityAppDetailV22RenderProofBatch"

2026-06-01 07:20:37.543525+0700 SpeakLocalNativeUITests-Runner[54155:8243148] [Default] Running tests...
    t =      nans Interface orientation changed to Portrait
Test Suite 'Selected tests' started at 2026-06-01 07:20:37.949.
Test Suite 'SpeakLocalNativeUITests.xctest' started at 2026-06-01 07:20:37.950.
Test Suite 'CityAppDetailV22RenderProofUITests' started at 2026-06-01 07:20:37.950.
Test Case '-[SpeakLocalNativeUITests.CityAppDetailV22RenderProofUITests testCaptureCityAppDetailV22RenderProofBatch]' started.
    t =     0.00s Start Test at 2026-06-01 07:20:37.950
    t =     0.02s Set Up
    t =     0.02s Open app.speaklocal.vietnam.native
    t =     0.02s     Launch app.speaklocal.vietnam.native
objc[54155]: Class UIAccessibilityLoaderWebShared is implemented in both /Library/Developer/CoreSimulator/Volumes/iOS_23F77/Library/Developer/CoreSimulator/Profiles/Runtimes/iOS 26.5.simruntime/Contents/Resources/RuntimeRoot/System/Library/AccessibilityBundles/WebCore.axbundle/WebCore (0x106810310) and /Library/Developer/CoreSimulator/Volumes/iOS_23F77/Library/Developer/CoreSimulator/Profiles/Runtimes/iOS 26.5.simruntime/Contents/Resources/RuntimeRoot/System/Library/AccessibilityBundles/WebKit.axbundle/WebKit (0x106090398). This may cause spurious casting failures and mysterious crashes. One of the duplicates must be removed or renamed.
    t =     1.89s         Setting up automation session
    t =     2.42s         Wait for app.speaklocal.vietnam.native to idle
    t =     3.90s Checking existence of `"Phở Hương Bình" StaticText`
    t =     4.07s Waiting 8.0s for "Phở Hương Bình" StaticText to exist
    t =     5.12s     Checking `Expect predicate `existsNoRetry == 1` for object "Phở Hương Bình" StaticText`
    t =     5.12s         Checking existence of `"Phở Hương Bình" StaticText`
    t =     5.27s Swipe up Target Application 'app.speaklocal.vietnam.native'
    t =     5.27s     Wait for app.speaklocal.vietnam.native to idle
    t =     5.28s     Find the Target Application 'app.speaklocal.vietnam.native'
    t =     5.29s     Check for interrupting elements affecting "SpeakLocal Vietnam" Application
    t =     5.31s     Synthesize event
    t =     5.74s     Wait for app.speaklocal.vietnam.native to idle
    t =     7.84s Swipe up Target Application 'app.speaklocal.vietnam.native'
    t =     7.84s     Wait for app.speaklocal.vietnam.native to idle
    t =     8.00s     Find the Target Application 'app.speaklocal.vietnam.native'
    t =     8.03s     Check for interrupting elements affecting "SpeakLocal Vietnam" Application
    t =     8.06s     Synthesize event
    t =     8.48s     Wait for app.speaklocal.vietnam.native to idle
    t =    10.69s Terminate app.speaklocal.vietnam.native:54218
    t =    11.77s Open app.speaklocal.vietnam.native
    t =    11.77s     Launch app.speaklocal.vietnam.native
    t =    11.98s         Setting up automation session
    t =    12.48s         Wait for app.speaklocal.vietnam.native to idle
    t =    13.93s Waiting 4.0s for TabBar (First Match) to exist
    t =    14.97s     Checking `Expect predicate `existsNoRetry == 1` for object TabBar (First Match)`
    t =    14.97s         Checking existence of `TabBar (First Match)`
    t =    15.03s Checking existence of `"PhraseArticle.BottomSentinel.viet-family-city-hcmc-place-pho-huong-binh" Other`
    t =    15.11s Checking existence of `"PhraseArticle.BottomSentinel.viet-phrase-city-hcmc-place-pho-huong-binh" Other`
    t =    15.13s Find the "PhraseArticle.BottomSentinel.viet-phrase-city-hcmc-place-pho-huong-binh" Other
    t =    15.16s Checking existence of `TabBar (First Match)`
    t =    15.16s Find the TabBar (First Match)
    t =    15.17s Find the Target Application 'app.speaklocal.vietnam.native'
    t =    15.28s Terminate app.speaklocal.vietnam.native:54346
    t =    16.34s Tear Down
Test Case '-[SpeakLocalNativeUITests.CityAppDetailV22RenderProofUITests testCaptureCityAppDetailV22RenderProofBatch]' passed (16.412 seconds).
Test Suite 'CityAppDetailV22RenderProofUITests' passed at 2026-06-01 07:20:54.362.
	 Executed 1 test, with 0 failures (0 unexpected) in 16.412 (16.412) seconds
Test Suite 'SpeakLocalNativeUITests.xctest' passed at 2026-06-01 07:20:54.362.
	 Executed 1 test, with 0 failures (0 unexpected) in 16.412 (16.412) seconds
Test Suite 'Selected tests' passed at 2026-06-01 07:20:54.362.
	 Executed 1 test, with 0 failures (0 unexpected) in 16.412 (16.413) seconds

Test session results, code coverage, and logs:
	/Users/jojolim/Library/Developer/XcodeBuildMCP/workspaces/orchestrator-309442864093/DerivedData/SpeakLocalNative-8f3e721625a0/Logs/Test/Test-SpeakLocalNative-2026.06.01_07-20-36-+0700.xcresult

** TEST EXECUTE SUCCEEDED **

Testing started

2026-06-01 07:20:38.004 xcodebuild[54152:8242967] [MT] IDELaunchParametersSnapshot: The operation couldn’t be completed. (DebuggerLLDB.DebuggerVersionStore.StoreError error 0.)
2026-06-01 07:20:38.004 xcodebuild[54152:8242967] [MT] IDELaunchParametersSnapshot: no debugger version
2026-06-01 07:20:49.720 xcodebuild[54152:8242967] [MT] IDELaunchParametersSnapshot: The operation couldn’t be completed. (DebuggerLLDB.DebuggerVersionStore.StoreError error 0.)
2026-06-01 07:20:49.720 xcodebuild[54152:8242967] [MT] IDELaunchParametersSnapshot: no debugger version
2026-06-01 07:20:54.648 xcodebuild[54152:8242967] [MT] IDETestOperationsObserverDebug: 17.919 elapsed -- Testing started completed.
2026-06-01 07:20:54.648 xcodebuild[54152:8242967] [MT] IDETestOperationsObserverDebug: 0.000 sec, +0.000 sec -- start
2026-06-01 07:20:54.648 xcodebuild[54152:8242967] [MT] IDETestOperationsObserverDebug: 17.919 sec, +17.919 sec -- end
