Command line invocation:
    /Applications/Xcode.app/Contents/Developer/usr/bin/xcodebuild test-without-building -project /Users/jojolim/Developer/products/speaklocal/app-family/.worktrees/city-listings-production-ready/native-ios/SpeakLocalNative.xcodeproj -scheme SpeakLocalNative -destination "platform=iOS Simulator,id=7C386DD3-4BF1-4A34-A918-768C43CD1258" -derivedDataPath /Users/jojolim/Library/Developer/XcodeBuildMCP/workspaces/orchestrator-309442864093/DerivedData/SpeakLocalNative-8f3e721625a0 "-only-testing:SpeakLocalNativeUITests/CityAppDetailV22RenderProofUITests/testCaptureCityAppDetailV22RenderProofBatch"

2026-06-01 05:39:02.741148+0700 SpeakLocalNativeUITests-Runner[21034:7792913] [Default] Running tests...
    t =      nans Interface orientation changed to Portrait
Test Suite 'Selected tests' started at 2026-06-01 05:39:03.107.
Test Suite 'SpeakLocalNativeUITests.xctest' started at 2026-06-01 05:39:03.107.
Test Suite 'CityAppDetailV22RenderProofUITests' started at 2026-06-01 05:39:03.107.
Test Case '-[SpeakLocalNativeUITests.CityAppDetailV22RenderProofUITests testCaptureCityAppDetailV22RenderProofBatch]' started.
    t =     0.00s Start Test at 2026-06-01 05:39:03.107
    t =     0.02s Set Up
    t =     0.02s Open app.speaklocal.vietnam.native
    t =     0.02s     Launch app.speaklocal.vietnam.native
objc[21034]: Class UIAccessibilityLoaderWebShared is implemented in both /Library/Developer/CoreSimulator/Volumes/iOS_23F77/Library/Developer/CoreSimulator/Profiles/Runtimes/iOS 26.5.simruntime/Contents/Resources/RuntimeRoot/System/Library/AccessibilityBundles/WebCore.axbundle/WebCore (0x106b94310) and /Library/Developer/CoreSimulator/Volumes/iOS_23F77/Library/Developer/CoreSimulator/Profiles/Runtimes/iOS 26.5.simruntime/Contents/Resources/RuntimeRoot/System/Library/AccessibilityBundles/WebKit.axbundle/WebKit (0x1063f0398). This may cause spurious casting failures and mysterious crashes. One of the duplicates must be removed or renamed.
    t =     1.90s         Setting up automation session
    t =     2.38s         Wait for app.speaklocal.vietnam.native to idle
    t =     3.86s Checking existence of `"Nhà hát Trưng Vương" StaticText`
    t =     4.00s Waiting 8.0s for "Nhà hát Trưng Vương" StaticText to exist
    t =     5.07s     Checking `Expect predicate `existsNoRetry == 1` for object "Nhà hát Trưng Vương" StaticText`
    t =     5.07s         Checking existence of `"Nhà hát Trưng Vương" StaticText`
    t =     5.31s Swipe up Target Application 'app.speaklocal.vietnam.native'
    t =     5.31s     Wait for app.speaklocal.vietnam.native to idle
    t =     5.31s     Find the Target Application 'app.speaklocal.vietnam.native'
    t =     5.33s     Check for interrupting elements affecting "SpeakLocal Vietnam" Application
    t =     5.34s     Synthesize event
    t =     5.77s     Wait for app.speaklocal.vietnam.native to idle
    t =     7.89s Swipe up Target Application 'app.speaklocal.vietnam.native'
    t =     7.89s     Wait for app.speaklocal.vietnam.native to idle
    t =     7.89s     Find the Target Application 'app.speaklocal.vietnam.native'
    t =     7.92s     Check for interrupting elements affecting "SpeakLocal Vietnam" Application
    t =     7.94s     Synthesize event
    t =     8.37s     Wait for app.speaklocal.vietnam.native to idle
    t =     9.22s Terminate app.speaklocal.vietnam.native:21110
    t =    10.30s Open app.speaklocal.vietnam.native
    t =    10.30s     Launch app.speaklocal.vietnam.native
    t =    10.52s         Setting up automation session
    t =    10.99s         Wait for app.speaklocal.vietnam.native to idle
    t =    12.46s Waiting 4.0s for TabBar (First Match) to exist
    t =    13.53s     Checking `Expect predicate `existsNoRetry == 1` for object TabBar (First Match)`
    t =    13.53s         Checking existence of `TabBar (First Match)`
    t =    13.59s Checking existence of `"PhraseArticle.BottomSentinel.viet-family-city-danang-place-trung-vuong-theatre" Other`
    t =    13.67s Checking existence of `"PhraseArticle.BottomSentinel.viet-phrase-city-danang-place-trung-vuong-theatre" Other`
    t =    13.69s Find the "PhraseArticle.BottomSentinel.viet-phrase-city-danang-place-trung-vuong-theatre" Other
    t =    13.72s Checking existence of `TabBar (First Match)`
    t =    13.72s Find the TabBar (First Match)
    t =    13.73s Find the Target Application 'app.speaklocal.vietnam.native'
    t =    13.82s Terminate app.speaklocal.vietnam.native:21200
    t =    14.91s Tear Down
Test Case '-[SpeakLocalNativeUITests.CityAppDetailV22RenderProofUITests testCaptureCityAppDetailV22RenderProofBatch]' passed (14.958 seconds).
Test Suite 'CityAppDetailV22RenderProofUITests' passed at 2026-06-01 05:39:18.066.
	 Executed 1 test, with 0 failures (0 unexpected) in 14.958 (14.959) seconds
Test Suite 'SpeakLocalNativeUITests.xctest' passed at 2026-06-01 05:39:18.066.
	 Executed 1 test, with 0 failures (0 unexpected) in 14.958 (14.959) seconds
Test Suite 'Selected tests' passed at 2026-06-01 05:39:18.066.
	 Executed 1 test, with 0 failures (0 unexpected) in 14.958 (14.959) seconds

Test session results, code coverage, and logs:
	/Users/jojolim/Library/Developer/XcodeBuildMCP/workspaces/orchestrator-309442864093/DerivedData/SpeakLocalNative-8f3e721625a0/Logs/Test/Test-SpeakLocalNative-2026.06.01_05-39-01-+0700.xcresult

** TEST EXECUTE SUCCEEDED **

Testing started

2026-06-01 05:39:03.165 xcodebuild[21031:7792753] [MT] IDELaunchParametersSnapshot: The operation couldn’t be completed. (DebuggerLLDB.DebuggerVersionStore.StoreError error 0.)
2026-06-01 05:39:03.165 xcodebuild[21031:7792753] [MT] IDELaunchParametersSnapshot: no debugger version
2026-06-01 05:39:13.415 xcodebuild[21031:7792753] [MT] IDELaunchParametersSnapshot: The operation couldn’t be completed. (DebuggerLLDB.DebuggerVersionStore.StoreError error 0.)
2026-06-01 05:39:13.415 xcodebuild[21031:7792753] [MT] IDELaunchParametersSnapshot: no debugger version
2026-06-01 05:39:18.351 xcodebuild[21031:7792753] [MT] IDETestOperationsObserverDebug: 16.426 elapsed -- Testing started completed.
2026-06-01 05:39:18.351 xcodebuild[21031:7792753] [MT] IDETestOperationsObserverDebug: 0.000 sec, +0.000 sec -- start
2026-06-01 05:39:18.351 xcodebuild[21031:7792753] [MT] IDETestOperationsObserverDebug: 16.426 sec, +16.426 sec -- end
