Command line invocation:
    /Applications/Xcode.app/Contents/Developer/usr/bin/xcodebuild test-without-building -project /Users/jojolim/Developer/products/speaklocal/app-family/.worktrees/city-listings-production-ready/native-ios/SpeakLocalNative.xcodeproj -scheme SpeakLocalNative -destination "platform=iOS Simulator,id=7C386DD3-4BF1-4A34-A918-768C43CD1258" -derivedDataPath /Users/jojolim/Library/Developer/XcodeBuildMCP/workspaces/orchestrator-309442864093/DerivedData/SpeakLocalNative-8f3e721625a0 "-only-testing:SpeakLocalNativeUITests/CityAppDetailV22RenderProofUITests/testCaptureCityAppDetailV22RenderProofBatch"

2026-06-01 03:51:23.469380+0700 SpeakLocalNativeUITests-Runner[79848:7335021] [Default] Running tests...
    t =      nans Interface orientation changed to Portrait
Test Suite 'Selected tests' started at 2026-06-01 03:51:23.845.
Test Suite 'SpeakLocalNativeUITests.xctest' started at 2026-06-01 03:51:23.845.
Test Suite 'CityAppDetailV22RenderProofUITests' started at 2026-06-01 03:51:23.845.
Test Case '-[SpeakLocalNativeUITests.CityAppDetailV22RenderProofUITests testCaptureCityAppDetailV22RenderProofBatch]' started.
    t =     0.00s Start Test at 2026-06-01 03:51:23.846
    t =     0.02s Set Up
    t =     0.02s Open app.speaklocal.vietnam.native
    t =     0.02s     Launch app.speaklocal.vietnam.native
objc[79848]: Class UIAccessibilityLoaderWebShared is implemented in both /Library/Developer/CoreSimulator/Volumes/iOS_23F77/Library/Developer/CoreSimulator/Profiles/Runtimes/iOS 26.5.simruntime/Contents/Resources/RuntimeRoot/System/Library/AccessibilityBundles/WebCore.axbundle/WebCore (0x1086a4310) and /Library/Developer/CoreSimulator/Volumes/iOS_23F77/Library/Developer/CoreSimulator/Profiles/Runtimes/iOS 26.5.simruntime/Contents/Resources/RuntimeRoot/System/Library/AccessibilityBundles/WebKit.axbundle/WebKit (0x1087c0398). This may cause spurious casting failures and mysterious crashes. One of the duplicates must be removed or renamed.
    t =     1.89s         Setting up automation session
    t =     2.33s         Wait for app.speaklocal.vietnam.native to idle
    t =     3.82s Checking existence of `"Chợ Đồng Xuân" StaticText`
    t =     4.01s Waiting 8.0s for "Chợ Đồng Xuân" StaticText to exist
    t =     5.04s     Checking `Expect predicate `existsNoRetry == 1` for object "Chợ Đồng Xuân" StaticText`
    t =     5.05s         Checking existence of `"Chợ Đồng Xuân" StaticText`
    t =     5.23s Swipe up Target Application 'app.speaklocal.vietnam.native'
    t =     5.23s     Wait for app.speaklocal.vietnam.native to idle
    t =     5.23s     Find the Target Application 'app.speaklocal.vietnam.native'
    t =     5.24s     Check for interrupting elements affecting "SpeakLocal Vietnam" Application
    t =     5.26s     Synthesize event
    t =     5.68s     Wait for app.speaklocal.vietnam.native to idle
    t =     7.79s Swipe up Target Application 'app.speaklocal.vietnam.native'
    t =     7.79s     Wait for app.speaklocal.vietnam.native to idle
    t =     7.79s     Find the Target Application 'app.speaklocal.vietnam.native'
    t =     7.82s     Check for interrupting elements affecting "SpeakLocal Vietnam" Application
    t =     7.85s     Synthesize event
    t =     8.27s     Wait for app.speaklocal.vietnam.native to idle
    t =     9.29s Terminate app.speaklocal.vietnam.native:79931
    t =    10.32s Open app.speaklocal.vietnam.native
    t =    10.32s     Launch app.speaklocal.vietnam.native
    t =    10.53s         Setting up automation session
    t =    11.01s         Wait for app.speaklocal.vietnam.native to idle
    t =    12.51s Waiting 4.0s for TabBar (First Match) to exist
    t =    13.54s     Checking `Expect predicate `existsNoRetry == 1` for object TabBar (First Match)`
    t =    13.54s         Checking existence of `TabBar (First Match)`
    t =    13.60s Checking existence of `"PhraseArticle.BottomSentinel.viet-family-city-hanoi-place-dong-xuan" Other`
    t =    13.69s Checking existence of `"PhraseArticle.BottomSentinel.viet-phrase-city-hanoi-place-dong-xuan" Other`
    t =    13.71s Find the "PhraseArticle.BottomSentinel.viet-phrase-city-hanoi-place-dong-xuan" Other
    t =    13.74s Checking existence of `TabBar (First Match)`
    t =    13.74s Find the TabBar (First Match)
    t =    13.75s Find the Target Application 'app.speaklocal.vietnam.native'
    t =    13.84s Terminate app.speaklocal.vietnam.native:80035
    t =    14.89s Tear Down
Test Case '-[SpeakLocalNativeUITests.CityAppDetailV22RenderProofUITests testCaptureCityAppDetailV22RenderProofBatch]' passed (14.948 seconds).
Test Suite 'CityAppDetailV22RenderProofUITests' passed at 2026-06-01 03:51:38.794.
	 Executed 1 test, with 0 failures (0 unexpected) in 14.948 (14.949) seconds
Test Suite 'SpeakLocalNativeUITests.xctest' passed at 2026-06-01 03:51:38.795.
	 Executed 1 test, with 0 failures (0 unexpected) in 14.948 (14.950) seconds
Test Suite 'Selected tests' passed at 2026-06-01 03:51:38.795.
	 Executed 1 test, with 0 failures (0 unexpected) in 14.948 (14.950) seconds

Test session results, code coverage, and logs:
	/Users/jojolim/Library/Developer/XcodeBuildMCP/workspaces/orchestrator-309442864093/DerivedData/SpeakLocalNative-8f3e721625a0/Logs/Test/Test-SpeakLocalNative-2026.06.01_03-51-22-+0700.xcresult

** TEST EXECUTE SUCCEEDED **

Testing started

2026-06-01 03:51:23.906 xcodebuild[79845:7334834] [MT] IDELaunchParametersSnapshot: The operation couldn’t be completed. (DebuggerLLDB.DebuggerVersionStore.StoreError error 0.)
2026-06-01 03:51:23.906 xcodebuild[79845:7334834] [MT] IDELaunchParametersSnapshot: no debugger version
2026-06-01 03:51:34.171 xcodebuild[79845:7334834] [MT] IDELaunchParametersSnapshot: The operation couldn’t be completed. (DebuggerLLDB.DebuggerVersionStore.StoreError error 0.)
2026-06-01 03:51:34.171 xcodebuild[79845:7334834] [MT] IDELaunchParametersSnapshot: no debugger version
2026-06-01 03:51:39.079 xcodebuild[79845:7334834] [MT] IDETestOperationsObserverDebug: 16.407 elapsed -- Testing started completed.
2026-06-01 03:51:39.079 xcodebuild[79845:7334834] [MT] IDETestOperationsObserverDebug: 0.000 sec, +0.000 sec -- start
2026-06-01 03:51:39.079 xcodebuild[79845:7334834] [MT] IDETestOperationsObserverDebug: 16.407 sec, +16.407 sec -- end
