Command line invocation:
    /Applications/Xcode.app/Contents/Developer/usr/bin/xcodebuild test-without-building -project /Users/jojolim/Developer/products/speaklocal/app-family/.worktrees/city-listings-production-ready/native-ios/SpeakLocalNative.xcodeproj -scheme SpeakLocalNative -destination "platform=iOS Simulator,id=7C386DD3-4BF1-4A34-A918-768C43CD1258" -derivedDataPath /Users/jojolim/Library/Developer/XcodeBuildMCP/workspaces/orchestrator-309442864093/DerivedData/SpeakLocalNative-8f3e721625a0 "-only-testing:SpeakLocalNativeUITests/CityAppDetailV22RenderProofUITests/testCaptureCityAppDetailV22RenderProofBatch"

2026-06-01 08:02:26.138481+0700 SpeakLocalNativeUITests-Runner[6755:8413101] [Default] Running tests...
    t =      nans Interface orientation changed to Portrait
Test Suite 'Selected tests' started at 2026-06-01 08:02:26.506.
Test Suite 'SpeakLocalNativeUITests.xctest' started at 2026-06-01 08:02:26.506.
Test Suite 'CityAppDetailV22RenderProofUITests' started at 2026-06-01 08:02:26.506.
Test Case '-[SpeakLocalNativeUITests.CityAppDetailV22RenderProofUITests testCaptureCityAppDetailV22RenderProofBatch]' started.
    t =     0.00s Start Test at 2026-06-01 08:02:26.506
    t =     0.02s Set Up
    t =     0.02s Open app.speaklocal.vietnam.native
    t =     0.02s     Launch app.speaklocal.vietnam.native
objc[6755]: Class UIAccessibilityLoaderWebShared is implemented in both /Library/Developer/CoreSimulator/Volumes/iOS_23F77/Library/Developer/CoreSimulator/Profiles/Runtimes/iOS 26.5.simruntime/Contents/Resources/RuntimeRoot/System/Library/AccessibilityBundles/WebCore.axbundle/WebCore (0x106a84310) and /Library/Developer/CoreSimulator/Volumes/iOS_23F77/Library/Developer/CoreSimulator/Profiles/Runtimes/iOS 26.5.simruntime/Contents/Resources/RuntimeRoot/System/Library/AccessibilityBundles/WebKit.axbundle/WebKit (0x106290398). This may cause spurious casting failures and mysterious crashes. One of the duplicates must be removed or renamed.
    t =     1.89s         Setting up automation session
    t =     2.28s         Wait for app.speaklocal.vietnam.native to idle
    t =     3.77s Checking existence of `"Phở Sài Gòn ở Thành phố Hồ Chí Minh" StaticText`
    t =     3.92s Waiting 8.0s for "Phở Sài Gòn ở Thành phố Hồ Chí Minh" StaticText to exist
    t =     4.97s     Checking `Expect predicate `existsNoRetry == 1` for object "Phở Sài Gòn ở Thành phố Hồ Chí Minh" StaticText`
    t =     4.97s         Checking existence of `"Phở Sài Gòn ở Thành phố Hồ Chí Minh" StaticText`
    t =     5.09s Swipe up Target Application 'app.speaklocal.vietnam.native'
    t =     5.09s     Wait for app.speaklocal.vietnam.native to idle
    t =     5.09s     Find the Target Application 'app.speaklocal.vietnam.native'
    t =     5.10s     Check for interrupting elements affecting "SpeakLocal Vietnam" Application
    t =     5.12s     Synthesize event
    t =     5.54s     Wait for app.speaklocal.vietnam.native to idle
    t =     7.64s Swipe up Target Application 'app.speaklocal.vietnam.native'
    t =     7.64s     Wait for app.speaklocal.vietnam.native to idle
    t =     7.64s     Find the Target Application 'app.speaklocal.vietnam.native'
    t =     7.66s     Check for interrupting elements affecting "SpeakLocal Vietnam" Application
    t =     7.69s     Synthesize event
    t =     8.11s     Wait for app.speaklocal.vietnam.native to idle
    t =     9.09s Terminate app.speaklocal.vietnam.native:6762
    t =    10.14s Open app.speaklocal.vietnam.native
    t =    10.14s     Launch app.speaklocal.vietnam.native
    t =    10.36s         Setting up automation session
    t =    10.83s         Wait for app.speaklocal.vietnam.native to idle
    t =    12.30s Waiting 4.0s for TabBar (First Match) to exist
    t =    13.34s     Checking `Expect predicate `existsNoRetry == 1` for object TabBar (First Match)`
    t =    13.34s         Checking existence of `TabBar (First Match)`
    t =    13.40s Checking existence of `"PhraseArticle.BottomSentinel.viet-family-city-hcmc-place-pho-nam" Other`
    t =    13.48s Checking existence of `"PhraseArticle.BottomSentinel.viet-phrase-city-hcmc-place-pho-nam" Other`
    t =    13.50s Find the "PhraseArticle.BottomSentinel.viet-phrase-city-hcmc-place-pho-nam" Other
    t =    13.52s Checking existence of `TabBar (First Match)`
    t =    13.53s Find the TabBar (First Match)
    t =    13.54s Find the Target Application 'app.speaklocal.vietnam.native'
    t =    13.64s Terminate app.speaklocal.vietnam.native:6784
    t =    14.69s Tear Down
Test Case '-[SpeakLocalNativeUITests.CityAppDetailV22RenderProofUITests testCaptureCityAppDetailV22RenderProofBatch]' passed (14.783 seconds).
Test Suite 'CityAppDetailV22RenderProofUITests' passed at 2026-06-01 08:02:41.290.
	 Executed 1 test, with 0 failures (0 unexpected) in 14.783 (14.784) seconds
Test Suite 'SpeakLocalNativeUITests.xctest' passed at 2026-06-01 08:02:41.290.
	 Executed 1 test, with 0 failures (0 unexpected) in 14.783 (14.785) seconds
Test Suite 'Selected tests' passed at 2026-06-01 08:02:41.291.
	 Executed 1 test, with 0 failures (0 unexpected) in 14.783 (14.786) seconds

Test session results, code coverage, and logs:
	/Users/jojolim/Library/Developer/XcodeBuildMCP/workspaces/orchestrator-309442864093/DerivedData/SpeakLocalNative-8f3e721625a0/Logs/Test/Test-SpeakLocalNative-2026.06.01_08-02-25-+0700.xcresult

** TEST EXECUTE SUCCEEDED **

Testing started

2026-06-01 08:02:26.572 xcodebuild[6749:8412911] [MT] IDELaunchParametersSnapshot: The operation couldn’t be completed. (DebuggerLLDB.DebuggerVersionStore.StoreError error 0.)
2026-06-01 08:02:26.572 xcodebuild[6749:8412911] [MT] IDELaunchParametersSnapshot: no debugger version
2026-06-01 08:02:36.652 xcodebuild[6749:8412911] [MT] IDELaunchParametersSnapshot: The operation couldn’t be completed. (DebuggerLLDB.DebuggerVersionStore.StoreError error 0.)
2026-06-01 08:02:36.652 xcodebuild[6749:8412911] [MT] IDELaunchParametersSnapshot: no debugger version
2026-06-01 08:02:41.592 xcodebuild[6749:8412911] [MT] IDETestOperationsObserverDebug: 16.293 elapsed -- Testing started completed.
2026-06-01 08:02:41.592 xcodebuild[6749:8412911] [MT] IDETestOperationsObserverDebug: 0.000 sec, +0.000 sec -- start
2026-06-01 08:02:41.592 xcodebuild[6749:8412911] [MT] IDETestOperationsObserverDebug: 16.293 sec, +16.293 sec -- end
