Command line invocation:
    /Applications/Xcode.app/Contents/Developer/usr/bin/xcodebuild test-without-building -project /Users/jojolim/Developer/products/speaklocal/app-family/.worktrees/city-listings-production-ready/native-ios/SpeakLocalNative.xcodeproj -scheme SpeakLocalNative -destination "platform=iOS Simulator,id=7C386DD3-4BF1-4A34-A918-768C43CD1258" -derivedDataPath /Users/jojolim/Library/Developer/XcodeBuildMCP/workspaces/orchestrator-309442864093/DerivedData/SpeakLocalNative-8f3e721625a0 "-only-testing:SpeakLocalNativeUITests/CityAppDetailV22RenderProofUITests/testCaptureCityAppDetailV22RenderProofBatch"

2026-06-01 04:17:42.508990+0700 SpeakLocalNativeUITests-Runner[11150:7451570] [Default] Running tests...
    t =      nans Interface orientation changed to Portrait
Test Suite 'Selected tests' started at 2026-06-01 04:17:42.883.
Test Suite 'SpeakLocalNativeUITests.xctest' started at 2026-06-01 04:17:42.884.
Test Suite 'CityAppDetailV22RenderProofUITests' started at 2026-06-01 04:17:42.884.
Test Case '-[SpeakLocalNativeUITests.CityAppDetailV22RenderProofUITests testCaptureCityAppDetailV22RenderProofBatch]' started.
    t =     0.00s Start Test at 2026-06-01 04:17:42.884
    t =     0.02s Set Up
    t =     0.02s Open app.speaklocal.vietnam.native
    t =     0.02s     Launch app.speaklocal.vietnam.native
objc[11150]: Class UIAccessibilityLoaderWebShared is implemented in both /Library/Developer/CoreSimulator/Volumes/iOS_23F77/Library/Developer/CoreSimulator/Profiles/Runtimes/iOS 26.5.simruntime/Contents/Resources/RuntimeRoot/System/Library/AccessibilityBundles/WebCore.axbundle/WebCore (0x1080f4310) and /Library/Developer/CoreSimulator/Volumes/iOS_23F77/Library/Developer/CoreSimulator/Profiles/Runtimes/iOS 26.5.simruntime/Contents/Resources/RuntimeRoot/System/Library/AccessibilityBundles/WebKit.axbundle/WebKit (0x107e0c398). This may cause spurious casting failures and mysterious crashes. One of the duplicates must be removed or renamed.
    t =     1.90s         Setting up automation session
    t =     2.32s         Wait for app.speaklocal.vietnam.native to idle
    t =     3.84s Checking existence of `"Vườn quốc gia Bạch Mã" StaticText`
    t =     4.03s Waiting 8.0s for "Vườn quốc gia Bạch Mã" StaticText to exist
    t =     5.09s     Checking `Expect predicate `existsNoRetry == 1` for object "Vườn quốc gia Bạch Mã" StaticText`
    t =     5.10s         Checking existence of `"Vườn quốc gia Bạch Mã" StaticText`
    t =     5.25s Swipe up Target Application 'app.speaklocal.vietnam.native'
    t =     5.25s     Wait for app.speaklocal.vietnam.native to idle
    t =     5.26s     Find the Target Application 'app.speaklocal.vietnam.native'
    t =     5.27s     Check for interrupting elements affecting "SpeakLocal Vietnam" Application
    t =     5.29s     Synthesize event
    t =     5.71s     Wait for app.speaklocal.vietnam.native to idle
    t =     7.82s Swipe up Target Application 'app.speaklocal.vietnam.native'
    t =     7.82s     Wait for app.speaklocal.vietnam.native to idle
    t =     7.83s     Find the Target Application 'app.speaklocal.vietnam.native'
    t =     7.85s     Check for interrupting elements affecting "SpeakLocal Vietnam" Application
    t =     7.88s     Synthesize event
    t =     8.30s     Wait for app.speaklocal.vietnam.native to idle
    t =     9.23s Terminate app.speaklocal.vietnam.native:11230
    t =    10.32s Open app.speaklocal.vietnam.native
    t =    10.32s     Launch app.speaklocal.vietnam.native
    t =    10.54s         Setting up automation session
    t =    11.04s         Wait for app.speaklocal.vietnam.native to idle
    t =    12.57s Waiting 4.0s for TabBar (First Match) to exist
    t =    13.64s     Checking `Expect predicate `existsNoRetry == 1` for object TabBar (First Match)`
    t =    13.65s         Checking existence of `TabBar (First Match)`
    t =    13.69s Checking existence of `"PhraseArticle.BottomSentinel.viet-family-city-hue-place-bach-ma-national-park" Other`
    t =    13.77s Checking existence of `"PhraseArticle.BottomSentinel.viet-phrase-city-hue-place-bach-ma-national-park" Other`
    t =    13.79s Find the "PhraseArticle.BottomSentinel.viet-phrase-city-hue-place-bach-ma-national-park" Other
    t =    13.81s Checking existence of `TabBar (First Match)`
    t =    13.82s Find the TabBar (First Match)
    t =    13.83s Find the Target Application 'app.speaklocal.vietnam.native'
    t =    13.92s Terminate app.speaklocal.vietnam.native:11318
    t =    15.01s Tear Down
Test Case '-[SpeakLocalNativeUITests.CityAppDetailV22RenderProofUITests testCaptureCityAppDetailV22RenderProofBatch]' passed (15.089 seconds).
Test Suite 'CityAppDetailV22RenderProofUITests' passed at 2026-06-01 04:17:57.974.
	 Executed 1 test, with 0 failures (0 unexpected) in 15.089 (15.090) seconds
Test Suite 'SpeakLocalNativeUITests.xctest' passed at 2026-06-01 04:17:57.975.
	 Executed 1 test, with 0 failures (0 unexpected) in 15.089 (15.091) seconds
Test Suite 'Selected tests' passed at 2026-06-01 04:17:57.975.
	 Executed 1 test, with 0 failures (0 unexpected) in 15.089 (15.092) seconds

Test session results, code coverage, and logs:
	/Users/jojolim/Library/Developer/XcodeBuildMCP/workspaces/orchestrator-309442864093/DerivedData/SpeakLocalNative-8f3e721625a0/Logs/Test/Test-SpeakLocalNative-2026.06.01_04-17-41-+0700.xcresult

** TEST EXECUTE SUCCEEDED **

Testing started

2026-06-01 04:17:42.950 xcodebuild[11143:7451380] [MT] IDELaunchParametersSnapshot: The operation couldn’t be completed. (DebuggerLLDB.DebuggerVersionStore.StoreError error 0.)
2026-06-01 04:17:42.950 xcodebuild[11143:7451380] [MT] IDELaunchParametersSnapshot: no debugger version
2026-06-01 04:17:53.211 xcodebuild[11143:7451380] [MT] IDELaunchParametersSnapshot: The operation couldn’t be completed. (DebuggerLLDB.DebuggerVersionStore.StoreError error 0.)
2026-06-01 04:17:53.211 xcodebuild[11143:7451380] [MT] IDELaunchParametersSnapshot: no debugger version
2026-06-01 04:17:58.277 xcodebuild[11143:7451380] [MT] IDETestOperationsObserverDebug: 16.570 elapsed -- Testing started completed.
2026-06-01 04:17:58.277 xcodebuild[11143:7451380] [MT] IDETestOperationsObserverDebug: 0.000 sec, +0.000 sec -- start
2026-06-01 04:17:58.277 xcodebuild[11143:7451380] [MT] IDETestOperationsObserverDebug: 16.570 sec, +16.570 sec -- end
