Command line invocation:
    /Applications/Xcode.app/Contents/Developer/usr/bin/xcodebuild test-without-building -project /Users/jojolim/Developer/products/speaklocal/app-family/.worktrees/city-listings-production-ready/native-ios/SpeakLocalNative.xcodeproj -scheme SpeakLocalNative -destination "platform=iOS Simulator,id=7C386DD3-4BF1-4A34-A918-768C43CD1258" -derivedDataPath /Users/jojolim/Library/Developer/XcodeBuildMCP/workspaces/orchestrator-309442864093/DerivedData/SpeakLocalNative-8f3e721625a0 "-only-testing:SpeakLocalNativeUITests/CityAppDetailV22RenderProofUITests/testCaptureCityAppDetailV22RenderProofBatch"

2026-06-01 03:41:26.981238+0700 SpeakLocalNativeUITests-Runner[67068:7293676] [Default] Running tests...
    t =      nans Interface orientation changed to Portrait
Test Suite 'Selected tests' started at 2026-06-01 03:41:27.350.
Test Suite 'SpeakLocalNativeUITests.xctest' started at 2026-06-01 03:41:27.350.
Test Suite 'CityAppDetailV22RenderProofUITests' started at 2026-06-01 03:41:27.350.
Test Case '-[SpeakLocalNativeUITests.CityAppDetailV22RenderProofUITests testCaptureCityAppDetailV22RenderProofBatch]' started.
    t =     0.00s Start Test at 2026-06-01 03:41:27.351
    t =     0.01s Set Up
    t =     0.02s Open app.speaklocal.vietnam.native
    t =     0.02s     Launch app.speaklocal.vietnam.native
objc[67068]: Class UIAccessibilityLoaderWebShared is implemented in both /Library/Developer/CoreSimulator/Volumes/iOS_23F77/Library/Developer/CoreSimulator/Profiles/Runtimes/iOS 26.5.simruntime/Contents/Resources/RuntimeRoot/System/Library/AccessibilityBundles/WebCore.axbundle/WebCore (0x1080f4310) and /Library/Developer/CoreSimulator/Volumes/iOS_23F77/Library/Developer/CoreSimulator/Profiles/Runtimes/iOS 26.5.simruntime/Contents/Resources/RuntimeRoot/System/Library/AccessibilityBundles/WebKit.axbundle/WebKit (0x107e8c398). This may cause spurious casting failures and mysterious crashes. One of the duplicates must be removed or renamed.
    t =     1.88s         Setting up automation session
    t =     2.27s         Wait for app.speaklocal.vietnam.native to idle
    t =     3.77s Checking existence of `"Cẩm Kim" StaticText`
    t =     3.92s Waiting 8.0s for "Cẩm Kim" StaticText to exist
    t =     4.95s     Checking `Expect predicate `existsNoRetry == 1` for object "Cẩm Kim" StaticText`
    t =     4.95s         Checking existence of `"Cẩm Kim" StaticText`
    t =     5.10s Swipe up Target Application 'app.speaklocal.vietnam.native'
    t =     5.10s     Wait for app.speaklocal.vietnam.native to idle
    t =     5.10s     Find the Target Application 'app.speaklocal.vietnam.native'
    t =     5.12s     Check for interrupting elements affecting "SpeakLocal Vietnam" Application
    t =     5.14s     Synthesize event
    t =     5.55s     Wait for app.speaklocal.vietnam.native to idle
    t =     7.65s Swipe up Target Application 'app.speaklocal.vietnam.native'
    t =     7.65s     Wait for app.speaklocal.vietnam.native to idle
    t =     7.66s     Find the Target Application 'app.speaklocal.vietnam.native'
    t =     7.68s     Check for interrupting elements affecting "SpeakLocal Vietnam" Application
    t =     7.70s     Synthesize event
    t =     8.12s     Wait for app.speaklocal.vietnam.native to idle
    t =     8.92s Terminate app.speaklocal.vietnam.native:67145
    t =    10.00s Open app.speaklocal.vietnam.native
    t =    10.00s     Launch app.speaklocal.vietnam.native
    t =    10.21s         Setting up automation session
    t =    10.71s         Wait for app.speaklocal.vietnam.native to idle
    t =    12.17s Waiting 4.0s for TabBar (First Match) to exist
    t =    13.18s     Checking `Expect predicate `existsNoRetry == 1` for object TabBar (First Match)`
    t =    13.19s         Checking existence of `TabBar (First Match)`
    t =    13.24s Checking existence of `"PhraseArticle.BottomSentinel.viet-family-city-hoian-place-cam-kim-island" Other`
    t =    13.32s Checking existence of `"PhraseArticle.BottomSentinel.viet-phrase-city-hoian-place-cam-kim-island" Other`
    t =    13.34s Find the "PhraseArticle.BottomSentinel.viet-phrase-city-hoian-place-cam-kim-island" Other
    t =    13.36s Checking existence of `TabBar (First Match)`
    t =    13.37s Find the TabBar (First Match)
    t =    13.38s Find the Target Application 'app.speaklocal.vietnam.native'
    t =    13.47s Terminate app.speaklocal.vietnam.native:67272
    t =    14.54s Tear Down
Test Case '-[SpeakLocalNativeUITests.CityAppDetailV22RenderProofUITests testCaptureCityAppDetailV22RenderProofBatch]' passed (14.584 seconds).
Test Suite 'CityAppDetailV22RenderProofUITests' passed at 2026-06-01 03:41:41.935.
	 Executed 1 test, with 0 failures (0 unexpected) in 14.584 (14.585) seconds
Test Suite 'SpeakLocalNativeUITests.xctest' passed at 2026-06-01 03:41:41.936.
	 Executed 1 test, with 0 failures (0 unexpected) in 14.584 (14.586) seconds
Test Suite 'Selected tests' passed at 2026-06-01 03:41:41.936.
	 Executed 1 test, with 0 failures (0 unexpected) in 14.584 (14.587) seconds

Test session results, code coverage, and logs:
	/Users/jojolim/Library/Developer/XcodeBuildMCP/workspaces/orchestrator-309442864093/DerivedData/SpeakLocalNative-8f3e721625a0/Logs/Test/Test-SpeakLocalNative-2026.06.01_03-41-26-+0700.xcresult

** TEST EXECUTE SUCCEEDED **

Testing started

2026-06-01 03:41:27.401 xcodebuild[67064:7293498] [MT] IDELaunchParametersSnapshot: The operation couldn’t be completed. (DebuggerLLDB.DebuggerVersionStore.StoreError error 0.)
2026-06-01 03:41:27.401 xcodebuild[67064:7293498] [MT] IDELaunchParametersSnapshot: no debugger version
2026-06-01 03:41:37.355 xcodebuild[67064:7293498] [MT] IDELaunchParametersSnapshot: The operation couldn’t be completed. (DebuggerLLDB.DebuggerVersionStore.StoreError error 0.)
2026-06-01 03:41:37.355 xcodebuild[67064:7293498] [MT] IDELaunchParametersSnapshot: no debugger version
2026-06-01 03:41:42.233 xcodebuild[67064:7293498] [MT] IDETestOperationsObserverDebug: 16.041 elapsed -- Testing started completed.
2026-06-01 03:41:42.233 xcodebuild[67064:7293498] [MT] IDETestOperationsObserverDebug: 0.000 sec, +0.000 sec -- start
2026-06-01 03:41:42.233 xcodebuild[67064:7293498] [MT] IDETestOperationsObserverDebug: 16.041 sec, +16.041 sec -- end
