Command line invocation:
    /Applications/Xcode.app/Contents/Developer/usr/bin/xcodebuild test-without-building -project /Users/jojolim/Developer/products/speaklocal/app-family/.worktrees/city-listings-production-ready/native-ios/SpeakLocalNative.xcodeproj -scheme SpeakLocalNative -destination "platform=iOS Simulator,id=7C386DD3-4BF1-4A34-A918-768C43CD1258" -derivedDataPath /Users/jojolim/Library/Developer/XcodeBuildMCP/workspaces/orchestrator-309442864093/DerivedData/SpeakLocalNative-8f3e721625a0 "-only-testing:SpeakLocalNativeUITests/CityAppDetailV22RenderProofUITests/testCaptureCityAppDetailV22RenderProofBatch"

2026-06-01 05:07:52.404446+0700 SpeakLocalNativeUITests-Runner[71031:7665880] [Default] Running tests...
    t =      nans Interface orientation changed to Portrait
Test Suite 'Selected tests' started at 2026-06-01 05:07:52.773.
Test Suite 'SpeakLocalNativeUITests.xctest' started at 2026-06-01 05:07:52.773.
Test Suite 'CityAppDetailV22RenderProofUITests' started at 2026-06-01 05:07:52.774.
Test Case '-[SpeakLocalNativeUITests.CityAppDetailV22RenderProofUITests testCaptureCityAppDetailV22RenderProofBatch]' started.
    t =     0.00s Start Test at 2026-06-01 05:07:52.774
    t =     0.02s Set Up
    t =     0.02s Open app.speaklocal.vietnam.native
    t =     0.02s     Launch app.speaklocal.vietnam.native
objc[71031]: Class UIAccessibilityLoaderWebShared is implemented in both /Library/Developer/CoreSimulator/Volumes/iOS_23F77/Library/Developer/CoreSimulator/Profiles/Runtimes/iOS 26.5.simruntime/Contents/Resources/RuntimeRoot/System/Library/AccessibilityBundles/WebCore.axbundle/WebCore (0x106640310) and /Library/Developer/CoreSimulator/Volumes/iOS_23F77/Library/Developer/CoreSimulator/Profiles/Runtimes/iOS 26.5.simruntime/Contents/Resources/RuntimeRoot/System/Library/AccessibilityBundles/WebKit.axbundle/WebKit (0x105e94398). This may cause spurious casting failures and mysterious crashes. One of the duplicates must be removed or renamed.
    t =     1.91s         Setting up automation session
    t =     2.39s         Wait for app.speaklocal.vietnam.native to idle
    t =     3.89s Checking existence of `"Xích lô phố cổ" StaticText`
    t =     4.05s Waiting 8.0s for "Xích lô phố cổ" StaticText to exist
    t =     5.09s     Checking `Expect predicate `existsNoRetry == 1` for object "Xích lô phố cổ" StaticText`
    t =     5.09s         Checking existence of `"Xích lô phố cổ" StaticText`
    t =     5.25s Swipe up Target Application 'app.speaklocal.vietnam.native'
    t =     5.26s     Wait for app.speaklocal.vietnam.native to idle
    t =     5.26s     Find the Target Application 'app.speaklocal.vietnam.native'
    t =     5.27s     Check for interrupting elements affecting "SpeakLocal Vietnam" Application
    t =     5.29s     Synthesize event
    t =     5.71s     Wait for app.speaklocal.vietnam.native to idle
    t =     7.85s Swipe up Target Application 'app.speaklocal.vietnam.native'
    t =     7.85s     Wait for app.speaklocal.vietnam.native to idle
    t =     7.85s     Find the Target Application 'app.speaklocal.vietnam.native'
    t =     7.87s     Check for interrupting elements affecting "SpeakLocal Vietnam" Application
    t =     7.90s     Synthesize event
    t =     8.32s     Wait for app.speaklocal.vietnam.native to idle
    t =     8.98s Terminate app.speaklocal.vietnam.native:71120
    t =    10.04s Open app.speaklocal.vietnam.native
    t =    10.04s     Launch app.speaklocal.vietnam.native
    t =    10.25s         Setting up automation session
    t =    10.74s         Wait for app.speaklocal.vietnam.native to idle
    t =    12.22s Waiting 4.0s for TabBar (First Match) to exist
    t =    13.28s     Checking `Expect predicate `existsNoRetry == 1` for object TabBar (First Match)`
    t =    13.28s         Checking existence of `TabBar (First Match)`
    t =    13.34s Checking existence of `"PhraseArticle.BottomSentinel.viet-family-city-hanoi-place-cyclo-old-quarter" Other`
    t =    13.42s Checking existence of `"PhraseArticle.BottomSentinel.viet-phrase-city-hanoi-place-cyclo-old-quarter" Other`
    t =    13.44s Find the "PhraseArticle.BottomSentinel.viet-phrase-city-hanoi-place-cyclo-old-quarter" Other
    t =    13.47s Checking existence of `TabBar (First Match)`
    t =    13.47s Find the TabBar (First Match)
    t =    13.48s Find the Target Application 'app.speaklocal.vietnam.native'
    t =    13.57s Terminate app.speaklocal.vietnam.native:71330
    t =    14.62s Tear Down
Test Case '-[SpeakLocalNativeUITests.CityAppDetailV22RenderProofUITests testCaptureCityAppDetailV22RenderProofBatch]' passed (14.656 seconds).
Test Suite 'CityAppDetailV22RenderProofUITests' passed at 2026-06-01 05:08:07.430.
	 Executed 1 test, with 0 failures (0 unexpected) in 14.656 (14.656) seconds
Test Suite 'SpeakLocalNativeUITests.xctest' passed at 2026-06-01 05:08:07.430.
	 Executed 1 test, with 0 failures (0 unexpected) in 14.656 (14.657) seconds
Test Suite 'Selected tests' passed at 2026-06-01 05:08:07.431.
	 Executed 1 test, with 0 failures (0 unexpected) in 14.656 (14.657) seconds

Test session results, code coverage, and logs:
	/Users/jojolim/Library/Developer/XcodeBuildMCP/workspaces/orchestrator-309442864093/DerivedData/SpeakLocalNative-8f3e721625a0/Logs/Test/Test-SpeakLocalNative-2026.06.01_05-07-51-+0700.xcresult

** TEST EXECUTE SUCCEEDED **

Testing started

2026-06-01 05:07:52.837 xcodebuild[71025:7665672] [MT] IDELaunchParametersSnapshot: The operation couldn’t be completed. (DebuggerLLDB.DebuggerVersionStore.StoreError error 0.)
2026-06-01 05:07:52.837 xcodebuild[71025:7665672] [MT] IDELaunchParametersSnapshot: no debugger version
2026-06-01 05:08:02.813 xcodebuild[71025:7665672] [MT] IDELaunchParametersSnapshot: The operation couldn’t be completed. (DebuggerLLDB.DebuggerVersionStore.StoreError error 0.)
2026-06-01 05:08:02.813 xcodebuild[71025:7665672] [MT] IDELaunchParametersSnapshot: no debugger version
2026-06-01 05:08:07.726 xcodebuild[71025:7665672] [MT] IDETestOperationsObserverDebug: 16.109 elapsed -- Testing started completed.
2026-06-01 05:08:07.726 xcodebuild[71025:7665672] [MT] IDETestOperationsObserverDebug: 0.000 sec, +0.000 sec -- start
2026-06-01 05:08:07.726 xcodebuild[71025:7665672] [MT] IDETestOperationsObserverDebug: 16.109 sec, +16.109 sec -- end
