Command line invocation:
    /Applications/Xcode.app/Contents/Developer/usr/bin/xcodebuild test-without-building -project /Users/jojolim/Developer/products/speaklocal/app-family/.worktrees/city-listings-production-ready/native-ios/SpeakLocalNative.xcodeproj -scheme SpeakLocalNative -destination "platform=iOS Simulator,id=7C386DD3-4BF1-4A34-A918-768C43CD1258" -derivedDataPath /Users/jojolim/Library/Developer/XcodeBuildMCP/workspaces/orchestrator-309442864093/DerivedData/SpeakLocalNative-8f3e721625a0 "-only-testing:SpeakLocalNativeUITests/CityAppDetailV22RenderProofUITests/testCaptureCityAppDetailV22RenderProofBatch"

2026-06-01 08:56:50.310380+0700 SpeakLocalNativeUITests-Runner[54916:8602821] [Default] Running tests...
    t =      nans Interface orientation changed to Portrait
Test Suite 'Selected tests' started at 2026-06-01 08:56:50.705.
Test Suite 'SpeakLocalNativeUITests.xctest' started at 2026-06-01 08:56:50.705.
Test Suite 'CityAppDetailV22RenderProofUITests' started at 2026-06-01 08:56:50.705.
Test Case '-[SpeakLocalNativeUITests.CityAppDetailV22RenderProofUITests testCaptureCityAppDetailV22RenderProofBatch]' started.
    t =     0.00s Start Test at 2026-06-01 08:56:50.706
    t =     0.02s Set Up
    t =     0.02s Open app.speaklocal.vietnam.native
    t =     0.02s     Launch app.speaklocal.vietnam.native
objc[54916]: Class UIAccessibilityLoaderWebShared is implemented in both /Library/Developer/CoreSimulator/Volumes/iOS_23F77/Library/Developer/CoreSimulator/Profiles/Runtimes/iOS 26.5.simruntime/Contents/Resources/RuntimeRoot/System/Library/AccessibilityBundles/WebCore.axbundle/WebCore (0x10ac18310) and /Library/Developer/CoreSimulator/Volumes/iOS_23F77/Library/Developer/CoreSimulator/Profiles/Runtimes/iOS 26.5.simruntime/Contents/Resources/RuntimeRoot/System/Library/AccessibilityBundles/WebKit.axbundle/WebKit (0x10a468398). This may cause spurious casting failures and mysterious crashes. One of the duplicates must be removed or renamed.
    t =     1.89s         Setting up automation session
    t =     2.32s         Wait for app.speaklocal.vietnam.native to idle
    t =     3.79s Checking existence of `"Kim Long" StaticText`
    t =     3.95s Waiting 8.0s for "Kim Long" StaticText to exist
    t =     4.97s     Checking `Expect predicate `existsNoRetry == 1` for object "Kim Long" StaticText`
    t =     4.97s         Checking existence of `"Kim Long" StaticText`
    t =     5.14s Swipe up Target Application 'app.speaklocal.vietnam.native'
    t =     5.14s     Wait for app.speaklocal.vietnam.native to idle
    t =     5.14s     Find the Target Application 'app.speaklocal.vietnam.native'
    t =     5.15s     Check for interrupting elements affecting "SpeakLocal Vietnam" Application
    t =     5.17s     Synthesize event
    t =     5.59s     Wait for app.speaklocal.vietnam.native to idle
    t =     7.76s Swipe up Target Application 'app.speaklocal.vietnam.native'
    t =     7.76s     Wait for app.speaklocal.vietnam.native to idle
    t =     7.76s     Find the Target Application 'app.speaklocal.vietnam.native'
    t =     7.78s     Check for interrupting elements affecting "SpeakLocal Vietnam" Application
    t =     7.80s     Synthesize event
    t =     8.23s     Wait for app.speaklocal.vietnam.native to idle
    t =     9.01s Terminate app.speaklocal.vietnam.native:54928
    t =    10.08s Open app.speaklocal.vietnam.native
    t =    10.08s     Launch app.speaklocal.vietnam.native
    t =    10.29s         Setting up automation session
    t =    10.79s         Wait for app.speaklocal.vietnam.native to idle
    t =    12.28s Waiting 4.0s for TabBar (First Match) to exist
    t =    13.33s     Checking `Expect predicate `existsNoRetry == 1` for object TabBar (First Match)`
    t =    13.33s         Checking existence of `TabBar (First Match)`
    t =    13.38s Checking existence of `"PhraseArticle.BottomSentinel.viet-family-city-hue-place-kim-long" Other`
    t =    13.47s Checking existence of `"PhraseArticle.BottomSentinel.viet-phrase-city-hue-place-kim-long" Other`
    t =    13.49s Find the "PhraseArticle.BottomSentinel.viet-phrase-city-hue-place-kim-long" Other
    t =    13.51s Checking existence of `TabBar (First Match)`
    t =    13.51s Find the TabBar (First Match)
    t =    13.52s Find the Target Application 'app.speaklocal.vietnam.native'
    t =    13.61s Terminate app.speaklocal.vietnam.native:54949
    t =    14.66s Tear Down
Test Case '-[SpeakLocalNativeUITests.CityAppDetailV22RenderProofUITests testCaptureCityAppDetailV22RenderProofBatch]' passed (14.764 seconds).
Test Suite 'CityAppDetailV22RenderProofUITests' passed at 2026-06-01 08:57:05.470.
	 Executed 1 test, with 0 failures (0 unexpected) in 14.764 (14.765) seconds
Test Suite 'SpeakLocalNativeUITests.xctest' passed at 2026-06-01 08:57:05.471.
	 Executed 1 test, with 0 failures (0 unexpected) in 14.764 (14.766) seconds
Test Suite 'Selected tests' passed at 2026-06-01 08:57:05.472.
	 Executed 1 test, with 0 failures (0 unexpected) in 14.764 (14.767) seconds

Test session results, code coverage, and logs:
	/Users/jojolim/Library/Developer/XcodeBuildMCP/workspaces/orchestrator-309442864093/DerivedData/SpeakLocalNative-8f3e721625a0/Logs/Test/Test-SpeakLocalNative-2026.06.01_08-56-49-+0700.xcresult

** TEST EXECUTE SUCCEEDED **

Testing started

2026-06-01 08:56:50.766 xcodebuild[54912:8602653] [MT] IDELaunchParametersSnapshot: The operation couldn’t be completed. (DebuggerLLDB.DebuggerVersionStore.StoreError error 0.)
2026-06-01 08:56:50.766 xcodebuild[54912:8602653] [MT] IDELaunchParametersSnapshot: no debugger version
2026-06-01 08:57:00.785 xcodebuild[54912:8602653] [MT] IDELaunchParametersSnapshot: The operation couldn’t be completed. (DebuggerLLDB.DebuggerVersionStore.StoreError error 0.)
2026-06-01 08:57:00.785 xcodebuild[54912:8602653] [MT] IDELaunchParametersSnapshot: no debugger version
2026-06-01 08:57:05.773 xcodebuild[54912:8602653] [MT] IDETestOperationsObserverDebug: 16.313 elapsed -- Testing started completed.
2026-06-01 08:57:05.773 xcodebuild[54912:8602653] [MT] IDETestOperationsObserverDebug: 0.000 sec, +0.000 sec -- start
2026-06-01 08:57:05.773 xcodebuild[54912:8602653] [MT] IDETestOperationsObserverDebug: 16.313 sec, +16.313 sec -- end
