Command line invocation:
    /Applications/Xcode.app/Contents/Developer/usr/bin/xcodebuild test-without-building -project /Users/jojolim/Developer/products/speaklocal/app-family/.worktrees/city-listings-production-ready/native-ios/SpeakLocalNative.xcodeproj -scheme SpeakLocalNative -destination "platform=iOS Simulator,id=7C386DD3-4BF1-4A34-A918-768C43CD1258" -derivedDataPath /Users/jojolim/Library/Developer/XcodeBuildMCP/workspaces/orchestrator-309442864093/DerivedData/SpeakLocalNative-8f3e721625a0 "-only-testing:SpeakLocalNativeUITests/CityAppDetailV22RenderProofUITests/testCaptureCityAppDetailV22RenderProofBatch"

2026-06-01 03:56:49.984053+0700 SpeakLocalNativeUITests-Runner[85289:7359792] [Default] Running tests...
    t =      nans Interface orientation changed to Portrait
Test Suite 'Selected tests' started at 2026-06-01 03:56:50.356.
Test Suite 'SpeakLocalNativeUITests.xctest' started at 2026-06-01 03:56:50.356.
Test Suite 'CityAppDetailV22RenderProofUITests' started at 2026-06-01 03:56:50.356.
Test Case '-[SpeakLocalNativeUITests.CityAppDetailV22RenderProofUITests testCaptureCityAppDetailV22RenderProofBatch]' started.
    t =     0.00s Start Test at 2026-06-01 03:56:50.357
    t =     0.02s Set Up
    t =     0.02s Open app.speaklocal.vietnam.native
    t =     0.02s     Launch app.speaklocal.vietnam.native
objc[85289]: Class UIAccessibilityLoaderWebShared is implemented in both /Library/Developer/CoreSimulator/Volumes/iOS_23F77/Library/Developer/CoreSimulator/Profiles/Runtimes/iOS 26.5.simruntime/Contents/Resources/RuntimeRoot/System/Library/AccessibilityBundles/WebCore.axbundle/WebCore (0x10897c310) and /Library/Developer/CoreSimulator/Volumes/iOS_23F77/Library/Developer/CoreSimulator/Profiles/Runtimes/iOS 26.5.simruntime/Contents/Resources/RuntimeRoot/System/Library/AccessibilityBundles/WebKit.axbundle/WebKit (0x1081fc398). This may cause spurious casting failures and mysterious crashes. One of the duplicates must be removed or renamed.
    t =     2.11s         Setting up automation session
    t =     2.53s         Wait for app.speaklocal.vietnam.native to idle
    t =     4.04s Checking existence of `"Sân bay Đà Nẵng đi Hội An" StaticText`
    t =     4.20s Waiting 8.0s for "Sân bay Đà Nẵng đi Hội An" StaticText to exist
    t =     5.27s     Checking `Expect predicate `existsNoRetry == 1` for object "Sân bay Đà Nẵng đi Hội An" StaticText`
    t =     5.27s         Checking existence of `"Sân bay Đà Nẵng đi Hội An" StaticText`
    t =     5.41s Swipe up Target Application 'app.speaklocal.vietnam.native'
    t =     5.41s     Wait for app.speaklocal.vietnam.native to idle
    t =     5.41s     Find the Target Application 'app.speaklocal.vietnam.native'
    t =     5.42s     Check for interrupting elements affecting "SpeakLocal Vietnam" Application
    t =     5.44s     Synthesize event
    t =     5.87s     Wait for app.speaklocal.vietnam.native to idle
    t =     7.97s Swipe up Target Application 'app.speaklocal.vietnam.native'
    t =     7.97s     Wait for app.speaklocal.vietnam.native to idle
    t =     7.97s     Find the Target Application 'app.speaklocal.vietnam.native'
    t =     7.99s     Check for interrupting elements affecting "SpeakLocal Vietnam" Application
    t =     8.02s     Synthesize event
    t =     8.45s     Wait for app.speaklocal.vietnam.native to idle
    t =     9.18s Terminate app.speaklocal.vietnam.native:85375
    t =    10.28s Open app.speaklocal.vietnam.native
    t =    10.28s     Launch app.speaklocal.vietnam.native
    t =    10.50s         Setting up automation session
    t =    11.01s         Wait for app.speaklocal.vietnam.native to idle
    t =    12.58s Waiting 4.0s for TabBar (First Match) to exist
    t =    13.66s     Checking `Expect predicate `existsNoRetry == 1` for object TabBar (First Match)`
    t =    13.66s         Checking existence of `TabBar (First Match)`
    t =    13.72s Checking existence of `"PhraseArticle.BottomSentinel.viet-family-city-hoian-place-from-danang-airport" Other`
    t =    13.81s Checking existence of `"PhraseArticle.BottomSentinel.viet-phrase-city-hoian-place-from-danang-airport" Other`
    t =    13.83s Find the "PhraseArticle.BottomSentinel.viet-phrase-city-hoian-place-from-danang-airport" Other
    t =    13.85s Checking existence of `TabBar (First Match)`
    t =    13.85s Find the TabBar (First Match)
    t =    13.86s Find the Target Application 'app.speaklocal.vietnam.native'
    t =    13.95s Terminate app.speaklocal.vietnam.native:85559
    t =    15.04s Tear Down
Test Case '-[SpeakLocalNativeUITests.CityAppDetailV22RenderProofUITests testCaptureCityAppDetailV22RenderProofBatch]' passed (15.105 seconds).
Test Suite 'CityAppDetailV22RenderProofUITests' passed at 2026-06-01 03:57:05.462.
	 Executed 1 test, with 0 failures (0 unexpected) in 15.105 (15.106) seconds
Test Suite 'SpeakLocalNativeUITests.xctest' passed at 2026-06-01 03:57:05.463.
	 Executed 1 test, with 0 failures (0 unexpected) in 15.105 (15.107) seconds
Test Suite 'Selected tests' passed at 2026-06-01 03:57:05.463.
	 Executed 1 test, with 0 failures (0 unexpected) in 15.105 (15.107) seconds

Test session results, code coverage, and logs:
	/Users/jojolim/Library/Developer/XcodeBuildMCP/workspaces/orchestrator-309442864093/DerivedData/SpeakLocalNative-8f3e721625a0/Logs/Test/Test-SpeakLocalNative-2026.06.01_03-56-49-+0700.xcresult

** TEST EXECUTE SUCCEEDED **

Testing started

2026-06-01 03:56:50.421 xcodebuild[85287:7359636] [MT] IDELaunchParametersSnapshot: The operation couldn’t be completed. (DebuggerLLDB.DebuggerVersionStore.StoreError error 0.)
2026-06-01 03:56:50.421 xcodebuild[85287:7359636] [MT] IDELaunchParametersSnapshot: no debugger version
2026-06-01 03:57:00.638 xcodebuild[85287:7359636] [MT] IDELaunchParametersSnapshot: The operation couldn’t be completed. (DebuggerLLDB.DebuggerVersionStore.StoreError error 0.)
2026-06-01 03:57:00.639 xcodebuild[85287:7359636] [MT] IDELaunchParametersSnapshot: no debugger version
2026-06-01 03:57:05.754 xcodebuild[85287:7359636] [MT] IDETestOperationsObserverDebug: 16.585 elapsed -- Testing started completed.
2026-06-01 03:57:05.754 xcodebuild[85287:7359636] [MT] IDETestOperationsObserverDebug: 0.000 sec, +0.000 sec -- start
2026-06-01 03:57:05.754 xcodebuild[85287:7359636] [MT] IDETestOperationsObserverDebug: 16.585 sec, +16.585 sec -- end
