Command line invocation:
    /Applications/Xcode.app/Contents/Developer/usr/bin/xcodebuild test-without-building -project /Users/jojolim/Developer/products/speaklocal/app-family/.worktrees/city-listings-production-ready/native-ios/SpeakLocalNative.xcodeproj -scheme SpeakLocalNative -destination "platform=iOS Simulator,id=7C386DD3-4BF1-4A34-A918-768C43CD1258" -derivedDataPath /Users/jojolim/Library/Developer/XcodeBuildMCP/workspaces/orchestrator-309442864093/DerivedData/SpeakLocalNative-8f3e721625a0 "-only-testing:SpeakLocalNativeUITests/CityAppDetailV22RenderProofUITests/testCaptureCityAppDetailV22RenderProofBatch"

2026-06-01 04:56:20.902400+0700 SpeakLocalNativeUITests-Runner[56662:7613355] [Default] Running tests...
    t =      nans Interface orientation changed to Portrait
Test Suite 'Selected tests' started at 2026-06-01 04:56:21.273.
Test Suite 'SpeakLocalNativeUITests.xctest' started at 2026-06-01 04:56:21.273.
Test Suite 'CityAppDetailV22RenderProofUITests' started at 2026-06-01 04:56:21.273.
Test Case '-[SpeakLocalNativeUITests.CityAppDetailV22RenderProofUITests testCaptureCityAppDetailV22RenderProofBatch]' started.
    t =     0.00s Start Test at 2026-06-01 04:56:21.273
    t =     0.02s Set Up
    t =     0.02s Open app.speaklocal.vietnam.native
    t =     0.02s     Launch app.speaklocal.vietnam.native
objc[56662]: Class UIAccessibilityLoaderWebShared is implemented in both /Library/Developer/CoreSimulator/Volumes/iOS_23F77/Library/Developer/CoreSimulator/Profiles/Runtimes/iOS 26.5.simruntime/Contents/Resources/RuntimeRoot/System/Library/AccessibilityBundles/WebCore.axbundle/WebCore (0x108a28310) and /Library/Developer/CoreSimulator/Volumes/iOS_23F77/Library/Developer/CoreSimulator/Profiles/Runtimes/iOS 26.5.simruntime/Contents/Resources/RuntimeRoot/System/Library/AccessibilityBundles/WebKit.axbundle/WebKit (0x10871c398). This may cause spurious casting failures and mysterious crashes. One of the duplicates must be removed or renamed.
    t =     1.69s         Setting up automation session
    t =     2.24s         Wait for app.speaklocal.vietnam.native to idle
    t =     3.70s Checking existence of `"Lăng Đồng Khánh" StaticText`
    t =     3.85s Waiting 8.0s for "Lăng Đồng Khánh" StaticText to exist
    t =     4.92s     Checking `Expect predicate `existsNoRetry == 1` for object "Lăng Đồng Khánh" StaticText`
    t =     4.92s         Checking existence of `"Lăng Đồng Khánh" StaticText`
    t =     5.10s Swipe up Target Application 'app.speaklocal.vietnam.native'
    t =     5.10s     Wait for app.speaklocal.vietnam.native to idle
    t =     5.10s     Find the Target Application 'app.speaklocal.vietnam.native'
    t =     5.12s     Check for interrupting elements affecting "SpeakLocal Vietnam" Application
    t =     5.14s     Synthesize event
    t =     5.55s     Wait for app.speaklocal.vietnam.native to idle
    t =     7.68s Swipe up Target Application 'app.speaklocal.vietnam.native'
    t =     7.68s     Wait for app.speaklocal.vietnam.native to idle
    t =     7.68s     Find the Target Application 'app.speaklocal.vietnam.native'
    t =     7.71s     Check for interrupting elements affecting "SpeakLocal Vietnam" Application
    t =     7.74s     Synthesize event
    t =     8.16s     Wait for app.speaklocal.vietnam.native to idle
    t =     9.12s Terminate app.speaklocal.vietnam.native:56737
    t =    10.20s Open app.speaklocal.vietnam.native
    t =    10.21s     Launch app.speaklocal.vietnam.native
    t =    10.42s         Setting up automation session
    t =    10.91s         Wait for app.speaklocal.vietnam.native to idle
    t =    12.38s Waiting 4.0s for TabBar (First Match) to exist
    t =    13.45s     Checking `Expect predicate `existsNoRetry == 1` for object TabBar (First Match)`
    t =    13.45s         Checking existence of `TabBar (First Match)`
    t =    13.51s Checking existence of `"PhraseArticle.BottomSentinel.viet-family-city-hue-place-dong-khanh-tomb" Other`
    t =    13.59s Checking existence of `"PhraseArticle.BottomSentinel.viet-phrase-city-hue-place-dong-khanh-tomb" Other`
    t =    13.62s Find the "PhraseArticle.BottomSentinel.viet-phrase-city-hue-place-dong-khanh-tomb" Other
    t =    13.64s Checking existence of `TabBar (First Match)`
    t =    13.65s Find the TabBar (First Match)
    t =    13.65s Find the Target Application 'app.speaklocal.vietnam.native'
    t =    13.75s Terminate app.speaklocal.vietnam.native:56830
    t =    14.84s Tear Down
Test Case '-[SpeakLocalNativeUITests.CityAppDetailV22RenderProofUITests testCaptureCityAppDetailV22RenderProofBatch]' passed (14.889 seconds).
Test Suite 'CityAppDetailV22RenderProofUITests' passed at 2026-06-01 04:56:36.163.
	 Executed 1 test, with 0 failures (0 unexpected) in 14.889 (14.890) seconds
Test Suite 'SpeakLocalNativeUITests.xctest' passed at 2026-06-01 04:56:36.164.
	 Executed 1 test, with 0 failures (0 unexpected) in 14.889 (14.891) seconds
Test Suite 'Selected tests' passed at 2026-06-01 04:56:36.165.
	 Executed 1 test, with 0 failures (0 unexpected) in 14.889 (14.892) seconds

Test session results, code coverage, and logs:
	/Users/jojolim/Library/Developer/XcodeBuildMCP/workspaces/orchestrator-309442864093/DerivedData/SpeakLocalNative-8f3e721625a0/Logs/Test/Test-SpeakLocalNative-2026.06.01_04-56-19-+0700.xcresult

** TEST EXECUTE SUCCEEDED **

Testing started

2026-06-01 04:56:21.331 xcodebuild[56654:7613191] [MT] IDELaunchParametersSnapshot: The operation couldn’t be completed. (DebuggerLLDB.DebuggerVersionStore.StoreError error 0.)
2026-06-01 04:56:21.331 xcodebuild[56654:7613191] [MT] IDELaunchParametersSnapshot: no debugger version
2026-06-01 04:56:31.482 xcodebuild[56654:7613191] [MT] IDELaunchParametersSnapshot: The operation couldn’t be completed. (DebuggerLLDB.DebuggerVersionStore.StoreError error 0.)
2026-06-01 04:56:31.482 xcodebuild[56654:7613191] [MT] IDELaunchParametersSnapshot: no debugger version
2026-06-01 04:56:36.471 xcodebuild[56654:7613191] [MT] IDETestOperationsObserverDebug: 16.376 elapsed -- Testing started completed.
2026-06-01 04:56:36.471 xcodebuild[56654:7613191] [MT] IDETestOperationsObserverDebug: 0.000 sec, +0.000 sec -- start
2026-06-01 04:56:36.471 xcodebuild[56654:7613191] [MT] IDETestOperationsObserverDebug: 16.376 sec, +16.376 sec -- end
