Command line invocation:
    /Applications/Xcode.app/Contents/Developer/usr/bin/xcodebuild test-without-building -project /Users/jojolim/Developer/products/speaklocal/app-family/.worktrees/city-listings-production-ready/native-ios/SpeakLocalNative.xcodeproj -scheme SpeakLocalNative -destination "platform=iOS Simulator,id=7C386DD3-4BF1-4A34-A918-768C43CD1258" -derivedDataPath /Users/jojolim/Library/Developer/XcodeBuildMCP/workspaces/orchestrator-309442864093/DerivedData/SpeakLocalNative-8f3e721625a0 "-only-testing:SpeakLocalNativeUITests/CityAppDetailV22RenderProofUITests/testCaptureCityAppDetailV22RenderProofBatch"

2026-06-01 04:15:39.690409+0700 SpeakLocalNativeUITests-Runner[9102:7442135] [Default] Running tests...
    t =      nans Interface orientation changed to Portrait
Test Suite 'Selected tests' started at 2026-06-01 04:15:40.071.
Test Suite 'SpeakLocalNativeUITests.xctest' started at 2026-06-01 04:15:40.071.
Test Suite 'CityAppDetailV22RenderProofUITests' started at 2026-06-01 04:15:40.071.
Test Case '-[SpeakLocalNativeUITests.CityAppDetailV22RenderProofUITests testCaptureCityAppDetailV22RenderProofBatch]' started.
    t =     0.00s Start Test at 2026-06-01 04:15:40.072
    t =     0.02s Set Up
    t =     0.02s Open app.speaklocal.vietnam.native
    t =     0.02s     Launch app.speaklocal.vietnam.native
objc[9102]: Class UIAccessibilityLoaderWebShared is implemented in both /Library/Developer/CoreSimulator/Volumes/iOS_23F77/Library/Developer/CoreSimulator/Profiles/Runtimes/iOS 26.5.simruntime/Contents/Resources/RuntimeRoot/System/Library/AccessibilityBundles/WebCore.axbundle/WebCore (0x10690c310) and /Library/Developer/CoreSimulator/Volumes/iOS_23F77/Library/Developer/CoreSimulator/Profiles/Runtimes/iOS 26.5.simruntime/Contents/Resources/RuntimeRoot/System/Library/AccessibilityBundles/WebKit.axbundle/WebKit (0x106130398). This may cause spurious casting failures and mysterious crashes. One of the duplicates must be removed or renamed.
    t =     1.90s         Setting up automation session
    t =     2.48s         Wait for app.speaklocal.vietnam.native to idle
    t =     4.05s Checking existence of `"Sông Hoài" StaticText`
    t =     4.25s Waiting 8.0s for "Sông Hoài" StaticText to exist
    t =     5.31s     Checking `Expect predicate `existsNoRetry == 1` for object "Sông Hoài" StaticText`
    t =     5.31s         Checking existence of `"Sông Hoài" StaticText`
    t =     5.51s Swipe up Target Application 'app.speaklocal.vietnam.native'
    t =     5.51s     Wait for app.speaklocal.vietnam.native to idle
    t =     5.51s     Find the Target Application 'app.speaklocal.vietnam.native'
    t =     5.52s     Check for interrupting elements affecting "SpeakLocal Vietnam" Application
    t =     5.54s     Synthesize event
    t =     5.97s     Wait for app.speaklocal.vietnam.native to idle
    t =     8.11s Swipe up Target Application 'app.speaklocal.vietnam.native'
    t =     8.11s     Wait for app.speaklocal.vietnam.native to idle
    t =     8.11s     Find the Target Application 'app.speaklocal.vietnam.native'
    t =     8.13s     Check for interrupting elements affecting "SpeakLocal Vietnam" Application
    t =     8.16s     Synthesize event
    t =     8.58s     Wait for app.speaklocal.vietnam.native to idle
    t =     9.41s Terminate app.speaklocal.vietnam.native:9180
    t =    10.51s Open app.speaklocal.vietnam.native
    t =    10.51s     Launch app.speaklocal.vietnam.native
    t =    10.72s         Setting up automation session
    t =    11.22s         Wait for app.speaklocal.vietnam.native to idle
    t =    12.74s Waiting 4.0s for TabBar (First Match) to exist
    t =    13.81s     Checking `Expect predicate `existsNoRetry == 1` for object TabBar (First Match)`
    t =    13.81s         Checking existence of `TabBar (First Match)`
    t =    13.88s Checking existence of `"PhraseArticle.BottomSentinel.viet-family-city-hoian-place-hoai-river" Other`
    t =    13.97s Checking existence of `"PhraseArticle.BottomSentinel.viet-phrase-city-hoian-place-hoai-river" Other`
    t =    13.99s Find the "PhraseArticle.BottomSentinel.viet-phrase-city-hoian-place-hoai-river" Other
    t =    14.02s Checking existence of `TabBar (First Match)`
    t =    14.02s Find the TabBar (First Match)
    t =    14.03s Find the Target Application 'app.speaklocal.vietnam.native'
    t =    14.13s Terminate app.speaklocal.vietnam.native:9271
    t =    15.21s Tear Down
Test Case '-[SpeakLocalNativeUITests.CityAppDetailV22RenderProofUITests testCaptureCityAppDetailV22RenderProofBatch]' passed (15.258 seconds).
Test Suite 'CityAppDetailV22RenderProofUITests' passed at 2026-06-01 04:15:55.331.
	 Executed 1 test, with 0 failures (0 unexpected) in 15.258 (15.260) seconds
Test Suite 'SpeakLocalNativeUITests.xctest' passed at 2026-06-01 04:15:55.332.
	 Executed 1 test, with 0 failures (0 unexpected) in 15.258 (15.261) seconds
Test Suite 'Selected tests' passed at 2026-06-01 04:15:55.333.
	 Executed 1 test, with 0 failures (0 unexpected) in 15.258 (15.262) seconds

Test session results, code coverage, and logs:
	/Users/jojolim/Library/Developer/XcodeBuildMCP/workspaces/orchestrator-309442864093/DerivedData/SpeakLocalNative-8f3e721625a0/Logs/Test/Test-SpeakLocalNative-2026.06.01_04-15-38-+0700.xcresult

** TEST EXECUTE SUCCEEDED **

Testing started

2026-06-01 04:15:40.137 xcodebuild[9080:7441883] [MT] IDELaunchParametersSnapshot: The operation couldn’t be completed. (DebuggerLLDB.DebuggerVersionStore.StoreError error 0.)
2026-06-01 04:15:40.137 xcodebuild[9080:7441883] [MT] IDELaunchParametersSnapshot: no debugger version
2026-06-01 04:15:50.582 xcodebuild[9080:7441883] [MT] IDELaunchParametersSnapshot: The operation couldn’t be completed. (DebuggerLLDB.DebuggerVersionStore.StoreError error 0.)
2026-06-01 04:15:50.582 xcodebuild[9080:7441883] [MT] IDELaunchParametersSnapshot: no debugger version
2026-06-01 04:15:55.636 xcodebuild[9080:7441883] [MT] IDETestOperationsObserverDebug: 16.788 elapsed -- Testing started completed.
2026-06-01 04:15:55.636 xcodebuild[9080:7441883] [MT] IDETestOperationsObserverDebug: 0.000 sec, +0.000 sec -- start
2026-06-01 04:15:55.636 xcodebuild[9080:7441883] [MT] IDETestOperationsObserverDebug: 16.788 sec, +16.788 sec -- end
