Command line invocation:
    /Applications/Xcode.app/Contents/Developer/usr/bin/xcodebuild test-without-building -project /Users/jojolim/Developer/products/speaklocal/app-family/.worktrees/city-listings-production-ready/native-ios/SpeakLocalNative.xcodeproj -scheme SpeakLocalNative -destination "platform=iOS Simulator,id=7C386DD3-4BF1-4A34-A918-768C43CD1258" -derivedDataPath /Users/jojolim/Library/Developer/XcodeBuildMCP/workspaces/orchestrator-309442864093/DerivedData/SpeakLocalNative-8f3e721625a0 "-only-testing:SpeakLocalNativeUITests/CityAppDetailV22RenderProofUITests/testCaptureCityAppDetailV22RenderProofBatch"

2026-06-01 08:03:17.206298+0700 SpeakLocalNativeUITests-Runner[6985:8415738] [Default] Running tests...
    t =      nans Interface orientation changed to Portrait
Test Suite 'Selected tests' started at 2026-06-01 08:03:17.584.
Test Suite 'SpeakLocalNativeUITests.xctest' started at 2026-06-01 08:03:17.584.
Test Suite 'CityAppDetailV22RenderProofUITests' started at 2026-06-01 08:03:17.584.
Test Case '-[SpeakLocalNativeUITests.CityAppDetailV22RenderProofUITests testCaptureCityAppDetailV22RenderProofBatch]' started.
    t =     0.00s Start Test at 2026-06-01 08:03:17.585
    t =     0.02s Set Up
    t =     0.02s Open app.speaklocal.vietnam.native
    t =     0.02s     Launch app.speaklocal.vietnam.native
objc[6985]: Class UIAccessibilityLoaderWebShared is implemented in both /Library/Developer/CoreSimulator/Volumes/iOS_23F77/Library/Developer/CoreSimulator/Profiles/Runtimes/iOS 26.5.simruntime/Contents/Resources/RuntimeRoot/System/Library/AccessibilityBundles/WebCore.axbundle/WebCore (0x108998310) and /Library/Developer/CoreSimulator/Volumes/iOS_23F77/Library/Developer/CoreSimulator/Profiles/Runtimes/iOS 26.5.simruntime/Contents/Resources/RuntimeRoot/System/Library/AccessibilityBundles/WebKit.axbundle/WebKit (0x1081c8398). This may cause spurious casting failures and mysterious crashes. One of the duplicates must be removed or renamed.
    t =     1.88s         Setting up automation session
    t =     2.35s         Wait for app.speaklocal.vietnam.native to idle
    t =     3.82s Checking existence of `"Chợ Nga" StaticText`
    t =     3.96s Waiting 8.0s for "Chợ Nga" StaticText to exist
    t =     5.01s     Checking `Expect predicate `existsNoRetry == 1` for object "Chợ Nga" StaticText`
    t =     5.01s         Checking existence of `"Chợ Nga" StaticText`
    t =     5.14s Swipe up Target Application 'app.speaklocal.vietnam.native'
    t =     5.14s     Wait for app.speaklocal.vietnam.native to idle
    t =     5.14s     Find the Target Application 'app.speaklocal.vietnam.native'
    t =     5.15s     Check for interrupting elements affecting "SpeakLocal Vietnam" Application
    t =     5.17s     Synthesize event
    t =     5.59s     Wait for app.speaklocal.vietnam.native to idle
    t =     7.70s Swipe up Target Application 'app.speaklocal.vietnam.native'
    t =     7.70s     Wait for app.speaklocal.vietnam.native to idle
    t =     7.70s     Find the Target Application 'app.speaklocal.vietnam.native'
    t =     7.73s     Check for interrupting elements affecting "SpeakLocal Vietnam" Application
    t =     7.75s     Synthesize event
    t =     8.18s     Wait for app.speaklocal.vietnam.native to idle
    t =     8.85s Terminate app.speaklocal.vietnam.native:6993
    t =     9.91s Open app.speaklocal.vietnam.native
    t =     9.92s     Launch app.speaklocal.vietnam.native
    t =    10.13s         Setting up automation session
    t =    10.61s         Wait for app.speaklocal.vietnam.native to idle
    t =    12.06s Waiting 4.0s for TabBar (First Match) to exist
    t =    13.09s     Checking `Expect predicate `existsNoRetry == 1` for object TabBar (First Match)`
    t =    13.09s         Checking existence of `TabBar (First Match)`
    t =    13.15s Checking existence of `"PhraseArticle.BottomSentinel.viet-family-city-hcmc-place-russian-market" Other`
    t =    13.23s Checking existence of `"PhraseArticle.BottomSentinel.viet-phrase-city-hcmc-place-russian-market" Other`
    t =    13.25s Find the "PhraseArticle.BottomSentinel.viet-phrase-city-hcmc-place-russian-market" Other
    t =    13.27s Checking existence of `TabBar (First Match)`
    t =    13.28s Find the TabBar (First Match)
    t =    13.29s Find the Target Application 'app.speaklocal.vietnam.native'
    t =    13.38s Terminate app.speaklocal.vietnam.native:7014
    t =    14.45s Tear Down
Test Case '-[SpeakLocalNativeUITests.CityAppDetailV22RenderProofUITests testCaptureCityAppDetailV22RenderProofBatch]' passed (14.560 seconds).
Test Suite 'CityAppDetailV22RenderProofUITests' passed at 2026-06-01 08:03:32.145.
	 Executed 1 test, with 0 failures (0 unexpected) in 14.560 (14.560) seconds
Test Suite 'SpeakLocalNativeUITests.xctest' passed at 2026-06-01 08:03:32.146.
	 Executed 1 test, with 0 failures (0 unexpected) in 14.560 (14.561) seconds
Test Suite 'Selected tests' passed at 2026-06-01 08:03:32.146.
	 Executed 1 test, with 0 failures (0 unexpected) in 14.560 (14.562) seconds

Test session results, code coverage, and logs:
	/Users/jojolim/Library/Developer/XcodeBuildMCP/workspaces/orchestrator-309442864093/DerivedData/SpeakLocalNative-8f3e721625a0/Logs/Test/Test-SpeakLocalNative-2026.06.01_08-03-16-+0700.xcresult

** TEST EXECUTE SUCCEEDED **

Testing started

2026-06-01 08:03:17.647 xcodebuild[6980:8415561] [MT] IDELaunchParametersSnapshot: The operation couldn’t be completed. (DebuggerLLDB.DebuggerVersionStore.StoreError error 0.)
2026-06-01 08:03:17.647 xcodebuild[6980:8415561] [MT] IDELaunchParametersSnapshot: no debugger version
2026-06-01 08:03:27.503 xcodebuild[6980:8415561] [MT] IDELaunchParametersSnapshot: The operation couldn’t be completed. (DebuggerLLDB.DebuggerVersionStore.StoreError error 0.)
2026-06-01 08:03:27.503 xcodebuild[6980:8415561] [MT] IDELaunchParametersSnapshot: no debugger version
2026-06-01 08:03:32.439 xcodebuild[6980:8415561] [MT] IDETestOperationsObserverDebug: 16.103 elapsed -- Testing started completed.
2026-06-01 08:03:32.439 xcodebuild[6980:8415561] [MT] IDETestOperationsObserverDebug: 0.000 sec, +0.000 sec -- start
2026-06-01 08:03:32.439 xcodebuild[6980:8415561] [MT] IDETestOperationsObserverDebug: 16.103 sec, +16.103 sec -- end
