Command line invocation:
    /Applications/Xcode.app/Contents/Developer/usr/bin/xcodebuild test-without-building -project /Users/jojolim/Developer/products/speaklocal/app-family/.worktrees/city-listings-production-ready/native-ios/SpeakLocalNative.xcodeproj -scheme SpeakLocalNative -destination "platform=iOS Simulator,id=7C386DD3-4BF1-4A34-A918-768C43CD1258" -derivedDataPath /Users/jojolim/Library/Developer/XcodeBuildMCP/workspaces/orchestrator-309442864093/DerivedData/SpeakLocalNative-8f3e721625a0 "-only-testing:SpeakLocalNativeUITests/CityAppDetailV22RenderProofUITests/testCaptureCityAppDetailV22RenderProofBatch"

2026-06-01 07:37:03.997809+0700 SpeakLocalNativeUITests-Runner[71968:8311521] [Default] Running tests...
    t =      nans Interface orientation changed to Portrait
Test Suite 'Selected tests' started at 2026-06-01 07:37:04.365.
Test Suite 'SpeakLocalNativeUITests.xctest' started at 2026-06-01 07:37:04.366.
Test Suite 'CityAppDetailV22RenderProofUITests' started at 2026-06-01 07:37:04.366.
Test Case '-[SpeakLocalNativeUITests.CityAppDetailV22RenderProofUITests testCaptureCityAppDetailV22RenderProofBatch]' started.
    t =     0.00s Start Test at 2026-06-01 07:37:04.366
    t =     0.02s Set Up
    t =     0.02s Open app.speaklocal.vietnam.native
    t =     0.02s     Launch app.speaklocal.vietnam.native
objc[71968]: Class UIAccessibilityLoaderWebShared is implemented in both /Library/Developer/CoreSimulator/Volumes/iOS_23F77/Library/Developer/CoreSimulator/Profiles/Runtimes/iOS 26.5.simruntime/Contents/Resources/RuntimeRoot/System/Library/AccessibilityBundles/WebCore.axbundle/WebCore (0x106e04310) and /Library/Developer/CoreSimulator/Volumes/iOS_23F77/Library/Developer/CoreSimulator/Profiles/Runtimes/iOS 26.5.simruntime/Contents/Resources/RuntimeRoot/System/Library/AccessibilityBundles/WebKit.axbundle/WebKit (0x1062dc398). This may cause spurious casting failures and mysterious crashes. One of the duplicates must be removed or renamed.
    t =     2.10s         Setting up automation session
    t =     2.73s         Wait for app.speaklocal.vietnam.native to idle
    t =     4.21s Checking existence of `"Cơm tấm Ba Ghiền" StaticText`
    t =     4.34s Waiting 8.0s for "Cơm tấm Ba Ghiền" StaticText to exist
    t =     5.39s     Checking `Expect predicate `existsNoRetry == 1` for object "Cơm tấm Ba Ghiền" StaticText`
    t =     5.39s         Checking existence of `"Cơm tấm Ba Ghiền" StaticText`
    t =     5.51s Swipe up Target Application 'app.speaklocal.vietnam.native'
    t =     5.52s     Wait for app.speaklocal.vietnam.native to idle
    t =     5.52s     Find the Target Application 'app.speaklocal.vietnam.native'
    t =     5.53s     Check for interrupting elements affecting "SpeakLocal Vietnam" Application
    t =     5.55s     Synthesize event
    t =     5.97s     Wait for app.speaklocal.vietnam.native to idle
    t =     8.08s Swipe up Target Application 'app.speaklocal.vietnam.native'
    t =     8.08s     Wait for app.speaklocal.vietnam.native to idle
    t =     8.08s     Find the Target Application 'app.speaklocal.vietnam.native'
    t =     8.10s     Check for interrupting elements affecting "SpeakLocal Vietnam" Application
    t =     8.13s     Synthesize event
    t =     8.56s     Wait for app.speaklocal.vietnam.native to idle
    t =     9.53s Terminate app.speaklocal.vietnam.native:72112
    t =    10.62s Open app.speaklocal.vietnam.native
    t =    10.62s     Launch app.speaklocal.vietnam.native
    t =    10.84s         Setting up automation session
    t =    11.32s         Wait for app.speaklocal.vietnam.native to idle
    t =    12.77s Waiting 4.0s for TabBar (First Match) to exist
    t =    13.81s     Checking `Expect predicate `existsNoRetry == 1` for object TabBar (First Match)`
    t =    13.81s         Checking existence of `TabBar (First Match)`
    t =    13.87s Checking existence of `"PhraseArticle.BottomSentinel.viet-family-city-hcmc-place-com-tam-ba-ghien" Other`
    t =    13.95s Checking existence of `"PhraseArticle.BottomSentinel.viet-phrase-city-hcmc-place-com-tam-ba-ghien" Other`
    t =    13.97s Find the "PhraseArticle.BottomSentinel.viet-phrase-city-hcmc-place-com-tam-ba-ghien" Other
    t =    13.99s Checking existence of `TabBar (First Match)`
    t =    14.00s Find the TabBar (First Match)
    t =    14.01s Find the Target Application 'app.speaklocal.vietnam.native'
    t =    14.10s Terminate app.speaklocal.vietnam.native:72202
    t =    15.13s Tear Down
Test Case '-[SpeakLocalNativeUITests.CityAppDetailV22RenderProofUITests testCaptureCityAppDetailV22RenderProofBatch]' passed (15.216 seconds).
Test Suite 'CityAppDetailV22RenderProofUITests' passed at 2026-06-01 07:37:19.583.
	 Executed 1 test, with 0 failures (0 unexpected) in 15.216 (15.218) seconds
Test Suite 'SpeakLocalNativeUITests.xctest' passed at 2026-06-01 07:37:19.584.
	 Executed 1 test, with 0 failures (0 unexpected) in 15.216 (15.219) seconds
Test Suite 'Selected tests' passed at 2026-06-01 07:37:19.585.
	 Executed 1 test, with 0 failures (0 unexpected) in 15.216 (15.219) seconds

Test session results, code coverage, and logs:
	/Users/jojolim/Library/Developer/XcodeBuildMCP/workspaces/orchestrator-309442864093/DerivedData/SpeakLocalNative-8f3e721625a0/Logs/Test/Test-SpeakLocalNative-2026.06.01_07-37-03-+0700.xcresult

** TEST EXECUTE SUCCEEDED **

Testing started

2026-06-01 07:37:04.428 xcodebuild[71912:8310902] [MT] IDELaunchParametersSnapshot: The operation couldn’t be completed. (DebuggerLLDB.DebuggerVersionStore.StoreError error 0.)
2026-06-01 07:37:04.428 xcodebuild[71912:8310902] [MT] IDELaunchParametersSnapshot: no debugger version
2026-06-01 07:37:14.989 xcodebuild[71912:8310902] [MT] IDELaunchParametersSnapshot: The operation couldn’t be completed. (DebuggerLLDB.DebuggerVersionStore.StoreError error 0.)
2026-06-01 07:37:14.989 xcodebuild[71912:8310902] [MT] IDELaunchParametersSnapshot: no debugger version
2026-06-01 07:37:19.886 xcodebuild[71912:8310902] [MT] IDETestOperationsObserverDebug: 16.721 elapsed -- Testing started completed.
2026-06-01 07:37:19.886 xcodebuild[71912:8310902] [MT] IDETestOperationsObserverDebug: 0.000 sec, +0.000 sec -- start
2026-06-01 07:37:19.886 xcodebuild[71912:8310902] [MT] IDETestOperationsObserverDebug: 16.721 sec, +16.721 sec -- end
