Command line invocation:
    /Applications/Xcode.app/Contents/Developer/usr/bin/xcodebuild test-without-building -project /Users/jojolim/Developer/products/speaklocal/app-family/.worktrees/city-listings-production-ready/native-ios/SpeakLocalNative.xcodeproj -scheme SpeakLocalNative -destination "platform=iOS Simulator,id=7C386DD3-4BF1-4A34-A918-768C43CD1258" -derivedDataPath /Users/jojolim/Library/Developer/XcodeBuildMCP/workspaces/orchestrator-309442864093/DerivedData/SpeakLocalNative-8f3e721625a0 "-only-testing:SpeakLocalNativeUITests/CityAppDetailV22RenderProofUITests/testCaptureCityAppDetailV22RenderProofBatch"

2026-06-01 08:23:05.020404+0700 SpeakLocalNativeUITests-Runner[29479:8491398] [Default] Running tests...
    t =      nans Interface orientation changed to Portrait
Test Suite 'Selected tests' started at 2026-06-01 08:23:05.390.
Test Suite 'SpeakLocalNativeUITests.xctest' started at 2026-06-01 08:23:05.390.
Test Suite 'CityAppDetailV22RenderProofUITests' started at 2026-06-01 08:23:05.390.
Test Case '-[SpeakLocalNativeUITests.CityAppDetailV22RenderProofUITests testCaptureCityAppDetailV22RenderProofBatch]' started.
    t =     0.00s Start Test at 2026-06-01 08:23:05.391
    t =     0.02s Set Up
    t =     0.02s Open app.speaklocal.vietnam.native
    t =     0.02s     Launch app.speaklocal.vietnam.native
objc[29479]: Class UIAccessibilityLoaderWebShared is implemented in both /Library/Developer/CoreSimulator/Volumes/iOS_23F77/Library/Developer/CoreSimulator/Profiles/Runtimes/iOS 26.5.simruntime/Contents/Resources/RuntimeRoot/System/Library/AccessibilityBundles/WebCore.axbundle/WebCore (0x1084d0310) and /Library/Developer/CoreSimulator/Volumes/iOS_23F77/Library/Developer/CoreSimulator/Profiles/Runtimes/iOS 26.5.simruntime/Contents/Resources/RuntimeRoot/System/Library/AccessibilityBundles/WebKit.axbundle/WebKit (0x107d50398). This may cause spurious casting failures and mysterious crashes. One of the duplicates must be removed or renamed.
    t =     1.89s         Setting up automation session
    t =     2.40s         Wait for app.speaklocal.vietnam.native to idle
    t =     3.90s Checking existence of `"Lớp học nấu ăn Hội An" StaticText`
    t =     4.04s Waiting 8.0s for "Lớp học nấu ăn Hội An" StaticText to exist
    t =     5.07s     Checking `Expect predicate `existsNoRetry == 1` for object "Lớp học nấu ăn Hội An" StaticText`
    t =     5.07s         Checking existence of `"Lớp học nấu ăn Hội An" StaticText`
    t =     5.24s Swipe up Target Application 'app.speaklocal.vietnam.native'
    t =     5.24s     Wait for app.speaklocal.vietnam.native to idle
    t =     5.24s     Find the Target Application 'app.speaklocal.vietnam.native'
    t =     5.25s     Check for interrupting elements affecting "SpeakLocal Vietnam" Application
    t =     5.27s     Synthesize event
    t =     5.69s     Wait for app.speaklocal.vietnam.native to idle
    t =     7.81s Swipe up Target Application 'app.speaklocal.vietnam.native'
    t =     7.81s     Wait for app.speaklocal.vietnam.native to idle
    t =     7.81s     Find the Target Application 'app.speaklocal.vietnam.native'
    t =     7.83s     Check for interrupting elements affecting "SpeakLocal Vietnam" Application
    t =     7.85s     Synthesize event
    t =     8.28s     Wait for app.speaklocal.vietnam.native to idle
    t =     8.83s Terminate app.speaklocal.vietnam.native:29553
    t =     9.91s Open app.speaklocal.vietnam.native
    t =     9.91s     Launch app.speaklocal.vietnam.native
    t =    10.13s         Setting up automation session
    t =    10.60s         Wait for app.speaklocal.vietnam.native to idle
    t =    12.07s Waiting 4.0s for TabBar (First Match) to exist
    t =    13.11s     Checking `Expect predicate `existsNoRetry == 1` for object TabBar (First Match)`
    t =    13.11s         Checking existence of `TabBar (First Match)`
    t =    13.17s Checking existence of `"PhraseArticle.BottomSentinel.viet-family-city-hoian-place-cooking-class" Other`
    t =    13.24s Checking existence of `"PhraseArticle.BottomSentinel.viet-phrase-city-hoian-place-cooking-class" Other`
    t =    13.26s Find the "PhraseArticle.BottomSentinel.viet-phrase-city-hoian-place-cooking-class" Other
    t =    13.28s Checking existence of `TabBar (First Match)`
    t =    13.29s Find the TabBar (First Match)
    t =    13.30s Find the Target Application 'app.speaklocal.vietnam.native'
    t =    13.39s Terminate app.speaklocal.vietnam.native:29645
    t =    14.48s Tear Down
Test Case '-[SpeakLocalNativeUITests.CityAppDetailV22RenderProofUITests testCaptureCityAppDetailV22RenderProofBatch]' passed (14.526 seconds).
Test Suite 'CityAppDetailV22RenderProofUITests' passed at 2026-06-01 08:23:19.918.
	 Executed 1 test, with 0 failures (0 unexpected) in 14.526 (14.528) seconds
Test Suite 'SpeakLocalNativeUITests.xctest' passed at 2026-06-01 08:23:19.919.
	 Executed 1 test, with 0 failures (0 unexpected) in 14.526 (14.529) seconds
Test Suite 'Selected tests' passed at 2026-06-01 08:23:19.920.
	 Executed 1 test, with 0 failures (0 unexpected) in 14.526 (14.530) seconds

Test session results, code coverage, and logs:
	/Users/jojolim/Library/Developer/XcodeBuildMCP/workspaces/orchestrator-309442864093/DerivedData/SpeakLocalNative-8f3e721625a0/Logs/Test/Test-SpeakLocalNative-2026.06.01_08-23-04-+0700.xcresult

** TEST EXECUTE SUCCEEDED **

Testing started

2026-06-01 08:23:05.451 xcodebuild[29476:8491203] [MT] IDELaunchParametersSnapshot: The operation couldn’t be completed. (DebuggerLLDB.DebuggerVersionStore.StoreError error 0.)
2026-06-01 08:23:05.451 xcodebuild[29476:8491203] [MT] IDELaunchParametersSnapshot: no debugger version
2026-06-01 08:23:15.304 xcodebuild[29476:8491203] [MT] IDELaunchParametersSnapshot: The operation couldn’t be completed. (DebuggerLLDB.DebuggerVersionStore.StoreError error 0.)
2026-06-01 08:23:15.304 xcodebuild[29476:8491203] [MT] IDELaunchParametersSnapshot: no debugger version
2026-06-01 08:23:20.226 xcodebuild[29476:8491203] [MT] IDETestOperationsObserverDebug: 16.027 elapsed -- Testing started completed.
2026-06-01 08:23:20.226 xcodebuild[29476:8491203] [MT] IDETestOperationsObserverDebug: 0.000 sec, +0.000 sec -- start
2026-06-01 08:23:20.226 xcodebuild[29476:8491203] [MT] IDETestOperationsObserverDebug: 16.027 sec, +16.027 sec -- end
