Command line invocation:
    /Applications/Xcode.app/Contents/Developer/usr/bin/xcodebuild test-without-building -project /Users/jojolim/Developer/products/speaklocal/app-family/.worktrees/city-listings-production-ready/native-ios/SpeakLocalNative.xcodeproj -scheme SpeakLocalNative -destination "platform=iOS Simulator,id=7C386DD3-4BF1-4A34-A918-768C43CD1258" -derivedDataPath /Users/jojolim/Library/Developer/XcodeBuildMCP/workspaces/orchestrator-309442864093/DerivedData/SpeakLocalNative-8f3e721625a0 "-only-testing:SpeakLocalNativeUITests/CityAppDetailV22RenderProofUITests/testCaptureCityAppDetailV22RenderProofBatch"

2026-06-01 06:07:37.354295+0700 SpeakLocalNativeUITests-Runner[53375:7915954] [Default] Running tests...
    t =      nans Interface orientation changed to Portrait
Test Suite 'Selected tests' started at 2026-06-01 06:07:37.727.
Test Suite 'SpeakLocalNativeUITests.xctest' started at 2026-06-01 06:07:37.727.
Test Suite 'CityAppDetailV22RenderProofUITests' started at 2026-06-01 06:07:37.727.
Test Case '-[SpeakLocalNativeUITests.CityAppDetailV22RenderProofUITests testCaptureCityAppDetailV22RenderProofBatch]' started.
    t =     0.00s Start Test at 2026-06-01 06:07:37.728
    t =     0.02s Set Up
    t =     0.02s Open app.speaklocal.vietnam.native
    t =     0.02s     Launch app.speaklocal.vietnam.native
objc[53375]: Class UIAccessibilityLoaderWebShared is implemented in both /Library/Developer/CoreSimulator/Volumes/iOS_23F77/Library/Developer/CoreSimulator/Profiles/Runtimes/iOS 26.5.simruntime/Contents/Resources/RuntimeRoot/System/Library/AccessibilityBundles/WebCore.axbundle/WebCore (0x10a684310) and /Library/Developer/CoreSimulator/Volumes/iOS_23F77/Library/Developer/CoreSimulator/Profiles/Runtimes/iOS 26.5.simruntime/Contents/Resources/RuntimeRoot/System/Library/AccessibilityBundles/WebKit.axbundle/WebKit (0x109f14398). This may cause spurious casting failures and mysterious crashes. One of the duplicates must be removed or renamed.
    t =     1.91s         Setting up automation session
    t =     2.44s         Wait for app.speaklocal.vietnam.native to idle
    t =     3.95s Checking existence of `"Cầu Trần Thị Lý" StaticText`
    t =     4.10s Waiting 8.0s for "Cầu Trần Thị Lý" StaticText to exist
    t =     5.17s     Checking `Expect predicate `existsNoRetry == 1` for object "Cầu Trần Thị Lý" StaticText`
    t =     5.17s         Checking existence of `"Cầu Trần Thị Lý" StaticText`
    t =     5.34s Swipe up Target Application 'app.speaklocal.vietnam.native'
    t =     5.34s     Wait for app.speaklocal.vietnam.native to idle
    t =     5.34s     Find the Target Application 'app.speaklocal.vietnam.native'
    t =     5.36s     Check for interrupting elements affecting "SpeakLocal Vietnam" Application
    t =     5.38s     Synthesize event
    t =     5.80s     Wait for app.speaklocal.vietnam.native to idle
    t =     7.89s Swipe up Target Application 'app.speaklocal.vietnam.native'
    t =     7.89s     Wait for app.speaklocal.vietnam.native to idle
    t =     7.90s     Find the Target Application 'app.speaklocal.vietnam.native'
    t =     7.92s     Check for interrupting elements affecting "SpeakLocal Vietnam" Application
    t =     7.95s     Synthesize event
    t =     8.38s     Wait for app.speaklocal.vietnam.native to idle
    t =     9.46s Terminate app.speaklocal.vietnam.native:53450
    t =    10.55s Open app.speaklocal.vietnam.native
    t =    10.55s     Launch app.speaklocal.vietnam.native
    t =    10.76s         Setting up automation session
    t =    11.24s         Wait for app.speaklocal.vietnam.native to idle
    t =    12.77s Waiting 4.0s for TabBar (First Match) to exist
    t =    13.84s     Checking `Expect predicate `existsNoRetry == 1` for object TabBar (First Match)`
    t =    13.84s         Checking existence of `TabBar (First Match)`
    t =    13.90s Checking existence of `"PhraseArticle.BottomSentinel.viet-family-city-danang-place-tran-thi-ly-bridge" Other`
    t =    13.98s Checking existence of `"PhraseArticle.BottomSentinel.viet-phrase-city-danang-place-tran-thi-ly-bridge" Other`
    t =    14.01s Find the "PhraseArticle.BottomSentinel.viet-phrase-city-danang-place-tran-thi-ly-bridge" Other
    t =    14.03s Checking existence of `TabBar (First Match)`
    t =    14.04s Find the TabBar (First Match)
    t =    14.04s Find the Target Application 'app.speaklocal.vietnam.native'
    t =    14.14s Terminate app.speaklocal.vietnam.native:53542
    t =    15.23s Tear Down
Test Case '-[SpeakLocalNativeUITests.CityAppDetailV22RenderProofUITests testCaptureCityAppDetailV22RenderProofBatch]' passed (15.320 seconds).
Test Suite 'CityAppDetailV22RenderProofUITests' passed at 2026-06-01 06:07:53.049.
	 Executed 1 test, with 0 failures (0 unexpected) in 15.320 (15.321) seconds
Test Suite 'SpeakLocalNativeUITests.xctest' passed at 2026-06-01 06:07:53.049.
	 Executed 1 test, with 0 failures (0 unexpected) in 15.320 (15.322) seconds
Test Suite 'Selected tests' passed at 2026-06-01 06:07:53.050.
	 Executed 1 test, with 0 failures (0 unexpected) in 15.320 (15.323) seconds

Test session results, code coverage, and logs:
	/Users/jojolim/Library/Developer/XcodeBuildMCP/workspaces/orchestrator-309442864093/DerivedData/SpeakLocalNative-8f3e721625a0/Logs/Test/Test-SpeakLocalNative-2026.06.01_06-07-36-+0700.xcresult

** TEST EXECUTE SUCCEEDED **

Testing started

2026-06-01 06:07:37.793 xcodebuild[53365:7915770] [MT] IDELaunchParametersSnapshot: The operation couldn’t be completed. (DebuggerLLDB.DebuggerVersionStore.StoreError error 0.)
2026-06-01 06:07:37.793 xcodebuild[53365:7915770] [MT] IDELaunchParametersSnapshot: no debugger version
2026-06-01 06:07:48.278 xcodebuild[53365:7915770] [MT] IDELaunchParametersSnapshot: The operation couldn’t be completed. (DebuggerLLDB.DebuggerVersionStore.StoreError error 0.)
2026-06-01 06:07:48.278 xcodebuild[53365:7915770] [MT] IDELaunchParametersSnapshot: no debugger version
2026-06-01 06:07:53.357 xcodebuild[53365:7915770] [MT] IDETestOperationsObserverDebug: 16.802 elapsed -- Testing started completed.
2026-06-01 06:07:53.357 xcodebuild[53365:7915770] [MT] IDETestOperationsObserverDebug: 0.000 sec, +0.000 sec -- start
2026-06-01 06:07:53.357 xcodebuild[53365:7915770] [MT] IDETestOperationsObserverDebug: 16.802 sec, +16.802 sec -- end
