Command line invocation:
    /Applications/Xcode.app/Contents/Developer/usr/bin/xcodebuild test-without-building -project /Users/jojolim/Developer/products/speaklocal/app-family/.worktrees/city-listings-production-ready/native-ios/SpeakLocalNative.xcodeproj -scheme SpeakLocalNative -destination "platform=iOS Simulator,id=7C386DD3-4BF1-4A34-A918-768C43CD1258" -derivedDataPath /Users/jojolim/Library/Developer/XcodeBuildMCP/workspaces/orchestrator-309442864093/DerivedData/SpeakLocalNative-8f3e721625a0 "-only-testing:SpeakLocalNativeUITests/CityAppDetailV22RenderProofUITests/testCaptureCityAppDetailV22RenderProofBatch"

2026-06-01 09:14:57.032352+0700 SpeakLocalNativeUITests-Runner[66541:8661827] [Default] Running tests...
    t =      nans Interface orientation changed to Portrait
Test Suite 'Selected tests' started at 2026-06-01 09:14:57.399.
Test Suite 'SpeakLocalNativeUITests.xctest' started at 2026-06-01 09:14:57.400.
Test Suite 'CityAppDetailV22RenderProofUITests' started at 2026-06-01 09:14:57.400.
Test Case '-[SpeakLocalNativeUITests.CityAppDetailV22RenderProofUITests testCaptureCityAppDetailV22RenderProofBatch]' started.
    t =     0.00s Start Test at 2026-06-01 09:14:57.400
    t =     0.02s Set Up
    t =     0.02s Open app.speaklocal.vietnam.native
    t =     0.02s     Launch app.speaklocal.vietnam.native
objc[66541]: Class UIAccessibilityLoaderWebShared is implemented in both /Library/Developer/CoreSimulator/Volumes/iOS_23F77/Library/Developer/CoreSimulator/Profiles/Runtimes/iOS 26.5.simruntime/Contents/Resources/RuntimeRoot/System/Library/AccessibilityBundles/WebCore.axbundle/WebCore (0x10a694310) and /Library/Developer/CoreSimulator/Volumes/iOS_23F77/Library/Developer/CoreSimulator/Profiles/Runtimes/iOS 26.5.simruntime/Contents/Resources/RuntimeRoot/System/Library/AccessibilityBundles/WebKit.axbundle/WebKit (0x109f94398). This may cause spurious casting failures and mysterious crashes. One of the duplicates must be removed or renamed.
    t =     1.89s         Setting up automation session
    t =     2.32s         Wait for app.speaklocal.vietnam.native to idle
    t =     3.78s Checking existence of `"Thế Miếu" StaticText`
    t =     3.92s Waiting 8.0s for "Thế Miếu" StaticText to exist
    t =     4.96s     Checking `Expect predicate `existsNoRetry == 1` for object "Thế Miếu" StaticText`
    t =     4.96s         Checking existence of `"Thế Miếu" StaticText`
    t =     5.11s Swipe up Target Application 'app.speaklocal.vietnam.native'
    t =     5.11s     Wait for app.speaklocal.vietnam.native to idle
    t =     5.11s     Find the Target Application 'app.speaklocal.vietnam.native'
    t =     5.12s     Check for interrupting elements affecting "SpeakLocal Vietnam" Application
    t =     5.14s     Synthesize event
    t =     5.56s     Wait for app.speaklocal.vietnam.native to idle
    t =     7.69s Swipe up Target Application 'app.speaklocal.vietnam.native'
    t =     7.69s     Wait for app.speaklocal.vietnam.native to idle
    t =     7.70s     Find the Target Application 'app.speaklocal.vietnam.native'
    t =     7.72s     Check for interrupting elements affecting "SpeakLocal Vietnam" Application
    t =     7.75s     Synthesize event
    t =     8.18s     Wait for app.speaklocal.vietnam.native to idle
    t =     8.88s Terminate app.speaklocal.vietnam.native:66549
    t =     9.94s Open app.speaklocal.vietnam.native
    t =     9.94s     Launch app.speaklocal.vietnam.native
    t =    10.16s         Setting up automation session
    t =    10.65s         Wait for app.speaklocal.vietnam.native to idle
    t =    12.14s Waiting 4.0s for TabBar (First Match) to exist
    t =    13.19s     Checking `Expect predicate `existsNoRetry == 1` for object TabBar (First Match)`
    t =    13.19s         Checking existence of `TabBar (First Match)`
    t =    13.25s Checking existence of `"PhraseArticle.BottomSentinel.viet-family-city-hue-place-the-mieu-temple" Other`
    t =    13.33s Checking existence of `"PhraseArticle.BottomSentinel.viet-phrase-city-hue-place-the-mieu-temple" Other`
    t =    13.35s Find the "PhraseArticle.BottomSentinel.viet-phrase-city-hue-place-the-mieu-temple" Other
    t =    13.37s Checking existence of `TabBar (First Match)`
    t =    13.37s Find the TabBar (First Match)
    t =    13.38s Find the Target Application 'app.speaklocal.vietnam.native'
    t =    13.47s Terminate app.speaklocal.vietnam.native:66568
    t =    14.54s Tear Down
Test Case '-[SpeakLocalNativeUITests.CityAppDetailV22RenderProofUITests testCaptureCityAppDetailV22RenderProofBatch]' passed (14.593 seconds).
Test Suite 'CityAppDetailV22RenderProofUITests' passed at 2026-06-01 09:15:11.994.
	 Executed 1 test, with 0 failures (0 unexpected) in 14.593 (14.594) seconds
Test Suite 'SpeakLocalNativeUITests.xctest' passed at 2026-06-01 09:15:11.994.
	 Executed 1 test, with 0 failures (0 unexpected) in 14.593 (14.594) seconds
Test Suite 'Selected tests' passed at 2026-06-01 09:15:11.994.
	 Executed 1 test, with 0 failures (0 unexpected) in 14.593 (14.595) seconds

Test session results, code coverage, and logs:
	/Users/jojolim/Library/Developer/XcodeBuildMCP/workspaces/orchestrator-309442864093/DerivedData/SpeakLocalNative-8f3e721625a0/Logs/Test/Test-SpeakLocalNative-2026.06.01_09-14-56-+0700.xcresult

** TEST EXECUTE SUCCEEDED **

Testing started

2026-06-01 09:14:57.461 xcodebuild[66531:8661631] [MT] IDELaunchParametersSnapshot: The operation couldn’t be completed. (DebuggerLLDB.DebuggerVersionStore.StoreError error 0.)
2026-06-01 09:14:57.461 xcodebuild[66531:8661631] [MT] IDELaunchParametersSnapshot: no debugger version
2026-06-01 09:15:07.343 xcodebuild[66531:8661631] [MT] IDELaunchParametersSnapshot: The operation couldn’t be completed. (DebuggerLLDB.DebuggerVersionStore.StoreError error 0.)
2026-06-01 09:15:07.343 xcodebuild[66531:8661631] [MT] IDELaunchParametersSnapshot: no debugger version
2026-06-01 09:15:12.271 xcodebuild[66531:8661631] [MT] IDETestOperationsObserverDebug: 16.053 elapsed -- Testing started completed.
2026-06-01 09:15:12.271 xcodebuild[66531:8661631] [MT] IDETestOperationsObserverDebug: 0.000 sec, +0.000 sec -- start
2026-06-01 09:15:12.271 xcodebuild[66531:8661631] [MT] IDETestOperationsObserverDebug: 16.053 sec, +16.053 sec -- end
