Command line invocation:
    /Applications/Xcode.app/Contents/Developer/usr/bin/xcodebuild test-without-building -project /Users/jojolim/Developer/products/speaklocal/app-family/.worktrees/city-listings-production-ready/native-ios/SpeakLocalNative.xcodeproj -scheme SpeakLocalNative -destination "platform=iOS Simulator,id=7C386DD3-4BF1-4A34-A918-768C43CD1258" -derivedDataPath /Users/jojolim/Library/Developer/XcodeBuildMCP/workspaces/orchestrator-309442864093/DerivedData/SpeakLocalNative-8f3e721625a0 "-only-testing:SpeakLocalNativeUITests/CityAppDetailV22RenderProofUITests/testCaptureCityAppDetailV22RenderProofBatch"

2026-06-01 07:00:19.666535+0700 SpeakLocalNativeUITests-Runner[30341:8153140] [Default] Running tests...
    t =      nans Interface orientation changed to Portrait
Test Suite 'Selected tests' started at 2026-06-01 07:00:20.034.
Test Suite 'SpeakLocalNativeUITests.xctest' started at 2026-06-01 07:00:20.034.
Test Suite 'CityAppDetailV22RenderProofUITests' started at 2026-06-01 07:00:20.035.
Test Case '-[SpeakLocalNativeUITests.CityAppDetailV22RenderProofUITests testCaptureCityAppDetailV22RenderProofBatch]' started.
    t =     0.00s Start Test at 2026-06-01 07:00:20.035
    t =     0.02s Set Up
    t =     0.02s Open app.speaklocal.vietnam.native
    t =     0.02s     Launch app.speaklocal.vietnam.native
objc[30341]: Class UIAccessibilityLoaderWebShared is implemented in both /Library/Developer/CoreSimulator/Volumes/iOS_23F77/Library/Developer/CoreSimulator/Profiles/Runtimes/iOS 26.5.simruntime/Contents/Resources/RuntimeRoot/System/Library/AccessibilityBundles/WebCore.axbundle/WebCore (0x10b024310) and /Library/Developer/CoreSimulator/Volumes/iOS_23F77/Library/Developer/CoreSimulator/Profiles/Runtimes/iOS 26.5.simruntime/Contents/Resources/RuntimeRoot/System/Library/AccessibilityBundles/WebKit.axbundle/WebKit (0x10a84c398). This may cause spurious casting failures and mysterious crashes. One of the duplicates must be removed or renamed.
    t =     1.87s         Setting up automation session
    t =     2.42s         Wait for app.speaklocal.vietnam.native to idle
    t =     3.89s Checking existence of `"Nhà thờ Lớn Hà Nội" StaticText`
    t =     4.03s Waiting 8.0s for "Nhà thờ Lớn Hà Nội" StaticText to exist
    t =     5.07s     Checking `Expect predicate `existsNoRetry == 1` for object "Nhà thờ Lớn Hà Nội" StaticText`
    t =     5.07s         Checking existence of `"Nhà thờ Lớn Hà Nội" StaticText`
    t =     5.24s Swipe up Target Application 'app.speaklocal.vietnam.native'
    t =     5.24s     Wait for app.speaklocal.vietnam.native to idle
    t =     5.24s     Find the Target Application 'app.speaklocal.vietnam.native'
    t =     5.26s     Check for interrupting elements affecting "SpeakLocal Vietnam" Application
    t =     5.28s     Synthesize event
    t =     5.70s     Wait for app.speaklocal.vietnam.native to idle
    t =     7.80s Swipe up Target Application 'app.speaklocal.vietnam.native'
    t =     7.80s     Wait for app.speaklocal.vietnam.native to idle
    t =     7.80s     Find the Target Application 'app.speaklocal.vietnam.native'
    t =     7.83s     Check for interrupting elements affecting "SpeakLocal Vietnam" Application
    t =     7.85s     Synthesize event
    t =     8.27s     Wait for app.speaklocal.vietnam.native to idle
    t =     9.20s Terminate app.speaklocal.vietnam.native:30415
    t =    10.25s Open app.speaklocal.vietnam.native
    t =    10.25s     Launch app.speaklocal.vietnam.native
    t =    10.47s         Setting up automation session
    t =    10.95s         Wait for app.speaklocal.vietnam.native to idle
    t =    12.46s Waiting 4.0s for TabBar (First Match) to exist
    t =    13.50s     Checking `Expect predicate `existsNoRetry == 1` for object TabBar (First Match)`
    t =    13.50s         Checking existence of `TabBar (First Match)`
    t =    13.56s Checking existence of `"PhraseArticle.BottomSentinel.viet-family-city-hanoi-place-st-joseph-cathedral" Other`
    t =    13.64s Checking existence of `"PhraseArticle.BottomSentinel.viet-phrase-city-hanoi-place-st-joseph-cathedral" Other`
    t =    13.66s Find the "PhraseArticle.BottomSentinel.viet-phrase-city-hanoi-place-st-joseph-cathedral" Other
    t =    13.69s Checking existence of `TabBar (First Match)`
    t =    13.69s Find the TabBar (First Match)
    t =    13.70s Find the Target Application 'app.speaklocal.vietnam.native'
    t =    13.79s Terminate app.speaklocal.vietnam.native:30515
    t =    14.85s Tear Down
Test Case '-[SpeakLocalNativeUITests.CityAppDetailV22RenderProofUITests testCaptureCityAppDetailV22RenderProofBatch]' passed (14.906 seconds).
Test Suite 'CityAppDetailV22RenderProofUITests' passed at 2026-06-01 07:00:34.941.
	 Executed 1 test, with 0 failures (0 unexpected) in 14.906 (14.907) seconds
Test Suite 'SpeakLocalNativeUITests.xctest' passed at 2026-06-01 07:00:34.942.
	 Executed 1 test, with 0 failures (0 unexpected) in 14.906 (14.908) seconds
Test Suite 'Selected tests' passed at 2026-06-01 07:00:34.943.
	 Executed 1 test, with 0 failures (0 unexpected) in 14.906 (14.909) seconds

Test session results, code coverage, and logs:
	/Users/jojolim/Library/Developer/XcodeBuildMCP/workspaces/orchestrator-309442864093/DerivedData/SpeakLocalNative-8f3e721625a0/Logs/Test/Test-SpeakLocalNative-2026.06.01_07-00-18-+0700.xcresult

** TEST EXECUTE SUCCEEDED **

Testing started

2026-06-01 07:00:20.086 xcodebuild[30339:8152988] [MT] IDELaunchParametersSnapshot: The operation couldn’t be completed. (DebuggerLLDB.DebuggerVersionStore.StoreError error 0.)
2026-06-01 07:00:20.086 xcodebuild[30339:8152988] [MT] IDELaunchParametersSnapshot: no debugger version
2026-06-01 07:00:30.292 xcodebuild[30339:8152988] [MT] IDELaunchParametersSnapshot: The operation couldn’t be completed. (DebuggerLLDB.DebuggerVersionStore.StoreError error 0.)
2026-06-01 07:00:30.292 xcodebuild[30339:8152988] [MT] IDELaunchParametersSnapshot: no debugger version
2026-06-01 07:00:35.230 xcodebuild[30339:8152988] [MT] IDETestOperationsObserverDebug: 16.336 elapsed -- Testing started completed.
2026-06-01 07:00:35.230 xcodebuild[30339:8152988] [MT] IDETestOperationsObserverDebug: 0.000 sec, +0.000 sec -- start
2026-06-01 07:00:35.230 xcodebuild[30339:8152988] [MT] IDETestOperationsObserverDebug: 16.336 sec, +16.336 sec -- end
