Command line invocation:
    /Applications/Xcode.app/Contents/Developer/usr/bin/xcodebuild test-without-building -project /Users/jojolim/Developer/products/speaklocal/app-family/.worktrees/city-listings-production-ready/native-ios/SpeakLocalNative.xcodeproj -scheme SpeakLocalNative -destination "platform=iOS Simulator,id=7C386DD3-4BF1-4A34-A918-768C43CD1258" -derivedDataPath /Users/jojolim/Library/Developer/XcodeBuildMCP/workspaces/orchestrator-309442864093/DerivedData/SpeakLocalNative-8f3e721625a0 "-only-testing:SpeakLocalNativeUITests/CityAppDetailV22RenderProofUITests/testCaptureCityAppDetailV22RenderProofBatch"

2026-06-01 08:06:57.442202+0700 SpeakLocalNativeUITests-Runner[8607:8428563] [Default] Running tests...
    t =      nans Interface orientation changed to Portrait
Test Suite 'Selected tests' started at 2026-06-01 08:06:57.811.
Test Suite 'SpeakLocalNativeUITests.xctest' started at 2026-06-01 08:06:57.812.
Test Suite 'CityAppDetailV22RenderProofUITests' started at 2026-06-01 08:06:57.812.
Test Case '-[SpeakLocalNativeUITests.CityAppDetailV22RenderProofUITests testCaptureCityAppDetailV22RenderProofBatch]' started.
    t =     0.00s Start Test at 2026-06-01 08:06:57.812
    t =     0.02s Set Up
    t =     0.02s Open app.speaklocal.vietnam.native
    t =     0.02s     Launch app.speaklocal.vietnam.native
objc[8607]: Class UIAccessibilityLoaderWebShared is implemented in both /Library/Developer/CoreSimulator/Volumes/iOS_23F77/Library/Developer/CoreSimulator/Profiles/Runtimes/iOS 26.5.simruntime/Contents/Resources/RuntimeRoot/System/Library/AccessibilityBundles/WebCore.axbundle/WebCore (0x107bbc310) and /Library/Developer/CoreSimulator/Volumes/iOS_23F77/Library/Developer/CoreSimulator/Profiles/Runtimes/iOS 26.5.simruntime/Contents/Resources/RuntimeRoot/System/Library/AccessibilityBundles/WebKit.axbundle/WebKit (0x107b20398). This may cause spurious casting failures and mysterious crashes. One of the duplicates must be removed or renamed.
    t =     1.89s         Setting up automation session
    t =     2.37s         Wait for app.speaklocal.vietnam.native to idle
    t =     3.86s Checking existence of `"Thảo Cầm Viên Sài Gòn" StaticText`
    t =     4.00s Waiting 8.0s for "Thảo Cầm Viên Sài Gòn" StaticText to exist
    t =     5.04s     Checking `Expect predicate `existsNoRetry == 1` for object "Thảo Cầm Viên Sài Gòn" StaticText`
    t =     5.04s         Checking existence of `"Thảo Cầm Viên Sài Gòn" StaticText`
    t =     5.22s Swipe up Target Application 'app.speaklocal.vietnam.native'
    t =     5.22s     Wait for app.speaklocal.vietnam.native to idle
    t =     5.22s     Find the Target Application 'app.speaklocal.vietnam.native'
    t =     5.24s     Check for interrupting elements affecting "SpeakLocal Vietnam" Application
    t =     5.26s     Synthesize event
    t =     5.67s     Wait for app.speaklocal.vietnam.native to idle
    t =     7.79s Swipe up Target Application 'app.speaklocal.vietnam.native'
    t =     7.79s     Wait for app.speaklocal.vietnam.native to idle
    t =     7.79s     Find the Target Application 'app.speaklocal.vietnam.native'
    t =     7.83s     Check for interrupting elements affecting "SpeakLocal Vietnam" Application
    t =     7.87s     Synthesize event
    t =     8.29s     Wait for app.speaklocal.vietnam.native to idle
    t =     9.23s Terminate app.speaklocal.vietnam.native:8621
    t =    10.31s Open app.speaklocal.vietnam.native
    t =    10.31s     Launch app.speaklocal.vietnam.native
    t =    10.52s         Setting up automation session
    t =    11.01s         Wait for app.speaklocal.vietnam.native to idle
    t =    12.54s Waiting 4.0s for TabBar (First Match) to exist
    t =    13.57s     Checking `Expect predicate `existsNoRetry == 1` for object TabBar (First Match)`
    t =    13.57s         Checking existence of `TabBar (First Match)`
    t =    13.63s Checking existence of `"PhraseArticle.BottomSentinel.viet-family-city-hcmc-place-zoo-botanical-gardens" Other`
    t =    13.71s Checking existence of `"PhraseArticle.BottomSentinel.viet-phrase-city-hcmc-place-zoo-botanical-gardens" Other`
    t =    13.73s Find the "PhraseArticle.BottomSentinel.viet-phrase-city-hcmc-place-zoo-botanical-gardens" Other
    t =    13.75s Checking existence of `TabBar (First Match)`
    t =    13.76s Find the TabBar (First Match)
    t =    13.77s Find the Target Application 'app.speaklocal.vietnam.native'
    t =    13.86s Terminate app.speaklocal.vietnam.native:8705
    t =    14.93s Tear Down
Test Case '-[SpeakLocalNativeUITests.CityAppDetailV22RenderProofUITests testCaptureCityAppDetailV22RenderProofBatch]' passed (15.005 seconds).
Test Suite 'CityAppDetailV22RenderProofUITests' passed at 2026-06-01 08:07:12.818.
	 Executed 1 test, with 0 failures (0 unexpected) in 15.005 (15.006) seconds
Test Suite 'SpeakLocalNativeUITests.xctest' passed at 2026-06-01 08:07:12.819.
	 Executed 1 test, with 0 failures (0 unexpected) in 15.005 (15.007) seconds
Test Suite 'Selected tests' passed at 2026-06-01 08:07:12.820.
	 Executed 1 test, with 0 failures (0 unexpected) in 15.005 (15.008) seconds

Test session results, code coverage, and logs:
	/Users/jojolim/Library/Developer/XcodeBuildMCP/workspaces/orchestrator-309442864093/DerivedData/SpeakLocalNative-8f3e721625a0/Logs/Test/Test-SpeakLocalNative-2026.06.01_08-06-56-+0700.xcresult

** TEST EXECUTE SUCCEEDED **

Testing started

2026-06-01 08:06:57.878 xcodebuild[8602:8428371] [MT] IDELaunchParametersSnapshot: The operation couldn’t be completed. (DebuggerLLDB.DebuggerVersionStore.StoreError error 0.)
2026-06-01 08:06:57.878 xcodebuild[8602:8428371] [MT] IDELaunchParametersSnapshot: no debugger version
2026-06-01 08:07:08.121 xcodebuild[8602:8428371] [MT] IDELaunchParametersSnapshot: The operation couldn’t be completed. (DebuggerLLDB.DebuggerVersionStore.StoreError error 0.)
2026-06-01 08:07:08.121 xcodebuild[8602:8428371] [MT] IDELaunchParametersSnapshot: no debugger version
2026-06-01 08:07:13.127 xcodebuild[8602:8428371] [MT] IDETestOperationsObserverDebug: 16.496 elapsed -- Testing started completed.
2026-06-01 08:07:13.127 xcodebuild[8602:8428371] [MT] IDETestOperationsObserverDebug: 0.000 sec, +0.000 sec -- start
2026-06-01 08:07:13.127 xcodebuild[8602:8428371] [MT] IDETestOperationsObserverDebug: 16.496 sec, +16.496 sec -- end
