Command line invocation:
    /Applications/Xcode.app/Contents/Developer/usr/bin/xcodebuild test-without-building -project /Users/jojolim/Developer/products/speaklocal/app-family/.worktrees/city-listings-production-ready/native-ios/SpeakLocalNative.xcodeproj -scheme SpeakLocalNative -destination "platform=iOS Simulator,id=7C386DD3-4BF1-4A34-A918-768C43CD1258" -derivedDataPath /Users/jojolim/Library/Developer/XcodeBuildMCP/workspaces/orchestrator-309442864093/DerivedData/SpeakLocalNative-8f3e721625a0 "-only-testing:SpeakLocalNativeUITests/CityAppDetailV22RenderProofUITests/testCaptureCityAppDetailV22RenderProofBatch"

2026-06-01 07:59:17.137677+0700 SpeakLocalNativeUITests-Runner[5533:8402427] [Default] Running tests...
    t =      nans Interface orientation changed to Portrait
Test Suite 'Selected tests' started at 2026-06-01 07:59:17.508.
Test Suite 'SpeakLocalNativeUITests.xctest' started at 2026-06-01 07:59:17.508.
Test Suite 'CityAppDetailV22RenderProofUITests' started at 2026-06-01 07:59:17.508.
Test Case '-[SpeakLocalNativeUITests.CityAppDetailV22RenderProofUITests testCaptureCityAppDetailV22RenderProofBatch]' started.
    t =     0.00s Start Test at 2026-06-01 07:59:17.509
    t =     0.02s Set Up
    t =     0.02s Open app.speaklocal.vietnam.native
    t =     0.02s     Launch app.speaklocal.vietnam.native
objc[5533]: Class UIAccessibilityLoaderWebShared is implemented in both /Library/Developer/CoreSimulator/Volumes/iOS_23F77/Library/Developer/CoreSimulator/Profiles/Runtimes/iOS 26.5.simruntime/Contents/Resources/RuntimeRoot/System/Library/AccessibilityBundles/WebCore.axbundle/WebCore (0x1068ac310) and /Library/Developer/CoreSimulator/Volumes/iOS_23F77/Library/Developer/CoreSimulator/Profiles/Runtimes/iOS 26.5.simruntime/Contents/Resources/RuntimeRoot/System/Library/AccessibilityBundles/WebKit.axbundle/WebKit (0x10614c398). This may cause spurious casting failures and mysterious crashes. One of the duplicates must be removed or renamed.
    t =     1.89s         Setting up automation session
    t =     2.37s         Wait for app.speaklocal.vietnam.native to idle
    t =     3.85s Checking existence of `"Đền Mariamman" StaticText`
    t =     3.98s Waiting 8.0s for "Đền Mariamman" StaticText to exist
    t =     5.03s     Checking `Expect predicate `existsNoRetry == 1` for object "Đền Mariamman" StaticText`
    t =     5.03s         Checking existence of `"Đền Mariamman" StaticText`
    t =     5.17s Swipe up Target Application 'app.speaklocal.vietnam.native'
    t =     5.17s     Wait for app.speaklocal.vietnam.native to idle
    t =     5.17s     Find the Target Application 'app.speaklocal.vietnam.native'
    t =     5.19s     Check for interrupting elements affecting "SpeakLocal Vietnam" Application
    t =     5.21s     Synthesize event
    t =     5.63s     Wait for app.speaklocal.vietnam.native to idle
    t =     7.74s Swipe up Target Application 'app.speaklocal.vietnam.native'
    t =     7.74s     Wait for app.speaklocal.vietnam.native to idle
    t =     8.18s     Find the Target Application 'app.speaklocal.vietnam.native'
    t =     8.21s     Check for interrupting elements affecting "SpeakLocal Vietnam" Application
    t =     8.23s     Synthesize event
    t =     8.66s     Wait for app.speaklocal.vietnam.native to idle
    t =     9.37s Terminate app.speaklocal.vietnam.native:5553
    t =    10.42s Open app.speaklocal.vietnam.native
    t =    10.42s     Launch app.speaklocal.vietnam.native
    t =    10.64s         Setting up automation session
    t =    11.11s         Wait for app.speaklocal.vietnam.native to idle
    t =    12.63s Waiting 4.0s for TabBar (First Match) to exist
    t =    13.69s     Checking `Expect predicate `existsNoRetry == 1` for object TabBar (First Match)`
    t =    13.69s         Checking existence of `TabBar (First Match)`
    t =    13.75s Checking existence of `"PhraseArticle.BottomSentinel.viet-family-city-hcmc-place-mariamman-temple" Other`
    t =    13.83s Checking existence of `"PhraseArticle.BottomSentinel.viet-phrase-city-hcmc-place-mariamman-temple" Other`
    t =    13.85s Find the "PhraseArticle.BottomSentinel.viet-phrase-city-hcmc-place-mariamman-temple" Other
    t =    13.87s Checking existence of `TabBar (First Match)`
    t =    13.88s Find the TabBar (First Match)
    t =    13.89s Find the Target Application 'app.speaklocal.vietnam.native'
    t =    13.98s Terminate app.speaklocal.vietnam.native:5563
    t =    15.05s Tear Down
Test Case '-[SpeakLocalNativeUITests.CityAppDetailV22RenderProofUITests testCaptureCityAppDetailV22RenderProofBatch]' passed (15.119 seconds).
Test Suite 'CityAppDetailV22RenderProofUITests' passed at 2026-06-01 07:59:32.628.
	 Executed 1 test, with 0 failures (0 unexpected) in 15.119 (15.120) seconds
Test Suite 'SpeakLocalNativeUITests.xctest' passed at 2026-06-01 07:59:32.629.
	 Executed 1 test, with 0 failures (0 unexpected) in 15.119 (15.121) seconds
Test Suite 'Selected tests' passed at 2026-06-01 07:59:32.629.
	 Executed 1 test, with 0 failures (0 unexpected) in 15.119 (15.121) seconds

Test session results, code coverage, and logs:
	/Users/jojolim/Library/Developer/XcodeBuildMCP/workspaces/orchestrator-309442864093/DerivedData/SpeakLocalNative-8f3e721625a0/Logs/Test/Test-SpeakLocalNative-2026.06.01_07-59-16-+0700.xcresult

** TEST EXECUTE SUCCEEDED **

Testing started

2026-06-01 07:59:17.571 xcodebuild[5531:8402230] [MT] IDELaunchParametersSnapshot: The operation couldn’t be completed. (DebuggerLLDB.DebuggerVersionStore.StoreError error 0.)
2026-06-01 07:59:17.571 xcodebuild[5531:8402230] [MT] IDELaunchParametersSnapshot: no debugger version
2026-06-01 07:59:27.935 xcodebuild[5531:8402230] [MT] IDELaunchParametersSnapshot: The operation couldn’t be completed. (DebuggerLLDB.DebuggerVersionStore.StoreError error 0.)
2026-06-01 07:59:27.935 xcodebuild[5531:8402230] [MT] IDELaunchParametersSnapshot: no debugger version
2026-06-01 07:59:32.929 xcodebuild[5531:8402230] [MT] IDETestOperationsObserverDebug: 16.591 elapsed -- Testing started completed.
2026-06-01 07:59:32.929 xcodebuild[5531:8402230] [MT] IDETestOperationsObserverDebug: 0.000 sec, +0.000 sec -- start
2026-06-01 07:59:32.929 xcodebuild[5531:8402230] [MT] IDETestOperationsObserverDebug: 16.591 sec, +16.591 sec -- end
