Command line invocation:
    /Applications/Xcode.app/Contents/Developer/usr/bin/xcodebuild test-without-building -project /Users/jojolim/Developer/products/speaklocal/app-family/.worktrees/city-listings-production-ready/native-ios/SpeakLocalNative.xcodeproj -scheme SpeakLocalNative -destination "platform=iOS Simulator,id=7C386DD3-4BF1-4A34-A918-768C43CD1258" -derivedDataPath /Users/jojolim/Library/Developer/XcodeBuildMCP/workspaces/orchestrator-309442864093/DerivedData/SpeakLocalNative-8f3e721625a0 "-only-testing:SpeakLocalNativeUITests/CityAppDetailV22RenderProofUITests/testCaptureCityAppDetailV22RenderProofBatch"

2026-06-01 07:39:03.381953+0700 SpeakLocalNativeUITests-Runner[74019:8321301] [Default] Running tests...
    t =      nans Interface orientation changed to Portrait
Test Suite 'Selected tests' started at 2026-06-01 07:39:03.753.
Test Suite 'SpeakLocalNativeUITests.xctest' started at 2026-06-01 07:39:03.753.
Test Suite 'CityAppDetailV22RenderProofUITests' started at 2026-06-01 07:39:03.753.
Test Case '-[SpeakLocalNativeUITests.CityAppDetailV22RenderProofUITests testCaptureCityAppDetailV22RenderProofBatch]' started.
    t =     0.00s Start Test at 2026-06-01 07:39:03.754
    t =     0.02s Set Up
    t =     0.02s Open app.speaklocal.vietnam.native
    t =     0.02s     Launch app.speaklocal.vietnam.native
objc[74019]: Class UIAccessibilityLoaderWebShared is implemented in both /Library/Developer/CoreSimulator/Volumes/iOS_23F77/Library/Developer/CoreSimulator/Profiles/Runtimes/iOS 26.5.simruntime/Contents/Resources/RuntimeRoot/System/Library/AccessibilityBundles/WebCore.axbundle/WebCore (0x10ad50310) and /Library/Developer/CoreSimulator/Volumes/iOS_23F77/Library/Developer/CoreSimulator/Profiles/Runtimes/iOS 26.5.simruntime/Contents/Resources/RuntimeRoot/System/Library/AccessibilityBundles/WebKit.axbundle/WebKit (0x10a5f4398). This may cause spurious casting failures and mysterious crashes. One of the duplicates must be removed or renamed.
    t =     1.89s         Setting up automation session
    t =     2.33s         Wait for app.speaklocal.vietnam.native to idle
    t =     3.78s Checking existence of `"Bảo tàng Thành phố Hồ Chí Minh" StaticText`
    t =     3.91s Waiting 8.0s for "Bảo tàng Thành phố Hồ Chí Minh" StaticText to exist
    t =     4.94s     Checking `Expect predicate `existsNoRetry == 1` for object "Bảo tàng Thành phố Hồ Chí Minh" StaticText`
    t =     4.94s         Checking existence of `"Bảo tàng Thành phố Hồ Chí Minh" StaticText`
    t =     5.07s Swipe up Target Application 'app.speaklocal.vietnam.native'
    t =     5.07s     Wait for app.speaklocal.vietnam.native to idle
    t =     5.07s     Find the Target Application 'app.speaklocal.vietnam.native'
    t =     5.08s     Check for interrupting elements affecting "SpeakLocal Vietnam" Application
    t =     5.10s     Synthesize event
    t =     5.52s     Wait for app.speaklocal.vietnam.native to idle
    t =     7.62s Swipe up Target Application 'app.speaklocal.vietnam.native'
    t =     7.63s     Wait for app.speaklocal.vietnam.native to idle
    t =     7.63s     Find the Target Application 'app.speaklocal.vietnam.native'
    t =     7.65s     Check for interrupting elements affecting "SpeakLocal Vietnam" Application
    t =     7.67s     Synthesize event
    t =     8.09s     Wait for app.speaklocal.vietnam.native to idle
    t =     8.83s Terminate app.speaklocal.vietnam.native:74093
    t =     9.91s Open app.speaklocal.vietnam.native
    t =     9.91s     Launch app.speaklocal.vietnam.native
    t =    10.13s         Setting up automation session
    t =    10.60s         Wait for app.speaklocal.vietnam.native to idle
    t =    12.08s Waiting 4.0s for TabBar (First Match) to exist
    t =    13.11s     Checking `Expect predicate `existsNoRetry == 1` for object TabBar (First Match)`
    t =    13.11s         Checking existence of `TabBar (First Match)`
    t =    13.16s Checking existence of `"PhraseArticle.BottomSentinel.viet-family-city-hcmc-place-ho-chi-minh-city-museum" Other`
    t =    13.24s Checking existence of `"PhraseArticle.BottomSentinel.viet-phrase-city-hcmc-place-ho-chi-minh-city-museum" Other`
    t =    13.26s Find the "PhraseArticle.BottomSentinel.viet-phrase-city-hcmc-place-ho-chi-minh-city-museum" Other
    t =    13.28s Checking existence of `TabBar (First Match)`
    t =    13.29s Find the TabBar (First Match)
    t =    13.30s Find the Target Application 'app.speaklocal.vietnam.native'
    t =    13.39s Terminate app.speaklocal.vietnam.native:74184
    t =    14.45s Tear Down
Test Case '-[SpeakLocalNativeUITests.CityAppDetailV22RenderProofUITests testCaptureCityAppDetailV22RenderProofBatch]' passed (14.519 seconds).
Test Suite 'CityAppDetailV22RenderProofUITests' passed at 2026-06-01 07:39:18.273.
	 Executed 1 test, with 0 failures (0 unexpected) in 14.519 (14.520) seconds
Test Suite 'SpeakLocalNativeUITests.xctest' passed at 2026-06-01 07:39:18.274.
	 Executed 1 test, with 0 failures (0 unexpected) in 14.519 (14.521) seconds
Test Suite 'Selected tests' passed at 2026-06-01 07:39:18.275.
	 Executed 1 test, with 0 failures (0 unexpected) in 14.519 (14.522) seconds

Test session results, code coverage, and logs:
	/Users/jojolim/Library/Developer/XcodeBuildMCP/workspaces/orchestrator-309442864093/DerivedData/SpeakLocalNative-8f3e721625a0/Logs/Test/Test-SpeakLocalNative-2026.06.01_07-39-02-+0700.xcresult

** TEST EXECUTE SUCCEEDED **

Testing started

2026-06-01 07:39:03.819 xcodebuild[74013:8321114] [MT] IDELaunchParametersSnapshot: The operation couldn’t be completed. (DebuggerLLDB.DebuggerVersionStore.StoreError error 0.)
2026-06-01 07:39:03.819 xcodebuild[74013:8321114] [MT] IDELaunchParametersSnapshot: no debugger version
2026-06-01 07:39:13.666 xcodebuild[74013:8321114] [MT] IDELaunchParametersSnapshot: The operation couldn’t be completed. (DebuggerLLDB.DebuggerVersionStore.StoreError error 0.)
2026-06-01 07:39:13.666 xcodebuild[74013:8321114] [MT] IDELaunchParametersSnapshot: no debugger version
2026-06-01 07:39:18.569 xcodebuild[74013:8321114] [MT] IDETestOperationsObserverDebug: 15.994 elapsed -- Testing started completed.
2026-06-01 07:39:18.569 xcodebuild[74013:8321114] [MT] IDETestOperationsObserverDebug: 0.000 sec, +0.000 sec -- start
2026-06-01 07:39:18.569 xcodebuild[74013:8321114] [MT] IDETestOperationsObserverDebug: 15.994 sec, +15.994 sec -- end
