Command line invocation:
    /Applications/Xcode.app/Contents/Developer/usr/bin/xcodebuild test-without-building -project /Users/jojolim/Developer/products/speaklocal/app-family/.worktrees/city-listings-production-ready/native-ios/SpeakLocalNative.xcodeproj -scheme SpeakLocalNative -destination "platform=iOS Simulator,id=7C386DD3-4BF1-4A34-A918-768C43CD1258" -derivedDataPath /Users/jojolim/Library/Developer/XcodeBuildMCP/workspaces/orchestrator-309442864093/DerivedData/SpeakLocalNative-8f3e721625a0 "-only-testing:SpeakLocalNativeUITests/CityAppDetailV22RenderProofUITests/testCaptureCityAppDetailV22RenderProofBatch"

2026-06-01 04:31:44.495989+0700 SpeakLocalNativeUITests-Runner[27624:7511795] [Default] Running tests...
    t =      nans Interface orientation changed to Portrait
Test Suite 'Selected tests' started at 2026-06-01 04:31:44.868.
Test Suite 'SpeakLocalNativeUITests.xctest' started at 2026-06-01 04:31:44.868.
Test Suite 'CityAppDetailV22RenderProofUITests' started at 2026-06-01 04:31:44.868.
Test Case '-[SpeakLocalNativeUITests.CityAppDetailV22RenderProofUITests testCaptureCityAppDetailV22RenderProofBatch]' started.
    t =     0.00s Start Test at 2026-06-01 04:31:44.869
    t =     0.02s Set Up
    t =     0.02s Open app.speaklocal.vietnam.native
    t =     0.02s     Launch app.speaklocal.vietnam.native
objc[27624]: Class UIAccessibilityLoaderWebShared is implemented in both /Library/Developer/CoreSimulator/Volumes/iOS_23F77/Library/Developer/CoreSimulator/Profiles/Runtimes/iOS 26.5.simruntime/Contents/Resources/RuntimeRoot/System/Library/AccessibilityBundles/WebCore.axbundle/WebCore (0x10accc310) and /Library/Developer/CoreSimulator/Volumes/iOS_23F77/Library/Developer/CoreSimulator/Profiles/Runtimes/iOS 26.5.simruntime/Contents/Resources/RuntimeRoot/System/Library/AccessibilityBundles/WebKit.axbundle/WebKit (0x10a3d8398). This may cause spurious casting failures and mysterious crashes. One of the duplicates must be removed or renamed.
    t =     2.11s         Setting up automation session
    t =     2.48s         Wait for app.speaklocal.vietnam.native to idle
    t =     3.97s Checking existence of `"Chợ Bưởi" StaticText`
    t =     4.14s Waiting 8.0s for "Chợ Bưởi" StaticText to exist
    t =     5.20s     Checking `Expect predicate `existsNoRetry == 1` for object "Chợ Bưởi" StaticText`
    t =     5.20s         Checking existence of `"Chợ Bưởi" StaticText`
    t =     5.36s Swipe up Target Application 'app.speaklocal.vietnam.native'
    t =     5.36s     Wait for app.speaklocal.vietnam.native to idle
    t =     5.37s     Find the Target Application 'app.speaklocal.vietnam.native'
    t =     5.38s     Check for interrupting elements affecting "SpeakLocal Vietnam" Application
    t =     5.40s     Synthesize event
    t =     5.82s     Wait for app.speaklocal.vietnam.native to idle
    t =     7.93s Swipe up Target Application 'app.speaklocal.vietnam.native'
    t =     7.93s     Wait for app.speaklocal.vietnam.native to idle
    t =     8.03s     Find the Target Application 'app.speaklocal.vietnam.native'
    t =     8.06s     Check for interrupting elements affecting "SpeakLocal Vietnam" Application
    t =     8.09s     Synthesize event
    t =     8.51s     Wait for app.speaklocal.vietnam.native to idle
    t =     9.23s Terminate app.speaklocal.vietnam.native:27705
    t =    10.33s Open app.speaklocal.vietnam.native
    t =    10.33s     Launch app.speaklocal.vietnam.native
    t =    10.54s         Setting up automation session
    t =    11.06s         Wait for app.speaklocal.vietnam.native to idle
    t =    12.54s Waiting 4.0s for TabBar (First Match) to exist
    t =    13.61s     Checking `Expect predicate `existsNoRetry == 1` for object TabBar (First Match)`
    t =    13.62s         Checking existence of `TabBar (First Match)`
    t =    13.67s Checking existence of `"PhraseArticle.BottomSentinel.viet-family-city-hanoi-place-cho-buoi-market" Other`
    t =    13.75s Checking existence of `"PhraseArticle.BottomSentinel.viet-phrase-city-hanoi-place-cho-buoi-market" Other`
    t =    13.77s Find the "PhraseArticle.BottomSentinel.viet-phrase-city-hanoi-place-cho-buoi-market" Other
    t =    13.80s Checking existence of `TabBar (First Match)`
    t =    13.80s Find the TabBar (First Match)
    t =    13.81s Find the Target Application 'app.speaklocal.vietnam.native'
    t =    13.90s Terminate app.speaklocal.vietnam.native:27789
    t =    14.99s Tear Down
Test Case '-[SpeakLocalNativeUITests.CityAppDetailV22RenderProofUITests testCaptureCityAppDetailV22RenderProofBatch]' passed (15.077 seconds).
Test Suite 'CityAppDetailV22RenderProofUITests' passed at 2026-06-01 04:31:59.946.
	 Executed 1 test, with 0 failures (0 unexpected) in 15.077 (15.078) seconds
Test Suite 'SpeakLocalNativeUITests.xctest' passed at 2026-06-01 04:31:59.947.
	 Executed 1 test, with 0 failures (0 unexpected) in 15.077 (15.079) seconds
Test Suite 'Selected tests' passed at 2026-06-01 04:31:59.948.
	 Executed 1 test, with 0 failures (0 unexpected) in 15.077 (15.080) seconds

Test session results, code coverage, and logs:
	/Users/jojolim/Library/Developer/XcodeBuildMCP/workspaces/orchestrator-309442864093/DerivedData/SpeakLocalNative-8f3e721625a0/Logs/Test/Test-SpeakLocalNative-2026.06.01_04-31-43-+0700.xcresult

** TEST EXECUTE SUCCEEDED **

Testing started

2026-06-01 04:31:44.927 xcodebuild[27619:7511596] [MT] IDELaunchParametersSnapshot: The operation couldn’t be completed. (DebuggerLLDB.DebuggerVersionStore.StoreError error 0.)
2026-06-01 04:31:44.928 xcodebuild[27619:7511596] [MT] IDELaunchParametersSnapshot: no debugger version
2026-06-01 04:31:55.199 xcodebuild[27619:7511596] [MT] IDELaunchParametersSnapshot: The operation couldn’t be completed. (DebuggerLLDB.DebuggerVersionStore.StoreError error 0.)
2026-06-01 04:31:55.199 xcodebuild[27619:7511596] [MT] IDELaunchParametersSnapshot: no debugger version
2026-06-01 04:32:00.256 xcodebuild[27619:7511596] [MT] IDETestOperationsObserverDebug: 16.554 elapsed -- Testing started completed.
2026-06-01 04:32:00.256 xcodebuild[27619:7511596] [MT] IDETestOperationsObserverDebug: 0.000 sec, +0.000 sec -- start
2026-06-01 04:32:00.256 xcodebuild[27619:7511596] [MT] IDETestOperationsObserverDebug: 16.554 sec, +16.554 sec -- end
