Command line invocation:
    /Applications/Xcode.app/Contents/Developer/usr/bin/xcodebuild test-without-building -project /Users/jojolim/Developer/products/speaklocal/app-family/.worktrees/city-listings-production-ready/native-ios/SpeakLocalNative.xcodeproj -scheme SpeakLocalNative -destination "platform=iOS Simulator,id=7C386DD3-4BF1-4A34-A918-768C43CD1258" -derivedDataPath /Users/jojolim/Library/Developer/XcodeBuildMCP/workspaces/orchestrator-309442864093/DerivedData/SpeakLocalNative-8f3e721625a0 "-only-testing:SpeakLocalNativeUITests/CityAppDetailV22RenderProofUITests/testCaptureCityAppDetailV22RenderProofBatch"

2026-06-01 08:54:17.454361+0700 SpeakLocalNativeUITests-Runner[53855:8594266] [Default] Running tests...
    t =      nans Interface orientation changed to Portrait
Test Suite 'Selected tests' started at 2026-06-01 08:54:17.822.
Test Suite 'SpeakLocalNativeUITests.xctest' started at 2026-06-01 08:54:17.822.
Test Suite 'CityAppDetailV22RenderProofUITests' started at 2026-06-01 08:54:17.822.
Test Case '-[SpeakLocalNativeUITests.CityAppDetailV22RenderProofUITests testCaptureCityAppDetailV22RenderProofBatch]' started.
    t =     0.00s Start Test at 2026-06-01 08:54:17.822
    t =     0.02s Set Up
    t =     0.02s Open app.speaklocal.vietnam.native
    t =     0.02s     Launch app.speaklocal.vietnam.native
objc[53855]: Class UIAccessibilityLoaderWebShared is implemented in both /Library/Developer/CoreSimulator/Volumes/iOS_23F77/Library/Developer/CoreSimulator/Profiles/Runtimes/iOS 26.5.simruntime/Contents/Resources/RuntimeRoot/System/Library/AccessibilityBundles/WebCore.axbundle/WebCore (0x106604310) and /Library/Developer/CoreSimulator/Volumes/iOS_23F77/Library/Developer/CoreSimulator/Profiles/Runtimes/iOS 26.5.simruntime/Contents/Resources/RuntimeRoot/System/Library/AccessibilityBundles/WebKit.axbundle/WebKit (0x105a7c398). This may cause spurious casting failures and mysterious crashes. One of the duplicates must be removed or renamed.
    t =     1.89s         Setting up automation session
    t =     2.26s         Wait for app.speaklocal.vietnam.native to idle
    t =     3.74s Checking existence of `"Lăng Dục Đức" StaticText`
    t =     3.89s Waiting 8.0s for "Lăng Dục Đức" StaticText to exist
    t =     4.94s     Checking `Expect predicate `existsNoRetry == 1` for object "Lăng Dục Đức" StaticText`
    t =     4.94s         Checking existence of `"Lăng Dục Đức" StaticText`
    t =     5.10s Swipe up Target Application 'app.speaklocal.vietnam.native'
    t =     5.10s     Wait for app.speaklocal.vietnam.native to idle
    t =     5.10s     Find the Target Application 'app.speaklocal.vietnam.native'
    t =     5.12s     Check for interrupting elements affecting "SpeakLocal Vietnam" Application
    t =     5.14s     Synthesize event
    t =     5.56s     Wait for app.speaklocal.vietnam.native to idle
    t =     7.67s Swipe up Target Application 'app.speaklocal.vietnam.native'
    t =     7.67s     Wait for app.speaklocal.vietnam.native to idle
    t =     7.96s     Find the Target Application 'app.speaklocal.vietnam.native'
    t =     7.98s     Check for interrupting elements affecting "SpeakLocal Vietnam" Application
    t =     8.00s     Synthesize event
    t =     8.43s     Wait for app.speaklocal.vietnam.native to idle
    t =     9.06s Terminate app.speaklocal.vietnam.native:53864
    t =    10.14s Open app.speaklocal.vietnam.native
    t =    10.14s     Launch app.speaklocal.vietnam.native
    t =    10.36s         Setting up automation session
    t =    10.83s         Wait for app.speaklocal.vietnam.native to idle
    t =    12.30s Waiting 4.0s for TabBar (First Match) to exist
    t =    13.34s     Checking `Expect predicate `existsNoRetry == 1` for object TabBar (First Match)`
    t =    13.34s         Checking existence of `TabBar (First Match)`
    t =    13.40s Checking existence of `"PhraseArticle.BottomSentinel.viet-family-city-hue-place-duc-duc-tomb" Other`
    t =    13.48s Checking existence of `"PhraseArticle.BottomSentinel.viet-phrase-city-hue-place-duc-duc-tomb" Other`
    t =    13.50s Find the "PhraseArticle.BottomSentinel.viet-phrase-city-hue-place-duc-duc-tomb" Other
    t =    13.52s Checking existence of `TabBar (First Match)`
    t =    13.52s Find the TabBar (First Match)
    t =    13.53s Find the Target Application 'app.speaklocal.vietnam.native'
    t =    13.62s Terminate app.speaklocal.vietnam.native:53884
    t =    14.68s Tear Down
Test Case '-[SpeakLocalNativeUITests.CityAppDetailV22RenderProofUITests testCaptureCityAppDetailV22RenderProofBatch]' passed (14.741 seconds).
Test Suite 'CityAppDetailV22RenderProofUITests' passed at 2026-06-01 08:54:32.564.
	 Executed 1 test, with 0 failures (0 unexpected) in 14.741 (14.742) seconds
Test Suite 'SpeakLocalNativeUITests.xctest' passed at 2026-06-01 08:54:32.565.
	 Executed 1 test, with 0 failures (0 unexpected) in 14.741 (14.743) seconds
Test Suite 'Selected tests' passed at 2026-06-01 08:54:32.565.
	 Executed 1 test, with 0 failures (0 unexpected) in 14.741 (14.744) seconds

Test session results, code coverage, and logs:
	/Users/jojolim/Library/Developer/XcodeBuildMCP/workspaces/orchestrator-309442864093/DerivedData/SpeakLocalNative-8f3e721625a0/Logs/Test/Test-SpeakLocalNative-2026.06.01_08-54-16-+0700.xcresult

** TEST EXECUTE SUCCEEDED **

Testing started

2026-06-01 08:54:17.874 xcodebuild[53845:8594092] [MT] IDELaunchParametersSnapshot: The operation couldn’t be completed. (DebuggerLLDB.DebuggerVersionStore.StoreError error 0.)
2026-06-01 08:54:17.874 xcodebuild[53845:8594092] [MT] IDELaunchParametersSnapshot: no debugger version
2026-06-01 08:54:27.968 xcodebuild[53845:8594092] [MT] IDELaunchParametersSnapshot: The operation couldn’t be completed. (DebuggerLLDB.DebuggerVersionStore.StoreError error 0.)
2026-06-01 08:54:27.968 xcodebuild[53845:8594092] [MT] IDELaunchParametersSnapshot: no debugger version
2026-06-01 08:54:32.867 xcodebuild[53845:8594092] [MT] IDETestOperationsObserverDebug: 16.322 elapsed -- Testing started completed.
2026-06-01 08:54:32.867 xcodebuild[53845:8594092] [MT] IDETestOperationsObserverDebug: 0.000 sec, +0.000 sec -- start
2026-06-01 08:54:32.867 xcodebuild[53845:8594092] [MT] IDETestOperationsObserverDebug: 16.322 sec, +16.322 sec -- end
