Command line invocation:
    /Applications/Xcode.app/Contents/Developer/usr/bin/xcodebuild test-without-building -project /Users/jojolim/Developer/products/speaklocal/app-family/.worktrees/city-listings-production-ready/native-ios/SpeakLocalNative.xcodeproj -scheme SpeakLocalNative -destination "platform=iOS Simulator,id=7C386DD3-4BF1-4A34-A918-768C43CD1258" -derivedDataPath /Users/jojolim/Library/Developer/XcodeBuildMCP/workspaces/orchestrator-309442864093/DerivedData/SpeakLocalNative-8f3e721625a0 "-only-testing:SpeakLocalNativeUITests/CityAppDetailV22RenderProofUITests/testCaptureCityAppDetailV22RenderProofBatch"

2026-06-01 04:28:52.127412+0700 SpeakLocalNativeUITests-Runner[24817:7498992] [Default] Running tests...
    t =      nans Interface orientation changed to Portrait
Test Suite 'Selected tests' started at 2026-06-01 04:28:52.504.
Test Suite 'SpeakLocalNativeUITests.xctest' started at 2026-06-01 04:28:52.504.
Test Suite 'CityAppDetailV22RenderProofUITests' started at 2026-06-01 04:28:52.504.
Test Case '-[SpeakLocalNativeUITests.CityAppDetailV22RenderProofUITests testCaptureCityAppDetailV22RenderProofBatch]' started.
    t =     0.00s Start Test at 2026-06-01 04:28:52.505
    t =     0.01s Set Up
    t =     0.02s Open app.speaklocal.vietnam.native
    t =     0.02s     Launch app.speaklocal.vietnam.native
objc[24817]: Class UIAccessibilityLoaderWebShared is implemented in both /Library/Developer/CoreSimulator/Volumes/iOS_23F77/Library/Developer/CoreSimulator/Profiles/Runtimes/iOS 26.5.simruntime/Contents/Resources/RuntimeRoot/System/Library/AccessibilityBundles/WebCore.axbundle/WebCore (0x10a2dc310) and /Library/Developer/CoreSimulator/Volumes/iOS_23F77/Library/Developer/CoreSimulator/Profiles/Runtimes/iOS 26.5.simruntime/Contents/Resources/RuntimeRoot/System/Library/AccessibilityBundles/WebKit.axbundle/WebKit (0x109b80398). This may cause spurious casting failures and mysterious crashes. One of the duplicates must be removed or renamed.
    t =     1.68s         Setting up automation session
    t =     2.22s         Wait for app.speaklocal.vietnam.native to idle
    t =     3.71s Checking existence of `"Đi cà phê Hà Nội" StaticText`
    t =     3.87s Waiting 8.0s for "Đi cà phê Hà Nội" StaticText to exist
    t =     4.94s     Checking `Expect predicate `existsNoRetry == 1` for object "Đi cà phê Hà Nội" StaticText`
    t =     4.94s         Checking existence of `"Đi cà phê Hà Nội" StaticText`
    t =     5.11s Swipe up Target Application 'app.speaklocal.vietnam.native'
    t =     5.11s     Wait for app.speaklocal.vietnam.native to idle
    t =     5.11s     Find the Target Application 'app.speaklocal.vietnam.native'
    t =     5.12s     Check for interrupting elements affecting "SpeakLocal Vietnam" Application
    t =     5.14s     Synthesize event
    t =     5.56s     Wait for app.speaklocal.vietnam.native to idle
    t =     7.68s Swipe up Target Application 'app.speaklocal.vietnam.native'
    t =     7.68s     Wait for app.speaklocal.vietnam.native to idle
    t =     7.68s     Find the Target Application 'app.speaklocal.vietnam.native'
    t =     7.70s     Check for interrupting elements affecting "SpeakLocal Vietnam" Application
    t =     7.73s     Synthesize event
    t =     8.15s     Wait for app.speaklocal.vietnam.native to idle
    t =     8.84s Terminate app.speaklocal.vietnam.native:24825
    t =     9.93s Open app.speaklocal.vietnam.native
    t =     9.93s     Launch app.speaklocal.vietnam.native
    t =    10.15s         Setting up automation session
    t =    10.65s         Wait for app.speaklocal.vietnam.native to idle
    t =    12.13s Waiting 4.0s for TabBar (First Match) to exist
    t =    13.21s     Checking `Expect predicate `existsNoRetry == 1` for object TabBar (First Match)`
    t =    13.21s         Checking existence of `TabBar (First Match)`
    t =    13.27s Checking existence of `"PhraseArticle.BottomSentinel.viet-family-city-hanoi-place-coffee-hop" Other`
    t =    13.35s Checking existence of `"PhraseArticle.BottomSentinel.viet-phrase-city-hanoi-place-coffee-hop" Other`
    t =    13.37s Find the "PhraseArticle.BottomSentinel.viet-phrase-city-hanoi-place-coffee-hop" Other
    t =    13.39s Checking existence of `TabBar (First Match)`
    t =    13.39s Find the TabBar (First Match)
    t =    13.40s Find the Target Application 'app.speaklocal.vietnam.native'
    t =    13.49s Terminate app.speaklocal.vietnam.native:24985
    t =    14.58s Tear Down
Test Case '-[SpeakLocalNativeUITests.CityAppDetailV22RenderProofUITests testCaptureCityAppDetailV22RenderProofBatch]' passed (14.632 seconds).
Test Suite 'CityAppDetailV22RenderProofUITests' passed at 2026-06-01 04:29:07.138.
	 Executed 1 test, with 0 failures (0 unexpected) in 14.632 (14.633) seconds
Test Suite 'SpeakLocalNativeUITests.xctest' passed at 2026-06-01 04:29:07.139.
	 Executed 1 test, with 0 failures (0 unexpected) in 14.632 (14.634) seconds
Test Suite 'Selected tests' passed at 2026-06-01 04:29:07.139.
	 Executed 1 test, with 0 failures (0 unexpected) in 14.632 (14.635) seconds

Test session results, code coverage, and logs:
	/Users/jojolim/Library/Developer/XcodeBuildMCP/workspaces/orchestrator-309442864093/DerivedData/SpeakLocalNative-8f3e721625a0/Logs/Test/Test-SpeakLocalNative-2026.06.01_04-28-51-+0700.xcresult

** TEST EXECUTE SUCCEEDED **

Testing started

2026-06-01 04:28:52.553 xcodebuild[24814:7498849] [MT] IDELaunchParametersSnapshot: The operation couldn’t be completed. (DebuggerLLDB.DebuggerVersionStore.StoreError error 0.)
2026-06-01 04:28:52.553 xcodebuild[24814:7498849] [MT] IDELaunchParametersSnapshot: no debugger version
2026-06-01 04:29:02.437 xcodebuild[24814:7498849] [MT] IDELaunchParametersSnapshot: The operation couldn’t be completed. (DebuggerLLDB.DebuggerVersionStore.StoreError error 0.)
2026-06-01 04:29:02.438 xcodebuild[24814:7498849] [MT] IDELaunchParametersSnapshot: no debugger version
2026-06-01 04:29:07.442 xcodebuild[24814:7498849] [MT] IDETestOperationsObserverDebug: 16.118 elapsed -- Testing started completed.
2026-06-01 04:29:07.442 xcodebuild[24814:7498849] [MT] IDETestOperationsObserverDebug: 0.000 sec, +0.000 sec -- start
2026-06-01 04:29:07.442 xcodebuild[24814:7498849] [MT] IDETestOperationsObserverDebug: 16.118 sec, +16.118 sec -- end
