Command line invocation:
    /Applications/Xcode.app/Contents/Developer/usr/bin/xcodebuild test-without-building -project /Users/jojolim/Developer/products/speaklocal/app-family/.worktrees/city-listings-production-ready/native-ios/SpeakLocalNative.xcodeproj -scheme SpeakLocalNative -destination "platform=iOS Simulator,id=7C386DD3-4BF1-4A34-A918-768C43CD1258" -derivedDataPath /Users/jojolim/Library/Developer/XcodeBuildMCP/workspaces/orchestrator-309442864093/DerivedData/SpeakLocalNative-8f3e721625a0 "-only-testing:SpeakLocalNativeUITests/CityAppDetailV22RenderProofUITests/testCaptureCityAppDetailV22RenderProofBatch"

2026-06-01 04:12:47.980176+0700 SpeakLocalNativeUITests-Runner[5884:7432682] [Default] Running tests...
    t =      nans Interface orientation changed to Portrait
Test Suite 'Selected tests' started at 2026-06-01 04:12:48.354.
Test Suite 'SpeakLocalNativeUITests.xctest' started at 2026-06-01 04:12:48.354.
Test Suite 'CityAppDetailV22RenderProofUITests' started at 2026-06-01 04:12:48.354.
Test Case '-[SpeakLocalNativeUITests.CityAppDetailV22RenderProofUITests testCaptureCityAppDetailV22RenderProofBatch]' started.
    t =     0.00s Start Test at 2026-06-01 04:12:48.355
    t =     0.02s Set Up
    t =     0.02s Open app.speaklocal.vietnam.native
    t =     0.02s     Launch app.speaklocal.vietnam.native
objc[5884]: Class UIAccessibilityLoaderWebShared is implemented in both /Library/Developer/CoreSimulator/Volumes/iOS_23F77/Library/Developer/CoreSimulator/Profiles/Runtimes/iOS 26.5.simruntime/Contents/Resources/RuntimeRoot/System/Library/AccessibilityBundles/WebCore.axbundle/WebCore (0x10ab8c310) and /Library/Developer/CoreSimulator/Volumes/iOS_23F77/Library/Developer/CoreSimulator/Profiles/Runtimes/iOS 26.5.simruntime/Contents/Resources/RuntimeRoot/System/Library/AccessibilityBundles/WebKit.axbundle/WebKit (0x10a40c398). This may cause spurious casting failures and mysterious crashes. One of the duplicates must be removed or renamed.
    t =     1.90s         Setting up automation session
    t =     2.35s         Wait for app.speaklocal.vietnam.native to idle
    t =     3.85s Checking existence of `"Chợ Bến Ngự" StaticText`
    t =     4.02s Waiting 8.0s for "Chợ Bến Ngự" StaticText to exist
    t =     5.09s     Checking `Expect predicate `existsNoRetry == 1` for object "Chợ Bến Ngự" StaticText`
    t =     5.09s         Checking existence of `"Chợ Bến Ngự" StaticText`
    t =     5.25s Swipe up Target Application 'app.speaklocal.vietnam.native'
    t =     5.25s     Wait for app.speaklocal.vietnam.native to idle
    t =     5.25s     Find the Target Application 'app.speaklocal.vietnam.native'
    t =     5.26s     Check for interrupting elements affecting "SpeakLocal Vietnam" Application
    t =     5.28s     Synthesize event
    t =     5.70s     Wait for app.speaklocal.vietnam.native to idle
    t =     7.81s Swipe up Target Application 'app.speaklocal.vietnam.native'
    t =     7.81s     Wait for app.speaklocal.vietnam.native to idle
    t =     7.82s     Find the Target Application 'app.speaklocal.vietnam.native'
    t =     7.85s     Check for interrupting elements affecting "SpeakLocal Vietnam" Application
    t =     7.87s     Synthesize event
    t =     8.30s     Wait for app.speaklocal.vietnam.native to idle
    t =     9.05s Terminate app.speaklocal.vietnam.native:5965
    t =    10.14s Open app.speaklocal.vietnam.native
    t =    10.14s     Launch app.speaklocal.vietnam.native
    t =    10.36s         Setting up automation session
    t =    10.87s         Wait for app.speaklocal.vietnam.native to idle
    t =    12.38s Waiting 4.0s for TabBar (First Match) to exist
    t =    13.45s     Checking `Expect predicate `existsNoRetry == 1` for object TabBar (First Match)`
    t =    13.45s         Checking existence of `TabBar (First Match)`
    t =    13.49s Checking existence of `"PhraseArticle.BottomSentinel.viet-family-city-hue-place-ben-ngu-market" Other`
    t =    13.58s Checking existence of `"PhraseArticle.BottomSentinel.viet-phrase-city-hue-place-ben-ngu-market" Other`
    t =    13.60s Find the "PhraseArticle.BottomSentinel.viet-phrase-city-hue-place-ben-ngu-market" Other
    t =    13.62s Checking existence of `TabBar (First Match)`
    t =    13.63s Find the TabBar (First Match)
    t =    13.63s Find the Target Application 'app.speaklocal.vietnam.native'
    t =    13.73s Terminate app.speaklocal.vietnam.native:6051
    t =    14.82s Tear Down
Test Case '-[SpeakLocalNativeUITests.CityAppDetailV22RenderProofUITests testCaptureCityAppDetailV22RenderProofBatch]' passed (14.884 seconds).
Test Suite 'CityAppDetailV22RenderProofUITests' passed at 2026-06-01 04:13:03.239.
	 Executed 1 test, with 0 failures (0 unexpected) in 14.884 (14.885) seconds
Test Suite 'SpeakLocalNativeUITests.xctest' passed at 2026-06-01 04:13:03.240.
	 Executed 1 test, with 0 failures (0 unexpected) in 14.884 (14.886) seconds
Test Suite 'Selected tests' passed at 2026-06-01 04:13:03.240.
	 Executed 1 test, with 0 failures (0 unexpected) in 14.884 (14.887) seconds

Test session results, code coverage, and logs:
	/Users/jojolim/Library/Developer/XcodeBuildMCP/workspaces/orchestrator-309442864093/DerivedData/SpeakLocalNative-8f3e721625a0/Logs/Test/Test-SpeakLocalNative-2026.06.01_04-12-47-+0700.xcresult

** TEST EXECUTE SUCCEEDED **

Testing started

2026-06-01 04:12:48.419 xcodebuild[5880:7432521] [MT] IDELaunchParametersSnapshot: The operation couldn’t be completed. (DebuggerLLDB.DebuggerVersionStore.StoreError error 0.)
2026-06-01 04:12:48.420 xcodebuild[5880:7432521] [MT] IDELaunchParametersSnapshot: no debugger version
2026-06-01 04:12:58.502 xcodebuild[5880:7432521] [MT] IDELaunchParametersSnapshot: The operation couldn’t be completed. (DebuggerLLDB.DebuggerVersionStore.StoreError error 0.)
2026-06-01 04:12:58.502 xcodebuild[5880:7432521] [MT] IDELaunchParametersSnapshot: no debugger version
2026-06-01 04:13:03.556 xcodebuild[5880:7432521] [MT] IDETestOperationsObserverDebug: 16.371 elapsed -- Testing started completed.
2026-06-01 04:13:03.556 xcodebuild[5880:7432521] [MT] IDETestOperationsObserverDebug: 0.000 sec, +0.000 sec -- start
2026-06-01 04:13:03.556 xcodebuild[5880:7432521] [MT] IDETestOperationsObserverDebug: 16.371 sec, +16.371 sec -- end
