Command line invocation:
    /Applications/Xcode.app/Contents/Developer/usr/bin/xcodebuild test-without-building -project /Users/jojolim/Developer/products/speaklocal/app-family/.worktrees/city-listings-production-ready/native-ios/SpeakLocalNative.xcodeproj -scheme SpeakLocalNative -destination "platform=iOS Simulator,id=7C386DD3-4BF1-4A34-A918-768C43CD1258" -derivedDataPath /Users/jojolim/Library/Developer/XcodeBuildMCP/workspaces/orchestrator-309442864093/DerivedData/SpeakLocalNative-8f3e721625a0 "-only-testing:SpeakLocalNativeUITests/CityAppDetailV22RenderProofUITests/testCaptureCityAppDetailV22RenderProofBatch"

2026-06-01 09:13:49.666825+0700 SpeakLocalNativeUITests-Runner[66271:8658515] [Default] Running tests...
    t =      nans Interface orientation changed to Portrait
Test Suite 'Selected tests' started at 2026-06-01 09:13:50.035.
Test Suite 'SpeakLocalNativeUITests.xctest' started at 2026-06-01 09:13:50.035.
Test Suite 'CityAppDetailV22RenderProofUITests' started at 2026-06-01 09:13:50.036.
Test Case '-[SpeakLocalNativeUITests.CityAppDetailV22RenderProofUITests testCaptureCityAppDetailV22RenderProofBatch]' started.
    t =     0.00s Start Test at 2026-06-01 09:13:50.036
    t =     0.02s Set Up
    t =     0.02s Open app.speaklocal.vietnam.native
    t =     0.02s     Launch app.speaklocal.vietnam.native
objc[66271]: Class UIAccessibilityLoaderWebShared is implemented in both /Library/Developer/CoreSimulator/Volumes/iOS_23F77/Library/Developer/CoreSimulator/Profiles/Runtimes/iOS 26.5.simruntime/Contents/Resources/RuntimeRoot/System/Library/AccessibilityBundles/WebCore.axbundle/WebCore (0x106b48310) and /Library/Developer/CoreSimulator/Volumes/iOS_23F77/Library/Developer/CoreSimulator/Profiles/Runtimes/iOS 26.5.simruntime/Contents/Resources/RuntimeRoot/System/Library/AccessibilityBundles/WebKit.axbundle/WebKit (0x105fe4398). This may cause spurious casting failures and mysterious crashes. One of the duplicates must be removed or renamed.
    t =     1.88s         Setting up automation session
    t =     2.37s         Wait for app.speaklocal.vietnam.native to idle
    t =     3.83s Checking existence of `"Chợ Tây Lộc" StaticText`
    t =     3.98s Waiting 8.0s for "Chợ Tây Lộc" StaticText to exist
    t =     5.03s     Checking `Expect predicate `existsNoRetry == 1` for object "Chợ Tây Lộc" StaticText`
    t =     5.03s         Checking existence of `"Chợ Tây Lộc" StaticText`
    t =     5.20s Swipe up Target Application 'app.speaklocal.vietnam.native'
    t =     5.20s     Wait for app.speaklocal.vietnam.native to idle
    t =     5.20s     Find the Target Application 'app.speaklocal.vietnam.native'
    t =     5.22s     Check for interrupting elements affecting "SpeakLocal Vietnam" Application
    t =     5.24s     Synthesize event
    t =     5.66s     Wait for app.speaklocal.vietnam.native to idle
    t =     7.82s Swipe up Target Application 'app.speaklocal.vietnam.native'
    t =     7.82s     Wait for app.speaklocal.vietnam.native to idle
    t =     7.83s     Find the Target Application 'app.speaklocal.vietnam.native'
    t =     7.84s     Check for interrupting elements affecting "SpeakLocal Vietnam" Application
    t =     7.87s     Synthesize event
    t =     8.30s     Wait for app.speaklocal.vietnam.native to idle
    t =     8.95s Terminate app.speaklocal.vietnam.native:66281
    t =    10.02s Open app.speaklocal.vietnam.native
    t =    10.02s     Launch app.speaklocal.vietnam.native
    t =    10.24s         Setting up automation session
    t =    10.73s         Wait for app.speaklocal.vietnam.native to idle
    t =    12.18s Waiting 4.0s for TabBar (First Match) to exist
    t =    13.24s     Checking `Expect predicate `existsNoRetry == 1` for object TabBar (First Match)`
    t =    13.24s         Checking existence of `TabBar (First Match)`
    t =    13.27s Checking existence of `"PhraseArticle.BottomSentinel.viet-family-city-hue-place-tay-loc-market" Other`
    t =    13.35s Checking existence of `"PhraseArticle.BottomSentinel.viet-phrase-city-hue-place-tay-loc-market" Other`
    t =    13.37s Find the "PhraseArticle.BottomSentinel.viet-phrase-city-hue-place-tay-loc-market" Other
    t =    13.39s Checking existence of `TabBar (First Match)`
    t =    13.39s Find the TabBar (First Match)
    t =    13.40s Find the Target Application 'app.speaklocal.vietnam.native'
    t =    13.50s Terminate app.speaklocal.vietnam.native:66300
    t =    14.57s Tear Down
Test Case '-[SpeakLocalNativeUITests.CityAppDetailV22RenderProofUITests testCaptureCityAppDetailV22RenderProofBatch]' passed (14.631 seconds).
Test Suite 'CityAppDetailV22RenderProofUITests' passed at 2026-06-01 09:14:04.667.
	 Executed 1 test, with 0 failures (0 unexpected) in 14.631 (14.631) seconds
Test Suite 'SpeakLocalNativeUITests.xctest' passed at 2026-06-01 09:14:04.667.
	 Executed 1 test, with 0 failures (0 unexpected) in 14.631 (14.632) seconds
Test Suite 'Selected tests' passed at 2026-06-01 09:14:04.667.
	 Executed 1 test, with 0 failures (0 unexpected) in 14.631 (14.632) seconds

Test session results, code coverage, and logs:
	/Users/jojolim/Library/Developer/XcodeBuildMCP/workspaces/orchestrator-309442864093/DerivedData/SpeakLocalNative-8f3e721625a0/Logs/Test/Test-SpeakLocalNative-2026.06.01_09-13-48-+0700.xcresult

** TEST EXECUTE SUCCEEDED **

Testing started

2026-06-01 09:13:50.087 xcodebuild[66269:8658337] [MT] IDELaunchParametersSnapshot: The operation couldn’t be completed. (DebuggerLLDB.DebuggerVersionStore.StoreError error 0.)
2026-06-01 09:13:50.087 xcodebuild[66269:8658337] [MT] IDELaunchParametersSnapshot: no debugger version
2026-06-01 09:14:00.062 xcodebuild[66269:8658337] [MT] IDELaunchParametersSnapshot: The operation couldn’t be completed. (DebuggerLLDB.DebuggerVersionStore.StoreError error 0.)
2026-06-01 09:14:00.062 xcodebuild[66269:8658337] [MT] IDELaunchParametersSnapshot: no debugger version
2026-06-01 09:14:04.945 xcodebuild[66269:8658337] [MT] IDETestOperationsObserverDebug: 16.088 elapsed -- Testing started completed.
2026-06-01 09:14:04.945 xcodebuild[66269:8658337] [MT] IDETestOperationsObserverDebug: 0.000 sec, +0.000 sec -- start
2026-06-01 09:14:04.945 xcodebuild[66269:8658337] [MT] IDETestOperationsObserverDebug: 16.088 sec, +16.088 sec -- end
