Command line invocation:
    /Applications/Xcode.app/Contents/Developer/usr/bin/xcodebuild test-without-building -project /Users/jojolim/Developer/products/speaklocal/app-family/.worktrees/city-listings-production-ready/native-ios/SpeakLocalNative.xcodeproj -scheme SpeakLocalNative -destination "platform=iOS Simulator,id=7C386DD3-4BF1-4A34-A918-768C43CD1258" -derivedDataPath /Users/jojolim/Library/Developer/XcodeBuildMCP/workspaces/orchestrator-309442864093/DerivedData/SpeakLocalNative-8f3e721625a0 "-only-testing:SpeakLocalNativeUITests/CityAppDetailV22RenderProofUITests/testCaptureCityAppDetailV22RenderProofBatch"

2026-06-01 08:57:07.385742+0700 SpeakLocalNativeUITests-Runner[54985:8603723] [Default] Running tests...
    t =      nans Interface orientation changed to Portrait
Test Suite 'Selected tests' started at 2026-06-01 08:57:07.759.
Test Suite 'SpeakLocalNativeUITests.xctest' started at 2026-06-01 08:57:07.759.
Test Suite 'CityAppDetailV22RenderProofUITests' started at 2026-06-01 08:57:07.759.
Test Case '-[SpeakLocalNativeUITests.CityAppDetailV22RenderProofUITests testCaptureCityAppDetailV22RenderProofBatch]' started.
    t =     0.00s Start Test at 2026-06-01 08:57:07.760
    t =     0.02s Set Up
    t =     0.02s Open app.speaklocal.vietnam.native
    t =     0.02s     Launch app.speaklocal.vietnam.native
objc[54985]: Class UIAccessibilityLoaderWebShared is implemented in both /Library/Developer/CoreSimulator/Volumes/iOS_23F77/Library/Developer/CoreSimulator/Profiles/Runtimes/iOS 26.5.simruntime/Contents/Resources/RuntimeRoot/System/Library/AccessibilityBundles/WebCore.axbundle/WebCore (0x108550310) and /Library/Developer/CoreSimulator/Volumes/iOS_23F77/Library/Developer/CoreSimulator/Profiles/Runtimes/iOS 26.5.simruntime/Contents/Resources/RuntimeRoot/System/Library/AccessibilityBundles/WebKit.axbundle/WebKit (0x107dd0398). This may cause spurious casting failures and mysterious crashes. One of the duplicates must be removed or renamed.
    t =     1.90s         Setting up automation session
    t =     2.45s         Wait for app.speaklocal.vietnam.native to idle
    t =     3.91s Checking existence of `"KODO Cafe" StaticText`
    t =     4.06s Waiting 8.0s for "KODO Cafe" StaticText to exist
    t =     5.08s     Checking `Expect predicate `existsNoRetry == 1` for object "KODO Cafe" StaticText`
    t =     5.09s         Checking existence of `"KODO Cafe" StaticText`
    t =     5.25s Swipe up Target Application 'app.speaklocal.vietnam.native'
    t =     5.25s     Wait for app.speaklocal.vietnam.native to idle
    t =     5.25s     Find the Target Application 'app.speaklocal.vietnam.native'
    t =     5.27s     Check for interrupting elements affecting "SpeakLocal Vietnam" Application
    t =     5.28s     Synthesize event
    t =     5.70s     Wait for app.speaklocal.vietnam.native to idle
    t =     7.85s Swipe up Target Application 'app.speaklocal.vietnam.native'
    t =     7.85s     Wait for app.speaklocal.vietnam.native to idle
    t =     7.86s     Find the Target Application 'app.speaklocal.vietnam.native'
    t =     7.88s     Check for interrupting elements affecting "SpeakLocal Vietnam" Application
    t =     7.90s     Synthesize event
    t =     8.32s     Wait for app.speaklocal.vietnam.native to idle
    t =     9.03s Terminate app.speaklocal.vietnam.native:54992
    t =    10.11s Open app.speaklocal.vietnam.native
    t =    10.11s     Launch app.speaklocal.vietnam.native
    t =    10.32s         Setting up automation session
    t =    10.81s         Wait for app.speaklocal.vietnam.native to idle
    t =    12.30s Waiting 4.0s for TabBar (First Match) to exist
    t =    13.33s     Checking `Expect predicate `existsNoRetry == 1` for object TabBar (First Match)`
    t =    13.34s         Checking existence of `TabBar (First Match)`
    t =    13.39s Checking existence of `"PhraseArticle.BottomSentinel.viet-family-city-hue-place-kodo-cafe" Other`
    t =    13.47s Checking existence of `"PhraseArticle.BottomSentinel.viet-phrase-city-hue-place-kodo-cafe" Other`
    t =    13.49s Find the "PhraseArticle.BottomSentinel.viet-phrase-city-hue-place-kodo-cafe" Other
    t =    13.51s Checking existence of `TabBar (First Match)`
    t =    13.52s Find the TabBar (First Match)
    t =    13.53s Find the Target Application 'app.speaklocal.vietnam.native'
    t =    13.62s Terminate app.speaklocal.vietnam.native:55085
    t =    14.69s Tear Down
Test Case '-[SpeakLocalNativeUITests.CityAppDetailV22RenderProofUITests testCaptureCityAppDetailV22RenderProofBatch]' passed (14.766 seconds).
Test Suite 'CityAppDetailV22RenderProofUITests' passed at 2026-06-01 08:57:22.526.
	 Executed 1 test, with 0 failures (0 unexpected) in 14.766 (14.767) seconds
Test Suite 'SpeakLocalNativeUITests.xctest' passed at 2026-06-01 08:57:22.527.
	 Executed 1 test, with 0 failures (0 unexpected) in 14.766 (14.768) seconds
Test Suite 'Selected tests' passed at 2026-06-01 08:57:22.528.
	 Executed 1 test, with 0 failures (0 unexpected) in 14.766 (14.769) seconds

Test session results, code coverage, and logs:
	/Users/jojolim/Library/Developer/XcodeBuildMCP/workspaces/orchestrator-309442864093/DerivedData/SpeakLocalNative-8f3e721625a0/Logs/Test/Test-SpeakLocalNative-2026.06.01_08-57-06-+0700.xcresult

** TEST EXECUTE SUCCEEDED **

Testing started

2026-06-01 08:57:07.825 xcodebuild[54977:8603534] [MT] IDELaunchParametersSnapshot: The operation couldn’t be completed. (DebuggerLLDB.DebuggerVersionStore.StoreError error 0.)
2026-06-01 08:57:07.825 xcodebuild[54977:8603534] [MT] IDELaunchParametersSnapshot: no debugger version
2026-06-01 08:57:17.868 xcodebuild[54977:8603534] [MT] IDELaunchParametersSnapshot: The operation couldn’t be completed. (DebuggerLLDB.DebuggerVersionStore.StoreError error 0.)
2026-06-01 08:57:17.868 xcodebuild[54977:8603534] [MT] IDELaunchParametersSnapshot: no debugger version
2026-06-01 08:57:22.835 xcodebuild[54977:8603534] [MT] IDETestOperationsObserverDebug: 16.289 elapsed -- Testing started completed.
2026-06-01 08:57:22.835 xcodebuild[54977:8603534] [MT] IDETestOperationsObserverDebug: 0.000 sec, +0.000 sec -- start
2026-06-01 08:57:22.835 xcodebuild[54977:8603534] [MT] IDETestOperationsObserverDebug: 16.289 sec, +16.289 sec -- end
