Command line invocation:
    /Applications/Xcode.app/Contents/Developer/usr/bin/xcodebuild test-without-building -project /Users/jojolim/Developer/products/speaklocal/app-family/.worktrees/city-listings-production-ready/native-ios/SpeakLocalNative.xcodeproj -scheme SpeakLocalNative -destination "platform=iOS Simulator,id=7C386DD3-4BF1-4A34-A918-768C43CD1258" -derivedDataPath /Users/jojolim/Library/Developer/XcodeBuildMCP/workspaces/orchestrator-309442864093/DerivedData/SpeakLocalNative-8f3e721625a0 "-only-testing:SpeakLocalNativeUITests/CityAppDetailV22RenderProofUITests/testCaptureCityAppDetailV22RenderProofBatch"

2026-06-01 07:58:24.912696+0700 SpeakLocalNativeUITests-Runner[4740:8398425] [Default] Running tests...
    t =      nans Interface orientation changed to Portrait
Test Suite 'Selected tests' started at 2026-06-01 07:58:25.280.
Test Suite 'SpeakLocalNativeUITests.xctest' started at 2026-06-01 07:58:25.280.
Test Suite 'CityAppDetailV22RenderProofUITests' started at 2026-06-01 07:58:25.281.
Test Case '-[SpeakLocalNativeUITests.CityAppDetailV22RenderProofUITests testCaptureCityAppDetailV22RenderProofBatch]' started.
    t =     0.00s Start Test at 2026-06-01 07:58:25.281
    t =     0.02s Set Up
    t =     0.02s Open app.speaklocal.vietnam.native
    t =     0.02s     Launch app.speaklocal.vietnam.native
objc[4740]: Class UIAccessibilityLoaderWebShared is implemented in both /Library/Developer/CoreSimulator/Volumes/iOS_23F77/Library/Developer/CoreSimulator/Profiles/Runtimes/iOS 26.5.simruntime/Contents/Resources/RuntimeRoot/System/Library/AccessibilityBundles/WebCore.axbundle/WebCore (0x108e60310) and /Library/Developer/CoreSimulator/Volumes/iOS_23F77/Library/Developer/CoreSimulator/Profiles/Runtimes/iOS 26.5.simruntime/Contents/Resources/RuntimeRoot/System/Library/AccessibilityBundles/WebKit.axbundle/WebKit (0x1086b0398). This may cause spurious casting failures and mysterious crashes. One of the duplicates must be removed or renamed.
    t =     1.91s         Setting up automation session
    t =     2.34s         Wait for app.speaklocal.vietnam.native to idle
    t =     3.80s Checking existence of `"Đường Lê Thánh Tôn" StaticText`
    t =     3.94s Waiting 8.0s for "Đường Lê Thánh Tôn" StaticText to exist
    t =     4.98s     Checking `Expect predicate `existsNoRetry == 1` for object "Đường Lê Thánh Tôn" StaticText`
    t =     4.98s         Checking existence of `"Đường Lê Thánh Tôn" StaticText`
    t =     5.15s Swipe up Target Application 'app.speaklocal.vietnam.native'
    t =     5.15s     Wait for app.speaklocal.vietnam.native to idle
    t =     5.15s     Find the Target Application 'app.speaklocal.vietnam.native'
    t =     5.16s     Check for interrupting elements affecting "SpeakLocal Vietnam" Application
    t =     5.18s     Synthesize event
    t =     5.60s     Wait for app.speaklocal.vietnam.native to idle
    t =     7.75s Swipe up Target Application 'app.speaklocal.vietnam.native'
    t =     7.75s     Wait for app.speaklocal.vietnam.native to idle
    t =     7.76s     Find the Target Application 'app.speaklocal.vietnam.native'
    t =     7.78s     Check for interrupting elements affecting "SpeakLocal Vietnam" Application
    t =     7.81s     Synthesize event
    t =     8.24s     Wait for app.speaklocal.vietnam.native to idle
    t =     9.10s Terminate app.speaklocal.vietnam.native:4818
    t =    10.16s Open app.speaklocal.vietnam.native
    t =    10.17s     Launch app.speaklocal.vietnam.native
    t =    10.38s         Setting up automation session
    t =    10.88s         Wait for app.speaklocal.vietnam.native to idle
    t =    12.37s Waiting 4.0s for TabBar (First Match) to exist
    t =    13.43s     Checking `Expect predicate `existsNoRetry == 1` for object TabBar (First Match)`
    t =    13.43s         Checking existence of `TabBar (First Match)`
    t =    13.49s Checking existence of `"PhraseArticle.BottomSentinel.viet-family-city-hcmc-place-le-thanh-ton-street" Other`
    t =    13.57s Checking existence of `"PhraseArticle.BottomSentinel.viet-phrase-city-hcmc-place-le-thanh-ton-street" Other`
    t =    13.59s Find the "PhraseArticle.BottomSentinel.viet-phrase-city-hcmc-place-le-thanh-ton-street" Other
    t =    13.61s Checking existence of `TabBar (First Match)`
    t =    13.62s Find the TabBar (First Match)
    t =    13.63s Find the Target Application 'app.speaklocal.vietnam.native'
    t =    13.72s Terminate app.speaklocal.vietnam.native:4906
    t =    14.76s Tear Down
Test Case '-[SpeakLocalNativeUITests.CityAppDetailV22RenderProofUITests testCaptureCityAppDetailV22RenderProofBatch]' passed (14.822 seconds).
Test Suite 'CityAppDetailV22RenderProofUITests' passed at 2026-06-01 07:58:40.103.
	 Executed 1 test, with 0 failures (0 unexpected) in 14.822 (14.823) seconds
Test Suite 'SpeakLocalNativeUITests.xctest' passed at 2026-06-01 07:58:40.104.
	 Executed 1 test, with 0 failures (0 unexpected) in 14.822 (14.823) seconds
Test Suite 'Selected tests' passed at 2026-06-01 07:58:40.104.
	 Executed 1 test, with 0 failures (0 unexpected) in 14.822 (14.824) seconds

Test session results, code coverage, and logs:
	/Users/jojolim/Library/Developer/XcodeBuildMCP/workspaces/orchestrator-309442864093/DerivedData/SpeakLocalNative-8f3e721625a0/Logs/Test/Test-SpeakLocalNative-2026.06.01_07-58-23-+0700.xcresult

** TEST EXECUTE SUCCEEDED **

Testing started

2026-06-01 07:58:25.345 xcodebuild[4738:8398248] [MT] IDELaunchParametersSnapshot: The operation couldn’t be completed. (DebuggerLLDB.DebuggerVersionStore.StoreError error 0.)
2026-06-01 07:58:25.345 xcodebuild[4738:8398248] [MT] IDELaunchParametersSnapshot: no debugger version
2026-06-01 07:58:35.449 xcodebuild[4738:8398248] [MT] IDELaunchParametersSnapshot: The operation couldn’t be completed. (DebuggerLLDB.DebuggerVersionStore.StoreError error 0.)
2026-06-01 07:58:35.449 xcodebuild[4738:8398248] [MT] IDELaunchParametersSnapshot: no debugger version
2026-06-01 07:58:40.405 xcodebuild[4738:8398248] [MT] IDETestOperationsObserverDebug: 16.323 elapsed -- Testing started completed.
2026-06-01 07:58:40.405 xcodebuild[4738:8398248] [MT] IDETestOperationsObserverDebug: 0.000 sec, +0.000 sec -- start
2026-06-01 07:58:40.405 xcodebuild[4738:8398248] [MT] IDETestOperationsObserverDebug: 16.323 sec, +16.323 sec -- end
