Command line invocation:
    /Applications/Xcode.app/Contents/Developer/usr/bin/xcodebuild test-without-building -project /Users/jojolim/Developer/products/speaklocal/app-family/.worktrees/city-listings-production-ready/native-ios/SpeakLocalNative.xcodeproj -scheme SpeakLocalNative -destination "platform=iOS Simulator,id=7C386DD3-4BF1-4A34-A918-768C43CD1258" -derivedDataPath /Users/jojolim/Library/Developer/XcodeBuildMCP/workspaces/orchestrator-309442864093/DerivedData/SpeakLocalNative-8f3e721625a0 "-only-testing:SpeakLocalNativeUITests/CityAppDetailV22RenderProofUITests/testCaptureCityAppDetailV22RenderProofBatch"

2026-06-01 06:07:54.865357+0700 SpeakLocalNativeUITests-Runner[53650:7917262] [Default] Running tests...
    t =      nans Interface orientation changed to Portrait
Test Suite 'Selected tests' started at 2026-06-01 06:07:55.238.
Test Suite 'SpeakLocalNativeUITests.xctest' started at 2026-06-01 06:07:55.238.
Test Suite 'CityAppDetailV22RenderProofUITests' started at 2026-06-01 06:07:55.238.
Test Case '-[SpeakLocalNativeUITests.CityAppDetailV22RenderProofUITests testCaptureCityAppDetailV22RenderProofBatch]' started.
    t =     0.00s Start Test at 2026-06-01 06:07:55.239
    t =     0.02s Set Up
    t =     0.02s Open app.speaklocal.vietnam.native
    t =     0.02s     Launch app.speaklocal.vietnam.native
objc[53650]: Class UIAccessibilityLoaderWebShared is implemented in both /Library/Developer/CoreSimulator/Volumes/iOS_23F77/Library/Developer/CoreSimulator/Profiles/Runtimes/iOS 26.5.simruntime/Contents/Resources/RuntimeRoot/System/Library/AccessibilityBundles/WebCore.axbundle/WebCore (0x108e50310) and /Library/Developer/CoreSimulator/Volumes/iOS_23F77/Library/Developer/CoreSimulator/Profiles/Runtimes/iOS 26.5.simruntime/Contents/Resources/RuntimeRoot/System/Library/AccessibilityBundles/WebKit.axbundle/WebKit (0x108698398). This may cause spurious casting failures and mysterious crashes. One of the duplicates must be removed or renamed.
    t =     1.91s         Setting up automation session
    t =     2.40s         Wait for app.speaklocal.vietnam.native to idle
    t =     3.89s Checking existence of `"Vincom Plaza Đà Nẵng" StaticText`
    t =     4.03s Waiting 8.0s for "Vincom Plaza Đà Nẵng" StaticText to exist
    t =     5.09s     Checking `Expect predicate `existsNoRetry == 1` for object "Vincom Plaza Đà Nẵng" StaticText`
    t =     5.09s         Checking existence of `"Vincom Plaza Đà Nẵng" StaticText`
    t =     5.25s Swipe up Target Application 'app.speaklocal.vietnam.native'
    t =     5.25s     Wait for app.speaklocal.vietnam.native to idle
    t =     5.25s     Find the Target Application 'app.speaklocal.vietnam.native'
    t =     5.27s     Check for interrupting elements affecting "SpeakLocal Vietnam" Application
    t =     5.29s     Synthesize event
    t =     5.71s     Wait for app.speaklocal.vietnam.native to idle
    t =     7.82s Swipe up Target Application 'app.speaklocal.vietnam.native'
    t =     7.82s     Wait for app.speaklocal.vietnam.native to idle
    t =     7.82s     Find the Target Application 'app.speaklocal.vietnam.native'
    t =     7.85s     Check for interrupting elements affecting "SpeakLocal Vietnam" Application
    t =     7.88s     Synthesize event
    t =     8.30s     Wait for app.speaklocal.vietnam.native to idle
    t =     9.07s Terminate app.speaklocal.vietnam.native:53732
    t =    10.16s Open app.speaklocal.vietnam.native
    t =    10.16s     Launch app.speaklocal.vietnam.native
    t =    10.37s         Setting up automation session
    t =    10.82s         Wait for app.speaklocal.vietnam.native to idle
    t =    12.27s Waiting 4.0s for TabBar (First Match) to exist
    t =    13.34s     Checking `Expect predicate `existsNoRetry == 1` for object TabBar (First Match)`
    t =    13.34s         Checking existence of `TabBar (First Match)`
    t =    13.40s Checking existence of `"PhraseArticle.BottomSentinel.viet-family-city-danang-place-vincom-plaza" Other`
    t =    13.48s Checking existence of `"PhraseArticle.BottomSentinel.viet-phrase-city-danang-place-vincom-plaza" Other`
    t =    13.49s Find the "PhraseArticle.BottomSentinel.viet-phrase-city-danang-place-vincom-plaza" Other
    t =    13.52s Checking existence of `TabBar (First Match)`
    t =    13.52s Find the TabBar (First Match)
    t =    13.53s Find the Target Application 'app.speaklocal.vietnam.native'
    t =    13.62s Terminate app.speaklocal.vietnam.native:53819
    t =    14.70s Tear Down
Test Case '-[SpeakLocalNativeUITests.CityAppDetailV22RenderProofUITests testCaptureCityAppDetailV22RenderProofBatch]' passed (14.790 seconds).
Test Suite 'CityAppDetailV22RenderProofUITests' passed at 2026-06-01 06:08:10.030.
	 Executed 1 test, with 0 failures (0 unexpected) in 14.790 (14.792) seconds
Test Suite 'SpeakLocalNativeUITests.xctest' passed at 2026-06-01 06:08:10.031.
	 Executed 1 test, with 0 failures (0 unexpected) in 14.790 (14.793) seconds
Test Suite 'Selected tests' passed at 2026-06-01 06:08:10.032.
	 Executed 1 test, with 0 failures (0 unexpected) in 14.790 (14.794) seconds

Test session results, code coverage, and logs:
	/Users/jojolim/Library/Developer/XcodeBuildMCP/workspaces/orchestrator-309442864093/DerivedData/SpeakLocalNative-8f3e721625a0/Logs/Test/Test-SpeakLocalNative-2026.06.01_06-07-53-+0700.xcresult

** TEST EXECUTE SUCCEEDED **

Testing started

2026-06-01 06:07:55.302 xcodebuild[53647:7917087] [MT] IDELaunchParametersSnapshot: The operation couldn’t be completed. (DebuggerLLDB.DebuggerVersionStore.StoreError error 0.)
2026-06-01 06:07:55.302 xcodebuild[53647:7917087] [MT] IDELaunchParametersSnapshot: no debugger version
2026-06-01 06:08:05.399 xcodebuild[53647:7917087] [MT] IDELaunchParametersSnapshot: The operation couldn’t be completed. (DebuggerLLDB.DebuggerVersionStore.StoreError error 0.)
2026-06-01 06:08:05.399 xcodebuild[53647:7917087] [MT] IDELaunchParametersSnapshot: no debugger version
2026-06-01 06:08:10.334 xcodebuild[53647:7917087] [MT] IDETestOperationsObserverDebug: 16.274 elapsed -- Testing started completed.
2026-06-01 06:08:10.334 xcodebuild[53647:7917087] [MT] IDETestOperationsObserverDebug: 0.000 sec, +0.000 sec -- start
2026-06-01 06:08:10.334 xcodebuild[53647:7917087] [MT] IDETestOperationsObserverDebug: 16.274 sec, +16.274 sec -- end
