Command line invocation:
    /Applications/Xcode.app/Contents/Developer/usr/bin/xcodebuild test-without-building -project /Users/jojolim/Developer/products/speaklocal/app-family/.worktrees/city-listings-production-ready/native-ios/SpeakLocalNative.xcodeproj -scheme SpeakLocalNative -destination "platform=iOS Simulator,id=7C386DD3-4BF1-4A34-A918-768C43CD1258" -derivedDataPath /Users/jojolim/Library/Developer/XcodeBuildMCP/workspaces/orchestrator-309442864093/DerivedData/SpeakLocalNative-8f3e721625a0 "-only-testing:SpeakLocalNativeUITests/CityAppDetailV22RenderProofUITests/testCaptureCityAppDetailV22RenderProofBatch"

2026-06-01 07:34:14.199213+0700 SpeakLocalNativeUITests-Runner[69026:8297571] [Default] Running tests...
    t =      nans Interface orientation changed to Portrait
Test Suite 'Selected tests' started at 2026-06-01 07:34:14.571.
Test Suite 'SpeakLocalNativeUITests.xctest' started at 2026-06-01 07:34:14.572.
Test Suite 'CityAppDetailV22RenderProofUITests' started at 2026-06-01 07:34:14.572.
Test Case '-[SpeakLocalNativeUITests.CityAppDetailV22RenderProofUITests testCaptureCityAppDetailV22RenderProofBatch]' started.
    t =     0.00s Start Test at 2026-06-01 07:34:14.572
    t =     0.02s Set Up
    t =     0.02s Open app.speaklocal.vietnam.native
    t =     0.02s     Launch app.speaklocal.vietnam.native
objc[69026]: Class UIAccessibilityLoaderWebShared is implemented in both /Library/Developer/CoreSimulator/Volumes/iOS_23F77/Library/Developer/CoreSimulator/Profiles/Runtimes/iOS 26.5.simruntime/Contents/Resources/RuntimeRoot/System/Library/AccessibilityBundles/WebCore.axbundle/WebCore (0x10af94310) and /Library/Developer/CoreSimulator/Volumes/iOS_23F77/Library/Developer/CoreSimulator/Profiles/Runtimes/iOS 26.5.simruntime/Contents/Resources/RuntimeRoot/System/Library/AccessibilityBundles/WebKit.axbundle/WebKit (0x10a7a0398). This may cause spurious casting failures and mysterious crashes. One of the duplicates must be removed or renamed.
    t =     1.89s         Setting up automation session
    t =     2.33s         Wait for app.speaklocal.vietnam.native to idle
    t =     3.77s Checking existence of `"Vietnam Art Gallery" StaticText`
    t =     3.89s Waiting 8.0s for "Vietnam Art Gallery" StaticText to exist
    t =     4.94s     Checking `Expect predicate `existsNoRetry == 1` for object "Vietnam Art Gallery" StaticText`
    t =     4.94s         Checking existence of `"Vietnam Art Gallery" StaticText`
    t =     5.10s Swipe up Target Application 'app.speaklocal.vietnam.native'
    t =     5.10s     Wait for app.speaklocal.vietnam.native to idle
    t =     5.10s     Find the Target Application 'app.speaklocal.vietnam.native'
    t =     5.12s     Check for interrupting elements affecting "SpeakLocal Vietnam" Application
    t =     5.14s     Synthesize event
    t =     5.56s     Wait for app.speaklocal.vietnam.native to idle
    t =     7.67s Swipe up Target Application 'app.speaklocal.vietnam.native'
    t =     7.67s     Wait for app.speaklocal.vietnam.native to idle
    t =     7.67s     Find the Target Application 'app.speaklocal.vietnam.native'
    t =     7.69s     Check for interrupting elements affecting "SpeakLocal Vietnam" Application
    t =     7.71s     Synthesize event
    t =     8.14s     Wait for app.speaklocal.vietnam.native to idle
    t =     8.80s Terminate app.speaklocal.vietnam.native:69107
    t =     9.86s Open app.speaklocal.vietnam.native
    t =     9.86s     Launch app.speaklocal.vietnam.native
    t =    10.07s         Setting up automation session
    t =    10.52s         Wait for app.speaklocal.vietnam.native to idle
    t =    11.99s Waiting 4.0s for TabBar (First Match) to exist
    t =    13.02s     Checking `Expect predicate `existsNoRetry == 1` for object TabBar (First Match)`
    t =    13.02s         Checking existence of `TabBar (First Match)`
    t =    13.08s Checking existence of `"PhraseArticle.BottomSentinel.viet-family-city-hanoi-place-vietnam-art-gallery" Other`
    t =    13.16s Checking existence of `"PhraseArticle.BottomSentinel.viet-phrase-city-hanoi-place-vietnam-art-gallery" Other`
    t =    13.18s Find the "PhraseArticle.BottomSentinel.viet-phrase-city-hanoi-place-vietnam-art-gallery" Other
    t =    13.20s Checking existence of `TabBar (First Match)`
    t =    13.21s Find the TabBar (First Match)
    t =    13.21s Find the Target Application 'app.speaklocal.vietnam.native'
    t =    13.31s Terminate app.speaklocal.vietnam.native:69194
    t =    14.37s Tear Down
Test Case '-[SpeakLocalNativeUITests.CityAppDetailV22RenderProofUITests testCaptureCityAppDetailV22RenderProofBatch]' passed (14.420 seconds).
Test Suite 'CityAppDetailV22RenderProofUITests' passed at 2026-06-01 07:34:28.993.
	 Executed 1 test, with 0 failures (0 unexpected) in 14.420 (14.421) seconds
Test Suite 'SpeakLocalNativeUITests.xctest' passed at 2026-06-01 07:34:28.994.
	 Executed 1 test, with 0 failures (0 unexpected) in 14.420 (14.423) seconds
Test Suite 'Selected tests' passed at 2026-06-01 07:34:28.995.
	 Executed 1 test, with 0 failures (0 unexpected) in 14.420 (14.424) seconds

Test session results, code coverage, and logs:
	/Users/jojolim/Library/Developer/XcodeBuildMCP/workspaces/orchestrator-309442864093/DerivedData/SpeakLocalNative-8f3e721625a0/Logs/Test/Test-SpeakLocalNative-2026.06.01_07-34-13-+0700.xcresult

** TEST EXECUTE SUCCEEDED **

Testing started

2026-06-01 07:34:14.635 xcodebuild[69017:8297373] [MT] IDELaunchParametersSnapshot: The operation couldn’t be completed. (DebuggerLLDB.DebuggerVersionStore.StoreError error 0.)
2026-06-01 07:34:14.635 xcodebuild[69017:8297373] [MT] IDELaunchParametersSnapshot: no debugger version
2026-06-01 07:34:24.431 xcodebuild[69017:8297373] [MT] IDELaunchParametersSnapshot: The operation couldn’t be completed. (DebuggerLLDB.DebuggerVersionStore.StoreError error 0.)
2026-06-01 07:34:24.431 xcodebuild[69017:8297373] [MT] IDELaunchParametersSnapshot: no debugger version
2026-06-01 07:34:29.302 xcodebuild[69017:8297373] [MT] IDETestOperationsObserverDebug: 15.889 elapsed -- Testing started completed.
2026-06-01 07:34:29.302 xcodebuild[69017:8297373] [MT] IDETestOperationsObserverDebug: 0.000 sec, +0.000 sec -- start
2026-06-01 07:34:29.302 xcodebuild[69017:8297373] [MT] IDETestOperationsObserverDebug: 15.889 sec, +15.889 sec -- end
