Command line invocation:
    /Applications/Xcode.app/Contents/Developer/usr/bin/xcodebuild test-without-building -project /Users/jojolim/Developer/products/speaklocal/app-family/.worktrees/city-listings-production-ready/native-ios/SpeakLocalNative.xcodeproj -scheme SpeakLocalNative -destination "platform=iOS Simulator,id=7C386DD3-4BF1-4A34-A918-768C43CD1258" -derivedDataPath /Users/jojolim/Library/Developer/XcodeBuildMCP/workspaces/orchestrator-309442864093/DerivedData/SpeakLocalNative-8f3e721625a0 "-only-testing:SpeakLocalNativeUITests/CityAppDetailV22RenderProofUITests/testCaptureCityAppDetailV22RenderProofBatch"

2026-06-01 06:28:16.664960+0700 SpeakLocalNativeUITests-Runner[98100:8016068] [Default] Running tests...
    t =      nans Interface orientation changed to Portrait
Test Suite 'Selected tests' started at 2026-06-01 06:28:17.035.
Test Suite 'SpeakLocalNativeUITests.xctest' started at 2026-06-01 06:28:17.036.
Test Suite 'CityAppDetailV22RenderProofUITests' started at 2026-06-01 06:28:17.036.
Test Case '-[SpeakLocalNativeUITests.CityAppDetailV22RenderProofUITests testCaptureCityAppDetailV22RenderProofBatch]' started.
    t =     0.00s Start Test at 2026-06-01 06:28:17.036
    t =     0.02s Set Up
    t =     0.02s Open app.speaklocal.vietnam.native
    t =     0.02s     Launch app.speaklocal.vietnam.native
objc[98100]: Class UIAccessibilityLoaderWebShared is implemented in both /Library/Developer/CoreSimulator/Volumes/iOS_23F77/Library/Developer/CoreSimulator/Profiles/Runtimes/iOS 26.5.simruntime/Contents/Resources/RuntimeRoot/System/Library/AccessibilityBundles/WebCore.axbundle/WebCore (0x1085dc310) and /Library/Developer/CoreSimulator/Volumes/iOS_23F77/Library/Developer/CoreSimulator/Profiles/Runtimes/iOS 26.5.simruntime/Contents/Resources/RuntimeRoot/System/Library/AccessibilityBundles/WebKit.axbundle/WebKit (0x107de8398). This may cause spurious casting failures and mysterious crashes. One of the duplicates must be removed or renamed.
    t =     1.92s         Setting up automation session
    t =     2.33s         Wait for app.speaklocal.vietnam.native to idle
    t =     3.81s Checking existence of `"Bà Nà Hills" StaticText`
    t =     3.95s Waiting 8.0s for "Bà Nà Hills" StaticText to exist
    t =     5.01s     Checking `Expect predicate `existsNoRetry == 1` for object "Bà Nà Hills" StaticText`
    t =     5.02s         Checking existence of `"Bà Nà Hills" StaticText`
    t =     5.20s Swipe up Target Application 'app.speaklocal.vietnam.native'
    t =     5.20s     Wait for app.speaklocal.vietnam.native to idle
    t =     5.20s     Find the Target Application 'app.speaklocal.vietnam.native'
    t =     5.21s     Check for interrupting elements affecting "SpeakLocal Vietnam" Application
    t =     5.23s     Synthesize event
    t =     5.65s     Wait for app.speaklocal.vietnam.native to idle
    t =     7.80s Swipe up Target Application 'app.speaklocal.vietnam.native'
    t =     7.80s     Wait for app.speaklocal.vietnam.native to idle
    t =     7.80s     Find the Target Application 'app.speaklocal.vietnam.native'
    t =     7.84s     Check for interrupting elements affecting "SpeakLocal Vietnam" Application
    t =     7.87s     Synthesize event
    t =     8.29s     Wait for app.speaklocal.vietnam.native to idle
    t =    10.53s Terminate app.speaklocal.vietnam.native:98158
    t =    11.58s Open app.speaklocal.vietnam.native
    t =    11.59s     Launch app.speaklocal.vietnam.native
    t =    11.80s         Setting up automation session
    t =    12.29s         Wait for app.speaklocal.vietnam.native to idle
    t =    13.78s Waiting 4.0s for TabBar (First Match) to exist
    t =    14.83s     Checking `Expect predicate `existsNoRetry == 1` for object TabBar (First Match)`
    t =    14.83s         Checking existence of `TabBar (First Match)`
    t =    14.88s Checking existence of `"PhraseArticle.BottomSentinel.viet-family-city-danang-place-ba-na-hills" Other`
    t =    14.97s Checking existence of `"PhraseArticle.BottomSentinel.viet-phrase-city-danang-place-ba-na-hills" Other`
    t =    15.00s Find the "PhraseArticle.BottomSentinel.viet-phrase-city-danang-place-ba-na-hills" Other
    t =    15.03s Checking existence of `TabBar (First Match)`
    t =    15.03s Find the TabBar (First Match)
    t =    15.04s Find the Target Application 'app.speaklocal.vietnam.native'
    t =    15.15s Terminate app.speaklocal.vietnam.native:98267
    t =    16.23s Tear Down
Test Case '-[SpeakLocalNativeUITests.CityAppDetailV22RenderProofUITests testCaptureCityAppDetailV22RenderProofBatch]' passed (16.287 seconds).
Test Suite 'CityAppDetailV22RenderProofUITests' passed at 2026-06-01 06:28:33.323.
	 Executed 1 test, with 0 failures (0 unexpected) in 16.287 (16.288) seconds
Test Suite 'SpeakLocalNativeUITests.xctest' passed at 2026-06-01 06:28:33.324.
	 Executed 1 test, with 0 failures (0 unexpected) in 16.287 (16.288) seconds
Test Suite 'Selected tests' passed at 2026-06-01 06:28:33.324.
	 Executed 1 test, with 0 failures (0 unexpected) in 16.287 (16.289) seconds

Test session results, code coverage, and logs:
	/Users/jojolim/Library/Developer/XcodeBuildMCP/workspaces/orchestrator-309442864093/DerivedData/SpeakLocalNative-8f3e721625a0/Logs/Test/Test-SpeakLocalNative-2026.06.01_06-28-15-+0700.xcresult

** TEST EXECUTE SUCCEEDED **

Testing started

2026-06-01 06:28:17.102 xcodebuild[98098:8015918] [MT] IDELaunchParametersSnapshot: The operation couldn’t be completed. (DebuggerLLDB.DebuggerVersionStore.StoreError error 0.)
2026-06-01 06:28:17.102 xcodebuild[98098:8015918] [MT] IDELaunchParametersSnapshot: no debugger version
2026-06-01 06:28:28.624 xcodebuild[98098:8015918] [MT] IDELaunchParametersSnapshot: The operation couldn’t be completed. (DebuggerLLDB.DebuggerVersionStore.StoreError error 0.)
2026-06-01 06:28:28.624 xcodebuild[98098:8015918] [MT] IDELaunchParametersSnapshot: no debugger version
2026-06-01 06:28:33.611 xcodebuild[98098:8015918] [MT] IDETestOperationsObserverDebug: 17.728 elapsed -- Testing started completed.
2026-06-01 06:28:33.611 xcodebuild[98098:8015918] [MT] IDETestOperationsObserverDebug: 0.000 sec, +0.000 sec -- start
2026-06-01 06:28:33.611 xcodebuild[98098:8015918] [MT] IDETestOperationsObserverDebug: 17.728 sec, +17.728 sec -- end
