Command line invocation:
    /Applications/Xcode.app/Contents/Developer/usr/bin/xcodebuild test-without-building -project /Users/jojolim/Developer/products/speaklocal/app-family/.worktrees/city-listings-production-ready/native-ios/SpeakLocalNative.xcodeproj -scheme SpeakLocalNative -destination "platform=iOS Simulator,id=7C386DD3-4BF1-4A34-A918-768C43CD1258" -derivedDataPath /Users/jojolim/Library/Developer/XcodeBuildMCP/workspaces/orchestrator-309442864093/DerivedData/SpeakLocalNative-8f3e721625a0 "-only-testing:SpeakLocalNativeUITests/CityAppDetailV22RenderProofUITests/testCaptureCityAppDetailV22RenderProofBatch"

2026-06-01 06:57:28.320911+0700 SpeakLocalNativeUITests-Runner[27541:8140167] [Default] Running tests...
    t =      nans Interface orientation changed to Portrait
Test Suite 'Selected tests' started at 2026-06-01 06:57:28.689.
Test Suite 'SpeakLocalNativeUITests.xctest' started at 2026-06-01 06:57:28.689.
Test Suite 'CityAppDetailV22RenderProofUITests' started at 2026-06-01 06:57:28.689.
Test Case '-[SpeakLocalNativeUITests.CityAppDetailV22RenderProofUITests testCaptureCityAppDetailV22RenderProofBatch]' started.
    t =     0.00s Start Test at 2026-06-01 06:57:28.689
    t =     0.02s Set Up
    t =     0.02s Open app.speaklocal.vietnam.native
    t =     0.02s     Launch app.speaklocal.vietnam.native
objc[27541]: Class UIAccessibilityLoaderWebShared is implemented in both /Library/Developer/CoreSimulator/Volumes/iOS_23F77/Library/Developer/CoreSimulator/Profiles/Runtimes/iOS 26.5.simruntime/Contents/Resources/RuntimeRoot/System/Library/AccessibilityBundles/WebCore.axbundle/WebCore (0x108874310) and /Library/Developer/CoreSimulator/Volumes/iOS_23F77/Library/Developer/CoreSimulator/Profiles/Runtimes/iOS 26.5.simruntime/Contents/Resources/RuntimeRoot/System/Library/AccessibilityBundles/WebKit.axbundle/WebKit (0x10852c398). This may cause spurious casting failures and mysterious crashes. One of the duplicates must be removed or renamed.
    t =     1.88s         Setting up automation session
    t =     2.37s         Wait for app.speaklocal.vietnam.native to idle
    t =     3.93s Checking existence of `"Nhà hát Lớn Hà Nội" StaticText`
    t =     4.06s Waiting 8.0s for "Nhà hát Lớn Hà Nội" StaticText to exist
    t =     5.11s     Checking `Expect predicate `existsNoRetry == 1` for object "Nhà hát Lớn Hà Nội" StaticText`
    t =     5.11s         Checking existence of `"Nhà hát Lớn Hà Nội" StaticText`
    t =     5.29s Swipe up Target Application 'app.speaklocal.vietnam.native'
    t =     5.29s     Wait for app.speaklocal.vietnam.native to idle
    t =     5.29s     Find the Target Application 'app.speaklocal.vietnam.native'
    t =     5.30s     Check for interrupting elements affecting "SpeakLocal Vietnam" Application
    t =     5.32s     Synthesize event
    t =     5.74s     Wait for app.speaklocal.vietnam.native to idle
    t =     7.85s Swipe up Target Application 'app.speaklocal.vietnam.native'
    t =     7.85s     Wait for app.speaklocal.vietnam.native to idle
    t =     7.85s     Find the Target Application 'app.speaklocal.vietnam.native'
    t =     7.88s     Check for interrupting elements affecting "SpeakLocal Vietnam" Application
    t =     7.92s     Synthesize event
    t =     8.35s     Wait for app.speaklocal.vietnam.native to idle
    t =     9.28s Terminate app.speaklocal.vietnam.native:27620
    t =    10.35s Open app.speaklocal.vietnam.native
    t =    10.35s     Launch app.speaklocal.vietnam.native
    t =    10.56s         Setting up automation session
    t =    11.04s         Wait for app.speaklocal.vietnam.native to idle
    t =    12.52s Waiting 4.0s for TabBar (First Match) to exist
    t =    13.56s     Checking `Expect predicate `existsNoRetry == 1` for object TabBar (First Match)`
    t =    13.56s         Checking existence of `TabBar (First Match)`
    t =    13.61s Checking existence of `"PhraseArticle.BottomSentinel.viet-family-city-hanoi-place-opera-house" Other`
    t =    13.69s Checking existence of `"PhraseArticle.BottomSentinel.viet-phrase-city-hanoi-place-opera-house" Other`
    t =    13.72s Find the "PhraseArticle.BottomSentinel.viet-phrase-city-hanoi-place-opera-house" Other
    t =    13.74s Checking existence of `TabBar (First Match)`
    t =    13.75s Find the TabBar (First Match)
    t =    13.75s Find the Target Application 'app.speaklocal.vietnam.native'
    t =    13.85s Terminate app.speaklocal.vietnam.native:27709
    t =    14.91s Tear Down
Test Case '-[SpeakLocalNativeUITests.CityAppDetailV22RenderProofUITests testCaptureCityAppDetailV22RenderProofBatch]' passed (14.976 seconds).
Test Suite 'CityAppDetailV22RenderProofUITests' passed at 2026-06-01 06:57:43.667.
	 Executed 1 test, with 0 failures (0 unexpected) in 14.976 (14.978) seconds
Test Suite 'SpeakLocalNativeUITests.xctest' passed at 2026-06-01 06:57:43.668.
	 Executed 1 test, with 0 failures (0 unexpected) in 14.976 (14.979) seconds
Test Suite 'Selected tests' passed at 2026-06-01 06:57:43.668.
	 Executed 1 test, with 0 failures (0 unexpected) in 14.976 (14.980) seconds

Test session results, code coverage, and logs:
	/Users/jojolim/Library/Developer/XcodeBuildMCP/workspaces/orchestrator-309442864093/DerivedData/SpeakLocalNative-8f3e721625a0/Logs/Test/Test-SpeakLocalNative-2026.06.01_06-57-27-+0700.xcresult

** TEST EXECUTE SUCCEEDED **

Testing started

2026-06-01 06:57:28.748 xcodebuild[27539:8139984] [MT] IDELaunchParametersSnapshot: The operation couldn’t be completed. (DebuggerLLDB.DebuggerVersionStore.StoreError error 0.)
2026-06-01 06:57:28.748 xcodebuild[27539:8139984] [MT] IDELaunchParametersSnapshot: no debugger version
2026-06-01 06:57:39.038 xcodebuild[27539:8139984] [MT] IDELaunchParametersSnapshot: The operation couldn’t be completed. (DebuggerLLDB.DebuggerVersionStore.StoreError error 0.)
2026-06-01 06:57:39.038 xcodebuild[27539:8139984] [MT] IDELaunchParametersSnapshot: no debugger version
2026-06-01 06:57:43.967 xcodebuild[27539:8139984] [MT] IDETestOperationsObserverDebug: 16.443 elapsed -- Testing started completed.
2026-06-01 06:57:43.967 xcodebuild[27539:8139984] [MT] IDETestOperationsObserverDebug: 0.000 sec, +0.000 sec -- start
2026-06-01 06:57:43.967 xcodebuild[27539:8139984] [MT] IDETestOperationsObserverDebug: 16.443 sec, +16.443 sec -- end
