Command line invocation:
    /Applications/Xcode.app/Contents/Developer/usr/bin/xcodebuild test-without-building -project /Users/jojolim/Developer/products/speaklocal/app-family/.worktrees/city-listings-production-ready/native-ios/SpeakLocalNative.xcodeproj -scheme SpeakLocalNative -destination "platform=iOS Simulator,id=7C386DD3-4BF1-4A34-A918-768C43CD1258" -derivedDataPath /Users/jojolim/Library/Developer/XcodeBuildMCP/workspaces/orchestrator-309442864093/DerivedData/SpeakLocalNative-8f3e721625a0 "-only-testing:SpeakLocalNativeUITests/CityAppDetailV22RenderProofUITests/testCaptureCityAppDetailV22RenderProofBatch"

2026-06-01 03:42:34.576966+0700 SpeakLocalNativeUITests-Runner[68250:7299129] [Default] Running tests...
    t =      nans Interface orientation changed to Portrait
Test Suite 'Selected tests' started at 2026-06-01 03:42:34.946.
Test Suite 'SpeakLocalNativeUITests.xctest' started at 2026-06-01 03:42:34.946.
Test Suite 'CityAppDetailV22RenderProofUITests' started at 2026-06-01 03:42:34.946.
Test Case '-[SpeakLocalNativeUITests.CityAppDetailV22RenderProofUITests testCaptureCityAppDetailV22RenderProofBatch]' started.
    t =     0.00s Start Test at 2026-06-01 03:42:34.947
    t =     0.01s Set Up
    t =     0.02s Open app.speaklocal.vietnam.native
    t =     0.02s     Launch app.speaklocal.vietnam.native
objc[68250]: Class UIAccessibilityLoaderWebShared is implemented in both /Library/Developer/CoreSimulator/Volumes/iOS_23F77/Library/Developer/CoreSimulator/Profiles/Runtimes/iOS 26.5.simruntime/Contents/Resources/RuntimeRoot/System/Library/AccessibilityBundles/WebCore.axbundle/WebCore (0x10adc0310) and /Library/Developer/CoreSimulator/Volumes/iOS_23F77/Library/Developer/CoreSimulator/Profiles/Runtimes/iOS 26.5.simruntime/Contents/Resources/RuntimeRoot/System/Library/AccessibilityBundles/WebKit.axbundle/WebKit (0x10a25c398). This may cause spurious casting failures and mysterious crashes. One of the duplicates must be removed or renamed.
    t =     1.90s         Setting up automation session
    t =     2.29s         Wait for app.speaklocal.vietnam.native to idle
    t =     3.78s Checking existence of `"Chợ Đông Ba" StaticText`
    t =     3.93s Waiting 8.0s for "Chợ Đông Ba" StaticText to exist
    t =     4.98s     Checking `Expect predicate `existsNoRetry == 1` for object "Chợ Đông Ba" StaticText`
    t =     4.98s         Checking existence of `"Chợ Đông Ba" StaticText`
    t =     5.15s Swipe up Target Application 'app.speaklocal.vietnam.native'
    t =     5.15s     Wait for app.speaklocal.vietnam.native to idle
    t =     5.15s     Find the Target Application 'app.speaklocal.vietnam.native'
    t =     5.17s     Check for interrupting elements affecting "SpeakLocal Vietnam" Application
    t =     5.19s     Synthesize event
    t =     5.61s     Wait for app.speaklocal.vietnam.native to idle
    t =     7.71s Swipe up Target Application 'app.speaklocal.vietnam.native'
    t =     7.71s     Wait for app.speaklocal.vietnam.native to idle
    t =     7.71s     Find the Target Application 'app.speaklocal.vietnam.native'
    t =     7.73s     Check for interrupting elements affecting "SpeakLocal Vietnam" Application
    t =     7.76s     Synthesize event
    t =     8.17s     Wait for app.speaklocal.vietnam.native to idle
    t =    10.38s Terminate app.speaklocal.vietnam.native:68376
    t =    11.45s Open app.speaklocal.vietnam.native
    t =    11.45s     Launch app.speaklocal.vietnam.native
    t =    11.66s         Setting up automation session
    t =    12.13s         Wait for app.speaklocal.vietnam.native to idle
    t =    13.63s Waiting 4.0s for TabBar (First Match) to exist
    t =    14.65s     Checking `Expect predicate `existsNoRetry == 1` for object TabBar (First Match)`
    t =    14.66s         Checking existence of `TabBar (First Match)`
    t =    14.71s Checking existence of `"PhraseArticle.BottomSentinel.viet-family-city-hue-place-dong-ba" Other`
    t =    14.80s Checking existence of `"PhraseArticle.BottomSentinel.viet-phrase-city-hue-place-dong-ba" Other`
    t =    14.82s Find the "PhraseArticle.BottomSentinel.viet-phrase-city-hue-place-dong-ba" Other
    t =    14.85s Checking existence of `TabBar (First Match)`
    t =    14.85s Find the TabBar (First Match)
    t =    14.86s Find the Target Application 'app.speaklocal.vietnam.native'
    t =    14.97s Terminate app.speaklocal.vietnam.native:68532
    t =    16.02s Tear Down
Test Case '-[SpeakLocalNativeUITests.CityAppDetailV22RenderProofUITests testCaptureCityAppDetailV22RenderProofBatch]' passed (16.087 seconds).
Test Suite 'CityAppDetailV22RenderProofUITests' passed at 2026-06-01 03:42:51.035.
	 Executed 1 test, with 0 failures (0 unexpected) in 16.087 (16.089) seconds
Test Suite 'SpeakLocalNativeUITests.xctest' passed at 2026-06-01 03:42:51.036.
	 Executed 1 test, with 0 failures (0 unexpected) in 16.087 (16.090) seconds
Test Suite 'Selected tests' passed at 2026-06-01 03:42:51.037.
	 Executed 1 test, with 0 failures (0 unexpected) in 16.087 (16.091) seconds

Test session results, code coverage, and logs:
	/Users/jojolim/Library/Developer/XcodeBuildMCP/workspaces/orchestrator-309442864093/DerivedData/SpeakLocalNative-8f3e721625a0/Logs/Test/Test-SpeakLocalNative-2026.06.01_03-42-33-+0700.xcresult

** TEST EXECUTE SUCCEEDED **

Testing started

2026-06-01 03:42:35.004 xcodebuild[68246:7298966] [MT] IDELaunchParametersSnapshot: The operation couldn’t be completed. (DebuggerLLDB.DebuggerVersionStore.StoreError error 0.)
2026-06-01 03:42:35.004 xcodebuild[68246:7298966] [MT] IDELaunchParametersSnapshot: no debugger version
2026-06-01 03:42:46.398 xcodebuild[68246:7298966] [MT] IDELaunchParametersSnapshot: The operation couldn’t be completed. (DebuggerLLDB.DebuggerVersionStore.StoreError error 0.)
2026-06-01 03:42:46.398 xcodebuild[68246:7298966] [MT] IDELaunchParametersSnapshot: no debugger version
2026-06-01 03:42:51.329 xcodebuild[68246:7298966] [MT] IDETestOperationsObserverDebug: 17.535 elapsed -- Testing started completed.
2026-06-01 03:42:51.329 xcodebuild[68246:7298966] [MT] IDETestOperationsObserverDebug: 0.000 sec, +0.000 sec -- start
2026-06-01 03:42:51.329 xcodebuild[68246:7298966] [MT] IDETestOperationsObserverDebug: 17.535 sec, +17.535 sec -- end
