Command line invocation:
    /Applications/Xcode.app/Contents/Developer/usr/bin/xcodebuild test-without-building -project /Users/jojolim/Developer/products/speaklocal/app-family/.worktrees/city-listings-production-ready/native-ios/SpeakLocalNative.xcodeproj -scheme SpeakLocalNative -destination "platform=iOS Simulator,id=7C386DD3-4BF1-4A34-A918-768C43CD1258" -derivedDataPath /Users/jojolim/Library/Developer/XcodeBuildMCP/workspaces/orchestrator-309442864093/DerivedData/SpeakLocalNative-8f3e721625a0 "-only-testing:SpeakLocalNativeUITests/CityAppDetailV22RenderProofUITests/testCaptureCityAppDetailV22RenderProofBatch"

2026-06-01 04:26:35.929335+0700 SpeakLocalNativeUITests-Runner[22581:7488821] [Default] Running tests...
    t =      nans Interface orientation changed to Portrait
Test Suite 'Selected tests' started at 2026-06-01 04:26:36.300.
Test Suite 'SpeakLocalNativeUITests.xctest' started at 2026-06-01 04:26:36.300.
Test Suite 'CityAppDetailV22RenderProofUITests' started at 2026-06-01 04:26:36.300.
Test Case '-[SpeakLocalNativeUITests.CityAppDetailV22RenderProofUITests testCaptureCityAppDetailV22RenderProofBatch]' started.
    t =     0.00s Start Test at 2026-06-01 04:26:36.301
    t =     0.02s Set Up
    t =     0.02s Open app.speaklocal.vietnam.native
    t =     0.02s     Launch app.speaklocal.vietnam.native
objc[22581]: Class UIAccessibilityLoaderWebShared is implemented in both /Library/Developer/CoreSimulator/Volumes/iOS_23F77/Library/Developer/CoreSimulator/Profiles/Runtimes/iOS 26.5.simruntime/Contents/Resources/RuntimeRoot/System/Library/AccessibilityBundles/WebCore.axbundle/WebCore (0x10b08c310) and /Library/Developer/CoreSimulator/Volumes/iOS_23F77/Library/Developer/CoreSimulator/Profiles/Runtimes/iOS 26.5.simruntime/Contents/Resources/RuntimeRoot/System/Library/AccessibilityBundles/WebKit.axbundle/WebKit (0x10a92c398). This may cause spurious casting failures and mysterious crashes. One of the duplicates must be removed or renamed.
    t =     1.89s         Setting up automation session
    t =     2.43s         Wait for app.speaklocal.vietnam.native to idle
    t =     3.89s Checking existence of `"Cocobox" StaticText`
    t =     4.01s Waiting 8.0s for "Cocobox" StaticText to exist
    t =     5.08s     Checking `Expect predicate `existsNoRetry == 1` for object "Cocobox" StaticText`
    t =     5.08s         Checking existence of `"Cocobox" StaticText`
    t =     5.24s Swipe up Target Application 'app.speaklocal.vietnam.native'
    t =     5.24s     Wait for app.speaklocal.vietnam.native to idle
    t =     5.25s     Find the Target Application 'app.speaklocal.vietnam.native'
    t =     5.26s     Check for interrupting elements affecting "SpeakLocal Vietnam" Application
    t =     5.28s     Synthesize event
    t =     5.70s     Wait for app.speaklocal.vietnam.native to idle
    t =     7.80s Swipe up Target Application 'app.speaklocal.vietnam.native'
    t =     7.80s     Wait for app.speaklocal.vietnam.native to idle
    t =     7.80s     Find the Target Application 'app.speaklocal.vietnam.native'
    t =     7.82s     Check for interrupting elements affecting "SpeakLocal Vietnam" Application
    t =     7.84s     Synthesize event
    t =     8.26s     Wait for app.speaklocal.vietnam.native to idle
    t =     8.96s Terminate app.speaklocal.vietnam.native:22661
    t =    10.05s Open app.speaklocal.vietnam.native
    t =    10.05s     Launch app.speaklocal.vietnam.native
    t =    10.27s         Setting up automation session
    t =    10.77s         Wait for app.speaklocal.vietnam.native to idle
    t =    12.26s Waiting 4.0s for TabBar (First Match) to exist
    t =    13.32s     Checking `Expect predicate `existsNoRetry == 1` for object TabBar (First Match)`
    t =    13.32s         Checking existence of `TabBar (First Match)`
    t =    13.38s Checking existence of `"PhraseArticle.BottomSentinel.viet-family-city-hoian-place-cocobox" Other`
    t =    13.47s Checking existence of `"PhraseArticle.BottomSentinel.viet-phrase-city-hoian-place-cocobox" Other`
    t =    13.49s Find the "PhraseArticle.BottomSentinel.viet-phrase-city-hoian-place-cocobox" Other
    t =    13.51s Checking existence of `TabBar (First Match)`
    t =    13.52s Find the TabBar (First Match)
    t =    13.52s Find the Target Application 'app.speaklocal.vietnam.native'
    t =    13.62s Terminate app.speaklocal.vietnam.native:22747
    t =    14.71s Tear Down
Test Case '-[SpeakLocalNativeUITests.CityAppDetailV22RenderProofUITests testCaptureCityAppDetailV22RenderProofBatch]' passed (14.762 seconds).
Test Suite 'CityAppDetailV22RenderProofUITests' passed at 2026-06-01 04:26:51.064.
	 Executed 1 test, with 0 failures (0 unexpected) in 14.762 (14.763) seconds
Test Suite 'SpeakLocalNativeUITests.xctest' passed at 2026-06-01 04:26:51.065.
	 Executed 1 test, with 0 failures (0 unexpected) in 14.762 (14.765) seconds
Test Suite 'Selected tests' passed at 2026-06-01 04:26:51.066.
	 Executed 1 test, with 0 failures (0 unexpected) in 14.762 (14.766) seconds

Test session results, code coverage, and logs:
	/Users/jojolim/Library/Developer/XcodeBuildMCP/workspaces/orchestrator-309442864093/DerivedData/SpeakLocalNative-8f3e721625a0/Logs/Test/Test-SpeakLocalNative-2026.06.01_04-26-34-+0700.xcresult

** TEST EXECUTE SUCCEEDED **

Testing started

2026-06-01 04:26:36.362 xcodebuild[22579:7488669] [MT] IDELaunchParametersSnapshot: The operation couldn’t be completed. (DebuggerLLDB.DebuggerVersionStore.StoreError error 0.)
2026-06-01 04:26:36.362 xcodebuild[22579:7488669] [MT] IDELaunchParametersSnapshot: no debugger version
2026-06-01 04:26:46.357 xcodebuild[22579:7488669] [MT] IDELaunchParametersSnapshot: The operation couldn’t be completed. (DebuggerLLDB.DebuggerVersionStore.StoreError error 0.)
2026-06-01 04:26:46.357 xcodebuild[22579:7488669] [MT] IDELaunchParametersSnapshot: no debugger version
2026-06-01 04:26:51.370 xcodebuild[22579:7488669] [MT] IDETestOperationsObserverDebug: 16.240 elapsed -- Testing started completed.
2026-06-01 04:26:51.370 xcodebuild[22579:7488669] [MT] IDETestOperationsObserverDebug: 0.000 sec, +0.000 sec -- start
2026-06-01 04:26:51.370 xcodebuild[22579:7488669] [MT] IDETestOperationsObserverDebug: 16.240 sec, +16.240 sec -- end
