Command line invocation:
    /Applications/Xcode.app/Contents/Developer/usr/bin/xcodebuild test-without-building -project /Users/jojolim/Developer/products/speaklocal/app-family/.worktrees/city-listings-production-ready/native-ios/SpeakLocalNative.xcodeproj -scheme SpeakLocalNative -destination "platform=iOS Simulator,id=7C386DD3-4BF1-4A34-A918-768C43CD1258" -derivedDataPath /Users/jojolim/Library/Developer/XcodeBuildMCP/workspaces/orchestrator-309442864093/DerivedData/SpeakLocalNative-8f3e721625a0 "-only-testing:SpeakLocalNativeUITests/CityAppDetailV22RenderProofUITests/testCaptureCityAppDetailV22RenderProofBatch"

2026-06-01 02:53:17.273966+0700 SpeakLocalNativeUITests-Runner[12209:7122255] [Default] Running tests...
    t =      nans Interface orientation changed to Portrait
Test Suite 'Selected tests' started at 2026-06-01 02:53:17.828.
Test Suite 'SpeakLocalNativeUITests.xctest' started at 2026-06-01 02:53:17.829.
Test Suite 'CityAppDetailV22RenderProofUITests' started at 2026-06-01 02:53:17.829.
Test Case '-[SpeakLocalNativeUITests.CityAppDetailV22RenderProofUITests testCaptureCityAppDetailV22RenderProofBatch]' started.
    t =     0.00s Start Test at 2026-06-01 02:53:17.829
    t =     0.02s Set Up
    t =     0.02s Open app.speaklocal.vietnam.native
    t =     0.02s     Launch app.speaklocal.vietnam.native
objc[12209]: Class UIAccessibilityLoaderWebShared is implemented in both /Library/Developer/CoreSimulator/Volumes/iOS_23F77/Library/Developer/CoreSimulator/Profiles/Runtimes/iOS 26.5.simruntime/Contents/Resources/RuntimeRoot/System/Library/AccessibilityBundles/WebCore.axbundle/WebCore (0x108e48310) and /Library/Developer/CoreSimulator/Volumes/iOS_23F77/Library/Developer/CoreSimulator/Profiles/Runtimes/iOS 26.5.simruntime/Contents/Resources/RuntimeRoot/System/Library/AccessibilityBundles/WebKit.axbundle/WebKit (0x1082c4398). This may cause spurious casting failures and mysterious crashes. One of the duplicates must be removed or renamed.
    t =     2.74s         Setting up automation session
    t =     3.52s         Wait for app.speaklocal.vietnam.native to idle
    t =     5.38s Checking existence of `"Coco Dining" StaticText`
    t =     5.63s Waiting 8.0s for "Coco Dining" StaticText to exist
    t =     6.71s     Checking `Expect predicate `existsNoRetry == 1` for object "Coco Dining" StaticText`
    t =     6.71s         Checking existence of `"Coco Dining" StaticText`
    t =     6.86s Swipe up Target Application 'app.speaklocal.vietnam.native'
    t =     6.86s     Wait for app.speaklocal.vietnam.native to idle
    t =     6.86s     Find the Target Application 'app.speaklocal.vietnam.native'
    t =     6.88s     Check for interrupting elements affecting "SpeakLocal Vietnam" Application
    t =     6.91s     Synthesize event
    t =     7.33s     Wait for app.speaklocal.vietnam.native to idle
    t =     9.45s Swipe up Target Application 'app.speaklocal.vietnam.native'
    t =     9.45s     Wait for app.speaklocal.vietnam.native to idle
    t =     9.45s     Find the Target Application 'app.speaklocal.vietnam.native'
    t =     9.47s     Check for interrupting elements affecting "SpeakLocal Vietnam" Application
    t =     9.50s     Synthesize event
    t =     9.92s     Wait for app.speaklocal.vietnam.native to idle
    t =    10.56s Terminate app.speaklocal.vietnam.native:12285
    t =    11.67s Open app.speaklocal.vietnam.native
    t =    11.67s     Launch app.speaklocal.vietnam.native
    t =    11.88s         Setting up automation session
    t =    12.52s         Wait for app.speaklocal.vietnam.native to idle
    t =    14.30s Waiting 4.0s for TabBar (First Match) to exist
    t =    15.37s     Checking `Expect predicate `existsNoRetry == 1` for object TabBar (First Match)`
    t =    15.37s         Checking existence of `TabBar (First Match)`
    t =    15.42s Checking existence of `"PhraseArticle.BottomSentinel.viet-family-city-hcmc-place-coco-dining" Other`
    t =    15.53s Checking existence of `"PhraseArticle.BottomSentinel.viet-phrase-city-hcmc-place-coco-dining" Other`
    t =    15.55s Find the "PhraseArticle.BottomSentinel.viet-phrase-city-hcmc-place-coco-dining" Other
    t =    15.58s Checking existence of `TabBar (First Match)`
    t =    15.59s Find the TabBar (First Match)
    t =    15.60s Find the Target Application 'app.speaklocal.vietnam.native'
    t =    15.71s Terminate app.speaklocal.vietnam.native:12376
    t =    16.80s Tear Down
Test Case '-[SpeakLocalNativeUITests.CityAppDetailV22RenderProofUITests testCaptureCityAppDetailV22RenderProofBatch]' passed (16.857 seconds).
Test Suite 'CityAppDetailV22RenderProofUITests' passed at 2026-06-01 02:53:34.686.
	 Executed 1 test, with 0 failures (0 unexpected) in 16.857 (16.858) seconds
Test Suite 'SpeakLocalNativeUITests.xctest' passed at 2026-06-01 02:53:34.687.
	 Executed 1 test, with 0 failures (0 unexpected) in 16.857 (16.858) seconds
Test Suite 'Selected tests' passed at 2026-06-01 02:53:34.687.
	 Executed 1 test, with 0 failures (0 unexpected) in 16.857 (16.859) seconds

Test session results, code coverage, and logs:
	/Users/jojolim/Library/Developer/XcodeBuildMCP/workspaces/orchestrator-309442864093/DerivedData/SpeakLocalNative-8f3e721625a0/Logs/Test/Test-SpeakLocalNative-2026.06.01_02-53-15-+0700.xcresult

** TEST EXECUTE SUCCEEDED **

Testing started

2026-06-01 02:53:17.889 xcodebuild[12191:7122066] [MT] IDELaunchParametersSnapshot: The operation couldn’t be completed. (DebuggerLLDB.DebuggerVersionStore.StoreError error 0.)
2026-06-01 02:53:17.889 xcodebuild[12191:7122066] [MT] IDELaunchParametersSnapshot: no debugger version
2026-06-01 02:53:29.498 xcodebuild[12191:7122066] [MT] IDELaunchParametersSnapshot: The operation couldn’t be completed. (DebuggerLLDB.DebuggerVersionStore.StoreError error 0.)
2026-06-01 02:53:29.498 xcodebuild[12191:7122066] [MT] IDELaunchParametersSnapshot: no debugger version
2026-06-01 02:53:34.985 xcodebuild[12191:7122066] [MT] IDETestOperationsObserverDebug: 18.889 elapsed -- Testing started completed.
2026-06-01 02:53:34.985 xcodebuild[12191:7122066] [MT] IDETestOperationsObserverDebug: 0.000 sec, +0.000 sec -- start
2026-06-01 02:53:34.985 xcodebuild[12191:7122066] [MT] IDETestOperationsObserverDebug: 18.889 sec, +18.889 sec -- end
