Command line invocation:
    /Applications/Xcode.app/Contents/Developer/usr/bin/xcodebuild test-without-building -project /Users/jojolim/Developer/products/speaklocal/app-family/.worktrees/city-listings-production-ready/native-ios/SpeakLocalNative.xcodeproj -scheme SpeakLocalNative -destination "platform=iOS Simulator,id=7C386DD3-4BF1-4A34-A918-768C43CD1258" -derivedDataPath /Users/jojolim/Library/Developer/XcodeBuildMCP/workspaces/orchestrator-309442864093/DerivedData/SpeakLocalNative-8f3e721625a0 "-only-testing:SpeakLocalNativeUITests/CityAppDetailV22RenderProofUITests/testCaptureCityAppDetailV22RenderProofBatch"

2026-06-01 06:43:30.072339+0700 SpeakLocalNativeUITests-Runner[12708:8082465] [Default] Running tests...
    t =      nans Interface orientation changed to Portrait
Test Suite 'Selected tests' started at 2026-06-01 06:43:30.441.
Test Suite 'SpeakLocalNativeUITests.xctest' started at 2026-06-01 06:43:30.442.
Test Suite 'CityAppDetailV22RenderProofUITests' started at 2026-06-01 06:43:30.442.
Test Case '-[SpeakLocalNativeUITests.CityAppDetailV22RenderProofUITests testCaptureCityAppDetailV22RenderProofBatch]' started.
    t =     0.00s Start Test at 2026-06-01 06:43:30.442
    t =     0.02s Set Up
    t =     0.02s Open app.speaklocal.vietnam.native
    t =     0.02s     Launch app.speaklocal.vietnam.native
objc[12708]: Class UIAccessibilityLoaderWebShared is implemented in both /Library/Developer/CoreSimulator/Volumes/iOS_23F77/Library/Developer/CoreSimulator/Profiles/Runtimes/iOS 26.5.simruntime/Contents/Resources/RuntimeRoot/System/Library/AccessibilityBundles/WebCore.axbundle/WebCore (0x10aa94310) and /Library/Developer/CoreSimulator/Volumes/iOS_23F77/Library/Developer/CoreSimulator/Profiles/Runtimes/iOS 26.5.simruntime/Contents/Resources/RuntimeRoot/System/Library/AccessibilityBundles/WebKit.axbundle/WebKit (0x109f00398). This may cause spurious casting failures and mysterious crashes. One of the duplicates must be removed or renamed.
    t =     1.88s         Setting up automation session
    t =     2.30s         Wait for app.speaklocal.vietnam.native to idle
    t =     3.79s Checking existence of `"Hội quán Phúc Kiến" StaticText`
    t =     3.93s Waiting 8.0s for "Hội quán Phúc Kiến" StaticText to exist
    t =     4.98s     Checking `Expect predicate `existsNoRetry == 1` for object "Hội quán Phúc Kiến" StaticText`
    t =     4.98s         Checking existence of `"Hội quán Phúc Kiến" StaticText`
    t =     5.11s Swipe up Target Application 'app.speaklocal.vietnam.native'
    t =     5.11s     Wait for app.speaklocal.vietnam.native to idle
    t =     5.11s     Find the Target Application 'app.speaklocal.vietnam.native'
    t =     5.13s     Check for interrupting elements affecting "SpeakLocal Vietnam" Application
    t =     5.15s     Synthesize event
    t =     5.57s     Wait for app.speaklocal.vietnam.native to idle
    t =     7.66s Swipe up Target Application 'app.speaklocal.vietnam.native'
    t =     7.66s     Wait for app.speaklocal.vietnam.native to idle
    t =     7.67s     Find the Target Application 'app.speaklocal.vietnam.native'
    t =     7.69s     Check for interrupting elements affecting "SpeakLocal Vietnam" Application
    t =     7.72s     Synthesize event
    t =     8.14s     Wait for app.speaklocal.vietnam.native to idle
    t =     9.15s Terminate app.speaklocal.vietnam.native:12790
    t =    10.21s Open app.speaklocal.vietnam.native
    t =    10.22s     Launch app.speaklocal.vietnam.native
    t =    10.43s         Setting up automation session
    t =    10.91s         Wait for app.speaklocal.vietnam.native to idle
    t =    12.39s Waiting 4.0s for TabBar (First Match) to exist
    t =    13.44s     Checking `Expect predicate `existsNoRetry == 1` for object TabBar (First Match)`
    t =    13.45s         Checking existence of `TabBar (First Match)`
    t =    13.50s Checking existence of `"PhraseArticle.BottomSentinel.viet-family-city-hoian-place-fujian-assembly-hall" Other`
    t =    13.58s Checking existence of `"PhraseArticle.BottomSentinel.viet-phrase-city-hoian-place-fujian-assembly-hall" Other`
    t =    13.60s Find the "PhraseArticle.BottomSentinel.viet-phrase-city-hoian-place-fujian-assembly-hall" Other
    t =    13.63s Checking existence of `TabBar (First Match)`
    t =    13.64s Find the TabBar (First Match)
    t =    13.64s Find the Target Application 'app.speaklocal.vietnam.native'
    t =    13.74s Terminate app.speaklocal.vietnam.native:12882
    t =    14.80s Tear Down
Test Case '-[SpeakLocalNativeUITests.CityAppDetailV22RenderProofUITests testCaptureCityAppDetailV22RenderProofBatch]' passed (14.879 seconds).
Test Suite 'CityAppDetailV22RenderProofUITests' passed at 2026-06-01 06:43:45.321.
	 Executed 1 test, with 0 failures (0 unexpected) in 14.879 (14.880) seconds
Test Suite 'SpeakLocalNativeUITests.xctest' passed at 2026-06-01 06:43:45.322.
	 Executed 1 test, with 0 failures (0 unexpected) in 14.879 (14.880) seconds
Test Suite 'Selected tests' passed at 2026-06-01 06:43:45.322.
	 Executed 1 test, with 0 failures (0 unexpected) in 14.879 (14.881) seconds

Test session results, code coverage, and logs:
	/Users/jojolim/Library/Developer/XcodeBuildMCP/workspaces/orchestrator-309442864093/DerivedData/SpeakLocalNative-8f3e721625a0/Logs/Test/Test-SpeakLocalNative-2026.06.01_06-43-29-+0700.xcresult

** TEST EXECUTE SUCCEEDED **

Testing started

2026-06-01 06:43:30.500 xcodebuild[12705:8082299] [MT] IDELaunchParametersSnapshot: The operation couldn’t be completed. (DebuggerLLDB.DebuggerVersionStore.StoreError error 0.)
2026-06-01 06:43:30.500 xcodebuild[12705:8082299] [MT] IDELaunchParametersSnapshot: no debugger version
2026-06-01 06:43:40.661 xcodebuild[12705:8082299] [MT] IDELaunchParametersSnapshot: The operation couldn’t be completed. (DebuggerLLDB.DebuggerVersionStore.StoreError error 0.)
2026-06-01 06:43:40.661 xcodebuild[12705:8082299] [MT] IDELaunchParametersSnapshot: no debugger version
2026-06-01 06:43:45.615 xcodebuild[12705:8082299] [MT] IDETestOperationsObserverDebug: 16.341 elapsed -- Testing started completed.
2026-06-01 06:43:45.615 xcodebuild[12705:8082299] [MT] IDETestOperationsObserverDebug: 0.000 sec, +0.000 sec -- start
2026-06-01 06:43:45.615 xcodebuild[12705:8082299] [MT] IDETestOperationsObserverDebug: 16.341 sec, +16.341 sec -- end
