Command line invocation:
    /Applications/Xcode.app/Contents/Developer/usr/bin/xcodebuild test-without-building -project /Users/jojolim/Developer/products/speaklocal/app-family/.worktrees/city-listings-production-ready/native-ios/SpeakLocalNative.xcodeproj -scheme SpeakLocalNative -destination "platform=iOS Simulator,id=7C386DD3-4BF1-4A34-A918-768C43CD1258" -derivedDataPath /Users/jojolim/Library/Developer/XcodeBuildMCP/workspaces/orchestrator-309442864093/DerivedData/SpeakLocalNative-8f3e721625a0 "-only-testing:SpeakLocalNativeUITests/CityAppDetailV22RenderProofUITests/testCaptureCityAppDetailV22RenderProofBatch"

2026-06-01 04:27:10.084255+0700 SpeakLocalNativeUITests-Runner[23133:7491266] [Default] Running tests...
    t =      nans Interface orientation changed to Portrait
Test Suite 'Selected tests' started at 2026-06-01 04:27:10.456.
Test Suite 'SpeakLocalNativeUITests.xctest' started at 2026-06-01 04:27:10.456.
Test Suite 'CityAppDetailV22RenderProofUITests' started at 2026-06-01 04:27:10.456.
Test Case '-[SpeakLocalNativeUITests.CityAppDetailV22RenderProofUITests testCaptureCityAppDetailV22RenderProofBatch]' started.
    t =     0.00s Start Test at 2026-06-01 04:27:10.456
    t =     0.02s Set Up
    t =     0.02s Open app.speaklocal.vietnam.native
    t =     0.02s     Launch app.speaklocal.vietnam.native
objc[23133]: Class UIAccessibilityLoaderWebShared is implemented in both /Library/Developer/CoreSimulator/Volumes/iOS_23F77/Library/Developer/CoreSimulator/Profiles/Runtimes/iOS 26.5.simruntime/Contents/Resources/RuntimeRoot/System/Library/AccessibilityBundles/WebCore.axbundle/WebCore (0x10601c310) and /Library/Developer/CoreSimulator/Volumes/iOS_23F77/Library/Developer/CoreSimulator/Profiles/Runtimes/iOS 26.5.simruntime/Contents/Resources/RuntimeRoot/System/Library/AccessibilityBundles/WebKit.axbundle/WebKit (0x1058a0398). This may cause spurious casting failures and mysterious crashes. One of the duplicates must be removed or renamed.
    t =     1.90s         Setting up automation session
    t =     2.29s         Wait for app.speaklocal.vietnam.native to idle
    t =     3.78s Checking existence of `"Quận Hải Châu" StaticText`
    t =     3.93s Waiting 8.0s for "Quận Hải Châu" StaticText to exist
    t =     5.00s     Checking `Expect predicate `existsNoRetry == 1` for object "Quận Hải Châu" StaticText`
    t =     5.00s         Checking existence of `"Quận Hải Châu" StaticText`
    t =     5.16s Swipe up Target Application 'app.speaklocal.vietnam.native'
    t =     5.16s     Wait for app.speaklocal.vietnam.native to idle
    t =     5.17s     Find the Target Application 'app.speaklocal.vietnam.native'
    t =     5.18s     Check for interrupting elements affecting "SpeakLocal Vietnam" Application
    t =     5.20s     Synthesize event
    t =     5.62s     Wait for app.speaklocal.vietnam.native to idle
    t =     7.73s Swipe up Target Application 'app.speaklocal.vietnam.native'
    t =     7.73s     Wait for app.speaklocal.vietnam.native to idle
    t =     7.73s     Find the Target Application 'app.speaklocal.vietnam.native'
    t =     7.76s     Check for interrupting elements affecting "SpeakLocal Vietnam" Application
    t =     7.79s     Synthesize event
    t =     8.21s     Wait for app.speaklocal.vietnam.native to idle
    t =     9.10s Terminate app.speaklocal.vietnam.native:23212
    t =    10.20s Open app.speaklocal.vietnam.native
    t =    10.20s     Launch app.speaklocal.vietnam.native
    t =    10.41s         Setting up automation session
    t =    10.89s         Wait for app.speaklocal.vietnam.native to idle
    t =    12.36s Waiting 4.0s for TabBar (First Match) to exist
    t =    13.43s     Checking `Expect predicate `existsNoRetry == 1` for object TabBar (First Match)`
    t =    13.43s         Checking existence of `TabBar (First Match)`
    t =    13.49s Checking existence of `"PhraseArticle.BottomSentinel.viet-family-city-danang-place-hai-chau-district" Other`
    t =    13.57s Checking existence of `"PhraseArticle.BottomSentinel.viet-phrase-city-danang-place-hai-chau-district" Other`
    t =    13.59s Find the "PhraseArticle.BottomSentinel.viet-phrase-city-danang-place-hai-chau-district" Other
    t =    13.62s Checking existence of `TabBar (First Match)`
    t =    13.62s Find the TabBar (First Match)
    t =    13.63s Find the Target Application 'app.speaklocal.vietnam.native'
    t =    13.72s Terminate app.speaklocal.vietnam.native:23301
    t =    14.81s Tear Down
Test Case '-[SpeakLocalNativeUITests.CityAppDetailV22RenderProofUITests testCaptureCityAppDetailV22RenderProofBatch]' passed (14.895 seconds).
Test Suite 'CityAppDetailV22RenderProofUITests' passed at 2026-06-01 04:27:25.353.
	 Executed 1 test, with 0 failures (0 unexpected) in 14.895 (14.897) seconds
Test Suite 'SpeakLocalNativeUITests.xctest' passed at 2026-06-01 04:27:25.354.
	 Executed 1 test, with 0 failures (0 unexpected) in 14.895 (14.898) seconds
Test Suite 'Selected tests' passed at 2026-06-01 04:27:25.354.
	 Executed 1 test, with 0 failures (0 unexpected) in 14.895 (14.899) seconds

Test session results, code coverage, and logs:
	/Users/jojolim/Library/Developer/XcodeBuildMCP/workspaces/orchestrator-309442864093/DerivedData/SpeakLocalNative-8f3e721625a0/Logs/Test/Test-SpeakLocalNative-2026.06.01_04-27-09-+0700.xcresult

** TEST EXECUTE SUCCEEDED **

Testing started

2026-06-01 04:27:10.520 xcodebuild[23130:7491105] [MT] IDELaunchParametersSnapshot: The operation couldn’t be completed. (DebuggerLLDB.DebuggerVersionStore.StoreError error 0.)
2026-06-01 04:27:10.520 xcodebuild[23130:7491105] [MT] IDELaunchParametersSnapshot: no debugger version
2026-06-01 04:27:20.657 xcodebuild[23130:7491105] [MT] IDELaunchParametersSnapshot: The operation couldn’t be completed. (DebuggerLLDB.DebuggerVersionStore.StoreError error 0.)
2026-06-01 04:27:20.657 xcodebuild[23130:7491105] [MT] IDELaunchParametersSnapshot: no debugger version
2026-06-01 04:27:25.661 xcodebuild[23130:7491105] [MT] IDETestOperationsObserverDebug: 16.401 elapsed -- Testing started completed.
2026-06-01 04:27:25.661 xcodebuild[23130:7491105] [MT] IDETestOperationsObserverDebug: 0.000 sec, +0.000 sec -- start
2026-06-01 04:27:25.661 xcodebuild[23130:7491105] [MT] IDETestOperationsObserverDebug: 16.401 sec, +16.401 sec -- end
