Command line invocation:
    /Applications/Xcode.app/Contents/Developer/usr/bin/xcodebuild test-without-building -project /Users/jojolim/Developer/products/speaklocal/app-family/.worktrees/city-listings-production-ready/native-ios/SpeakLocalNative.xcodeproj -scheme SpeakLocalNative -destination "platform=iOS Simulator,id=7C386DD3-4BF1-4A34-A918-768C43CD1258" -derivedDataPath /Users/jojolim/Library/Developer/XcodeBuildMCP/workspaces/orchestrator-309442864093/DerivedData/SpeakLocalNative-8f3e721625a0 "-only-testing:SpeakLocalNativeUITests/CityAppDetailV22RenderProofUITests/testCaptureCityAppDetailV22RenderProofBatch"

2026-06-01 04:55:12.239617+0700 SpeakLocalNativeUITests-Runner[55476:7608217] [Default] Running tests...
    t =      nans Interface orientation changed to Portrait
Test Suite 'Selected tests' started at 2026-06-01 04:55:12.604.
Test Suite 'SpeakLocalNativeUITests.xctest' started at 2026-06-01 04:55:12.604.
Test Suite 'CityAppDetailV22RenderProofUITests' started at 2026-06-01 04:55:12.604.
Test Case '-[SpeakLocalNativeUITests.CityAppDetailV22RenderProofUITests testCaptureCityAppDetailV22RenderProofBatch]' started.
    t =     0.00s Start Test at 2026-06-01 04:55:12.604
    t =     0.02s Set Up
    t =     0.02s Open app.speaklocal.vietnam.native
    t =     0.02s     Launch app.speaklocal.vietnam.native
objc[55476]: Class UIAccessibilityLoaderWebShared is implemented in both /Library/Developer/CoreSimulator/Volumes/iOS_23F77/Library/Developer/CoreSimulator/Profiles/Runtimes/iOS 26.5.simruntime/Contents/Resources/RuntimeRoot/System/Library/AccessibilityBundles/WebCore.axbundle/WebCore (0x106a30310) and /Library/Developer/CoreSimulator/Volumes/iOS_23F77/Library/Developer/CoreSimulator/Profiles/Runtimes/iOS 26.5.simruntime/Contents/Resources/RuntimeRoot/System/Library/AccessibilityBundles/WebKit.axbundle/WebKit (0x106380398). This may cause spurious casting failures and mysterious crashes. One of the duplicates must be removed or renamed.
    t =     1.69s         Setting up automation session
    t =     2.22s         Wait for app.speaklocal.vietnam.native to idle
    t =     3.76s Checking existence of `"Cầu Vàng" StaticText`
    t =     3.94s Waiting 8.0s for "Cầu Vàng" StaticText to exist
    t =     5.01s     Checking `Expect predicate `existsNoRetry == 1` for object "Cầu Vàng" StaticText`
    t =     5.01s         Checking existence of `"Cầu Vàng" StaticText`
    t =     5.18s Swipe up Target Application 'app.speaklocal.vietnam.native'
    t =     5.18s     Wait for app.speaklocal.vietnam.native to idle
    t =     5.19s     Find the Target Application 'app.speaklocal.vietnam.native'
    t =     5.20s     Check for interrupting elements affecting "SpeakLocal Vietnam" Application
    t =     5.22s     Synthesize event
    t =     5.64s     Wait for app.speaklocal.vietnam.native to idle
    t =     7.75s Swipe up Target Application 'app.speaklocal.vietnam.native'
    t =     7.75s     Wait for app.speaklocal.vietnam.native to idle
    t =     7.75s     Find the Target Application 'app.speaklocal.vietnam.native'
    t =     7.78s     Check for interrupting elements affecting "SpeakLocal Vietnam" Application
    t =     7.81s     Synthesize event
    t =     8.23s     Wait for app.speaklocal.vietnam.native to idle
    t =     9.06s Terminate app.speaklocal.vietnam.native:55485
    t =    10.16s Open app.speaklocal.vietnam.native
    t =    10.16s     Launch app.speaklocal.vietnam.native
    t =    10.37s         Setting up automation session
    t =    10.87s         Wait for app.speaklocal.vietnam.native to idle
    t =    12.39s Waiting 4.0s for TabBar (First Match) to exist
    t =    13.46s     Checking `Expect predicate `existsNoRetry == 1` for object TabBar (First Match)`
    t =    13.47s         Checking existence of `TabBar (First Match)`
    t =    13.53s Checking existence of `"PhraseArticle.BottomSentinel.viet-family-city-danang-place-golden-bridge" Other`
    t =    13.62s Checking existence of `"PhraseArticle.BottomSentinel.viet-phrase-city-danang-place-golden-bridge" Other`
    t =    13.64s Find the "PhraseArticle.BottomSentinel.viet-phrase-city-danang-place-golden-bridge" Other
    t =    13.66s Checking existence of `TabBar (First Match)`
    t =    13.67s Find the TabBar (First Match)
    t =    13.68s Find the Target Application 'app.speaklocal.vietnam.native'
    t =    13.78s Terminate app.speaklocal.vietnam.native:55669
    t =    14.87s Tear Down
Test Case '-[SpeakLocalNativeUITests.CityAppDetailV22RenderProofUITests testCaptureCityAppDetailV22RenderProofBatch]' passed (14.928 seconds).
Test Suite 'CityAppDetailV22RenderProofUITests' passed at 2026-06-01 04:55:27.534.
	 Executed 1 test, with 0 failures (0 unexpected) in 14.928 (14.930) seconds
Test Suite 'SpeakLocalNativeUITests.xctest' passed at 2026-06-01 04:55:27.535.
	 Executed 1 test, with 0 failures (0 unexpected) in 14.928 (14.931) seconds
Test Suite 'Selected tests' passed at 2026-06-01 04:55:27.535.
	 Executed 1 test, with 0 failures (0 unexpected) in 14.928 (14.932) seconds

Test session results, code coverage, and logs:
	/Users/jojolim/Library/Developer/XcodeBuildMCP/workspaces/orchestrator-309442864093/DerivedData/SpeakLocalNative-8f3e721625a0/Logs/Test/Test-SpeakLocalNative-2026.06.01_04-55-11-+0700.xcresult

** TEST EXECUTE SUCCEEDED **

Testing started

2026-06-01 04:55:12.662 xcodebuild[55474:7608010] [MT] IDELaunchParametersSnapshot: The operation couldn’t be completed. (DebuggerLLDB.DebuggerVersionStore.StoreError error 0.)
2026-06-01 04:55:12.662 xcodebuild[55474:7608010] [MT] IDELaunchParametersSnapshot: no debugger version
2026-06-01 04:55:22.767 xcodebuild[55474:7608010] [MT] IDELaunchParametersSnapshot: The operation couldn’t be completed. (DebuggerLLDB.DebuggerVersionStore.StoreError error 0.)
2026-06-01 04:55:22.767 xcodebuild[55474:7608010] [MT] IDELaunchParametersSnapshot: no debugger version
2026-06-01 04:55:27.845 xcodebuild[55474:7608010] [MT] IDETestOperationsObserverDebug: 16.390 elapsed -- Testing started completed.
2026-06-01 04:55:27.845 xcodebuild[55474:7608010] [MT] IDETestOperationsObserverDebug: 0.000 sec, +0.000 sec -- start
2026-06-01 04:55:27.845 xcodebuild[55474:7608010] [MT] IDETestOperationsObserverDebug: 16.390 sec, +16.390 sec -- end
