Command line invocation:
    /Applications/Xcode.app/Contents/Developer/usr/bin/xcodebuild test-without-building -project /Users/jojolim/Developer/products/speaklocal/app-family/.worktrees/city-listings-production-ready/native-ios/SpeakLocalNative.xcodeproj -scheme SpeakLocalNative -destination "platform=iOS Simulator,id=7C386DD3-4BF1-4A34-A918-768C43CD1258" -derivedDataPath /Users/jojolim/Library/Developer/XcodeBuildMCP/workspaces/orchestrator-309442864093/DerivedData/SpeakLocalNative-8f3e721625a0 "-only-testing:SpeakLocalNativeUITests/CityAppDetailV22RenderProofUITests/testCaptureCityAppDetailV22RenderProofBatch"

2026-06-01 02:50:54.030272+0700 SpeakLocalNativeUITests-Runner[10167:7112204] [Default] Running tests...
    t =      nans Interface orientation changed to Portrait
Test Suite 'Selected tests' started at 2026-06-01 02:50:54.560.
Test Suite 'SpeakLocalNativeUITests.xctest' started at 2026-06-01 02:50:54.561.
Test Suite 'CityAppDetailV22RenderProofUITests' started at 2026-06-01 02:50:54.561.
Test Case '-[SpeakLocalNativeUITests.CityAppDetailV22RenderProofUITests testCaptureCityAppDetailV22RenderProofBatch]' started.
    t =     0.00s Start Test at 2026-06-01 02:50:54.561
    t =     0.02s Set Up
    t =     0.03s Open app.speaklocal.vietnam.native
    t =     0.03s     Launch app.speaklocal.vietnam.native
objc[10167]: Class UIAccessibilityLoaderWebShared is implemented in both /Library/Developer/CoreSimulator/Volumes/iOS_23F77/Library/Developer/CoreSimulator/Profiles/Runtimes/iOS 26.5.simruntime/Contents/Resources/RuntimeRoot/System/Library/AccessibilityBundles/WebCore.axbundle/WebCore (0x10a2b0310) and /Library/Developer/CoreSimulator/Volumes/iOS_23F77/Library/Developer/CoreSimulator/Profiles/Runtimes/iOS 26.5.simruntime/Contents/Resources/RuntimeRoot/System/Library/AccessibilityBundles/WebKit.axbundle/WebKit (0x10a048398). This may cause spurious casting failures and mysterious crashes. One of the duplicates must be removed or renamed.
    t =     2.77s         Setting up automation session
    t =     3.56s         Wait for app.speaklocal.vietnam.native to idle
    t =     5.48s Checking existence of `"Nén Đà Nẵng" StaticText`
    t =     5.83s Waiting 8.0s for "Nén Đà Nẵng" StaticText to exist
    t =     6.91s     Checking `Expect predicate `existsNoRetry == 1` for object "Nén Đà Nẵng" StaticText`
    t =     6.91s         Checking existence of `"Nén Đà Nẵng" StaticText`
    t =     7.07s Swipe up Target Application 'app.speaklocal.vietnam.native'
    t =     7.07s     Wait for app.speaklocal.vietnam.native to idle
    t =     7.07s     Find the Target Application 'app.speaklocal.vietnam.native'
    t =     7.09s     Check for interrupting elements affecting "SpeakLocal Vietnam" Application
    t =     7.11s     Synthesize event
    t =     7.54s     Wait for app.speaklocal.vietnam.native to idle
    t =     9.66s Swipe up Target Application 'app.speaklocal.vietnam.native'
    t =     9.66s     Wait for app.speaklocal.vietnam.native to idle
    t =     9.67s     Find the Target Application 'app.speaklocal.vietnam.native'
    t =     9.69s     Check for interrupting elements affecting "SpeakLocal Vietnam" Application
    t =     9.72s     Synthesize event
    t =    10.14s     Wait for app.speaklocal.vietnam.native to idle
    t =    11.25s Terminate app.speaklocal.vietnam.native:10246
    t =    12.26s Open app.speaklocal.vietnam.native
    t =    12.26s     Launch app.speaklocal.vietnam.native
    t =    12.48s         Setting up automation session
    t =    13.07s         Wait for app.speaklocal.vietnam.native to idle
    t =    14.88s Waiting 4.0s for TabBar (First Match) to exist
    t =    15.96s     Checking `Expect predicate `existsNoRetry == 1` for object TabBar (First Match)`
    t =    15.96s         Checking existence of `TabBar (First Match)`
    t =    16.02s Checking existence of `"PhraseArticle.BottomSentinel.viet-family-city-danang-place-nen" Other`
    t =    16.14s Checking existence of `"PhraseArticle.BottomSentinel.viet-phrase-city-danang-place-nen" Other`
    t =    16.17s Find the "PhraseArticle.BottomSentinel.viet-phrase-city-danang-place-nen" Other
    t =    16.20s Checking existence of `TabBar (First Match)`
    t =    16.21s Find the TabBar (First Match)
    t =    16.22s Find the Target Application 'app.speaklocal.vietnam.native'
    t =    16.33s Terminate app.speaklocal.vietnam.native:10349
    t =    17.42s Tear Down
Test Case '-[SpeakLocalNativeUITests.CityAppDetailV22RenderProofUITests testCaptureCityAppDetailV22RenderProofBatch]' passed (17.485 seconds).
Test Suite 'CityAppDetailV22RenderProofUITests' passed at 2026-06-01 02:51:12.047.
	 Executed 1 test, with 0 failures (0 unexpected) in 17.485 (17.486) seconds
Test Suite 'SpeakLocalNativeUITests.xctest' passed at 2026-06-01 02:51:12.047.
	 Executed 1 test, with 0 failures (0 unexpected) in 17.485 (17.487) seconds
Test Suite 'Selected tests' passed at 2026-06-01 02:51:12.048.
	 Executed 1 test, with 0 failures (0 unexpected) in 17.485 (17.488) seconds

Test session results, code coverage, and logs:
	/Users/jojolim/Library/Developer/XcodeBuildMCP/workspaces/orchestrator-309442864093/DerivedData/SpeakLocalNative-8f3e721625a0/Logs/Test/Test-SpeakLocalNative-2026.06.01_02-50-52-+0700.xcresult

** TEST EXECUTE SUCCEEDED **

Testing started

2026-06-01 02:50:54.662 xcodebuild[10140:7111909] [MT] IDELaunchParametersSnapshot: The operation couldn’t be completed. (DebuggerLLDB.DebuggerVersionStore.StoreError error 0.)
2026-06-01 02:50:54.662 xcodebuild[10140:7111909] [MT] IDELaunchParametersSnapshot: no debugger version
2026-06-01 02:51:06.825 xcodebuild[10140:7111909] [MT] IDELaunchParametersSnapshot: The operation couldn’t be completed. (DebuggerLLDB.DebuggerVersionStore.StoreError error 0.)
2026-06-01 02:51:06.825 xcodebuild[10140:7111909] [MT] IDELaunchParametersSnapshot: no debugger version
2026-06-01 02:51:12.341 xcodebuild[10140:7111909] [MT] IDETestOperationsObserverDebug: 19.663 elapsed -- Testing started completed.
2026-06-01 02:51:12.341 xcodebuild[10140:7111909] [MT] IDETestOperationsObserverDebug: 0.000 sec, +0.000 sec -- start
2026-06-01 02:51:12.341 xcodebuild[10140:7111909] [MT] IDETestOperationsObserverDebug: 19.663 sec, +19.663 sec -- end
