Command line invocation:
    /Applications/Xcode.app/Contents/Developer/usr/bin/xcodebuild test-without-building -project /Users/jojolim/Developer/products/speaklocal/app-family/.worktrees/city-listings-production-ready/native-ios/SpeakLocalNative.xcodeproj -scheme SpeakLocalNative -destination "platform=iOS Simulator,id=7C386DD3-4BF1-4A34-A918-768C43CD1258" -derivedDataPath /Users/jojolim/Library/Developer/XcodeBuildMCP/workspaces/orchestrator-309442864093/DerivedData/SpeakLocalNative-8f3e721625a0 "-only-testing:SpeakLocalNativeUITests/CityAppDetailV22RenderProofUITests/testCaptureCityAppDetailV22RenderProofBatch"

2026-06-01 04:09:20.575257+0700 SpeakLocalNativeUITests-Runner[2387:7417042] [Default] Running tests...
    t =      nans Interface orientation changed to Portrait
Test Suite 'Selected tests' started at 2026-06-01 04:09:20.948.
Test Suite 'SpeakLocalNativeUITests.xctest' started at 2026-06-01 04:09:20.948.
Test Suite 'CityAppDetailV22RenderProofUITests' started at 2026-06-01 04:09:20.948.
Test Case '-[SpeakLocalNativeUITests.CityAppDetailV22RenderProofUITests testCaptureCityAppDetailV22RenderProofBatch]' started.
    t =     0.00s Start Test at 2026-06-01 04:09:20.948
    t =     0.02s Set Up
    t =     0.02s Open app.speaklocal.vietnam.native
    t =     0.02s     Launch app.speaklocal.vietnam.native
objc[2387]: Class UIAccessibilityLoaderWebShared is implemented in both /Library/Developer/CoreSimulator/Volumes/iOS_23F77/Library/Developer/CoreSimulator/Profiles/Runtimes/iOS 26.5.simruntime/Contents/Resources/RuntimeRoot/System/Library/AccessibilityBundles/WebCore.axbundle/WebCore (0x1064b8310) and /Library/Developer/CoreSimulator/Volumes/iOS_23F77/Library/Developer/CoreSimulator/Profiles/Runtimes/iOS 26.5.simruntime/Contents/Resources/RuntimeRoot/System/Library/AccessibilityBundles/WebKit.axbundle/WebKit (0x1061f0398). This may cause spurious casting failures and mysterious crashes. One of the duplicates must be removed or renamed.
    t =     1.89s         Setting up automation session
    t =     2.43s         Wait for app.speaklocal.vietnam.native to idle
    t =     3.93s Checking existence of `"Nhà vườn An Hiên" StaticText`
    t =     4.11s Waiting 8.0s for "Nhà vườn An Hiên" StaticText to exist
    t =     5.13s     Checking `Expect predicate `existsNoRetry == 1` for object "Nhà vườn An Hiên" StaticText`
    t =     5.13s         Checking existence of `"Nhà vườn An Hiên" StaticText`
    t =     5.30s Swipe up Target Application 'app.speaklocal.vietnam.native'
    t =     5.30s     Wait for app.speaklocal.vietnam.native to idle
    t =     5.31s     Find the Target Application 'app.speaklocal.vietnam.native'
    t =     5.32s     Check for interrupting elements affecting "SpeakLocal Vietnam" Application
    t =     5.34s     Synthesize event
    t =     5.76s     Wait for app.speaklocal.vietnam.native to idle
    t =     7.87s Swipe up Target Application 'app.speaklocal.vietnam.native'
    t =     7.87s     Wait for app.speaklocal.vietnam.native to idle
    t =     7.87s     Find the Target Application 'app.speaklocal.vietnam.native'
    t =     7.91s     Check for interrupting elements affecting "SpeakLocal Vietnam" Application
    t =     7.93s     Synthesize event
    t =     8.35s     Wait for app.speaklocal.vietnam.native to idle
    t =     9.07s Terminate app.speaklocal.vietnam.native:2462
    t =    10.11s Open app.speaklocal.vietnam.native
    t =    10.12s     Launch app.speaklocal.vietnam.native
    t =    10.33s         Setting up automation session
    t =    10.83s         Wait for app.speaklocal.vietnam.native to idle
    t =    12.32s Waiting 4.0s for TabBar (First Match) to exist
    t =    13.35s     Checking `Expect predicate `existsNoRetry == 1` for object TabBar (First Match)`
    t =    13.35s         Checking existence of `TabBar (First Match)`
    t =    13.42s Checking existence of `"PhraseArticle.BottomSentinel.viet-family-city-hue-place-an-hien-garden-house" Other`
    t =    13.51s Checking existence of `"PhraseArticle.BottomSentinel.viet-phrase-city-hue-place-an-hien-garden-house" Other`
    t =    13.53s Find the "PhraseArticle.BottomSentinel.viet-phrase-city-hue-place-an-hien-garden-house" Other
    t =    13.55s Checking existence of `TabBar (First Match)`
    t =    13.56s Find the TabBar (First Match)
    t =    13.57s Find the Target Application 'app.speaklocal.vietnam.native'
    t =    13.66s Terminate app.speaklocal.vietnam.native:2574
    t =    14.71s Tear Down
Test Case '-[SpeakLocalNativeUITests.CityAppDetailV22RenderProofUITests testCaptureCityAppDetailV22RenderProofBatch]' passed (14.765 seconds).
Test Suite 'CityAppDetailV22RenderProofUITests' passed at 2026-06-01 04:09:35.714.
	 Executed 1 test, with 0 failures (0 unexpected) in 14.765 (14.766) seconds
Test Suite 'SpeakLocalNativeUITests.xctest' passed at 2026-06-01 04:09:35.715.
	 Executed 1 test, with 0 failures (0 unexpected) in 14.765 (14.767) seconds
Test Suite 'Selected tests' passed at 2026-06-01 04:09:35.715.
	 Executed 1 test, with 0 failures (0 unexpected) in 14.765 (14.768) seconds

Test session results, code coverage, and logs:
	/Users/jojolim/Library/Developer/XcodeBuildMCP/workspaces/orchestrator-309442864093/DerivedData/SpeakLocalNative-8f3e721625a0/Logs/Test/Test-SpeakLocalNative-2026.06.01_04-09-19-+0700.xcresult

** TEST EXECUTE SUCCEEDED **

Testing started

2026-06-01 04:09:21.014 xcodebuild[2384:7416866] [MT] IDELaunchParametersSnapshot: The operation couldn’t be completed. (DebuggerLLDB.DebuggerVersionStore.StoreError error 0.)
2026-06-01 04:09:21.014 xcodebuild[2384:7416866] [MT] IDELaunchParametersSnapshot: no debugger version
2026-06-01 04:09:31.067 xcodebuild[2384:7416866] [MT] IDELaunchParametersSnapshot: The operation couldn’t be completed. (DebuggerLLDB.DebuggerVersionStore.StoreError error 0.)
2026-06-01 04:09:31.067 xcodebuild[2384:7416866] [MT] IDELaunchParametersSnapshot: no debugger version
2026-06-01 04:09:36.009 xcodebuild[2384:7416866] [MT] IDETestOperationsObserverDebug: 16.252 elapsed -- Testing started completed.
2026-06-01 04:09:36.009 xcodebuild[2384:7416866] [MT] IDETestOperationsObserverDebug: 0.000 sec, +0.000 sec -- start
2026-06-01 04:09:36.009 xcodebuild[2384:7416866] [MT] IDETestOperationsObserverDebug: 16.252 sec, +16.252 sec -- end
