Command line invocation:
    /Applications/Xcode.app/Contents/Developer/usr/bin/xcodebuild test-without-building -project /Users/jojolim/Developer/products/speaklocal/app-family/.worktrees/city-listings-production-ready/native-ios/SpeakLocalNative.xcodeproj -scheme SpeakLocalNative -destination "platform=iOS Simulator,id=7C386DD3-4BF1-4A34-A918-768C43CD1258" -derivedDataPath /Users/jojolim/Library/Developer/XcodeBuildMCP/workspaces/orchestrator-309442864093/DerivedData/SpeakLocalNative-8f3e721625a0 "-only-testing:SpeakLocalNativeUITests/CityAppDetailV22RenderProofUITests/testCaptureCityAppDetailV22RenderProofBatch"

2026-06-01 09:15:13.776066+0700 SpeakLocalNativeUITests-Runner[66605:8662681] [Default] Running tests...
    t =      nans Interface orientation changed to Portrait
Test Suite 'Selected tests' started at 2026-06-01 09:15:14.143.
Test Suite 'SpeakLocalNativeUITests.xctest' started at 2026-06-01 09:15:14.143.
Test Suite 'CityAppDetailV22RenderProofUITests' started at 2026-06-01 09:15:14.143.
Test Case '-[SpeakLocalNativeUITests.CityAppDetailV22RenderProofUITests testCaptureCityAppDetailV22RenderProofBatch]' started.
    t =     0.00s Start Test at 2026-06-01 09:15:14.143
    t =     0.02s Set Up
    t =     0.02s Open app.speaklocal.vietnam.native
    t =     0.02s     Launch app.speaklocal.vietnam.native
objc[66605]: Class UIAccessibilityLoaderWebShared is implemented in both /Library/Developer/CoreSimulator/Volumes/iOS_23F77/Library/Developer/CoreSimulator/Profiles/Runtimes/iOS 26.5.simruntime/Contents/Resources/RuntimeRoot/System/Library/AccessibilityBundles/WebCore.axbundle/WebCore (0x107244310) and /Library/Developer/CoreSimulator/Volumes/iOS_23F77/Library/Developer/CoreSimulator/Profiles/Runtimes/iOS 26.5.simruntime/Contents/Resources/RuntimeRoot/System/Library/AccessibilityBundles/WebKit.axbundle/WebKit (0x106660398). This may cause spurious casting failures and mysterious crashes. One of the duplicates must be removed or renamed.
    t =     1.89s         Setting up automation session
    t =     2.32s         Wait for app.speaklocal.vietnam.native to idle
    t =     3.79s Checking existence of `"Lăng Thiệu Trị" StaticText`
    t =     3.94s Waiting 8.0s for "Lăng Thiệu Trị" StaticText to exist
    t =     4.99s     Checking `Expect predicate `existsNoRetry == 1` for object "Lăng Thiệu Trị" StaticText`
    t =     4.99s         Checking existence of `"Lăng Thiệu Trị" StaticText`
    t =     5.16s Swipe up Target Application 'app.speaklocal.vietnam.native'
    t =     5.16s     Wait for app.speaklocal.vietnam.native to idle
    t =     5.16s     Find the Target Application 'app.speaklocal.vietnam.native'
    t =     5.17s     Check for interrupting elements affecting "SpeakLocal Vietnam" Application
    t =     5.19s     Synthesize event
    t =     5.61s     Wait for app.speaklocal.vietnam.native to idle
    t =     7.78s Swipe up Target Application 'app.speaklocal.vietnam.native'
    t =     7.78s     Wait for app.speaklocal.vietnam.native to idle
    t =     7.79s     Find the Target Application 'app.speaklocal.vietnam.native'
    t =     7.80s     Check for interrupting elements affecting "SpeakLocal Vietnam" Application
    t =     7.83s     Synthesize event
    t =     8.26s     Wait for app.speaklocal.vietnam.native to idle
    t =     9.04s Terminate app.speaklocal.vietnam.native:66611
    t =    10.10s Open app.speaklocal.vietnam.native
    t =    10.10s     Launch app.speaklocal.vietnam.native
    t =    10.32s         Setting up automation session
    t =    10.79s         Wait for app.speaklocal.vietnam.native to idle
    t =    12.26s Waiting 4.0s for TabBar (First Match) to exist
    t =    13.31s     Checking `Expect predicate `existsNoRetry == 1` for object TabBar (First Match)`
    t =    13.31s         Checking existence of `TabBar (First Match)`
    t =    13.37s Checking existence of `"PhraseArticle.BottomSentinel.viet-family-city-hue-place-thieu-tri-tomb" Other`
    t =    13.45s Checking existence of `"PhraseArticle.BottomSentinel.viet-phrase-city-hue-place-thieu-tri-tomb" Other`
    t =    13.47s Find the "PhraseArticle.BottomSentinel.viet-phrase-city-hue-place-thieu-tri-tomb" Other
    t =    13.49s Checking existence of `TabBar (First Match)`
    t =    13.50s Find the TabBar (First Match)
    t =    13.50s Find the Target Application 'app.speaklocal.vietnam.native'
    t =    13.59s Terminate app.speaklocal.vietnam.native:66631
    t =    14.65s Tear Down
Test Case '-[SpeakLocalNativeUITests.CityAppDetailV22RenderProofUITests testCaptureCityAppDetailV22RenderProofBatch]' passed (14.700 seconds).
Test Suite 'CityAppDetailV22RenderProofUITests' passed at 2026-06-01 09:15:28.844.
	 Executed 1 test, with 0 failures (0 unexpected) in 14.700 (14.701) seconds
Test Suite 'SpeakLocalNativeUITests.xctest' passed at 2026-06-01 09:15:28.845.
	 Executed 1 test, with 0 failures (0 unexpected) in 14.700 (14.702) seconds
Test Suite 'Selected tests' passed at 2026-06-01 09:15:28.846.
	 Executed 1 test, with 0 failures (0 unexpected) in 14.700 (14.704) seconds

Test session results, code coverage, and logs:
	/Users/jojolim/Library/Developer/XcodeBuildMCP/workspaces/orchestrator-309442864093/DerivedData/SpeakLocalNative-8f3e721625a0/Logs/Test/Test-SpeakLocalNative-2026.06.01_09-15-12-+0700.xcresult

** TEST EXECUTE SUCCEEDED **

Testing started

2026-06-01 09:15:14.198 xcodebuild[66603:8662516] [MT] IDELaunchParametersSnapshot: The operation couldn’t be completed. (DebuggerLLDB.DebuggerVersionStore.StoreError error 0.)
2026-06-01 09:15:14.198 xcodebuild[66603:8662516] [MT] IDELaunchParametersSnapshot: no debugger version
2026-06-01 09:15:24.246 xcodebuild[66603:8662516] [MT] IDELaunchParametersSnapshot: The operation couldn’t be completed. (DebuggerLLDB.DebuggerVersionStore.StoreError error 0.)
2026-06-01 09:15:24.246 xcodebuild[66603:8662516] [MT] IDELaunchParametersSnapshot: no debugger version
2026-06-01 09:15:29.135 xcodebuild[66603:8662516] [MT] IDETestOperationsObserverDebug: 16.162 elapsed -- Testing started completed.
2026-06-01 09:15:29.135 xcodebuild[66603:8662516] [MT] IDETestOperationsObserverDebug: 0.000 sec, +0.000 sec -- start
2026-06-01 09:15:29.135 xcodebuild[66603:8662516] [MT] IDETestOperationsObserverDebug: 16.162 sec, +16.162 sec -- end
