Command line invocation:
    /Applications/Xcode.app/Contents/Developer/usr/bin/xcodebuild test-without-building -project /Users/jojolim/Developer/products/speaklocal/app-family/.worktrees/city-listings-production-ready/native-ios/SpeakLocalNative.xcodeproj -scheme SpeakLocalNative -destination "platform=iOS Simulator,id=7C386DD3-4BF1-4A34-A918-768C43CD1258" -derivedDataPath /Users/jojolim/Library/Developer/XcodeBuildMCP/workspaces/orchestrator-309442864093/DerivedData/SpeakLocalNative-8f3e721625a0 "-only-testing:SpeakLocalNativeUITests/CityAppDetailV22RenderProofUITests/testCaptureCityAppDetailV22RenderProofBatch"

2026-06-01 06:31:08.932521+0700 SpeakLocalNativeUITests-Runner[1264:8028937] [Default] Running tests...
    t =      nans Interface orientation changed to Portrait
Test Suite 'Selected tests' started at 2026-06-01 06:31:09.302.
Test Suite 'SpeakLocalNativeUITests.xctest' started at 2026-06-01 06:31:09.303.
Test Suite 'CityAppDetailV22RenderProofUITests' started at 2026-06-01 06:31:09.303.
Test Case '-[SpeakLocalNativeUITests.CityAppDetailV22RenderProofUITests testCaptureCityAppDetailV22RenderProofBatch]' started.
    t =     0.00s Start Test at 2026-06-01 06:31:09.303
    t =     0.02s Set Up
    t =     0.02s Open app.speaklocal.vietnam.native
    t =     0.02s     Launch app.speaklocal.vietnam.native
objc[1264]: Class UIAccessibilityLoaderWebShared is implemented in both /Library/Developer/CoreSimulator/Volumes/iOS_23F77/Library/Developer/CoreSimulator/Profiles/Runtimes/iOS 26.5.simruntime/Contents/Resources/RuntimeRoot/System/Library/AccessibilityBundles/WebCore.axbundle/WebCore (0x106a74310) and /Library/Developer/CoreSimulator/Volumes/iOS_23F77/Library/Developer/CoreSimulator/Profiles/Runtimes/iOS 26.5.simruntime/Contents/Resources/RuntimeRoot/System/Library/AccessibilityBundles/WebKit.axbundle/WebKit (0x106374398). This may cause spurious casting failures and mysterious crashes. One of the duplicates must be removed or renamed.
    t =     1.89s         Setting up automation session
    t =     2.27s         Wait for app.speaklocal.vietnam.native to idle
    t =     3.77s Checking existence of `"Bún Chả Cá Hờn" StaticText`
    t =     3.92s Waiting 8.0s for "Bún Chả Cá Hờn" StaticText to exist
    t =     4.96s     Checking `Expect predicate `existsNoRetry == 1` for object "Bún Chả Cá Hờn" StaticText`
    t =     4.97s         Checking existence of `"Bún Chả Cá Hờn" StaticText`
    t =     5.12s Swipe up Target Application 'app.speaklocal.vietnam.native'
    t =     5.12s     Wait for app.speaklocal.vietnam.native to idle
    t =     5.13s     Find the Target Application 'app.speaklocal.vietnam.native'
    t =     5.14s     Check for interrupting elements affecting "SpeakLocal Vietnam" Application
    t =     5.16s     Synthesize event
    t =     5.58s     Wait for app.speaklocal.vietnam.native to idle
    t =     7.70s Swipe up Target Application 'app.speaklocal.vietnam.native'
    t =     7.71s     Wait for app.speaklocal.vietnam.native to idle
    t =     8.09s     Find the Target Application 'app.speaklocal.vietnam.native'
    t =     8.12s     Check for interrupting elements affecting "SpeakLocal Vietnam" Application
    t =     8.15s     Synthesize event
    t =     8.58s     Wait for app.speaklocal.vietnam.native to idle
    t =     9.58s Terminate app.speaklocal.vietnam.native:1339
    t =    10.64s Open app.speaklocal.vietnam.native
    t =    10.64s     Launch app.speaklocal.vietnam.native
    t =    10.85s         Setting up automation session
    t =    11.33s         Wait for app.speaklocal.vietnam.native to idle
    t =    12.76s Waiting 4.0s for TabBar (First Match) to exist
    t =    13.82s     Checking `Expect predicate `existsNoRetry == 1` for object TabBar (First Match)`
    t =    13.82s         Checking existence of `TabBar (First Match)`
    t =    13.88s Checking existence of `"PhraseArticle.BottomSentinel.viet-family-city-danang-place-bun-cha-ca-hon" Other`
    t =    13.96s Checking existence of `"PhraseArticle.BottomSentinel.viet-phrase-city-danang-place-bun-cha-ca-hon" Other`
    t =    13.98s Find the "PhraseArticle.BottomSentinel.viet-phrase-city-danang-place-bun-cha-ca-hon" Other
    t =    14.00s Checking existence of `TabBar (First Match)`
    t =    14.01s Find the TabBar (First Match)
    t =    14.01s Find the Target Application 'app.speaklocal.vietnam.native'
    t =    14.11s Terminate app.speaklocal.vietnam.native:1432
    t =    15.17s Tear Down
Test Case '-[SpeakLocalNativeUITests.CityAppDetailV22RenderProofUITests testCaptureCityAppDetailV22RenderProofBatch]' passed (15.246 seconds).
Test Suite 'CityAppDetailV22RenderProofUITests' passed at 2026-06-01 06:31:24.550.
	 Executed 1 test, with 0 failures (0 unexpected) in 15.246 (15.247) seconds
Test Suite 'SpeakLocalNativeUITests.xctest' passed at 2026-06-01 06:31:24.551.
	 Executed 1 test, with 0 failures (0 unexpected) in 15.246 (15.248) seconds
Test Suite 'Selected tests' passed at 2026-06-01 06:31:24.551.
	 Executed 1 test, with 0 failures (0 unexpected) in 15.246 (15.249) seconds

Test session results, code coverage, and logs:
	/Users/jojolim/Library/Developer/XcodeBuildMCP/workspaces/orchestrator-309442864093/DerivedData/SpeakLocalNative-8f3e721625a0/Logs/Test/Test-SpeakLocalNative-2026.06.01_06-31-08-+0700.xcresult

** TEST EXECUTE SUCCEEDED **

Testing started

2026-06-01 06:31:09.366 xcodebuild[1262:8028778] [MT] IDELaunchParametersSnapshot: The operation couldn’t be completed. (DebuggerLLDB.DebuggerVersionStore.StoreError error 0.)
2026-06-01 06:31:09.366 xcodebuild[1262:8028778] [MT] IDELaunchParametersSnapshot: no debugger version
2026-06-01 06:31:19.943 xcodebuild[1262:8028778] [MT] IDELaunchParametersSnapshot: The operation couldn’t be completed. (DebuggerLLDB.DebuggerVersionStore.StoreError error 0.)
2026-06-01 06:31:19.943 xcodebuild[1262:8028778] [MT] IDELaunchParametersSnapshot: no debugger version
2026-06-01 06:31:24.848 xcodebuild[1262:8028778] [MT] IDETestOperationsObserverDebug: 16.699 elapsed -- Testing started completed.
2026-06-01 06:31:24.848 xcodebuild[1262:8028778] [MT] IDETestOperationsObserverDebug: 0.000 sec, +0.000 sec -- start
2026-06-01 06:31:24.848 xcodebuild[1262:8028778] [MT] IDETestOperationsObserverDebug: 16.699 sec, +16.699 sec -- end
