Command line invocation:
    /Applications/Xcode.app/Contents/Developer/usr/bin/xcodebuild test-without-building -project native-ios/SpeakLocalNative.xcodeproj -scheme SpeakLocalNative -destination "platform=iOS Simulator,id=7C386DD3-4BF1-4A34-A918-768C43CD1258" -derivedDataPath /Users/jojolim/Library/Developer/XcodeBuildMCP/workspaces/orchestrator-309442864093/DerivedData/SpeakLocalNative-8f3e721625a0 "-only-testing:SpeakLocalNativeUITests/CityAppDetailV22RenderProofUITests/testCaptureCityAppDetailV22RenderProofBatch"

2026-06-01 02:03:43.151867+0700 SpeakLocalNativeUITests-Runner[63700:6952656] [Default] Running tests...
    t =      nans Interface orientation changed to Portrait
Test Suite 'Selected tests' started at 2026-06-01 02:03:43.761.
Test Suite 'SpeakLocalNativeUITests.xctest' started at 2026-06-01 02:03:43.762.
Test Suite 'CityAppDetailV22RenderProofUITests' started at 2026-06-01 02:03:43.762.
Test Case '-[SpeakLocalNativeUITests.CityAppDetailV22RenderProofUITests testCaptureCityAppDetailV22RenderProofBatch]' started.
    t =     0.00s Start Test at 2026-06-01 02:03:43.763
    t =     0.02s Set Up
    t =     0.02s Open app.speaklocal.vietnam.native
    t =     0.02s     Launch app.speaklocal.vietnam.native
2026-06-01 02:03:43.829 xcodebuild[63677:6952452] [MT] IDELaunchParametersSnapshot: The operation couldn’t be completed. (DebuggerLLDB.DebuggerVersionStore.StoreError error 0.)
2026-06-01 02:03:43.829 xcodebuild[63677:6952452] [MT] IDELaunchParametersSnapshot: no debugger version
objc[63700]: Class UIAccessibilityLoaderWebShared is implemented in both /Library/Developer/CoreSimulator/Volumes/iOS_23F77/Library/Developer/CoreSimulator/Profiles/Runtimes/iOS 26.5.simruntime/Contents/Resources/RuntimeRoot/System/Library/AccessibilityBundles/WebCore.axbundle/WebCore (0x109eb4310) and /Library/Developer/CoreSimulator/Volumes/iOS_23F77/Library/Developer/CoreSimulator/Profiles/Runtimes/iOS 26.5.simruntime/Contents/Resources/RuntimeRoot/System/Library/AccessibilityBundles/WebKit.axbundle/WebKit (0x109e38398). This may cause spurious casting failures and mysterious crashes. One of the duplicates must be removed or renamed.
    t =     2.75s         Setting up automation session
    t =     3.59s         Wait for app.speaklocal.vietnam.native to idle
    t =     5.45s Checking existence of `"Bánh Cuốn Bà Hoành" StaticText`
    t =     5.70s Waiting 8.0s for "Bánh Cuốn Bà Hoành" StaticText to exist
    t =     6.78s     Checking `Expect predicate `existsNoRetry == 1` for object "Bánh Cuốn Bà Hoành" StaticText`
    t =     6.78s         Checking existence of `"Bánh Cuốn Bà Hoành" StaticText`
    t =     6.91s Swipe up Target Application 'app.speaklocal.vietnam.native'
    t =     6.91s     Wait for app.speaklocal.vietnam.native to idle
    t =     6.91s     Find the Target Application 'app.speaklocal.vietnam.native'
    t =     6.94s     Check for interrupting elements affecting "SpeakLocal Vietnam" Application
    t =     6.96s     Synthesize event
    t =     7.39s     Wait for app.speaklocal.vietnam.native to idle
    t =     9.49s Swipe up Target Application 'app.speaklocal.vietnam.native'
    t =     9.49s     Wait for app.speaklocal.vietnam.native to idle
    t =     9.49s     Find the Target Application 'app.speaklocal.vietnam.native'
    t =     9.53s     Check for interrupting elements affecting "SpeakLocal Vietnam" Application
    t =     9.56s     Synthesize event
    t =     9.99s     Wait for app.speaklocal.vietnam.native to idle
    t =    12.23s Waiting 4.0s for TabBar (First Match) to exist
    t =    13.29s     Checking `Expect predicate `existsNoRetry == 1` for object TabBar (First Match)`
    t =    13.29s         Checking existence of `TabBar (First Match)`
    t =    13.31s Checking existence of `"PhraseArticle.BottomSentinel.viet-family-city-hanoi-place-banh-cuon-ba-hoanh" Other`
    t =    13.33s Checking existence of `"PhraseArticle.BottomSentinel.viet-phrase-city-hanoi-place-banh-cuon-ba-hoanh" Other`
    t =    13.36s Find the "PhraseArticle.BottomSentinel.viet-phrase-city-hanoi-place-banh-cuon-ba-hoanh" Other
    t =    13.39s Checking existence of `TabBar (First Match)`
    t =    13.39s Find the TabBar (First Match)
    t =    13.41s Find the Target Application 'app.speaklocal.vietnam.native'
    t =    13.53s Terminate app.speaklocal.vietnam.native:63801
    t =    14.62s Tear Down
Test Case '-[SpeakLocalNativeUITests.CityAppDetailV22RenderProofUITests testCaptureCityAppDetailV22RenderProofBatch]' passed (14.656 seconds).
Test Suite 'CityAppDetailV22RenderProofUITests' passed at 2026-06-01 02:03:58.419.
	 Executed 1 test, with 0 failures (0 unexpected) in 14.656 (14.657) seconds
Test Suite 'SpeakLocalNativeUITests.xctest' passed at 2026-06-01 02:03:58.419.
	 Executed 1 test, with 0 failures (0 unexpected) in 14.656 (14.657) seconds
Test Suite 'Selected tests' passed at 2026-06-01 02:03:58.419.
	 Executed 1 test, with 0 failures (0 unexpected) in 14.656 (14.658) seconds
2026-06-01 02:03:58.718 xcodebuild[63677:6952452] [MT] IDETestOperationsObserverDebug: 16.874 elapsed -- Testing started completed.
2026-06-01 02:03:58.718 xcodebuild[63677:6952452] [MT] IDETestOperationsObserverDebug: 0.000 sec, +0.000 sec -- start
2026-06-01 02:03:58.718 xcodebuild[63677:6952452] [MT] IDETestOperationsObserverDebug: 16.874 sec, +16.874 sec -- end

Test session results, code coverage, and logs:
	/Users/jojolim/Library/Developer/XcodeBuildMCP/workspaces/orchestrator-309442864093/DerivedData/SpeakLocalNative-8f3e721625a0/Logs/Test/Test-SpeakLocalNative-2026.06.01_02-03-41-+0700.xcresult

** TEST EXECUTE SUCCEEDED **

Testing started
