Command line invocation:
    /Applications/Xcode.app/Contents/Developer/usr/bin/xcodebuild test-without-building -project /Users/jojolim/Developer/products/speaklocal/app-family/.worktrees/city-listings-production-ready/native-ios/SpeakLocalNative.xcodeproj -scheme SpeakLocalNative -destination "platform=iOS Simulator,id=7C386DD3-4BF1-4A34-A918-768C43CD1258" -derivedDataPath /Users/jojolim/Library/Developer/XcodeBuildMCP/workspaces/orchestrator-309442864093/DerivedData/SpeakLocalNative-8f3e721625a0 "-only-testing:SpeakLocalNativeUITests/CityAppDetailV22RenderProofUITests/testCaptureCityAppDetailV22RenderProofBatch"

2026-06-01 04:27:27.141242+0700 SpeakLocalNativeUITests-Runner[23412:7492511] [Default] Running tests...
    t =      nans Interface orientation changed to Portrait
Test Suite 'Selected tests' started at 2026-06-01 04:27:27.529.
Test Suite 'SpeakLocalNativeUITests.xctest' started at 2026-06-01 04:27:27.530.
Test Suite 'CityAppDetailV22RenderProofUITests' started at 2026-06-01 04:27:27.530.
Test Case '-[SpeakLocalNativeUITests.CityAppDetailV22RenderProofUITests testCaptureCityAppDetailV22RenderProofBatch]' started.
    t =     0.00s Start Test at 2026-06-01 04:27:27.530
    t =     0.02s Set Up
    t =     0.02s Open app.speaklocal.vietnam.native
    t =     0.02s     Launch app.speaklocal.vietnam.native
objc[23412]: Class UIAccessibilityLoaderWebShared is implemented in both /Library/Developer/CoreSimulator/Volumes/iOS_23F77/Library/Developer/CoreSimulator/Profiles/Runtimes/iOS 26.5.simruntime/Contents/Resources/RuntimeRoot/System/Library/AccessibilityBundles/WebCore.axbundle/WebCore (0x10661c310) and /Library/Developer/CoreSimulator/Volumes/iOS_23F77/Library/Developer/CoreSimulator/Profiles/Runtimes/iOS 26.5.simruntime/Contents/Resources/RuntimeRoot/System/Library/AccessibilityBundles/WebKit.axbundle/WebKit (0x106358398). This may cause spurious casting failures and mysterious crashes. One of the duplicates must be removed or renamed.
    t =     1.68s         Setting up automation session
    t =     2.22s         Wait for app.speaklocal.vietnam.native to idle
    t =     3.70s Checking existence of `"Quận Ba Đình" StaticText`
    t =     3.85s Waiting 8.0s for "Quận Ba Đình" StaticText to exist
    t =     4.91s     Checking `Expect predicate `existsNoRetry == 1` for object "Quận Ba Đình" StaticText`
    t =     4.91s         Checking existence of `"Quận Ba Đình" StaticText`
    t =     5.08s Swipe up Target Application 'app.speaklocal.vietnam.native'
    t =     5.08s     Wait for app.speaklocal.vietnam.native to idle
    t =     5.08s     Find the Target Application 'app.speaklocal.vietnam.native'
    t =     5.09s     Check for interrupting elements affecting "SpeakLocal Vietnam" Application
    t =     5.11s     Synthesize event
    t =     5.53s     Wait for app.speaklocal.vietnam.native to idle
    t =     7.63s Swipe up Target Application 'app.speaklocal.vietnam.native'
    t =     7.64s     Wait for app.speaklocal.vietnam.native to idle
    t =     7.64s     Find the Target Application 'app.speaklocal.vietnam.native'
    t =     7.66s     Check for interrupting elements affecting "SpeakLocal Vietnam" Application
    t =     7.69s     Synthesize event
    t =     8.11s     Wait for app.speaklocal.vietnam.native to idle
    t =     8.83s Terminate app.speaklocal.vietnam.native:23427
    t =     9.92s Open app.speaklocal.vietnam.native
    t =     9.92s     Launch app.speaklocal.vietnam.native
    t =    10.14s         Setting up automation session
    t =    10.61s         Wait for app.speaklocal.vietnam.native to idle
    t =    12.08s Waiting 4.0s for TabBar (First Match) to exist
    t =    13.14s     Checking `Expect predicate `existsNoRetry == 1` for object TabBar (First Match)`
    t =    13.14s         Checking existence of `TabBar (First Match)`
    t =    13.20s Checking existence of `"PhraseArticle.BottomSentinel.viet-family-city-hanoi-place-ba-dinh-district" Other`
    t =    13.28s Checking existence of `"PhraseArticle.BottomSentinel.viet-phrase-city-hanoi-place-ba-dinh-district" Other`
    t =    13.30s Find the "PhraseArticle.BottomSentinel.viet-phrase-city-hanoi-place-ba-dinh-district" Other
    t =    13.32s Checking existence of `TabBar (First Match)`
    t =    13.33s Find the TabBar (First Match)
    t =    13.34s Find the Target Application 'app.speaklocal.vietnam.native'
    t =    13.43s Terminate app.speaklocal.vietnam.native:23587
    t =    14.52s Tear Down
Test Case '-[SpeakLocalNativeUITests.CityAppDetailV22RenderProofUITests testCaptureCityAppDetailV22RenderProofBatch]' passed (14.615 seconds).
Test Suite 'CityAppDetailV22RenderProofUITests' passed at 2026-06-01 04:27:42.146.
	 Executed 1 test, with 0 failures (0 unexpected) in 14.615 (14.616) seconds
Test Suite 'SpeakLocalNativeUITests.xctest' passed at 2026-06-01 04:27:42.147.
	 Executed 1 test, with 0 failures (0 unexpected) in 14.615 (14.617) seconds
Test Suite 'Selected tests' passed at 2026-06-01 04:27:42.148.
	 Executed 1 test, with 0 failures (0 unexpected) in 14.615 (14.619) seconds

Test session results, code coverage, and logs:
	/Users/jojolim/Library/Developer/XcodeBuildMCP/workspaces/orchestrator-309442864093/DerivedData/SpeakLocalNative-8f3e721625a0/Logs/Test/Test-SpeakLocalNative-2026.06.01_04-27-26-+0700.xcresult

** TEST EXECUTE SUCCEEDED **

Testing started

2026-06-01 04:27:27.578 xcodebuild[23410:7492352] [MT] IDELaunchParametersSnapshot: The operation couldn’t be completed. (DebuggerLLDB.DebuggerVersionStore.StoreError error 0.)
2026-06-01 04:27:27.578 xcodebuild[23410:7492352] [MT] IDELaunchParametersSnapshot: no debugger version
2026-06-01 04:27:37.453 xcodebuild[23410:7492352] [MT] IDELaunchParametersSnapshot: The operation couldn’t be completed. (DebuggerLLDB.DebuggerVersionStore.StoreError error 0.)
2026-06-01 04:27:37.453 xcodebuild[23410:7492352] [MT] IDELaunchParametersSnapshot: no debugger version
2026-06-01 04:27:42.452 xcodebuild[23410:7492352] [MT] IDETestOperationsObserverDebug: 16.101 elapsed -- Testing started completed.
2026-06-01 04:27:42.452 xcodebuild[23410:7492352] [MT] IDETestOperationsObserverDebug: 0.000 sec, +0.000 sec -- start
2026-06-01 04:27:42.452 xcodebuild[23410:7492352] [MT] IDETestOperationsObserverDebug: 16.101 sec, +16.101 sec -- end
