Command line invocation:
    /Applications/Xcode.app/Contents/Developer/usr/bin/xcodebuild test-without-building -project /Users/jojolim/Developer/products/speaklocal/app-family/.worktrees/city-listings-production-ready/native-ios/SpeakLocalNative.xcodeproj -scheme SpeakLocalNative -destination "platform=iOS Simulator,id=7C386DD3-4BF1-4A34-A918-768C43CD1258" -derivedDataPath /Users/jojolim/Library/Developer/XcodeBuildMCP/workspaces/orchestrator-309442864093/DerivedData/SpeakLocalNative-8f3e721625a0 "-only-testing:SpeakLocalNativeUITests/CityAppDetailV22RenderProofUITests/testCaptureCityAppDetailV22RenderProofBatch"

2026-06-01 07:18:52.619259+0700 SpeakLocalNativeUITests-Runner[52443:8235077] [Default] Running tests...
    t =      nans Interface orientation changed to Portrait
Test Suite 'Selected tests' started at 2026-06-01 07:18:52.986.
Test Suite 'SpeakLocalNativeUITests.xctest' started at 2026-06-01 07:18:52.987.
Test Suite 'CityAppDetailV22RenderProofUITests' started at 2026-06-01 07:18:52.987.
Test Case '-[SpeakLocalNativeUITests.CityAppDetailV22RenderProofUITests testCaptureCityAppDetailV22RenderProofBatch]' started.
    t =     0.00s Start Test at 2026-06-01 07:18:52.987
    t =     0.02s Set Up
    t =     0.02s Open app.speaklocal.vietnam.native
    t =     0.02s     Launch app.speaklocal.vietnam.native
objc[52443]: Class UIAccessibilityLoaderWebShared is implemented in both /Library/Developer/CoreSimulator/Volumes/iOS_23F77/Library/Developer/CoreSimulator/Profiles/Runtimes/iOS 26.5.simruntime/Contents/Resources/RuntimeRoot/System/Library/AccessibilityBundles/WebCore.axbundle/WebCore (0x10b33c310) and /Library/Developer/CoreSimulator/Volumes/iOS_23F77/Library/Developer/CoreSimulator/Profiles/Runtimes/iOS 26.5.simruntime/Contents/Resources/RuntimeRoot/System/Library/AccessibilityBundles/WebKit.axbundle/WebKit (0x10ab64398). This may cause spurious casting failures and mysterious crashes. One of the duplicates must be removed or renamed.
    t =     1.89s         Setting up automation session
    t =     2.36s         Wait for app.speaklocal.vietnam.native to idle
    t =     3.90s Checking existence of `"Chợ Bình Tây" StaticText`
    t =     4.04s Waiting 8.0s for "Chợ Bình Tây" StaticText to exist
    t =     5.07s     Checking `Expect predicate `existsNoRetry == 1` for object "Chợ Bình Tây" StaticText`
    t =     5.07s         Checking existence of `"Chợ Bình Tây" StaticText`
    t =     5.24s Swipe up Target Application 'app.speaklocal.vietnam.native'
    t =     5.24s     Wait for app.speaklocal.vietnam.native to idle
    t =     5.24s     Find the Target Application 'app.speaklocal.vietnam.native'
    t =     5.26s     Check for interrupting elements affecting "SpeakLocal Vietnam" Application
    t =     5.28s     Synthesize event
    t =     5.69s     Wait for app.speaklocal.vietnam.native to idle
    t =     7.80s Swipe up Target Application 'app.speaklocal.vietnam.native'
    t =     7.80s     Wait for app.speaklocal.vietnam.native to idle
    t =     7.80s     Find the Target Application 'app.speaklocal.vietnam.native'
    t =     7.83s     Check for interrupting elements affecting "SpeakLocal Vietnam" Application
    t =     7.86s     Synthesize event
    t =     8.29s     Wait for app.speaklocal.vietnam.native to idle
    t =     9.15s Terminate app.speaklocal.vietnam.native:52499
    t =    10.22s Open app.speaklocal.vietnam.native
    t =    10.22s     Launch app.speaklocal.vietnam.native
    t =    10.44s         Setting up automation session
    t =    10.93s         Wait for app.speaklocal.vietnam.native to idle
    t =    12.43s Waiting 4.0s for TabBar (First Match) to exist
    t =    13.46s     Checking `Expect predicate `existsNoRetry == 1` for object TabBar (First Match)`
    t =    13.47s         Checking existence of `TabBar (First Match)`
    t =    13.52s Checking existence of `"PhraseArticle.BottomSentinel.viet-family-city-hcmc-place-binh-tay-market" Other`
    t =    13.60s Checking existence of `"PhraseArticle.BottomSentinel.viet-phrase-city-hcmc-place-binh-tay-market" Other`
    t =    13.63s Find the "PhraseArticle.BottomSentinel.viet-phrase-city-hcmc-place-binh-tay-market" Other
    t =    13.65s Checking existence of `TabBar (First Match)`
    t =    13.66s Find the TabBar (First Match)
    t =    13.67s Find the Target Application 'app.speaklocal.vietnam.native'
    t =    13.76s Terminate app.speaklocal.vietnam.native:52630
    t =    14.83s Tear Down
Test Case '-[SpeakLocalNativeUITests.CityAppDetailV22RenderProofUITests testCaptureCityAppDetailV22RenderProofBatch]' passed (14.878 seconds).
Test Suite 'CityAppDetailV22RenderProofUITests' passed at 2026-06-01 07:19:07.865.
	 Executed 1 test, with 0 failures (0 unexpected) in 14.878 (14.878) seconds
Test Suite 'SpeakLocalNativeUITests.xctest' passed at 2026-06-01 07:19:07.865.
	 Executed 1 test, with 0 failures (0 unexpected) in 14.878 (14.878) seconds
Test Suite 'Selected tests' passed at 2026-06-01 07:19:07.865.
	 Executed 1 test, with 0 failures (0 unexpected) in 14.878 (14.879) seconds

Test session results, code coverage, and logs:
	/Users/jojolim/Library/Developer/XcodeBuildMCP/workspaces/orchestrator-309442864093/DerivedData/SpeakLocalNative-8f3e721625a0/Logs/Test/Test-SpeakLocalNative-2026.06.01_07-18-51-+0700.xcresult

** TEST EXECUTE SUCCEEDED **

Testing started

2026-06-01 07:18:53.046 xcodebuild[52433:8234883] [MT] IDELaunchParametersSnapshot: The operation couldn’t be completed. (DebuggerLLDB.DebuggerVersionStore.StoreError error 0.)
2026-06-01 07:18:53.046 xcodebuild[52433:8234883] [MT] IDELaunchParametersSnapshot: no debugger version
2026-06-01 07:19:03.213 xcodebuild[52433:8234883] [MT] IDELaunchParametersSnapshot: The operation couldn’t be completed. (DebuggerLLDB.DebuggerVersionStore.StoreError error 0.)
2026-06-01 07:19:03.213 xcodebuild[52433:8234883] [MT] IDELaunchParametersSnapshot: no debugger version
2026-06-01 07:19:08.149 xcodebuild[52433:8234883] [MT] IDETestOperationsObserverDebug: 16.390 elapsed -- Testing started completed.
2026-06-01 07:19:08.149 xcodebuild[52433:8234883] [MT] IDETestOperationsObserverDebug: 0.000 sec, +0.000 sec -- start
2026-06-01 07:19:08.149 xcodebuild[52433:8234883] [MT] IDETestOperationsObserverDebug: 16.390 sec, +16.390 sec -- end
