Command line invocation:
    /Applications/Xcode.app/Contents/Developer/usr/bin/xcodebuild test-without-building -project /Users/jojolim/Developer/products/speaklocal/app-family/.worktrees/city-listings-production-ready/native-ios/SpeakLocalNative.xcodeproj -scheme SpeakLocalNative -destination "platform=iOS Simulator,id=7C386DD3-4BF1-4A34-A918-768C43CD1258" -derivedDataPath /Users/jojolim/Library/Developer/XcodeBuildMCP/workspaces/orchestrator-309442864093/DerivedData/SpeakLocalNative-8f3e721625a0 "-only-testing:SpeakLocalNativeUITests/CityAppDetailV22RenderProofUITests/testCaptureCityAppDetailV22RenderProofBatch"

2026-06-01 04:58:38.191696+0700 SpeakLocalNativeUITests-Runner[58901:7623262] [Default] Running tests...
    t =      nans Interface orientation changed to Portrait
Test Suite 'Selected tests' started at 2026-06-01 04:58:38.561.
Test Suite 'SpeakLocalNativeUITests.xctest' started at 2026-06-01 04:58:38.561.
Test Suite 'CityAppDetailV22RenderProofUITests' started at 2026-06-01 04:58:38.561.
Test Case '-[SpeakLocalNativeUITests.CityAppDetailV22RenderProofUITests testCaptureCityAppDetailV22RenderProofBatch]' started.
    t =     0.00s Start Test at 2026-06-01 04:58:38.562
    t =     0.02s Set Up
    t =     0.02s Open app.speaklocal.vietnam.native
    t =     0.02s     Launch app.speaklocal.vietnam.native
objc[58901]: Class UIAccessibilityLoaderWebShared is implemented in both /Library/Developer/CoreSimulator/Volumes/iOS_23F77/Library/Developer/CoreSimulator/Profiles/Runtimes/iOS 26.5.simruntime/Contents/Resources/RuntimeRoot/System/Library/AccessibilityBundles/WebCore.axbundle/WebCore (0x108604310) and /Library/Developer/CoreSimulator/Volumes/iOS_23F77/Library/Developer/CoreSimulator/Profiles/Runtimes/iOS 26.5.simruntime/Contents/Resources/RuntimeRoot/System/Library/AccessibilityBundles/WebKit.axbundle/WebKit (0x1079fc398). This may cause spurious casting failures and mysterious crashes. One of the duplicates must be removed or renamed.
    t =     1.90s         Setting up automation session
    t =     2.30s         Wait for app.speaklocal.vietnam.native to idle
    t =     3.76s Checking existence of `"Phố Bùi Viện" StaticText`
    t =     3.90s Waiting 8.0s for "Phố Bùi Viện" StaticText to exist
    t =     4.97s     Checking `Expect predicate `existsNoRetry == 1` for object "Phố Bùi Viện" StaticText`
    t =     4.97s         Checking existence of `"Phố Bùi Viện" StaticText`
    t =     5.13s Swipe up Target Application 'app.speaklocal.vietnam.native'
    t =     5.13s     Wait for app.speaklocal.vietnam.native to idle
    t =     5.13s     Find the Target Application 'app.speaklocal.vietnam.native'
    t =     5.15s     Check for interrupting elements affecting "SpeakLocal Vietnam" Application
    t =     5.16s     Synthesize event
    t =     5.58s     Wait for app.speaklocal.vietnam.native to idle
    t =     7.71s Swipe up Target Application 'app.speaklocal.vietnam.native'
    t =     7.71s     Wait for app.speaklocal.vietnam.native to idle
    t =     8.24s     Find the Target Application 'app.speaklocal.vietnam.native'
    t =     8.28s     Check for interrupting elements affecting "SpeakLocal Vietnam" Application
    t =     8.30s     Synthesize event
    t =     8.72s     Wait for app.speaklocal.vietnam.native to idle
    t =     9.43s Terminate app.speaklocal.vietnam.native:58979
    t =    10.53s Open app.speaklocal.vietnam.native
    t =    10.53s     Launch app.speaklocal.vietnam.native
    t =    10.75s         Setting up automation session
    t =    11.22s         Wait for app.speaklocal.vietnam.native to idle
    t =    12.69s Waiting 4.0s for TabBar (First Match) to exist
    t =    13.77s     Checking `Expect predicate `existsNoRetry == 1` for object TabBar (First Match)`
    t =    13.77s         Checking existence of `TabBar (First Match)`
    t =    13.83s Checking existence of `"PhraseArticle.BottomSentinel.viet-family-city-hcmc-place-bui-vien-street" Other`
    t =    13.91s Checking existence of `"PhraseArticle.BottomSentinel.viet-phrase-city-hcmc-place-bui-vien-street" Other`
    t =    13.94s Find the "PhraseArticle.BottomSentinel.viet-phrase-city-hcmc-place-bui-vien-street" Other
    t =    13.96s Checking existence of `TabBar (First Match)`
    t =    13.96s Find the TabBar (First Match)
    t =    13.97s Find the Target Application 'app.speaklocal.vietnam.native'
    t =    14.07s Terminate app.speaklocal.vietnam.native:59072
    t =    15.15s Tear Down
Test Case '-[SpeakLocalNativeUITests.CityAppDetailV22RenderProofUITests testCaptureCityAppDetailV22RenderProofBatch]' passed (15.231 seconds).
Test Suite 'CityAppDetailV22RenderProofUITests' passed at 2026-06-01 04:58:53.793.
	 Executed 1 test, with 0 failures (0 unexpected) in 15.231 (15.232) seconds
Test Suite 'SpeakLocalNativeUITests.xctest' passed at 2026-06-01 04:58:53.794.
	 Executed 1 test, with 0 failures (0 unexpected) in 15.231 (15.233) seconds
Test Suite 'Selected tests' passed at 2026-06-01 04:58:53.795.
	 Executed 1 test, with 0 failures (0 unexpected) in 15.231 (15.234) seconds

Test session results, code coverage, and logs:
	/Users/jojolim/Library/Developer/XcodeBuildMCP/workspaces/orchestrator-309442864093/DerivedData/SpeakLocalNative-8f3e721625a0/Logs/Test/Test-SpeakLocalNative-2026.06.01_04-58-37-+0700.xcresult

** TEST EXECUTE SUCCEEDED **

Testing started

2026-06-01 04:58:38.625 xcodebuild[58895:7623079] [MT] IDELaunchParametersSnapshot: The operation couldn’t be completed. (DebuggerLLDB.DebuggerVersionStore.StoreError error 0.)
2026-06-01 04:58:38.625 xcodebuild[58895:7623079] [MT] IDELaunchParametersSnapshot: no debugger version
2026-06-01 04:58:49.096 xcodebuild[58895:7623079] [MT] IDELaunchParametersSnapshot: The operation couldn’t be completed. (DebuggerLLDB.DebuggerVersionStore.StoreError error 0.)
2026-06-01 04:58:49.096 xcodebuild[58895:7623079] [MT] IDELaunchParametersSnapshot: no debugger version
2026-06-01 04:58:54.101 xcodebuild[58895:7623079] [MT] IDETestOperationsObserverDebug: 16.736 elapsed -- Testing started completed.
2026-06-01 04:58:54.101 xcodebuild[58895:7623079] [MT] IDETestOperationsObserverDebug: 0.000 sec, +0.000 sec -- start
2026-06-01 04:58:54.101 xcodebuild[58895:7623079] [MT] IDETestOperationsObserverDebug: 16.736 sec, +16.736 sec -- end
