Command line invocation:
    /Applications/Xcode.app/Contents/Developer/usr/bin/xcodebuild test-without-building -project /Users/jojolim/Developer/products/speaklocal/app-family/.worktrees/city-listings-production-ready/native-ios/SpeakLocalNative.xcodeproj -scheme SpeakLocalNative -destination "platform=iOS Simulator,id=7C386DD3-4BF1-4A34-A918-768C43CD1258" -derivedDataPath /Users/jojolim/Library/Developer/XcodeBuildMCP/workspaces/orchestrator-309442864093/DerivedData/SpeakLocalNative-8f3e721625a0 "-only-testing:SpeakLocalNativeUITests/CityAppDetailV22RenderProofUITests/testCaptureCityAppDetailV22RenderProofBatch"

2026-06-01 09:13:32.328366+0700 SpeakLocalNativeUITests-Runner[66202:8657632] [Default] Running tests...
    t =      nans Interface orientation changed to Portrait
Test Suite 'Selected tests' started at 2026-06-01 09:13:32.699.
Test Suite 'SpeakLocalNativeUITests.xctest' started at 2026-06-01 09:13:32.699.
Test Suite 'CityAppDetailV22RenderProofUITests' started at 2026-06-01 09:13:32.699.
Test Case '-[SpeakLocalNativeUITests.CityAppDetailV22RenderProofUITests testCaptureCityAppDetailV22RenderProofBatch]' started.
    t =     0.00s Start Test at 2026-06-01 09:13:32.699
    t =     0.02s Set Up
    t =     0.02s Open app.speaklocal.vietnam.native
    t =     0.02s     Launch app.speaklocal.vietnam.native
objc[66202]: Class UIAccessibilityLoaderWebShared is implemented in both /Library/Developer/CoreSimulator/Volumes/iOS_23F77/Library/Developer/CoreSimulator/Profiles/Runtimes/iOS 26.5.simruntime/Contents/Resources/RuntimeRoot/System/Library/AccessibilityBundles/WebCore.axbundle/WebCore (0x10a7cc310) and /Library/Developer/CoreSimulator/Volumes/iOS_23F77/Library/Developer/CoreSimulator/Profiles/Runtimes/iOS 26.5.simruntime/Contents/Resources/RuntimeRoot/System/Library/AccessibilityBundles/WebKit.axbundle/WebKit (0x109fe4398). This may cause spurious casting failures and mysterious crashes. One of the duplicates must be removed or renamed.
    t =     1.90s         Setting up automation session
    t =     2.36s         Wait for app.speaklocal.vietnam.native to idle
    t =     3.85s Checking existence of `"Phá Tam Giang" StaticText`
    t =     3.97s Waiting 8.0s for "Phá Tam Giang" StaticText to exist
    t =     5.00s     Checking `Expect predicate `existsNoRetry == 1` for object "Phá Tam Giang" StaticText`
    t =     5.01s         Checking existence of `"Phá Tam Giang" StaticText`
    t =     5.16s Swipe up Target Application 'app.speaklocal.vietnam.native'
    t =     5.16s     Wait for app.speaklocal.vietnam.native to idle
    t =     5.16s     Find the Target Application 'app.speaklocal.vietnam.native'
    t =     5.17s     Check for interrupting elements affecting "SpeakLocal Vietnam" Application
    t =     5.19s     Synthesize event
    t =     5.61s     Wait for app.speaklocal.vietnam.native to idle
    t =     7.74s Swipe up Target Application 'app.speaklocal.vietnam.native'
    t =     7.74s     Wait for app.speaklocal.vietnam.native to idle
    t =     7.74s     Find the Target Application 'app.speaklocal.vietnam.native'
    t =     7.77s     Check for interrupting elements affecting "SpeakLocal Vietnam" Application
    t =     7.79s     Synthesize event
    t =     8.22s     Wait for app.speaklocal.vietnam.native to idle
    t =     9.42s Terminate app.speaklocal.vietnam.native:66215
    t =    10.48s Open app.speaklocal.vietnam.native
    t =    10.48s     Launch app.speaklocal.vietnam.native
    t =    10.69s         Setting up automation session
    t =    11.17s         Wait for app.speaklocal.vietnam.native to idle
    t =    12.67s Waiting 4.0s for TabBar (First Match) to exist
    t =    13.67s     Checking `Expect predicate `existsNoRetry == 1` for object TabBar (First Match)`
    t =    13.67s         Checking existence of `TabBar (First Match)`
    t =    13.73s Checking existence of `"PhraseArticle.BottomSentinel.viet-family-city-hue-place-tam-giang-lagoon" Other`
    t =    13.81s Checking existence of `"PhraseArticle.BottomSentinel.viet-phrase-city-hue-place-tam-giang-lagoon" Other`
    t =    13.83s Find the "PhraseArticle.BottomSentinel.viet-phrase-city-hue-place-tam-giang-lagoon" Other
    t =    13.86s Checking existence of `TabBar (First Match)`
    t =    13.86s Find the TabBar (First Match)
    t =    13.87s Find the Target Application 'app.speaklocal.vietnam.native'
    t =    13.97s Terminate app.speaklocal.vietnam.native:66229
    t =    15.06s Tear Down
Test Case '-[SpeakLocalNativeUITests.CityAppDetailV22RenderProofUITests testCaptureCityAppDetailV22RenderProofBatch]' passed (15.163 seconds).
Test Suite 'CityAppDetailV22RenderProofUITests' passed at 2026-06-01 09:13:47.863.
	 Executed 1 test, with 0 failures (0 unexpected) in 15.163 (15.164) seconds
Test Suite 'SpeakLocalNativeUITests.xctest' passed at 2026-06-01 09:13:47.864.
	 Executed 1 test, with 0 failures (0 unexpected) in 15.163 (15.165) seconds
Test Suite 'Selected tests' passed at 2026-06-01 09:13:47.865.
	 Executed 1 test, with 0 failures (0 unexpected) in 15.163 (15.166) seconds

Test session results, code coverage, and logs:
	/Users/jojolim/Library/Developer/XcodeBuildMCP/workspaces/orchestrator-309442864093/DerivedData/SpeakLocalNative-8f3e721625a0/Logs/Test/Test-SpeakLocalNative-2026.06.01_09-13-31-+0700.xcresult

** TEST EXECUTE SUCCEEDED **

Testing started

2026-06-01 09:13:32.761 xcodebuild[66200:8657460] [MT] IDELaunchParametersSnapshot: The operation couldn’t be completed. (DebuggerLLDB.DebuggerVersionStore.StoreError error 0.)
2026-06-01 09:13:32.761 xcodebuild[66200:8657460] [MT] IDELaunchParametersSnapshot: no debugger version
2026-06-01 09:13:43.180 xcodebuild[66200:8657460] [MT] IDELaunchParametersSnapshot: The operation couldn’t be completed. (DebuggerLLDB.DebuggerVersionStore.StoreError error 0.)
2026-06-01 09:13:43.180 xcodebuild[66200:8657460] [MT] IDELaunchParametersSnapshot: no debugger version
2026-06-01 09:13:48.167 xcodebuild[66200:8657460] [MT] IDETestOperationsObserverDebug: 16.654 elapsed -- Testing started completed.
2026-06-01 09:13:48.167 xcodebuild[66200:8657460] [MT] IDETestOperationsObserverDebug: 0.000 sec, +0.000 sec -- start
2026-06-01 09:13:48.167 xcodebuild[66200:8657460] [MT] IDETestOperationsObserverDebug: 16.654 sec, +16.654 sec -- end
