Command line invocation:
    /Applications/Xcode.app/Contents/Developer/usr/bin/xcodebuild test-without-building -project /Users/jojolim/Developer/products/speaklocal/app-family/.worktrees/city-listings-production-ready/native-ios/SpeakLocalNative.xcodeproj -scheme SpeakLocalNative -destination "platform=iOS Simulator,id=7C386DD3-4BF1-4A34-A918-768C43CD1258" -derivedDataPath /Users/jojolim/Library/Developer/XcodeBuildMCP/workspaces/orchestrator-309442864093/DerivedData/SpeakLocalNative-8f3e721625a0 "-only-testing:SpeakLocalNativeUITests/CityAppDetailV22RenderProofUITests/testCaptureCityAppDetailV22RenderProofBatch"

2026-06-01 07:24:20.498150+0700 SpeakLocalNativeUITests-Runner[57906:8260201] [Default] Running tests...
    t =      nans Interface orientation changed to Portrait
Test Suite 'Selected tests' started at 2026-06-01 07:24:20.868.
Test Suite 'SpeakLocalNativeUITests.xctest' started at 2026-06-01 07:24:20.868.
Test Suite 'CityAppDetailV22RenderProofUITests' started at 2026-06-01 07:24:20.868.
Test Case '-[SpeakLocalNativeUITests.CityAppDetailV22RenderProofUITests testCaptureCityAppDetailV22RenderProofBatch]' started.
    t =     0.00s Start Test at 2026-06-01 07:24:20.869
    t =     0.02s Set Up
    t =     0.02s Open app.speaklocal.vietnam.native
    t =     0.02s     Launch app.speaklocal.vietnam.native
objc[57906]: Class UIAccessibilityLoaderWebShared is implemented in both /Library/Developer/CoreSimulator/Volumes/iOS_23F77/Library/Developer/CoreSimulator/Profiles/Runtimes/iOS 26.5.simruntime/Contents/Resources/RuntimeRoot/System/Library/AccessibilityBundles/WebCore.axbundle/WebCore (0x109230310) and /Library/Developer/CoreSimulator/Volumes/iOS_23F77/Library/Developer/CoreSimulator/Profiles/Runtimes/iOS 26.5.simruntime/Contents/Resources/RuntimeRoot/System/Library/AccessibilityBundles/WebKit.axbundle/WebKit (0x108ad0398). This may cause spurious casting failures and mysterious crashes. One of the duplicates must be removed or renamed.
    t =     1.89s         Setting up automation session
    t =     2.41s         Wait for app.speaklocal.vietnam.native to idle
    t =     3.87s Checking existence of `"Bảo tàng Y học Cổ truyền Việt Nam" StaticText`
    t =     4.01s Waiting 8.0s for "Bảo tàng Y học Cổ truyền Việt Nam" StaticText to exist
    t =     5.04s     Checking `Expect predicate `existsNoRetry == 1` for object "Bảo tàng Y học Cổ truyền Việt Nam" StaticText`
    t =     5.04s         Checking existence of `"Bảo tàng Y học Cổ truyền Việt Nam" StaticText`
    t =     5.20s Swipe up Target Application 'app.speaklocal.vietnam.native'
    t =     5.20s     Wait for app.speaklocal.vietnam.native to idle
    t =     5.21s     Find the Target Application 'app.speaklocal.vietnam.native'
    t =     5.22s     Check for interrupting elements affecting "SpeakLocal Vietnam" Application
    t =     5.24s     Synthesize event
    t =     5.66s     Wait for app.speaklocal.vietnam.native to idle
    t =     7.76s Swipe up Target Application 'app.speaklocal.vietnam.native'
    t =     7.76s     Wait for app.speaklocal.vietnam.native to idle
    t =     7.76s     Find the Target Application 'app.speaklocal.vietnam.native'
    t =     7.78s     Check for interrupting elements affecting "SpeakLocal Vietnam" Application
    t =     7.81s     Synthesize event
    t =     8.23s     Wait for app.speaklocal.vietnam.native to idle
    t =     9.00s Terminate app.speaklocal.vietnam.native:57930
    t =    10.06s Open app.speaklocal.vietnam.native
    t =    10.06s     Launch app.speaklocal.vietnam.native
    t =    10.28s         Setting up automation session
    t =    10.75s         Wait for app.speaklocal.vietnam.native to idle
    t =    12.25s Waiting 4.0s for TabBar (First Match) to exist
    t =    13.29s     Checking `Expect predicate `existsNoRetry == 1` for object TabBar (First Match)`
    t =    13.29s         Checking existence of `TabBar (First Match)`
    t =    13.35s Checking existence of `"PhraseArticle.BottomSentinel.viet-family-city-hcmc-place-fito-museum" Other`
    t =    13.43s Checking existence of `"PhraseArticle.BottomSentinel.viet-phrase-city-hcmc-place-fito-museum" Other`
    t =    13.45s Find the "PhraseArticle.BottomSentinel.viet-phrase-city-hcmc-place-fito-museum" Other
    t =    13.47s Checking existence of `TabBar (First Match)`
    t =    13.47s Find the TabBar (First Match)
    t =    13.48s Find the Target Application 'app.speaklocal.vietnam.native'
    t =    13.57s Terminate app.speaklocal.vietnam.native:58074
    t =    14.64s Tear Down
Test Case '-[SpeakLocalNativeUITests.CityAppDetailV22RenderProofUITests testCaptureCityAppDetailV22RenderProofBatch]' passed (14.704 seconds).
Test Suite 'CityAppDetailV22RenderProofUITests' passed at 2026-06-01 07:24:35.574.
	 Executed 1 test, with 0 failures (0 unexpected) in 14.704 (14.706) seconds
Test Suite 'SpeakLocalNativeUITests.xctest' passed at 2026-06-01 07:24:35.575.
	 Executed 1 test, with 0 failures (0 unexpected) in 14.704 (14.707) seconds
Test Suite 'Selected tests' passed at 2026-06-01 07:24:35.576.
	 Executed 1 test, with 0 failures (0 unexpected) in 14.704 (14.707) seconds

Test session results, code coverage, and logs:
	/Users/jojolim/Library/Developer/XcodeBuildMCP/workspaces/orchestrator-309442864093/DerivedData/SpeakLocalNative-8f3e721625a0/Logs/Test/Test-SpeakLocalNative-2026.06.01_07-24-19-+0700.xcresult

** TEST EXECUTE SUCCEEDED **

Testing started

2026-06-01 07:24:20.925 xcodebuild[57904:8260037] [MT] IDELaunchParametersSnapshot: The operation couldn’t be completed. (DebuggerLLDB.DebuggerVersionStore.StoreError error 0.)
2026-06-01 07:24:20.925 xcodebuild[57904:8260037] [MT] IDELaunchParametersSnapshot: no debugger version
2026-06-01 07:24:30.930 xcodebuild[57904:8260037] [MT] IDELaunchParametersSnapshot: The operation couldn’t be completed. (DebuggerLLDB.DebuggerVersionStore.StoreError error 0.)
2026-06-01 07:24:30.930 xcodebuild[57904:8260037] [MT] IDELaunchParametersSnapshot: no debugger version
2026-06-01 07:24:35.880 xcodebuild[57904:8260037] [MT] IDETestOperationsObserverDebug: 16.180 elapsed -- Testing started completed.
2026-06-01 07:24:35.880 xcodebuild[57904:8260037] [MT] IDETestOperationsObserverDebug: 0.000 sec, +0.000 sec -- start
2026-06-01 07:24:35.880 xcodebuild[57904:8260037] [MT] IDETestOperationsObserverDebug: 16.180 sec, +16.180 sec -- end
