Command line invocation:
    /Applications/Xcode.app/Contents/Developer/usr/bin/xcodebuild test-without-building -project /Users/jojolim/Developer/products/speaklocal/app-family/.worktrees/city-listings-production-ready/native-ios/SpeakLocalNative.xcodeproj -scheme SpeakLocalNative -destination "platform=iOS Simulator,id=7C386DD3-4BF1-4A34-A918-768C43CD1258" -derivedDataPath /Users/jojolim/Library/Developer/XcodeBuildMCP/workspaces/orchestrator-309442864093/DerivedData/SpeakLocalNative-8f3e721625a0 "-only-testing:SpeakLocalNativeUITests/CityAppDetailV22RenderProofUITests/testCaptureCityAppDetailV22RenderProofBatch"

2026-06-01 07:06:48.366322+0700 SpeakLocalNativeUITests-Runner[40782:8184430] [Default] Running tests...
    t =      nans Interface orientation changed to Portrait
Test Suite 'Selected tests' started at 2026-06-01 07:06:48.736.
Test Suite 'SpeakLocalNativeUITests.xctest' started at 2026-06-01 07:06:48.736.
Test Suite 'CityAppDetailV22RenderProofUITests' started at 2026-06-01 07:06:48.736.
Test Case '-[SpeakLocalNativeUITests.CityAppDetailV22RenderProofUITests testCaptureCityAppDetailV22RenderProofBatch]' started.
    t =     0.00s Start Test at 2026-06-01 07:06:48.737
    t =     0.02s Set Up
    t =     0.02s Open app.speaklocal.vietnam.native
    t =     0.02s     Launch app.speaklocal.vietnam.native
objc[40782]: Class UIAccessibilityLoaderWebShared is implemented in both /Library/Developer/CoreSimulator/Volumes/iOS_23F77/Library/Developer/CoreSimulator/Profiles/Runtimes/iOS 26.5.simruntime/Contents/Resources/RuntimeRoot/System/Library/AccessibilityBundles/WebCore.axbundle/WebCore (0x105eb0310) and /Library/Developer/CoreSimulator/Volumes/iOS_23F77/Library/Developer/CoreSimulator/Profiles/Runtimes/iOS 26.5.simruntime/Contents/Resources/RuntimeRoot/System/Library/AccessibilityBundles/WebKit.axbundle/WebKit (0x1057e4398). This may cause spurious casting failures and mysterious crashes. One of the duplicates must be removed or renamed.
    t =     1.89s         Setting up automation session
    t =     2.36s         Wait for app.speaklocal.vietnam.native to idle
    t =     3.87s Checking existence of `"Hibana by Koki" StaticText`
    t =     4.02s Waiting 8.0s for "Hibana by Koki" StaticText to exist
    t =     5.07s     Checking `Expect predicate `existsNoRetry == 1` for object "Hibana by Koki" StaticText`
    t =     5.07s         Checking existence of `"Hibana by Koki" StaticText`
    t =     5.23s Swipe up Target Application 'app.speaklocal.vietnam.native'
    t =     5.23s     Wait for app.speaklocal.vietnam.native to idle
    t =     5.23s     Find the Target Application 'app.speaklocal.vietnam.native'
    t =     5.25s     Check for interrupting elements affecting "SpeakLocal Vietnam" Application
    t =     5.26s     Synthesize event
    t =     5.68s     Wait for app.speaklocal.vietnam.native to idle
    t =     7.79s Swipe up Target Application 'app.speaklocal.vietnam.native'
    t =     7.79s     Wait for app.speaklocal.vietnam.native to idle
    t =     7.79s     Find the Target Application 'app.speaklocal.vietnam.native'
    t =     7.82s     Check for interrupting elements affecting "SpeakLocal Vietnam" Application
    t =     7.84s     Synthesize event
    t =     8.27s     Wait for app.speaklocal.vietnam.native to idle
    t =     8.95s Terminate app.speaklocal.vietnam.native:40865
    t =    10.02s Open app.speaklocal.vietnam.native
    t =    10.02s     Launch app.speaklocal.vietnam.native
    t =    10.23s         Setting up automation session
    t =    10.71s         Wait for app.speaklocal.vietnam.native to idle
    t =    12.17s Waiting 4.0s for TabBar (First Match) to exist
    t =    13.23s     Checking `Expect predicate `existsNoRetry == 1` for object TabBar (First Match)`
    t =    13.23s         Checking existence of `TabBar (First Match)`
    t =    13.28s Checking existence of `"PhraseArticle.BottomSentinel.viet-family-city-hanoi-place-hibana-by-koki" Other`
    t =    13.36s Checking existence of `"PhraseArticle.BottomSentinel.viet-phrase-city-hanoi-place-hibana-by-koki" Other`
    t =    13.38s Find the "PhraseArticle.BottomSentinel.viet-phrase-city-hanoi-place-hibana-by-koki" Other
    t =    13.40s Checking existence of `TabBar (First Match)`
    t =    13.41s Find the TabBar (First Match)
    t =    13.41s Find the Target Application 'app.speaklocal.vietnam.native'
    t =    13.50s Terminate app.speaklocal.vietnam.native:40949
    t =    14.57s Tear Down
Test Case '-[SpeakLocalNativeUITests.CityAppDetailV22RenderProofUITests testCaptureCityAppDetailV22RenderProofBatch]' passed (14.649 seconds).
Test Suite 'CityAppDetailV22RenderProofUITests' passed at 2026-06-01 07:07:03.387.
	 Executed 1 test, with 0 failures (0 unexpected) in 14.649 (14.650) seconds
Test Suite 'SpeakLocalNativeUITests.xctest' passed at 2026-06-01 07:07:03.388.
	 Executed 1 test, with 0 failures (0 unexpected) in 14.649 (14.651) seconds
Test Suite 'Selected tests' passed at 2026-06-01 07:07:03.389.
	 Executed 1 test, with 0 failures (0 unexpected) in 14.649 (14.653) seconds

Test session results, code coverage, and logs:
	/Users/jojolim/Library/Developer/XcodeBuildMCP/workspaces/orchestrator-309442864093/DerivedData/SpeakLocalNative-8f3e721625a0/Logs/Test/Test-SpeakLocalNative-2026.06.01_07-06-47-+0700.xcresult

** TEST EXECUTE SUCCEEDED **

Testing started

2026-06-01 07:06:48.798 xcodebuild[40778:8184243] [MT] IDELaunchParametersSnapshot: The operation couldn’t be completed. (DebuggerLLDB.DebuggerVersionStore.StoreError error 0.)
2026-06-01 07:06:48.798 xcodebuild[40778:8184243] [MT] IDELaunchParametersSnapshot: no debugger version
2026-06-01 07:06:58.760 xcodebuild[40778:8184243] [MT] IDELaunchParametersSnapshot: The operation couldn’t be completed. (DebuggerLLDB.DebuggerVersionStore.StoreError error 0.)
2026-06-01 07:06:58.760 xcodebuild[40778:8184243] [MT] IDELaunchParametersSnapshot: no debugger version
2026-06-01 07:07:03.691 xcodebuild[40778:8184243] [MT] IDETestOperationsObserverDebug: 16.114 elapsed -- Testing started completed.
2026-06-01 07:07:03.691 xcodebuild[40778:8184243] [MT] IDETestOperationsObserverDebug: 0.000 sec, +0.000 sec -- start
2026-06-01 07:07:03.691 xcodebuild[40778:8184243] [MT] IDETestOperationsObserverDebug: 16.114 sec, +16.114 sec -- end
