Command line invocation:
    /Applications/Xcode.app/Contents/Developer/usr/bin/xcodebuild test-without-building -project /Users/jojolim/Developer/products/speaklocal/app-family/.worktrees/city-listings-production-ready/native-ios/SpeakLocalNative.xcodeproj -scheme SpeakLocalNative -destination "platform=iOS Simulator,id=7C386DD3-4BF1-4A34-A918-768C43CD1258" -derivedDataPath /Users/jojolim/Library/Developer/XcodeBuildMCP/workspaces/orchestrator-309442864093/DerivedData/SpeakLocalNative-8f3e721625a0 "-only-testing:SpeakLocalNativeUITests/CityAppDetailV22RenderProofUITests/testCaptureCityAppDetailV22RenderProofBatch"

2026-06-01 08:54:34.382789+0700 SpeakLocalNativeUITests-Runner[53920:8595070] [Default] Running tests...
    t =      nans Interface orientation changed to Portrait
Test Suite 'Selected tests' started at 2026-06-01 08:54:34.747.
Test Suite 'SpeakLocalNativeUITests.xctest' started at 2026-06-01 08:54:34.748.
Test Suite 'CityAppDetailV22RenderProofUITests' started at 2026-06-01 08:54:34.748.
Test Case '-[SpeakLocalNativeUITests.CityAppDetailV22RenderProofUITests testCaptureCityAppDetailV22RenderProofBatch]' started.
    t =     0.00s Start Test at 2026-06-01 08:54:34.748
    t =     0.02s Set Up
    t =     0.02s Open app.speaklocal.vietnam.native
    t =     0.02s     Launch app.speaklocal.vietnam.native
objc[53920]: Class UIAccessibilityLoaderWebShared is implemented in both /Library/Developer/CoreSimulator/Volumes/iOS_23F77/Library/Developer/CoreSimulator/Profiles/Runtimes/iOS 26.5.simruntime/Contents/Resources/RuntimeRoot/System/Library/AccessibilityBundles/WebCore.axbundle/WebCore (0x10a660310) and /Library/Developer/CoreSimulator/Volumes/iOS_23F77/Library/Developer/CoreSimulator/Profiles/Runtimes/iOS 26.5.simruntime/Contents/Resources/RuntimeRoot/System/Library/AccessibilityBundles/WebKit.axbundle/WebKit (0x109eb0398). This may cause spurious casting failures and mysterious crashes. One of the duplicates must be removed or renamed.
    t =     1.88s         Setting up automation session
    t =     2.30s         Wait for app.speaklocal.vietnam.native to idle
    t =     3.79s Checking existence of `"Kỳ Đài Huế" StaticText`
    t =     3.92s Waiting 8.0s for "Kỳ Đài Huế" StaticText to exist
    t =     4.97s     Checking `Expect predicate `existsNoRetry == 1` for object "Kỳ Đài Huế" StaticText`
    t =     4.97s         Checking existence of `"Kỳ Đài Huế" StaticText`
    t =     5.13s Swipe up Target Application 'app.speaklocal.vietnam.native'
    t =     5.13s     Wait for app.speaklocal.vietnam.native to idle
    t =     5.13s     Find the Target Application 'app.speaklocal.vietnam.native'
    t =     5.15s     Check for interrupting elements affecting "SpeakLocal Vietnam" Application
    t =     5.17s     Synthesize event
    t =     5.60s     Wait for app.speaklocal.vietnam.native to idle
    t =     7.70s Swipe up Target Application 'app.speaklocal.vietnam.native'
    t =     7.70s     Wait for app.speaklocal.vietnam.native to idle
    t =     7.70s     Find the Target Application 'app.speaklocal.vietnam.native'
    t =     7.73s     Check for interrupting elements affecting "SpeakLocal Vietnam" Application
    t =     7.76s     Synthesize event
    t =     8.19s     Wait for app.speaklocal.vietnam.native to idle
    t =     8.85s Terminate app.speaklocal.vietnam.native:53926
    t =     9.93s Open app.speaklocal.vietnam.native
    t =     9.93s     Launch app.speaklocal.vietnam.native
    t =    10.14s         Setting up automation session
    t =    10.61s         Wait for app.speaklocal.vietnam.native to idle
    t =    12.08s Waiting 4.0s for TabBar (First Match) to exist
    t =    13.12s     Checking `Expect predicate `existsNoRetry == 1` for object TabBar (First Match)`
    t =    13.12s         Checking existence of `TabBar (First Match)`
    t =    13.17s Checking existence of `"PhraseArticle.BottomSentinel.viet-family-city-hue-place-flag-tower" Other`
    t =    13.25s Checking existence of `"PhraseArticle.BottomSentinel.viet-phrase-city-hue-place-flag-tower" Other`
    t =    13.27s Find the "PhraseArticle.BottomSentinel.viet-phrase-city-hue-place-flag-tower" Other
    t =    13.29s Checking existence of `TabBar (First Match)`
    t =    13.29s Find the TabBar (First Match)
    t =    13.30s Find the Target Application 'app.speaklocal.vietnam.native'
    t =    13.40s Terminate app.speaklocal.vietnam.native:54025
    t =    14.45s Tear Down
Test Case '-[SpeakLocalNativeUITests.CityAppDetailV22RenderProofUITests testCaptureCityAppDetailV22RenderProofBatch]' passed (14.505 seconds).
Test Suite 'CityAppDetailV22RenderProofUITests' passed at 2026-06-01 08:54:49.254.
	 Executed 1 test, with 0 failures (0 unexpected) in 14.505 (14.506) seconds
Test Suite 'SpeakLocalNativeUITests.xctest' passed at 2026-06-01 08:54:49.255.
	 Executed 1 test, with 0 failures (0 unexpected) in 14.505 (14.507) seconds
Test Suite 'Selected tests' passed at 2026-06-01 08:54:49.255.
	 Executed 1 test, with 0 failures (0 unexpected) in 14.505 (14.508) seconds

Test session results, code coverage, and logs:
	/Users/jojolim/Library/Developer/XcodeBuildMCP/workspaces/orchestrator-309442864093/DerivedData/SpeakLocalNative-8f3e721625a0/Logs/Test/Test-SpeakLocalNative-2026.06.01_08-54-33-+0700.xcresult

** TEST EXECUTE SUCCEEDED **

Testing started

2026-06-01 08:54:34.807 xcodebuild[53914:8594887] [MT] IDELaunchParametersSnapshot: The operation couldn’t be completed. (DebuggerLLDB.DebuggerVersionStore.StoreError error 0.)
2026-06-01 08:54:34.807 xcodebuild[53914:8594887] [MT] IDELaunchParametersSnapshot: no debugger version
2026-06-01 08:54:44.682 xcodebuild[53914:8594887] [MT] IDELaunchParametersSnapshot: The operation couldn’t be completed. (DebuggerLLDB.DebuggerVersionStore.StoreError error 0.)
2026-06-01 08:54:44.682 xcodebuild[53914:8594887] [MT] IDELaunchParametersSnapshot: no debugger version
2026-06-01 08:54:49.555 xcodebuild[53914:8594887] [MT] IDETestOperationsObserverDebug: 15.981 elapsed -- Testing started completed.
2026-06-01 08:54:49.555 xcodebuild[53914:8594887] [MT] IDETestOperationsObserverDebug: 0.000 sec, +0.000 sec -- start
2026-06-01 08:54:49.555 xcodebuild[53914:8594887] [MT] IDETestOperationsObserverDebug: 15.981 sec, +15.981 sec -- end
