Command line invocation:
    /Applications/Xcode.app/Contents/Developer/usr/bin/xcodebuild test-without-building -project /Users/jojolim/Developer/products/speaklocal/app-family/.worktrees/city-listings-production-ready/native-ios/SpeakLocalNative.xcodeproj -scheme SpeakLocalNative -destination "platform=iOS Simulator,id=7C386DD3-4BF1-4A34-A918-768C43CD1258" -derivedDataPath /Users/jojolim/Library/Developer/XcodeBuildMCP/workspaces/orchestrator-309442864093/DerivedData/SpeakLocalNative-8f3e721625a0 "-only-testing:SpeakLocalNativeUITests/CityAppDetailV22RenderProofUITests/testCaptureCityAppDetailV22RenderProofBatch"

2026-06-01 04:29:59.891270+0700 SpeakLocalNativeUITests-Runner[25928:7503920] [Default] Running tests...
    t =      nans Interface orientation changed to Portrait
Test Suite 'Selected tests' started at 2026-06-01 04:30:00.271.
Test Suite 'SpeakLocalNativeUITests.xctest' started at 2026-06-01 04:30:00.271.
Test Suite 'CityAppDetailV22RenderProofUITests' started at 2026-06-01 04:30:00.271.
Test Case '-[SpeakLocalNativeUITests.CityAppDetailV22RenderProofUITests testCaptureCityAppDetailV22RenderProofBatch]' started.
    t =     0.00s Start Test at 2026-06-01 04:30:00.272
    t =     0.01s Set Up
    t =     0.02s Open app.speaklocal.vietnam.native
    t =     0.02s     Launch app.speaklocal.vietnam.native
objc[25928]: Class UIAccessibilityLoaderWebShared is implemented in both /Library/Developer/CoreSimulator/Volumes/iOS_23F77/Library/Developer/CoreSimulator/Profiles/Runtimes/iOS 26.5.simruntime/Contents/Resources/RuntimeRoot/System/Library/AccessibilityBundles/WebCore.axbundle/WebCore (0x10b204310) and /Library/Developer/CoreSimulator/Volumes/iOS_23F77/Library/Developer/CoreSimulator/Profiles/Runtimes/iOS 26.5.simruntime/Contents/Resources/RuntimeRoot/System/Library/AccessibilityBundles/WebKit.axbundle/WebKit (0x10a63c398). This may cause spurious casting failures and mysterious crashes. One of the duplicates must be removed or renamed.
    t =     1.90s         Setting up automation session
    t =     2.43s         Wait for app.speaklocal.vietnam.native to idle
    t =     3.93s Checking existence of `"Tượng Cá Chép Hóa Rồng" StaticText`
    t =     4.08s Waiting 8.0s for "Tượng Cá Chép Hóa Rồng" StaticText to exist
    t =     5.16s     Checking `Expect predicate `existsNoRetry == 1` for object "Tượng Cá Chép Hóa Rồng" StaticText`
    t =     5.16s         Checking existence of `"Tượng Cá Chép Hóa Rồng" StaticText`
    t =     5.32s Swipe up Target Application 'app.speaklocal.vietnam.native'
    t =     5.32s     Wait for app.speaklocal.vietnam.native to idle
    t =     5.32s     Find the Target Application 'app.speaklocal.vietnam.native'
    t =     5.33s     Check for interrupting elements affecting "SpeakLocal Vietnam" Application
    t =     5.35s     Synthesize event
    t =     5.77s     Wait for app.speaklocal.vietnam.native to idle
    t =     7.88s Swipe up Target Application 'app.speaklocal.vietnam.native'
    t =     7.88s     Wait for app.speaklocal.vietnam.native to idle
    t =     7.88s     Find the Target Application 'app.speaklocal.vietnam.native'
    t =     7.91s     Check for interrupting elements affecting "SpeakLocal Vietnam" Application
    t =     7.93s     Synthesize event
    t =     8.35s     Wait for app.speaklocal.vietnam.native to idle
    t =     9.15s Terminate app.speaklocal.vietnam.native:26013
    t =    10.24s Open app.speaklocal.vietnam.native
    t =    10.24s     Launch app.speaklocal.vietnam.native
    t =    10.45s         Setting up automation session
    t =    10.91s         Wait for app.speaklocal.vietnam.native to idle
    t =    12.40s Waiting 4.0s for TabBar (First Match) to exist
    t =    13.47s     Checking `Expect predicate `existsNoRetry == 1` for object TabBar (First Match)`
    t =    13.47s         Checking existence of `TabBar (First Match)`
    t =    13.50s Checking existence of `"PhraseArticle.BottomSentinel.viet-family-city-danang-place-dragon-carp-statue" Other`
    t =    13.58s Checking existence of `"PhraseArticle.BottomSentinel.viet-phrase-city-danang-place-dragon-carp-statue" Other`
    t =    13.61s Find the "PhraseArticle.BottomSentinel.viet-phrase-city-danang-place-dragon-carp-statue" Other
    t =    13.63s Checking existence of `TabBar (First Match)`
    t =    13.64s Find the TabBar (First Match)
    t =    13.64s Find the Target Application 'app.speaklocal.vietnam.native'
    t =    13.74s Terminate app.speaklocal.vietnam.native:26101
    t =    14.83s Tear Down
Test Case '-[SpeakLocalNativeUITests.CityAppDetailV22RenderProofUITests testCaptureCityAppDetailV22RenderProofBatch]' passed (14.877 seconds).
Test Suite 'CityAppDetailV22RenderProofUITests' passed at 2026-06-01 04:30:15.150.
	 Executed 1 test, with 0 failures (0 unexpected) in 14.877 (14.879) seconds
Test Suite 'SpeakLocalNativeUITests.xctest' passed at 2026-06-01 04:30:15.151.
	 Executed 1 test, with 0 failures (0 unexpected) in 14.877 (14.880) seconds
Test Suite 'Selected tests' passed at 2026-06-01 04:30:15.152.
	 Executed 1 test, with 0 failures (0 unexpected) in 14.877 (14.881) seconds

Test session results, code coverage, and logs:
	/Users/jojolim/Library/Developer/XcodeBuildMCP/workspaces/orchestrator-309442864093/DerivedData/SpeakLocalNative-8f3e721625a0/Logs/Test/Test-SpeakLocalNative-2026.06.01_04-29-58-+0700.xcresult

** TEST EXECUTE SUCCEEDED **

Testing started

2026-06-01 04:30:00.334 xcodebuild[25924:7503752] [MT] IDELaunchParametersSnapshot: The operation couldn’t be completed. (DebuggerLLDB.DebuggerVersionStore.StoreError error 0.)
2026-06-01 04:30:00.334 xcodebuild[25924:7503752] [MT] IDELaunchParametersSnapshot: no debugger version
2026-06-01 04:30:10.515 xcodebuild[25924:7503752] [MT] IDELaunchParametersSnapshot: The operation couldn’t be completed. (DebuggerLLDB.DebuggerVersionStore.StoreError error 0.)
2026-06-01 04:30:10.515 xcodebuild[25924:7503752] [MT] IDELaunchParametersSnapshot: no debugger version
2026-06-01 04:30:15.458 xcodebuild[25924:7503752] [MT] IDETestOperationsObserverDebug: 16.374 elapsed -- Testing started completed.
2026-06-01 04:30:15.458 xcodebuild[25924:7503752] [MT] IDETestOperationsObserverDebug: 0.000 sec, +0.000 sec -- start
2026-06-01 04:30:15.458 xcodebuild[25924:7503752] [MT] IDETestOperationsObserverDebug: 16.374 sec, +16.374 sec -- end
