Command line invocation:
    /Applications/Xcode.app/Contents/Developer/usr/bin/xcodebuild test-without-building -project /Users/jojolim/Developer/products/speaklocal/app-family/.worktrees/city-listings-production-ready/native-ios/SpeakLocalNative.xcodeproj -scheme SpeakLocalNative -destination "platform=iOS Simulator,id=7C386DD3-4BF1-4A34-A918-768C43CD1258" -derivedDataPath /Users/jojolim/Library/Developer/XcodeBuildMCP/workspaces/orchestrator-309442864093/DerivedData/SpeakLocalNative-8f3e721625a0 "-only-testing:SpeakLocalNativeUITests/CityAppDetailV22RenderProofUITests/testCaptureCityAppDetailV22RenderProofBatch"

2026-06-01 04:29:25.897052+0700 SpeakLocalNativeUITests-Runner[25369:7501382] [Default] Running tests...
    t =      nans Interface orientation changed to Portrait
Test Suite 'Selected tests' started at 2026-06-01 04:29:26.261.
Test Suite 'SpeakLocalNativeUITests.xctest' started at 2026-06-01 04:29:26.261.
Test Suite 'CityAppDetailV22RenderProofUITests' started at 2026-06-01 04:29:26.261.
Test Case '-[SpeakLocalNativeUITests.CityAppDetailV22RenderProofUITests testCaptureCityAppDetailV22RenderProofBatch]' started.
    t =     0.00s Start Test at 2026-06-01 04:29:26.262
    t =     0.02s Set Up
    t =     0.02s Open app.speaklocal.vietnam.native
    t =     0.02s     Launch app.speaklocal.vietnam.native
objc[25369]: Class UIAccessibilityLoaderWebShared is implemented in both /Library/Developer/CoreSimulator/Volumes/iOS_23F77/Library/Developer/CoreSimulator/Profiles/Runtimes/iOS 26.5.simruntime/Contents/Resources/RuntimeRoot/System/Library/AccessibilityBundles/WebCore.axbundle/WebCore (0x10b00c310) and /Library/Developer/CoreSimulator/Volumes/iOS_23F77/Library/Developer/CoreSimulator/Profiles/Runtimes/iOS 26.5.simruntime/Contents/Resources/RuntimeRoot/System/Library/AccessibilityBundles/WebKit.axbundle/WebKit (0x10a874398). This may cause spurious casting failures and mysterious crashes. One of the duplicates must be removed or renamed.
    t =     1.90s         Setting up automation session
    t =     2.32s         Wait for app.speaklocal.vietnam.native to idle
    t =     3.81s Checking existence of `"Quầy vé phố cổ Hội An" StaticText`
    t =     3.95s Waiting 8.0s for "Quầy vé phố cổ Hội An" StaticText to exist
    t =     5.02s     Checking `Expect predicate `existsNoRetry == 1` for object "Quầy vé phố cổ Hội An" StaticText`
    t =     5.02s         Checking existence of `"Quầy vé phố cổ Hội An" StaticText`
    t =     5.19s Swipe up Target Application 'app.speaklocal.vietnam.native'
    t =     5.19s     Wait for app.speaklocal.vietnam.native to idle
    t =     5.19s     Find the Target Application 'app.speaklocal.vietnam.native'
    t =     5.20s     Check for interrupting elements affecting "SpeakLocal Vietnam" Application
    t =     5.22s     Synthesize event
    t =     5.64s     Wait for app.speaklocal.vietnam.native to idle
    t =     7.77s Swipe up Target Application 'app.speaklocal.vietnam.native'
    t =     7.77s     Wait for app.speaklocal.vietnam.native to idle
    t =     7.77s     Find the Target Application 'app.speaklocal.vietnam.native'
    t =     7.80s     Check for interrupting elements affecting "SpeakLocal Vietnam" Application
    t =     7.83s     Synthesize event
    t =     8.24s     Wait for app.speaklocal.vietnam.native to idle
    t =     9.02s Terminate app.speaklocal.vietnam.native:25452
    t =    10.11s Open app.speaklocal.vietnam.native
    t =    10.11s     Launch app.speaklocal.vietnam.native
    t =    10.34s         Setting up automation session
    t =    10.83s         Wait for app.speaklocal.vietnam.native to idle
    t =    12.33s Waiting 4.0s for TabBar (First Match) to exist
    t =    13.40s     Checking `Expect predicate `existsNoRetry == 1` for object TabBar (First Match)`
    t =    13.40s         Checking existence of `TabBar (First Match)`
    t =    13.46s Checking existence of `"PhraseArticle.BottomSentinel.viet-family-city-hoian-place-ancient-town-ticket-booth" Other`
    t =    13.54s Checking existence of `"PhraseArticle.BottomSentinel.viet-phrase-city-hoian-place-ancient-town-ticket-booth" Other`
    t =    13.56s Find the "PhraseArticle.BottomSentinel.viet-phrase-city-hoian-place-ancient-town-ticket-booth" Other
    t =    13.58s Checking existence of `TabBar (First Match)`
    t =    13.58s Find the TabBar (First Match)
    t =    13.59s Find the Target Application 'app.speaklocal.vietnam.native'
    t =    13.68s Terminate app.speaklocal.vietnam.native:25539
    t =    14.77s Tear Down
Test Case '-[SpeakLocalNativeUITests.CityAppDetailV22RenderProofUITests testCaptureCityAppDetailV22RenderProofBatch]' passed (14.848 seconds).
Test Suite 'CityAppDetailV22RenderProofUITests' passed at 2026-06-01 04:29:41.110.
	 Executed 1 test, with 0 failures (0 unexpected) in 14.848 (14.849) seconds
Test Suite 'SpeakLocalNativeUITests.xctest' passed at 2026-06-01 04:29:41.111.
	 Executed 1 test, with 0 failures (0 unexpected) in 14.848 (14.850) seconds
Test Suite 'Selected tests' passed at 2026-06-01 04:29:41.112.
	 Executed 1 test, with 0 failures (0 unexpected) in 14.848 (14.851) seconds

Test session results, code coverage, and logs:
	/Users/jojolim/Library/Developer/XcodeBuildMCP/workspaces/orchestrator-309442864093/DerivedData/SpeakLocalNative-8f3e721625a0/Logs/Test/Test-SpeakLocalNative-2026.06.01_04-29-24-+0700.xcresult

** TEST EXECUTE SUCCEEDED **

Testing started

2026-06-01 04:29:26.322 xcodebuild[25366:7501220] [MT] IDELaunchParametersSnapshot: The operation couldn’t be completed. (DebuggerLLDB.DebuggerVersionStore.StoreError error 0.)
2026-06-01 04:29:26.322 xcodebuild[25366:7501220] [MT] IDELaunchParametersSnapshot: no debugger version
2026-06-01 04:29:36.377 xcodebuild[25366:7501220] [MT] IDELaunchParametersSnapshot: The operation couldn’t be completed. (DebuggerLLDB.DebuggerVersionStore.StoreError error 0.)
2026-06-01 04:29:36.378 xcodebuild[25366:7501220] [MT] IDELaunchParametersSnapshot: no debugger version
2026-06-01 04:29:41.416 xcodebuild[25366:7501220] [MT] IDETestOperationsObserverDebug: 16.279 elapsed -- Testing started completed.
2026-06-01 04:29:41.416 xcodebuild[25366:7501220] [MT] IDETestOperationsObserverDebug: 0.000 sec, +0.000 sec -- start
2026-06-01 04:29:41.416 xcodebuild[25366:7501220] [MT] IDETestOperationsObserverDebug: 16.279 sec, +16.279 sec -- end
