Command line invocation:
    /Applications/Xcode.app/Contents/Developer/usr/bin/xcodebuild test-without-building -project /Users/jojolim/Developer/products/speaklocal/app-family/.worktrees/city-listings-production-ready/native-ios/SpeakLocalNative.xcodeproj -scheme SpeakLocalNative -destination "platform=iOS Simulator,id=7C386DD3-4BF1-4A34-A918-768C43CD1258" -derivedDataPath /Users/jojolim/Library/Developer/XcodeBuildMCP/workspaces/orchestrator-309442864093/DerivedData/SpeakLocalNative-8f3e721625a0 "-only-testing:SpeakLocalNativeUITests/CityAppDetailV22RenderProofUITests/testCaptureCityAppDetailV22RenderProofBatch"

2026-06-01 05:08:09.342161+0700 SpeakLocalNativeUITests-Runner[71432:7667761] [Default] Running tests...
    t =      nans Interface orientation changed to Portrait
Test Suite 'Selected tests' started at 2026-06-01 05:08:09.709.
Test Suite 'SpeakLocalNativeUITests.xctest' started at 2026-06-01 05:08:09.710.
Test Suite 'CityAppDetailV22RenderProofUITests' started at 2026-06-01 05:08:09.710.
Test Case '-[SpeakLocalNativeUITests.CityAppDetailV22RenderProofUITests testCaptureCityAppDetailV22RenderProofBatch]' started.
    t =     0.00s Start Test at 2026-06-01 05:08:09.710
    t =     0.02s Set Up
    t =     0.02s Open app.speaklocal.vietnam.native
    t =     0.02s     Launch app.speaklocal.vietnam.native
objc[71432]: Class UIAccessibilityLoaderWebShared is implemented in both /Library/Developer/CoreSimulator/Volumes/iOS_23F77/Library/Developer/CoreSimulator/Profiles/Runtimes/iOS 26.5.simruntime/Contents/Resources/RuntimeRoot/System/Library/AccessibilityBundles/WebCore.axbundle/WebCore (0x107ea0310) and /Library/Developer/CoreSimulator/Volumes/iOS_23F77/Library/Developer/CoreSimulator/Profiles/Runtimes/iOS 26.5.simruntime/Contents/Resources/RuntimeRoot/System/Library/AccessibilityBundles/WebKit.axbundle/WebKit (0x107c38398). This may cause spurious casting failures and mysterious crashes. One of the duplicates must be removed or renamed.
    t =     2.09s         Setting up automation session
    t =     2.57s         Wait for app.speaklocal.vietnam.native to idle
    t =     4.05s Checking existence of `"Vườn Bách Thảo Hà Nội" StaticText`
    t =     4.19s Waiting 8.0s for "Vườn Bách Thảo Hà Nội" StaticText to exist
    t =     5.25s     Checking `Expect predicate `existsNoRetry == 1` for object "Vườn Bách Thảo Hà Nội" StaticText`
    t =     5.26s         Checking existence of `"Vườn Bách Thảo Hà Nội" StaticText`
    t =     5.42s Swipe up Target Application 'app.speaklocal.vietnam.native'
    t =     5.42s     Wait for app.speaklocal.vietnam.native to idle
    t =     5.42s     Find the Target Application 'app.speaklocal.vietnam.native'
    t =     5.44s     Check for interrupting elements affecting "SpeakLocal Vietnam" Application
    t =     5.46s     Synthesize event
    t =     5.88s     Wait for app.speaklocal.vietnam.native to idle
    t =     7.98s Swipe up Target Application 'app.speaklocal.vietnam.native'
    t =     7.98s     Wait for app.speaklocal.vietnam.native to idle
    t =     7.98s     Find the Target Application 'app.speaklocal.vietnam.native'
    t =     8.01s     Check for interrupting elements affecting "SpeakLocal Vietnam" Application
    t =     8.03s     Synthesize event
    t =     8.45s     Wait for app.speaklocal.vietnam.native to idle
    t =     9.05s Terminate app.speaklocal.vietnam.native:71517
    t =    10.11s Open app.speaklocal.vietnam.native
    t =    10.12s     Launch app.speaklocal.vietnam.native
    t =    10.33s         Setting up automation session
    t =    10.82s         Wait for app.speaklocal.vietnam.native to idle
    t =    12.30s Waiting 4.0s for TabBar (First Match) to exist
    t =    13.34s     Checking `Expect predicate `existsNoRetry == 1` for object TabBar (First Match)`
    t =    13.35s         Checking existence of `TabBar (First Match)`
    t =    13.41s Checking existence of `"PhraseArticle.BottomSentinel.viet-family-city-hanoi-place-botanical-garden" Other`
    t =    13.50s Checking existence of `"PhraseArticle.BottomSentinel.viet-phrase-city-hanoi-place-botanical-garden" Other`
    t =    13.52s Find the "PhraseArticle.BottomSentinel.viet-phrase-city-hanoi-place-botanical-garden" Other
    t =    13.54s Checking existence of `TabBar (First Match)`
    t =    13.54s Find the TabBar (First Match)
    t =    13.55s Find the Target Application 'app.speaklocal.vietnam.native'
    t =    13.65s Terminate app.speaklocal.vietnam.native:71601
    t =    14.71s Tear Down
Test Case '-[SpeakLocalNativeUITests.CityAppDetailV22RenderProofUITests testCaptureCityAppDetailV22RenderProofBatch]' passed (14.765 seconds).
Test Suite 'CityAppDetailV22RenderProofUITests' passed at 2026-06-01 05:08:24.476.
	 Executed 1 test, with 0 failures (0 unexpected) in 14.765 (14.767) seconds
Test Suite 'SpeakLocalNativeUITests.xctest' passed at 2026-06-01 05:08:24.477.
	 Executed 1 test, with 0 failures (0 unexpected) in 14.765 (14.768) seconds
Test Suite 'Selected tests' passed at 2026-06-01 05:08:24.478.
	 Executed 1 test, with 0 failures (0 unexpected) in 14.765 (14.769) seconds

Test session results, code coverage, and logs:
	/Users/jojolim/Library/Developer/XcodeBuildMCP/workspaces/orchestrator-309442864093/DerivedData/SpeakLocalNative-8f3e721625a0/Logs/Test/Test-SpeakLocalNative-2026.06.01_05-08-08-+0700.xcresult

** TEST EXECUTE SUCCEEDED **

Testing started

2026-06-01 05:08:09.770 xcodebuild[71429:7667561] [MT] IDELaunchParametersSnapshot: The operation couldn’t be completed. (DebuggerLLDB.DebuggerVersionStore.StoreError error 0.)
2026-06-01 05:08:09.770 xcodebuild[71429:7667561] [MT] IDELaunchParametersSnapshot: no debugger version
2026-06-01 05:08:19.829 xcodebuild[71429:7667561] [MT] IDELaunchParametersSnapshot: The operation couldn’t be completed. (DebuggerLLDB.DebuggerVersionStore.StoreError error 0.)
2026-06-01 05:08:19.829 xcodebuild[71429:7667561] [MT] IDELaunchParametersSnapshot: no debugger version
2026-06-01 05:08:24.783 xcodebuild[71429:7667561] [MT] IDETestOperationsObserverDebug: 16.218 elapsed -- Testing started completed.
2026-06-01 05:08:24.783 xcodebuild[71429:7667561] [MT] IDETestOperationsObserverDebug: 0.000 sec, +0.000 sec -- start
2026-06-01 05:08:24.783 xcodebuild[71429:7667561] [MT] IDETestOperationsObserverDebug: 16.218 sec, +16.218 sec -- end
