Command line invocation:
    /Applications/Xcode.app/Contents/Developer/usr/bin/xcodebuild test-without-building -project native-ios/SpeakLocalNative.xcodeproj -scheme SpeakLocalNative -destination "platform=iOS Simulator,id=7C386DD3-4BF1-4A34-A918-768C43CD1258" -derivedDataPath /Users/jojolim/Library/Developer/XcodeBuildMCP/workspaces/orchestrator-309442864093/DerivedData/SpeakLocalNative-8f3e721625a0 "-only-testing:SpeakLocalNativeUITests/CityAppDetailV22RenderProofUITests/testCaptureCityAppDetailV22RenderProofBatch"

2026-06-01 02:03:09.722092+0700 SpeakLocalNativeUITests-Runner[63125:6950219] [Default] Running tests...
    t =      nans Interface orientation changed to Portrait
Test Suite 'Selected tests' started at 2026-06-01 02:03:10.308.
Test Suite 'SpeakLocalNativeUITests.xctest' started at 2026-06-01 02:03:10.309.
Test Suite 'CityAppDetailV22RenderProofUITests' started at 2026-06-01 02:03:10.309.
Test Case '-[SpeakLocalNativeUITests.CityAppDetailV22RenderProofUITests testCaptureCityAppDetailV22RenderProofBatch]' started.
    t =     0.00s Start Test at 2026-06-01 02:03:10.309
    t =     0.02s Set Up
    t =     0.03s Open app.speaklocal.vietnam.native
    t =     0.03s     Launch app.speaklocal.vietnam.native
2026-06-01 02:03:10.385 xcodebuild[63103:6950038] [MT] IDELaunchParametersSnapshot: The operation couldn’t be completed. (DebuggerLLDB.DebuggerVersionStore.StoreError error 0.)
2026-06-01 02:03:10.385 xcodebuild[63103:6950038] [MT] IDELaunchParametersSnapshot: no debugger version
objc[63125]: Class UIAccessibilityLoaderWebShared is implemented in both /Library/Developer/CoreSimulator/Volumes/iOS_23F77/Library/Developer/CoreSimulator/Profiles/Runtimes/iOS 26.5.simruntime/Contents/Resources/RuntimeRoot/System/Library/AccessibilityBundles/WebCore.axbundle/WebCore (0x10b1c4310) and /Library/Developer/CoreSimulator/Volumes/iOS_23F77/Library/Developer/CoreSimulator/Profiles/Runtimes/iOS 26.5.simruntime/Contents/Resources/RuntimeRoot/System/Library/AccessibilityBundles/WebKit.axbundle/WebKit (0x10a698398). This may cause spurious casting failures and mysterious crashes. One of the duplicates must be removed or renamed.
    t =     2.75s         Setting up automation session
    t =     3.49s         Wait for app.speaklocal.vietnam.native to idle
    t =     5.52s Checking existence of `"Làng đá Non Nước" StaticText`
    t =     5.80s Waiting 8.0s for "Làng đá Non Nước" StaticText to exist
    t =     6.87s     Checking `Expect predicate `existsNoRetry == 1` for object "Làng đá Non Nước" StaticText`
    t =     6.87s         Checking existence of `"Làng đá Non Nước" StaticText`
    t =     7.03s Swipe up Target Application 'app.speaklocal.vietnam.native'
    t =     7.03s     Wait for app.speaklocal.vietnam.native to idle
    t =     7.03s     Find the Target Application 'app.speaklocal.vietnam.native'
    t =     7.05s     Check for interrupting elements affecting "SpeakLocal Vietnam" Application
    t =     7.07s     Synthesize event
    t =     7.49s     Wait for app.speaklocal.vietnam.native to idle
    t =     9.61s Swipe up Target Application 'app.speaklocal.vietnam.native'
    t =     9.61s     Wait for app.speaklocal.vietnam.native to idle
    t =     9.61s     Find the Target Application 'app.speaklocal.vietnam.native'
    t =     9.64s     Check for interrupting elements affecting "SpeakLocal Vietnam" Application
    t =     9.68s     Synthesize event
    t =    10.09s     Wait for app.speaklocal.vietnam.native to idle
    t =    11.37s Waiting 4.0s for TabBar (First Match) to exist
    t =    12.44s     Checking `Expect predicate `existsNoRetry == 1` for object TabBar (First Match)`
    t =    12.44s         Checking existence of `TabBar (First Match)`
    t =    12.46s Checking existence of `"PhraseArticle.BottomSentinel.viet-family-city-danang-place-non-nuoc-stone-village" Other`
    t =    12.48s Checking existence of `"PhraseArticle.BottomSentinel.viet-phrase-city-danang-place-non-nuoc-stone-village" Other`
    t =    12.51s Find the "PhraseArticle.BottomSentinel.viet-phrase-city-danang-place-non-nuoc-stone-village" Other
    t =    12.54s Checking existence of `TabBar (First Match)`
    t =    12.54s Find the TabBar (First Match)
    t =    12.55s Find the Target Application 'app.speaklocal.vietnam.native'
    t =    12.68s Terminate app.speaklocal.vietnam.native:63210
    t =    13.76s Tear Down
Test Case '-[SpeakLocalNativeUITests.CityAppDetailV22RenderProofUITests testCaptureCityAppDetailV22RenderProofBatch]' passed (13.808 seconds).
Test Suite 'CityAppDetailV22RenderProofUITests' passed at 2026-06-01 02:03:24.118.
	 Executed 1 test, with 0 failures (0 unexpected) in 13.808 (13.809) seconds
Test Suite 'SpeakLocalNativeUITests.xctest' passed at 2026-06-01 02:03:24.118.
	 Executed 1 test, with 0 failures (0 unexpected) in 13.808 (13.810) seconds
Test Suite 'Selected tests' passed at 2026-06-01 02:03:24.119.
	 Executed 1 test, with 0 failures (0 unexpected) in 13.808 (13.811) seconds
2026-06-01 02:03:24.417 xcodebuild[63103:6950038] [MT] IDETestOperationsObserverDebug: 15.800 elapsed -- Testing started completed.
2026-06-01 02:03:24.417 xcodebuild[63103:6950038] [MT] IDETestOperationsObserverDebug: 0.000 sec, +0.000 sec -- start
2026-06-01 02:03:24.417 xcodebuild[63103:6950038] [MT] IDETestOperationsObserverDebug: 15.800 sec, +15.800 sec -- end

Test session results, code coverage, and logs:
	/Users/jojolim/Library/Developer/XcodeBuildMCP/workspaces/orchestrator-309442864093/DerivedData/SpeakLocalNative-8f3e721625a0/Logs/Test/Test-SpeakLocalNative-2026.06.01_02-03-08-+0700.xcresult

** TEST EXECUTE SUCCEEDED **

Testing started
