Command line invocation:
    /Applications/Xcode.app/Contents/Developer/usr/bin/xcodebuild test-without-building -project /Users/jojolim/Developer/products/speaklocal/app-family/.worktrees/city-listings-production-ready/native-ios/SpeakLocalNative.xcodeproj -scheme SpeakLocalNative -destination "platform=iOS Simulator,id=7C386DD3-4BF1-4A34-A918-768C43CD1258" -derivedDataPath /Users/jojolim/Library/Developer/XcodeBuildMCP/workspaces/orchestrator-309442864093/DerivedData/SpeakLocalNative-8f3e721625a0 "-only-testing:SpeakLocalNativeUITests/CityAppDetailV22RenderProofUITests/testCaptureCityAppDetailV22RenderProofBatch"

2026-06-01 08:50:55.107150+0700 SpeakLocalNativeUITests-Runner[52827:8583176] [Default] Running tests...
    t =      nans Interface orientation changed to Portrait
Test Suite 'Selected tests' started at 2026-06-01 08:50:55.477.
Test Suite 'SpeakLocalNativeUITests.xctest' started at 2026-06-01 08:50:55.477.
Test Suite 'CityAppDetailV22RenderProofUITests' started at 2026-06-01 08:50:55.477.
Test Case '-[SpeakLocalNativeUITests.CityAppDetailV22RenderProofUITests testCaptureCityAppDetailV22RenderProofBatch]' started.
    t =     0.00s Start Test at 2026-06-01 08:50:55.478
    t =     0.02s Set Up
    t =     0.02s Open app.speaklocal.vietnam.native
    t =     0.02s     Launch app.speaklocal.vietnam.native
objc[52827]: Class UIAccessibilityLoaderWebShared is implemented in both /Library/Developer/CoreSimulator/Volumes/iOS_23F77/Library/Developer/CoreSimulator/Profiles/Runtimes/iOS 26.5.simruntime/Contents/Resources/RuntimeRoot/System/Library/AccessibilityBundles/WebCore.axbundle/WebCore (0x10a644310) and /Library/Developer/CoreSimulator/Volumes/iOS_23F77/Library/Developer/CoreSimulator/Profiles/Runtimes/iOS 26.5.simruntime/Contents/Resources/RuntimeRoot/System/Library/AccessibilityBundles/WebKit.axbundle/WebKit (0x109a80398). This may cause spurious casting failures and mysterious crashes. One of the duplicates must be removed or renamed.
    t =     1.89s         Setting up automation session
    t =     2.33s         Wait for app.speaklocal.vietnam.native to idle
    t =     3.80s Checking existence of `"Hoi An Roastery" StaticText`
    t =     3.94s Waiting 8.0s for "Hoi An Roastery" StaticText to exist
    t =     4.98s     Checking `Expect predicate `existsNoRetry == 1` for object "Hoi An Roastery" StaticText`
    t =     4.98s         Checking existence of `"Hoi An Roastery" StaticText`
    t =     5.15s Swipe up Target Application 'app.speaklocal.vietnam.native'
    t =     5.15s     Wait for app.speaklocal.vietnam.native to idle
    t =     5.15s     Find the Target Application 'app.speaklocal.vietnam.native'
    t =     5.16s     Check for interrupting elements affecting "SpeakLocal Vietnam" Application
    t =     5.18s     Synthesize event
    t =     5.60s     Wait for app.speaklocal.vietnam.native to idle
    t =     7.75s Swipe up Target Application 'app.speaklocal.vietnam.native'
    t =     7.75s     Wait for app.speaklocal.vietnam.native to idle
    t =     7.75s     Find the Target Application 'app.speaklocal.vietnam.native'
    t =     7.77s     Check for interrupting elements affecting "SpeakLocal Vietnam" Application
    t =     7.79s     Synthesize event
    t =     8.22s     Wait for app.speaklocal.vietnam.native to idle
    t =     8.89s Terminate app.speaklocal.vietnam.native:52832
    t =     9.95s Open app.speaklocal.vietnam.native
    t =     9.96s     Launch app.speaklocal.vietnam.native
    t =    10.17s         Setting up automation session
    t =    10.67s         Wait for app.speaklocal.vietnam.native to idle
    t =    12.13s Waiting 4.0s for TabBar (First Match) to exist
    t =    13.18s     Checking `Expect predicate `existsNoRetry == 1` for object TabBar (First Match)`
    t =    13.18s         Checking existence of `TabBar (First Match)`
    t =    13.22s Checking existence of `"PhraseArticle.BottomSentinel.viet-family-city-hoian-place-roastery" Other`
    t =    13.30s Checking existence of `"PhraseArticle.BottomSentinel.viet-phrase-city-hoian-place-roastery" Other`
    t =    13.32s Find the "PhraseArticle.BottomSentinel.viet-phrase-city-hoian-place-roastery" Other
    t =    13.34s Checking existence of `TabBar (First Match)`
    t =    13.34s Find the TabBar (First Match)
    t =    13.35s Find the Target Application 'app.speaklocal.vietnam.native'
    t =    13.44s Terminate app.speaklocal.vietnam.native:52854
    t =    14.52s Tear Down
Test Case '-[SpeakLocalNativeUITests.CityAppDetailV22RenderProofUITests testCaptureCityAppDetailV22RenderProofBatch]' passed (14.612 seconds).
Test Suite 'CityAppDetailV22RenderProofUITests' passed at 2026-06-01 08:51:10.090.
	 Executed 1 test, with 0 failures (0 unexpected) in 14.612 (14.613) seconds
Test Suite 'SpeakLocalNativeUITests.xctest' passed at 2026-06-01 08:51:10.091.
	 Executed 1 test, with 0 failures (0 unexpected) in 14.612 (14.614) seconds
Test Suite 'Selected tests' passed at 2026-06-01 08:51:10.092.
	 Executed 1 test, with 0 failures (0 unexpected) in 14.612 (14.615) seconds

Test session results, code coverage, and logs:
	/Users/jojolim/Library/Developer/XcodeBuildMCP/workspaces/orchestrator-309442864093/DerivedData/SpeakLocalNative-8f3e721625a0/Logs/Test/Test-SpeakLocalNative-2026.06.01_08-50-54-+0700.xcresult

** TEST EXECUTE SUCCEEDED **

Testing started

2026-06-01 08:50:55.542 xcodebuild[52824:8582983] [MT] IDELaunchParametersSnapshot: The operation couldn’t be completed. (DebuggerLLDB.DebuggerVersionStore.StoreError error 0.)
2026-06-01 08:50:55.542 xcodebuild[52824:8582983] [MT] IDELaunchParametersSnapshot: no debugger version
2026-06-01 08:51:05.436 xcodebuild[52824:8582983] [MT] IDELaunchParametersSnapshot: The operation couldn’t be completed. (DebuggerLLDB.DebuggerVersionStore.StoreError error 0.)
2026-06-01 08:51:05.436 xcodebuild[52824:8582983] [MT] IDELaunchParametersSnapshot: no debugger version
2026-06-01 08:51:10.391 xcodebuild[52824:8582983] [MT] IDETestOperationsObserverDebug: 16.109 elapsed -- Testing started completed.
2026-06-01 08:51:10.391 xcodebuild[52824:8582983] [MT] IDETestOperationsObserverDebug: 0.000 sec, +0.000 sec -- start
2026-06-01 08:51:10.391 xcodebuild[52824:8582983] [MT] IDETestOperationsObserverDebug: 16.109 sec, +16.109 sec -- end
