Command line invocation:
    /Applications/Xcode.app/Contents/Developer/usr/bin/xcodebuild test-without-building -project /Users/jojolim/Developer/products/speaklocal/app-family/.worktrees/city-listings-production-ready/native-ios/SpeakLocalNative.xcodeproj -scheme SpeakLocalNative -destination "platform=iOS Simulator,id=7C386DD3-4BF1-4A34-A918-768C43CD1258" -derivedDataPath /Users/jojolim/Library/Developer/XcodeBuildMCP/workspaces/orchestrator-309442864093/DerivedData/SpeakLocalNative-8f3e721625a0 "-only-testing:SpeakLocalNativeUITests/CityAppDetailV22RenderProofUITests/testCaptureCityAppDetailV22RenderProofBatch"

2026-06-01 08:03:00.144440+0700 SpeakLocalNativeUITests-Runner[6885:8414714] [Default] Running tests...
    t =      nans Interface orientation changed to Portrait
Test Suite 'Selected tests' started at 2026-06-01 08:03:00.512.
Test Suite 'SpeakLocalNativeUITests.xctest' started at 2026-06-01 08:03:00.512.
Test Suite 'CityAppDetailV22RenderProofUITests' started at 2026-06-01 08:03:00.512.
Test Case '-[SpeakLocalNativeUITests.CityAppDetailV22RenderProofUITests testCaptureCityAppDetailV22RenderProofBatch]' started.
    t =     0.00s Start Test at 2026-06-01 08:03:00.512
    t =     0.02s Set Up
    t =     0.02s Open app.speaklocal.vietnam.native
    t =     0.02s     Launch app.speaklocal.vietnam.native
objc[6885]: Class UIAccessibilityLoaderWebShared is implemented in both /Library/Developer/CoreSimulator/Volumes/iOS_23F77/Library/Developer/CoreSimulator/Profiles/Runtimes/iOS 26.5.simruntime/Contents/Resources/RuntimeRoot/System/Library/AccessibilityBundles/WebCore.axbundle/WebCore (0x1064b8310) and /Library/Developer/CoreSimulator/Volumes/iOS_23F77/Library/Developer/CoreSimulator/Profiles/Runtimes/iOS 26.5.simruntime/Contents/Resources/RuntimeRoot/System/Library/AccessibilityBundles/WebKit.axbundle/WebKit (0x1061f0398). This may cause spurious casting failures and mysterious crashes. One of the duplicates must be removed or renamed.
    t =     1.90s         Setting up automation session
    t =     2.30s         Wait for app.speaklocal.vietnam.native to idle
    t =     3.79s Checking existence of `"Sân thượng khách sạn Rex" StaticText`
    t =     3.92s Waiting 8.0s for "Sân thượng khách sạn Rex" StaticText to exist
    t =     4.97s     Checking `Expect predicate `existsNoRetry == 1` for object "Sân thượng khách sạn Rex" StaticText`
    t =     4.97s         Checking existence of `"Sân thượng khách sạn Rex" StaticText`
    t =     5.13s Swipe up Target Application 'app.speaklocal.vietnam.native'
    t =     5.13s     Wait for app.speaklocal.vietnam.native to idle
    t =     5.13s     Find the Target Application 'app.speaklocal.vietnam.native'
    t =     5.15s     Check for interrupting elements affecting "SpeakLocal Vietnam" Application
    t =     5.17s     Synthesize event
    t =     5.59s     Wait for app.speaklocal.vietnam.native to idle
    t =     7.69s Swipe up Target Application 'app.speaklocal.vietnam.native'
    t =     7.69s     Wait for app.speaklocal.vietnam.native to idle
    t =     7.69s     Find the Target Application 'app.speaklocal.vietnam.native'
    t =     7.71s     Check for interrupting elements affecting "SpeakLocal Vietnam" Application
    t =     7.74s     Synthesize event
    t =     8.17s     Wait for app.speaklocal.vietnam.native to idle
    t =     9.06s Terminate app.speaklocal.vietnam.native:6891
    t =    10.14s Open app.speaklocal.vietnam.native
    t =    10.14s     Launch app.speaklocal.vietnam.native
    t =    10.35s         Setting up automation session
    t =    10.84s         Wait for app.speaklocal.vietnam.native to idle
    t =    12.30s Waiting 4.0s for TabBar (First Match) to exist
    t =    13.35s     Checking `Expect predicate `existsNoRetry == 1` for object TabBar (First Match)`
    t =    13.35s         Checking existence of `TabBar (First Match)`
    t =    13.39s Checking existence of `"PhraseArticle.BottomSentinel.viet-family-city-hcmc-place-rex-hotel-rooftop" Other`
    t =    13.48s Checking existence of `"PhraseArticle.BottomSentinel.viet-phrase-city-hcmc-place-rex-hotel-rooftop" Other`
    t =    13.50s Find the "PhraseArticle.BottomSentinel.viet-phrase-city-hcmc-place-rex-hotel-rooftop" Other
    t =    13.53s Checking existence of `TabBar (First Match)`
    t =    13.53s Find the TabBar (First Match)
    t =    13.54s Find the Target Application 'app.speaklocal.vietnam.native'
    t =    13.63s Terminate app.speaklocal.vietnam.native:6911
    t =    14.69s Tear Down
Test Case '-[SpeakLocalNativeUITests.CityAppDetailV22RenderProofUITests testCaptureCityAppDetailV22RenderProofBatch]' passed (14.731 seconds).
Test Suite 'CityAppDetailV22RenderProofUITests' passed at 2026-06-01 08:03:15.244.
	 Executed 1 test, with 0 failures (0 unexpected) in 14.731 (14.732) seconds
Test Suite 'SpeakLocalNativeUITests.xctest' passed at 2026-06-01 08:03:15.244.
	 Executed 1 test, with 0 failures (0 unexpected) in 14.731 (14.733) seconds
Test Suite 'Selected tests' passed at 2026-06-01 08:03:15.245.
	 Executed 1 test, with 0 failures (0 unexpected) in 14.731 (14.733) seconds

Test session results, code coverage, and logs:
	/Users/jojolim/Library/Developer/XcodeBuildMCP/workspaces/orchestrator-309442864093/DerivedData/SpeakLocalNative-8f3e721625a0/Logs/Test/Test-SpeakLocalNative-2026.06.01_08-02-59-+0700.xcresult

** TEST EXECUTE SUCCEEDED **

Testing started

2026-06-01 08:03:00.577 xcodebuild[6882:8414539] [MT] IDELaunchParametersSnapshot: The operation couldn’t be completed. (DebuggerLLDB.DebuggerVersionStore.StoreError error 0.)
2026-06-01 08:03:00.577 xcodebuild[6882:8414539] [MT] IDELaunchParametersSnapshot: no debugger version
2026-06-01 08:03:10.653 xcodebuild[6882:8414539] [MT] IDELaunchParametersSnapshot: The operation couldn’t be completed. (DebuggerLLDB.DebuggerVersionStore.StoreError error 0.)
2026-06-01 08:03:10.653 xcodebuild[6882:8414539] [MT] IDELaunchParametersSnapshot: no debugger version
2026-06-01 08:03:15.535 xcodebuild[6882:8414539] [MT] IDETestOperationsObserverDebug: 16.208 elapsed -- Testing started completed.
2026-06-01 08:03:15.535 xcodebuild[6882:8414539] [MT] IDETestOperationsObserverDebug: 0.000 sec, +0.000 sec -- start
2026-06-01 08:03:15.535 xcodebuild[6882:8414539] [MT] IDETestOperationsObserverDebug: 16.208 sec, +16.208 sec -- end
