Command line invocation:
    /Applications/Xcode.app/Contents/Developer/usr/bin/xcodebuild test-without-building -project /Users/jojolim/Developer/products/speaklocal/app-family/.worktrees/city-listings-production-ready/native-ios/SpeakLocalNative.xcodeproj -scheme SpeakLocalNative -destination "platform=iOS Simulator,id=7C386DD3-4BF1-4A34-A918-768C43CD1258" -derivedDataPath /Users/jojolim/Library/Developer/XcodeBuildMCP/workspaces/orchestrator-309442864093/DerivedData/SpeakLocalNative-8f3e721625a0 "-only-testing:SpeakLocalNativeUITests/CityAppDetailV22RenderProofUITests/testCaptureCityAppDetailV22RenderProofBatch"

2026-06-01 03:45:56.193422+0700 SpeakLocalNativeUITests-Runner[72745:7310121] [Default] Running tests...
    t =      nans Interface orientation changed to Portrait
Test Suite 'Selected tests' started at 2026-06-01 03:45:56.562.
Test Suite 'SpeakLocalNativeUITests.xctest' started at 2026-06-01 03:45:56.563.
Test Suite 'CityAppDetailV22RenderProofUITests' started at 2026-06-01 03:45:56.563.
Test Case '-[SpeakLocalNativeUITests.CityAppDetailV22RenderProofUITests testCaptureCityAppDetailV22RenderProofBatch]' started.
    t =     0.00s Start Test at 2026-06-01 03:45:56.563
    t =     0.01s Set Up
    t =     0.02s Open app.speaklocal.vietnam.native
    t =     0.02s     Launch app.speaklocal.vietnam.native
objc[72745]: Class UIAccessibilityLoaderWebShared is implemented in both /Library/Developer/CoreSimulator/Volumes/iOS_23F77/Library/Developer/CoreSimulator/Profiles/Runtimes/iOS 26.5.simruntime/Contents/Resources/RuntimeRoot/System/Library/AccessibilityBundles/WebCore.axbundle/WebCore (0x10712c310) and /Library/Developer/CoreSimulator/Volumes/iOS_23F77/Library/Developer/CoreSimulator/Profiles/Runtimes/iOS 26.5.simruntime/Contents/Resources/RuntimeRoot/System/Library/AccessibilityBundles/WebKit.axbundle/WebKit (0x1069ac398). This may cause spurious casting failures and mysterious crashes. One of the duplicates must be removed or renamed.
    t =     1.89s         Setting up automation session
    t =     2.47s         Wait for app.speaklocal.vietnam.native to idle
    t =     4.04s Checking existence of `"Nhà ga quốc nội Đà Nẵng" StaticText`
    t =     4.21s Waiting 8.0s for "Nhà ga quốc nội Đà Nẵng" StaticText to exist
    t =     5.25s     Checking `Expect predicate `existsNoRetry == 1` for object "Nhà ga quốc nội Đà Nẵng" StaticText`
    t =     5.25s         Checking existence of `"Nhà ga quốc nội Đà Nẵng" StaticText`
    t =     5.38s Swipe up Target Application 'app.speaklocal.vietnam.native'
    t =     5.38s     Wait for app.speaklocal.vietnam.native to idle
    t =     5.38s     Find the Target Application 'app.speaklocal.vietnam.native'
    t =     5.40s     Check for interrupting elements affecting "SpeakLocal Vietnam" Application
    t =     5.42s     Synthesize event
    t =     5.83s     Wait for app.speaklocal.vietnam.native to idle
    t =     7.94s Swipe up Target Application 'app.speaklocal.vietnam.native'
    t =     7.94s     Wait for app.speaklocal.vietnam.native to idle
    t =     7.94s     Find the Target Application 'app.speaklocal.vietnam.native'
    t =     7.97s     Check for interrupting elements affecting "SpeakLocal Vietnam" Application
    t =     7.99s     Synthesize event
    t =     8.41s     Wait for app.speaklocal.vietnam.native to idle
    t =     9.17s Terminate app.speaklocal.vietnam.native:72791
    t =    10.24s Open app.speaklocal.vietnam.native
    t =    10.24s     Launch app.speaklocal.vietnam.native
    t =    10.46s         Setting up automation session
    t =    10.96s         Wait for app.speaklocal.vietnam.native to idle
    t =    12.43s Waiting 4.0s for TabBar (First Match) to exist
    t =    13.47s     Checking `Expect predicate `existsNoRetry == 1` for object TabBar (First Match)`
    t =    13.47s         Checking existence of `TabBar (First Match)`
    t =    13.53s Checking existence of `"PhraseArticle.BottomSentinel.viet-family-city-danang-place-domestic-terminal" Other`
    t =    13.61s Checking existence of `"PhraseArticle.BottomSentinel.viet-phrase-city-danang-place-domestic-terminal" Other`
    t =    13.64s Find the "PhraseArticle.BottomSentinel.viet-phrase-city-danang-place-domestic-terminal" Other
    t =    13.66s Checking existence of `TabBar (First Match)`
    t =    13.66s Find the TabBar (First Match)
    t =    13.67s Find the Target Application 'app.speaklocal.vietnam.native'
    t =    13.76s Terminate app.speaklocal.vietnam.native:72915
    t =    14.81s Tear Down
Test Case '-[SpeakLocalNativeUITests.CityAppDetailV22RenderProofUITests testCaptureCityAppDetailV22RenderProofBatch]' passed (14.869 seconds).
Test Suite 'CityAppDetailV22RenderProofUITests' passed at 2026-06-01 03:46:11.433.
	 Executed 1 test, with 0 failures (0 unexpected) in 14.869 (14.870) seconds
Test Suite 'SpeakLocalNativeUITests.xctest' passed at 2026-06-01 03:46:11.433.
	 Executed 1 test, with 0 failures (0 unexpected) in 14.869 (14.871) seconds
Test Suite 'Selected tests' passed at 2026-06-01 03:46:11.434.
	 Executed 1 test, with 0 failures (0 unexpected) in 14.869 (14.871) seconds

Test session results, code coverage, and logs:
	/Users/jojolim/Library/Developer/XcodeBuildMCP/workspaces/orchestrator-309442864093/DerivedData/SpeakLocalNative-8f3e721625a0/Logs/Test/Test-SpeakLocalNative-2026.06.01_03-45-55-+0700.xcresult

** TEST EXECUTE SUCCEEDED **

Testing started

2026-06-01 03:45:56.625 xcodebuild[72723:7309893] [MT] IDELaunchParametersSnapshot: The operation couldn’t be completed. (DebuggerLLDB.DebuggerVersionStore.StoreError error 0.)
2026-06-01 03:45:56.625 xcodebuild[72723:7309893] [MT] IDELaunchParametersSnapshot: no debugger version
2026-06-01 03:46:06.806 xcodebuild[72723:7309893] [MT] IDELaunchParametersSnapshot: The operation couldn’t be completed. (DebuggerLLDB.DebuggerVersionStore.StoreError error 0.)
2026-06-01 03:46:06.806 xcodebuild[72723:7309893] [MT] IDELaunchParametersSnapshot: no debugger version
2026-06-01 03:46:11.730 xcodebuild[72723:7309893] [MT] IDETestOperationsObserverDebug: 16.383 elapsed -- Testing started completed.
2026-06-01 03:46:11.730 xcodebuild[72723:7309893] [MT] IDETestOperationsObserverDebug: 0.000 sec, +0.000 sec -- start
2026-06-01 03:46:11.730 xcodebuild[72723:7309893] [MT] IDETestOperationsObserverDebug: 16.383 sec, +16.383 sec -- end
