Command line invocation:
    /Applications/Xcode.app/Contents/Developer/usr/bin/xcodebuild test-without-building -project /Users/jojolim/Developer/products/speaklocal/app-family/.worktrees/city-listings-production-ready/native-ios/SpeakLocalNative.xcodeproj -scheme SpeakLocalNative -destination "platform=iOS Simulator,id=7C386DD3-4BF1-4A34-A918-768C43CD1258" -derivedDataPath /Users/jojolim/Library/Developer/XcodeBuildMCP/workspaces/orchestrator-309442864093/DerivedData/SpeakLocalNative-8f3e721625a0 "-only-testing:SpeakLocalNativeUITests/CityAppDetailV22RenderProofUITests/testCaptureCityAppDetailV22RenderProofBatch"

2026-06-01 06:41:14.309182+0700 SpeakLocalNativeUITests-Runner[10436:8072143] [Default] Running tests...
    t =      nans Interface orientation changed to Portrait
Test Suite 'Selected tests' started at 2026-06-01 06:41:14.690.
Test Suite 'SpeakLocalNativeUITests.xctest' started at 2026-06-01 06:41:14.691.
Test Suite 'CityAppDetailV22RenderProofUITests' started at 2026-06-01 06:41:14.691.
Test Case '-[SpeakLocalNativeUITests.CityAppDetailV22RenderProofUITests testCaptureCityAppDetailV22RenderProofBatch]' started.
    t =     0.00s Start Test at 2026-06-01 06:41:14.691
    t =     0.02s Set Up
    t =     0.02s Open app.speaklocal.vietnam.native
    t =     0.02s     Launch app.speaklocal.vietnam.native
objc[10436]: Class UIAccessibilityLoaderWebShared is implemented in both /Library/Developer/CoreSimulator/Volumes/iOS_23F77/Library/Developer/CoreSimulator/Profiles/Runtimes/iOS 26.5.simruntime/Contents/Resources/RuntimeRoot/System/Library/AccessibilityBundles/WebCore.axbundle/WebCore (0x108ac8310) and /Library/Developer/CoreSimulator/Volumes/iOS_23F77/Library/Developer/CoreSimulator/Profiles/Runtimes/iOS 26.5.simruntime/Contents/Resources/RuntimeRoot/System/Library/AccessibilityBundles/WebKit.axbundle/WebKit (0x107f20398). This may cause spurious casting failures and mysterious crashes. One of the duplicates must be removed or renamed.
    t =     1.91s         Setting up automation session
    t =     2.33s         Wait for app.speaklocal.vietnam.native to idle
    t =     3.78s Checking existence of `"Đi Củ Chi trong ngày" StaticText`
    t =     3.94s Waiting 8.0s for "Đi Củ Chi trong ngày" StaticText to exist
    t =     4.98s     Checking `Expect predicate `existsNoRetry == 1` for object "Đi Củ Chi trong ngày" StaticText`
    t =     4.98s         Checking existence of `"Đi Củ Chi trong ngày" StaticText`
    t =     5.14s Swipe up Target Application 'app.speaklocal.vietnam.native'
    t =     5.14s     Wait for app.speaklocal.vietnam.native to idle
    t =     5.15s     Find the Target Application 'app.speaklocal.vietnam.native'
    t =     5.16s     Check for interrupting elements affecting "SpeakLocal Vietnam" Application
    t =     5.18s     Synthesize event
    t =     5.60s     Wait for app.speaklocal.vietnam.native to idle
    t =     7.77s Swipe up Target Application 'app.speaklocal.vietnam.native'
    t =     7.77s     Wait for app.speaklocal.vietnam.native to idle
    t =     7.77s     Find the Target Application 'app.speaklocal.vietnam.native'
    t =     7.79s     Check for interrupting elements affecting "SpeakLocal Vietnam" Application
    t =     7.82s     Synthesize event
    t =     8.25s     Wait for app.speaklocal.vietnam.native to idle
    t =     9.14s Terminate app.speaklocal.vietnam.native:10518
    t =    10.20s Open app.speaklocal.vietnam.native
    t =    10.20s     Launch app.speaklocal.vietnam.native
    t =    10.41s         Setting up automation session
    t =    10.89s         Wait for app.speaklocal.vietnam.native to idle
    t =    12.33s Waiting 4.0s for TabBar (First Match) to exist
    t =    13.39s     Checking `Expect predicate `existsNoRetry == 1` for object TabBar (First Match)`
    t =    13.39s         Checking existence of `TabBar (First Match)`
    t =    13.45s Checking existence of `"PhraseArticle.BottomSentinel.viet-family-city-hcmc-place-cu-chi-day-trip" Other`
    t =    13.53s Checking existence of `"PhraseArticle.BottomSentinel.viet-phrase-city-hcmc-place-cu-chi-day-trip" Other`
    t =    13.55s Find the "PhraseArticle.BottomSentinel.viet-phrase-city-hcmc-place-cu-chi-day-trip" Other
    t =    13.57s Checking existence of `TabBar (First Match)`
    t =    13.58s Find the TabBar (First Match)
    t =    13.59s Find the Target Application 'app.speaklocal.vietnam.native'
    t =    13.68s Terminate app.speaklocal.vietnam.native:10608
    t =    14.73s Tear Down
Test Case '-[SpeakLocalNativeUITests.CityAppDetailV22RenderProofUITests testCaptureCityAppDetailV22RenderProofBatch]' passed (14.780 seconds).
Test Suite 'CityAppDetailV22RenderProofUITests' passed at 2026-06-01 06:41:29.472.
	 Executed 1 test, with 0 failures (0 unexpected) in 14.780 (14.781) seconds
Test Suite 'SpeakLocalNativeUITests.xctest' passed at 2026-06-01 06:41:29.473.
	 Executed 1 test, with 0 failures (0 unexpected) in 14.780 (14.782) seconds
Test Suite 'Selected tests' passed at 2026-06-01 06:41:29.474.
	 Executed 1 test, with 0 failures (0 unexpected) in 14.780 (14.783) seconds

Test session results, code coverage, and logs:
	/Users/jojolim/Library/Developer/XcodeBuildMCP/workspaces/orchestrator-309442864093/DerivedData/SpeakLocalNative-8f3e721625a0/Logs/Test/Test-SpeakLocalNative-2026.06.01_06-41-13-+0700.xcresult

** TEST EXECUTE SUCCEEDED **

Testing started

2026-06-01 06:41:14.758 xcodebuild[10433:8071961] [MT] IDELaunchParametersSnapshot: The operation couldn’t be completed. (DebuggerLLDB.DebuggerVersionStore.StoreError error 0.)
2026-06-01 06:41:14.758 xcodebuild[10433:8071961] [MT] IDELaunchParametersSnapshot: no debugger version
2026-06-01 06:41:24.891 xcodebuild[10433:8071961] [MT] IDELaunchParametersSnapshot: The operation couldn’t be completed. (DebuggerLLDB.DebuggerVersionStore.StoreError error 0.)
2026-06-01 06:41:24.891 xcodebuild[10433:8071961] [MT] IDELaunchParametersSnapshot: no debugger version
2026-06-01 06:41:29.779 xcodebuild[10433:8071961] [MT] IDETestOperationsObserverDebug: 16.269 elapsed -- Testing started completed.
2026-06-01 06:41:29.779 xcodebuild[10433:8071961] [MT] IDETestOperationsObserverDebug: 0.000 sec, +0.000 sec -- start
2026-06-01 06:41:29.779 xcodebuild[10433:8071961] [MT] IDETestOperationsObserverDebug: 16.269 sec, +16.269 sec -- end
