Command line invocation:
    /Applications/Xcode.app/Contents/Developer/usr/bin/xcodebuild test-without-building -project /Users/jojolim/Developer/products/speaklocal/app-family/.worktrees/city-listings-production-ready/native-ios/SpeakLocalNative.xcodeproj -scheme SpeakLocalNative -destination "platform=iOS Simulator,id=7C386DD3-4BF1-4A34-A918-768C43CD1258" -derivedDataPath /Users/jojolim/Library/Developer/XcodeBuildMCP/workspaces/orchestrator-309442864093/DerivedData/SpeakLocalNative-8f3e721625a0 "-only-testing:SpeakLocalNativeUITests/CityAppDetailV22RenderProofUITests/testCaptureCityAppDetailV22RenderProofBatch"

2026-06-01 03:55:05.286742+0700 SpeakLocalNativeUITests-Runner[83581:7351930] [Default] Running tests...
    t =      nans Interface orientation changed to Portrait
Test Suite 'Selected tests' started at 2026-06-01 03:55:05.677.
Test Suite 'SpeakLocalNativeUITests.xctest' started at 2026-06-01 03:55:05.677.
Test Suite 'CityAppDetailV22RenderProofUITests' started at 2026-06-01 03:55:05.678.
Test Case '-[SpeakLocalNativeUITests.CityAppDetailV22RenderProofUITests testCaptureCityAppDetailV22RenderProofBatch]' started.
    t =     0.00s Start Test at 2026-06-01 03:55:05.678
    t =     0.01s Set Up
    t =     0.02s Open app.speaklocal.vietnam.native
    t =     0.02s     Launch app.speaklocal.vietnam.native
objc[83581]: Class UIAccessibilityLoaderWebShared is implemented in both /Library/Developer/CoreSimulator/Volumes/iOS_23F77/Library/Developer/CoreSimulator/Profiles/Runtimes/iOS 26.5.simruntime/Contents/Resources/RuntimeRoot/System/Library/AccessibilityBundles/WebCore.axbundle/WebCore (0x1062bc310) and /Library/Developer/CoreSimulator/Volumes/iOS_23F77/Library/Developer/CoreSimulator/Profiles/Runtimes/iOS 26.5.simruntime/Contents/Resources/RuntimeRoot/System/Library/AccessibilityBundles/WebKit.axbundle/WebKit (0x105b00398). This may cause spurious casting failures and mysterious crashes. One of the duplicates must be removed or renamed.
    t =     2.10s         Setting up automation session
    t =     2.53s         Wait for app.speaklocal.vietnam.native to idle
    t =     4.04s Checking existence of `"Công viên Lê Văn Tám" StaticText`
    t =     4.19s Waiting 8.0s for "Công viên Lê Văn Tám" StaticText to exist
    t =     5.26s     Checking `Expect predicate `existsNoRetry == 1` for object "Công viên Lê Văn Tám" StaticText`
    t =     5.26s         Checking existence of `"Công viên Lê Văn Tám" StaticText`
    t =     5.42s Swipe up Target Application 'app.speaklocal.vietnam.native'
    t =     5.42s     Wait for app.speaklocal.vietnam.native to idle
    t =     5.42s     Find the Target Application 'app.speaklocal.vietnam.native'
    t =     5.44s     Check for interrupting elements affecting "SpeakLocal Vietnam" Application
    t =     5.46s     Synthesize event
    t =     5.88s     Wait for app.speaklocal.vietnam.native to idle
    t =     7.98s Swipe up Target Application 'app.speaklocal.vietnam.native'
    t =     7.98s     Wait for app.speaklocal.vietnam.native to idle
    t =     8.10s     Find the Target Application 'app.speaklocal.vietnam.native'
    t =     8.12s     Check for interrupting elements affecting "SpeakLocal Vietnam" Application
    t =     8.13s     Synthesize event
    t =     8.56s     Wait for app.speaklocal.vietnam.native to idle
    t =     9.34s Terminate app.speaklocal.vietnam.native:83662
    t =    10.43s Open app.speaklocal.vietnam.native
    t =    10.43s     Launch app.speaklocal.vietnam.native
    t =    10.64s         Setting up automation session
    t =    11.13s         Wait for app.speaklocal.vietnam.native to idle
    t =    12.61s Waiting 4.0s for TabBar (First Match) to exist
    t =    13.69s     Checking `Expect predicate `existsNoRetry == 1` for object TabBar (First Match)`
    t =    13.69s         Checking existence of `TabBar (First Match)`
    t =    13.74s Checking existence of `"PhraseArticle.BottomSentinel.viet-family-city-hcmc-place-le-van-tam-park" Other`
    t =    13.83s Checking existence of `"PhraseArticle.BottomSentinel.viet-phrase-city-hcmc-place-le-van-tam-park" Other`
    t =    13.85s Find the "PhraseArticle.BottomSentinel.viet-phrase-city-hcmc-place-le-van-tam-park" Other
    t =    13.87s Checking existence of `TabBar (First Match)`
    t =    13.88s Find the TabBar (First Match)
    t =    13.88s Find the Target Application 'app.speaklocal.vietnam.native'
    t =    13.98s Terminate app.speaklocal.vietnam.native:83749
    t =    15.07s Tear Down
Test Case '-[SpeakLocalNativeUITests.CityAppDetailV22RenderProofUITests testCaptureCityAppDetailV22RenderProofBatch]' passed (15.178 seconds).
Test Suite 'CityAppDetailV22RenderProofUITests' passed at 2026-06-01 03:55:20.857.
	 Executed 1 test, with 0 failures (0 unexpected) in 15.178 (15.179) seconds
Test Suite 'SpeakLocalNativeUITests.xctest' passed at 2026-06-01 03:55:20.858.
	 Executed 1 test, with 0 failures (0 unexpected) in 15.178 (15.181) seconds
Test Suite 'Selected tests' passed at 2026-06-01 03:55:20.859.
	 Executed 1 test, with 0 failures (0 unexpected) in 15.178 (15.182) seconds

Test session results, code coverage, and logs:
	/Users/jojolim/Library/Developer/XcodeBuildMCP/workspaces/orchestrator-309442864093/DerivedData/SpeakLocalNative-8f3e721625a0/Logs/Test/Test-SpeakLocalNative-2026.06.01_03-55-04-+0700.xcresult

** TEST EXECUTE SUCCEEDED **

Testing started

2026-06-01 03:55:05.728 xcodebuild[83579:7351751] [MT] IDELaunchParametersSnapshot: The operation couldn’t be completed. (DebuggerLLDB.DebuggerVersionStore.StoreError error 0.)
2026-06-01 03:55:05.728 xcodebuild[83579:7351751] [MT] IDELaunchParametersSnapshot: no debugger version
2026-06-01 03:55:16.107 xcodebuild[83579:7351751] [MT] IDELaunchParametersSnapshot: The operation couldn’t be completed. (DebuggerLLDB.DebuggerVersionStore.StoreError error 0.)
2026-06-01 03:55:16.107 xcodebuild[83579:7351751] [MT] IDELaunchParametersSnapshot: no debugger version
2026-06-01 03:55:21.172 xcodebuild[83579:7351751] [MT] IDETestOperationsObserverDebug: 16.718 elapsed -- Testing started completed.
2026-06-01 03:55:21.172 xcodebuild[83579:7351751] [MT] IDETestOperationsObserverDebug: 0.000 sec, +0.000 sec -- start
2026-06-01 03:55:21.172 xcodebuild[83579:7351751] [MT] IDETestOperationsObserverDebug: 16.718 sec, +16.718 sec -- end
