Command line invocation:
    /Applications/Xcode.app/Contents/Developer/usr/bin/xcodebuild test-without-building -project /Users/jojolim/Developer/products/speaklocal/app-family/.worktrees/city-listings-production-ready/native-ios/SpeakLocalNative.xcodeproj -scheme SpeakLocalNative -destination "platform=iOS Simulator,id=7C386DD3-4BF1-4A34-A918-768C43CD1258" -derivedDataPath /Users/jojolim/Library/Developer/XcodeBuildMCP/workspaces/orchestrator-309442864093/DerivedData/SpeakLocalNative-8f3e721625a0 "-only-testing:SpeakLocalNativeUITests/CityAppDetailV22RenderProofUITests/testCaptureCityAppDetailV22RenderProofBatch"

2026-06-01 05:35:44.873868+0700 SpeakLocalNativeUITests-Runner[18405:7779964] [Default] Running tests...
    t =      nans Interface orientation changed to Portrait
Test Suite 'Selected tests' started at 2026-06-01 05:35:45.242.
Test Suite 'SpeakLocalNativeUITests.xctest' started at 2026-06-01 05:35:45.242.
Test Suite 'CityAppDetailV22RenderProofUITests' started at 2026-06-01 05:35:45.242.
Test Case '-[SpeakLocalNativeUITests.CityAppDetailV22RenderProofUITests testCaptureCityAppDetailV22RenderProofBatch]' started.
    t =     0.00s Start Test at 2026-06-01 05:35:45.243
    t =     0.02s Set Up
    t =     0.02s Open app.speaklocal.vietnam.native
    t =     0.02s     Launch app.speaklocal.vietnam.native
objc[18405]: Class UIAccessibilityLoaderWebShared is implemented in both /Library/Developer/CoreSimulator/Volumes/iOS_23F77/Library/Developer/CoreSimulator/Profiles/Runtimes/iOS 26.5.simruntime/Contents/Resources/RuntimeRoot/System/Library/AccessibilityBundles/WebCore.axbundle/WebCore (0x108f48310) and /Library/Developer/CoreSimulator/Volumes/iOS_23F77/Library/Developer/CoreSimulator/Profiles/Runtimes/iOS 26.5.simruntime/Contents/Resources/RuntimeRoot/System/Library/AccessibilityBundles/WebKit.axbundle/WebKit (0x1083b8398). This may cause spurious casting failures and mysterious crashes. One of the duplicates must be removed or renamed.
    t =     1.68s         Setting up automation session
    t =     2.28s         Wait for app.speaklocal.vietnam.native to idle
    t =     3.75s Checking existence of `"Rosie's Cafe" StaticText`
    t =     3.90s Waiting 8.0s for "Rosie's Cafe" StaticText to exist
    t =     4.97s     Checking `Expect predicate `existsNoRetry == 1` for object "Rosie's Cafe" StaticText`
    t =     4.97s         Checking existence of `"Rosie's Cafe" StaticText`
    t =     5.13s Swipe up Target Application 'app.speaklocal.vietnam.native'
    t =     5.13s     Wait for app.speaklocal.vietnam.native to idle
    t =     5.13s     Find the Target Application 'app.speaklocal.vietnam.native'
    t =     5.15s     Check for interrupting elements affecting "SpeakLocal Vietnam" Application
    t =     5.16s     Synthesize event
    t =     5.58s     Wait for app.speaklocal.vietnam.native to idle
    t =     7.69s Swipe up Target Application 'app.speaklocal.vietnam.native'
    t =     7.69s     Wait for app.speaklocal.vietnam.native to idle
    t =     7.70s     Find the Target Application 'app.speaklocal.vietnam.native'
    t =     7.72s     Check for interrupting elements affecting "SpeakLocal Vietnam" Application
    t =     7.75s     Synthesize event
    t =     8.17s     Wait for app.speaklocal.vietnam.native to idle
    t =     8.85s Terminate app.speaklocal.vietnam.native:18482
    t =     9.94s Open app.speaklocal.vietnam.native
    t =     9.94s     Launch app.speaklocal.vietnam.native
    t =    10.15s         Setting up automation session
    t =    10.62s         Wait for app.speaklocal.vietnam.native to idle
    t =    12.08s Waiting 4.0s for TabBar (First Match) to exist
    t =    13.15s     Checking `Expect predicate `existsNoRetry == 1` for object TabBar (First Match)`
    t =    13.15s         Checking existence of `TabBar (First Match)`
    t =    13.21s Checking existence of `"PhraseArticle.BottomSentinel.viet-family-city-hoian-place-rosies-cafe" Other`
    t =    13.29s Checking existence of `"PhraseArticle.BottomSentinel.viet-phrase-city-hoian-place-rosies-cafe" Other`
    t =    13.31s Find the "PhraseArticle.BottomSentinel.viet-phrase-city-hoian-place-rosies-cafe" Other
    t =    13.33s Checking existence of `TabBar (First Match)`
    t =    13.34s Find the TabBar (First Match)
    t =    13.34s Find the Target Application 'app.speaklocal.vietnam.native'
    t =    13.44s Terminate app.speaklocal.vietnam.native:18572
    t =    14.53s Tear Down
Test Case '-[SpeakLocalNativeUITests.CityAppDetailV22RenderProofUITests testCaptureCityAppDetailV22RenderProofBatch]' passed (14.623 seconds).
Test Suite 'CityAppDetailV22RenderProofUITests' passed at 2026-06-01 05:35:59.866.
	 Executed 1 test, with 0 failures (0 unexpected) in 14.623 (14.624) seconds
Test Suite 'SpeakLocalNativeUITests.xctest' passed at 2026-06-01 05:35:59.867.
	 Executed 1 test, with 0 failures (0 unexpected) in 14.623 (14.625) seconds
Test Suite 'Selected tests' passed at 2026-06-01 05:35:59.868.
	 Executed 1 test, with 0 failures (0 unexpected) in 14.623 (14.626) seconds

Test session results, code coverage, and logs:
	/Users/jojolim/Library/Developer/XcodeBuildMCP/workspaces/orchestrator-309442864093/DerivedData/SpeakLocalNative-8f3e721625a0/Logs/Test/Test-SpeakLocalNative-2026.06.01_05-35-43-+0700.xcresult

** TEST EXECUTE SUCCEEDED **

Testing started

2026-06-01 05:35:45.301 xcodebuild[18394:7779780] [MT] IDELaunchParametersSnapshot: The operation couldn’t be completed. (DebuggerLLDB.DebuggerVersionStore.StoreError error 0.)
2026-06-01 05:35:45.301 xcodebuild[18394:7779780] [MT] IDELaunchParametersSnapshot: no debugger version
2026-06-01 05:35:55.183 xcodebuild[18394:7779780] [MT] IDELaunchParametersSnapshot: The operation couldn’t be completed. (DebuggerLLDB.DebuggerVersionStore.StoreError error 0.)
2026-06-01 05:35:55.183 xcodebuild[18394:7779780] [MT] IDELaunchParametersSnapshot: no debugger version
2026-06-01 05:36:00.171 xcodebuild[18394:7779780] [MT] IDETestOperationsObserverDebug: 16.107 elapsed -- Testing started completed.
2026-06-01 05:36:00.171 xcodebuild[18394:7779780] [MT] IDETestOperationsObserverDebug: 0.000 sec, +0.000 sec -- start
2026-06-01 05:36:00.171 xcodebuild[18394:7779780] [MT] IDETestOperationsObserverDebug: 16.107 sec, +16.107 sec -- end
