Command line invocation:
    /Applications/Xcode.app/Contents/Developer/usr/bin/xcodebuild test-without-building -project /Users/jojolim/Developer/products/speaklocal/app-family/.worktrees/city-listings-production-ready/native-ios/SpeakLocalNative.xcodeproj -scheme SpeakLocalNative -destination "platform=iOS Simulator,id=7C386DD3-4BF1-4A34-A918-768C43CD1258" -derivedDataPath /Users/jojolim/Library/Developer/XcodeBuildMCP/workspaces/orchestrator-309442864093/DerivedData/SpeakLocalNative-8f3e721625a0 "-only-testing:SpeakLocalNativeUITests/CityAppDetailV22RenderProofUITests/testCaptureCityAppDetailV22RenderProofBatch"

2026-06-01 05:51:42.018795+0700 SpeakLocalNativeUITests-Runner[32564:7841117] [Default] Running tests...
    t =      nans Interface orientation changed to Portrait
Test Suite 'Selected tests' started at 2026-06-01 05:51:42.389.
Test Suite 'SpeakLocalNativeUITests.xctest' started at 2026-06-01 05:51:42.389.
Test Suite 'CityAppDetailV22RenderProofUITests' started at 2026-06-01 05:51:42.389.
Test Case '-[SpeakLocalNativeUITests.CityAppDetailV22RenderProofUITests testCaptureCityAppDetailV22RenderProofBatch]' started.
    t =     0.00s Start Test at 2026-06-01 05:51:42.389
    t =     0.02s Set Up
    t =     0.02s Open app.speaklocal.vietnam.native
    t =     0.02s     Launch app.speaklocal.vietnam.native
objc[32564]: Class UIAccessibilityLoaderWebShared is implemented in both /Library/Developer/CoreSimulator/Volumes/iOS_23F77/Library/Developer/CoreSimulator/Profiles/Runtimes/iOS 26.5.simruntime/Contents/Resources/RuntimeRoot/System/Library/AccessibilityBundles/WebCore.axbundle/WebCore (0x10a98c310) and /Library/Developer/CoreSimulator/Volumes/iOS_23F77/Library/Developer/CoreSimulator/Profiles/Runtimes/iOS 26.5.simruntime/Contents/Resources/RuntimeRoot/System/Library/AccessibilityBundles/WebKit.axbundle/WebKit (0x10a22c398). This may cause spurious casting failures and mysterious crashes. One of the duplicates must be removed or renamed.
    t =     1.89s         Setting up automation session
    t =     2.29s         Wait for app.speaklocal.vietnam.native to idle
    t =     3.81s Checking existence of `"Ngũ Hành Sơn" StaticText`
    t =     3.94s Waiting 8.0s for "Ngũ Hành Sơn" StaticText to exist
    t =     5.01s     Checking `Expect predicate `existsNoRetry == 1` for object "Ngũ Hành Sơn" StaticText`
    t =     5.01s         Checking existence of `"Ngũ Hành Sơn" StaticText`
    t =     5.17s Swipe up Target Application 'app.speaklocal.vietnam.native'
    t =     5.17s     Wait for app.speaklocal.vietnam.native to idle
    t =     5.18s     Find the Target Application 'app.speaklocal.vietnam.native'
    t =     5.19s     Check for interrupting elements affecting "SpeakLocal Vietnam" Application
    t =     5.21s     Synthesize event
    t =     5.63s     Wait for app.speaklocal.vietnam.native to idle
    t =     7.73s Swipe up Target Application 'app.speaklocal.vietnam.native'
    t =     7.73s     Wait for app.speaklocal.vietnam.native to idle
    t =     7.73s     Find the Target Application 'app.speaklocal.vietnam.native'
    t =     7.76s     Check for interrupting elements affecting "SpeakLocal Vietnam" Application
    t =     7.79s     Synthesize event
    t =     8.21s     Wait for app.speaklocal.vietnam.native to idle
    t =     9.27s Terminate app.speaklocal.vietnam.native:32581
    t =    10.36s Open app.speaklocal.vietnam.native
    t =    10.36s     Launch app.speaklocal.vietnam.native
    t =    10.57s         Setting up automation session
    t =    11.04s         Wait for app.speaklocal.vietnam.native to idle
    t =    12.50s Waiting 4.0s for TabBar (First Match) to exist
    t =    13.57s     Checking `Expect predicate `existsNoRetry == 1` for object TabBar (First Match)`
    t =    13.57s         Checking existence of `TabBar (First Match)`
    t =    13.63s Checking existence of `"PhraseArticle.BottomSentinel.viet-family-city-danang-place-marble-mountains" Other`
    t =    13.72s Checking existence of `"PhraseArticle.BottomSentinel.viet-phrase-city-danang-place-marble-mountains" Other`
    t =    13.74s Find the "PhraseArticle.BottomSentinel.viet-phrase-city-danang-place-marble-mountains" Other
    t =    13.76s Checking existence of `TabBar (First Match)`
    t =    13.77s Find the TabBar (First Match)
    t =    13.78s Find the Target Application 'app.speaklocal.vietnam.native'
    t =    13.87s Terminate app.speaklocal.vietnam.native:32763
    t =    14.96s Tear Down
Test Case '-[SpeakLocalNativeUITests.CityAppDetailV22RenderProofUITests testCaptureCityAppDetailV22RenderProofBatch]' passed (15.021 seconds).
Test Suite 'CityAppDetailV22RenderProofUITests' passed at 2026-06-01 05:51:57.410.
	 Executed 1 test, with 0 failures (0 unexpected) in 15.021 (15.021) seconds
Test Suite 'SpeakLocalNativeUITests.xctest' passed at 2026-06-01 05:51:57.411.
	 Executed 1 test, with 0 failures (0 unexpected) in 15.021 (15.022) seconds
Test Suite 'Selected tests' passed at 2026-06-01 05:51:57.411.
	 Executed 1 test, with 0 failures (0 unexpected) in 15.021 (15.022) seconds

Test session results, code coverage, and logs:
	/Users/jojolim/Library/Developer/XcodeBuildMCP/workspaces/orchestrator-309442864093/DerivedData/SpeakLocalNative-8f3e721625a0/Logs/Test/Test-SpeakLocalNative-2026.06.01_05-51-41-+0700.xcresult

** TEST EXECUTE SUCCEEDED **

Testing started

2026-06-01 05:51:42.448 xcodebuild[32553:7840945] [MT] IDELaunchParametersSnapshot: The operation couldn’t be completed. (DebuggerLLDB.DebuggerVersionStore.StoreError error 0.)
2026-06-01 05:51:42.448 xcodebuild[32553:7840945] [MT] IDELaunchParametersSnapshot: no debugger version
2026-06-01 05:51:52.753 xcodebuild[32553:7840945] [MT] IDELaunchParametersSnapshot: The operation couldn’t be completed. (DebuggerLLDB.DebuggerVersionStore.StoreError error 0.)
2026-06-01 05:51:52.753 xcodebuild[32553:7840945] [MT] IDELaunchParametersSnapshot: no debugger version
2026-06-01 05:51:57.714 xcodebuild[32553:7840945] [MT] IDETestOperationsObserverDebug: 16.505 elapsed -- Testing started completed.
2026-06-01 05:51:57.714 xcodebuild[32553:7840945] [MT] IDETestOperationsObserverDebug: 0.000 sec, +0.000 sec -- start
2026-06-01 05:51:57.714 xcodebuild[32553:7840945] [MT] IDETestOperationsObserverDebug: 16.505 sec, +16.505 sec -- end
