Command line invocation:
    /Applications/Xcode.app/Contents/Developer/usr/bin/xcodebuild test-without-building -project /Users/jojolim/Developer/products/speaklocal/app-family/.worktrees/city-listings-production-ready/native-ios/SpeakLocalNative.xcodeproj -scheme SpeakLocalNative -destination "platform=iOS Simulator,id=7C386DD3-4BF1-4A34-A918-768C43CD1258" -derivedDataPath /Users/jojolim/Library/Developer/XcodeBuildMCP/workspaces/orchestrator-309442864093/DerivedData/SpeakLocalNative-8f3e721625a0 "-only-testing:SpeakLocalNativeUITests/CityAppDetailV22RenderProofUITests/testCaptureCityAppDetailV22RenderProofBatch"

2026-06-01 08:28:47.578419+0700 SpeakLocalNativeUITests-Runner[34222:8516241] [Default] Running tests...
    t =      nans Interface orientation changed to Portrait
Test Suite 'Selected tests' started at 2026-06-01 08:28:47.951.
Test Suite 'SpeakLocalNativeUITests.xctest' started at 2026-06-01 08:28:47.951.
Test Suite 'CityAppDetailV22RenderProofUITests' started at 2026-06-01 08:28:47.952.
Test Case '-[SpeakLocalNativeUITests.CityAppDetailV22RenderProofUITests testCaptureCityAppDetailV22RenderProofBatch]' started.
    t =     0.00s Start Test at 2026-06-01 08:28:47.952
    t =     0.02s Set Up
    t =     0.02s Open app.speaklocal.vietnam.native
    t =     0.02s     Launch app.speaklocal.vietnam.native
objc[34222]: Class UIAccessibilityLoaderWebShared is implemented in both /Library/Developer/CoreSimulator/Volumes/iOS_23F77/Library/Developer/CoreSimulator/Profiles/Runtimes/iOS 26.5.simruntime/Contents/Resources/RuntimeRoot/System/Library/AccessibilityBundles/WebCore.axbundle/WebCore (0x1092b8310) and /Library/Developer/CoreSimulator/Volumes/iOS_23F77/Library/Developer/CoreSimulator/Profiles/Runtimes/iOS 26.5.simruntime/Contents/Resources/RuntimeRoot/System/Library/AccessibilityBundles/WebKit.axbundle/WebKit (0x108b38398). This may cause spurious casting failures and mysterious crashes. One of the duplicates must be removed or renamed.
    t =     1.89s         Setting up automation session
    t =     2.30s         Wait for app.speaklocal.vietnam.native to idle
    t =     3.77s Checking existence of `"Bảo tàng Hội An" StaticText`
    t =     3.92s Waiting 8.0s for "Bảo tàng Hội An" StaticText to exist
    t =     4.96s     Checking `Expect predicate `existsNoRetry == 1` for object "Bảo tàng Hội An" StaticText`
    t =     4.97s         Checking existence of `"Bảo tàng Hội An" StaticText`
    t =     5.13s Swipe up Target Application 'app.speaklocal.vietnam.native'
    t =     5.13s     Wait for app.speaklocal.vietnam.native to idle
    t =     5.13s     Find the Target Application 'app.speaklocal.vietnam.native'
    t =     5.14s     Check for interrupting elements affecting "SpeakLocal Vietnam" Application
    t =     5.16s     Synthesize event
    t =     5.58s     Wait for app.speaklocal.vietnam.native to idle
    t =     7.70s Swipe up Target Application 'app.speaklocal.vietnam.native'
    t =     7.70s     Wait for app.speaklocal.vietnam.native to idle
    t =     7.70s     Find the Target Application 'app.speaklocal.vietnam.native'
    t =     7.73s     Check for interrupting elements affecting "SpeakLocal Vietnam" Application
    t =     7.76s     Synthesize event
    t =     8.19s     Wait for app.speaklocal.vietnam.native to idle
    t =     8.95s Terminate app.speaklocal.vietnam.native:34230
    t =    10.02s Open app.speaklocal.vietnam.native
    t =    10.02s     Launch app.speaklocal.vietnam.native
    t =    10.23s         Setting up automation session
    t =    10.71s         Wait for app.speaklocal.vietnam.native to idle
    t =    12.20s Waiting 4.0s for TabBar (First Match) to exist
    t =    13.23s     Checking `Expect predicate `existsNoRetry == 1` for object TabBar (First Match)`
    t =    13.23s         Checking existence of `TabBar (First Match)`
    t =    13.29s Checking existence of `"PhraseArticle.BottomSentinel.viet-family-city-hoian-place-museum" Other`
    t =    13.37s Checking existence of `"PhraseArticle.BottomSentinel.viet-phrase-city-hoian-place-museum" Other`
    t =    13.39s Find the "PhraseArticle.BottomSentinel.viet-phrase-city-hoian-place-museum" Other
    t =    13.41s Checking existence of `TabBar (First Match)`
    t =    13.42s Find the TabBar (First Match)
    t =    13.42s Find the Target Application 'app.speaklocal.vietnam.native'
    t =    13.52s Terminate app.speaklocal.vietnam.native:34249
    t =    14.58s Tear Down
Test Case '-[SpeakLocalNativeUITests.CityAppDetailV22RenderProofUITests testCaptureCityAppDetailV22RenderProofBatch]' passed (14.662 seconds).
Test Suite 'CityAppDetailV22RenderProofUITests' passed at 2026-06-01 08:29:02.615.
	 Executed 1 test, with 0 failures (0 unexpected) in 14.662 (14.664) seconds
Test Suite 'SpeakLocalNativeUITests.xctest' passed at 2026-06-01 08:29:02.616.
	 Executed 1 test, with 0 failures (0 unexpected) in 14.662 (14.665) seconds
Test Suite 'Selected tests' passed at 2026-06-01 08:29:02.617.
	 Executed 1 test, with 0 failures (0 unexpected) in 14.662 (14.666) seconds

Test session results, code coverage, and logs:
	/Users/jojolim/Library/Developer/XcodeBuildMCP/workspaces/orchestrator-309442864093/DerivedData/SpeakLocalNative-8f3e721625a0/Logs/Test/Test-SpeakLocalNative-2026.06.01_08-28-46-+0700.xcresult

** TEST EXECUTE SUCCEEDED **

Testing started

2026-06-01 08:28:48.010 xcodebuild[34207:8516036] [MT] IDELaunchParametersSnapshot: The operation couldn’t be completed. (DebuggerLLDB.DebuggerVersionStore.StoreError error 0.)
2026-06-01 08:28:48.010 xcodebuild[34207:8516036] [MT] IDELaunchParametersSnapshot: no debugger version
2026-06-01 08:28:57.975 xcodebuild[34207:8516036] [MT] IDELaunchParametersSnapshot: The operation couldn’t be completed. (DebuggerLLDB.DebuggerVersionStore.StoreError error 0.)
2026-06-01 08:28:57.975 xcodebuild[34207:8516036] [MT] IDELaunchParametersSnapshot: no debugger version
2026-06-01 08:29:02.918 xcodebuild[34207:8516036] [MT] IDETestOperationsObserverDebug: 16.121 elapsed -- Testing started completed.
2026-06-01 08:29:02.918 xcodebuild[34207:8516036] [MT] IDETestOperationsObserverDebug: 0.000 sec, +0.000 sec -- start
2026-06-01 08:29:02.918 xcodebuild[34207:8516036] [MT] IDETestOperationsObserverDebug: 16.121 sec, +16.121 sec -- end
