Command line invocation:
    /Applications/Xcode.app/Contents/Developer/usr/bin/xcodebuild test-without-building -project /Users/jojolim/Developer/products/speaklocal/app-family/.worktrees/city-listings-production-ready/native-ios/SpeakLocalNative.xcodeproj -scheme SpeakLocalNative -destination "platform=iOS Simulator,id=7C386DD3-4BF1-4A34-A918-768C43CD1258" -derivedDataPath /Users/jojolim/Library/Developer/XcodeBuildMCP/workspaces/orchestrator-309442864093/DerivedData/SpeakLocalNative-8f3e721625a0 "-only-testing:SpeakLocalNativeUITests/CityAppDetailV22RenderProofUITests/testCaptureCityAppDetailV22RenderProofBatch"

2026-06-01 23:27:51.060290+0700 SpeakLocalNativeUITests-Runner[7540:10176403] [Default] Running tests...
    t =      nans Interface orientation changed to Portrait
Test Suite 'Selected tests' started at 2026-06-01 23:27:51.436.
Test Suite 'SpeakLocalNativeUITests.xctest' started at 2026-06-01 23:27:51.436.
Test Suite 'CityAppDetailV22RenderProofUITests' started at 2026-06-01 23:27:51.436.
Test Case '-[SpeakLocalNativeUITests.CityAppDetailV22RenderProofUITests testCaptureCityAppDetailV22RenderProofBatch]' started.
    t =     0.00s Start Test at 2026-06-01 23:27:51.436
    t =     0.02s Set Up
    t =     0.02s Open app.speaklocal.vietnam.native
    t =     0.02s     Launch app.speaklocal.vietnam.native
objc[7540]: Class UIAccessibilityLoaderWebShared is implemented in both /Library/Developer/CoreSimulator/Volumes/iOS_23F77/Library/Developer/CoreSimulator/Profiles/Runtimes/iOS 26.5.simruntime/Contents/Resources/RuntimeRoot/System/Library/AccessibilityBundles/WebCore.axbundle/WebCore (0x106a00310) and /Library/Developer/CoreSimulator/Volumes/iOS_23F77/Library/Developer/CoreSimulator/Profiles/Runtimes/iOS 26.5.simruntime/Contents/Resources/RuntimeRoot/System/Library/AccessibilityBundles/WebKit.axbundle/WebKit (0x106798398). This may cause spurious casting failures and mysterious crashes. One of the duplicates must be removed or renamed.
    t =     1.91s         Setting up automation session
    t =     2.36s         Wait for app.speaklocal.vietnam.native to idle
    t =     3.88s Checking existence of `"Hải sản Năm Đảnh" StaticText`
    t =     4.00s Waiting 8.0s for "Hải sản Năm Đảnh" StaticText to exist
    t =     5.07s     Checking `Expect predicate `existsNoRetry == 1` for object "Hải sản Năm Đảnh" StaticText`
    t =     5.07s         Checking existence of `"Hải sản Năm Đảnh" StaticText`
    t =     5.25s Swipe up Target Application 'app.speaklocal.vietnam.native'
    t =     5.25s     Wait for app.speaklocal.vietnam.native to idle
    t =     5.25s     Find the Target Application 'app.speaklocal.vietnam.native'
    t =     5.26s     Check for interrupting elements affecting "SpeakLocal Vietnam" Application
    t =     5.28s     Synthesize event
    t =     5.70s     Wait for app.speaklocal.vietnam.native to idle
    t =     7.81s Swipe up Target Application 'app.speaklocal.vietnam.native'
    t =     7.81s     Wait for app.speaklocal.vietnam.native to idle
    t =     7.81s     Find the Target Application 'app.speaklocal.vietnam.native'
    t =     7.84s     Check for interrupting elements affecting "SpeakLocal Vietnam" Application
    t =     7.86s     Synthesize event
    t =     8.28s     Wait for app.speaklocal.vietnam.native to idle
    t =     9.38s Terminate app.speaklocal.vietnam.native:7664
    t =    10.47s Open app.speaklocal.vietnam.native
    t =    10.47s     Launch app.speaklocal.vietnam.native
    t =    10.68s         Setting up automation session
    t =    11.13s         Wait for app.speaklocal.vietnam.native to idle
    t =    12.62s Waiting 4.0s for TabBar (First Match) to exist
    t =    13.69s     Checking `Expect predicate `existsNoRetry == 1` for object TabBar (First Match)`
    t =    13.69s         Checking existence of `TabBar (First Match)`
    t =    13.72s Checking existence of `"PhraseArticle.BottomSentinel.viet-family-city-danang-place-nam-danh-seafood" Other`
    t =    13.79s Checking existence of `"PhraseArticle.BottomSentinel.viet-phrase-city-danang-place-nam-danh-seafood" Other`
    t =    13.81s Find the "PhraseArticle.BottomSentinel.viet-phrase-city-danang-place-nam-danh-seafood" Other
    t =    13.83s Checking existence of `TabBar (First Match)`
    t =    13.84s Find the TabBar (First Match)
    t =    13.85s Find the Target Application 'app.speaklocal.vietnam.native'
    t =    13.95s Terminate app.speaklocal.vietnam.native:7783
    t =    15.03s Tear Down
Test Case '-[SpeakLocalNativeUITests.CityAppDetailV22RenderProofUITests testCaptureCityAppDetailV22RenderProofBatch]' passed (15.099 seconds).
Test Suite 'CityAppDetailV22RenderProofUITests' passed at 2026-06-01 23:28:06.536.
	 Executed 1 test, with 0 failures (0 unexpected) in 15.099 (15.100) seconds
Test Suite 'SpeakLocalNativeUITests.xctest' passed at 2026-06-01 23:28:06.537.
	 Executed 1 test, with 0 failures (0 unexpected) in 15.099 (15.101) seconds
Test Suite 'Selected tests' passed at 2026-06-01 23:28:06.538.
	 Executed 1 test, with 0 failures (0 unexpected) in 15.099 (15.102) seconds

Test session results, code coverage, and logs:
	/Users/jojolim/Library/Developer/XcodeBuildMCP/workspaces/orchestrator-309442864093/DerivedData/SpeakLocalNative-8f3e721625a0/Logs/Test/Test-SpeakLocalNative-2026.06.01_23-27-50-+0700.xcresult

** TEST EXECUTE SUCCEEDED **

Testing started

2026-06-01 23:27:51.503 xcodebuild[7519:10176203] [MT] IDELaunchParametersSnapshot: The operation couldn’t be completed. (DebuggerLLDB.DebuggerVersionStore.StoreError error 0.)
2026-06-01 23:27:51.503 xcodebuild[7519:10176203] [MT] IDELaunchParametersSnapshot: no debugger version
2026-06-01 23:28:01.903 xcodebuild[7519:10176203] [MT] IDELaunchParametersSnapshot: The operation couldn’t be completed. (DebuggerLLDB.DebuggerVersionStore.StoreError error 0.)
2026-06-01 23:28:01.903 xcodebuild[7519:10176203] [MT] IDELaunchParametersSnapshot: no debugger version
2026-06-01 23:28:06.845 xcodebuild[7519:10176203] [MT] IDETestOperationsObserverDebug: 16.597 elapsed -- Testing started completed.
2026-06-01 23:28:06.845 xcodebuild[7519:10176203] [MT] IDETestOperationsObserverDebug: 0.000 sec, +0.000 sec -- start
2026-06-01 23:28:06.845 xcodebuild[7519:10176203] [MT] IDETestOperationsObserverDebug: 16.597 sec, +16.597 sec -- end
