Command line invocation:
    /Applications/Xcode.app/Contents/Developer/usr/bin/xcodebuild test-without-building -project /Users/jojolim/Developer/products/speaklocal/app-family/.worktrees/city-listings-production-ready/native-ios/SpeakLocalNative.xcodeproj -scheme SpeakLocalNative -destination "platform=iOS Simulator,id=7C386DD3-4BF1-4A34-A918-768C43CD1258" -derivedDataPath /Users/jojolim/Library/Developer/XcodeBuildMCP/workspaces/orchestrator-309442864093/DerivedData/SpeakLocalNative-8f3e721625a0 "-only-testing:SpeakLocalNativeUITests/CityAppDetailV22RenderProofUITests/testCaptureCityAppDetailV22RenderProofBatch"

2026-06-01 08:04:07.638443+0700 SpeakLocalNativeUITests-Runner[7265:8418438] [Default] Running tests...
    t =      nans Interface orientation changed to Portrait
Test Suite 'Selected tests' started at 2026-06-01 08:04:08.017.
Test Suite 'SpeakLocalNativeUITests.xctest' started at 2026-06-01 08:04:08.017.
Test Suite 'CityAppDetailV22RenderProofUITests' started at 2026-06-01 08:04:08.017.
Test Case '-[SpeakLocalNativeUITests.CityAppDetailV22RenderProofUITests testCaptureCityAppDetailV22RenderProofBatch]' started.
    t =     0.00s Start Test at 2026-06-01 08:04:08.018
    t =     0.02s Set Up
    t =     0.02s Open app.speaklocal.vietnam.native
    t =     0.02s     Launch app.speaklocal.vietnam.native
objc[7265]: Class UIAccessibilityLoaderWebShared is implemented in both /Library/Developer/CoreSimulator/Volumes/iOS_23F77/Library/Developer/CoreSimulator/Profiles/Runtimes/iOS 26.5.simruntime/Contents/Resources/RuntimeRoot/System/Library/AccessibilityBundles/WebCore.axbundle/WebCore (0x10685c310) and /Library/Developer/CoreSimulator/Volumes/iOS_23F77/Library/Developer/CoreSimulator/Profiles/Runtimes/iOS 26.5.simruntime/Contents/Resources/RuntimeRoot/System/Library/AccessibilityBundles/WebKit.axbundle/WebKit (0x106068398). This may cause spurious casting failures and mysterious crashes. One of the duplicates must be removed or renamed.
    t =     1.91s         Setting up automation session
    t =     2.29s         Wait for app.speaklocal.vietnam.native to idle
    t =     3.73s Checking existence of `"Bảo tàng Phụ nữ Nam Bộ" StaticText`
    t =     3.88s Waiting 8.0s for "Bảo tàng Phụ nữ Nam Bộ" StaticText to exist
    t =     4.93s     Checking `Expect predicate `existsNoRetry == 1` for object "Bảo tàng Phụ nữ Nam Bộ" StaticText`
    t =     4.93s         Checking existence of `"Bảo tàng Phụ nữ Nam Bộ" StaticText`
    t =     5.10s Swipe up Target Application 'app.speaklocal.vietnam.native'
    t =     5.10s     Wait for app.speaklocal.vietnam.native to idle
    t =     5.10s     Find the Target Application 'app.speaklocal.vietnam.native'
    t =     5.11s     Check for interrupting elements affecting "SpeakLocal Vietnam" Application
    t =     5.13s     Synthesize event
    t =     5.55s     Wait for app.speaklocal.vietnam.native to idle
    t =     7.66s Swipe up Target Application 'app.speaklocal.vietnam.native'
    t =     7.66s     Wait for app.speaklocal.vietnam.native to idle
    t =     8.31s     Find the Target Application 'app.speaklocal.vietnam.native'
    t =     8.34s     Check for interrupting elements affecting "SpeakLocal Vietnam" Application
    t =     8.36s     Synthesize event
    t =     8.78s     Wait for app.speaklocal.vietnam.native to idle
    t =     9.52s Terminate app.speaklocal.vietnam.native:7276
    t =    10.57s Open app.speaklocal.vietnam.native
    t =    10.57s     Launch app.speaklocal.vietnam.native
    t =    10.78s         Setting up automation session
    t =    11.26s         Wait for app.speaklocal.vietnam.native to idle
    t =    12.70s Waiting 4.0s for TabBar (First Match) to exist
    t =    13.73s     Checking `Expect predicate `existsNoRetry == 1` for object TabBar (First Match)`
    t =    13.73s         Checking existence of `TabBar (First Match)`
    t =    13.79s Checking existence of `"PhraseArticle.BottomSentinel.viet-family-city-hcmc-place-southern-women-museum" Other`
    t =    13.87s Checking existence of `"PhraseArticle.BottomSentinel.viet-phrase-city-hcmc-place-southern-women-museum" Other`
    t =    13.89s Find the "PhraseArticle.BottomSentinel.viet-phrase-city-hcmc-place-southern-women-museum" Other
    t =    13.91s Checking existence of `TabBar (First Match)`
    t =    13.92s Find the TabBar (First Match)
    t =    13.92s Find the Target Application 'app.speaklocal.vietnam.native'
    t =    14.01s Terminate app.speaklocal.vietnam.native:7318
    t =    15.07s Tear Down
Test Case '-[SpeakLocalNativeUITests.CityAppDetailV22RenderProofUITests testCaptureCityAppDetailV22RenderProofBatch]' passed (15.172 seconds).
Test Suite 'CityAppDetailV22RenderProofUITests' passed at 2026-06-01 08:04:23.190.
	 Executed 1 test, with 0 failures (0 unexpected) in 15.172 (15.173) seconds
Test Suite 'SpeakLocalNativeUITests.xctest' passed at 2026-06-01 08:04:23.191.
	 Executed 1 test, with 0 failures (0 unexpected) in 15.172 (15.174) seconds
Test Suite 'Selected tests' passed at 2026-06-01 08:04:23.191.
	 Executed 1 test, with 0 failures (0 unexpected) in 15.172 (15.174) seconds

Test session results, code coverage, and logs:
	/Users/jojolim/Library/Developer/XcodeBuildMCP/workspaces/orchestrator-309442864093/DerivedData/SpeakLocalNative-8f3e721625a0/Logs/Test/Test-SpeakLocalNative-2026.06.01_08-04-06-+0700.xcresult

** TEST EXECUTE SUCCEEDED **

Testing started

2026-06-01 08:04:08.078 xcodebuild[7263:8418289] [MT] IDELaunchParametersSnapshot: The operation couldn’t be completed. (DebuggerLLDB.DebuggerVersionStore.StoreError error 0.)
2026-06-01 08:04:08.078 xcodebuild[7263:8418289] [MT] IDELaunchParametersSnapshot: no debugger version
2026-06-01 08:04:18.588 xcodebuild[7263:8418289] [MT] IDELaunchParametersSnapshot: The operation couldn’t be completed. (DebuggerLLDB.DebuggerVersionStore.StoreError error 0.)
2026-06-01 08:04:18.588 xcodebuild[7263:8418289] [MT] IDELaunchParametersSnapshot: no debugger version
2026-06-01 08:04:23.491 xcodebuild[7263:8418289] [MT] IDETestOperationsObserverDebug: 16.654 elapsed -- Testing started completed.
2026-06-01 08:04:23.491 xcodebuild[7263:8418289] [MT] IDETestOperationsObserverDebug: 0.000 sec, +0.000 sec -- start
2026-06-01 08:04:23.491 xcodebuild[7263:8418289] [MT] IDETestOperationsObserverDebug: 16.654 sec, +16.654 sec -- end
