Command line invocation:
    /Applications/Xcode.app/Contents/Developer/usr/bin/xcodebuild test-without-building -project /Users/jojolim/Developer/products/speaklocal/app-family/.worktrees/city-listings-production-ready/native-ios/SpeakLocalNative.xcodeproj -scheme SpeakLocalNative -destination "platform=iOS Simulator,id=7C386DD3-4BF1-4A34-A918-768C43CD1258" -derivedDataPath /Users/jojolim/Library/Developer/XcodeBuildMCP/workspaces/orchestrator-309442864093/DerivedData/SpeakLocalNative-8f3e721625a0 "-only-testing:SpeakLocalNativeUITests/CityAppDetailV22RenderProofUITests/testCaptureCityAppDetailV22RenderProofBatch"

2026-06-01 05:43:17.810878+0700 SpeakLocalNativeUITests-Runner[25292:7812057] [Default] Running tests...
    t =      nans Interface orientation changed to Portrait
Test Suite 'Selected tests' started at 2026-06-01 05:43:18.178.
Test Suite 'SpeakLocalNativeUITests.xctest' started at 2026-06-01 05:43:18.178.
Test Suite 'CityAppDetailV22RenderProofUITests' started at 2026-06-01 05:43:18.178.
Test Case '-[SpeakLocalNativeUITests.CityAppDetailV22RenderProofUITests testCaptureCityAppDetailV22RenderProofBatch]' started.
    t =     0.00s Start Test at 2026-06-01 05:43:18.179
    t =     0.02s Set Up
    t =     0.02s Open app.speaklocal.vietnam.native
    t =     0.02s     Launch app.speaklocal.vietnam.native
objc[25292]: Class UIAccessibilityLoaderWebShared is implemented in both /Library/Developer/CoreSimulator/Volumes/iOS_23F77/Library/Developer/CoreSimulator/Profiles/Runtimes/iOS 26.5.simruntime/Contents/Resources/RuntimeRoot/System/Library/AccessibilityBundles/WebCore.axbundle/WebCore (0x1066c4310) and /Library/Developer/CoreSimulator/Volumes/iOS_23F77/Library/Developer/CoreSimulator/Profiles/Runtimes/iOS 26.5.simruntime/Contents/Resources/RuntimeRoot/System/Library/AccessibilityBundles/WebKit.axbundle/WebKit (0x105ed0398). This may cause spurious casting failures and mysterious crashes. One of the duplicates must be removed or renamed.
    t =     1.70s         Setting up automation session
    t =     2.24s         Wait for app.speaklocal.vietnam.native to idle
    t =     3.76s Checking existence of `"Đường Lê Lợi" StaticText`
    t =     3.90s Waiting 8.0s for "Đường Lê Lợi" StaticText to exist
    t =     4.97s     Checking `Expect predicate `existsNoRetry == 1` for object "Đường Lê Lợi" StaticText`
    t =     4.97s         Checking existence of `"Đường Lê Lợi" StaticText`
    t =     5.09s Swipe up Target Application 'app.speaklocal.vietnam.native'
    t =     5.09s     Wait for app.speaklocal.vietnam.native to idle
    t =     5.09s     Find the Target Application 'app.speaklocal.vietnam.native'
    t =     5.11s     Check for interrupting elements affecting "SpeakLocal Vietnam" Application
    t =     5.13s     Synthesize event
    t =     5.55s     Wait for app.speaklocal.vietnam.native to idle
    t =     7.65s Swipe up Target Application 'app.speaklocal.vietnam.native'
    t =     7.65s     Wait for app.speaklocal.vietnam.native to idle
    t =     7.65s     Find the Target Application 'app.speaklocal.vietnam.native'
    t =     7.68s     Check for interrupting elements affecting "SpeakLocal Vietnam" Application
    t =     7.71s     Synthesize event
    t =     8.13s     Wait for app.speaklocal.vietnam.native to idle
    t =     9.05s Terminate app.speaklocal.vietnam.native:25298
    t =    10.15s Open app.speaklocal.vietnam.native
    t =    10.15s     Launch app.speaklocal.vietnam.native
    t =    10.37s         Setting up automation session
    t =    10.84s         Wait for app.speaklocal.vietnam.native to idle
    t =    12.33s Waiting 4.0s for TabBar (First Match) to exist
    t =    13.41s     Checking `Expect predicate `existsNoRetry == 1` for object TabBar (First Match)`
    t =    13.41s         Checking existence of `TabBar (First Match)`
    t =    13.47s Checking existence of `"PhraseArticle.BottomSentinel.viet-family-city-hue-place-le-loi-street" Other`
    t =    13.55s Checking existence of `"PhraseArticle.BottomSentinel.viet-phrase-city-hue-place-le-loi-street" Other`
    t =    13.57s Find the "PhraseArticle.BottomSentinel.viet-phrase-city-hue-place-le-loi-street" Other
    t =    13.60s Checking existence of `TabBar (First Match)`
    t =    13.60s Find the TabBar (First Match)
    t =    13.61s Find the Target Application 'app.speaklocal.vietnam.native'
    t =    13.71s Terminate app.speaklocal.vietnam.native:25461
    t =    14.80s Tear Down
Test Case '-[SpeakLocalNativeUITests.CityAppDetailV22RenderProofUITests testCaptureCityAppDetailV22RenderProofBatch]' passed (14.878 seconds).
Test Suite 'CityAppDetailV22RenderProofUITests' passed at 2026-06-01 05:43:33.058.
	 Executed 1 test, with 0 failures (0 unexpected) in 14.878 (14.879) seconds
Test Suite 'SpeakLocalNativeUITests.xctest' passed at 2026-06-01 05:43:33.058.
	 Executed 1 test, with 0 failures (0 unexpected) in 14.878 (14.880) seconds
Test Suite 'Selected tests' passed at 2026-06-01 05:43:33.059.
	 Executed 1 test, with 0 failures (0 unexpected) in 14.878 (14.881) seconds

Test session results, code coverage, and logs:
	/Users/jojolim/Library/Developer/XcodeBuildMCP/workspaces/orchestrator-309442864093/DerivedData/SpeakLocalNative-8f3e721625a0/Logs/Test/Test-SpeakLocalNative-2026.06.01_05-43-16-+0700.xcresult

** TEST EXECUTE SUCCEEDED **

Testing started

2026-06-01 05:43:18.238 xcodebuild[25290:7811908] [MT] IDELaunchParametersSnapshot: The operation couldn’t be completed. (DebuggerLLDB.DebuggerVersionStore.StoreError error 0.)
2026-06-01 05:43:18.238 xcodebuild[25290:7811908] [MT] IDELaunchParametersSnapshot: no debugger version
2026-06-01 05:43:28.335 xcodebuild[25290:7811908] [MT] IDELaunchParametersSnapshot: The operation couldn’t be completed. (DebuggerLLDB.DebuggerVersionStore.StoreError error 0.)
2026-06-01 05:43:28.335 xcodebuild[25290:7811908] [MT] IDELaunchParametersSnapshot: no debugger version
2026-06-01 05:43:33.368 xcodebuild[25290:7811908] [MT] IDETestOperationsObserverDebug: 16.358 elapsed -- Testing started completed.
2026-06-01 05:43:33.368 xcodebuild[25290:7811908] [MT] IDETestOperationsObserverDebug: 0.000 sec, +0.000 sec -- start
2026-06-01 05:43:33.368 xcodebuild[25290:7811908] [MT] IDETestOperationsObserverDebug: 16.358 sec, +16.358 sec -- end
