Command line invocation:
    /Applications/Xcode.app/Contents/Developer/usr/bin/xcodebuild test-without-building -project /Users/jojolim/Developer/products/speaklocal/app-family/.worktrees/city-listings-production-ready/native-ios/SpeakLocalNative.xcodeproj -scheme SpeakLocalNative -destination "platform=iOS Simulator,id=7C386DD3-4BF1-4A34-A918-768C43CD1258" -derivedDataPath /Users/jojolim/Library/Developer/XcodeBuildMCP/workspaces/orchestrator-309442864093/DerivedData/SpeakLocalNative-8f3e721625a0 "-only-testing:SpeakLocalNativeUITests/CityAppDetailV22RenderProofUITests/testCaptureCityAppDetailV22RenderProofBatch"

2026-06-01 06:05:38.233233+0700 SpeakLocalNativeUITests-Runner[51150:7905884] [Default] Running tests...
    t =      nans Interface orientation changed to Portrait
Test Suite 'Selected tests' started at 2026-06-01 06:05:38.609.
Test Suite 'SpeakLocalNativeUITests.xctest' started at 2026-06-01 06:05:38.609.
Test Suite 'CityAppDetailV22RenderProofUITests' started at 2026-06-01 06:05:38.610.
Test Case '-[SpeakLocalNativeUITests.CityAppDetailV22RenderProofUITests testCaptureCityAppDetailV22RenderProofBatch]' started.
    t =     0.00s Start Test at 2026-06-01 06:05:38.610
    t =     0.02s Set Up
    t =     0.02s Open app.speaklocal.vietnam.native
    t =     0.02s     Launch app.speaklocal.vietnam.native
objc[51150]: Class UIAccessibilityLoaderWebShared is implemented in both /Library/Developer/CoreSimulator/Volumes/iOS_23F77/Library/Developer/CoreSimulator/Profiles/Runtimes/iOS 26.5.simruntime/Contents/Resources/RuntimeRoot/System/Library/AccessibilityBundles/WebCore.axbundle/WebCore (0x10b120310) and /Library/Developer/CoreSimulator/Volumes/iOS_23F77/Library/Developer/CoreSimulator/Profiles/Runtimes/iOS 26.5.simruntime/Contents/Resources/RuntimeRoot/System/Library/AccessibilityBundles/WebKit.axbundle/WebKit (0x10a9b0398). This may cause spurious casting failures and mysterious crashes. One of the duplicates must be removed or renamed.
    t =     1.91s         Setting up automation session
    t =     2.32s         Wait for app.speaklocal.vietnam.native to idle
    t =     3.81s Checking existence of `"Nam House Cafe" StaticText`
    t =     3.96s Waiting 8.0s for "Nam House Cafe" StaticText to exist
    t =     5.03s     Checking `Expect predicate `existsNoRetry == 1` for object "Nam House Cafe" StaticText`
    t =     5.03s         Checking existence of `"Nam House Cafe" StaticText`
    t =     5.19s Swipe up Target Application 'app.speaklocal.vietnam.native'
    t =     5.19s     Wait for app.speaklocal.vietnam.native to idle
    t =     5.19s     Find the Target Application 'app.speaklocal.vietnam.native'
    t =     5.20s     Check for interrupting elements affecting "SpeakLocal Vietnam" Application
    t =     5.22s     Synthesize event
    t =     5.64s     Wait for app.speaklocal.vietnam.native to idle
    t =     7.76s Swipe up Target Application 'app.speaklocal.vietnam.native'
    t =     7.76s     Wait for app.speaklocal.vietnam.native to idle
    t =     8.02s     Find the Target Application 'app.speaklocal.vietnam.native'
    t =     8.03s     Check for interrupting elements affecting "SpeakLocal Vietnam" Application
    t =     8.06s     Synthesize event
    t =     8.48s     Wait for app.speaklocal.vietnam.native to idle
    t =     9.18s Terminate app.speaklocal.vietnam.native:51187
    t =    10.27s Open app.speaklocal.vietnam.native
    t =    10.27s     Launch app.speaklocal.vietnam.native
    t =    10.48s         Setting up automation session
    t =    10.94s         Wait for app.speaklocal.vietnam.native to idle
    t =    12.38s Waiting 4.0s for TabBar (First Match) to exist
    t =    13.45s     Checking `Expect predicate `existsNoRetry == 1` for object TabBar (First Match)`
    t =    13.45s         Checking existence of `TabBar (First Match)`
    t =    13.50s Checking existence of `"PhraseArticle.BottomSentinel.viet-family-city-danang-place-nam-house" Other`
    t =    13.58s Checking existence of `"PhraseArticle.BottomSentinel.viet-phrase-city-danang-place-nam-house" Other`
    t =    13.61s Find the "PhraseArticle.BottomSentinel.viet-phrase-city-danang-place-nam-house" Other
    t =    13.63s Checking existence of `TabBar (First Match)`
    t =    13.63s Find the TabBar (First Match)
    t =    13.64s Find the Target Application 'app.speaklocal.vietnam.native'
    t =    13.73s Terminate app.speaklocal.vietnam.native:51319
    t =    14.82s Tear Down
Test Case '-[SpeakLocalNativeUITests.CityAppDetailV22RenderProofUITests testCaptureCityAppDetailV22RenderProofBatch]' passed (14.892 seconds).
Test Suite 'CityAppDetailV22RenderProofUITests' passed at 2026-06-01 06:05:53.502.
	 Executed 1 test, with 0 failures (0 unexpected) in 14.892 (14.893) seconds
Test Suite 'SpeakLocalNativeUITests.xctest' passed at 2026-06-01 06:05:53.503.
	 Executed 1 test, with 0 failures (0 unexpected) in 14.892 (14.894) seconds
Test Suite 'Selected tests' passed at 2026-06-01 06:05:53.504.
	 Executed 1 test, with 0 failures (0 unexpected) in 14.892 (14.895) seconds

Test session results, code coverage, and logs:
	/Users/jojolim/Library/Developer/XcodeBuildMCP/workspaces/orchestrator-309442864093/DerivedData/SpeakLocalNative-8f3e721625a0/Logs/Test/Test-SpeakLocalNative-2026.06.01_06-05-37-+0700.xcresult

** TEST EXECUTE SUCCEEDED **

Testing started

2026-06-01 06:05:38.671 xcodebuild[51145:7905729] [MT] IDELaunchParametersSnapshot: The operation couldn’t be completed. (DebuggerLLDB.DebuggerVersionStore.StoreError error 0.)
2026-06-01 06:05:38.671 xcodebuild[51145:7905729] [MT] IDELaunchParametersSnapshot: no debugger version
2026-06-01 06:05:48.878 xcodebuild[51145:7905729] [MT] IDELaunchParametersSnapshot: The operation couldn’t be completed. (DebuggerLLDB.DebuggerVersionStore.StoreError error 0.)
2026-06-01 06:05:48.878 xcodebuild[51145:7905729] [MT] IDELaunchParametersSnapshot: no debugger version
2026-06-01 06:05:53.809 xcodebuild[51145:7905729] [MT] IDETestOperationsObserverDebug: 16.376 elapsed -- Testing started completed.
2026-06-01 06:05:53.809 xcodebuild[51145:7905729] [MT] IDETestOperationsObserverDebug: 0.000 sec, +0.000 sec -- start
2026-06-01 06:05:53.809 xcodebuild[51145:7905729] [MT] IDETestOperationsObserverDebug: 16.376 sec, +16.376 sec -- end
