Command line invocation:
    /Applications/Xcode.app/Contents/Developer/usr/bin/xcodebuild test-without-building -project /Users/jojolim/Developer/products/speaklocal/app-family/.worktrees/city-listings-production-ready/native-ios/SpeakLocalNative.xcodeproj -scheme SpeakLocalNative -destination "platform=iOS Simulator,id=7C386DD3-4BF1-4A34-A918-768C43CD1258" -derivedDataPath /Users/jojolim/Library/Developer/XcodeBuildMCP/workspaces/orchestrator-309442864093/DerivedData/SpeakLocalNative-8f3e721625a0 "-only-testing:SpeakLocalNativeUITests/CityAppDetailV22RenderProofUITests/testCaptureCityAppDetailV22RenderProofBatch"

2026-06-01 05:40:10.802668+0700 SpeakLocalNativeUITests-Runner[22143:7797898] [Default] Running tests...
    t =      nans Interface orientation changed to Portrait
Test Suite 'Selected tests' started at 2026-06-01 05:40:11.173.
Test Suite 'SpeakLocalNativeUITests.xctest' started at 2026-06-01 05:40:11.174.
Test Suite 'CityAppDetailV22RenderProofUITests' started at 2026-06-01 05:40:11.174.
Test Case '-[SpeakLocalNativeUITests.CityAppDetailV22RenderProofUITests testCaptureCityAppDetailV22RenderProofBatch]' started.
    t =     0.00s Start Test at 2026-06-01 05:40:11.174
    t =     0.01s Set Up
    t =     0.02s Open app.speaklocal.vietnam.native
    t =     0.02s     Launch app.speaklocal.vietnam.native
objc[22143]: Class UIAccessibilityLoaderWebShared is implemented in both /Library/Developer/CoreSimulator/Volumes/iOS_23F77/Library/Developer/CoreSimulator/Profiles/Runtimes/iOS 26.5.simruntime/Contents/Resources/RuntimeRoot/System/Library/AccessibilityBundles/WebCore.axbundle/WebCore (0x106d48310) and /Library/Developer/CoreSimulator/Volumes/iOS_23F77/Library/Developer/CoreSimulator/Profiles/Runtimes/iOS 26.5.simruntime/Contents/Resources/RuntimeRoot/System/Library/AccessibilityBundles/WebKit.axbundle/WebKit (0x1065e8398). This may cause spurious casting failures and mysterious crashes. One of the duplicates must be removed or renamed.
    t =     1.89s         Setting up automation session
    t =     2.32s         Wait for app.speaklocal.vietnam.native to idle
    t =     3.80s Checking existence of `"Duyệt Thị Đường" StaticText`
    t =     3.96s Waiting 8.0s for "Duyệt Thị Đường" StaticText to exist
    t =     5.02s     Checking `Expect predicate `existsNoRetry == 1` for object "Duyệt Thị Đường" StaticText`
    t =     5.03s         Checking existence of `"Duyệt Thị Đường" StaticText`
    t =     5.19s Swipe up Target Application 'app.speaklocal.vietnam.native'
    t =     5.19s     Wait for app.speaklocal.vietnam.native to idle
    t =     5.19s     Find the Target Application 'app.speaklocal.vietnam.native'
    t =     5.20s     Check for interrupting elements affecting "SpeakLocal Vietnam" Application
    t =     5.22s     Synthesize event
    t =     5.64s     Wait for app.speaklocal.vietnam.native to idle
    t =     7.75s Swipe up Target Application 'app.speaklocal.vietnam.native'
    t =     7.75s     Wait for app.speaklocal.vietnam.native to idle
    t =     7.75s     Find the Target Application 'app.speaklocal.vietnam.native'
    t =     7.77s     Check for interrupting elements affecting "SpeakLocal Vietnam" Application
    t =     7.79s     Synthesize event
    t =     8.21s     Wait for app.speaklocal.vietnam.native to idle
    t =     9.13s Terminate app.speaklocal.vietnam.native:22224
    t =    10.22s Open app.speaklocal.vietnam.native
    t =    10.22s     Launch app.speaklocal.vietnam.native
    t =    10.44s         Setting up automation session
    t =    10.91s         Wait for app.speaklocal.vietnam.native to idle
    t =    12.39s Waiting 4.0s for TabBar (First Match) to exist
    t =    13.47s     Checking `Expect predicate `existsNoRetry == 1` for object TabBar (First Match)`
    t =    13.47s         Checking existence of `TabBar (First Match)`
    t =    13.52s Checking existence of `"PhraseArticle.BottomSentinel.viet-family-city-hue-place-duyet-thi-duong-theater" Other`
    t =    13.60s Checking existence of `"PhraseArticle.BottomSentinel.viet-phrase-city-hue-place-duyet-thi-duong-theater" Other`
    t =    13.62s Find the "PhraseArticle.BottomSentinel.viet-phrase-city-hue-place-duyet-thi-duong-theater" Other
    t =    13.65s Checking existence of `TabBar (First Match)`
    t =    13.65s Find the TabBar (First Match)
    t =    13.66s Find the Target Application 'app.speaklocal.vietnam.native'
    t =    13.76s Terminate app.speaklocal.vietnam.native:22315
    t =    14.84s Tear Down
Test Case '-[SpeakLocalNativeUITests.CityAppDetailV22RenderProofUITests testCaptureCityAppDetailV22RenderProofBatch]' passed (14.893 seconds).
Test Suite 'CityAppDetailV22RenderProofUITests' passed at 2026-06-01 05:40:26.068.
	 Executed 1 test, with 0 failures (0 unexpected) in 14.893 (14.894) seconds
Test Suite 'SpeakLocalNativeUITests.xctest' passed at 2026-06-01 05:40:26.069.
	 Executed 1 test, with 0 failures (0 unexpected) in 14.893 (14.895) seconds
Test Suite 'Selected tests' passed at 2026-06-01 05:40:26.070.
	 Executed 1 test, with 0 failures (0 unexpected) in 14.893 (14.896) seconds

Test session results, code coverage, and logs:
	/Users/jojolim/Library/Developer/XcodeBuildMCP/workspaces/orchestrator-309442864093/DerivedData/SpeakLocalNative-8f3e721625a0/Logs/Test/Test-SpeakLocalNative-2026.06.01_05-40-09-+0700.xcresult

** TEST EXECUTE SUCCEEDED **

Testing started

2026-06-01 05:40:11.227 xcodebuild[22141:7797722] [MT] IDELaunchParametersSnapshot: The operation couldn’t be completed. (DebuggerLLDB.DebuggerVersionStore.StoreError error 0.)
2026-06-01 05:40:11.227 xcodebuild[22141:7797722] [MT] IDELaunchParametersSnapshot: no debugger version
2026-06-01 05:40:21.397 xcodebuild[22141:7797722] [MT] IDELaunchParametersSnapshot: The operation couldn’t be completed. (DebuggerLLDB.DebuggerVersionStore.StoreError error 0.)
2026-06-01 05:40:21.397 xcodebuild[22141:7797722] [MT] IDELaunchParametersSnapshot: no debugger version
2026-06-01 05:40:26.377 xcodebuild[22141:7797722] [MT] IDETestOperationsObserverDebug: 16.360 elapsed -- Testing started completed.
2026-06-01 05:40:26.377 xcodebuild[22141:7797722] [MT] IDETestOperationsObserverDebug: 0.000 sec, +0.000 sec -- start
2026-06-01 05:40:26.377 xcodebuild[22141:7797722] [MT] IDETestOperationsObserverDebug: 16.360 sec, +16.360 sec -- end
