Command line invocation:
    /Applications/Xcode.app/Contents/Developer/usr/bin/xcodebuild test-without-building -project /Users/jojolim/Developer/products/speaklocal/app-family/.worktrees/city-listings-production-ready/native-ios/SpeakLocalNative.xcodeproj -scheme SpeakLocalNative -destination "platform=iOS Simulator,id=7C386DD3-4BF1-4A34-A918-768C43CD1258" -derivedDataPath /Users/jojolim/Library/Developer/XcodeBuildMCP/workspaces/orchestrator-309442864093/DerivedData/SpeakLocalNative-8f3e721625a0 "-only-testing:SpeakLocalNativeUITests/CityAppDetailV22RenderProofUITests/testCaptureCityAppDetailV22RenderProofBatch"

2026-06-01 06:05:55.330937+0700 SpeakLocalNativeUITests-Runner[51424:7907113] [Default] Running tests...
    t =      nans Interface orientation changed to Portrait
Test Suite 'Selected tests' started at 2026-06-01 06:05:55.706.
Test Suite 'SpeakLocalNativeUITests.xctest' started at 2026-06-01 06:05:55.706.
Test Suite 'CityAppDetailV22RenderProofUITests' started at 2026-06-01 06:05:55.706.
Test Case '-[SpeakLocalNativeUITests.CityAppDetailV22RenderProofUITests testCaptureCityAppDetailV22RenderProofBatch]' started.
    t =     0.00s Start Test at 2026-06-01 06:05:55.707
    t =     0.02s Set Up
    t =     0.02s Open app.speaklocal.vietnam.native
    t =     0.02s     Launch app.speaklocal.vietnam.native
objc[51424]: Class UIAccessibilityLoaderWebShared is implemented in both /Library/Developer/CoreSimulator/Volumes/iOS_23F77/Library/Developer/CoreSimulator/Profiles/Runtimes/iOS 26.5.simruntime/Contents/Resources/RuntimeRoot/System/Library/AccessibilityBundles/WebCore.axbundle/WebCore (0x108c38310) and /Library/Developer/CoreSimulator/Volumes/iOS_23F77/Library/Developer/CoreSimulator/Profiles/Runtimes/iOS 26.5.simruntime/Contents/Resources/RuntimeRoot/System/Library/AccessibilityBundles/WebKit.axbundle/WebKit (0x10896c398). This may cause spurious casting failures and mysterious crashes. One of the duplicates must be removed or renamed.
    t =     1.90s         Setting up automation session
    t =     2.36s         Wait for app.speaklocal.vietnam.native to idle
    t =     3.83s Checking existence of `"Làng nghề nước mắm Nam Ô" StaticText`
    t =     3.98s Waiting 8.0s for "Làng nghề nước mắm Nam Ô" StaticText to exist
    t =     5.05s     Checking `Expect predicate `existsNoRetry == 1` for object "Làng nghề nước mắm Nam Ô" StaticText`
    t =     5.05s         Checking existence of `"Làng nghề nước mắm Nam Ô" StaticText`
    t =     5.22s Swipe up Target Application 'app.speaklocal.vietnam.native'
    t =     5.22s     Wait for app.speaklocal.vietnam.native to idle
    t =     5.22s     Find the Target Application 'app.speaklocal.vietnam.native'
    t =     5.23s     Check for interrupting elements affecting "SpeakLocal Vietnam" Application
    t =     5.25s     Synthesize event
    t =     5.67s     Wait for app.speaklocal.vietnam.native to idle
    t =     7.78s Swipe up Target Application 'app.speaklocal.vietnam.native'
    t =     7.78s     Wait for app.speaklocal.vietnam.native to idle
    t =     7.78s     Find the Target Application 'app.speaklocal.vietnam.native'
    t =     7.81s     Check for interrupting elements affecting "SpeakLocal Vietnam" Application
    t =     7.84s     Synthesize event
    t =     8.26s     Wait for app.speaklocal.vietnam.native to idle
    t =     8.99s Terminate app.speaklocal.vietnam.native:51500
    t =    10.07s Open app.speaklocal.vietnam.native
    t =    10.07s     Launch app.speaklocal.vietnam.native
    t =    10.28s         Setting up automation session
    t =    10.74s         Wait for app.speaklocal.vietnam.native to idle
    t =    12.19s Waiting 4.0s for TabBar (First Match) to exist
    t =    13.26s     Checking `Expect predicate `existsNoRetry == 1` for object TabBar (First Match)`
    t =    13.26s         Checking existence of `TabBar (First Match)`
    t =    13.31s Checking existence of `"PhraseArticle.BottomSentinel.viet-family-city-danang-place-nam-o-fish-sauce-village" Other`
    t =    13.39s Checking existence of `"PhraseArticle.BottomSentinel.viet-phrase-city-danang-place-nam-o-fish-sauce-village" Other`
    t =    13.41s Find the "PhraseArticle.BottomSentinel.viet-phrase-city-danang-place-nam-o-fish-sauce-village" Other
    t =    13.44s Checking existence of `TabBar (First Match)`
    t =    13.44s Find the TabBar (First Match)
    t =    13.45s Find the Target Application 'app.speaklocal.vietnam.native'
    t =    13.54s Terminate app.speaklocal.vietnam.native:51600
    t =    14.63s Tear Down
Test Case '-[SpeakLocalNativeUITests.CityAppDetailV22RenderProofUITests testCaptureCityAppDetailV22RenderProofBatch]' passed (14.717 seconds).
Test Suite 'CityAppDetailV22RenderProofUITests' passed at 2026-06-01 06:06:10.424.
	 Executed 1 test, with 0 failures (0 unexpected) in 14.717 (14.718) seconds
Test Suite 'SpeakLocalNativeUITests.xctest' passed at 2026-06-01 06:06:10.425.
	 Executed 1 test, with 0 failures (0 unexpected) in 14.717 (14.719) seconds
Test Suite 'Selected tests' passed at 2026-06-01 06:06:10.426.
	 Executed 1 test, with 0 failures (0 unexpected) in 14.717 (14.720) seconds

Test session results, code coverage, and logs:
	/Users/jojolim/Library/Developer/XcodeBuildMCP/workspaces/orchestrator-309442864093/DerivedData/SpeakLocalNative-8f3e721625a0/Logs/Test/Test-SpeakLocalNative-2026.06.01_06-05-54-+0700.xcresult

** TEST EXECUTE SUCCEEDED **

Testing started

2026-06-01 06:05:55.769 xcodebuild[51415:7906920] [MT] IDELaunchParametersSnapshot: The operation couldn’t be completed. (DebuggerLLDB.DebuggerVersionStore.StoreError error 0.)
2026-06-01 06:05:55.769 xcodebuild[51415:7906920] [MT] IDELaunchParametersSnapshot: no debugger version
2026-06-01 06:06:05.777 xcodebuild[51415:7906920] [MT] IDELaunchParametersSnapshot: The operation couldn’t be completed. (DebuggerLLDB.DebuggerVersionStore.StoreError error 0.)
2026-06-01 06:06:05.777 xcodebuild[51415:7906920] [MT] IDELaunchParametersSnapshot: no debugger version
2026-06-01 06:06:10.733 xcodebuild[51415:7906920] [MT] IDETestOperationsObserverDebug: 16.214 elapsed -- Testing started completed.
2026-06-01 06:06:10.733 xcodebuild[51415:7906920] [MT] IDETestOperationsObserverDebug: 0.000 sec, +0.000 sec -- start
2026-06-01 06:06:10.733 xcodebuild[51415:7906920] [MT] IDETestOperationsObserverDebug: 16.214 sec, +16.214 sec -- end
