Command line invocation:
    /Applications/Xcode.app/Contents/Developer/usr/bin/xcodebuild test-without-building -project /Users/jojolim/Developer/products/speaklocal/app-family/.worktrees/city-listings-production-ready/native-ios/SpeakLocalNative.xcodeproj -scheme SpeakLocalNative -destination "platform=iOS Simulator,id=7C386DD3-4BF1-4A34-A918-768C43CD1258" -derivedDataPath /Users/jojolim/Library/Developer/XcodeBuildMCP/workspaces/orchestrator-309442864093/DerivedData/SpeakLocalNative-8f3e721625a0 "-only-testing:SpeakLocalNativeUITests/CityAppDetailV22RenderProofUITests/testCaptureCityAppDetailV22RenderProofBatch"

2026-06-01 08:29:38.793106+0700 SpeakLocalNativeUITests-Runner[34933:8519883] [Default] Running tests...
    t =      nans Interface orientation changed to Portrait
Test Suite 'Selected tests' started at 2026-06-01 08:29:39.164.
Test Suite 'SpeakLocalNativeUITests.xctest' started at 2026-06-01 08:29:39.165.
Test Suite 'CityAppDetailV22RenderProofUITests' started at 2026-06-01 08:29:39.165.
Test Case '-[SpeakLocalNativeUITests.CityAppDetailV22RenderProofUITests testCaptureCityAppDetailV22RenderProofBatch]' started.
    t =     0.00s Start Test at 2026-06-01 08:29:39.165
    t =     0.01s Set Up
    t =     0.02s Open app.speaklocal.vietnam.native
    t =     0.02s     Launch app.speaklocal.vietnam.native
objc[34933]: Class UIAccessibilityLoaderWebShared is implemented in both /Library/Developer/CoreSimulator/Volumes/iOS_23F77/Library/Developer/CoreSimulator/Profiles/Runtimes/iOS 26.5.simruntime/Contents/Resources/RuntimeRoot/System/Library/AccessibilityBundles/WebCore.axbundle/WebCore (0x10a4d0310) and /Library/Developer/CoreSimulator/Volumes/iOS_23F77/Library/Developer/CoreSimulator/Profiles/Runtimes/iOS 26.5.simruntime/Contents/Resources/RuntimeRoot/System/Library/AccessibilityBundles/WebKit.axbundle/WebKit (0x109d40398). This may cause spurious casting failures and mysterious crashes. One of the duplicates must be removed or renamed.
    t =     1.89s         Setting up automation session
    t =     2.37s         Wait for app.speaklocal.vietnam.native to idle
    t =     3.85s Checking existence of `"Phố Nguyễn Phúc Chu" StaticText`
    t =     3.97s Waiting 8.0s for "Phố Nguyễn Phúc Chu" StaticText to exist
    t =     5.00s     Checking `Expect predicate `existsNoRetry == 1` for object "Phố Nguyễn Phúc Chu" StaticText`
    t =     5.00s         Checking existence of `"Phố Nguyễn Phúc Chu" StaticText`
    t =     5.16s Swipe up Target Application 'app.speaklocal.vietnam.native'
    t =     5.16s     Wait for app.speaklocal.vietnam.native to idle
    t =     5.16s     Find the Target Application 'app.speaklocal.vietnam.native'
    t =     5.18s     Check for interrupting elements affecting "SpeakLocal Vietnam" Application
    t =     5.20s     Synthesize event
    t =     5.62s     Wait for app.speaklocal.vietnam.native to idle
    t =     7.74s Swipe up Target Application 'app.speaklocal.vietnam.native'
    t =     7.74s     Wait for app.speaklocal.vietnam.native to idle
    t =     7.74s     Find the Target Application 'app.speaklocal.vietnam.native'
    t =     7.77s     Check for interrupting elements affecting "SpeakLocal Vietnam" Application
    t =     7.79s     Synthesize event
    t =     8.22s     Wait for app.speaklocal.vietnam.native to idle
    t =     8.95s Terminate app.speaklocal.vietnam.native:34946
    t =    10.02s Open app.speaklocal.vietnam.native
    t =    10.02s     Launch app.speaklocal.vietnam.native
    t =    10.24s         Setting up automation session
    t =    10.73s         Wait for app.speaklocal.vietnam.native to idle
    t =    12.19s Waiting 4.0s for TabBar (First Match) to exist
    t =    13.22s     Checking `Expect predicate `existsNoRetry == 1` for object TabBar (First Match)`
    t =    13.22s         Checking existence of `TabBar (First Match)`
    t =    13.28s Checking existence of `"PhraseArticle.BottomSentinel.viet-family-city-hoian-place-nguyen-phuc-chu-street" Other`
    t =    13.35s Checking existence of `"PhraseArticle.BottomSentinel.viet-phrase-city-hoian-place-nguyen-phuc-chu-street" Other`
    t =    13.38s Find the "PhraseArticle.BottomSentinel.viet-phrase-city-hoian-place-nguyen-phuc-chu-street" Other
    t =    13.40s Checking existence of `TabBar (First Match)`
    t =    13.40s Find the TabBar (First Match)
    t =    13.41s Find the Target Application 'app.speaklocal.vietnam.native'
    t =    13.50s Terminate app.speaklocal.vietnam.native:35032
    t =    14.59s Tear Down
Test Case '-[SpeakLocalNativeUITests.CityAppDetailV22RenderProofUITests testCaptureCityAppDetailV22RenderProofBatch]' passed (14.668 seconds).
Test Suite 'CityAppDetailV22RenderProofUITests' passed at 2026-06-01 08:29:53.834.
	 Executed 1 test, with 0 failures (0 unexpected) in 14.668 (14.669) seconds
Test Suite 'SpeakLocalNativeUITests.xctest' passed at 2026-06-01 08:29:53.835.
	 Executed 1 test, with 0 failures (0 unexpected) in 14.668 (14.670) seconds
Test Suite 'Selected tests' passed at 2026-06-01 08:29:53.836.
	 Executed 1 test, with 0 failures (0 unexpected) in 14.668 (14.671) seconds

Test session results, code coverage, and logs:
	/Users/jojolim/Library/Developer/XcodeBuildMCP/workspaces/orchestrator-309442864093/DerivedData/SpeakLocalNative-8f3e721625a0/Logs/Test/Test-SpeakLocalNative-2026.06.01_08-29-37-+0700.xcresult

** TEST EXECUTE SUCCEEDED **

Testing started

2026-06-01 08:29:39.215 xcodebuild[34923:8519691] [MT] IDELaunchParametersSnapshot: The operation couldn’t be completed. (DebuggerLLDB.DebuggerVersionStore.StoreError error 0.)
2026-06-01 08:29:39.215 xcodebuild[34923:8519691] [MT] IDELaunchParametersSnapshot: no debugger version
2026-06-01 08:29:49.191 xcodebuild[34923:8519691] [MT] IDELaunchParametersSnapshot: The operation couldn’t be completed. (DebuggerLLDB.DebuggerVersionStore.StoreError error 0.)
2026-06-01 08:29:49.191 xcodebuild[34923:8519691] [MT] IDELaunchParametersSnapshot: no debugger version
2026-06-01 08:29:54.139 xcodebuild[34923:8519691] [MT] IDETestOperationsObserverDebug: 16.174 elapsed -- Testing started completed.
2026-06-01 08:29:54.139 xcodebuild[34923:8519691] [MT] IDETestOperationsObserverDebug: 0.000 sec, +0.000 sec -- start
2026-06-01 08:29:54.139 xcodebuild[34923:8519691] [MT] IDETestOperationsObserverDebug: 16.174 sec, +16.174 sec -- end
