Command line invocation:
    /Applications/Xcode.app/Contents/Developer/usr/bin/xcodebuild test-without-building -project /Users/jojolim/Developer/products/speaklocal/app-family/.worktrees/city-listings-production-ready/native-ios/SpeakLocalNative.xcodeproj -scheme SpeakLocalNative -destination "platform=iOS Simulator,id=7C386DD3-4BF1-4A34-A918-768C43CD1258" -derivedDataPath /Users/jojolim/Library/Developer/XcodeBuildMCP/workspaces/orchestrator-309442864093/DerivedData/SpeakLocalNative-8f3e721625a0 "-only-testing:SpeakLocalNativeUITests/CityAppDetailV22RenderProofUITests/testCaptureCityAppDetailV22RenderProofBatch"

2026-06-01 08:21:53.909717+0700 SpeakLocalNativeUITests-Runner[28258:8485294] [Default] Running tests...
    t =      nans Interface orientation changed to Portrait
Test Suite 'Selected tests' started at 2026-06-01 08:21:54.277.
Test Suite 'SpeakLocalNativeUITests.xctest' started at 2026-06-01 08:21:54.277.
Test Suite 'CityAppDetailV22RenderProofUITests' started at 2026-06-01 08:21:54.277.
Test Case '-[SpeakLocalNativeUITests.CityAppDetailV22RenderProofUITests testCaptureCityAppDetailV22RenderProofBatch]' started.
    t =     0.00s Start Test at 2026-06-01 08:21:54.278
    t =     0.02s Set Up
    t =     0.02s Open app.speaklocal.vietnam.native
    t =     0.02s     Launch app.speaklocal.vietnam.native
objc[28258]: Class UIAccessibilityLoaderWebShared is implemented in both /Library/Developer/CoreSimulator/Volumes/iOS_23F77/Library/Developer/CoreSimulator/Profiles/Runtimes/iOS 26.5.simruntime/Contents/Resources/RuntimeRoot/System/Library/AccessibilityBundles/WebCore.axbundle/WebCore (0x106f0c310) and /Library/Developer/CoreSimulator/Volumes/iOS_23F77/Library/Developer/CoreSimulator/Profiles/Runtimes/iOS 26.5.simruntime/Contents/Resources/RuntimeRoot/System/Library/AccessibilityBundles/WebKit.axbundle/WebKit (0x106388398). This may cause spurious casting failures and mysterious crashes. One of the duplicates must be removed or renamed.
    t =     1.89s         Setting up automation session
    t =     2.45s         Wait for app.speaklocal.vietnam.native to idle
    t =     3.96s Checking existence of `"Cù Lao Chàm" StaticText`
    t =     4.09s Waiting 8.0s for "Cù Lao Chàm" StaticText to exist
    t =     5.14s     Checking `Expect predicate `existsNoRetry == 1` for object "Cù Lao Chàm" StaticText`
    t =     5.14s         Checking existence of `"Cù Lao Chàm" StaticText`
    t =     5.28s Swipe up Target Application 'app.speaklocal.vietnam.native'
    t =     5.28s     Wait for app.speaklocal.vietnam.native to idle
    t =     5.28s     Find the Target Application 'app.speaklocal.vietnam.native'
    t =     5.30s     Check for interrupting elements affecting "SpeakLocal Vietnam" Application
    t =     5.32s     Synthesize event
    t =     5.74s     Wait for app.speaklocal.vietnam.native to idle
    t =     7.84s Swipe up Target Application 'app.speaklocal.vietnam.native'
    t =     7.84s     Wait for app.speaklocal.vietnam.native to idle
    t =     7.84s     Find the Target Application 'app.speaklocal.vietnam.native'
    t =     7.86s     Check for interrupting elements affecting "SpeakLocal Vietnam" Application
    t =     7.89s     Synthesize event
    t =     8.32s     Wait for app.speaklocal.vietnam.native to idle
    t =     9.17s Terminate app.speaklocal.vietnam.native:28332
    t =    10.21s Open app.speaklocal.vietnam.native
    t =    10.21s     Launch app.speaklocal.vietnam.native
    t =    10.42s         Setting up automation session
    t =    10.92s         Wait for app.speaklocal.vietnam.native to idle
    t =    12.41s Waiting 4.0s for TabBar (First Match) to exist
    t =    13.44s     Checking `Expect predicate `existsNoRetry == 1` for object TabBar (First Match)`
    t =    13.44s         Checking existence of `TabBar (First Match)`
    t =    13.49s Checking existence of `"PhraseArticle.BottomSentinel.viet-family-city-hoian-place-cham-islands" Other`
    t =    13.58s Checking existence of `"PhraseArticle.BottomSentinel.viet-phrase-city-hoian-place-cham-islands" Other`
    t =    13.60s Find the "PhraseArticle.BottomSentinel.viet-phrase-city-hoian-place-cham-islands" Other
    t =    13.62s Checking existence of `TabBar (First Match)`
    t =    13.63s Find the TabBar (First Match)
    t =    13.63s Find the Target Application 'app.speaklocal.vietnam.native'
    t =    13.73s Terminate app.speaklocal.vietnam.native:28437
    t =    14.79s Tear Down
Test Case '-[SpeakLocalNativeUITests.CityAppDetailV22RenderProofUITests testCaptureCityAppDetailV22RenderProofBatch]' passed (14.854 seconds).
Test Suite 'CityAppDetailV22RenderProofUITests' passed at 2026-06-01 08:22:09.133.
	 Executed 1 test, with 0 failures (0 unexpected) in 14.854 (14.855) seconds
Test Suite 'SpeakLocalNativeUITests.xctest' passed at 2026-06-01 08:22:09.133.
	 Executed 1 test, with 0 failures (0 unexpected) in 14.854 (14.856) seconds
Test Suite 'Selected tests' passed at 2026-06-01 08:22:09.134.
	 Executed 1 test, with 0 failures (0 unexpected) in 14.854 (14.857) seconds

Test session results, code coverage, and logs:
	/Users/jojolim/Library/Developer/XcodeBuildMCP/workspaces/orchestrator-309442864093/DerivedData/SpeakLocalNative-8f3e721625a0/Logs/Test/Test-SpeakLocalNative-2026.06.01_08-21-52-+0700.xcresult

** TEST EXECUTE SUCCEEDED **

Testing started

2026-06-01 08:21:54.339 xcodebuild[28256:8485095] [MT] IDELaunchParametersSnapshot: The operation couldn’t be completed. (DebuggerLLDB.DebuggerVersionStore.StoreError error 0.)
2026-06-01 08:21:54.339 xcodebuild[28256:8485095] [MT] IDELaunchParametersSnapshot: no debugger version
2026-06-01 08:22:04.493 xcodebuild[28256:8485095] [MT] IDELaunchParametersSnapshot: The operation couldn’t be completed. (DebuggerLLDB.DebuggerVersionStore.StoreError error 0.)
2026-06-01 08:22:04.493 xcodebuild[28256:8485095] [MT] IDELaunchParametersSnapshot: no debugger version
2026-06-01 08:22:09.440 xcodebuild[28256:8485095] [MT] IDETestOperationsObserverDebug: 16.354 elapsed -- Testing started completed.
2026-06-01 08:22:09.440 xcodebuild[28256:8485095] [MT] IDETestOperationsObserverDebug: 0.000 sec, +0.000 sec -- start
2026-06-01 08:22:09.440 xcodebuild[28256:8485095] [MT] IDETestOperationsObserverDebug: 16.354 sec, +16.354 sec -- end
