Command line invocation:
    /Applications/Xcode.app/Contents/Developer/usr/bin/xcodebuild test-without-building -project /Users/jojolim/Developer/products/speaklocal/app-family/.worktrees/city-listings-production-ready/native-ios/SpeakLocalNative.xcodeproj -scheme SpeakLocalNative -destination "platform=iOS Simulator,id=7C386DD3-4BF1-4A34-A918-768C43CD1258" -derivedDataPath /Users/jojolim/Library/Developer/XcodeBuildMCP/workspaces/orchestrator-309442864093/DerivedData/SpeakLocalNative-8f3e721625a0 "-only-testing:SpeakLocalNativeUITests/CityAppDetailV22RenderProofUITests/testCaptureCityAppDetailV22RenderProofBatch"

2026-06-01 09:17:12.435515+0700 SpeakLocalNativeUITests-Runner[68148:8670616] [Default] Running tests...
    t =      nans Interface orientation changed to Portrait
Test Suite 'Selected tests' started at 2026-06-01 09:17:12.805.
Test Suite 'SpeakLocalNativeUITests.xctest' started at 2026-06-01 09:17:12.805.
Test Suite 'CityAppDetailV22RenderProofUITests' started at 2026-06-01 09:17:12.805.
Test Case '-[SpeakLocalNativeUITests.CityAppDetailV22RenderProofUITests testCaptureCityAppDetailV22RenderProofBatch]' started.
    t =     0.00s Start Test at 2026-06-01 09:17:12.806
    t =     0.02s Set Up
    t =     0.02s Open app.speaklocal.vietnam.native
    t =     0.02s     Launch app.speaklocal.vietnam.native
objc[68148]: Class UIAccessibilityLoaderWebShared is implemented in both /Library/Developer/CoreSimulator/Volumes/iOS_23F77/Library/Developer/CoreSimulator/Profiles/Runtimes/iOS 26.5.simruntime/Contents/Resources/RuntimeRoot/System/Library/AccessibilityBundles/WebCore.axbundle/WebCore (0x10a590310) and /Library/Developer/CoreSimulator/Volumes/iOS_23F77/Library/Developer/CoreSimulator/Profiles/Runtimes/iOS 26.5.simruntime/Contents/Resources/RuntimeRoot/System/Library/AccessibilityBundles/WebKit.axbundle/WebKit (0x109f98398). This may cause spurious casting failures and mysterious crashes. One of the duplicates must be removed or renamed.
    t =     1.90s         Setting up automation session
    t =     2.40s         Wait for app.speaklocal.vietnam.native to idle
    t =     3.86s Checking existence of `"Vỹ Dạ" StaticText`
    t =     3.99s Waiting 8.0s for "Vỹ Dạ" StaticText to exist
    t =     5.06s     Checking `Expect predicate `existsNoRetry == 1` for object "Vỹ Dạ" StaticText`
    t =     5.06s         Checking existence of `"Vỹ Dạ" StaticText`
    t =     5.23s Swipe up Target Application 'app.speaklocal.vietnam.native'
    t =     5.23s     Wait for app.speaklocal.vietnam.native to idle
    t =     5.23s     Find the Target Application 'app.speaklocal.vietnam.native'
    t =     5.24s     Check for interrupting elements affecting "SpeakLocal Vietnam" Application
    t =     5.26s     Synthesize event
    t =     5.69s     Wait for app.speaklocal.vietnam.native to idle
    t =     7.85s Swipe up Target Application 'app.speaklocal.vietnam.native'
    t =     7.85s     Wait for app.speaklocal.vietnam.native to idle
    t =     7.85s     Find the Target Application 'app.speaklocal.vietnam.native'
    t =     7.87s     Check for interrupting elements affecting "SpeakLocal Vietnam" Application
    t =     7.89s     Synthesize event
    t =     8.32s     Wait for app.speaklocal.vietnam.native to idle
    t =     9.01s Terminate app.speaklocal.vietnam.native:68159
    t =    10.09s Open app.speaklocal.vietnam.native
    t =    10.09s     Launch app.speaklocal.vietnam.native
    t =    10.30s         Setting up automation session
    t =    10.79s         Wait for app.speaklocal.vietnam.native to idle
    t =    12.29s Waiting 4.0s for TabBar (First Match) to exist
    t =    13.35s     Checking `Expect predicate `existsNoRetry == 1` for object TabBar (First Match)`
    t =    13.35s         Checking existence of `TabBar (First Match)`
    t =    13.41s Checking existence of `"PhraseArticle.BottomSentinel.viet-family-city-hue-place-vy-da" Other`
    t =    13.49s Checking existence of `"PhraseArticle.BottomSentinel.viet-phrase-city-hue-place-vy-da" Other`
    t =    13.51s Find the "PhraseArticle.BottomSentinel.viet-phrase-city-hue-place-vy-da" Other
    t =    13.53s Checking existence of `TabBar (First Match)`
    t =    13.53s Find the TabBar (First Match)
    t =    13.54s Find the Target Application 'app.speaklocal.vietnam.native'
    t =    13.63s Terminate app.speaklocal.vietnam.native:68184
    t =    14.69s Tear Down
Test Case '-[SpeakLocalNativeUITests.CityAppDetailV22RenderProofUITests testCaptureCityAppDetailV22RenderProofBatch]' passed (14.752 seconds).
Test Suite 'CityAppDetailV22RenderProofUITests' passed at 2026-06-01 09:17:27.558.
	 Executed 1 test, with 0 failures (0 unexpected) in 14.752 (14.752) seconds
Test Suite 'SpeakLocalNativeUITests.xctest' passed at 2026-06-01 09:17:27.558.
	 Executed 1 test, with 0 failures (0 unexpected) in 14.752 (14.753) seconds
Test Suite 'Selected tests' passed at 2026-06-01 09:17:27.558.
	 Executed 1 test, with 0 failures (0 unexpected) in 14.752 (14.753) seconds

Test session results, code coverage, and logs:
	/Users/jojolim/Library/Developer/XcodeBuildMCP/workspaces/orchestrator-309442864093/DerivedData/SpeakLocalNative-8f3e721625a0/Logs/Test/Test-SpeakLocalNative-2026.06.01_09-17-11-+0700.xcresult

** TEST EXECUTE SUCCEEDED **

Testing started

2026-06-01 09:17:12.872 xcodebuild[68140:8670438] [MT] IDELaunchParametersSnapshot: The operation couldn’t be completed. (DebuggerLLDB.DebuggerVersionStore.StoreError error 0.)
2026-06-01 09:17:12.872 xcodebuild[68140:8670438] [MT] IDELaunchParametersSnapshot: no debugger version
2026-06-01 09:17:22.896 xcodebuild[68140:8670438] [MT] IDELaunchParametersSnapshot: The operation couldn’t be completed. (DebuggerLLDB.DebuggerVersionStore.StoreError error 0.)
2026-06-01 09:17:22.896 xcodebuild[68140:8670438] [MT] IDELaunchParametersSnapshot: no debugger version
2026-06-01 09:17:27.845 xcodebuild[68140:8670438] [MT] IDETestOperationsObserverDebug: 16.231 elapsed -- Testing started completed.
2026-06-01 09:17:27.845 xcodebuild[68140:8670438] [MT] IDETestOperationsObserverDebug: 0.000 sec, +0.000 sec -- start
2026-06-01 09:17:27.845 xcodebuild[68140:8670438] [MT] IDETestOperationsObserverDebug: 16.231 sec, +16.231 sec -- end
