Command line invocation:
    /Applications/Xcode.app/Contents/Developer/usr/bin/xcodebuild test-without-building -project /Users/jojolim/Developer/products/speaklocal/app-family/.worktrees/city-listings-production-ready/native-ios/SpeakLocalNative.xcodeproj -scheme SpeakLocalNative -destination "platform=iOS Simulator,id=7C386DD3-4BF1-4A34-A918-768C43CD1258" -derivedDataPath /Users/jojolim/Library/Developer/XcodeBuildMCP/workspaces/orchestrator-309442864093/DerivedData/SpeakLocalNative-8f3e721625a0 "-only-testing:SpeakLocalNativeUITests/CityAppDetailV22RenderProofUITests/testCaptureCityAppDetailV22RenderProofBatch"

2026-06-01 08:53:26.466979+0700 SpeakLocalNativeUITests-Runner[53649:8591684] [Default] Running tests...
    t =      nans Interface orientation changed to Portrait
Test Suite 'Selected tests' started at 2026-06-01 08:53:26.838.
Test Suite 'SpeakLocalNativeUITests.xctest' started at 2026-06-01 08:53:26.838.
Test Suite 'CityAppDetailV22RenderProofUITests' started at 2026-06-01 08:53:26.838.
Test Case '-[SpeakLocalNativeUITests.CityAppDetailV22RenderProofUITests testCaptureCityAppDetailV22RenderProofBatch]' started.
    t =     0.00s Start Test at 2026-06-01 08:53:26.838
    t =     0.02s Set Up
    t =     0.02s Open app.speaklocal.vietnam.native
    t =     0.02s     Launch app.speaklocal.vietnam.native
objc[53649]: Class UIAccessibilityLoaderWebShared is implemented in both /Library/Developer/CoreSimulator/Volumes/iOS_23F77/Library/Developer/CoreSimulator/Profiles/Runtimes/iOS 26.5.simruntime/Contents/Resources/RuntimeRoot/System/Library/AccessibilityBundles/WebCore.axbundle/WebCore (0x10a830310) and /Library/Developer/CoreSimulator/Volumes/iOS_23F77/Library/Developer/CoreSimulator/Profiles/Runtimes/iOS 26.5.simruntime/Contents/Resources/RuntimeRoot/System/Library/AccessibilityBundles/WebKit.axbundle/WebKit (0x10a084398). This may cause spurious casting failures and mysterious crashes. One of the duplicates must be removed or renamed.
    t =     1.89s         Setting up automation session
    t =     2.38s         Wait for app.speaklocal.vietnam.native to idle
    t =     3.87s Checking existence of `"Cơm âm phủ ở Huế" StaticText`
    t =     4.02s Waiting 8.0s for "Cơm âm phủ ở Huế" StaticText to exist
    t =     5.07s     Checking `Expect predicate `existsNoRetry == 1` for object "Cơm âm phủ ở Huế" StaticText`
    t =     5.07s         Checking existence of `"Cơm âm phủ ở Huế" StaticText`
    t =     5.24s Swipe up Target Application 'app.speaklocal.vietnam.native'
    t =     5.24s     Wait for app.speaklocal.vietnam.native to idle
    t =     5.24s     Find the Target Application 'app.speaklocal.vietnam.native'
    t =     5.25s     Check for interrupting elements affecting "SpeakLocal Vietnam" Application
    t =     5.27s     Synthesize event
    t =     5.69s     Wait for app.speaklocal.vietnam.native to idle
    t =     7.83s Swipe up Target Application 'app.speaklocal.vietnam.native'
    t =     7.83s     Wait for app.speaklocal.vietnam.native to idle
    t =     7.83s     Find the Target Application 'app.speaklocal.vietnam.native'
    t =     7.85s     Check for interrupting elements affecting "SpeakLocal Vietnam" Application
    t =     7.88s     Synthesize event
    t =     8.31s     Wait for app.speaklocal.vietnam.native to idle
    t =     8.95s Terminate app.speaklocal.vietnam.native:53655
    t =    10.01s Open app.speaklocal.vietnam.native
    t =    10.01s     Launch app.speaklocal.vietnam.native
    t =    10.23s         Setting up automation session
    t =    10.71s         Wait for app.speaklocal.vietnam.native to idle
    t =    12.19s Waiting 4.0s for TabBar (First Match) to exist
    t =    13.24s     Checking `Expect predicate `existsNoRetry == 1` for object TabBar (First Match)`
    t =    13.24s         Checking existence of `TabBar (First Match)`
    t =    13.30s Checking existence of `"PhraseArticle.BottomSentinel.viet-family-city-hue-place-com-am-phu" Other`
    t =    13.38s Checking existence of `"PhraseArticle.BottomSentinel.viet-phrase-city-hue-place-com-am-phu" Other`
    t =    13.40s Find the "PhraseArticle.BottomSentinel.viet-phrase-city-hue-place-com-am-phu" Other
    t =    13.42s Checking existence of `TabBar (First Match)`
    t =    13.42s Find the TabBar (First Match)
    t =    13.43s Find the Target Application 'app.speaklocal.vietnam.native'
    t =    13.52s Terminate app.speaklocal.vietnam.native:53677
    t =    14.58s Tear Down
Test Case '-[SpeakLocalNativeUITests.CityAppDetailV22RenderProofUITests testCaptureCityAppDetailV22RenderProofBatch]' passed (14.624 seconds).
Test Suite 'CityAppDetailV22RenderProofUITests' passed at 2026-06-01 08:53:41.464.
	 Executed 1 test, with 0 failures (0 unexpected) in 14.624 (14.626) seconds
Test Suite 'SpeakLocalNativeUITests.xctest' passed at 2026-06-01 08:53:41.465.
	 Executed 1 test, with 0 failures (0 unexpected) in 14.624 (14.627) seconds
Test Suite 'Selected tests' passed at 2026-06-01 08:53:41.465.
	 Executed 1 test, with 0 failures (0 unexpected) in 14.624 (14.628) seconds

Test session results, code coverage, and logs:
	/Users/jojolim/Library/Developer/XcodeBuildMCP/workspaces/orchestrator-309442864093/DerivedData/SpeakLocalNative-8f3e721625a0/Logs/Test/Test-SpeakLocalNative-2026.06.01_08-53-25-+0700.xcresult

** TEST EXECUTE SUCCEEDED **

Testing started

2026-06-01 08:53:26.900 xcodebuild[53638:8591488] [MT] IDELaunchParametersSnapshot: The operation couldn’t be completed. (DebuggerLLDB.DebuggerVersionStore.StoreError error 0.)
2026-06-01 08:53:26.900 xcodebuild[53638:8591488] [MT] IDELaunchParametersSnapshot: no debugger version
2026-06-01 08:53:36.852 xcodebuild[53638:8591488] [MT] IDELaunchParametersSnapshot: The operation couldn’t be completed. (DebuggerLLDB.DebuggerVersionStore.StoreError error 0.)
2026-06-01 08:53:36.852 xcodebuild[53638:8591488] [MT] IDELaunchParametersSnapshot: no debugger version
2026-06-01 08:53:41.765 xcodebuild[53638:8591488] [MT] IDETestOperationsObserverDebug: 16.167 elapsed -- Testing started completed.
2026-06-01 08:53:41.765 xcodebuild[53638:8591488] [MT] IDETestOperationsObserverDebug: 0.000 sec, +0.000 sec -- start
2026-06-01 08:53:41.765 xcodebuild[53638:8591488] [MT] IDETestOperationsObserverDebug: 16.167 sec, +16.167 sec -- end
