Command line invocation:
    /Applications/Xcode.app/Contents/Developer/usr/bin/xcodebuild test-without-building -project /Users/jojolim/Developer/products/speaklocal/app-family/.worktrees/city-listings-production-ready/native-ios/SpeakLocalNative.xcodeproj -scheme SpeakLocalNative -destination "platform=iOS Simulator,id=7C386DD3-4BF1-4A34-A918-768C43CD1258" -derivedDataPath /Users/jojolim/Library/Developer/XcodeBuildMCP/workspaces/orchestrator-309442864093/DerivedData/SpeakLocalNative-8f3e721625a0 "-only-testing:SpeakLocalNativeUITests/CityAppDetailV22RenderProofUITests/testCaptureCityAppDetailV22RenderProofBatch"

2026-06-01 06:04:30.058174+0700 SpeakLocalNativeUITests-Runner[50007:7900847] [Default] Running tests...
    t =      nans Interface orientation changed to Portrait
Test Suite 'Selected tests' started at 2026-06-01 06:04:30.429.
Test Suite 'SpeakLocalNativeUITests.xctest' started at 2026-06-01 06:04:30.430.
Test Suite 'CityAppDetailV22RenderProofUITests' started at 2026-06-01 06:04:30.430.
Test Case '-[SpeakLocalNativeUITests.CityAppDetailV22RenderProofUITests testCaptureCityAppDetailV22RenderProofBatch]' started.
    t =     0.00s Start Test at 2026-06-01 06:04:30.430
    t =     0.02s Set Up
    t =     0.02s Open app.speaklocal.vietnam.native
    t =     0.03s     Launch app.speaklocal.vietnam.native
objc[50007]: Class UIAccessibilityLoaderWebShared is implemented in both /Library/Developer/CoreSimulator/Volumes/iOS_23F77/Library/Developer/CoreSimulator/Profiles/Runtimes/iOS 26.5.simruntime/Contents/Resources/RuntimeRoot/System/Library/AccessibilityBundles/WebCore.axbundle/WebCore (0x109204310) and /Library/Developer/CoreSimulator/Volumes/iOS_23F77/Library/Developer/CoreSimulator/Profiles/Runtimes/iOS 26.5.simruntime/Contents/Resources/RuntimeRoot/System/Library/AccessibilityBundles/WebKit.axbundle/WebKit (0x108680398). This may cause spurious casting failures and mysterious crashes. One of the duplicates must be removed or renamed.
    t =     1.90s         Setting up automation session
    t =     2.38s         Wait for app.speaklocal.vietnam.native to idle
    t =     3.86s Checking existence of `"Tượng Phật Bà" StaticText`
    t =     4.01s Waiting 8.0s for "Tượng Phật Bà" StaticText to exist
    t =     5.08s     Checking `Expect predicate `existsNoRetry == 1` for object "Tượng Phật Bà" StaticText`
    t =     5.08s         Checking existence of `"Tượng Phật Bà" StaticText`
    t =     5.20s Swipe up Target Application 'app.speaklocal.vietnam.native'
    t =     5.20s     Wait for app.speaklocal.vietnam.native to idle
    t =     5.20s     Find the Target Application 'app.speaklocal.vietnam.native'
    t =     5.22s     Check for interrupting elements affecting "SpeakLocal Vietnam" Application
    t =     5.24s     Synthesize event
    t =     5.65s     Wait for app.speaklocal.vietnam.native to idle
    t =     7.76s Swipe up Target Application 'app.speaklocal.vietnam.native'
    t =     7.76s     Wait for app.speaklocal.vietnam.native to idle
    t =     7.76s     Find the Target Application 'app.speaklocal.vietnam.native'
    t =     7.78s     Check for interrupting elements affecting "SpeakLocal Vietnam" Application
    t =     7.81s     Synthesize event
    t =     8.23s     Wait for app.speaklocal.vietnam.native to idle
    t =     8.94s Terminate app.speaklocal.vietnam.native:50082
    t =    10.03s Open app.speaklocal.vietnam.native
    t =    10.03s     Launch app.speaklocal.vietnam.native
    t =    10.25s         Setting up automation session
    t =    10.72s         Wait for app.speaklocal.vietnam.native to idle
    t =    12.16s Waiting 4.0s for TabBar (First Match) to exist
    t =    13.23s     Checking `Expect predicate `existsNoRetry == 1` for object TabBar (First Match)`
    t =    13.23s         Checking existence of `TabBar (First Match)`
    t =    13.28s Checking existence of `"PhraseArticle.BottomSentinel.viet-family-city-danang-place-lady-buddha" Other`
    t =    13.36s Checking existence of `"PhraseArticle.BottomSentinel.viet-phrase-city-danang-place-lady-buddha" Other`
    t =    13.38s Find the "PhraseArticle.BottomSentinel.viet-phrase-city-danang-place-lady-buddha" Other
    t =    13.41s Checking existence of `TabBar (First Match)`
    t =    13.41s Find the TabBar (First Match)
    t =    13.42s Find the Target Application 'app.speaklocal.vietnam.native'
    t =    13.52s Terminate app.speaklocal.vietnam.native:50191
    t =    14.60s Tear Down
Test Case '-[SpeakLocalNativeUITests.CityAppDetailV22RenderProofUITests testCaptureCityAppDetailV22RenderProofBatch]' passed (14.664 seconds).
Test Suite 'CityAppDetailV22RenderProofUITests' passed at 2026-06-01 06:04:45.095.
	 Executed 1 test, with 0 failures (0 unexpected) in 14.664 (14.665) seconds
Test Suite 'SpeakLocalNativeUITests.xctest' passed at 2026-06-01 06:04:45.095.
	 Executed 1 test, with 0 failures (0 unexpected) in 14.664 (14.666) seconds
Test Suite 'Selected tests' passed at 2026-06-01 06:04:45.095.
	 Executed 1 test, with 0 failures (0 unexpected) in 14.664 (14.666) seconds

Test session results, code coverage, and logs:
	/Users/jojolim/Library/Developer/XcodeBuildMCP/workspaces/orchestrator-309442864093/DerivedData/SpeakLocalNative-8f3e721625a0/Logs/Test/Test-SpeakLocalNative-2026.06.01_06-04-29-+0700.xcresult

** TEST EXECUTE SUCCEEDED **

Testing started

2026-06-01 06:04:30.495 xcodebuild[50005:7900681] [MT] IDELaunchParametersSnapshot: The operation couldn’t be completed. (DebuggerLLDB.DebuggerVersionStore.StoreError error 0.)
2026-06-01 06:04:30.495 xcodebuild[50005:7900681] [MT] IDELaunchParametersSnapshot: no debugger version
2026-06-01 06:04:40.465 xcodebuild[50005:7900681] [MT] IDELaunchParametersSnapshot: The operation couldn’t be completed. (DebuggerLLDB.DebuggerVersionStore.StoreError error 0.)
2026-06-01 06:04:40.465 xcodebuild[50005:7900681] [MT] IDELaunchParametersSnapshot: no debugger version
2026-06-01 06:04:45.400 xcodebuild[50005:7900681] [MT] IDETestOperationsObserverDebug: 16.140 elapsed -- Testing started completed.
2026-06-01 06:04:45.400 xcodebuild[50005:7900681] [MT] IDETestOperationsObserverDebug: 0.000 sec, +0.000 sec -- start
2026-06-01 06:04:45.400 xcodebuild[50005:7900681] [MT] IDETestOperationsObserverDebug: 16.140 sec, +16.140 sec -- end
