Command line invocation:
    /Applications/Xcode.app/Contents/Developer/usr/bin/xcodebuild test-without-building -project /Users/jojolim/Developer/products/speaklocal/app-family/.worktrees/city-listings-production-ready/native-ios/SpeakLocalNative.xcodeproj -scheme SpeakLocalNative -destination "platform=iOS Simulator,id=7C386DD3-4BF1-4A34-A918-768C43CD1258" -derivedDataPath /Users/jojolim/Library/Developer/XcodeBuildMCP/workspaces/orchestrator-309442864093/DerivedData/SpeakLocalNative-8f3e721625a0 "-only-testing:SpeakLocalNativeUITests/CityAppDetailV22RenderProofUITests/testCaptureCityAppDetailV22RenderProofBatch"

2026-06-01 07:20:18.775942+0700 SpeakLocalNativeUITests-Runner[53874:8241839] [Default] Running tests...
    t =      nans Interface orientation changed to Portrait
Test Suite 'Selected tests' started at 2026-06-01 07:20:19.146.
Test Suite 'SpeakLocalNativeUITests.xctest' started at 2026-06-01 07:20:19.146.
Test Suite 'CityAppDetailV22RenderProofUITests' started at 2026-06-01 07:20:19.146.
Test Case '-[SpeakLocalNativeUITests.CityAppDetailV22RenderProofUITests testCaptureCityAppDetailV22RenderProofBatch]' started.
    t =     0.00s Start Test at 2026-06-01 07:20:19.147
    t =     0.02s Set Up
    t =     0.02s Open app.speaklocal.vietnam.native
    t =     0.02s     Launch app.speaklocal.vietnam.native
objc[53874]: Class UIAccessibilityLoaderWebShared is implemented in both /Library/Developer/CoreSimulator/Volumes/iOS_23F77/Library/Developer/CoreSimulator/Profiles/Runtimes/iOS 26.5.simruntime/Contents/Resources/RuntimeRoot/System/Library/AccessibilityBundles/WebCore.axbundle/WebCore (0x1082f4310) and /Library/Developer/CoreSimulator/Volumes/iOS_23F77/Library/Developer/CoreSimulator/Profiles/Runtimes/iOS 26.5.simruntime/Contents/Resources/RuntimeRoot/System/Library/AccessibilityBundles/WebKit.axbundle/WebKit (0x10800c398). This may cause spurious casting failures and mysterious crashes. One of the duplicates must be removed or renamed.
    t =     1.90s         Setting up automation session
    t =     2.37s         Wait for app.speaklocal.vietnam.native to idle
    t =     3.85s Checking existence of `"Phở Minh" StaticText`
    t =     4.04s Waiting 8.0s for "Phở Minh" StaticText to exist
    t =     5.06s     Checking `Expect predicate `existsNoRetry == 1` for object "Phở Minh" StaticText`
    t =     5.06s         Checking existence of `"Phở Minh" StaticText`
    t =     5.21s Swipe up Target Application 'app.speaklocal.vietnam.native'
    t =     5.21s     Wait for app.speaklocal.vietnam.native to idle
    t =     5.21s     Find the Target Application 'app.speaklocal.vietnam.native'
    t =     5.23s     Check for interrupting elements affecting "SpeakLocal Vietnam" Application
    t =     5.25s     Synthesize event
    t =     5.67s     Wait for app.speaklocal.vietnam.native to idle
    t =     7.78s Swipe up Target Application 'app.speaklocal.vietnam.native'
    t =     7.78s     Wait for app.speaklocal.vietnam.native to idle
    t =     8.03s     Find the Target Application 'app.speaklocal.vietnam.native'
    t =     8.07s     Check for interrupting elements affecting "SpeakLocal Vietnam" Application
    t =     8.10s     Synthesize event
    t =     8.53s     Wait for app.speaklocal.vietnam.native to idle
    t =    10.80s Terminate app.speaklocal.vietnam.native:53951
    t =    11.86s Open app.speaklocal.vietnam.native
    t =    11.86s     Launch app.speaklocal.vietnam.native
    t =    12.07s         Setting up automation session
    t =    12.54s         Wait for app.speaklocal.vietnam.native to idle
    t =    14.01s Waiting 4.0s for TabBar (First Match) to exist
    t =    15.06s     Checking `Expect predicate `existsNoRetry == 1` for object TabBar (First Match)`
    t =    15.06s         Checking existence of `TabBar (First Match)`
    t =    15.11s Checking existence of `"PhraseArticle.BottomSentinel.viet-family-city-hcmc-place-pho-minh" Other`
    t =    15.20s Checking existence of `"PhraseArticle.BottomSentinel.viet-phrase-city-hcmc-place-pho-minh" Other`
    t =    15.22s Find the "PhraseArticle.BottomSentinel.viet-phrase-city-hcmc-place-pho-minh" Other
    t =    15.25s Checking existence of `TabBar (First Match)`
    t =    15.25s Find the TabBar (First Match)
    t =    15.26s Find the Target Application 'app.speaklocal.vietnam.native'
    t =    15.39s Terminate app.speaklocal.vietnam.native:54049
    t =    16.46s Tear Down
Test Case '-[SpeakLocalNativeUITests.CityAppDetailV22RenderProofUITests testCaptureCityAppDetailV22RenderProofBatch]' passed (16.524 seconds).
Test Suite 'CityAppDetailV22RenderProofUITests' passed at 2026-06-01 07:20:35.672.
	 Executed 1 test, with 0 failures (0 unexpected) in 16.524 (16.525) seconds
Test Suite 'SpeakLocalNativeUITests.xctest' passed at 2026-06-01 07:20:35.672.
	 Executed 1 test, with 0 failures (0 unexpected) in 16.524 (16.526) seconds
Test Suite 'Selected tests' passed at 2026-06-01 07:20:35.673.
	 Executed 1 test, with 0 failures (0 unexpected) in 16.524 (16.527) seconds

Test session results, code coverage, and logs:
	/Users/jojolim/Library/Developer/XcodeBuildMCP/workspaces/orchestrator-309442864093/DerivedData/SpeakLocalNative-8f3e721625a0/Logs/Test/Test-SpeakLocalNative-2026.06.01_07-20-17-+0700.xcresult

** TEST EXECUTE SUCCEEDED **

Testing started

2026-06-01 07:20:19.210 xcodebuild[53867:8241652] [MT] IDELaunchParametersSnapshot: The operation couldn’t be completed. (DebuggerLLDB.DebuggerVersionStore.StoreError error 0.)
2026-06-01 07:20:19.210 xcodebuild[53867:8241652] [MT] IDELaunchParametersSnapshot: no debugger version
2026-06-01 07:20:31.011 xcodebuild[53867:8241652] [MT] IDELaunchParametersSnapshot: The operation couldn’t be completed. (DebuggerLLDB.DebuggerVersionStore.StoreError error 0.)
2026-06-01 07:20:31.011 xcodebuild[53867:8241652] [MT] IDELaunchParametersSnapshot: no debugger version
2026-06-01 07:20:35.980 xcodebuild[53867:8241652] [MT] IDETestOperationsObserverDebug: 18.020 elapsed -- Testing started completed.
2026-06-01 07:20:35.980 xcodebuild[53867:8241652] [MT] IDETestOperationsObserverDebug: 0.000 sec, +0.000 sec -- start
2026-06-01 07:20:35.980 xcodebuild[53867:8241652] [MT] IDETestOperationsObserverDebug: 18.020 sec, +18.020 sec -- end
