Command line invocation:
    /Applications/Xcode.app/Contents/Developer/usr/bin/xcodebuild test-without-building -project /Users/jojolim/Developer/products/speaklocal/app-family/.worktrees/city-listings-production-ready/native-ios/SpeakLocalNative.xcodeproj -scheme SpeakLocalNative -destination "platform=iOS Simulator,id=7C386DD3-4BF1-4A34-A918-768C43CD1258" -derivedDataPath /Users/jojolim/Library/Developer/XcodeBuildMCP/workspaces/orchestrator-309442864093/DerivedData/SpeakLocalNative-8f3e721625a0 "-only-testing:SpeakLocalNativeUITests/CityAppDetailV22RenderProofUITests/testCaptureCityAppDetailV22RenderProofBatch"

2026-06-01 09:01:05.776368+0700 SpeakLocalNativeUITests-Runner[57462:8620019] [Default] Running tests...
    t =      nans Interface orientation changed to Portrait
Test Suite 'Selected tests' started at 2026-06-01 09:01:06.166.
Test Suite 'SpeakLocalNativeUITests.xctest' started at 2026-06-01 09:01:06.166.
Test Suite 'CityAppDetailV22RenderProofUITests' started at 2026-06-01 09:01:06.166.
Test Case '-[SpeakLocalNativeUITests.CityAppDetailV22RenderProofUITests testCaptureCityAppDetailV22RenderProofBatch]' started.
    t =     0.00s Start Test at 2026-06-01 09:01:06.167
    t =     0.02s Set Up
    t =     0.02s Open app.speaklocal.vietnam.native
    t =     0.02s     Launch app.speaklocal.vietnam.native
objc[57462]: Class UIAccessibilityLoaderWebShared is implemented in both /Library/Developer/CoreSimulator/Volumes/iOS_23F77/Library/Developer/CoreSimulator/Profiles/Runtimes/iOS 26.5.simruntime/Contents/Resources/RuntimeRoot/System/Library/AccessibilityBundles/WebCore.axbundle/WebCore (0x10b180310) and /Library/Developer/CoreSimulator/Volumes/iOS_23F77/Library/Developer/CoreSimulator/Profiles/Runtimes/iOS 26.5.simruntime/Contents/Resources/RuntimeRoot/System/Library/AccessibilityBundles/WebKit.axbundle/WebKit (0x10a618398). This may cause spurious casting failures and mysterious crashes. One of the duplicates must be removed or renamed.
    t =     2.10s         Setting up automation session
    t =     2.55s         Wait for app.speaklocal.vietnam.native to idle
    t =     4.04s Checking existence of `"Cửu Đỉnh" StaticText`
    t =     4.18s Waiting 8.0s for "Cửu Đỉnh" StaticText to exist
    t =     5.22s     Checking `Expect predicate `existsNoRetry == 1` for object "Cửu Đỉnh" StaticText`
    t =     5.23s         Checking existence of `"Cửu Đỉnh" StaticText`
    t =     5.36s Swipe up Target Application 'app.speaklocal.vietnam.native'
    t =     5.36s     Wait for app.speaklocal.vietnam.native to idle
    t =     5.36s     Find the Target Application 'app.speaklocal.vietnam.native'
    t =     5.37s     Check for interrupting elements affecting "SpeakLocal Vietnam" Application
    t =     5.39s     Synthesize event
    t =     5.81s     Wait for app.speaklocal.vietnam.native to idle
    t =     7.93s Swipe up Target Application 'app.speaklocal.vietnam.native'
    t =     7.93s     Wait for app.speaklocal.vietnam.native to idle
    t =     7.93s     Find the Target Application 'app.speaklocal.vietnam.native'
    t =     7.95s     Check for interrupting elements affecting "SpeakLocal Vietnam" Application
    t =     7.98s     Synthesize event
    t =     8.41s     Wait for app.speaklocal.vietnam.native to idle
    t =     9.08s Terminate app.speaklocal.vietnam.native:57488
    t =    10.13s Open app.speaklocal.vietnam.native
    t =    10.13s     Launch app.speaklocal.vietnam.native
    t =    10.35s         Setting up automation session
    t =    10.83s         Wait for app.speaklocal.vietnam.native to idle
    t =    12.30s Waiting 4.0s for TabBar (First Match) to exist
    t =    13.33s     Checking `Expect predicate `existsNoRetry == 1` for object TabBar (First Match)`
    t =    13.33s         Checking existence of `TabBar (First Match)`
    t =    13.38s Checking existence of `"PhraseArticle.BottomSentinel.viet-family-city-hue-place-nine-dynastic-urns" Other`
    t =    13.46s Checking existence of `"PhraseArticle.BottomSentinel.viet-phrase-city-hue-place-nine-dynastic-urns" Other`
    t =    13.48s Find the "PhraseArticle.BottomSentinel.viet-phrase-city-hue-place-nine-dynastic-urns" Other
    t =    13.50s Checking existence of `TabBar (First Match)`
    t =    13.51s Find the TabBar (First Match)
    t =    13.52s Find the Target Application 'app.speaklocal.vietnam.native'
    t =    13.61s Terminate app.speaklocal.vietnam.native:57508
    t =    14.66s Tear Down
Test Case '-[SpeakLocalNativeUITests.CityAppDetailV22RenderProofUITests testCaptureCityAppDetailV22RenderProofBatch]' passed (14.734 seconds).
Test Suite 'CityAppDetailV22RenderProofUITests' passed at 2026-06-01 09:01:20.901.
	 Executed 1 test, with 0 failures (0 unexpected) in 14.734 (14.735) seconds
Test Suite 'SpeakLocalNativeUITests.xctest' passed at 2026-06-01 09:01:20.902.
	 Executed 1 test, with 0 failures (0 unexpected) in 14.734 (14.735) seconds
Test Suite 'Selected tests' passed at 2026-06-01 09:01:20.902.
	 Executed 1 test, with 0 failures (0 unexpected) in 14.734 (14.736) seconds

Test session results, code coverage, and logs:
	/Users/jojolim/Library/Developer/XcodeBuildMCP/workspaces/orchestrator-309442864093/DerivedData/SpeakLocalNative-8f3e721625a0/Logs/Test/Test-SpeakLocalNative-2026.06.01_09-01-04-+0700.xcresult

** TEST EXECUTE SUCCEEDED **

Testing started

2026-06-01 09:01:06.226 xcodebuild[57412:8619753] [MT] IDELaunchParametersSnapshot: The operation couldn’t be completed. (DebuggerLLDB.DebuggerVersionStore.StoreError error 0.)
2026-06-01 09:01:06.226 xcodebuild[57412:8619753] [MT] IDELaunchParametersSnapshot: no debugger version
2026-06-01 09:01:16.301 xcodebuild[57412:8619753] [MT] IDELaunchParametersSnapshot: The operation couldn’t be completed. (DebuggerLLDB.DebuggerVersionStore.StoreError error 0.)
2026-06-01 09:01:16.301 xcodebuild[57412:8619753] [MT] IDELaunchParametersSnapshot: no debugger version
2026-06-01 09:01:21.188 xcodebuild[57412:8619753] [MT] IDETestOperationsObserverDebug: 16.316 elapsed -- Testing started completed.
2026-06-01 09:01:21.188 xcodebuild[57412:8619753] [MT] IDETestOperationsObserverDebug: 0.000 sec, +0.000 sec -- start
2026-06-01 09:01:21.188 xcodebuild[57412:8619753] [MT] IDETestOperationsObserverDebug: 16.316 sec, +16.316 sec -- end
