Command line invocation:
    /Applications/Xcode.app/Contents/Developer/usr/bin/xcodebuild test-without-building -project /Users/jojolim/Developer/products/speaklocal/app-family/.worktrees/city-copy-final-production-gate/native-ios/SpeakLocalNative.xcodeproj -scheme SpeakLocalNative -destination "platform=iOS Simulator,id=7C386DD3-4BF1-4A34-A918-768C43CD1258" -derivedDataPath /Users/jojolim/Library/Developer/XcodeBuildMCP/workspaces/city-copy-final-production-gate/DerivedData/SpeakLocalNative "-only-testing:SpeakLocalNativeUITests/CityAppDetailV22RenderProofUITests/testCaptureCityAppDetailV22RenderProofBatch"

2026-06-08 15:23:15.142343+0800 SpeakLocalNativeUITests-Runner[29090:1305170] [Default] Running tests...
2026-06-08 15:23:15.178652+0800 SpeakLocalNativeUITests-Runner[29090:1305348] [General] Failed to send CA Event for app launch measurements for ca_event_type: 0 event_name: com.apple.app_launch_measurement.FirstFramePresentationMetric
2026-06-08 15:23:15.222270+0800 SpeakLocalNativeUITests-Runner[29090:1305351] [General] Failed to send CA Event for app launch measurements for ca_event_type: 1 event_name: com.apple.app_launch_measurement.ExtendedLaunchMetrics
objc[29090]: Class UIAccessibilityLoaderWebShared is implemented in both /Library/Developer/CoreSimulator/Volumes/iOS_23F77/Library/Developer/CoreSimulator/Profiles/Runtimes/iOS 26.5.simruntime/Contents/Resources/RuntimeRoot/System/Library/AccessibilityBundles/WebCore.axbundle/WebCore (0x10a16c310) and /Library/Developer/CoreSimulator/Volumes/iOS_23F77/Library/Developer/CoreSimulator/Profiles/Runtimes/iOS 26.5.simruntime/Contents/Resources/RuntimeRoot/System/Library/AccessibilityBundles/WebKit.axbundle/WebKit (0x10a0d0398). This may cause spurious casting failures and mysterious crashes. One of the duplicates must be removed or renamed.
    t =      nans Interface orientation changed to Portrait
Test Suite 'Selected tests' started at 2026-06-08 15:23:17.660.
Test Suite 'SpeakLocalNativeUITests.xctest' started at 2026-06-08 15:23:17.660.
Test Suite 'CityAppDetailV22RenderProofUITests' started at 2026-06-08 15:23:17.661.
Test Case '-[SpeakLocalNativeUITests.CityAppDetailV22RenderProofUITests testCaptureCityAppDetailV22RenderProofBatch]' started.
    t =     0.00s Start Test at 2026-06-08 15:23:17.661
    t =     0.10s Set Up
    t =     0.10s Open app.speaklocal.vietnam.native
    t =     0.10s     Launch app.speaklocal.vietnam.native
    t =     2.64s         Setting up automation session
    t =     3.59s         Wait for app.speaklocal.vietnam.native to idle
    t =     5.42s Checking existence of `"Phở Bò Lâm" StaticText`
    t =     5.65s Waiting 8.0s for "Phở Bò Lâm" StaticText to exist
    t =     6.73s     Checking `Expect predicate `existsNoRetry == 1` for object "Phở Bò Lâm" StaticText`
    t =     6.73s         Checking existence of `"Phở Bò Lâm" StaticText`
    t =     6.90s Swipe up Target Application 'app.speaklocal.vietnam.native'
    t =     6.90s     Wait for app.speaklocal.vietnam.native to idle
    t =     6.90s     Find the Target Application 'app.speaklocal.vietnam.native'
    t =     6.92s     Check for interrupting elements affecting "SpeakLocal Vietnam" Application
    t =     6.94s     Synthesize event
    t =     7.46s     Wait for app.speaklocal.vietnam.native to idle
    t =     9.57s Swipe up Target Application 'app.speaklocal.vietnam.native'
    t =     9.57s     Wait for app.speaklocal.vietnam.native to idle
    t =     9.57s     Find the Target Application 'app.speaklocal.vietnam.native'
    t =     9.59s     Check for interrupting elements affecting "SpeakLocal Vietnam" Application
    t =     9.61s     Synthesize event
    t =    10.03s     Wait for app.speaklocal.vietnam.native to idle
    t =    11.03s Terminate app.speaklocal.vietnam.native:29122
    t =    12.07s Open app.speaklocal.vietnam.native
    t =    12.07s     Launch app.speaklocal.vietnam.native
    t =    12.28s         Setting up automation session
    t =    13.21s         Wait for app.speaklocal.vietnam.native to idle
    t =    14.96s Waiting 4.0s for TabBar (First Match) to exist
    t =    16.03s     Checking `Expect predicate `existsNoRetry == 1` for object TabBar (First Match)`
    t =    16.03s         Checking existence of `TabBar (First Match)`
    t =    16.09s Checking existence of `"PhraseArticle.BottomSentinel.viet-family-city-hanoi-place-pho-bo-lam" Other`
    t =    16.22s Checking existence of `"PhraseArticle.BottomSentinel.viet-phrase-city-hanoi-place-pho-bo-lam" Other`
    t =    16.26s Find the "PhraseArticle.BottomSentinel.viet-phrase-city-hanoi-place-pho-bo-lam" Other
    t =    16.30s Checking existence of `TabBar (First Match)`
    t =    16.31s Find the TabBar (First Match)
    t =    16.32s Find the Target Application 'app.speaklocal.vietnam.native'
    t =    16.48s Terminate app.speaklocal.vietnam.native:29335
    t =    17.56s Tear Down
Test Case '-[SpeakLocalNativeUITests.CityAppDetailV22RenderProofUITests testCaptureCityAppDetailV22RenderProofBatch]' passed (17.628 seconds).
Test Suite 'CityAppDetailV22RenderProofUITests' passed at 2026-06-08 15:23:35.289.
	 Executed 1 test, with 0 failures (0 unexpected) in 17.628 (17.628) seconds
Test Suite 'SpeakLocalNativeUITests.xctest' passed at 2026-06-08 15:23:35.289.
	 Executed 1 test, with 0 failures (0 unexpected) in 17.628 (17.629) seconds
Test Suite 'Selected tests' passed at 2026-06-08 15:23:35.290.
	 Executed 1 test, with 0 failures (0 unexpected) in 17.628 (17.629) seconds

Test session results, code coverage, and logs:
	/Users/jojolim/Library/Developer/XcodeBuildMCP/workspaces/city-copy-final-production-gate/DerivedData/SpeakLocalNative/Logs/Test/Test-SpeakLocalNative-2026.06.08_15-22-58-+0800.xcresult

** TEST EXECUTE SUCCEEDED **

Testing started

2026-06-08 15:23:17.799 xcodebuild[28745:1302735] [MT] IDELaunchParametersSnapshot: The operation couldn’t be completed. (DebuggerLLDB.DebuggerVersionStore.StoreError error 0.)
2026-06-08 15:23:17.799 xcodebuild[28745:1302735] [MT] IDELaunchParametersSnapshot: no debugger version
2026-06-08 15:23:29.728 xcodebuild[28745:1302735] [MT] IDELaunchParametersSnapshot: The operation couldn’t be completed. (DebuggerLLDB.DebuggerVersionStore.StoreError error 0.)
2026-06-08 15:23:29.728 xcodebuild[28745:1302735] [MT] IDELaunchParametersSnapshot: no debugger version
2026-06-08 15:23:35.600 xcodebuild[28745:1302735] [MT] IDETestOperationsObserverDebug: 36.875 elapsed -- Testing started completed.
2026-06-08 15:23:35.600 xcodebuild[28745:1302735] [MT] IDETestOperationsObserverDebug: 0.000 sec, +0.000 sec -- start
2026-06-08 15:23:35.600 xcodebuild[28745:1302735] [MT] IDETestOperationsObserverDebug: 36.875 sec, +36.875 sec -- end
