Command line invocation:
    /Applications/Xcode.app/Contents/Developer/usr/bin/xcodebuild test-without-building -project /Users/jojolim/Developer/products/speaklocal/app-family/.worktrees/city-copy-final-production-gate/native-ios/SpeakLocalNative.xcodeproj -scheme SpeakLocalNative -destination "platform=iOS Simulator,id=7C386DD3-4BF1-4A34-A918-768C43CD1258" -derivedDataPath /Users/jojolim/Library/Developer/XcodeBuildMCP/workspaces/city-copy-final-production-gate/DerivedData/SpeakLocalNative "-only-testing:SpeakLocalNativeUITests/CityAppDetailV22RenderProofUITests/testCaptureCityAppDetailV22RenderProofBatch"

2026-06-08 15:26:46.512974+0800 SpeakLocalNativeUITests-Runner[33155:1329671] [Default] Running tests...
objc[33155]: Class UIAccessibilityLoaderWebShared is implemented in both /Library/Developer/CoreSimulator/Volumes/iOS_23F77/Library/Developer/CoreSimulator/Profiles/Runtimes/iOS 26.5.simruntime/Contents/Resources/RuntimeRoot/System/Library/AccessibilityBundles/WebCore.axbundle/WebCore (0x10b8fc310) and /Library/Developer/CoreSimulator/Volumes/iOS_23F77/Library/Developer/CoreSimulator/Profiles/Runtimes/iOS 26.5.simruntime/Contents/Resources/RuntimeRoot/System/Library/AccessibilityBundles/WebKit.axbundle/WebKit (0x10ad18398). This may cause spurious casting failures and mysterious crashes. One of the duplicates must be removed or renamed.
    t =      nans Interface orientation changed to Portrait
Test Suite 'Selected tests' started at 2026-06-08 15:26:49.013.
Test Suite 'SpeakLocalNativeUITests.xctest' started at 2026-06-08 15:26:49.013.
Test Suite 'CityAppDetailV22RenderProofUITests' started at 2026-06-08 15:26:49.013.
Test Case '-[SpeakLocalNativeUITests.CityAppDetailV22RenderProofUITests testCaptureCityAppDetailV22RenderProofBatch]' started.
    t =     0.00s Start Test at 2026-06-08 15:26:49.013
    t =     0.10s Set Up
    t =     0.10s Open app.speaklocal.vietnam.native
    t =     0.10s     Launch app.speaklocal.vietnam.native
    t =     2.85s         Setting up automation session
    t =     3.89s         Wait for app.speaklocal.vietnam.native to idle
    t =     5.83s Checking existence of `"Địa đạo Củ Chi" StaticText`
    t =     6.05s Waiting 8.0s for "Địa đạo Củ Chi" StaticText to exist
    t =     7.13s     Checking `Expect predicate `existsNoRetry == 1` for object "Địa đạo Củ Chi" StaticText`
    t =     7.13s         Checking existence of `"Địa đạo Củ Chi" StaticText`
    t =     7.31s Swipe up Target Application 'app.speaklocal.vietnam.native'
    t =     7.32s     Wait for app.speaklocal.vietnam.native to idle
    t =     7.32s     Find the Target Application 'app.speaklocal.vietnam.native'
    t =     7.34s     Check for interrupting elements affecting "SpeakLocal Vietnam" Application
    t =     7.37s     Synthesize event
    t =     7.91s     Wait for app.speaklocal.vietnam.native to idle
    t =    10.00s Swipe up Target Application 'app.speaklocal.vietnam.native'
    t =    10.00s     Wait for app.speaklocal.vietnam.native to idle
    t =    10.01s     Find the Target Application 'app.speaklocal.vietnam.native'
    t =    10.03s     Check for interrupting elements affecting "SpeakLocal Vietnam" Application
    t =    10.05s     Synthesize event
    t =    10.46s     Wait for app.speaklocal.vietnam.native to idle
    t =    11.25s Terminate app.speaklocal.vietnam.native:33185
    t =    12.26s Open app.speaklocal.vietnam.native
    t =    12.26s     Launch app.speaklocal.vietnam.native
    t =    12.47s         Setting up automation session
    t =    13.21s         Wait for app.speaklocal.vietnam.native to idle
    t =    14.95s Waiting 4.0s for TabBar (First Match) to exist
    t =    16.02s     Checking `Expect predicate `existsNoRetry == 1` for object TabBar (First Match)`
    t =    16.02s         Checking existence of `TabBar (First Match)`
    t =    16.10s Checking existence of `"PhraseArticle.BottomSentinel.viet-family-city-hcmc-place-cu-chi-tunnels" Other`
    t =    16.27s Checking existence of `"PhraseArticle.BottomSentinel.viet-phrase-city-hcmc-place-cu-chi-tunnels" Other`
    t =    16.32s Find the "PhraseArticle.BottomSentinel.viet-phrase-city-hcmc-place-cu-chi-tunnels" Other
    t =    16.36s Checking existence of `TabBar (First Match)`
    t =    16.38s Find the TabBar (First Match)
    t =    16.40s Find the Target Application 'app.speaklocal.vietnam.native'
    t =    16.56s Terminate app.speaklocal.vietnam.native:33385
    t =    17.65s Tear Down
Test Case '-[SpeakLocalNativeUITests.CityAppDetailV22RenderProofUITests testCaptureCityAppDetailV22RenderProofBatch]' passed (17.725 seconds).
Test Suite 'CityAppDetailV22RenderProofUITests' passed at 2026-06-08 15:27:06.739.
	 Executed 1 test, with 0 failures (0 unexpected) in 17.725 (17.726) seconds
Test Suite 'SpeakLocalNativeUITests.xctest' passed at 2026-06-08 15:27:06.740.
	 Executed 1 test, with 0 failures (0 unexpected) in 17.725 (17.727) seconds
Test Suite 'Selected tests' passed at 2026-06-08 15:27:06.740.
	 Executed 1 test, with 0 failures (0 unexpected) in 17.725 (17.728) seconds

Test session results, code coverage, and logs:
	/Users/jojolim/Library/Developer/XcodeBuildMCP/workspaces/city-copy-final-production-gate/DerivedData/SpeakLocalNative/Logs/Test/Test-SpeakLocalNative-2026.06.08_15-26-28-+0800.xcresult

** TEST EXECUTE SUCCEEDED **

Testing started

2026-06-08 15:26:49.149 xcodebuild[32797:1327150] [MT] IDELaunchParametersSnapshot: The operation couldn’t be completed. (DebuggerLLDB.DebuggerVersionStore.StoreError error 0.)
2026-06-08 15:26:49.149 xcodebuild[32797:1327150] [MT] IDELaunchParametersSnapshot: no debugger version
2026-06-08 15:27:01.272 xcodebuild[32797:1327150] [MT] IDELaunchParametersSnapshot: The operation couldn’t be completed. (DebuggerLLDB.DebuggerVersionStore.StoreError error 0.)
2026-06-08 15:27:01.272 xcodebuild[32797:1327150] [MT] IDELaunchParametersSnapshot: no debugger version
2026-06-08 15:27:07.030 xcodebuild[32797:1327150] [MT] IDETestOperationsObserverDebug: 37.944 elapsed -- Testing started completed.
2026-06-08 15:27:07.030 xcodebuild[32797:1327150] [MT] IDETestOperationsObserverDebug: 0.000 sec, +0.000 sec -- start
2026-06-08 15:27:07.030 xcodebuild[32797:1327150] [MT] IDETestOperationsObserverDebug: 37.944 sec, +37.944 sec -- end
