Command line invocation:
    /Applications/Xcode.app/Contents/Developer/usr/bin/xcodebuild test-without-building -project /Users/jojolim/Developer/products/speaklocal/app-family/.worktrees/city-copy-final-production-gate/native-ios/SpeakLocalNative.xcodeproj -scheme SpeakLocalNative -destination "platform=iOS Simulator,id=7C386DD3-4BF1-4A34-A918-768C43CD1258" -derivedDataPath /Users/jojolim/Library/Developer/XcodeBuildMCP/workspaces/city-copy-final-production-gate/DerivedData/SpeakLocalNative "-only-testing:SpeakLocalNativeUITests/CityAppDetailV22RenderProofUITests/testCaptureCityAppDetailV22RenderProofBatch"

2026-06-08 15:31:51.895416+0800 SpeakLocalNativeUITests-Runner[38826:1365916] [Default] Running tests...
objc[38826]: Class UIAccessibilityLoaderWebShared is implemented in both /Library/Developer/CoreSimulator/Volumes/iOS_23F77/Library/Developer/CoreSimulator/Profiles/Runtimes/iOS 26.5.simruntime/Contents/Resources/RuntimeRoot/System/Library/AccessibilityBundles/WebCore.axbundle/WebCore (0x10b0ac310) and /Library/Developer/CoreSimulator/Volumes/iOS_23F77/Library/Developer/CoreSimulator/Profiles/Runtimes/iOS 26.5.simruntime/Contents/Resources/RuntimeRoot/System/Library/AccessibilityBundles/WebKit.axbundle/WebKit (0x10a504398). This may cause spurious casting failures and mysterious crashes. One of the duplicates must be removed or renamed.
    t =      nans Interface orientation changed to Portrait
Test Suite 'Selected tests' started at 2026-06-08 15:31:54.506.
Test Suite 'SpeakLocalNativeUITests.xctest' started at 2026-06-08 15:31:54.507.
Test Suite 'CityAppDetailV22RenderProofUITests' started at 2026-06-08 15:31:54.507.
Test Case '-[SpeakLocalNativeUITests.CityAppDetailV22RenderProofUITests testCaptureCityAppDetailV22RenderProofBatch]' started.
    t =     0.00s Start Test at 2026-06-08 15:31:54.507
    t =     0.11s Set Up
    t =     0.11s Open app.speaklocal.vietnam.native
    t =     0.11s     Launch app.speaklocal.vietnam.native
    t =     2.86s         Setting up automation session
    t =     4.08s         Wait for app.speaklocal.vietnam.native to idle
    t =     6.23s Checking existence of `"Bánh khoái ở Huế" StaticText`
    t =     6.42s Waiting 8.0s for "Bánh khoái ở Huế" StaticText to exist
    t =     7.49s     Checking `Expect predicate `existsNoRetry == 1` for object "Bánh khoái ở Huế" StaticText`
    t =     7.50s         Checking existence of `"Bánh khoái ở Huế" StaticText`
    t =     7.64s Swipe up Target Application 'app.speaklocal.vietnam.native'
    t =     7.64s     Wait for app.speaklocal.vietnam.native to idle
    t =     7.64s     Find the Target Application 'app.speaklocal.vietnam.native'
    t =     7.66s     Check for interrupting elements affecting "SpeakLocal Vietnam" Application
    t =     7.68s     Synthesize event
    t =     8.22s     Wait for app.speaklocal.vietnam.native to idle
    t =    10.31s Swipe up Target Application 'app.speaklocal.vietnam.native'
    t =    10.31s     Wait for app.speaklocal.vietnam.native to idle
    t =    10.47s     Find the Target Application 'app.speaklocal.vietnam.native'
    t =    10.49s     Check for interrupting elements affecting "SpeakLocal Vietnam" Application
    t =    10.50s     Synthesize event
    t =    10.93s     Wait for app.speaklocal.vietnam.native to idle
    t =    11.79s Terminate app.speaklocal.vietnam.native:38855
    t =    12.88s Open app.speaklocal.vietnam.native
    t =    12.88s     Launch app.speaklocal.vietnam.native
    t =    13.10s         Setting up automation session
    t =    14.20s         Wait for app.speaklocal.vietnam.native to idle
    t =    16.31s Waiting 4.0s for TabBar (First Match) to exist
    t =    17.38s     Checking `Expect predicate `existsNoRetry == 1` for object TabBar (First Match)`
    t =    17.38s         Checking existence of `TabBar (First Match)`
    t =    17.43s Checking existence of `"PhraseArticle.BottomSentinel.viet-family-city-hue-place-banh-khoai" Other`
    t =    17.60s Checking existence of `"PhraseArticle.BottomSentinel.viet-phrase-city-hue-place-banh-khoai" Other`
    t =    17.65s Find the "PhraseArticle.BottomSentinel.viet-phrase-city-hue-place-banh-khoai" Other
    t =    17.69s Checking existence of `TabBar (First Match)`
    t =    17.71s Find the TabBar (First Match)
    t =    17.73s Find the Target Application 'app.speaklocal.vietnam.native'
    t =    17.91s Terminate app.speaklocal.vietnam.native:39065
    t =    19.01s Tear Down
Test Case '-[SpeakLocalNativeUITests.CityAppDetailV22RenderProofUITests testCaptureCityAppDetailV22RenderProofBatch]' passed (19.074 seconds).
Test Suite 'CityAppDetailV22RenderProofUITests' passed at 2026-06-08 15:32:13.582.
	 Executed 1 test, with 0 failures (0 unexpected) in 19.074 (19.075) seconds
Test Suite 'SpeakLocalNativeUITests.xctest' passed at 2026-06-08 15:32:13.582.
	 Executed 1 test, with 0 failures (0 unexpected) in 19.074 (19.076) seconds
Test Suite 'Selected tests' passed at 2026-06-08 15:32:13.583.
	 Executed 1 test, with 0 failures (0 unexpected) in 19.074 (19.077) seconds

Test session results, code coverage, and logs:
	/Users/jojolim/Library/Developer/XcodeBuildMCP/workspaces/city-copy-final-production-gate/DerivedData/SpeakLocalNative/Logs/Test/Test-SpeakLocalNative-2026.06.08_15-31-33-+0800.xcresult

** TEST EXECUTE SUCCEEDED **

Testing started

2026-06-08 15:31:54.659 xcodebuild[38479:1363401] [MT] IDELaunchParametersSnapshot: The operation couldn’t be completed. (DebuggerLLDB.DebuggerVersionStore.StoreError error 0.)
2026-06-08 15:31:54.659 xcodebuild[38479:1363401] [MT] IDELaunchParametersSnapshot: no debugger version
2026-06-08 15:32:07.391 xcodebuild[38479:1363401] [MT] IDELaunchParametersSnapshot: The operation couldn’t be completed. (DebuggerLLDB.DebuggerVersionStore.StoreError error 0.)
2026-06-08 15:32:07.391 xcodebuild[38479:1363401] [MT] IDELaunchParametersSnapshot: no debugger version
2026-06-08 15:32:13.888 xcodebuild[38479:1363401] [MT] IDETestOperationsObserverDebug: 40.057 elapsed -- Testing started completed.
2026-06-08 15:32:13.888 xcodebuild[38479:1363401] [MT] IDETestOperationsObserverDebug: 0.000 sec, +0.000 sec -- start
2026-06-08 15:32:13.888 xcodebuild[38479:1363401] [MT] IDETestOperationsObserverDebug: 40.057 sec, +40.057 sec -- end
