Command line invocation:
    /Applications/Xcode.app/Contents/Developer/usr/bin/xcodebuild test-without-building -project /Users/jojolim/Developer/products/speaklocal/app-family/.worktrees/city-copy-final-production-gate/native-ios/SpeakLocalNative.xcodeproj -scheme SpeakLocalNative -destination "platform=iOS Simulator,id=7C386DD3-4BF1-4A34-A918-768C43CD1258" -derivedDataPath /Users/jojolim/Library/Developer/XcodeBuildMCP/workspaces/city-copy-final-production-gate/DerivedData/SpeakLocalNative "-only-testing:SpeakLocalNativeUITests/CityAppDetailV22RenderProofUITests/testCaptureCityAppDetailV22RenderProofBatch"

2026-06-08 15:21:11.477277+0800 SpeakLocalNativeUITests-Runner[26679:1289971] [Default] Running tests...
objc[26679]: Class UIAccessibilityLoaderWebShared is implemented in both /Library/Developer/CoreSimulator/Volumes/iOS_23F77/Library/Developer/CoreSimulator/Profiles/Runtimes/iOS 26.5.simruntime/Contents/Resources/RuntimeRoot/System/Library/AccessibilityBundles/WebCore.axbundle/WebCore (0x106f44310) and /Library/Developer/CoreSimulator/Volumes/iOS_23F77/Library/Developer/CoreSimulator/Profiles/Runtimes/iOS 26.5.simruntime/Contents/Resources/RuntimeRoot/System/Library/AccessibilityBundles/WebKit.axbundle/WebKit (0x106378398). This may cause spurious casting failures and mysterious crashes. One of the duplicates must be removed or renamed.
    t =      nans Interface orientation changed to Portrait
Test Suite 'Selected tests' started at 2026-06-08 15:21:13.722.
Test Suite 'SpeakLocalNativeUITests.xctest' started at 2026-06-08 15:21:13.722.
Test Suite 'CityAppDetailV22RenderProofUITests' started at 2026-06-08 15:21:13.723.
Test Case '-[SpeakLocalNativeUITests.CityAppDetailV22RenderProofUITests testCaptureCityAppDetailV22RenderProofBatch]' started.
    t =     0.00s Start Test at 2026-06-08 15:21:13.723
    t =     0.11s Set Up
    t =     0.11s Open app.speaklocal.vietnam.native
    t =     0.11s     Launch app.speaklocal.vietnam.native
    t =     3.07s         Setting up automation session
    t =     3.98s         Wait for app.speaklocal.vietnam.native to idle
    t =     5.87s Checking existence of `"Miến lươn ở Hà Nội" StaticText`
    t =     6.04s Waiting 8.0s for "Miến lươn ở Hà Nội" StaticText to exist
    t =     7.12s     Checking `Expect predicate `existsNoRetry == 1` for object "Miến lươn ở Hà Nội" StaticText`
    t =     7.12s         Checking existence of `"Miến lươn ở Hà Nội" StaticText`
    t =     7.29s Swipe up Target Application 'app.speaklocal.vietnam.native'
    t =     7.29s     Wait for app.speaklocal.vietnam.native to idle
    t =     7.29s     Find the Target Application 'app.speaklocal.vietnam.native'
    t =     7.31s     Check for interrupting elements affecting "SpeakLocal Vietnam" Application
    t =     7.33s     Synthesize event
    t =     7.85s     Wait for app.speaklocal.vietnam.native to idle
    t =     9.96s Swipe up Target Application 'app.speaklocal.vietnam.native'
    t =     9.96s     Wait for app.speaklocal.vietnam.native to idle
    t =    10.27s     Find the Target Application 'app.speaklocal.vietnam.native'
    t =    10.29s     Check for interrupting elements affecting "SpeakLocal Vietnam" Application
    t =    10.32s     Synthesize event
    t =    10.74s     Wait for app.speaklocal.vietnam.native to idle
    t =    11.41s Terminate app.speaklocal.vietnam.native:26712
    t =    12.50s Open app.speaklocal.vietnam.native
    t =    12.50s     Launch app.speaklocal.vietnam.native
    t =    12.71s         Setting up automation session
    t =    13.27s         Wait for app.speaklocal.vietnam.native to idle
    t =    14.83s Waiting 4.0s for TabBar (First Match) to exist
    t =    15.91s     Checking `Expect predicate `existsNoRetry == 1` for object TabBar (First Match)`
    t =    15.91s         Checking existence of `TabBar (First Match)`
    t =    15.96s Checking existence of `"PhraseArticle.BottomSentinel.viet-family-city-hanoi-place-mien-luon" Other`
    t =    16.08s Checking existence of `"PhraseArticle.BottomSentinel.viet-phrase-city-hanoi-place-mien-luon" Other`
    t =    16.10s Find the "PhraseArticle.BottomSentinel.viet-phrase-city-hanoi-place-mien-luon" Other
    t =    16.13s Checking existence of `TabBar (First Match)`
    t =    16.14s Find the TabBar (First Match)
    t =    16.15s Find the Target Application 'app.speaklocal.vietnam.native'
    t =    16.28s Terminate app.speaklocal.vietnam.native:26907
    t =    17.37s Tear Down
Test Case '-[SpeakLocalNativeUITests.CityAppDetailV22RenderProofUITests testCaptureCityAppDetailV22RenderProofBatch]' passed (17.422 seconds).
Test Suite 'CityAppDetailV22RenderProofUITests' passed at 2026-06-08 15:21:31.145.
	 Executed 1 test, with 0 failures (0 unexpected) in 17.422 (17.422) seconds
Test Suite 'SpeakLocalNativeUITests.xctest' passed at 2026-06-08 15:21:31.145.
	 Executed 1 test, with 0 failures (0 unexpected) in 17.422 (17.423) seconds
Test Suite 'Selected tests' passed at 2026-06-08 15:21:31.146.
	 Executed 1 test, with 0 failures (0 unexpected) in 17.422 (17.423) seconds

Test session results, code coverage, and logs:
	/Users/jojolim/Library/Developer/XcodeBuildMCP/workspaces/city-copy-final-production-gate/DerivedData/SpeakLocalNative/Logs/Test/Test-SpeakLocalNative-2026.06.08_15-20-54-+0800.xcresult

** TEST EXECUTE SUCCEEDED **

Testing started

2026-06-08 15:21:13.875 xcodebuild[26118:1287150] [MT] IDELaunchParametersSnapshot: The operation couldn’t be completed. (DebuggerLLDB.DebuggerVersionStore.StoreError error 0.)
2026-06-08 15:21:13.875 xcodebuild[26118:1287150] [MT] IDELaunchParametersSnapshot: no debugger version
2026-06-08 15:21:26.226 xcodebuild[26118:1287150] [MT] IDELaunchParametersSnapshot: The operation couldn’t be completed. (DebuggerLLDB.DebuggerVersionStore.StoreError error 0.)
2026-06-08 15:21:26.226 xcodebuild[26118:1287150] [MT] IDELaunchParametersSnapshot: no debugger version
2026-06-08 15:21:31.438 xcodebuild[26118:1287150] [MT] IDETestOperationsObserverDebug: 36.278 elapsed -- Testing started completed.
2026-06-08 15:21:31.438 xcodebuild[26118:1287150] [MT] IDETestOperationsObserverDebug: 0.000 sec, +0.000 sec -- start
2026-06-08 15:21:31.438 xcodebuild[26118:1287150] [MT] IDETestOperationsObserverDebug: 36.278 sec, +36.278 sec -- end
