Command line invocation:
    /Applications/Xcode.app/Contents/Developer/usr/bin/xcodebuild test-without-building -project /Users/jojolim/Developer/products/speaklocal/app-family/.worktrees/city-copy-final-production-gate/native-ios/SpeakLocalNative.xcodeproj -scheme SpeakLocalNative -destination "platform=iOS Simulator,id=7C386DD3-4BF1-4A34-A918-768C43CD1258" -derivedDataPath /Users/jojolim/Library/Developer/XcodeBuildMCP/workspaces/city-copy-final-production-gate/DerivedData/SpeakLocalNative "-only-testing:SpeakLocalNativeUITests/CityAppDetailV22RenderProofUITests/testCaptureCityAppDetailV22RenderProofBatch"

2026-06-08 15:19:55.989070+0800 SpeakLocalNativeUITests-Runner[24886:1280056] [Default] Running tests...
objc[24886]: Class UIAccessibilityLoaderWebShared is implemented in both /Library/Developer/CoreSimulator/Volumes/iOS_23F77/Library/Developer/CoreSimulator/Profiles/Runtimes/iOS 26.5.simruntime/Contents/Resources/RuntimeRoot/System/Library/AccessibilityBundles/WebCore.axbundle/WebCore (0x1089a8310) and /Library/Developer/CoreSimulator/Volumes/iOS_23F77/Library/Developer/CoreSimulator/Profiles/Runtimes/iOS 26.5.simruntime/Contents/Resources/RuntimeRoot/System/Library/AccessibilityBundles/WebKit.axbundle/WebKit (0x1088a8398). This may cause spurious casting failures and mysterious crashes. One of the duplicates must be removed or renamed.
Test Suite 'Selected tests' started at 2026-06-08 15:19:58.276.
Test Suite 'SpeakLocalNativeUITests.xctest' started at 2026-06-08 15:19:58.276.
Test Suite 'CityAppDetailV22RenderProofUITests' started at 2026-06-08 15:19:58.276.
Test Case '-[SpeakLocalNativeUITests.CityAppDetailV22RenderProofUITests testCaptureCityAppDetailV22RenderProofBatch]' started.
    t =     0.00s Start Test at 2026-06-08 15:19:58.277
    t =     0.09s Set Up
    t =     0.09s Open app.speaklocal.vietnam.native
    t =     0.09s     Launch app.speaklocal.vietnam.native
    t =     2.21s         Setting up automation session
    t =     3.03s         Wait for app.speaklocal.vietnam.native to idle
    t =     4.62s Checking existence of `"Quận Ba Đình" StaticText`
    t =     4.75s Waiting 8.0s for "Quận Ba Đình" StaticText to exist
    t =     5.82s     Checking `Expect predicate `existsNoRetry == 1` for object "Quận Ba Đình" StaticText`
    t =     5.82s         Checking existence of `"Quận Ba Đình" StaticText`
    t =     6.00s Swipe up Target Application 'app.speaklocal.vietnam.native'
    t =     6.00s     Wait for app.speaklocal.vietnam.native to idle
    t =     6.01s     Find the Target Application 'app.speaklocal.vietnam.native'
    t =     6.02s     Check for interrupting elements affecting "SpeakLocal Vietnam" Application
    t =     6.04s     Synthesize event
    t =     6.57s     Wait for app.speaklocal.vietnam.native to idle
    t =     8.67s Swipe up Target Application 'app.speaklocal.vietnam.native'
    t =     8.67s     Wait for app.speaklocal.vietnam.native to idle
    t =     8.67s     Find the Target Application 'app.speaklocal.vietnam.native'
    t =     8.69s     Check for interrupting elements affecting "SpeakLocal Vietnam" Application
    t =     8.71s     Synthesize event
    t =     9.13s     Wait for app.speaklocal.vietnam.native to idle
    t =     9.83s Terminate app.speaklocal.vietnam.native:24923
    t =    10.93s Open app.speaklocal.vietnam.native
    t =    10.93s     Launch app.speaklocal.vietnam.native
    t =    11.14s         Setting up automation session
    t =    11.67s         Wait for app.speaklocal.vietnam.native to idle
    t =    13.22s Waiting 4.0s for TabBar (First Match) to exist
    t =    14.29s     Checking `Expect predicate `existsNoRetry == 1` for object TabBar (First Match)`
    t =    14.29s         Checking existence of `TabBar (First Match)`
    t =    14.33s Checking existence of `"PhraseArticle.BottomSentinel.viet-family-city-hanoi-place-ba-dinh-district" Other`
    t =    14.41s Checking existence of `"PhraseArticle.BottomSentinel.viet-phrase-city-hanoi-place-ba-dinh-district" Other`
    t =    14.43s Find the "PhraseArticle.BottomSentinel.viet-phrase-city-hanoi-place-ba-dinh-district" Other
    t =    14.45s Checking existence of `TabBar (First Match)`
    t =    14.45s Find the TabBar (First Match)
    t =    14.46s Find the Target Application 'app.speaklocal.vietnam.native'
    t =    14.56s Terminate app.speaklocal.vietnam.native:25118
    t =    15.65s Tear Down
Test Case '-[SpeakLocalNativeUITests.CityAppDetailV22RenderProofUITests testCaptureCityAppDetailV22RenderProofBatch]' passed (15.698 seconds).
Test Suite 'CityAppDetailV22RenderProofUITests' passed at 2026-06-08 15:20:13.974.
	 Executed 1 test, with 0 failures (0 unexpected) in 15.698 (15.698) seconds
Test Suite 'SpeakLocalNativeUITests.xctest' passed at 2026-06-08 15:20:13.975.
	 Executed 1 test, with 0 failures (0 unexpected) in 15.698 (15.698) seconds
Test Suite 'Selected tests' passed at 2026-06-08 15:20:13.975.
	 Executed 1 test, with 0 failures (0 unexpected) in 15.698 (15.699) seconds

Test session results, code coverage, and logs:
	/Users/jojolim/Library/Developer/XcodeBuildMCP/workspaces/city-copy-final-production-gate/DerivedData/SpeakLocalNative/Logs/Test/Test-SpeakLocalNative-2026.06.08_15-19-41-+0800.xcresult

** TEST EXECUTE SUCCEEDED **

Testing started

2026-06-08 15:19:58.404 xcodebuild[24533:1277639] [MT] IDELaunchParametersSnapshot: The operation couldn’t be completed. (DebuggerLLDB.DebuggerVersionStore.StoreError error 0.)
2026-06-08 15:19:58.404 xcodebuild[24533:1277639] [MT] IDELaunchParametersSnapshot: no debugger version
2026-06-08 15:20:09.209 xcodebuild[24533:1277639] [MT] IDELaunchParametersSnapshot: The operation couldn’t be completed. (DebuggerLLDB.DebuggerVersionStore.StoreError error 0.)
2026-06-08 15:20:09.209 xcodebuild[24533:1277639] [MT] IDELaunchParametersSnapshot: no debugger version
2026-06-08 15:20:14.267 xcodebuild[24533:1277639] [MT] IDETestOperationsObserverDebug: 32.102 elapsed -- Testing started completed.
2026-06-08 15:20:14.267 xcodebuild[24533:1277639] [MT] IDETestOperationsObserverDebug: 0.000 sec, +0.000 sec -- start
2026-06-08 15:20:14.267 xcodebuild[24533:1277639] [MT] IDETestOperationsObserverDebug: 32.102 sec, +32.102 sec -- end
