Command line invocation:
    /Applications/Xcode.app/Contents/Developer/usr/bin/xcodebuild test-without-building -project /Users/jojolim/Developer/products/speaklocal/app-family/.worktrees/city-copy-final-production-gate/native-ios/SpeakLocalNative.xcodeproj -scheme SpeakLocalNative -destination "platform=iOS Simulator,id=7C386DD3-4BF1-4A34-A918-768C43CD1258" -derivedDataPath /Users/jojolim/Library/Developer/XcodeBuildMCP/workspaces/city-copy-final-production-gate/DerivedData/SpeakLocalNative "-only-testing:SpeakLocalNativeUITests/CityAppDetailV22RenderProofUITests/testCaptureCityAppDetailV22RenderProofBatch"

2026-06-08 15:25:19.499058+0800 SpeakLocalNativeUITests-Runner[31522:1319774] [Default] Running tests...
2026-06-08 15:25:19.536981+0800 SpeakLocalNativeUITests-Runner[31522:1319916] [General] Failed to send CA Event for app launch measurements for ca_event_type: 0 event_name: com.apple.app_launch_measurement.FirstFramePresentationMetric
2026-06-08 15:25:19.580264+0800 SpeakLocalNativeUITests-Runner[31522:1319916] [General] Failed to send CA Event for app launch measurements for ca_event_type: 1 event_name: com.apple.app_launch_measurement.ExtendedLaunchMetrics
objc[31522]: Class UIAccessibilityLoaderWebShared is implemented in both /Library/Developer/CoreSimulator/Volumes/iOS_23F77/Library/Developer/CoreSimulator/Profiles/Runtimes/iOS 26.5.simruntime/Contents/Resources/RuntimeRoot/System/Library/AccessibilityBundles/WebCore.axbundle/WebCore (0x10b6b4310) and /Library/Developer/CoreSimulator/Volumes/iOS_23F77/Library/Developer/CoreSimulator/Profiles/Runtimes/iOS 26.5.simruntime/Contents/Resources/RuntimeRoot/System/Library/AccessibilityBundles/WebKit.axbundle/WebKit (0x109efc398). This may cause spurious casting failures and mysterious crashes. One of the duplicates must be removed or renamed.
    t =      nans Interface orientation changed to Portrait
Test Suite 'Selected tests' started at 2026-06-08 15:25:22.892.
Test Suite 'SpeakLocalNativeUITests.xctest' started at 2026-06-08 15:25:22.893.
Test Suite 'CityAppDetailV22RenderProofUITests' started at 2026-06-08 15:25:22.893.
Test Case '-[SpeakLocalNativeUITests.CityAppDetailV22RenderProofUITests testCaptureCityAppDetailV22RenderProofBatch]' started.
    t =     0.00s Start Test at 2026-06-08 15:25:22.894
    t =     0.13s Set Up
    t =     0.14s Open app.speaklocal.vietnam.native
    t =     0.14s     Launch app.speaklocal.vietnam.native
    t =     2.68s         Setting up automation session
    t =     3.55s         Wait for app.speaklocal.vietnam.native to idle
    t =     5.59s Checking existence of `"Phở Minh" StaticText`
    t =     5.78s Waiting 8.0s for "Phở Minh" StaticText to exist
    t =     6.86s     Checking `Expect predicate `existsNoRetry == 1` for object "Phở Minh" StaticText`
    t =     6.86s         Checking existence of `"Phở Minh" StaticText`
    t =     7.00s Swipe up Target Application 'app.speaklocal.vietnam.native'
    t =     7.00s     Wait for app.speaklocal.vietnam.native to idle
    t =     7.00s     Find the Target Application 'app.speaklocal.vietnam.native'
    t =     7.02s     Check for interrupting elements affecting "SpeakLocal Vietnam" Application
    t =     7.04s     Synthesize event
    t =     7.57s     Wait for app.speaklocal.vietnam.native to idle
    t =     9.67s Swipe up Target Application 'app.speaklocal.vietnam.native'
    t =     9.67s     Wait for app.speaklocal.vietnam.native to idle
    t =     9.67s     Find the Target Application 'app.speaklocal.vietnam.native'
    t =     9.69s     Check for interrupting elements affecting "SpeakLocal Vietnam" Application
    t =     9.71s     Synthesize event
    t =    10.13s     Wait for app.speaklocal.vietnam.native to idle
    t =    12.37s Terminate app.speaklocal.vietnam.native:31566
    t =    13.47s Open app.speaklocal.vietnam.native
    t =    13.47s     Launch app.speaklocal.vietnam.native
    t =    13.89s         Setting up automation session
    t =    14.86s         Wait for app.speaklocal.vietnam.native to idle
    t =    16.59s Waiting 4.0s for TabBar (First Match) to exist
    t =    17.66s     Checking `Expect predicate `existsNoRetry == 1` for object TabBar (First Match)`
    t =    17.66s         Checking existence of `TabBar (First Match)`
    t =    17.70s Checking existence of `"PhraseArticle.BottomSentinel.viet-family-city-hcmc-place-pho-minh" Other`
    t =    17.79s Checking existence of `"PhraseArticle.BottomSentinel.viet-phrase-city-hcmc-place-pho-minh" Other`
    t =    17.81s Find the "PhraseArticle.BottomSentinel.viet-phrase-city-hcmc-place-pho-minh" Other
    t =    17.83s Checking existence of `TabBar (First Match)`
    t =    17.84s Find the TabBar (First Match)
    t =    17.85s Find the Target Application 'app.speaklocal.vietnam.native'
    t =    17.97s Terminate app.speaklocal.vietnam.native:31777
    t =    19.06s Tear Down
Test Case '-[SpeakLocalNativeUITests.CityAppDetailV22RenderProofUITests testCaptureCityAppDetailV22RenderProofBatch]' passed (19.121 seconds).
Test Suite 'CityAppDetailV22RenderProofUITests' passed at 2026-06-08 15:25:42.015.
	 Executed 1 test, with 0 failures (0 unexpected) in 19.121 (19.123) seconds
Test Suite 'SpeakLocalNativeUITests.xctest' passed at 2026-06-08 15:25:42.016.
	 Executed 1 test, with 0 failures (0 unexpected) in 19.121 (19.124) seconds
Test Suite 'Selected tests' passed at 2026-06-08 15:25:42.017.
	 Executed 1 test, with 0 failures (0 unexpected) in 19.121 (19.125) seconds

Test session results, code coverage, and logs:
	/Users/jojolim/Library/Developer/XcodeBuildMCP/workspaces/city-copy-final-production-gate/DerivedData/SpeakLocalNative/Logs/Test/Test-SpeakLocalNative-2026.06.08_15-25-02-+0800.xcresult

** TEST EXECUTE SUCCEEDED **

Testing started

2026-06-08 15:25:23.075 xcodebuild[31170:1317275] [MT] IDELaunchParametersSnapshot: The operation couldn’t be completed. (DebuggerLLDB.DebuggerVersionStore.StoreError error 0.)
2026-06-08 15:25:23.075 xcodebuild[31170:1317275] [MT] IDELaunchParametersSnapshot: no debugger version
2026-06-08 15:25:36.363 xcodebuild[31170:1317275] [MT] IDELaunchParametersSnapshot: The operation couldn’t be completed. (DebuggerLLDB.DebuggerVersionStore.StoreError error 0.)
2026-06-08 15:25:36.363 xcodebuild[31170:1317275] [MT] IDELaunchParametersSnapshot: no debugger version
2026-06-08 15:25:42.332 xcodebuild[31170:1317275] [MT] IDETestOperationsObserverDebug: 40.100 elapsed -- Testing started completed.
2026-06-08 15:25:42.332 xcodebuild[31170:1317275] [MT] IDETestOperationsObserverDebug: 0.000 sec, +0.000 sec -- start
2026-06-08 15:25:42.332 xcodebuild[31170:1317275] [MT] IDETestOperationsObserverDebug: 40.100 sec, +40.100 sec -- end
