Command line invocation:
    /Applications/Xcode.app/Contents/Developer/usr/bin/xcodebuild test-without-building -project /Users/jojolim/Developer/products/speaklocal/app-family/.worktrees/city-copy-final-production-gate/native-ios/SpeakLocalNative.xcodeproj -scheme SpeakLocalNative -destination "platform=iOS Simulator,id=7C386DD3-4BF1-4A34-A918-768C43CD1258" -derivedDataPath /Users/jojolim/Library/Developer/XcodeBuildMCP/workspaces/city-copy-final-production-gate/DerivedData/SpeakLocalNative "-only-testing:SpeakLocalNativeUITests/CityAppDetailV22RenderProofUITests/testCaptureCityAppDetailV22RenderProofBatch"

2026-06-08 15:19:18.700509+0800 SpeakLocalNativeUITests-Runner[24098:1275644] [Default] Running tests...
2026-06-08 15:19:18.725095+0800 SpeakLocalNativeUITests-Runner[24098:1275760] [General] Failed to send CA Event for app launch measurements for ca_event_type: 0 event_name: com.apple.app_launch_measurement.FirstFramePresentationMetric
2026-06-08 15:19:18.768393+0800 SpeakLocalNativeUITests-Runner[24098:1275754] [General] Failed to send CA Event for app launch measurements for ca_event_type: 1 event_name: com.apple.app_launch_measurement.ExtendedLaunchMetrics
objc[24098]: Class UIAccessibilityLoaderWebShared is implemented in both /Library/Developer/CoreSimulator/Volumes/iOS_23F77/Library/Developer/CoreSimulator/Profiles/Runtimes/iOS 26.5.simruntime/Contents/Resources/RuntimeRoot/System/Library/AccessibilityBundles/WebCore.axbundle/WebCore (0x1067bc310) and /Library/Developer/CoreSimulator/Volumes/iOS_23F77/Library/Developer/CoreSimulator/Profiles/Runtimes/iOS 26.5.simruntime/Contents/Resources/RuntimeRoot/System/Library/AccessibilityBundles/WebKit.axbundle/WebKit (0x106c48398). This may cause spurious casting failures and mysterious crashes. One of the duplicates must be removed or renamed.
    t =      nans Interface orientation changed to Portrait
Test Suite 'Selected tests' started at 2026-06-08 15:19:20.786.
Test Suite 'SpeakLocalNativeUITests.xctest' started at 2026-06-08 15:19:20.786.
Test Suite 'CityAppDetailV22RenderProofUITests' started at 2026-06-08 15:19:20.786.
Test Case '-[SpeakLocalNativeUITests.CityAppDetailV22RenderProofUITests testCaptureCityAppDetailV22RenderProofBatch]' started.
    t =     0.00s Start Test at 2026-06-08 15:19:20.787
    t =     0.10s Set Up
    t =     0.11s Open app.speaklocal.vietnam.native
    t =     0.11s     Launch app.speaklocal.vietnam.native
    t =     2.43s         Setting up automation session
    t =     2.99s         Wait for app.speaklocal.vietnam.native to idle
    t =     4.56s Checking existence of `"Chợ Hàn" StaticText`
    t =     4.72s Waiting 8.0s for "Chợ Hàn" StaticText to exist
    t =     5.80s     Checking `Expect predicate `existsNoRetry == 1` for object "Chợ Hàn" StaticText`
    t =     5.80s         Checking existence of `"Chợ Hàn" StaticText`
    t =     5.98s Swipe up Target Application 'app.speaklocal.vietnam.native'
    t =     5.98s     Wait for app.speaklocal.vietnam.native to idle
    t =     5.98s     Find the Target Application 'app.speaklocal.vietnam.native'
    t =     6.00s     Check for interrupting elements affecting "SpeakLocal Vietnam" Application
    t =     6.02s     Synthesize event
    t =     6.55s     Wait for app.speaklocal.vietnam.native to idle
    t =     8.66s Swipe up Target Application 'app.speaklocal.vietnam.native'
    t =     8.66s     Wait for app.speaklocal.vietnam.native to idle
    t =     8.66s     Find the Target Application 'app.speaklocal.vietnam.native'
    t =     8.68s     Check for interrupting elements affecting "SpeakLocal Vietnam" Application
    t =     8.71s     Synthesize event
    t =     9.13s     Wait for app.speaklocal.vietnam.native to idle
    t =    11.31s Terminate app.speaklocal.vietnam.native:24130
    t =    12.41s Open app.speaklocal.vietnam.native
    t =    12.41s     Launch app.speaklocal.vietnam.native
    t =    12.61s         Setting up automation session
    t =    13.13s         Wait for app.speaklocal.vietnam.native to idle
    t =    14.68s Waiting 4.0s for TabBar (First Match) to exist
    t =    15.75s     Checking `Expect predicate `existsNoRetry == 1` for object TabBar (First Match)`
    t =    15.75s         Checking existence of `TabBar (First Match)`
    t =    15.80s Checking existence of `"PhraseArticle.BottomSentinel.viet-family-city-danang-place-han-market" Other`
    t =    15.87s Checking existence of `"PhraseArticle.BottomSentinel.viet-phrase-city-danang-place-han-market" Other`
    t =    15.90s Find the "PhraseArticle.BottomSentinel.viet-phrase-city-danang-place-han-market" Other
    t =    15.92s Checking existence of `TabBar (First Match)`
    t =    15.93s Find the TabBar (First Match)
    t =    15.94s Find the Target Application 'app.speaklocal.vietnam.native'
    t =    16.04s Terminate app.speaklocal.vietnam.native:24323
    t =    17.13s Tear Down
Test Case '-[SpeakLocalNativeUITests.CityAppDetailV22RenderProofUITests testCaptureCityAppDetailV22RenderProofBatch]' passed (17.198 seconds).
Test Suite 'CityAppDetailV22RenderProofUITests' passed at 2026-06-08 15:19:37.986.
	 Executed 1 test, with 0 failures (0 unexpected) in 17.198 (17.200) seconds
Test Suite 'SpeakLocalNativeUITests.xctest' passed at 2026-06-08 15:19:37.987.
	 Executed 1 test, with 0 failures (0 unexpected) in 17.198 (17.201) seconds
Test Suite 'Selected tests' passed at 2026-06-08 15:19:37.987.
	 Executed 1 test, with 0 failures (0 unexpected) in 17.198 (17.202) seconds

Test session results, code coverage, and logs:
	/Users/jojolim/Library/Developer/XcodeBuildMCP/workspaces/city-copy-final-production-gate/DerivedData/SpeakLocalNative/Logs/Test/Test-SpeakLocalNative-2026.06.08_15-19-05-+0800.xcresult

** TEST EXECUTE SUCCEEDED **

Testing started

2026-06-08 15:19:20.935 xcodebuild[23739:1273145] [MT] IDELaunchParametersSnapshot: The operation couldn’t be completed. (DebuggerLLDB.DebuggerVersionStore.StoreError error 0.)
2026-06-08 15:19:20.935 xcodebuild[23739:1273145] [MT] IDELaunchParametersSnapshot: no debugger version
2026-06-08 15:19:33.193 xcodebuild[23739:1273145] [MT] IDELaunchParametersSnapshot: The operation couldn’t be completed. (DebuggerLLDB.DebuggerVersionStore.StoreError error 0.)
2026-06-08 15:19:33.193 xcodebuild[23739:1273145] [MT] IDELaunchParametersSnapshot: no debugger version
2026-06-08 15:19:38.308 xcodebuild[23739:1273145] [MT] IDETestOperationsObserverDebug: 32.737 elapsed -- Testing started completed.
2026-06-08 15:19:38.309 xcodebuild[23739:1273145] [MT] IDETestOperationsObserverDebug: 0.000 sec, +0.000 sec -- start
2026-06-08 15:19:38.309 xcodebuild[23739:1273145] [MT] IDETestOperationsObserverDebug: 32.737 sec, +32.737 sec -- end
